2026-10-01 15:22:58,925 - INFO - device is	cuda:0
2026-10-01 15:22:59,032 - INFO - -- CONFIGURATIONS
2026-10-01 15:22:59,032 - INFO - --- train/valid/test: 3628/404/1728
2026-10-01 15:22:59,032 - INFO - --- max no. reactants_train, valid, test respectively: 14, 14, 14
2026-10-01 15:22:59,032 - INFO - --- max no. products_train, valid, test respectively: 1, 1, 1
2026-10-01 15:22:59,032 - INFO - --- model_path: ../logs/suzuki_approach1_grid/runs/suzuki/split_2/option_b_linear/model.pt
2026-10-01 15:22:59,039 - INFO - -- TRAINING
2026-10-01 15:23:00,362 - INFO - --- training epoch 0, loss 2.5100, mae 2.8780, rmse 7.2513, time elapsed(min) 0.02---
2026-10-01 15:23:00,583 - INFO - --- validation at epoch 0, val_loss 0.0749, val_mae 0.2865, val_rmse 0.3805, val_r2 -0.8601, val_pearson -0.0943, lr 1.00e-03 ---
2026-10-01 15:23:00,583 - INFO - 
****************************************************************************************************
2026-10-01 15:23:02,243 - INFO - --- training epoch 1, loss 0.0454, mae 0.2562, rmse 0.3013, time elapsed(min) 0.02---
2026-10-01 15:23:02,475 - INFO - --- validation at epoch 1, val_loss 0.0399, val_mae 0.2407, val_rmse 0.2812, val_r2 -0.0159, val_pearson -0.0516, lr 1.00e-03 ---
2026-10-01 15:23:02,475 - INFO - 
****************************************************************************************************
2026-10-01 15:23:04,160 - INFO - --- training epoch 2, loss 0.0406, mae 0.2468, rmse 0.2850, time elapsed(min) 0.02---
2026-10-01 15:23:04,485 - INFO - --- validation at epoch 2, val_loss 0.0398, val_mae 0.2407, val_rmse 0.2809, val_r2 -0.0137, val_pearson -0.0253, lr 1.00e-03 ---
2026-10-01 15:23:04,485 - INFO - 
****************************************************************************************************
2026-10-01 15:23:06,466 - INFO - --- training epoch 3, loss 0.0400, mae 0.2453, rmse 0.2830, time elapsed(min) 0.03---
2026-10-01 15:23:06,674 - INFO - --- validation at epoch 3, val_loss 0.0393, val_mae 0.2411, val_rmse 0.2797, val_r2 -0.0047, val_pearson 0.0265, lr 1.00e-03 ---
2026-10-01 15:23:06,675 - INFO - 
****************************************************************************************************
2026-10-01 15:23:08,347 - INFO - --- training epoch 4, loss 0.0400, mae 0.2459, rmse 0.2830, time elapsed(min) 0.02---
2026-10-01 15:23:08,554 - INFO - --- validation at epoch 4, val_loss 0.0411, val_mae 0.2398, val_rmse 0.2848, val_r2 -0.0422, val_pearson 0.0511, lr 1.00e-03 ---
2026-10-01 15:23:08,554 - INFO - 
****************************************************************************************************
2026-10-01 15:23:10,142 - INFO - --- training epoch 5, loss 0.0400, mae 0.2456, rmse 0.2829, time elapsed(min) 0.02---
2026-10-01 15:23:10,353 - INFO - --- validation at epoch 5, val_loss 0.0413, val_mae 0.2397, val_rmse 0.2855, val_r2 -0.0473, val_pearson 0.0778, lr 1.00e-03 ---
2026-10-01 15:23:10,353 - INFO - 
****************************************************************************************************
2026-10-01 15:23:12,030 - INFO - --- training epoch 6, loss 0.0401, mae 0.2457, rmse 0.2832, time elapsed(min) 0.02---
2026-10-01 15:23:12,397 - INFO - --- validation at epoch 6, val_loss 0.0402, val_mae 0.2398, val_rmse 0.2823, val_r2 -0.0240, val_pearson 0.0776, lr 1.00e-03 ---
2026-10-01 15:23:12,397 - INFO - 
****************************************************************************************************
2026-10-01 15:23:14,141 - INFO - --- training epoch 7, loss 0.0400, mae 0.2455, rmse 0.2827, time elapsed(min) 0.02---
2026-10-01 15:23:14,349 - INFO - --- validation at epoch 7, val_loss 0.0400, val_mae 0.2398, val_rmse 0.2817, val_r2 -0.0193, val_pearson 0.0942, lr 1.00e-03 ---
2026-10-01 15:23:14,349 - INFO - 
****************************************************************************************************
2026-10-01 15:23:15,944 - INFO - --- training epoch 8, loss 0.0399, mae 0.2451, rmse 0.2826, time elapsed(min) 0.02---
2026-10-01 15:23:16,154 - INFO - --- validation at epoch 8, val_loss 0.0403, val_mae 0.2395, val_rmse 0.2828, val_r2 -0.0271, val_pearson 0.1166, lr 1.00e-03 ---
2026-10-01 15:23:16,154 - INFO - 
****************************************************************************************************
2026-10-01 15:23:17,772 - INFO - --- training epoch 9, loss 0.0397, mae 0.2447, rmse 0.2819, time elapsed(min) 0.02---
2026-10-01 15:23:18,112 - INFO - --- validation at epoch 9, val_loss 0.0402, val_mae 0.2399, val_rmse 0.2828, val_r2 -0.0271, val_pearson 0.0921, lr 1.00e-03 ---
2026-10-01 15:23:18,112 - INFO - 
****************************************************************************************************
2026-10-01 15:23:20,059 - INFO - --- training epoch 10, loss 0.0397, mae 0.2447, rmse 0.2819, time elapsed(min) 0.03---
2026-10-01 15:23:20,267 - INFO - --- validation at epoch 10, val_loss 0.0391, val_mae 0.2400, val_rmse 0.2796, val_r2 -0.0045, val_pearson 0.1122, lr 1.00e-03 ---
2026-10-01 15:23:20,267 - INFO - 
****************************************************************************************************
2026-10-01 15:23:21,938 - INFO - --- training epoch 11, loss 0.0395, mae 0.2445, rmse 0.2812, time elapsed(min) 0.02---
2026-10-01 15:23:22,170 - INFO - --- validation at epoch 11, val_loss 0.0393, val_mae 0.2387, val_rmse 0.2806, val_r2 -0.0112, val_pearson 0.1582, lr 1.00e-03 ---
2026-10-01 15:23:22,170 - INFO - 
****************************************************************************************************
2026-10-01 15:23:23,774 - INFO - --- training epoch 12, loss 0.0398, mae 0.2451, rmse 0.2822, time elapsed(min) 0.02---
2026-10-01 15:23:24,111 - INFO - --- validation at epoch 12, val_loss 0.0382, val_mae 0.2393, val_rmse 0.2775, val_r2 0.0111, val_pearson 0.1590, lr 1.00e-03 ---
2026-10-01 15:23:24,112 - INFO - 
****************************************************************************************************
2026-10-01 15:23:26,018 - INFO - --- training epoch 13, loss 0.0396, mae 0.2446, rmse 0.2813, time elapsed(min) 0.03---
2026-10-01 15:23:26,272 - INFO - --- validation at epoch 13, val_loss 0.0380, val_mae 0.2383, val_rmse 0.2770, val_r2 0.0142, val_pearson 0.1705, lr 1.00e-03 ---
2026-10-01 15:23:26,273 - INFO - 
****************************************************************************************************
2026-10-01 15:23:28,033 - INFO - --- training epoch 14, loss 0.0394, mae 0.2443, rmse 0.2806, time elapsed(min) 0.02---
2026-10-01 15:23:28,243 - INFO - --- validation at epoch 14, val_loss 0.0383, val_mae 0.2379, val_rmse 0.2780, val_r2 0.0072, val_pearson 0.1747, lr 1.00e-03 ---
2026-10-01 15:23:28,243 - INFO - 
****************************************************************************************************
2026-10-01 15:23:29,864 - INFO - --- training epoch 15, loss 0.0394, mae 0.2440, rmse 0.2806, time elapsed(min) 0.02---
2026-10-01 15:23:30,187 - INFO - --- validation at epoch 15, val_loss 0.0386, val_mae 0.2375, val_rmse 0.2792, val_r2 -0.0015, val_pearson 0.1842, lr 1.00e-03 ---
2026-10-01 15:23:30,187 - INFO - 
****************************************************************************************************
2026-10-01 15:23:31,883 - INFO - --- training epoch 16, loss 0.0396, mae 0.2446, rmse 0.2814, time elapsed(min) 0.02---
2026-10-01 15:23:32,369 - INFO - --- validation at epoch 16, val_loss 0.0399, val_mae 0.2385, val_rmse 0.2834, val_r2 -0.0315, val_pearson 0.1809, lr 1.00e-03 ---
2026-10-01 15:23:32,369 - INFO - 
****************************************************************************************************
2026-10-01 15:23:34,004 - INFO - --- training epoch 17, loss 0.0397, mae 0.2450, rmse 0.2819, time elapsed(min) 0.02---
2026-10-01 15:23:34,213 - INFO - --- validation at epoch 17, val_loss 0.0388, val_mae 0.2376, val_rmse 0.2797, val_r2 -0.0047, val_pearson 0.1820, lr 1.00e-03 ---
2026-10-01 15:23:34,213 - INFO - 
****************************************************************************************************
2026-10-01 15:23:35,804 - INFO - --- training epoch 18, loss 0.0399, mae 0.2450, rmse 0.2824, time elapsed(min) 0.02---
2026-10-01 15:23:36,146 - INFO - --- validation at epoch 18, val_loss 0.0391, val_mae 0.2379, val_rmse 0.2806, val_r2 -0.0113, val_pearson 0.1848, lr 1.00e-03 ---
2026-10-01 15:23:36,146 - INFO - 
****************************************************************************************************
2026-10-01 15:23:37,837 - INFO - --- training epoch 19, loss 0.0397, mae 0.2443, rmse 0.2817, time elapsed(min) 0.02---
2026-10-01 15:23:38,203 - INFO - --- validation at epoch 19, val_loss 0.0383, val_mae 0.2375, val_rmse 0.2780, val_r2 0.0071, val_pearson 0.1840, lr 1.00e-03 ---
2026-10-01 15:23:38,203 - INFO - 
****************************************************************************************************
2026-10-01 15:23:39,878 - INFO - --- training epoch 20, loss 0.0396, mae 0.2445, rmse 0.2814, time elapsed(min) 0.02---
2026-10-01 15:23:40,109 - INFO - --- validation at epoch 20, val_loss 0.0398, val_mae 0.2384, val_rmse 0.2830, val_r2 -0.0287, val_pearson 0.1879, lr 1.00e-03 ---
2026-10-01 15:23:40,109 - INFO - 
****************************************************************************************************
2026-10-01 15:23:41,718 - INFO - --- training epoch 21, loss 0.0399, mae 0.2451, rmse 0.2825, time elapsed(min) 0.02---
2026-10-01 15:23:41,923 - INFO - --- validation at epoch 21, val_loss 0.0395, val_mae 0.2384, val_rmse 0.2819, val_r2 -0.0207, val_pearson 0.1842, lr 1.00e-03 ---
2026-10-01 15:23:41,923 - INFO - 
****************************************************************************************************
2026-10-01 15:23:43,627 - INFO - --- training epoch 22, loss 0.0400, mae 0.2447, rmse 0.2828, time elapsed(min) 0.02---
2026-10-01 15:23:43,995 - INFO - --- validation at epoch 22, val_loss 0.0394, val_mae 0.2379, val_rmse 0.2819, val_r2 -0.0212, val_pearson 0.1919, lr 1.00e-03 ---
2026-10-01 15:23:43,995 - INFO - 
****************************************************************************************************
2026-10-01 15:23:45,693 - INFO - --- training epoch 23, loss 0.0396, mae 0.2445, rmse 0.2815, time elapsed(min) 0.02---
2026-10-01 15:23:45,902 - INFO - --- validation at epoch 23, val_loss 0.0399, val_mae 0.2391, val_rmse 0.2832, val_r2 -0.0301, val_pearson 0.1828, lr 1.00e-03 ---
2026-10-01 15:23:45,903 - INFO - 
****************************************************************************************************
2026-10-01 15:23:46,181 - INFO - --- early stopping at epoch 23: val_loss did not improve for 10 epochs ---
2026-10-01 15:23:46,428 - INFO - --- selected checkpoint from epoch 13, val_loss 0.0380, val_mae 0.2383, val_rmse 0.2770
2026-10-01 15:23:47,175 - INFO - -- RESULT
2026-10-01 15:23:47,175 - INFO - --- test size: 1728
2026-10-01 15:23:47,175 - INFO - --- MAE: 0.2389 (23.89 pp), RMSE: 0.2792 (27.92 pp), R2: 0.0139, Pearson: 0.1653
2026-10-01 15:23:48,599 - INFO - --- Cell option_b_linear DONE: test MAE=0.2389 RMSE=0.2792 R2=0.0139 | sec/epoch=1.96
2026-10-01 15:23:48,616 - INFO - === RUNNING: dataset=suzuki split=split_2 cell=option_b_mlp (tokens=ind, pooling=rn, head=mlp) ===
