2026-10-01 18:39:54,121 - INFO - device is	cuda:0
2026-10-01 18:39:54,237 - INFO - -- CONFIGURATIONS
2026-10-01 18:39:54,237 - INFO - --- train/valid/test: 3628/404/1728
2026-10-01 18:39:54,237 - INFO - --- max no. reactants_train, valid, test respectively: 14, 14, 14
2026-10-01 18:39:54,237 - INFO - --- max no. products_train, valid, test respectively: 1, 1, 1
2026-10-01 18:39:54,237 - INFO - --- model_path: ../logs/approach1_server/ind_mean_mlp/suzuki/runs/suzuki_split_0_20261001_183954/split_0/model.pt
2026-10-01 18:39:54,341 - INFO - -- TRAINING
2026-10-01 18:39:56,513 - INFO - --- training epoch 0, loss 0.8450, mae 1.1379, rmse 2.7787, time elapsed(min) 0.04---
2026-10-01 18:39:56,769 - INFO - --- validation at epoch 0, val_loss 0.0434, val_mae 0.2635, val_rmse 0.3006, val_r2 -0.0056, val_pearson -0.0532, lr 1.00e-03 ---
2026-10-01 18:39:56,769 - INFO - 
****************************************************************************************************
2026-10-01 18:39:59,010 - INFO - --- training epoch 1, loss 0.0420, mae 0.2475, rmse 0.2897, time elapsed(min) 0.03---
2026-10-01 18:39:59,250 - INFO - --- validation at epoch 1, val_loss 0.0456, val_mae 0.2597, val_rmse 0.3062, val_r2 -0.0432, val_pearson 0.0904, lr 1.00e-03 ---
2026-10-01 18:39:59,250 - INFO - 
****************************************************************************************************
2026-10-01 18:40:01,377 - INFO - --- training epoch 2, loss 0.0400, mae 0.2428, rmse 0.2829, time elapsed(min) 0.03---
2026-10-01 18:40:01,621 - INFO - --- validation at epoch 2, val_loss 0.0435, val_mae 0.2590, val_rmse 0.2995, val_r2 0.0016, val_pearson 0.1439, lr 1.00e-03 ---
2026-10-01 18:40:01,621 - INFO - 
****************************************************************************************************
2026-10-01 18:40:03,857 - INFO - --- training epoch 3, loss 0.0396, mae 0.2421, rmse 0.2812, time elapsed(min) 0.03---
2026-10-01 18:40:04,281 - INFO - --- validation at epoch 3, val_loss 0.0434, val_mae 0.2571, val_rmse 0.2992, val_r2 0.0040, val_pearson 0.1627, lr 1.00e-03 ---
2026-10-01 18:40:04,282 - INFO - 
****************************************************************************************************
2026-10-01 18:40:06,557 - INFO - --- training epoch 4, loss 0.0390, mae 0.2396, rmse 0.2794, time elapsed(min) 0.03---
2026-10-01 18:40:06,801 - INFO - --- validation at epoch 4, val_loss 0.0433, val_mae 0.2553, val_rmse 0.2989, val_r2 0.0060, val_pearson 0.2102, lr 1.00e-03 ---
2026-10-01 18:40:06,801 - INFO - 
****************************************************************************************************
2026-10-01 18:40:09,094 - INFO - --- training epoch 5, loss 0.0389, mae 0.2395, rmse 0.2790, time elapsed(min) 0.03---
2026-10-01 18:40:09,339 - INFO - --- validation at epoch 5, val_loss 0.0429, val_mae 0.2533, val_rmse 0.2979, val_r2 0.0128, val_pearson 0.2416, lr 1.00e-03 ---
2026-10-01 18:40:09,339 - INFO - 
****************************************************************************************************
2026-10-01 18:40:11,614 - INFO - --- training epoch 6, loss 0.0393, mae 0.2396, rmse 0.2803, time elapsed(min) 0.03---
2026-10-01 18:40:12,028 - INFO - --- validation at epoch 6, val_loss 0.0424, val_mae 0.2540, val_rmse 0.2964, val_r2 0.0227, val_pearson 0.2730, lr 1.00e-03 ---
2026-10-01 18:40:12,028 - INFO - 
****************************************************************************************************
2026-10-01 18:40:14,489 - INFO - --- training epoch 7, loss 0.0389, mae 0.2389, rmse 0.2788, time elapsed(min) 0.03---
2026-10-01 18:40:14,729 - INFO - --- validation at epoch 7, val_loss 0.0415, val_mae 0.2528, val_rmse 0.2938, val_r2 0.0397, val_pearson 0.3030, lr 1.00e-03 ---
2026-10-01 18:40:14,729 - INFO - 
****************************************************************************************************
2026-10-01 18:40:16,998 - INFO - --- training epoch 8, loss 0.0383, mae 0.2369, rmse 0.2768, time elapsed(min) 0.03---
2026-10-01 18:40:17,242 - INFO - --- validation at epoch 8, val_loss 0.0398, val_mae 0.2542, val_rmse 0.2886, val_r2 0.0729, val_pearson 0.3519, lr 1.00e-03 ---
2026-10-01 18:40:17,242 - INFO - 
****************************************************************************************************
2026-10-01 18:40:19,509 - INFO - --- training epoch 9, loss 0.0379, mae 0.2355, rmse 0.2754, time elapsed(min) 0.03---
2026-10-01 18:40:19,928 - INFO - --- validation at epoch 9, val_loss 0.0401, val_mae 0.2537, val_rmse 0.2896, val_r2 0.0670, val_pearson 0.3096, lr 1.00e-03 ---
2026-10-01 18:40:19,928 - INFO - 
****************************************************************************************************
2026-10-01 18:40:22,412 - INFO - --- training epoch 10, loss 0.0376, mae 0.2340, rmse 0.2742, time elapsed(min) 0.03---
2026-10-01 18:40:22,652 - INFO - --- validation at epoch 10, val_loss 0.0393, val_mae 0.2487, val_rmse 0.2865, val_r2 0.0867, val_pearson 0.3618, lr 1.00e-03 ---
2026-10-01 18:40:22,652 - INFO - 
****************************************************************************************************
2026-10-01 18:40:24,975 - INFO - --- training epoch 11, loss 0.0385, mae 0.2371, rmse 0.2775, time elapsed(min) 0.03---
2026-10-01 18:40:25,223 - INFO - --- validation at epoch 11, val_loss 0.0391, val_mae 0.2526, val_rmse 0.2860, val_r2 0.0897, val_pearson 0.3768, lr 1.00e-03 ---
2026-10-01 18:40:25,223 - INFO - 
****************************************************************************************************
2026-10-01 18:40:27,521 - INFO - --- training epoch 12, loss 0.0378, mae 0.2352, rmse 0.2751, time elapsed(min) 0.03---
2026-10-01 18:40:27,929 - INFO - --- validation at epoch 12, val_loss 0.0400, val_mae 0.2486, val_rmse 0.2886, val_r2 0.0729, val_pearson 0.3910, lr 1.00e-03 ---
2026-10-01 18:40:27,929 - INFO - 
****************************************************************************************************
2026-10-01 18:40:30,411 - INFO - --- training epoch 13, loss 0.0369, mae 0.2317, rmse 0.2716, time elapsed(min) 0.04---
2026-10-01 18:40:30,659 - INFO - --- validation at epoch 13, val_loss 0.0365, val_mae 0.2404, val_rmse 0.2751, val_r2 0.1577, val_pearson 0.4151, lr 1.00e-03 ---
2026-10-01 18:40:30,659 - INFO - 
****************************************************************************************************
2026-10-01 18:40:32,918 - INFO - --- training epoch 14, loss 0.0370, mae 0.2328, rmse 0.2721, time elapsed(min) 0.03---
2026-10-01 18:40:33,163 - INFO - --- validation at epoch 14, val_loss 0.0397, val_mae 0.2414, val_rmse 0.2852, val_r2 0.0947, val_pearson 0.3938, lr 1.00e-03 ---
2026-10-01 18:40:33,163 - INFO - 
****************************************************************************************************
2026-10-01 18:40:35,393 - INFO - --- training epoch 15, loss 0.0355, mae 0.2268, rmse 0.2664, time elapsed(min) 0.03---
2026-10-01 18:40:35,797 - INFO - --- validation at epoch 15, val_loss 0.0338, val_mae 0.2290, val_rmse 0.2630, val_r2 0.2305, val_pearson 0.5024, lr 1.00e-03 ---
2026-10-01 18:40:35,797 - INFO - 
****************************************************************************************************
2026-10-01 18:40:38,210 - INFO - --- training epoch 16, loss 0.0289, mae 0.2002, rmse 0.2403, time elapsed(min) 0.03---
2026-10-01 18:40:38,655 - INFO - --- validation at epoch 16, val_loss 0.0302, val_mae 0.2041, val_rmse 0.2488, val_r2 0.3113, val_pearson 0.5848, lr 1.00e-03 ---
2026-10-01 18:40:38,655 - INFO - 
****************************************************************************************************
2026-10-01 18:40:41,184 - INFO - --- training epoch 17, loss 0.0268, mae 0.1886, rmse 0.2317, time elapsed(min) 0.03---
2026-10-01 18:40:41,430 - INFO - --- validation at epoch 17, val_loss 0.0268, val_mae 0.1951, val_rmse 0.2315, val_r2 0.4037, val_pearson 0.6559, lr 1.00e-03 ---
2026-10-01 18:40:41,430 - INFO - 
****************************************************************************************************
2026-10-01 18:40:43,698 - INFO - --- training epoch 18, loss 0.0251, mae 0.1816, rmse 0.2239, time elapsed(min) 0.03---
2026-10-01 18:40:43,947 - INFO - --- validation at epoch 18, val_loss 0.0248, val_mae 0.1746, val_rmse 0.2203, val_r2 0.4600, val_pearson 0.6882, lr 1.00e-03 ---
2026-10-01 18:40:43,947 - INFO - 
****************************************************************************************************
2026-10-01 18:40:46,347 - INFO - --- training epoch 19, loss 0.0242, mae 0.1768, rmse 0.2199, time elapsed(min) 0.03---
2026-10-01 18:40:46,754 - INFO - --- validation at epoch 19, val_loss 0.0252, val_mae 0.1834, val_rmse 0.2220, val_r2 0.4515, val_pearson 0.6879, lr 1.00e-03 ---
2026-10-01 18:40:46,755 - INFO - 
****************************************************************************************************
2026-10-01 18:40:49,335 - INFO - --- training epoch 20, loss 0.0251, mae 0.1787, rmse 0.2239, time elapsed(min) 0.04---
2026-10-01 18:40:49,583 - INFO - --- validation at epoch 20, val_loss 0.0316, val_mae 0.1964, val_rmse 0.2484, val_r2 0.3134, val_pearson 0.6488, lr 1.00e-03 ---
2026-10-01 18:40:49,583 - INFO - 
****************************************************************************************************
2026-10-01 18:40:51,744 - INFO - --- training epoch 21, loss 0.0240, mae 0.1758, rmse 0.2189, time elapsed(min) 0.03---
2026-10-01 18:40:52,006 - INFO - --- validation at epoch 21, val_loss 0.0246, val_mae 0.1799, val_rmse 0.2203, val_r2 0.4599, val_pearson 0.7182, lr 1.00e-03 ---
2026-10-01 18:40:52,006 - INFO - 
****************************************************************************************************
2026-10-01 18:40:54,323 - INFO - --- training epoch 22, loss 0.0233, mae 0.1734, rmse 0.2160, time elapsed(min) 0.03---
2026-10-01 18:40:54,748 - INFO - --- validation at epoch 22, val_loss 0.0234, val_mae 0.1718, val_rmse 0.2145, val_r2 0.4881, val_pearson 0.7159, lr 1.00e-03 ---
2026-10-01 18:40:54,748 - INFO - 
****************************************************************************************************
2026-10-01 18:40:57,143 - INFO - --- training epoch 23, loss 0.0229, mae 0.1700, rmse 0.2140, time elapsed(min) 0.03---
2026-10-01 18:40:57,769 - INFO - --- validation at epoch 23, val_loss 0.0226, val_mae 0.1709, val_rmse 0.2108, val_r2 0.5054, val_pearson 0.7211, lr 1.00e-03 ---
2026-10-01 18:40:57,769 - INFO - 
****************************************************************************************************
2026-10-01 18:41:00,069 - INFO - --- training epoch 24, loss 0.0220, mae 0.1672, rmse 0.2097, time elapsed(min) 0.03---
2026-10-01 18:41:00,324 - INFO - --- validation at epoch 24, val_loss 0.0225, val_mae 0.1733, val_rmse 0.2121, val_r2 0.4992, val_pearson 0.7214, lr 1.00e-03 ---
2026-10-01 18:41:00,324 - INFO - 
****************************************************************************************************
2026-10-01 18:41:02,638 - INFO - --- training epoch 25, loss 0.0221, mae 0.1685, rmse 0.2103, time elapsed(min) 0.03---
2026-10-01 18:41:02,891 - INFO - --- validation at epoch 25, val_loss 0.0237, val_mae 0.1727, val_rmse 0.2150, val_r2 0.4855, val_pearson 0.7120, lr 1.00e-03 ---
2026-10-01 18:41:02,891 - INFO - 
****************************************************************************************************
2026-10-01 18:41:05,200 - INFO - --- training epoch 26, loss 0.0221, mae 0.1682, rmse 0.2103, time elapsed(min) 0.03---
2026-10-01 18:41:05,678 - INFO - --- validation at epoch 26, val_loss 0.0239, val_mae 0.1720, val_rmse 0.2161, val_r2 0.4804, val_pearson 0.7130, lr 1.00e-03 ---
2026-10-01 18:41:05,678 - INFO - 
****************************************************************************************************
2026-10-01 18:41:08,128 - INFO - --- training epoch 27, loss 0.0219, mae 0.1669, rmse 0.2092, time elapsed(min) 0.03---
2026-10-01 18:41:08,376 - INFO - --- validation at epoch 27, val_loss 0.0252, val_mae 0.1746, val_rmse 0.2205, val_r2 0.4591, val_pearson 0.7079, lr 1.00e-03 ---
2026-10-01 18:41:08,376 - INFO - 
****************************************************************************************************
2026-10-01 18:41:10,585 - INFO - --- training epoch 28, loss 0.0218, mae 0.1661, rmse 0.2086, time elapsed(min) 0.03---
2026-10-01 18:41:10,836 - INFO - --- validation at epoch 28, val_loss 0.0252, val_mae 0.1764, val_rmse 0.2218, val_r2 0.4527, val_pearson 0.6933, lr 1.00e-03 ---
2026-10-01 18:41:10,836 - INFO - 
****************************************************************************************************
2026-10-01 18:41:13,037 - INFO - --- training epoch 29, loss 0.0230, mae 0.1718, rmse 0.2146, time elapsed(min) 0.03---
2026-10-01 18:41:13,446 - INFO - --- validation at epoch 29, val_loss 0.0225, val_mae 0.1747, val_rmse 0.2134, val_r2 0.4931, val_pearson 0.7160, lr 1.00e-03 ---
2026-10-01 18:41:13,446 - INFO - 
****************************************************************************************************
2026-10-01 18:41:15,949 - INFO - --- training epoch 30, loss 0.0217, mae 0.1660, rmse 0.2085, time elapsed(min) 0.04---
2026-10-01 18:41:16,193 - INFO - --- validation at epoch 30, val_loss 0.0233, val_mae 0.1706, val_rmse 0.2136, val_r2 0.4921, val_pearson 0.7191, lr 1.00e-03 ---
2026-10-01 18:41:16,193 - INFO - 
****************************************************************************************************
2026-10-01 18:41:18,456 - INFO - --- training epoch 31, loss 0.0220, mae 0.1670, rmse 0.2099, time elapsed(min) 0.03---
2026-10-01 18:41:18,709 - INFO - --- validation at epoch 31, val_loss 0.0274, val_mae 0.1823, val_rmse 0.2303, val_r2 0.4098, val_pearson 0.6699, lr 1.00e-03 ---
2026-10-01 18:41:18,709 - INFO - 
****************************************************************************************************
2026-10-01 18:41:20,949 - INFO - --- training epoch 32, loss 0.0217, mae 0.1653, rmse 0.2084, time elapsed(min) 0.03---
2026-10-01 18:41:21,215 - INFO - --- validation at epoch 32, val_loss 0.0220, val_mae 0.1651, val_rmse 0.2079, val_r2 0.5190, val_pearson 0.7324, lr 1.00e-03 ---
2026-10-01 18:41:21,215 - INFO - 
****************************************************************************************************
2026-10-01 18:41:23,587 - INFO - --- training epoch 33, loss 0.0221, mae 0.1668, rmse 0.2102, time elapsed(min) 0.03---
2026-10-01 18:41:24,065 - INFO - --- validation at epoch 33, val_loss 0.0249, val_mae 0.1777, val_rmse 0.2205, val_r2 0.4591, val_pearson 0.6933, lr 1.00e-03 ---
2026-10-01 18:41:24,065 - INFO - 
****************************************************************************************************
2026-10-01 18:41:26,478 - INFO - --- training epoch 34, loss 0.0213, mae 0.1638, rmse 0.2066, time elapsed(min) 0.03---
2026-10-01 18:41:26,730 - INFO - --- validation at epoch 34, val_loss 0.0233, val_mae 0.1659, val_rmse 0.2123, val_r2 0.4985, val_pearson 0.7196, lr 1.00e-03 ---
2026-10-01 18:41:26,731 - INFO - 
****************************************************************************************************
2026-10-01 18:41:29,013 - INFO - --- training epoch 35, loss 0.0211, mae 0.1623, rmse 0.2052, time elapsed(min) 0.03---
2026-10-01 18:41:29,263 - INFO - --- validation at epoch 35, val_loss 0.0283, val_mae 0.1810, val_rmse 0.2328, val_r2 0.3968, val_pearson 0.6802, lr 1.00e-03 ---
2026-10-01 18:41:29,263 - INFO - 
****************************************************************************************************
2026-10-01 18:41:31,502 - INFO - --- training epoch 36, loss 0.0216, mae 0.1652, rmse 0.2079, time elapsed(min) 0.03---
2026-10-01 18:41:31,940 - INFO - --- validation at epoch 36, val_loss 0.0237, val_mae 0.1644, val_rmse 0.2126, val_r2 0.4970, val_pearson 0.7222, lr 1.00e-03 ---
2026-10-01 18:41:31,940 - INFO - 
****************************************************************************************************
2026-10-01 18:41:34,294 - INFO - --- training epoch 37, loss 0.0237, mae 0.1739, rmse 0.2179, time elapsed(min) 0.03---
2026-10-01 18:41:34,556 - INFO - --- validation at epoch 37, val_loss 0.0251, val_mae 0.1692, val_rmse 0.2194, val_r2 0.4645, val_pearson 0.7067, lr 1.00e-03 ---
2026-10-01 18:41:34,557 - INFO - 
****************************************************************************************************
2026-10-01 18:41:36,898 - INFO - --- training epoch 38, loss 0.0220, mae 0.1658, rmse 0.2096, time elapsed(min) 0.03---
2026-10-01 18:41:37,146 - INFO - --- validation at epoch 38, val_loss 0.0233, val_mae 0.1691, val_rmse 0.2138, val_r2 0.4915, val_pearson 0.7350, lr 1.00e-03 ---
2026-10-01 18:41:37,147 - INFO - 
****************************************************************************************************
2026-10-01 18:41:39,382 - INFO - --- training epoch 39, loss 0.0208, mae 0.1619, rmse 0.2040, time elapsed(min) 0.03---
2026-10-01 18:41:39,796 - INFO - --- validation at epoch 39, val_loss 0.0224, val_mae 0.1653, val_rmse 0.2089, val_r2 0.5144, val_pearson 0.7304, lr 1.00e-03 ---
2026-10-01 18:41:39,796 - INFO - 
****************************************************************************************************
2026-10-01 18:41:42,338 - INFO - --- training epoch 40, loss 0.0211, mae 0.1623, rmse 0.2053, time elapsed(min) 0.04---
2026-10-01 18:41:42,585 - INFO - --- validation at epoch 40, val_loss 0.0263, val_mae 0.1755, val_rmse 0.2247, val_r2 0.4382, val_pearson 0.7005, lr 1.00e-03 ---
2026-10-01 18:41:42,585 - INFO - 
****************************************************************************************************
2026-10-01 18:41:44,784 - INFO - --- training epoch 41, loss 0.0210, mae 0.1621, rmse 0.2049, time elapsed(min) 0.03---
2026-10-01 18:41:45,030 - INFO - --- validation at epoch 41, val_loss 0.0227, val_mae 0.1623, val_rmse 0.2091, val_r2 0.5136, val_pearson 0.7295, lr 1.00e-03 ---
2026-10-01 18:41:45,030 - INFO - 
****************************************************************************************************
2026-10-01 18:41:47,247 - INFO - --- training epoch 42, loss 0.0214, mae 0.1635, rmse 0.2071, time elapsed(min) 0.03---
2026-10-01 18:41:47,499 - INFO - --- validation at epoch 42, val_loss 0.0203, val_mae 0.1584, val_rmse 0.2003, val_r2 0.5535, val_pearson 0.7481, lr 1.00e-03 ---
2026-10-01 18:41:47,499 - INFO - 
****************************************************************************************************
2026-10-01 18:41:50,040 - INFO - --- training epoch 43, loss 0.0204, mae 0.1599, rmse 0.2021, time elapsed(min) 0.04---
2026-10-01 18:41:50,631 - INFO - --- validation at epoch 43, val_loss 0.0219, val_mae 0.1646, val_rmse 0.2067, val_r2 0.5243, val_pearson 0.7420, lr 1.00e-03 ---
2026-10-01 18:41:50,631 - INFO - 
****************************************************************************************************
2026-10-01 18:41:52,863 - INFO - --- training epoch 44, loss 0.0203, mae 0.1596, rmse 0.2015, time elapsed(min) 0.03---
2026-10-01 18:41:53,113 - INFO - --- validation at epoch 44, val_loss 0.0226, val_mae 0.1646, val_rmse 0.2086, val_r2 0.5156, val_pearson 0.7362, lr 1.00e-03 ---
2026-10-01 18:41:53,114 - INFO - 
****************************************************************************************************
2026-10-01 18:41:55,396 - INFO - --- training epoch 45, loss 0.0208, mae 0.1610, rmse 0.2037, time elapsed(min) 0.03---
2026-10-01 18:41:55,652 - INFO - --- validation at epoch 45, val_loss 0.0232, val_mae 0.1677, val_rmse 0.2116, val_r2 0.5018, val_pearson 0.7354, lr 1.00e-03 ---
2026-10-01 18:41:55,652 - INFO - 
****************************************************************************************************
2026-10-01 18:41:58,040 - INFO - --- training epoch 46, loss 0.0205, mae 0.1607, rmse 0.2025, time elapsed(min) 0.03---
2026-10-01 18:41:58,515 - INFO - --- validation at epoch 46, val_loss 0.0230, val_mae 0.1658, val_rmse 0.2105, val_r2 0.5069, val_pearson 0.7246, lr 1.00e-03 ---
2026-10-01 18:41:58,515 - INFO - 
****************************************************************************************************
2026-10-01 18:42:00,913 - INFO - --- training epoch 47, loss 0.0203, mae 0.1596, rmse 0.2015, time elapsed(min) 0.03---
2026-10-01 18:42:01,163 - INFO - --- validation at epoch 47, val_loss 0.0225, val_mae 0.1624, val_rmse 0.2086, val_r2 0.5160, val_pearson 0.7296, lr 1.00e-03 ---
2026-10-01 18:42:01,163 - INFO - 
****************************************************************************************************
2026-10-01 18:42:03,390 - INFO - --- training epoch 48, loss 0.0203, mae 0.1582, rmse 0.2013, time elapsed(min) 0.03---
2026-10-01 18:42:03,638 - INFO - --- validation at epoch 48, val_loss 0.0224, val_mae 0.1635, val_rmse 0.2086, val_r2 0.5156, val_pearson 0.7427, lr 1.00e-03 ---
2026-10-01 18:42:03,638 - INFO - 
****************************************************************************************************
2026-10-01 18:42:05,887 - INFO - --- training epoch 49, loss 0.0202, mae 0.1587, rmse 0.2010, time elapsed(min) 0.03---
2026-10-01 18:42:06,297 - INFO - --- validation at epoch 49, val_loss 0.0217, val_mae 0.1634, val_rmse 0.2060, val_r2 0.5278, val_pearson 0.7470, lr 1.00e-03 ---
2026-10-01 18:42:06,297 - INFO - 
****************************************************************************************************
2026-10-01 18:42:08,775 - INFO - --- training epoch 50, loss 0.0203, mae 0.1593, rmse 0.2013, time elapsed(min) 0.04---
2026-10-01 18:42:09,024 - INFO - --- validation at epoch 50, val_loss 0.0211, val_mae 0.1630, val_rmse 0.2050, val_r2 0.5325, val_pearson 0.7384, lr 1.00e-03 ---
2026-10-01 18:42:09,024 - INFO - 
****************************************************************************************************
2026-10-01 18:42:11,269 - INFO - --- training epoch 51, loss 0.0199, mae 0.1578, rmse 0.1994, time elapsed(min) 0.03---
2026-10-01 18:42:11,524 - INFO - --- validation at epoch 51, val_loss 0.0215, val_mae 0.1619, val_rmse 0.2052, val_r2 0.5314, val_pearson 0.7429, lr 1.00e-03 ---
2026-10-01 18:42:11,524 - INFO - 
****************************************************************************************************
2026-10-01 18:42:13,756 - INFO - --- training epoch 52, loss 0.0201, mae 0.1575, rmse 0.2005, time elapsed(min) 0.03---
2026-10-01 18:42:14,160 - INFO - --- validation at epoch 52, val_loss 0.0224, val_mae 0.1644, val_rmse 0.2093, val_r2 0.5126, val_pearson 0.7353, lr 1.00e-03 ---
2026-10-01 18:42:14,160 - INFO - 
****************************************************************************************************
2026-10-01 18:42:14,554 - INFO - --- early stopping at epoch 52: val_loss did not improve for 10 epochs ---
2026-10-01 18:42:15,053 - INFO - --- selected checkpoint from epoch 42, val_loss 0.0203, val_mae 0.1584, val_rmse 0.2003
2026-10-01 18:42:16,184 - INFO - -- RESULT
2026-10-01 18:42:16,185 - INFO - --- test size: 1728
2026-10-01 18:42:16,185 - INFO - --- MAE: 0.1555 (15.55 pp), RMSE: 0.1976 (19.76 pp), R2: 0.4953, Pearson: 0.7062
