2026-10-01 16:49:02,038 - INFO - device is	cuda:0
2026-10-01 16:49:02,142 - INFO - -- CONFIGURATIONS
2026-10-01 16:49:02,143 - INFO - --- train/valid/test: 3628/404/1728
2026-10-01 16:49:02,143 - INFO - --- max no. reactants_train, valid, test respectively: 14, 14, 14
2026-10-01 16:49:02,143 - INFO - --- max no. products_train, valid, test respectively: 1, 1, 1
2026-10-01 16:49:02,143 - INFO - --- model_path: ../logs/suzuki_approach1_grid/runs/suzuki/split_6/option_b_mlp/model.pt
2026-10-01 16:49:02,151 - INFO - -- TRAINING
2026-10-01 16:49:03,470 - INFO - --- training epoch 0, loss 0.8707, mae 1.1724, rmse 2.8204, time elapsed(min) 0.02---
2026-10-01 16:49:03,682 - INFO - --- validation at epoch 0, val_loss 0.0453, val_mae 0.2709, val_rmse 0.3054, val_r2 -0.2743, val_pearson 0.1036, lr 1.00e-03 ---
2026-10-01 16:49:03,682 - INFO - 
****************************************************************************************************
2026-10-01 16:49:05,392 - INFO - --- training epoch 1, loss 0.0417, mae 0.2473, rmse 0.2888, time elapsed(min) 0.02---
2026-10-01 16:49:05,599 - INFO - --- validation at epoch 1, val_loss 0.0358, val_mae 0.2326, val_rmse 0.2703, val_r2 0.0013, val_pearson 0.1954, lr 1.00e-03 ---
2026-10-01 16:49:05,599 - INFO - 
****************************************************************************************************
2026-10-01 16:49:07,406 - INFO - --- training epoch 2, loss 0.0398, mae 0.2435, rmse 0.2822, time elapsed(min) 0.02---
2026-10-01 16:49:07,743 - INFO - --- validation at epoch 2, val_loss 0.0358, val_mae 0.2314, val_rmse 0.2699, val_r2 0.0046, val_pearson 0.1615, lr 1.00e-03 ---
2026-10-01 16:49:07,743 - INFO - 
****************************************************************************************************
2026-10-01 16:49:09,696 - INFO - --- training epoch 3, loss 0.0394, mae 0.2423, rmse 0.2807, time elapsed(min) 0.03---
2026-10-01 16:49:09,912 - INFO - --- validation at epoch 3, val_loss 0.0354, val_mae 0.2309, val_rmse 0.2684, val_r2 0.0158, val_pearson 0.1458, lr 1.00e-03 ---
2026-10-01 16:49:09,912 - INFO - 
****************************************************************************************************
2026-10-01 16:49:11,618 - INFO - --- training epoch 4, loss 0.0390, mae 0.2413, rmse 0.2791, time elapsed(min) 0.02---
2026-10-01 16:49:11,825 - INFO - --- validation at epoch 4, val_loss 0.0350, val_mae 0.2258, val_rmse 0.2664, val_r2 0.0304, val_pearson 0.1921, lr 1.00e-03 ---
2026-10-01 16:49:11,826 - INFO - 
****************************************************************************************************
2026-10-01 16:49:13,515 - INFO - --- training epoch 5, loss 0.0385, mae 0.2396, rmse 0.2774, time elapsed(min) 0.02---
2026-10-01 16:49:13,739 - INFO - --- validation at epoch 5, val_loss 0.0352, val_mae 0.2245, val_rmse 0.2672, val_r2 0.0247, val_pearson 0.1985, lr 1.00e-03 ---
2026-10-01 16:49:13,739 - INFO - 
****************************************************************************************************
2026-10-01 16:49:15,427 - INFO - --- training epoch 6, loss 0.0383, mae 0.2386, rmse 0.2768, time elapsed(min) 0.02---
2026-10-01 16:49:15,808 - INFO - --- validation at epoch 6, val_loss 0.0343, val_mae 0.2198, val_rmse 0.2633, val_r2 0.0530, val_pearson 0.2800, lr 1.00e-03 ---
2026-10-01 16:49:15,808 - INFO - 
****************************************************************************************************
2026-10-01 16:49:17,590 - INFO - --- training epoch 7, loss 0.0387, mae 0.2386, rmse 0.2782, time elapsed(min) 0.02---
2026-10-01 16:49:17,818 - INFO - --- validation at epoch 7, val_loss 0.0342, val_mae 0.2276, val_rmse 0.2636, val_r2 0.0506, val_pearson 0.2615, lr 1.00e-03 ---
2026-10-01 16:49:17,818 - INFO - 
****************************************************************************************************
2026-10-01 16:49:19,532 - INFO - --- training epoch 8, loss 0.0375, mae 0.2356, rmse 0.2740, time elapsed(min) 0.02---
2026-10-01 16:49:19,742 - INFO - --- validation at epoch 8, val_loss 0.0335, val_mae 0.2152, val_rmse 0.2599, val_r2 0.0772, val_pearson 0.3455, lr 1.00e-03 ---
2026-10-01 16:49:19,742 - INFO - 
****************************************************************************************************
2026-10-01 16:49:21,461 - INFO - --- training epoch 9, loss 0.0377, mae 0.2356, rmse 0.2747, time elapsed(min) 0.02---
2026-10-01 16:49:21,795 - INFO - --- validation at epoch 9, val_loss 0.0329, val_mae 0.2213, val_rmse 0.2582, val_r2 0.0894, val_pearson 0.3738, lr 1.00e-03 ---
2026-10-01 16:49:21,795 - INFO - 
****************************************************************************************************
2026-10-01 16:49:23,735 - INFO - --- training epoch 10, loss 0.0365, mae 0.2302, rmse 0.2702, time elapsed(min) 0.03---
2026-10-01 16:49:23,950 - INFO - --- validation at epoch 10, val_loss 0.0347, val_mae 0.2273, val_rmse 0.2625, val_r2 0.0582, val_pearson 0.4056, lr 1.00e-03 ---
2026-10-01 16:49:23,950 - INFO - 
****************************************************************************************************
2026-10-01 16:49:25,607 - INFO - --- training epoch 11, loss 0.0372, mae 0.2336, rmse 0.2727, time elapsed(min) 0.02---
2026-10-01 16:49:25,816 - INFO - --- validation at epoch 11, val_loss 0.0306, val_mae 0.2100, val_rmse 0.2492, val_r2 0.1513, val_pearson 0.4328, lr 1.00e-03 ---
2026-10-01 16:49:25,817 - INFO - 
****************************************************************************************************
2026-10-01 16:49:27,518 - INFO - --- training epoch 12, loss 0.0354, mae 0.2232, rmse 0.2661, time elapsed(min) 0.02---
2026-10-01 16:49:27,746 - INFO - --- validation at epoch 12, val_loss 0.0275, val_mae 0.1940, val_rmse 0.2385, val_r2 0.2230, val_pearson 0.4767, lr 1.00e-03 ---
2026-10-01 16:49:27,746 - INFO - 
****************************************************************************************************
2026-10-01 16:49:29,557 - INFO - --- training epoch 13, loss 0.0353, mae 0.2223, rmse 0.2656, time elapsed(min) 0.02---
2026-10-01 16:49:29,925 - INFO - --- validation at epoch 13, val_loss 0.0294, val_mae 0.2083, val_rmse 0.2488, val_r2 0.1544, val_pearson 0.4460, lr 1.00e-03 ---
2026-10-01 16:49:29,925 - INFO - 
****************************************************************************************************
2026-10-01 16:49:31,650 - INFO - --- training epoch 14, loss 0.0296, mae 0.1953, rmse 0.2434, time elapsed(min) 0.02---
2026-10-01 16:49:31,888 - INFO - --- validation at epoch 14, val_loss 0.0252, val_mae 0.1861, val_rmse 0.2336, val_r2 0.2544, val_pearson 0.5429, lr 1.00e-03 ---
2026-10-01 16:49:31,888 - INFO - 
****************************************************************************************************
2026-10-01 16:49:33,588 - INFO - --- training epoch 15, loss 0.0326, mae 0.2067, rmse 0.2553, time elapsed(min) 0.02---
2026-10-01 16:49:33,796 - INFO - --- validation at epoch 15, val_loss 0.0249, val_mae 0.1750, val_rmse 0.2310, val_r2 0.2706, val_pearson 0.5878, lr 1.00e-03 ---
2026-10-01 16:49:33,796 - INFO - 
****************************************************************************************************
2026-10-01 16:49:35,623 - INFO - --- training epoch 16, loss 0.0301, mae 0.1961, rmse 0.2454, time elapsed(min) 0.02---
2026-10-01 16:49:35,963 - INFO - --- validation at epoch 16, val_loss 0.0252, val_mae 0.1731, val_rmse 0.2304, val_r2 0.2745, val_pearson 0.5502, lr 1.00e-03 ---
2026-10-01 16:49:35,963 - INFO - 
****************************************************************************************************
2026-10-01 16:49:37,779 - INFO - --- training epoch 17, loss 0.0286, mae 0.1929, rmse 0.2392, time elapsed(min) 0.03---
2026-10-01 16:49:37,989 - INFO - --- validation at epoch 17, val_loss 0.0222, val_mae 0.1717, val_rmse 0.2223, val_r2 0.3250, val_pearson 0.5849, lr 1.00e-03 ---
2026-10-01 16:49:37,989 - INFO - 
****************************************************************************************************
2026-10-01 16:49:39,682 - INFO - --- training epoch 18, loss 0.0256, mae 0.1777, rmse 0.2261, time elapsed(min) 0.02---
2026-10-01 16:49:39,896 - INFO - --- validation at epoch 18, val_loss 0.0217, val_mae 0.1720, val_rmse 0.2164, val_r2 0.3601, val_pearson 0.6093, lr 1.00e-03 ---
2026-10-01 16:49:39,896 - INFO - 
****************************************************************************************************
2026-10-01 16:49:41,598 - INFO - --- training epoch 19, loss 0.0239, mae 0.1718, rmse 0.2185, time elapsed(min) 0.02---
2026-10-01 16:49:41,926 - INFO - --- validation at epoch 19, val_loss 0.0202, val_mae 0.1615, val_rmse 0.2098, val_r2 0.3985, val_pearson 0.6317, lr 1.00e-03 ---
2026-10-01 16:49:41,926 - INFO - 
****************************************************************************************************
2026-10-01 16:49:43,801 - INFO - --- training epoch 20, loss 0.0231, mae 0.1669, rmse 0.2150, time elapsed(min) 0.03---
2026-10-01 16:49:44,206 - INFO - --- validation at epoch 20, val_loss 0.0207, val_mae 0.1641, val_rmse 0.2107, val_r2 0.3935, val_pearson 0.6282, lr 1.00e-03 ---
2026-10-01 16:49:44,206 - INFO - 
****************************************************************************************************
2026-10-01 16:49:46,015 - INFO - --- training epoch 21, loss 0.0227, mae 0.1652, rmse 0.2129, time elapsed(min) 0.02---
2026-10-01 16:49:46,245 - INFO - --- validation at epoch 21, val_loss 0.0207, val_mae 0.1592, val_rmse 0.2116, val_r2 0.3880, val_pearson 0.6278, lr 1.00e-03 ---
2026-10-01 16:49:46,245 - INFO - 
****************************************************************************************************
2026-10-01 16:49:47,915 - INFO - --- training epoch 22, loss 0.0227, mae 0.1657, rmse 0.2129, time elapsed(min) 0.02---
2026-10-01 16:49:48,123 - INFO - --- validation at epoch 22, val_loss 0.0205, val_mae 0.1595, val_rmse 0.2099, val_r2 0.3980, val_pearson 0.6413, lr 1.00e-03 ---
2026-10-01 16:49:48,123 - INFO - 
****************************************************************************************************
2026-10-01 16:49:49,819 - INFO - --- training epoch 23, loss 0.0221, mae 0.1631, rmse 0.2102, time elapsed(min) 0.02---
2026-10-01 16:49:50,156 - INFO - --- validation at epoch 23, val_loss 0.0207, val_mae 0.1580, val_rmse 0.2116, val_r2 0.3881, val_pearson 0.6600, lr 1.00e-03 ---
2026-10-01 16:49:50,156 - INFO - 
****************************************************************************************************
2026-10-01 16:49:52,016 - INFO - --- training epoch 24, loss 0.0222, mae 0.1633, rmse 0.2106, time elapsed(min) 0.03---
2026-10-01 16:49:52,230 - INFO - --- validation at epoch 24, val_loss 0.0195, val_mae 0.1585, val_rmse 0.2054, val_r2 0.4234, val_pearson 0.6513, lr 1.00e-03 ---
2026-10-01 16:49:52,230 - INFO - 
****************************************************************************************************
2026-10-01 16:49:53,983 - INFO - --- training epoch 25, loss 0.0221, mae 0.1628, rmse 0.2103, time elapsed(min) 0.02---
2026-10-01 16:49:54,236 - INFO - --- validation at epoch 25, val_loss 0.0174, val_mae 0.1462, val_rmse 0.1965, val_r2 0.4723, val_pearson 0.6886, lr 1.00e-03 ---
2026-10-01 16:49:54,236 - INFO - 
****************************************************************************************************
2026-10-01 16:49:56,066 - INFO - --- training epoch 26, loss 0.0210, mae 0.1577, rmse 0.2048, time elapsed(min) 0.02---
2026-10-01 16:49:56,397 - INFO - --- validation at epoch 26, val_loss 0.0178, val_mae 0.1487, val_rmse 0.1976, val_r2 0.4666, val_pearson 0.6867, lr 1.00e-03 ---
2026-10-01 16:49:56,397 - INFO - 
****************************************************************************************************
2026-10-01 16:49:58,253 - INFO - --- training epoch 27, loss 0.0210, mae 0.1578, rmse 0.2048, time elapsed(min) 0.03---
2026-10-01 16:49:58,462 - INFO - --- validation at epoch 27, val_loss 0.0182, val_mae 0.1469, val_rmse 0.2005, val_r2 0.4505, val_pearson 0.6828, lr 1.00e-03 ---
2026-10-01 16:49:58,462 - INFO - 
****************************************************************************************************
2026-10-01 16:50:00,203 - INFO - --- training epoch 28, loss 0.0201, mae 0.1542, rmse 0.2007, time elapsed(min) 0.02---
2026-10-01 16:50:00,415 - INFO - --- validation at epoch 28, val_loss 0.0178, val_mae 0.1437, val_rmse 0.1989, val_r2 0.4596, val_pearson 0.6925, lr 1.00e-03 ---
2026-10-01 16:50:00,416 - INFO - 
****************************************************************************************************
2026-10-01 16:50:02,066 - INFO - --- training epoch 29, loss 0.0208, mae 0.1568, rmse 0.2039, time elapsed(min) 0.02---
2026-10-01 16:50:02,400 - INFO - --- validation at epoch 29, val_loss 0.0169, val_mae 0.1427, val_rmse 0.1928, val_r2 0.4922, val_pearson 0.7044, lr 1.00e-03 ---
2026-10-01 16:50:02,400 - INFO - 
****************************************************************************************************
2026-10-01 16:50:04,301 - INFO - --- training epoch 30, loss 0.0208, mae 0.1575, rmse 0.2039, time elapsed(min) 0.03---
2026-10-01 16:50:04,509 - INFO - --- validation at epoch 30, val_loss 0.0173, val_mae 0.1519, val_rmse 0.1953, val_r2 0.4789, val_pearson 0.6986, lr 1.00e-03 ---
2026-10-01 16:50:04,509 - INFO - 
****************************************************************************************************
2026-10-01 16:50:06,183 - INFO - --- training epoch 31, loss 0.0207, mae 0.1571, rmse 0.2036, time elapsed(min) 0.02---
2026-10-01 16:50:06,390 - INFO - --- validation at epoch 31, val_loss 0.0183, val_mae 0.1489, val_rmse 0.2004, val_r2 0.4511, val_pearson 0.6951, lr 1.00e-03 ---
2026-10-01 16:50:06,390 - INFO - 
****************************************************************************************************
2026-10-01 16:50:08,066 - INFO - --- training epoch 32, loss 0.0202, mae 0.1543, rmse 0.2010, time elapsed(min) 0.02---
2026-10-01 16:50:08,279 - INFO - --- validation at epoch 32, val_loss 0.0178, val_mae 0.1423, val_rmse 0.1989, val_r2 0.4596, val_pearson 0.7049, lr 1.00e-03 ---
2026-10-01 16:50:08,279 - INFO - 
****************************************************************************************************
2026-10-01 16:50:09,974 - INFO - --- training epoch 33, loss 0.0206, mae 0.1560, rmse 0.2032, time elapsed(min) 0.02---
2026-10-01 16:50:10,338 - INFO - --- validation at epoch 33, val_loss 0.0180, val_mae 0.1432, val_rmse 0.2004, val_r2 0.4511, val_pearson 0.6987, lr 1.00e-03 ---
2026-10-01 16:50:10,338 - INFO - 
****************************************************************************************************
2026-10-01 16:50:12,107 - INFO - --- training epoch 34, loss 0.0205, mae 0.1549, rmse 0.2027, time elapsed(min) 0.02---
2026-10-01 16:50:12,339 - INFO - --- validation at epoch 34, val_loss 0.0177, val_mae 0.1480, val_rmse 0.1953, val_r2 0.4791, val_pearson 0.7080, lr 1.00e-03 ---
2026-10-01 16:50:12,339 - INFO - 
****************************************************************************************************
2026-10-01 16:50:13,974 - INFO - --- training epoch 35, loss 0.0206, mae 0.1567, rmse 0.2030, time elapsed(min) 0.02---
2026-10-01 16:50:14,199 - INFO - --- validation at epoch 35, val_loss 0.0171, val_mae 0.1440, val_rmse 0.1945, val_r2 0.4830, val_pearson 0.7050, lr 1.00e-03 ---
2026-10-01 16:50:14,199 - INFO - 
****************************************************************************************************
2026-10-01 16:50:15,881 - INFO - --- training epoch 36, loss 0.0190, mae 0.1485, rmse 0.1950, time elapsed(min) 0.02---
2026-10-01 16:50:16,221 - INFO - --- validation at epoch 36, val_loss 0.0158, val_mae 0.1384, val_rmse 0.1856, val_r2 0.5292, val_pearson 0.7277, lr 1.00e-03 ---
2026-10-01 16:50:16,221 - INFO - 
****************************************************************************************************
2026-10-01 16:50:18,148 - INFO - --- training epoch 37, loss 0.0191, mae 0.1500, rmse 0.1954, time elapsed(min) 0.03---
2026-10-01 16:50:18,379 - INFO - --- validation at epoch 37, val_loss 0.0159, val_mae 0.1373, val_rmse 0.1869, val_r2 0.5228, val_pearson 0.7242, lr 1.00e-03 ---
2026-10-01 16:50:18,379 - INFO - 
****************************************************************************************************
2026-10-01 16:50:19,963 - INFO - --- training epoch 38, loss 0.0195, mae 0.1510, rmse 0.1974, time elapsed(min) 0.02---
2026-10-01 16:50:20,173 - INFO - --- validation at epoch 38, val_loss 0.0171, val_mae 0.1395, val_rmse 0.1941, val_r2 0.4850, val_pearson 0.7161, lr 1.00e-03 ---
2026-10-01 16:50:20,173 - INFO - 
****************************************************************************************************
2026-10-01 16:50:21,774 - INFO - --- training epoch 39, loss 0.0200, mae 0.1527, rmse 0.1998, time elapsed(min) 0.02---
2026-10-01 16:50:22,103 - INFO - --- validation at epoch 39, val_loss 0.0165, val_mae 0.1412, val_rmse 0.1909, val_r2 0.5022, val_pearson 0.7150, lr 1.00e-03 ---
2026-10-01 16:50:22,103 - INFO - 
****************************************************************************************************
2026-10-01 16:50:23,897 - INFO - --- training epoch 40, loss 0.0196, mae 0.1514, rmse 0.1980, time elapsed(min) 0.03---
2026-10-01 16:50:24,127 - INFO - --- validation at epoch 40, val_loss 0.0166, val_mae 0.1400, val_rmse 0.1922, val_r2 0.4950, val_pearson 0.7106, lr 1.00e-03 ---
2026-10-01 16:50:24,128 - INFO - 
****************************************************************************************************
2026-10-01 16:50:25,726 - INFO - --- training epoch 41, loss 0.0187, mae 0.1473, rmse 0.1932, time elapsed(min) 0.02---
2026-10-01 16:50:25,938 - INFO - --- validation at epoch 41, val_loss 0.0161, val_mae 0.1368, val_rmse 0.1877, val_r2 0.5187, val_pearson 0.7273, lr 1.00e-03 ---
2026-10-01 16:50:25,938 - INFO - 
****************************************************************************************************
2026-10-01 16:50:27,528 - INFO - --- training epoch 42, loss 0.0192, mae 0.1490, rmse 0.1959, time elapsed(min) 0.02---
2026-10-01 16:50:27,737 - INFO - --- validation at epoch 42, val_loss 0.0182, val_mae 0.1422, val_rmse 0.2005, val_r2 0.4507, val_pearson 0.7117, lr 1.00e-03 ---
2026-10-01 16:50:27,737 - INFO - 
****************************************************************************************************
2026-10-01 16:50:29,354 - INFO - --- training epoch 43, loss 0.0200, mae 0.1530, rmse 0.2001, time elapsed(min) 0.02---
2026-10-01 16:50:29,763 - INFO - --- validation at epoch 43, val_loss 0.0162, val_mae 0.1368, val_rmse 0.1879, val_r2 0.5173, val_pearson 0.7284, lr 1.00e-03 ---
2026-10-01 16:50:29,763 - INFO - 
****************************************************************************************************
2026-10-01 16:50:31,478 - INFO - --- training epoch 44, loss 0.0186, mae 0.1468, rmse 0.1928, time elapsed(min) 0.02---
2026-10-01 16:50:31,692 - INFO - --- validation at epoch 44, val_loss 0.0171, val_mae 0.1376, val_rmse 0.1931, val_r2 0.4903, val_pearson 0.7260, lr 1.00e-03 ---
2026-10-01 16:50:31,692 - INFO - 
****************************************************************************************************
2026-10-01 16:50:33,367 - INFO - --- training epoch 45, loss 0.0197, mae 0.1525, rmse 0.1986, time elapsed(min) 0.02---
2026-10-01 16:50:33,576 - INFO - --- validation at epoch 45, val_loss 0.0191, val_mae 0.1465, val_rmse 0.2027, val_r2 0.4384, val_pearson 0.6842, lr 1.00e-03 ---
2026-10-01 16:50:33,576 - INFO - 
****************************************************************************************************
2026-10-01 16:50:35,176 - INFO - --- training epoch 46, loss 0.0197, mae 0.1516, rmse 0.1984, time elapsed(min) 0.02---
2026-10-01 16:50:35,518 - INFO - --- validation at epoch 46, val_loss 0.0165, val_mae 0.1399, val_rmse 0.1893, val_r2 0.5103, val_pearson 0.7226, lr 1.00e-03 ---
2026-10-01 16:50:35,518 - INFO - 
****************************************************************************************************
2026-10-01 16:50:35,790 - INFO - --- early stopping at epoch 46: val_loss did not improve for 10 epochs ---
2026-10-01 16:50:36,201 - INFO - --- selected checkpoint from epoch 36, val_loss 0.0158, val_mae 0.1384, val_rmse 0.1856
2026-10-01 16:50:37,150 - INFO - -- RESULT
2026-10-01 16:50:37,150 - INFO - --- test size: 1728
2026-10-01 16:50:37,150 - INFO - --- MAE: 0.1497 (14.97 pp), RMSE: 0.1923 (19.23 pp), R2: 0.5483, Pearson: 0.7413
2026-10-01 16:50:38,556 - INFO - --- Cell option_b_mlp DONE: test MAE=0.1497 RMSE=0.1923 R2=0.5483 | sec/epoch=1.99
2026-10-01 16:50:38,589 - INFO - === RUNNING: dataset=suzuki split=split_6 cell=ind_mean_mlp (tokens=ind, pooling=mean, head=mlp) ===
