2026-10-01 12:19:11,549 - INFO - device is	cuda:0
2026-10-01 12:19:11,629 - INFO - -- CONFIGURATIONS
2026-10-01 12:19:11,629 - INFO - --- train/valid/test: 2491/277/1187
2026-10-01 12:19:11,629 - INFO - --- max no. reactants_train, valid, test respectively: 6, 6, 6
2026-10-01 12:19:11,629 - INFO - --- max no. products_train, valid, test respectively: 1, 1, 1
2026-10-01 12:19:11,629 - INFO - --- model_path: ../logs/approach1_server/option_b_linear/bh/runs/fullcv02_split70/model.pt
2026-10-01 12:19:11,638 - INFO - -- TRAINING
2026-10-01 12:19:12,193 - INFO - --- training epoch 0, loss 26.6186, mae 27.1154, rmse 34.1718, time elapsed(min) 0.01---
2026-10-01 12:19:12,346 - INFO - --- validation at epoch 0, val_loss 21.9397, val_mae 23.0968, val_rmse 27.7318, val_r2 -0.0336, val_pearson -0.3017, lr 1.00e-03 ---
2026-10-01 12:19:12,346 - INFO - 
****************************************************************************************************
2026-10-01 12:19:13,413 - INFO - --- training epoch 1, loss 23.3635, mae 23.8594, rmse 28.7791, time elapsed(min) 0.01---
2026-10-01 12:19:13,580 - INFO - --- validation at epoch 1, val_loss 21.1324, val_mae 22.7735, val_rmse 28.6102, val_r2 -0.1001, val_pearson -0.3168, lr 1.00e-03 ---
2026-10-01 12:19:13,580 - INFO - 
****************************************************************************************************
2026-10-01 12:19:14,766 - INFO - --- training epoch 2, loss 23.6654, mae 24.1632, rmse 29.0881, time elapsed(min) 0.01---
2026-10-01 12:19:14,914 - INFO - --- validation at epoch 2, val_loss 21.2563, val_mae 22.9687, val_rmse 29.3618, val_r2 -0.1586, val_pearson -0.3363, lr 1.00e-03 ---
2026-10-01 12:19:14,914 - INFO - 
****************************************************************************************************
2026-10-01 12:19:15,885 - INFO - --- training epoch 3, loss 23.5984, mae 24.0953, rmse 28.8009, time elapsed(min) 0.01---
2026-10-01 12:19:16,041 - INFO - --- validation at epoch 3, val_loss 21.1233, val_mae 22.7100, val_rmse 28.4317, val_r2 -0.0864, val_pearson -0.3063, lr 1.00e-03 ---
2026-10-01 12:19:16,041 - INFO - 
****************************************************************************************************
2026-10-01 12:19:17,244 - INFO - --- training epoch 4, loss 23.4103, mae 23.9075, rmse 28.5260, time elapsed(min) 0.01---
2026-10-01 12:19:17,394 - INFO - --- validation at epoch 4, val_loss 21.1445, val_mae 22.7060, val_rmse 28.4582, val_r2 -0.0884, val_pearson 0.1620, lr 1.00e-03 ---
2026-10-01 12:19:17,394 - INFO - 
****************************************************************************************************
2026-10-01 12:19:18,200 - INFO - --- training epoch 5, loss 23.3630, mae 23.8595, rmse 28.3639, time elapsed(min) 0.01---
2026-10-01 12:19:18,351 - INFO - --- validation at epoch 5, val_loss 20.9779, val_mae 22.4513, val_rmse 28.1615, val_r2 -0.0658, val_pearson 0.2509, lr 1.00e-03 ---
2026-10-01 12:19:18,351 - INFO - 
****************************************************************************************************
2026-10-01 12:19:19,279 - INFO - --- training epoch 6, loss 23.2836, mae 23.7796, rmse 28.1461, time elapsed(min) 0.01---
2026-10-01 12:19:19,445 - INFO - --- validation at epoch 6, val_loss 21.1267, val_mae 22.6320, val_rmse 28.1560, val_r2 -0.0654, val_pearson 0.2171, lr 1.00e-03 ---
2026-10-01 12:19:19,445 - INFO - 
****************************************************************************************************
2026-10-01 12:19:20,542 - INFO - --- training epoch 7, loss 23.3108, mae 23.8083, rmse 28.2148, time elapsed(min) 0.01---
2026-10-01 12:19:20,701 - INFO - --- validation at epoch 7, val_loss 21.1263, val_mae 22.5453, val_rmse 27.7942, val_r2 -0.0382, val_pearson 0.2388, lr 1.00e-03 ---
2026-10-01 12:19:20,701 - INFO - 
****************************************************************************************************
2026-10-01 12:19:21,832 - INFO - --- training epoch 8, loss 23.1769, mae 23.6740, rmse 27.9243, time elapsed(min) 0.01---
2026-10-01 12:19:22,004 - INFO - --- validation at epoch 8, val_loss 21.1607, val_mae 22.4905, val_rmse 27.5699, val_r2 -0.0215, val_pearson 0.2471, lr 1.00e-03 ---
2026-10-01 12:19:22,005 - INFO - 
****************************************************************************************************
2026-10-01 12:19:22,986 - INFO - --- training epoch 9, loss 23.0930, mae 23.5903, rmse 27.7953, time elapsed(min) 0.01---
2026-10-01 12:19:23,319 - INFO - --- validation at epoch 9, val_loss 21.2644, val_mae 22.4763, val_rmse 27.5524, val_r2 -0.0202, val_pearson 0.2501, lr 1.00e-03 ---
2026-10-01 12:19:23,319 - INFO - 
****************************************************************************************************
2026-10-01 12:19:24,309 - INFO - --- training epoch 10, loss 23.0630, mae 23.5596, rmse 27.6780, time elapsed(min) 0.01---
2026-10-01 12:19:24,474 - INFO - --- validation at epoch 10, val_loss 21.3562, val_mae 22.4748, val_rmse 27.4848, val_r2 -0.0152, val_pearson 0.2526, lr 1.00e-03 ---
2026-10-01 12:19:24,475 - INFO - 
****************************************************************************************************
2026-10-01 12:19:25,281 - INFO - --- training epoch 11, loss 23.0269, mae 23.5239, rmse 27.5837, time elapsed(min) 0.01---
2026-10-01 12:19:25,427 - INFO - --- validation at epoch 11, val_loss 21.4159, val_mae 22.4610, val_rmse 27.3085, val_r2 -0.0022, val_pearson 0.2564, lr 1.00e-03 ---
2026-10-01 12:19:25,427 - INFO - 
****************************************************************************************************
2026-10-01 12:19:26,241 - INFO - --- training epoch 12, loss 22.9553, mae 23.4523, rmse 27.4875, time elapsed(min) 0.01---
2026-10-01 12:19:26,396 - INFO - --- validation at epoch 12, val_loss 21.3388, val_mae 22.3295, val_rmse 26.7909, val_r2 0.0354, val_pearson 0.2792, lr 1.00e-03 ---
2026-10-01 12:19:26,396 - INFO - 
****************************************************************************************************
2026-10-01 12:19:27,379 - INFO - --- training epoch 13, loss 22.9866, mae 23.4834, rmse 27.6240, time elapsed(min) 0.01---
2026-10-01 12:19:27,535 - INFO - --- validation at epoch 13, val_loss 21.4537, val_mae 22.4891, val_rmse 27.4631, val_r2 -0.0136, val_pearson 0.2706, lr 1.00e-03 ---
2026-10-01 12:19:27,535 - INFO - 
****************************************************************************************************
2026-10-01 12:19:28,535 - INFO - --- training epoch 14, loss 22.6745, mae 23.1716, rmse 27.2686, time elapsed(min) 0.01---
2026-10-01 12:19:28,707 - INFO - --- validation at epoch 14, val_loss 20.9076, val_mae 21.8196, val_rmse 26.2896, val_r2 0.0711, val_pearson 0.3278, lr 1.00e-03 ---
2026-10-01 12:19:28,707 - INFO - 
****************************************************************************************************
2026-10-01 12:19:29,985 - INFO - --- training epoch 15, loss 22.7500, mae 23.2464, rmse 27.4235, time elapsed(min) 0.01---
2026-10-01 12:19:30,152 - INFO - --- validation at epoch 15, val_loss 21.0480, val_mae 21.9606, val_rmse 27.0072, val_r2 0.0198, val_pearson 0.3332, lr 1.00e-03 ---
2026-10-01 12:19:30,152 - INFO - 
****************************************************************************************************
2026-10-01 12:19:30,980 - INFO - --- training epoch 16, loss 22.9563, mae 23.4520, rmse 27.3565, time elapsed(min) 0.01---
2026-10-01 12:19:31,176 - INFO - --- validation at epoch 16, val_loss 21.0542, val_mae 22.2260, val_rmse 27.5181, val_r2 -0.0177, val_pearson 0.3391, lr 1.00e-03 ---
2026-10-01 12:19:31,176 - INFO - 
****************************************************************************************************
2026-10-01 12:19:31,997 - INFO - --- training epoch 17, loss 22.3520, mae 22.8493, rmse 26.9793, time elapsed(min) 0.01---
2026-10-01 12:19:32,152 - INFO - --- validation at epoch 17, val_loss 21.4186, val_mae 22.2179, val_rmse 25.8662, val_r2 0.1008, val_pearson 0.3384, lr 1.00e-03 ---
2026-10-01 12:19:32,152 - INFO - 
****************************************************************************************************
2026-10-01 12:19:33,250 - INFO - --- training epoch 18, loss 22.0783, mae 22.5741, rmse 26.3125, time elapsed(min) 0.01---
2026-10-01 12:19:33,405 - INFO - --- validation at epoch 18, val_loss 22.2139, val_mae 22.8428, val_rmse 26.4011, val_r2 0.0633, val_pearson 0.3421, lr 1.00e-03 ---
2026-10-01 12:19:33,405 - INFO - 
****************************************************************************************************
2026-10-01 12:19:34,440 - INFO - --- training epoch 19, loss 22.1525, mae 22.6494, rmse 26.7917, time elapsed(min) 0.01---
2026-10-01 12:19:34,602 - INFO - --- validation at epoch 19, val_loss 20.9771, val_mae 21.7056, val_rmse 26.2981, val_r2 0.0705, val_pearson 0.3297, lr 1.00e-03 ---
2026-10-01 12:19:34,602 - INFO - 
****************************************************************************************************
2026-10-01 12:19:35,744 - INFO - --- training epoch 20, loss 22.3705, mae 22.8672, rmse 26.8125, time elapsed(min) 0.01---
2026-10-01 12:19:35,898 - INFO - --- validation at epoch 20, val_loss 21.1249, val_mae 21.7858, val_rmse 26.7965, val_r2 0.0350, val_pearson 0.3245, lr 1.00e-03 ---
2026-10-01 12:19:35,898 - INFO - 
****************************************************************************************************
2026-10-01 12:19:36,717 - INFO - --- training epoch 21, loss 22.4960, mae 22.9934, rmse 26.6813, time elapsed(min) 0.01---
2026-10-01 12:19:36,870 - INFO - --- validation at epoch 21, val_loss 21.1162, val_mae 21.8589, val_rmse 26.9744, val_r2 0.0221, val_pearson 0.3313, lr 1.00e-03 ---
2026-10-01 12:19:36,870 - INFO - 
****************************************************************************************************
2026-10-01 12:19:37,685 - INFO - --- training epoch 22, loss 22.1192, mae 22.6168, rmse 26.7221, time elapsed(min) 0.01---
2026-10-01 12:19:37,842 - INFO - --- validation at epoch 22, val_loss 21.1751, val_mae 21.6779, val_rmse 26.3100, val_r2 0.0697, val_pearson 0.3246, lr 1.00e-03 ---
2026-10-01 12:19:37,842 - INFO - 
****************************************************************************************************
2026-10-01 12:19:38,827 - INFO - --- training epoch 23, loss 22.3240, mae 22.8216, rmse 26.6204, time elapsed(min) 0.01---
2026-10-01 12:19:38,979 - INFO - --- validation at epoch 23, val_loss 21.3265, val_mae 21.8667, val_rmse 27.1494, val_r2 0.0094, val_pearson 0.3356, lr 1.00e-03 ---
2026-10-01 12:19:38,979 - INFO - 
****************************************************************************************************
2026-10-01 12:19:39,971 - INFO - --- training epoch 24, loss 22.2526, mae 22.7498, rmse 26.5711, time elapsed(min) 0.01---
2026-10-01 12:19:40,132 - INFO - --- validation at epoch 24, val_loss 21.3397, val_mae 21.8029, val_rmse 26.9664, val_r2 0.0227, val_pearson 0.3274, lr 1.00e-03 ---
2026-10-01 12:19:40,132 - INFO - 
****************************************************************************************************
2026-10-01 12:19:40,413 - INFO - --- early stopping at epoch 24: val_loss did not improve for 10 epochs ---
2026-10-01 12:19:40,782 - INFO - --- selected checkpoint from epoch 14, val_loss 20.9076, val_mae 21.8196, val_rmse 26.2896
2026-10-01 12:19:41,448 - INFO - -- RESULT
2026-10-01 12:19:41,448 - INFO - --- test size: 1187
2026-10-01 12:19:41,448 - INFO - --- MAE: 21.9658 pp, RMSE: 25.9555 pp, R2: 0.0583, Pearson: 0.3123
2026-10-01 12:19:41,449 - INFO - --- fullcv02_split70: MAE 21.965791492700173, RMSE 25.955527434995584, R2 0.058312225215714775
2026-10-01 12:19:41,459 - INFO - --- training fullcv03_split70 (npz/bh/fullcv03_split70)
