2026-10-01 15:17:26,013 - INFO - device is	cuda:0
2026-10-01 15:17:26,123 - INFO - -- CONFIGURATIONS
2026-10-01 15:17:26,123 - INFO - --- train/valid/test: 3628/404/1728
2026-10-01 15:17:26,123 - INFO - --- max no. reactants_train, valid, test respectively: 14, 14, 14
2026-10-01 15:17:26,123 - INFO - --- max no. products_train, valid, test respectively: 1, 1, 1
2026-10-01 15:17:26,123 - INFO - --- model_path: ../logs/approach1_server/approach_3/suzuki/runs/suzuki_split_9_20261001_151725/split_9/model.pt
2026-10-01 15:17:26,223 - INFO - -- TRAINING
2026-10-01 15:17:28,440 - INFO - --- training epoch 0, loss 2.9026, mae 3.2796, rmse 7.8442, time elapsed(min) 0.04---
2026-10-01 15:17:28,966 - INFO - --- validation at epoch 0, val_loss 0.0804, val_mae 0.3374, val_rmse 0.3949, val_r2 -1.1056, val_pearson -0.0425, lr 1.00e-03 ---
2026-10-01 15:17:28,966 - INFO - 
****************************************************************************************************
2026-10-01 15:17:31,169 - INFO - --- training epoch 1, loss 0.0468, mae 0.2549, rmse 0.3059, time elapsed(min) 0.03---
2026-10-01 15:17:31,413 - INFO - --- validation at epoch 1, val_loss 0.0383, val_mae 0.2338, val_rmse 0.2756, val_r2 -0.0254, val_pearson 0.0941, lr 1.00e-03 ---
2026-10-01 15:17:31,413 - INFO - 
****************************************************************************************************
2026-10-01 15:17:33,631 - INFO - --- training epoch 2, loss 0.0406, mae 0.2450, rmse 0.2850, time elapsed(min) 0.03---
2026-10-01 15:17:33,886 - INFO - --- validation at epoch 2, val_loss 0.0367, val_mae 0.2340, val_rmse 0.2696, val_r2 0.0182, val_pearson 0.1358, lr 1.00e-03 ---
2026-10-01 15:17:33,886 - INFO - 
****************************************************************************************************
2026-10-01 15:17:36,239 - INFO - --- training epoch 3, loss 0.0397, mae 0.2422, rmse 0.2817, time elapsed(min) 0.03---
2026-10-01 15:17:36,675 - INFO - --- validation at epoch 3, val_loss 0.0369, val_mae 0.2312, val_rmse 0.2710, val_r2 0.0084, val_pearson 0.1554, lr 1.00e-03 ---
2026-10-01 15:17:36,676 - INFO - 
****************************************************************************************************
2026-10-01 15:17:38,938 - INFO - --- training epoch 4, loss 0.0394, mae 0.2414, rmse 0.2806, time elapsed(min) 0.03---
2026-10-01 15:17:39,194 - INFO - --- validation at epoch 4, val_loss 0.0375, val_mae 0.2303, val_rmse 0.2738, val_r2 -0.0125, val_pearson 0.1677, lr 1.00e-03 ---
2026-10-01 15:17:39,194 - INFO - 
****************************************************************************************************
2026-10-01 15:17:41,558 - INFO - --- training epoch 5, loss 0.0404, mae 0.2431, rmse 0.2842, time elapsed(min) 0.03---
2026-10-01 15:17:41,812 - INFO - --- validation at epoch 5, val_loss 0.0374, val_mae 0.2304, val_rmse 0.2736, val_r2 -0.0109, val_pearson 0.1695, lr 1.00e-03 ---
2026-10-01 15:17:41,813 - INFO - 
****************************************************************************************************
2026-10-01 15:17:43,998 - INFO - --- training epoch 6, loss 0.0398, mae 0.2428, rmse 0.2822, time elapsed(min) 0.03---
2026-10-01 15:17:44,407 - INFO - --- validation at epoch 6, val_loss 0.0369, val_mae 0.2299, val_rmse 0.2714, val_r2 0.0050, val_pearson 0.1734, lr 1.00e-03 ---
2026-10-01 15:17:44,407 - INFO - 
****************************************************************************************************
2026-10-01 15:17:46,918 - INFO - --- training epoch 7, loss 0.0394, mae 0.2409, rmse 0.2807, time elapsed(min) 0.04---
2026-10-01 15:17:47,166 - INFO - --- validation at epoch 7, val_loss 0.0375, val_mae 0.2292, val_rmse 0.2737, val_r2 -0.0112, val_pearson 0.1893, lr 1.00e-03 ---
2026-10-01 15:17:47,166 - INFO - 
****************************************************************************************************
2026-10-01 15:17:49,379 - INFO - --- training epoch 8, loss 0.0399, mae 0.2419, rmse 0.2826, time elapsed(min) 0.03---
2026-10-01 15:17:49,633 - INFO - --- validation at epoch 8, val_loss 0.0375, val_mae 0.2289, val_rmse 0.2741, val_r2 -0.0147, val_pearson 0.1981, lr 1.00e-03 ---
2026-10-01 15:17:49,633 - INFO - 
****************************************************************************************************
2026-10-01 15:17:51,842 - INFO - --- training epoch 9, loss 0.0398, mae 0.2412, rmse 0.2821, time elapsed(min) 0.03---
2026-10-01 15:17:52,284 - INFO - --- validation at epoch 9, val_loss 0.0366, val_mae 0.2283, val_rmse 0.2703, val_r2 0.0134, val_pearson 0.2085, lr 1.00e-03 ---
2026-10-01 15:17:52,284 - INFO - 
****************************************************************************************************
2026-10-01 15:17:54,898 - INFO - --- training epoch 10, loss 0.0405, mae 0.2420, rmse 0.2844, time elapsed(min) 0.04---
2026-10-01 15:17:55,148 - INFO - --- validation at epoch 10, val_loss 0.0364, val_mae 0.2279, val_rmse 0.2695, val_r2 0.0191, val_pearson 0.2310, lr 1.00e-03 ---
2026-10-01 15:17:55,148 - INFO - 
****************************************************************************************************
2026-10-01 15:17:57,465 - INFO - --- training epoch 11, loss 0.0405, mae 0.2415, rmse 0.2847, time elapsed(min) 0.03---
2026-10-01 15:17:57,716 - INFO - --- validation at epoch 11, val_loss 0.0359, val_mae 0.2273, val_rmse 0.2675, val_r2 0.0337, val_pearson 0.2505, lr 1.00e-03 ---
2026-10-01 15:17:57,716 - INFO - 
****************************************************************************************************
2026-10-01 15:18:00,147 - INFO - --- training epoch 12, loss 0.0403, mae 0.2410, rmse 0.2837, time elapsed(min) 0.03---
2026-10-01 15:18:00,563 - INFO - --- validation at epoch 12, val_loss 0.0355, val_mae 0.2262, val_rmse 0.2655, val_r2 0.0480, val_pearson 0.2729, lr 1.00e-03 ---
2026-10-01 15:18:00,563 - INFO - 
****************************************************************************************************
2026-10-01 15:18:03,174 - INFO - --- training epoch 13, loss 0.0399, mae 0.2402, rmse 0.2827, time elapsed(min) 0.04---
2026-10-01 15:18:03,431 - INFO - --- validation at epoch 13, val_loss 0.0349, val_mae 0.2248, val_rmse 0.2630, val_r2 0.0659, val_pearson 0.3056, lr 1.00e-03 ---
2026-10-01 15:18:03,431 - INFO - 
****************************************************************************************************
2026-10-01 15:18:05,674 - INFO - --- training epoch 14, loss 0.0399, mae 0.2390, rmse 0.2823, time elapsed(min) 0.03---
2026-10-01 15:18:05,927 - INFO - --- validation at epoch 14, val_loss 0.0344, val_mae 0.2248, val_rmse 0.2600, val_r2 0.0870, val_pearson 0.3161, lr 1.00e-03 ---
2026-10-01 15:18:05,927 - INFO - 
****************************************************************************************************
2026-10-01 15:18:08,313 - INFO - --- training epoch 15, loss 0.0389, mae 0.2373, rmse 0.2790, time elapsed(min) 0.03---
2026-10-01 15:18:08,723 - INFO - --- validation at epoch 15, val_loss 0.0341, val_mae 0.2246, val_rmse 0.2581, val_r2 0.1002, val_pearson 0.3442, lr 1.00e-03 ---
2026-10-01 15:18:08,723 - INFO - 
****************************************************************************************************
2026-10-01 15:18:11,193 - INFO - --- training epoch 16, loss 0.0376, mae 0.2326, rmse 0.2741, time elapsed(min) 0.03---
2026-10-01 15:18:11,666 - INFO - --- validation at epoch 16, val_loss 0.0317, val_mae 0.2170, val_rmse 0.2511, val_r2 0.1488, val_pearson 0.4164, lr 1.00e-03 ---
2026-10-01 15:18:11,666 - INFO - 
****************************************************************************************************
2026-10-01 15:18:14,083 - INFO - --- training epoch 17, loss 0.0346, mae 0.2217, rmse 0.2629, time elapsed(min) 0.03---
2026-10-01 15:18:14,336 - INFO - --- validation at epoch 17, val_loss 0.0273, val_mae 0.1946, val_rmse 0.2346, val_r2 0.2569, val_pearson 0.5113, lr 1.00e-03 ---
2026-10-01 15:18:14,336 - INFO - 
****************************************************************************************************
2026-10-01 15:18:16,633 - INFO - --- training epoch 18, loss 0.0319, mae 0.2077, rmse 0.2526, time elapsed(min) 0.03---
2026-10-01 15:18:16,892 - INFO - --- validation at epoch 18, val_loss 0.0254, val_mae 0.1798, val_rmse 0.2230, val_r2 0.3285, val_pearson 0.5810, lr 1.00e-03 ---
2026-10-01 15:18:16,892 - INFO - 
****************************************************************************************************
2026-10-01 15:18:19,198 - INFO - --- training epoch 19, loss 0.0286, mae 0.1944, rmse 0.2393, time elapsed(min) 0.03---
2026-10-01 15:18:19,661 - INFO - --- validation at epoch 19, val_loss 0.0250, val_mae 0.1740, val_rmse 0.2214, val_r2 0.3383, val_pearson 0.5827, lr 1.00e-03 ---
2026-10-01 15:18:19,661 - INFO - 
****************************************************************************************************
2026-10-01 15:18:22,179 - INFO - --- training epoch 20, loss 0.0267, mae 0.1854, rmse 0.2309, time elapsed(min) 0.03---
2026-10-01 15:18:22,435 - INFO - --- validation at epoch 20, val_loss 0.0239, val_mae 0.1671, val_rmse 0.2182, val_r2 0.3569, val_pearson 0.6174, lr 1.00e-03 ---
2026-10-01 15:18:22,435 - INFO - 
****************************************************************************************************
2026-10-01 15:18:24,743 - INFO - --- training epoch 21, loss 0.0256, mae 0.1798, rmse 0.2262, time elapsed(min) 0.03---
2026-10-01 15:18:25,006 - INFO - --- validation at epoch 21, val_loss 0.0236, val_mae 0.1674, val_rmse 0.2163, val_r2 0.3682, val_pearson 0.6072, lr 1.00e-03 ---
2026-10-01 15:18:25,006 - INFO - 
****************************************************************************************************
2026-10-01 15:18:27,448 - INFO - --- training epoch 22, loss 0.0244, mae 0.1759, rmse 0.2210, time elapsed(min) 0.03---
2026-10-01 15:18:27,899 - INFO - --- validation at epoch 22, val_loss 0.0239, val_mae 0.1695, val_rmse 0.2183, val_r2 0.3563, val_pearson 0.5989, lr 1.00e-03 ---
2026-10-01 15:18:27,900 - INFO - 
****************************************************************************************************
2026-10-01 15:18:30,390 - INFO - --- training epoch 23, loss 0.0256, mae 0.1803, rmse 0.2262, time elapsed(min) 0.03---
2026-10-01 15:18:30,647 - INFO - --- validation at epoch 23, val_loss 0.0229, val_mae 0.1655, val_rmse 0.2131, val_r2 0.3866, val_pearson 0.6233, lr 1.00e-03 ---
2026-10-01 15:18:30,647 - INFO - 
****************************************************************************************************
2026-10-01 15:18:33,017 - INFO - --- training epoch 24, loss 0.0260, mae 0.1823, rmse 0.2282, time elapsed(min) 0.03---
2026-10-01 15:18:33,274 - INFO - --- validation at epoch 24, val_loss 0.0228, val_mae 0.1674, val_rmse 0.2137, val_r2 0.3832, val_pearson 0.6196, lr 1.00e-03 ---
2026-10-01 15:18:33,274 - INFO - 
****************************************************************************************************
2026-10-01 15:18:35,668 - INFO - --- training epoch 25, loss 0.0237, mae 0.1729, rmse 0.2176, time elapsed(min) 0.03---
2026-10-01 15:18:36,171 - INFO - --- validation at epoch 25, val_loss 0.0224, val_mae 0.1661, val_rmse 0.2120, val_r2 0.3932, val_pearson 0.6273, lr 1.00e-03 ---
2026-10-01 15:18:36,171 - INFO - 
****************************************************************************************************
2026-10-01 15:18:38,610 - INFO - --- training epoch 26, loss 0.0246, mae 0.1779, rmse 0.2216, time elapsed(min) 0.03---
2026-10-01 15:18:38,862 - INFO - --- validation at epoch 26, val_loss 0.0219, val_mae 0.1642, val_rmse 0.2103, val_r2 0.4029, val_pearson 0.6350, lr 1.00e-03 ---
2026-10-01 15:18:38,862 - INFO - 
****************************************************************************************************
2026-10-01 15:18:41,199 - INFO - --- training epoch 27, loss 0.0240, mae 0.1740, rmse 0.2192, time elapsed(min) 0.03---
2026-10-01 15:18:41,456 - INFO - --- validation at epoch 27, val_loss 0.0217, val_mae 0.1602, val_rmse 0.2094, val_r2 0.4078, val_pearson 0.6423, lr 1.00e-03 ---
2026-10-01 15:18:41,456 - INFO - 
****************************************************************************************************
2026-10-01 15:18:43,978 - INFO - --- training epoch 28, loss 0.0243, mae 0.1756, rmse 0.2203, time elapsed(min) 0.03---
2026-10-01 15:18:44,432 - INFO - --- validation at epoch 28, val_loss 0.0215, val_mae 0.1600, val_rmse 0.2085, val_r2 0.4132, val_pearson 0.6454, lr 1.00e-03 ---
2026-10-01 15:18:44,432 - INFO - 
****************************************************************************************************
2026-10-01 15:18:46,947 - INFO - --- training epoch 29, loss 0.0237, mae 0.1724, rmse 0.2179, time elapsed(min) 0.03---
2026-10-01 15:18:47,203 - INFO - --- validation at epoch 29, val_loss 0.0217, val_mae 0.1608, val_rmse 0.2095, val_r2 0.4073, val_pearson 0.6411, lr 1.00e-03 ---
2026-10-01 15:18:47,203 - INFO - 
****************************************************************************************************
2026-10-01 15:18:49,443 - INFO - --- training epoch 30, loss 0.0237, mae 0.1726, rmse 0.2179, time elapsed(min) 0.03---
2026-10-01 15:18:49,698 - INFO - --- validation at epoch 30, val_loss 0.0220, val_mae 0.1644, val_rmse 0.2112, val_r2 0.3974, val_pearson 0.6446, lr 1.00e-03 ---
2026-10-01 15:18:49,699 - INFO - 
****************************************************************************************************
2026-10-01 15:18:52,125 - INFO - --- training epoch 31, loss 0.0249, mae 0.1781, rmse 0.2232, time elapsed(min) 0.03---
2026-10-01 15:18:52,558 - INFO - --- validation at epoch 31, val_loss 0.0214, val_mae 0.1605, val_rmse 0.2091, val_r2 0.4094, val_pearson 0.6416, lr 1.00e-03 ---
2026-10-01 15:18:52,558 - INFO - 
****************************************************************************************************
2026-10-01 15:18:55,131 - INFO - --- training epoch 32, loss 0.0234, mae 0.1715, rmse 0.2163, time elapsed(min) 0.04---
2026-10-01 15:18:55,380 - INFO - --- validation at epoch 32, val_loss 0.0214, val_mae 0.1643, val_rmse 0.2079, val_r2 0.4162, val_pearson 0.6476, lr 1.00e-03 ---
2026-10-01 15:18:55,380 - INFO - 
****************************************************************************************************
2026-10-01 15:18:57,661 - INFO - --- training epoch 33, loss 0.0233, mae 0.1722, rmse 0.2158, time elapsed(min) 0.03---
2026-10-01 15:18:57,928 - INFO - --- validation at epoch 33, val_loss 0.0215, val_mae 0.1685, val_rmse 0.2089, val_r2 0.4108, val_pearson 0.6514, lr 1.00e-03 ---
2026-10-01 15:18:57,928 - INFO - 
****************************************************************************************************
2026-10-01 15:19:00,227 - INFO - --- training epoch 34, loss 0.0236, mae 0.1733, rmse 0.2174, time elapsed(min) 0.03---
2026-10-01 15:19:00,491 - INFO - --- validation at epoch 34, val_loss 0.0219, val_mae 0.1709, val_rmse 0.2103, val_r2 0.4026, val_pearson 0.6447, lr 1.00e-03 ---
2026-10-01 15:19:00,491 - INFO - 
****************************************************************************************************
2026-10-01 15:19:02,894 - INFO - --- training epoch 35, loss 0.0231, mae 0.1710, rmse 0.2148, time elapsed(min) 0.03---
2026-10-01 15:19:03,371 - INFO - --- validation at epoch 35, val_loss 0.0219, val_mae 0.1653, val_rmse 0.2091, val_r2 0.4098, val_pearson 0.6442, lr 1.00e-03 ---
2026-10-01 15:19:03,371 - INFO - 
****************************************************************************************************
2026-10-01 15:19:05,899 - INFO - --- training epoch 36, loss 0.0231, mae 0.1704, rmse 0.2148, time elapsed(min) 0.03---
2026-10-01 15:19:06,159 - INFO - --- validation at epoch 36, val_loss 0.0208, val_mae 0.1588, val_rmse 0.2055, val_r2 0.4297, val_pearson 0.6561, lr 1.00e-03 ---
2026-10-01 15:19:06,159 - INFO - 
****************************************************************************************************
2026-10-01 15:19:08,505 - INFO - --- training epoch 37, loss 0.0237, mae 0.1741, rmse 0.2179, time elapsed(min) 0.03---
2026-10-01 15:19:08,755 - INFO - --- validation at epoch 37, val_loss 0.0222, val_mae 0.1641, val_rmse 0.2123, val_r2 0.3916, val_pearson 0.6325, lr 1.00e-03 ---
2026-10-01 15:19:08,755 - INFO - 
****************************************************************************************************
2026-10-01 15:19:11,068 - INFO - --- training epoch 38, loss 0.0240, mae 0.1749, rmse 0.2191, time elapsed(min) 0.03---
2026-10-01 15:19:11,545 - INFO - --- validation at epoch 38, val_loss 0.0210, val_mae 0.1624, val_rmse 0.2055, val_r2 0.4297, val_pearson 0.6588, lr 1.00e-03 ---
2026-10-01 15:19:11,545 - INFO - 
****************************************************************************************************
2026-10-01 15:19:13,935 - INFO - --- training epoch 39, loss 0.0226, mae 0.1674, rmse 0.2128, time elapsed(min) 0.03---
2026-10-01 15:19:14,197 - INFO - --- validation at epoch 39, val_loss 0.0208, val_mae 0.1593, val_rmse 0.2061, val_r2 0.4261, val_pearson 0.6535, lr 1.00e-03 ---
2026-10-01 15:19:14,198 - INFO - 
****************************************************************************************************
2026-10-01 15:19:16,430 - INFO - --- training epoch 40, loss 0.0226, mae 0.1680, rmse 0.2127, time elapsed(min) 0.03---
2026-10-01 15:19:16,680 - INFO - --- validation at epoch 40, val_loss 0.0230, val_mae 0.1743, val_rmse 0.2145, val_r2 0.3790, val_pearson 0.6768, lr 1.00e-03 ---
2026-10-01 15:19:16,680 - INFO - 
****************************************************************************************************
2026-10-01 15:19:19,095 - INFO - --- training epoch 41, loss 0.0224, mae 0.1664, rmse 0.2117, time elapsed(min) 0.03---
2026-10-01 15:19:19,507 - INFO - --- validation at epoch 41, val_loss 0.0204, val_mae 0.1558, val_rmse 0.2035, val_r2 0.4408, val_pearson 0.6733, lr 1.00e-03 ---
2026-10-01 15:19:19,507 - INFO - 
****************************************************************************************************
2026-10-01 15:19:22,248 - INFO - --- training epoch 42, loss 0.0221, mae 0.1644, rmse 0.2101, time elapsed(min) 0.04---
2026-10-01 15:19:22,502 - INFO - --- validation at epoch 42, val_loss 0.0196, val_mae 0.1547, val_rmse 0.2007, val_r2 0.4562, val_pearson 0.6762, lr 1.00e-03 ---
2026-10-01 15:19:22,502 - INFO - 
****************************************************************************************************
2026-10-01 15:19:24,918 - INFO - --- training epoch 43, loss 0.0282, mae 0.1883, rmse 0.2375, time elapsed(min) 0.03---
2026-10-01 15:19:25,185 - INFO - --- validation at epoch 43, val_loss 0.0243, val_mae 0.1843, val_rmse 0.2196, val_r2 0.3487, val_pearson 0.6462, lr 1.00e-03 ---
2026-10-01 15:19:25,185 - INFO - 
****************************************************************************************************
2026-10-01 15:19:27,444 - INFO - --- training epoch 44, loss 0.0227, mae 0.1688, rmse 0.2130, time elapsed(min) 0.03---
2026-10-01 15:19:27,699 - INFO - --- validation at epoch 44, val_loss 0.0208, val_mae 0.1597, val_rmse 0.2054, val_r2 0.4303, val_pearson 0.6633, lr 1.00e-03 ---
2026-10-01 15:19:27,699 - INFO - 
****************************************************************************************************
2026-10-01 15:19:30,097 - INFO - --- training epoch 45, loss 0.0219, mae 0.1638, rmse 0.2091, time elapsed(min) 0.03---
2026-10-01 15:19:30,596 - INFO - --- validation at epoch 45, val_loss 0.0215, val_mae 0.1646, val_rmse 0.2065, val_r2 0.4242, val_pearson 0.6759, lr 1.00e-03 ---
2026-10-01 15:19:30,596 - INFO - 
****************************************************************************************************
2026-10-01 15:19:33,020 - INFO - --- training epoch 46, loss 0.0215, mae 0.1626, rmse 0.2076, time elapsed(min) 0.03---
2026-10-01 15:19:33,270 - INFO - --- validation at epoch 46, val_loss 0.0205, val_mae 0.1617, val_rmse 0.2023, val_r2 0.4473, val_pearson 0.6838, lr 1.00e-03 ---
2026-10-01 15:19:33,270 - INFO - 
****************************************************************************************************
2026-10-01 15:19:35,541 - INFO - --- training epoch 47, loss 0.0206, mae 0.1584, rmse 0.2028, time elapsed(min) 0.03---
2026-10-01 15:19:35,794 - INFO - --- validation at epoch 47, val_loss 0.0194, val_mae 0.1567, val_rmse 0.1987, val_r2 0.4669, val_pearson 0.6878, lr 1.00e-03 ---
2026-10-01 15:19:35,794 - INFO - 
****************************************************************************************************
2026-10-01 15:19:38,110 - INFO - --- training epoch 48, loss 0.0212, mae 0.1610, rmse 0.2057, time elapsed(min) 0.03---
2026-10-01 15:19:38,580 - INFO - --- validation at epoch 48, val_loss 0.0189, val_mae 0.1539, val_rmse 0.1961, val_r2 0.4808, val_pearson 0.6952, lr 1.00e-03 ---
2026-10-01 15:19:38,580 - INFO - 
****************************************************************************************************
2026-10-01 15:19:41,089 - INFO - --- training epoch 49, loss 0.0213, mae 0.1617, rmse 0.2065, time elapsed(min) 0.03---
2026-10-01 15:19:41,347 - INFO - --- validation at epoch 49, val_loss 0.0208, val_mae 0.1642, val_rmse 0.2042, val_r2 0.4370, val_pearson 0.6951, lr 1.00e-03 ---
2026-10-01 15:19:41,347 - INFO - 
****************************************************************************************************
2026-10-01 15:19:43,658 - INFO - --- training epoch 50, loss 0.0210, mae 0.1609, rmse 0.2052, time elapsed(min) 0.03---
2026-10-01 15:19:43,915 - INFO - --- validation at epoch 50, val_loss 0.0191, val_mae 0.1556, val_rmse 0.1968, val_r2 0.4768, val_pearson 0.6982, lr 1.00e-03 ---
2026-10-01 15:19:43,915 - INFO - 
****************************************************************************************************
2026-10-01 15:19:46,192 - INFO - --- training epoch 51, loss 0.0205, mae 0.1577, rmse 0.2024, time elapsed(min) 0.03---
2026-10-01 15:19:46,608 - INFO - --- validation at epoch 51, val_loss 0.0187, val_mae 0.1537, val_rmse 0.1952, val_r2 0.4854, val_pearson 0.6990, lr 1.00e-03 ---
2026-10-01 15:19:46,608 - INFO - 
****************************************************************************************************
2026-10-01 15:19:49,278 - INFO - --- training epoch 52, loss 0.0206, mae 0.1588, rmse 0.2028, time elapsed(min) 0.04---
2026-10-01 15:19:49,531 - INFO - --- validation at epoch 52, val_loss 0.0195, val_mae 0.1581, val_rmse 0.1994, val_r2 0.4632, val_pearson 0.6881, lr 1.00e-03 ---
2026-10-01 15:19:49,531 - INFO - 
****************************************************************************************************
2026-10-01 15:19:51,827 - INFO - --- training epoch 53, loss 0.0203, mae 0.1574, rmse 0.2013, time elapsed(min) 0.03---
2026-10-01 15:19:52,094 - INFO - --- validation at epoch 53, val_loss 0.0190, val_mae 0.1545, val_rmse 0.1969, val_r2 0.4766, val_pearson 0.6993, lr 1.00e-03 ---
2026-10-01 15:19:52,094 - INFO - 
****************************************************************************************************
2026-10-01 15:19:54,493 - INFO - --- training epoch 54, loss 0.0203, mae 0.1578, rmse 0.2015, time elapsed(min) 0.03---
2026-10-01 15:19:54,933 - INFO - --- validation at epoch 54, val_loss 0.0192, val_mae 0.1566, val_rmse 0.1975, val_r2 0.4733, val_pearson 0.6992, lr 1.00e-03 ---
2026-10-01 15:19:54,933 - INFO - 
****************************************************************************************************
2026-10-01 15:19:57,478 - INFO - --- training epoch 55, loss 0.0200, mae 0.1561, rmse 0.1999, time elapsed(min) 0.04---
2026-10-01 15:19:57,731 - INFO - --- validation at epoch 55, val_loss 0.0199, val_mae 0.1613, val_rmse 0.2019, val_r2 0.4496, val_pearson 0.6980, lr 1.00e-03 ---
2026-10-01 15:19:57,731 - INFO - 
****************************************************************************************************
2026-10-01 15:19:59,967 - INFO - --- training epoch 56, loss 0.0199, mae 0.1567, rmse 0.1996, time elapsed(min) 0.03---
2026-10-01 15:20:00,224 - INFO - --- validation at epoch 56, val_loss 0.0198, val_mae 0.1599, val_rmse 0.2020, val_r2 0.4492, val_pearson 0.6985, lr 1.00e-03 ---
2026-10-01 15:20:00,224 - INFO - 
****************************************************************************************************
2026-10-01 15:20:02,533 - INFO - --- training epoch 57, loss 0.0198, mae 0.1556, rmse 0.1991, time elapsed(min) 0.03---
2026-10-01 15:20:02,795 - INFO - --- validation at epoch 57, val_loss 0.0186, val_mae 0.1554, val_rmse 0.1954, val_r2 0.4846, val_pearson 0.7105, lr 1.00e-03 ---
2026-10-01 15:20:02,795 - INFO - 
****************************************************************************************************
2026-10-01 15:20:05,239 - INFO - --- training epoch 58, loss 0.0202, mae 0.1583, rmse 0.2011, time elapsed(min) 0.03---
2026-10-01 15:20:05,718 - INFO - --- validation at epoch 58, val_loss 0.0182, val_mae 0.1504, val_rmse 0.1929, val_r2 0.4975, val_pearson 0.7071, lr 1.00e-03 ---
2026-10-01 15:20:05,718 - INFO - 
****************************************************************************************************
2026-10-01 15:20:08,137 - INFO - --- training epoch 59, loss 0.0198, mae 0.1556, rmse 0.1990, time elapsed(min) 0.03---
2026-10-01 15:20:08,399 - INFO - --- validation at epoch 59, val_loss 0.0178, val_mae 0.1503, val_rmse 0.1907, val_r2 0.5090, val_pearson 0.7208, lr 1.00e-03 ---
2026-10-01 15:20:08,399 - INFO - 
****************************************************************************************************
2026-10-01 15:20:10,755 - INFO - --- training epoch 60, loss 0.0194, mae 0.1541, rmse 0.1969, time elapsed(min) 0.03---
2026-10-01 15:20:11,020 - INFO - --- validation at epoch 60, val_loss 0.0170, val_mae 0.1457, val_rmse 0.1871, val_r2 0.5270, val_pearson 0.7273, lr 1.00e-03 ---
2026-10-01 15:20:11,020 - INFO - 
****************************************************************************************************
2026-10-01 15:20:13,433 - INFO - --- training epoch 61, loss 0.0193, mae 0.1535, rmse 0.1966, time elapsed(min) 0.03---
2026-10-01 15:20:13,909 - INFO - --- validation at epoch 61, val_loss 0.0172, val_mae 0.1495, val_rmse 0.1883, val_r2 0.5211, val_pearson 0.7272, lr 1.00e-03 ---
2026-10-01 15:20:13,910 - INFO - 
****************************************************************************************************
2026-10-01 15:20:16,475 - INFO - --- training epoch 62, loss 0.0194, mae 0.1541, rmse 0.1969, time elapsed(min) 0.04---
2026-10-01 15:20:16,727 - INFO - --- validation at epoch 62, val_loss 0.0169, val_mae 0.1485, val_rmse 0.1877, val_r2 0.5244, val_pearson 0.7265, lr 1.00e-03 ---
2026-10-01 15:20:16,727 - INFO - 
****************************************************************************************************
2026-10-01 15:20:19,052 - INFO - --- training epoch 63, loss 0.0191, mae 0.1525, rmse 0.1953, time elapsed(min) 0.03---
2026-10-01 15:20:19,331 - INFO - --- validation at epoch 63, val_loss 0.0168, val_mae 0.1480, val_rmse 0.1878, val_r2 0.5238, val_pearson 0.7246, lr 1.00e-03 ---
2026-10-01 15:20:19,331 - INFO - 
****************************************************************************************************
2026-10-01 15:20:21,648 - INFO - --- training epoch 64, loss 0.0186, mae 0.1498, rmse 0.1927, time elapsed(min) 0.03---
2026-10-01 15:20:22,075 - INFO - --- validation at epoch 64, val_loss 0.0169, val_mae 0.1489, val_rmse 0.1881, val_r2 0.5223, val_pearson 0.7299, lr 1.00e-03 ---
2026-10-01 15:20:22,076 - INFO - 
****************************************************************************************************
2026-10-01 15:20:24,719 - INFO - --- training epoch 65, loss 0.0186, mae 0.1503, rmse 0.1926, time elapsed(min) 0.04---
2026-10-01 15:20:24,988 - INFO - --- validation at epoch 65, val_loss 0.0166, val_mae 0.1463, val_rmse 0.1861, val_r2 0.5323, val_pearson 0.7306, lr 1.00e-03 ---
2026-10-01 15:20:24,988 - INFO - 
****************************************************************************************************
2026-10-01 15:20:27,352 - INFO - --- training epoch 66, loss 0.0182, mae 0.1480, rmse 0.1908, time elapsed(min) 0.03---
2026-10-01 15:20:27,606 - INFO - --- validation at epoch 66, val_loss 0.0168, val_mae 0.1478, val_rmse 0.1870, val_r2 0.5279, val_pearson 0.7373, lr 1.00e-03 ---
2026-10-01 15:20:27,606 - INFO - 
****************************************************************************************************
2026-10-01 15:20:29,955 - INFO - --- training epoch 67, loss 0.0187, mae 0.1505, rmse 0.1935, time elapsed(min) 0.03---
2026-10-01 15:20:30,396 - INFO - --- validation at epoch 67, val_loss 0.0165, val_mae 0.1448, val_rmse 0.1841, val_r2 0.5425, val_pearson 0.7391, lr 1.00e-03 ---
2026-10-01 15:20:30,397 - INFO - 
****************************************************************************************************
2026-10-01 15:20:33,013 - INFO - --- training epoch 68, loss 0.0188, mae 0.1512, rmse 0.1940, time elapsed(min) 0.04---
2026-10-01 15:20:33,264 - INFO - --- validation at epoch 68, val_loss 0.0170, val_mae 0.1473, val_rmse 0.1867, val_r2 0.5292, val_pearson 0.7301, lr 1.00e-03 ---
2026-10-01 15:20:33,264 - INFO - 
****************************************************************************************************
2026-10-01 15:20:35,557 - INFO - --- training epoch 69, loss 0.0191, mae 0.1530, rmse 0.1954, time elapsed(min) 0.03---
2026-10-01 15:20:35,816 - INFO - --- validation at epoch 69, val_loss 0.0173, val_mae 0.1492, val_rmse 0.1890, val_r2 0.5175, val_pearson 0.7372, lr 1.00e-03 ---
2026-10-01 15:20:35,816 - INFO - 
****************************************************************************************************
2026-10-01 15:20:38,111 - INFO - --- training epoch 70, loss 0.0187, mae 0.1494, rmse 0.1934, time elapsed(min) 0.03---
2026-10-01 15:20:38,534 - INFO - --- validation at epoch 70, val_loss 0.0163, val_mae 0.1429, val_rmse 0.1835, val_r2 0.5455, val_pearson 0.7395, lr 1.00e-03 ---
2026-10-01 15:20:38,534 - INFO - 
****************************************************************************************************
2026-10-01 15:20:41,152 - INFO - --- training epoch 71, loss 0.0183, mae 0.1482, rmse 0.1914, time elapsed(min) 0.04---
2026-10-01 15:20:41,405 - INFO - --- validation at epoch 71, val_loss 0.0169, val_mae 0.1479, val_rmse 0.1859, val_r2 0.5332, val_pearson 0.7417, lr 1.00e-03 ---
2026-10-01 15:20:41,405 - INFO - 
****************************************************************************************************
2026-10-01 15:20:43,680 - INFO - --- training epoch 72, loss 0.0183, mae 0.1484, rmse 0.1912, time elapsed(min) 0.03---
2026-10-01 15:20:43,943 - INFO - --- validation at epoch 72, val_loss 0.0168, val_mae 0.1473, val_rmse 0.1867, val_r2 0.5293, val_pearson 0.7359, lr 1.00e-03 ---
2026-10-01 15:20:43,943 - INFO - 
****************************************************************************************************
2026-10-01 15:20:46,242 - INFO - --- training epoch 73, loss 0.0182, mae 0.1482, rmse 0.1910, time elapsed(min) 0.03---
2026-10-01 15:20:46,659 - INFO - --- validation at epoch 73, val_loss 0.0172, val_mae 0.1495, val_rmse 0.1883, val_r2 0.5213, val_pearson 0.7268, lr 1.00e-03 ---
2026-10-01 15:20:46,659 - INFO - 
****************************************************************************************************
2026-10-01 15:20:49,233 - INFO - --- training epoch 74, loss 0.0188, mae 0.1510, rmse 0.1941, time elapsed(min) 0.04---
2026-10-01 15:20:49,488 - INFO - --- validation at epoch 74, val_loss 0.0180, val_mae 0.1557, val_rmse 0.1927, val_r2 0.4988, val_pearson 0.7361, lr 1.00e-03 ---
2026-10-01 15:20:49,489 - INFO - 
****************************************************************************************************
2026-10-01 15:20:51,790 - INFO - --- training epoch 75, loss 0.0186, mae 0.1507, rmse 0.1930, time elapsed(min) 0.03---
2026-10-01 15:20:52,050 - INFO - --- validation at epoch 75, val_loss 0.0175, val_mae 0.1505, val_rmse 0.1895, val_r2 0.5148, val_pearson 0.7373, lr 1.00e-03 ---
2026-10-01 15:20:52,050 - INFO - 
****************************************************************************************************
2026-10-01 15:20:54,421 - INFO - --- training epoch 76, loss 0.0187, mae 0.1497, rmse 0.1934, time elapsed(min) 0.03---
2026-10-01 15:20:54,874 - INFO - --- validation at epoch 76, val_loss 0.0177, val_mae 0.1523, val_rmse 0.1915, val_r2 0.5049, val_pearson 0.7288, lr 1.00e-03 ---
2026-10-01 15:20:54,874 - INFO - 
****************************************************************************************************
2026-10-01 15:20:57,493 - INFO - --- training epoch 77, loss 0.0180, mae 0.1472, rmse 0.1895, time elapsed(min) 0.04---
2026-10-01 15:20:57,747 - INFO - --- validation at epoch 77, val_loss 0.0170, val_mae 0.1485, val_rmse 0.1881, val_r2 0.5221, val_pearson 0.7274, lr 1.00e-03 ---
2026-10-01 15:20:57,747 - INFO - 
****************************************************************************************************
2026-10-01 15:21:00,098 - INFO - --- training epoch 78, loss 0.0183, mae 0.1486, rmse 0.1915, time elapsed(min) 0.03---
2026-10-01 15:21:00,354 - INFO - --- validation at epoch 78, val_loss 0.0180, val_mae 0.1561, val_rmse 0.1913, val_r2 0.5057, val_pearson 0.7373, lr 1.00e-03 ---
2026-10-01 15:21:00,354 - INFO - 
****************************************************************************************************
2026-10-01 15:21:02,697 - INFO - --- training epoch 79, loss 0.0195, mae 0.1540, rmse 0.1974, time elapsed(min) 0.03---
2026-10-01 15:21:02,962 - INFO - --- validation at epoch 79, val_loss 0.0209, val_mae 0.1630, val_rmse 0.2066, val_r2 0.4235, val_pearson 0.7367, lr 1.00e-03 ---
2026-10-01 15:21:02,962 - INFO - 
****************************************************************************************************
2026-10-01 15:21:05,373 - INFO - --- training epoch 80, loss 0.0191, mae 0.1513, rmse 0.1952, time elapsed(min) 0.03---
2026-10-01 15:21:05,993 - INFO - --- validation at epoch 80, val_loss 0.0161, val_mae 0.1435, val_rmse 0.1829, val_r2 0.5481, val_pearson 0.7411, lr 1.00e-03 ---
2026-10-01 15:21:05,993 - INFO - 
****************************************************************************************************
2026-10-01 15:21:08,357 - INFO - --- training epoch 81, loss 0.0187, mae 0.1499, rmse 0.1934, time elapsed(min) 0.03---
2026-10-01 15:21:08,612 - INFO - --- validation at epoch 81, val_loss 0.0161, val_mae 0.1429, val_rmse 0.1829, val_r2 0.5484, val_pearson 0.7421, lr 1.00e-03 ---
2026-10-01 15:21:08,612 - INFO - 
****************************************************************************************************
2026-10-01 15:21:10,956 - INFO - --- training epoch 82, loss 0.0182, mae 0.1473, rmse 0.1906, time elapsed(min) 0.03---
2026-10-01 15:21:11,226 - INFO - --- validation at epoch 82, val_loss 0.0160, val_mae 0.1411, val_rmse 0.1822, val_r2 0.5518, val_pearson 0.7430, lr 1.00e-03 ---
2026-10-01 15:21:11,226 - INFO - 
****************************************************************************************************
2026-10-01 15:21:13,692 - INFO - --- training epoch 83, loss 0.0187, mae 0.1488, rmse 0.1934, time elapsed(min) 0.03---
2026-10-01 15:21:14,145 - INFO - --- validation at epoch 83, val_loss 0.0155, val_mae 0.1403, val_rmse 0.1798, val_r2 0.5635, val_pearson 0.7563, lr 1.00e-03 ---
2026-10-01 15:21:14,145 - INFO - 
****************************************************************************************************
2026-10-01 15:21:16,750 - INFO - --- training epoch 84, loss 0.0177, mae 0.1456, rmse 0.1883, time elapsed(min) 0.04---
2026-10-01 15:21:17,008 - INFO - --- validation at epoch 84, val_loss 0.0162, val_mae 0.1442, val_rmse 0.1834, val_r2 0.5456, val_pearson 0.7454, lr 1.00e-03 ---
2026-10-01 15:21:17,008 - INFO - 
****************************************************************************************************
2026-10-01 15:21:19,285 - INFO - --- training epoch 85, loss 0.0179, mae 0.1460, rmse 0.1892, time elapsed(min) 0.03---
2026-10-01 15:21:19,542 - INFO - --- validation at epoch 85, val_loss 0.0177, val_mae 0.1518, val_rmse 0.1899, val_r2 0.5129, val_pearson 0.7231, lr 1.00e-03 ---
2026-10-01 15:21:19,542 - INFO - 
****************************************************************************************************
2026-10-01 15:21:21,836 - INFO - --- training epoch 86, loss 0.0178, mae 0.1463, rmse 0.1886, time elapsed(min) 0.03---
2026-10-01 15:21:22,252 - INFO - --- validation at epoch 86, val_loss 0.0157, val_mae 0.1404, val_rmse 0.1790, val_r2 0.5672, val_pearson 0.7566, lr 1.00e-03 ---
2026-10-01 15:21:22,253 - INFO - 
****************************************************************************************************
2026-10-01 15:21:24,814 - INFO - --- training epoch 87, loss 0.0180, mae 0.1464, rmse 0.1899, time elapsed(min) 0.04---
2026-10-01 15:21:25,067 - INFO - --- validation at epoch 87, val_loss 0.0173, val_mae 0.1490, val_rmse 0.1867, val_r2 0.5295, val_pearson 0.7471, lr 1.00e-03 ---
2026-10-01 15:21:25,067 - INFO - 
****************************************************************************************************
2026-10-01 15:21:27,362 - INFO - --- training epoch 88, loss 0.0172, mae 0.1428, rmse 0.1853, time elapsed(min) 0.03---
2026-10-01 15:21:27,622 - INFO - --- validation at epoch 88, val_loss 0.0161, val_mae 0.1429, val_rmse 0.1827, val_r2 0.5494, val_pearson 0.7482, lr 1.00e-03 ---
2026-10-01 15:21:27,622 - INFO - 
****************************************************************************************************
2026-10-01 15:21:29,988 - INFO - --- training epoch 89, loss 0.0172, mae 0.1428, rmse 0.1857, time elapsed(min) 0.03---
2026-10-01 15:21:30,418 - INFO - --- validation at epoch 89, val_loss 0.0158, val_mae 0.1412, val_rmse 0.1806, val_r2 0.5596, val_pearson 0.7520, lr 1.00e-03 ---
2026-10-01 15:21:30,418 - INFO - 
****************************************************************************************************
2026-10-01 15:21:32,851 - INFO - --- training epoch 90, loss 0.0175, mae 0.1435, rmse 0.1870, time elapsed(min) 0.03---
2026-10-01 15:21:33,114 - INFO - --- validation at epoch 90, val_loss 0.0176, val_mae 0.1498, val_rmse 0.1887, val_r2 0.5190, val_pearson 0.7316, lr 1.00e-03 ---
2026-10-01 15:21:33,114 - INFO - 
****************************************************************************************************
2026-10-01 15:21:35,402 - INFO - --- training epoch 91, loss 0.0172, mae 0.1441, rmse 0.1853, time elapsed(min) 0.03---
2026-10-01 15:21:35,660 - INFO - --- validation at epoch 91, val_loss 0.0157, val_mae 0.1387, val_rmse 0.1786, val_r2 0.5692, val_pearson 0.7618, lr 1.00e-03 ---
2026-10-01 15:21:35,660 - INFO - 
****************************************************************************************************
2026-10-01 15:21:37,955 - INFO - --- training epoch 92, loss 0.0168, mae 0.1407, rmse 0.1834, time elapsed(min) 0.03---
2026-10-01 15:21:38,370 - INFO - --- validation at epoch 92, val_loss 0.0153, val_mae 0.1386, val_rmse 0.1768, val_r2 0.5780, val_pearson 0.7652, lr 1.00e-03 ---
2026-10-01 15:21:38,370 - INFO - 
****************************************************************************************************
2026-10-01 15:21:40,890 - INFO - --- training epoch 93, loss 0.0167, mae 0.1409, rmse 0.1829, time elapsed(min) 0.03---
2026-10-01 15:21:41,367 - INFO - --- validation at epoch 93, val_loss 0.0149, val_mae 0.1371, val_rmse 0.1751, val_r2 0.5860, val_pearson 0.7708, lr 1.00e-03 ---
2026-10-01 15:21:41,367 - INFO - 
****************************************************************************************************
2026-10-01 15:21:43,822 - INFO - --- training epoch 94, loss 0.0166, mae 0.1406, rmse 0.1824, time elapsed(min) 0.03---
2026-10-01 15:21:44,079 - INFO - --- validation at epoch 94, val_loss 0.0202, val_mae 0.1605, val_rmse 0.2018, val_r2 0.4499, val_pearson 0.7663, lr 1.00e-03 ---
2026-10-01 15:21:44,080 - INFO - 
****************************************************************************************************
2026-10-01 15:21:46,423 - INFO - --- training epoch 95, loss 0.0173, mae 0.1439, rmse 0.1860, time elapsed(min) 0.03---
2026-10-01 15:21:46,673 - INFO - --- validation at epoch 95, val_loss 0.0161, val_mae 0.1404, val_rmse 0.1818, val_r2 0.5537, val_pearson 0.7610, lr 1.00e-03 ---
2026-10-01 15:21:46,673 - INFO - 
****************************************************************************************************
2026-10-01 15:21:49,086 - INFO - --- training epoch 96, loss 0.0173, mae 0.1432, rmse 0.1858, time elapsed(min) 0.03---
2026-10-01 15:21:49,575 - INFO - --- validation at epoch 96, val_loss 0.0157, val_mae 0.1434, val_rmse 0.1792, val_r2 0.5663, val_pearson 0.7651, lr 1.00e-03 ---
2026-10-01 15:21:49,575 - INFO - 
****************************************************************************************************
2026-10-01 15:21:51,970 - INFO - --- training epoch 97, loss 0.0166, mae 0.1398, rmse 0.1821, time elapsed(min) 0.03---
2026-10-01 15:21:52,227 - INFO - --- validation at epoch 97, val_loss 0.0161, val_mae 0.1405, val_rmse 0.1815, val_r2 0.5549, val_pearson 0.7543, lr 1.00e-03 ---
2026-10-01 15:21:52,227 - INFO - 
****************************************************************************************************
2026-10-01 15:21:54,489 - INFO - --- training epoch 98, loss 0.0158, mae 0.1361, rmse 0.1780, time elapsed(min) 0.03---
2026-10-01 15:21:54,743 - INFO - --- validation at epoch 98, val_loss 0.0153, val_mae 0.1353, val_rmse 0.1757, val_r2 0.5831, val_pearson 0.7678, lr 1.00e-03 ---
2026-10-01 15:21:54,743 - INFO - 
****************************************************************************************************
2026-10-01 15:21:57,099 - INFO - --- training epoch 99, loss 0.0159, mae 0.1375, rmse 0.1784, time elapsed(min) 0.03---
2026-10-01 15:21:57,543 - INFO - --- validation at epoch 99, val_loss 0.0148, val_mae 0.1356, val_rmse 0.1746, val_r2 0.5881, val_pearson 0.7694, lr 1.00e-03 ---
2026-10-01 15:21:57,543 - INFO - 
****************************************************************************************************
2026-10-01 15:21:58,635 - INFO - --- selected checkpoint from epoch 99, val_loss 0.0148, val_mae 0.1356, val_rmse 0.1746
2026-10-01 15:21:59,669 - INFO - -- RESULT
2026-10-01 15:21:59,669 - INFO - --- test size: 1728
2026-10-01 15:21:59,669 - INFO - --- MAE: 0.1365 (13.65 pp), RMSE: 0.1767 (17.67 pp), R2: 0.6036, Pearson: 0.7780
