2026-10-01 17:58:57,255 - INFO - device is	cuda:0
2026-10-01 17:58:57,368 - INFO - -- CONFIGURATIONS
2026-10-01 17:58:57,368 - INFO - --- train/valid/test: 3628/404/1728
2026-10-01 17:58:57,368 - INFO - --- max no. reactants_train, valid, test respectively: 14, 14, 14
2026-10-01 17:58:57,368 - INFO - --- max no. products_train, valid, test respectively: 1, 1, 1
2026-10-01 17:58:57,368 - INFO - --- model_path: ../logs/approach1_server/option_b_linear/suzuki/runs/suzuki_split_6_20261001_175857/split_6/model.pt
2026-10-01 17:58:57,470 - INFO - -- TRAINING
2026-10-01 17:58:59,747 - INFO - --- training epoch 0, loss 2.2210, mae 2.5416, rmse 6.9537, time elapsed(min) 0.04---
2026-10-01 17:59:00,018 - INFO - --- validation at epoch 0, val_loss 0.0403, val_mae 0.2562, val_rmse 0.2882, val_r2 -0.1348, val_pearson -0.1334, lr 1.00e-03 ---
2026-10-01 17:59:00,018 - INFO - 
****************************************************************************************************
2026-10-01 17:59:02,265 - INFO - --- training epoch 1, loss 0.0404, mae 0.2463, rmse 0.2844, time elapsed(min) 0.03---
2026-10-01 17:59:02,507 - INFO - --- validation at epoch 1, val_loss 0.0359, val_mae 0.2341, val_rmse 0.2706, val_r2 -0.0004, val_pearson 0.0455, lr 1.00e-03 ---
2026-10-01 17:59:02,507 - INFO - 
****************************************************************************************************
2026-10-01 17:59:04,752 - INFO - --- training epoch 2, loss 0.0395, mae 0.2435, rmse 0.2810, time elapsed(min) 0.03---
2026-10-01 17:59:05,152 - INFO - --- validation at epoch 2, val_loss 0.0360, val_mae 0.2314, val_rmse 0.2705, val_r2 -0.0001, val_pearson 0.1449, lr 1.00e-03 ---
2026-10-01 17:59:05,152 - INFO - 
****************************************************************************************************
2026-10-01 17:59:07,488 - INFO - --- training epoch 3, loss 0.0396, mae 0.2436, rmse 0.2816, time elapsed(min) 0.03---
2026-10-01 17:59:07,924 - INFO - --- validation at epoch 3, val_loss 0.0366, val_mae 0.2287, val_rmse 0.2724, val_r2 -0.0142, val_pearson 0.1420, lr 1.00e-03 ---
2026-10-01 17:59:07,925 - INFO - 
****************************************************************************************************
2026-10-01 17:59:10,207 - INFO - --- training epoch 4, loss 0.0395, mae 0.2431, rmse 0.2811, time elapsed(min) 0.03---
2026-10-01 17:59:10,467 - INFO - --- validation at epoch 4, val_loss 0.0357, val_mae 0.2324, val_rmse 0.2696, val_r2 0.0066, val_pearson 0.1390, lr 1.00e-03 ---
2026-10-01 17:59:10,467 - INFO - 
****************************************************************************************************
2026-10-01 17:59:12,741 - INFO - --- training epoch 5, loss 0.0394, mae 0.2426, rmse 0.2808, time elapsed(min) 0.03---
2026-10-01 17:59:12,992 - INFO - --- validation at epoch 5, val_loss 0.0386, val_mae 0.2269, val_rmse 0.2787, val_r2 -0.0612, val_pearson 0.1420, lr 1.00e-03 ---
2026-10-01 17:59:12,992 - INFO - 
****************************************************************************************************
2026-10-01 17:59:15,247 - INFO - --- training epoch 6, loss 0.0399, mae 0.2436, rmse 0.2826, time elapsed(min) 0.03---
2026-10-01 17:59:15,703 - INFO - --- validation at epoch 6, val_loss 0.0355, val_mae 0.2303, val_rmse 0.2686, val_r2 0.0141, val_pearson 0.1653, lr 1.00e-03 ---
2026-10-01 17:59:15,704 - INFO - 
****************************************************************************************************
2026-10-01 17:59:18,225 - INFO - --- training epoch 7, loss 0.0387, mae 0.2410, rmse 0.2783, time elapsed(min) 0.03---
2026-10-01 17:59:18,486 - INFO - --- validation at epoch 7, val_loss 0.0353, val_mae 0.2277, val_rmse 0.2673, val_r2 0.0236, val_pearson 0.1982, lr 1.00e-03 ---
2026-10-01 17:59:18,486 - INFO - 
****************************************************************************************************
2026-10-01 17:59:20,765 - INFO - --- training epoch 8, loss 0.0402, mae 0.2425, rmse 0.2834, time elapsed(min) 0.03---
2026-10-01 17:59:21,026 - INFO - --- validation at epoch 8, val_loss 0.0426, val_mae 0.2263, val_rmse 0.2914, val_r2 -0.1603, val_pearson 0.1942, lr 1.00e-03 ---
2026-10-01 17:59:21,026 - INFO - 
****************************************************************************************************
2026-10-01 17:59:23,374 - INFO - --- training epoch 9, loss 0.0411, mae 0.2440, rmse 0.2868, time elapsed(min) 0.03---
2026-10-01 17:59:23,785 - INFO - --- validation at epoch 9, val_loss 0.0396, val_mae 0.2243, val_rmse 0.2813, val_r2 -0.0810, val_pearson 0.1850, lr 1.00e-03 ---
2026-10-01 17:59:23,785 - INFO - 
****************************************************************************************************
2026-10-01 17:59:26,361 - INFO - --- training epoch 10, loss 0.0395, mae 0.2414, rmse 0.2810, time elapsed(min) 0.04---
2026-10-01 17:59:26,616 - INFO - --- validation at epoch 10, val_loss 0.0349, val_mae 0.2277, val_rmse 0.2659, val_r2 0.0342, val_pearson 0.2008, lr 1.00e-03 ---
2026-10-01 17:59:26,616 - INFO - 
****************************************************************************************************
2026-10-01 17:59:28,988 - INFO - --- training epoch 11, loss 0.0380, mae 0.2381, rmse 0.2758, time elapsed(min) 0.03---
2026-10-01 17:59:29,237 - INFO - --- validation at epoch 11, val_loss 0.0348, val_mae 0.2238, val_rmse 0.2647, val_r2 0.0425, val_pearson 0.2277, lr 1.00e-03 ---
2026-10-01 17:59:29,237 - INFO - 
****************************************************************************************************
2026-10-01 17:59:31,520 - INFO - --- training epoch 12, loss 0.0385, mae 0.2388, rmse 0.2774, time elapsed(min) 0.03---
2026-10-01 17:59:31,940 - INFO - --- validation at epoch 12, val_loss 0.0347, val_mae 0.2234, val_rmse 0.2643, val_r2 0.0457, val_pearson 0.2264, lr 1.00e-03 ---
2026-10-01 17:59:31,940 - INFO - 
****************************************************************************************************
2026-10-01 17:59:34,378 - INFO - --- training epoch 13, loss 0.0381, mae 0.2384, rmse 0.2761, time elapsed(min) 0.03---
2026-10-01 17:59:34,983 - INFO - --- validation at epoch 13, val_loss 0.0351, val_mae 0.2209, val_rmse 0.2652, val_r2 0.0393, val_pearson 0.2495, lr 1.00e-03 ---
2026-10-01 17:59:34,983 - INFO - 
****************************************************************************************************
2026-10-01 17:59:37,304 - INFO - --- training epoch 14, loss 0.0382, mae 0.2375, rmse 0.2764, time elapsed(min) 0.03---
2026-10-01 17:59:37,554 - INFO - --- validation at epoch 14, val_loss 0.0344, val_mae 0.2215, val_rmse 0.2631, val_r2 0.0538, val_pearson 0.2509, lr 1.00e-03 ---
2026-10-01 17:59:37,554 - INFO - 
****************************************************************************************************
2026-10-01 17:59:39,862 - INFO - --- training epoch 15, loss 0.0384, mae 0.2384, rmse 0.2770, time elapsed(min) 0.03---
2026-10-01 17:59:40,117 - INFO - --- validation at epoch 15, val_loss 0.0355, val_mae 0.2190, val_rmse 0.2664, val_r2 0.0303, val_pearson 0.2536, lr 1.00e-03 ---
2026-10-01 17:59:40,117 - INFO - 
****************************************************************************************************
2026-10-01 17:59:42,435 - INFO - --- training epoch 16, loss 0.0384, mae 0.2379, rmse 0.2771, time elapsed(min) 0.03---
2026-10-01 17:59:42,909 - INFO - --- validation at epoch 16, val_loss 0.0351, val_mae 0.2195, val_rmse 0.2652, val_r2 0.0389, val_pearson 0.2586, lr 1.00e-03 ---
2026-10-01 17:59:42,909 - INFO - 
****************************************************************************************************
2026-10-01 17:59:45,246 - INFO - --- training epoch 17, loss 0.0386, mae 0.2387, rmse 0.2777, time elapsed(min) 0.03---
2026-10-01 17:59:45,507 - INFO - --- validation at epoch 17, val_loss 0.0348, val_mae 0.2187, val_rmse 0.2641, val_r2 0.0473, val_pearson 0.2772, lr 1.00e-03 ---
2026-10-01 17:59:45,508 - INFO - 
****************************************************************************************************
2026-10-01 17:59:47,761 - INFO - --- training epoch 18, loss 0.0385, mae 0.2381, rmse 0.2775, time elapsed(min) 0.03---
2026-10-01 17:59:48,028 - INFO - --- validation at epoch 18, val_loss 0.0360, val_mae 0.2170, val_rmse 0.2677, val_r2 0.0206, val_pearson 0.2864, lr 1.00e-03 ---
2026-10-01 17:59:48,028 - INFO - 
****************************************************************************************************
2026-10-01 17:59:50,402 - INFO - --- training epoch 19, loss 0.0384, mae 0.2371, rmse 0.2772, time elapsed(min) 0.03---
2026-10-01 17:59:50,833 - INFO - --- validation at epoch 19, val_loss 0.0364, val_mae 0.2167, val_rmse 0.2688, val_r2 0.0129, val_pearson 0.2920, lr 1.00e-03 ---
2026-10-01 17:59:50,833 - INFO - 
****************************************************************************************************
2026-10-01 17:59:53,353 - INFO - --- training epoch 20, loss 0.0378, mae 0.2336, rmse 0.2751, time elapsed(min) 0.04---
2026-10-01 17:59:53,605 - INFO - --- validation at epoch 20, val_loss 0.0349, val_mae 0.2132, val_rmse 0.2632, val_r2 0.0532, val_pearson 0.3139, lr 1.00e-03 ---
2026-10-01 17:59:53,605 - INFO - 
****************************************************************************************************
2026-10-01 17:59:55,843 - INFO - --- training epoch 21, loss 0.0384, mae 0.2343, rmse 0.2773, time elapsed(min) 0.03---
2026-10-01 17:59:56,099 - INFO - --- validation at epoch 21, val_loss 0.0314, val_mae 0.2105, val_rmse 0.2520, val_r2 0.1321, val_pearson 0.4037, lr 1.00e-03 ---
2026-10-01 17:59:56,099 - INFO - 
****************************************************************************************************
2026-10-01 17:59:58,426 - INFO - --- training epoch 22, loss 0.0351, mae 0.2210, rmse 0.2649, time elapsed(min) 0.03---
2026-10-01 17:59:58,842 - INFO - --- validation at epoch 22, val_loss 0.0327, val_mae 0.2201, val_rmse 0.2587, val_r2 0.0853, val_pearson 0.3517, lr 1.00e-03 ---
2026-10-01 17:59:58,842 - INFO - 
****************************************************************************************************
2026-10-01 18:00:01,359 - INFO - --- training epoch 23, loss 0.0355, mae 0.2215, rmse 0.2664, time elapsed(min) 0.04---
2026-10-01 18:00:01,618 - INFO - --- validation at epoch 23, val_loss 0.0315, val_mae 0.2175, val_rmse 0.2579, val_r2 0.0909, val_pearson 0.3562, lr 1.00e-03 ---
2026-10-01 18:00:01,619 - INFO - 
****************************************************************************************************
2026-10-01 18:00:03,942 - INFO - --- training epoch 24, loss 0.0336, mae 0.2119, rmse 0.2593, time elapsed(min) 0.03---
2026-10-01 18:00:04,195 - INFO - --- validation at epoch 24, val_loss 0.0238, val_mae 0.1803, val_rmse 0.2291, val_r2 0.2831, val_pearson 0.5322, lr 1.00e-03 ---
2026-10-01 18:00:04,195 - INFO - 
****************************************************************************************************
2026-10-01 18:00:06,527 - INFO - --- training epoch 25, loss 0.0291, mae 0.1921, rmse 0.2414, time elapsed(min) 0.03---
2026-10-01 18:00:06,943 - INFO - --- validation at epoch 25, val_loss 0.0237, val_mae 0.1768, val_rmse 0.2276, val_r2 0.2921, val_pearson 0.5593, lr 1.00e-03 ---
2026-10-01 18:00:06,944 - INFO - 
****************************************************************************************************
2026-10-01 18:00:09,421 - INFO - --- training epoch 26, loss 0.0263, mae 0.1810, rmse 0.2292, time elapsed(min) 0.03---
2026-10-01 18:00:09,871 - INFO - --- validation at epoch 26, val_loss 0.0212, val_mae 0.1685, val_rmse 0.2186, val_r2 0.3472, val_pearson 0.5943, lr 1.00e-03 ---
2026-10-01 18:00:09,871 - INFO - 
****************************************************************************************************
2026-10-01 18:00:12,335 - INFO - --- training epoch 27, loss 0.0250, mae 0.1750, rmse 0.2235, time elapsed(min) 0.03---
2026-10-01 18:00:12,601 - INFO - --- validation at epoch 27, val_loss 0.0212, val_mae 0.1635, val_rmse 0.2171, val_r2 0.3561, val_pearson 0.6111, lr 1.00e-03 ---
2026-10-01 18:00:12,601 - INFO - 
****************************************************************************************************
2026-10-01 18:00:14,850 - INFO - --- training epoch 28, loss 0.0242, mae 0.1717, rmse 0.2200, time elapsed(min) 0.03---
2026-10-01 18:00:15,109 - INFO - --- validation at epoch 28, val_loss 0.0210, val_mae 0.1609, val_rmse 0.2148, val_r2 0.3694, val_pearson 0.6200, lr 1.00e-03 ---
2026-10-01 18:00:15,109 - INFO - 
****************************************************************************************************
2026-10-01 18:00:17,529 - INFO - --- training epoch 29, loss 0.0242, mae 0.1727, rmse 0.2200, time elapsed(min) 0.03---
2026-10-01 18:00:17,980 - INFO - --- validation at epoch 29, val_loss 0.0209, val_mae 0.1645, val_rmse 0.2148, val_r2 0.3696, val_pearson 0.6232, lr 1.00e-03 ---
2026-10-01 18:00:17,980 - INFO - 
****************************************************************************************************
2026-10-01 18:00:20,449 - INFO - --- training epoch 30, loss 0.0229, mae 0.1661, rmse 0.2138, time elapsed(min) 0.03---
2026-10-01 18:00:20,704 - INFO - --- validation at epoch 30, val_loss 0.0204, val_mae 0.1591, val_rmse 0.2114, val_r2 0.3891, val_pearson 0.6261, lr 1.00e-03 ---
2026-10-01 18:00:20,704 - INFO - 
****************************************************************************************************
2026-10-01 18:00:23,041 - INFO - --- training epoch 31, loss 0.0228, mae 0.1657, rmse 0.2134, time elapsed(min) 0.03---
2026-10-01 18:00:23,298 - INFO - --- validation at epoch 31, val_loss 0.0222, val_mae 0.1698, val_rmse 0.2196, val_r2 0.3408, val_pearson 0.6248, lr 1.00e-03 ---
2026-10-01 18:00:23,298 - INFO - 
****************************************************************************************************
2026-10-01 18:00:25,571 - INFO - --- training epoch 32, loss 0.0226, mae 0.1655, rmse 0.2124, time elapsed(min) 0.03---
2026-10-01 18:00:25,990 - INFO - --- validation at epoch 32, val_loss 0.0208, val_mae 0.1611, val_rmse 0.2139, val_r2 0.3750, val_pearson 0.6439, lr 1.00e-03 ---
2026-10-01 18:00:25,990 - INFO - 
****************************************************************************************************
2026-10-01 18:00:28,544 - INFO - --- training epoch 33, loss 0.0221, mae 0.1635, rmse 0.2103, time elapsed(min) 0.04---
2026-10-01 18:00:28,796 - INFO - --- validation at epoch 33, val_loss 0.0202, val_mae 0.1600, val_rmse 0.2095, val_r2 0.4003, val_pearson 0.6343, lr 1.00e-03 ---
2026-10-01 18:00:28,796 - INFO - 
****************************************************************************************************
2026-10-01 18:00:31,168 - INFO - --- training epoch 34, loss 0.0223, mae 0.1637, rmse 0.2113, time elapsed(min) 0.03---
2026-10-01 18:00:31,447 - INFO - --- validation at epoch 34, val_loss 0.0202, val_mae 0.1631, val_rmse 0.2110, val_r2 0.3918, val_pearson 0.6356, lr 1.00e-03 ---
2026-10-01 18:00:31,447 - INFO - 
****************************************************************************************************
2026-10-01 18:00:33,765 - INFO - --- training epoch 35, loss 0.0244, mae 0.1729, rmse 0.2210, time elapsed(min) 0.03---
2026-10-01 18:00:34,028 - INFO - --- validation at epoch 35, val_loss 0.0198, val_mae 0.1584, val_rmse 0.2075, val_r2 0.4118, val_pearson 0.6438, lr 1.00e-03 ---
2026-10-01 18:00:34,028 - INFO - 
****************************************************************************************************
2026-10-01 18:00:36,510 - INFO - --- training epoch 36, loss 0.0263, mae 0.1805, rmse 0.2295, time elapsed(min) 0.03---
2026-10-01 18:00:36,984 - INFO - --- validation at epoch 36, val_loss 0.0237, val_mae 0.1730, val_rmse 0.2259, val_r2 0.3030, val_pearson 0.6353, lr 1.00e-03 ---
2026-10-01 18:00:36,984 - INFO - 
****************************************************************************************************
2026-10-01 18:00:39,395 - INFO - --- training epoch 37, loss 0.0227, mae 0.1654, rmse 0.2132, time elapsed(min) 0.03---
2026-10-01 18:00:39,654 - INFO - --- validation at epoch 37, val_loss 0.0196, val_mae 0.1561, val_rmse 0.2064, val_r2 0.4180, val_pearson 0.6470, lr 1.00e-03 ---
2026-10-01 18:00:39,654 - INFO - 
****************************************************************************************************
2026-10-01 18:00:42,062 - INFO - --- training epoch 38, loss 0.0220, mae 0.1630, rmse 0.2099, time elapsed(min) 0.03---
2026-10-01 18:00:42,316 - INFO - --- validation at epoch 38, val_loss 0.0198, val_mae 0.1548, val_rmse 0.2081, val_r2 0.4081, val_pearson 0.6452, lr 1.00e-03 ---
2026-10-01 18:00:42,316 - INFO - 
****************************************************************************************************
2026-10-01 18:00:44,702 - INFO - --- training epoch 39, loss 0.0217, mae 0.1601, rmse 0.2081, time elapsed(min) 0.03---
2026-10-01 18:00:45,127 - INFO - --- validation at epoch 39, val_loss 0.0204, val_mae 0.1584, val_rmse 0.2110, val_r2 0.3918, val_pearson 0.6494, lr 1.00e-03 ---
2026-10-01 18:00:45,127 - INFO - 
****************************************************************************************************
2026-10-01 18:00:47,688 - INFO - --- training epoch 40, loss 0.0218, mae 0.1614, rmse 0.2089, time elapsed(min) 0.04---
2026-10-01 18:00:47,948 - INFO - --- validation at epoch 40, val_loss 0.0218, val_mae 0.1662, val_rmse 0.2156, val_r2 0.3650, val_pearson 0.6537, lr 1.00e-03 ---
2026-10-01 18:00:47,948 - INFO - 
****************************************************************************************************
2026-10-01 18:00:50,210 - INFO - --- training epoch 41, loss 0.0224, mae 0.1643, rmse 0.2118, time elapsed(min) 0.03---
2026-10-01 18:00:50,470 - INFO - --- validation at epoch 41, val_loss 0.0202, val_mae 0.1577, val_rmse 0.2110, val_r2 0.3915, val_pearson 0.6407, lr 1.00e-03 ---
2026-10-01 18:00:50,470 - INFO - 
****************************************************************************************************
2026-10-01 18:00:52,762 - INFO - --- training epoch 42, loss 0.0216, mae 0.1603, rmse 0.2076, time elapsed(min) 0.03---
2026-10-01 18:00:53,188 - INFO - --- validation at epoch 42, val_loss 0.0193, val_mae 0.1558, val_rmse 0.2054, val_r2 0.4236, val_pearson 0.6552, lr 1.00e-03 ---
2026-10-01 18:00:53,188 - INFO - 
****************************************************************************************************
2026-10-01 18:00:55,736 - INFO - --- training epoch 43, loss 0.0212, mae 0.1590, rmse 0.2058, time elapsed(min) 0.03---
2026-10-01 18:00:56,208 - INFO - --- validation at epoch 43, val_loss 0.0190, val_mae 0.1541, val_rmse 0.2038, val_r2 0.4325, val_pearson 0.6593, lr 1.00e-03 ---
2026-10-01 18:00:56,208 - INFO - 
****************************************************************************************************
2026-10-01 18:00:58,746 - INFO - --- training epoch 44, loss 0.0215, mae 0.1599, rmse 0.2071, time elapsed(min) 0.03---
2026-10-01 18:00:58,996 - INFO - --- validation at epoch 44, val_loss 0.0189, val_mae 0.1519, val_rmse 0.2031, val_r2 0.4364, val_pearson 0.6642, lr 1.00e-03 ---
2026-10-01 18:00:58,996 - INFO - 
****************************************************************************************************
2026-10-01 18:01:01,349 - INFO - --- training epoch 45, loss 0.0210, mae 0.1577, rmse 0.2050, time elapsed(min) 0.03---
2026-10-01 18:01:01,608 - INFO - --- validation at epoch 45, val_loss 0.0217, val_mae 0.1598, val_rmse 0.2078, val_r2 0.4103, val_pearson 0.6559, lr 1.00e-03 ---
2026-10-01 18:01:01,608 - INFO - 
****************************************************************************************************
2026-10-01 18:01:03,853 - INFO - --- training epoch 46, loss 0.0220, mae 0.1641, rmse 0.2100, time elapsed(min) 0.03---
2026-10-01 18:01:04,315 - INFO - --- validation at epoch 46, val_loss 0.0192, val_mae 0.1524, val_rmse 0.2049, val_r2 0.4265, val_pearson 0.6752, lr 1.00e-03 ---
2026-10-01 18:01:04,315 - INFO - 
****************************************************************************************************
2026-10-01 18:01:06,715 - INFO - --- training epoch 47, loss 0.0221, mae 0.1624, rmse 0.2101, time elapsed(min) 0.03---
2026-10-01 18:01:06,978 - INFO - --- validation at epoch 47, val_loss 0.0191, val_mae 0.1564, val_rmse 0.2035, val_r2 0.4342, val_pearson 0.6595, lr 1.00e-03 ---
2026-10-01 18:01:06,978 - INFO - 
****************************************************************************************************
2026-10-01 18:01:09,228 - INFO - --- training epoch 48, loss 0.0220, mae 0.1623, rmse 0.2097, time elapsed(min) 0.03---
2026-10-01 18:01:09,490 - INFO - --- validation at epoch 48, val_loss 0.0203, val_mae 0.1576, val_rmse 0.2099, val_r2 0.3979, val_pearson 0.6515, lr 1.00e-03 ---
2026-10-01 18:01:09,490 - INFO - 
****************************************************************************************************
2026-10-01 18:01:11,775 - INFO - --- training epoch 49, loss 0.0213, mae 0.1594, rmse 0.2062, time elapsed(min) 0.03---
2026-10-01 18:01:12,191 - INFO - --- validation at epoch 49, val_loss 0.0196, val_mae 0.1563, val_rmse 0.2062, val_r2 0.4193, val_pearson 0.6504, lr 1.00e-03 ---
2026-10-01 18:01:12,192 - INFO - 
****************************************************************************************************
2026-10-01 18:01:14,762 - INFO - --- training epoch 50, loss 0.0205, mae 0.1557, rmse 0.2025, time elapsed(min) 0.04---
2026-10-01 18:01:15,030 - INFO - --- validation at epoch 50, val_loss 0.0200, val_mae 0.1527, val_rmse 0.2049, val_r2 0.4261, val_pearson 0.6777, lr 1.00e-03 ---
2026-10-01 18:01:15,030 - INFO - 
****************************************************************************************************
2026-10-01 18:01:17,316 - INFO - --- training epoch 51, loss 0.0206, mae 0.1566, rmse 0.2031, time elapsed(min) 0.03---
2026-10-01 18:01:17,569 - INFO - --- validation at epoch 51, val_loss 0.0188, val_mae 0.1518, val_rmse 0.2015, val_r2 0.4453, val_pearson 0.6770, lr 1.00e-03 ---
2026-10-01 18:01:17,569 - INFO - 
****************************************************************************************************
2026-10-01 18:01:19,914 - INFO - --- training epoch 52, loss 0.0214, mae 0.1596, rmse 0.2067, time elapsed(min) 0.03---
2026-10-01 18:01:20,326 - INFO - --- validation at epoch 52, val_loss 0.0192, val_mae 0.1535, val_rmse 0.2040, val_r2 0.4315, val_pearson 0.6688, lr 1.00e-03 ---
2026-10-01 18:01:20,326 - INFO - 
****************************************************************************************************
2026-10-01 18:01:22,846 - INFO - --- training epoch 53, loss 0.0209, mae 0.1577, rmse 0.2045, time elapsed(min) 0.04---
2026-10-01 18:01:23,098 - INFO - --- validation at epoch 53, val_loss 0.0202, val_mae 0.1541, val_rmse 0.2079, val_r2 0.4096, val_pearson 0.6820, lr 1.00e-03 ---
2026-10-01 18:01:23,098 - INFO - 
****************************************************************************************************
2026-10-01 18:01:25,442 - INFO - --- training epoch 54, loss 0.0224, mae 0.1642, rmse 0.2117, time elapsed(min) 0.03---
2026-10-01 18:01:25,702 - INFO - --- validation at epoch 54, val_loss 0.0207, val_mae 0.1608, val_rmse 0.2109, val_r2 0.3922, val_pearson 0.6681, lr 1.00e-03 ---
2026-10-01 18:01:25,702 - INFO - 
****************************************************************************************************
2026-10-01 18:01:28,078 - INFO - --- training epoch 55, loss 0.0220, mae 0.1625, rmse 0.2100, time elapsed(min) 0.03---
2026-10-01 18:01:28,491 - INFO - --- validation at epoch 55, val_loss 0.0194, val_mae 0.1535, val_rmse 0.2063, val_r2 0.4183, val_pearson 0.6539, lr 1.00e-03 ---
2026-10-01 18:01:28,491 - INFO - 
****************************************************************************************************
2026-10-01 18:01:30,879 - INFO - --- training epoch 56, loss 0.0210, mae 0.1580, rmse 0.2047, time elapsed(min) 0.03---
2026-10-01 18:01:31,334 - INFO - --- validation at epoch 56, val_loss 0.0192, val_mae 0.1526, val_rmse 0.2041, val_r2 0.4310, val_pearson 0.6761, lr 1.00e-03 ---
2026-10-01 18:01:31,335 - INFO - 
****************************************************************************************************
2026-10-01 18:01:33,811 - INFO - --- training epoch 57, loss 0.0212, mae 0.1583, rmse 0.2057, time elapsed(min) 0.03---
2026-10-01 18:01:34,065 - INFO - --- validation at epoch 57, val_loss 0.0192, val_mae 0.1529, val_rmse 0.2036, val_r2 0.4335, val_pearson 0.6737, lr 1.00e-03 ---
2026-10-01 18:01:34,065 - INFO - 
****************************************************************************************************
2026-10-01 18:01:36,334 - INFO - --- training epoch 58, loss 0.0202, mae 0.1541, rmse 0.2010, time elapsed(min) 0.03---
2026-10-01 18:01:36,590 - INFO - --- validation at epoch 58, val_loss 0.0201, val_mae 0.1509, val_rmse 0.2073, val_r2 0.4131, val_pearson 0.6893, lr 1.00e-03 ---
2026-10-01 18:01:36,590 - INFO - 
****************************************************************************************************
2026-10-01 18:01:38,979 - INFO - --- training epoch 59, loss 0.0205, mae 0.1558, rmse 0.2025, time elapsed(min) 0.03---
2026-10-01 18:01:39,459 - INFO - --- validation at epoch 59, val_loss 0.0186, val_mae 0.1504, val_rmse 0.2006, val_r2 0.4501, val_pearson 0.6889, lr 1.00e-03 ---
2026-10-01 18:01:39,459 - INFO - 
****************************************************************************************************
2026-10-01 18:01:42,104 - INFO - --- training epoch 60, loss 0.0209, mae 0.1570, rmse 0.2043, time elapsed(min) 0.03---
2026-10-01 18:01:42,359 - INFO - --- validation at epoch 60, val_loss 0.0201, val_mae 0.1607, val_rmse 0.2082, val_r2 0.4075, val_pearson 0.6894, lr 1.00e-03 ---
2026-10-01 18:01:42,360 - INFO - 
****************************************************************************************************
2026-10-01 18:01:44,623 - INFO - --- training epoch 61, loss 0.0212, mae 0.1582, rmse 0.2057, time elapsed(min) 0.03---
2026-10-01 18:01:44,889 - INFO - --- validation at epoch 61, val_loss 0.0238, val_mae 0.1597, val_rmse 0.2149, val_r2 0.3687, val_pearson 0.6576, lr 1.00e-03 ---
2026-10-01 18:01:44,889 - INFO - 
****************************************************************************************************
2026-10-01 18:01:47,120 - INFO - --- training epoch 62, loss 0.0207, mae 0.1571, rmse 0.2033, time elapsed(min) 0.03---
2026-10-01 18:01:47,553 - INFO - --- validation at epoch 62, val_loss 0.0183, val_mae 0.1486, val_rmse 0.1990, val_r2 0.4589, val_pearson 0.6901, lr 1.00e-03 ---
2026-10-01 18:01:47,553 - INFO - 
****************************************************************************************************
2026-10-01 18:01:50,193 - INFO - --- training epoch 63, loss 0.0209, mae 0.1577, rmse 0.2046, time elapsed(min) 0.04---
2026-10-01 18:01:50,448 - INFO - --- validation at epoch 63, val_loss 0.0184, val_mae 0.1533, val_rmse 0.1989, val_r2 0.4593, val_pearson 0.6918, lr 1.00e-03 ---
2026-10-01 18:01:50,448 - INFO - 
****************************************************************************************************
2026-10-01 18:01:52,754 - INFO - --- training epoch 64, loss 0.0207, mae 0.1575, rmse 0.2035, time elapsed(min) 0.03---
2026-10-01 18:01:53,016 - INFO - --- validation at epoch 64, val_loss 0.0203, val_mae 0.1529, val_rmse 0.2100, val_r2 0.3974, val_pearson 0.6772, lr 1.00e-03 ---
2026-10-01 18:01:53,016 - INFO - 
****************************************************************************************************
2026-10-01 18:01:55,366 - INFO - --- training epoch 65, loss 0.0200, mae 0.1538, rmse 0.2000, time elapsed(min) 0.03---
2026-10-01 18:01:55,623 - INFO - --- validation at epoch 65, val_loss 0.0208, val_mae 0.1513, val_rmse 0.2105, val_r2 0.3948, val_pearson 0.6906, lr 1.00e-03 ---
2026-10-01 18:01:55,623 - INFO - 
****************************************************************************************************
2026-10-01 18:01:58,049 - INFO - --- training epoch 66, loss 0.0198, mae 0.1525, rmse 0.1990, time elapsed(min) 0.03---
2026-10-01 18:01:58,507 - INFO - --- validation at epoch 66, val_loss 0.0208, val_mae 0.1571, val_rmse 0.2120, val_r2 0.3860, val_pearson 0.6940, lr 1.00e-03 ---
2026-10-01 18:01:58,507 - INFO - 
****************************************************************************************************
2026-10-01 18:02:00,914 - INFO - --- training epoch 67, loss 0.0230, mae 0.1674, rmse 0.2145, time elapsed(min) 0.03---
2026-10-01 18:02:01,195 - INFO - --- validation at epoch 67, val_loss 0.0204, val_mae 0.1611, val_rmse 0.2094, val_r2 0.4007, val_pearson 0.6781, lr 1.00e-03 ---
2026-10-01 18:02:01,195 - INFO - 
****************************************************************************************************
2026-10-01 18:02:03,443 - INFO - --- training epoch 68, loss 0.0202, mae 0.1549, rmse 0.2011, time elapsed(min) 0.03---
2026-10-01 18:02:03,700 - INFO - --- validation at epoch 68, val_loss 0.0177, val_mae 0.1505, val_rmse 0.1966, val_r2 0.4718, val_pearson 0.6970, lr 1.00e-03 ---
2026-10-01 18:02:03,700 - INFO - 
****************************************************************************************************
2026-10-01 18:02:06,195 - INFO - --- training epoch 69, loss 0.0206, mae 0.1557, rmse 0.2029, time elapsed(min) 0.03---
2026-10-01 18:02:06,701 - INFO - --- validation at epoch 69, val_loss 0.0185, val_mae 0.1540, val_rmse 0.2014, val_r2 0.4459, val_pearson 0.6821, lr 1.00e-03 ---
2026-10-01 18:02:06,701 - INFO - 
****************************************************************************************************
2026-10-01 18:02:09,277 - INFO - --- training epoch 70, loss 0.0209, mae 0.1571, rmse 0.2045, time elapsed(min) 0.04---
2026-10-01 18:02:09,545 - INFO - --- validation at epoch 70, val_loss 0.0172, val_mae 0.1447, val_rmse 0.1955, val_r2 0.4776, val_pearson 0.7034, lr 1.00e-03 ---
2026-10-01 18:02:09,545 - INFO - 
****************************************************************************************************
2026-10-01 18:02:11,879 - INFO - --- training epoch 71, loss 0.0196, mae 0.1522, rmse 0.1981, time elapsed(min) 0.03---
2026-10-01 18:02:12,145 - INFO - --- validation at epoch 71, val_loss 0.0179, val_mae 0.1468, val_rmse 0.1978, val_r2 0.4656, val_pearson 0.6969, lr 1.00e-03 ---
2026-10-01 18:02:12,145 - INFO - 
****************************************************************************************************
2026-10-01 18:02:14,396 - INFO - --- training epoch 72, loss 0.0200, mae 0.1523, rmse 0.1999, time elapsed(min) 0.03---
2026-10-01 18:02:14,806 - INFO - --- validation at epoch 72, val_loss 0.0202, val_mae 0.1526, val_rmse 0.2086, val_r2 0.4056, val_pearson 0.6919, lr 1.00e-03 ---
2026-10-01 18:02:14,806 - INFO - 
****************************************************************************************************
2026-10-01 18:02:17,218 - INFO - --- training epoch 73, loss 0.0204, mae 0.1555, rmse 0.2018, time elapsed(min) 0.03---
2026-10-01 18:02:17,670 - INFO - --- validation at epoch 73, val_loss 0.0176, val_mae 0.1483, val_rmse 0.1969, val_r2 0.4704, val_pearson 0.6958, lr 1.00e-03 ---
2026-10-01 18:02:17,670 - INFO - 
****************************************************************************************************
2026-10-01 18:02:20,199 - INFO - --- training epoch 74, loss 0.0196, mae 0.1512, rmse 0.1981, time elapsed(min) 0.03---
2026-10-01 18:02:20,456 - INFO - --- validation at epoch 74, val_loss 0.0168, val_mae 0.1453, val_rmse 0.1924, val_r2 0.4944, val_pearson 0.7127, lr 1.00e-03 ---
2026-10-01 18:02:20,456 - INFO - 
****************************************************************************************************
2026-10-01 18:02:22,846 - INFO - --- training epoch 75, loss 0.0195, mae 0.1515, rmse 0.1977, time elapsed(min) 0.03---
2026-10-01 18:02:23,098 - INFO - --- validation at epoch 75, val_loss 0.0179, val_mae 0.1491, val_rmse 0.1989, val_r2 0.4595, val_pearson 0.7131, lr 1.00e-03 ---
2026-10-01 18:02:23,098 - INFO - 
****************************************************************************************************
2026-10-01 18:02:25,462 - INFO - --- training epoch 76, loss 0.0208, mae 0.1566, rmse 0.2039, time elapsed(min) 0.03---
2026-10-01 18:02:25,933 - INFO - --- validation at epoch 76, val_loss 0.0182, val_mae 0.1497, val_rmse 0.2004, val_r2 0.4511, val_pearson 0.6846, lr 1.00e-03 ---
2026-10-01 18:02:25,933 - INFO - 
****************************************************************************************************
2026-10-01 18:02:28,370 - INFO - --- training epoch 77, loss 0.0200, mae 0.1533, rmse 0.2001, time elapsed(min) 0.03---
2026-10-01 18:02:28,633 - INFO - --- validation at epoch 77, val_loss 0.0175, val_mae 0.1465, val_rmse 0.1962, val_r2 0.4738, val_pearson 0.7012, lr 1.00e-03 ---
2026-10-01 18:02:28,633 - INFO - 
****************************************************************************************************
2026-10-01 18:02:31,028 - INFO - --- training epoch 78, loss 0.0195, mae 0.1508, rmse 0.1975, time elapsed(min) 0.03---
2026-10-01 18:02:31,287 - INFO - --- validation at epoch 78, val_loss 0.0163, val_mae 0.1442, val_rmse 0.1904, val_r2 0.5047, val_pearson 0.7142, lr 1.00e-03 ---
2026-10-01 18:02:31,287 - INFO - 
****************************************************************************************************
2026-10-01 18:02:33,630 - INFO - --- training epoch 79, loss 0.0201, mae 0.1550, rmse 0.2007, time elapsed(min) 0.03---
2026-10-01 18:02:34,054 - INFO - --- validation at epoch 79, val_loss 0.0213, val_mae 0.1609, val_rmse 0.2125, val_r2 0.3829, val_pearson 0.6950, lr 1.00e-03 ---
2026-10-01 18:02:34,054 - INFO - 
****************************************************************************************************
2026-10-01 18:02:36,583 - INFO - --- training epoch 80, loss 0.0198, mae 0.1525, rmse 0.1988, time elapsed(min) 0.04---
2026-10-01 18:02:36,908 - INFO - --- validation at epoch 80, val_loss 0.0168, val_mae 0.1463, val_rmse 0.1913, val_r2 0.5002, val_pearson 0.7094, lr 1.00e-03 ---
2026-10-01 18:02:36,908 - INFO - 
****************************************************************************************************
2026-10-01 18:02:39,165 - INFO - --- training epoch 81, loss 0.0193, mae 0.1505, rmse 0.1964, time elapsed(min) 0.03---
2026-10-01 18:02:39,424 - INFO - --- validation at epoch 81, val_loss 0.0185, val_mae 0.1441, val_rmse 0.2006, val_r2 0.4503, val_pearson 0.7052, lr 1.00e-03 ---
2026-10-01 18:02:39,424 - INFO - 
****************************************************************************************************
2026-10-01 18:02:41,680 - INFO - --- training epoch 82, loss 0.0191, mae 0.1490, rmse 0.1955, time elapsed(min) 0.03---
2026-10-01 18:02:42,097 - INFO - --- validation at epoch 82, val_loss 0.0204, val_mae 0.1551, val_rmse 0.2114, val_r2 0.3895, val_pearson 0.7125, lr 1.00e-03 ---
2026-10-01 18:02:42,097 - INFO - 
****************************************************************************************************
2026-10-01 18:02:44,642 - INFO - --- training epoch 83, loss 0.0197, mae 0.1529, rmse 0.1983, time elapsed(min) 0.04---
2026-10-01 18:02:44,901 - INFO - --- validation at epoch 83, val_loss 0.0255, val_mae 0.1861, val_rmse 0.2342, val_r2 0.2503, val_pearson 0.7259, lr 1.00e-03 ---
2026-10-01 18:02:44,901 - INFO - 
****************************************************************************************************
2026-10-01 18:02:47,195 - INFO - --- training epoch 84, loss 0.0208, mae 0.1574, rmse 0.2037, time elapsed(min) 0.03---
2026-10-01 18:02:47,453 - INFO - --- validation at epoch 84, val_loss 0.0174, val_mae 0.1474, val_rmse 0.1951, val_r2 0.4799, val_pearson 0.7072, lr 1.00e-03 ---
2026-10-01 18:02:47,453 - INFO - 
****************************************************************************************************
2026-10-01 18:02:49,715 - INFO - --- training epoch 85, loss 0.0193, mae 0.1500, rmse 0.1966, time elapsed(min) 0.03---
2026-10-01 18:02:49,977 - INFO - --- validation at epoch 85, val_loss 0.0174, val_mae 0.1468, val_rmse 0.1941, val_r2 0.4852, val_pearson 0.7010, lr 1.00e-03 ---
2026-10-01 18:02:49,978 - INFO - 
****************************************************************************************************
2026-10-01 18:02:52,412 - INFO - --- training epoch 86, loss 0.0189, mae 0.1482, rmse 0.1943, time elapsed(min) 0.03---
2026-10-01 18:02:52,858 - INFO - --- validation at epoch 86, val_loss 0.0162, val_mae 0.1406, val_rmse 0.1877, val_r2 0.5187, val_pearson 0.7211, lr 1.00e-03 ---
2026-10-01 18:02:52,858 - INFO - 
****************************************************************************************************
2026-10-01 18:02:55,443 - INFO - --- training epoch 87, loss 0.0188, mae 0.1482, rmse 0.1940, time elapsed(min) 0.03---
2026-10-01 18:02:55,708 - INFO - --- validation at epoch 87, val_loss 0.0160, val_mae 0.1412, val_rmse 0.1872, val_r2 0.5214, val_pearson 0.7275, lr 1.00e-03 ---
2026-10-01 18:02:55,708 - INFO - 
****************************************************************************************************
2026-10-01 18:02:58,039 - INFO - --- training epoch 88, loss 0.0194, mae 0.1508, rmse 0.1969, time elapsed(min) 0.03---
2026-10-01 18:02:58,321 - INFO - --- validation at epoch 88, val_loss 0.0169, val_mae 0.1439, val_rmse 0.1916, val_r2 0.4982, val_pearson 0.7318, lr 1.00e-03 ---
2026-10-01 18:02:58,321 - INFO - 
****************************************************************************************************
2026-10-01 18:03:00,600 - INFO - --- training epoch 89, loss 0.0189, mae 0.1478, rmse 0.1942, time elapsed(min) 0.03---
2026-10-01 18:03:01,031 - INFO - --- validation at epoch 89, val_loss 0.0159, val_mae 0.1417, val_rmse 0.1869, val_r2 0.5228, val_pearson 0.7319, lr 1.00e-03 ---
2026-10-01 18:03:01,031 - INFO - 
****************************************************************************************************
2026-10-01 18:03:03,705 - INFO - --- training epoch 90, loss 0.0184, mae 0.1464, rmse 0.1919, time elapsed(min) 0.04---
2026-10-01 18:03:03,961 - INFO - --- validation at epoch 90, val_loss 0.0411, val_mae 0.2517, val_rmse 0.2921, val_r2 -0.1659, val_pearson 0.7354, lr 1.00e-03 ---
2026-10-01 18:03:03,961 - INFO - 
****************************************************************************************************
2026-10-01 18:03:06,234 - INFO - --- training epoch 91, loss 0.0259, mae 0.1802, rmse 0.2278, time elapsed(min) 0.03---
2026-10-01 18:03:06,489 - INFO - --- validation at epoch 91, val_loss 0.0186, val_mae 0.1520, val_rmse 0.2014, val_r2 0.4460, val_pearson 0.6877, lr 1.00e-03 ---
2026-10-01 18:03:06,489 - INFO - 
****************************************************************************************************
2026-10-01 18:03:08,743 - INFO - --- training epoch 92, loss 0.0195, mae 0.1518, rmse 0.1976, time elapsed(min) 0.03---
2026-10-01 18:03:09,161 - INFO - --- validation at epoch 92, val_loss 0.0173, val_mae 0.1444, val_rmse 0.1946, val_r2 0.4826, val_pearson 0.7059, lr 1.00e-03 ---
2026-10-01 18:03:09,161 - INFO - 
****************************************************************************************************
2026-10-01 18:03:11,538 - INFO - --- training epoch 93, loss 0.0188, mae 0.1482, rmse 0.1938, time elapsed(min) 0.03---
2026-10-01 18:03:12,000 - INFO - --- validation at epoch 93, val_loss 0.0154, val_mae 0.1392, val_rmse 0.1842, val_r2 0.5366, val_pearson 0.7343, lr 1.00e-03 ---
2026-10-01 18:03:12,000 - INFO - 
****************************************************************************************************
2026-10-01 18:03:14,430 - INFO - --- training epoch 94, loss 0.0184, mae 0.1465, rmse 0.1921, time elapsed(min) 0.03---
2026-10-01 18:03:14,684 - INFO - --- validation at epoch 94, val_loss 0.0156, val_mae 0.1409, val_rmse 0.1856, val_r2 0.5294, val_pearson 0.7345, lr 1.00e-03 ---
2026-10-01 18:03:14,684 - INFO - 
****************************************************************************************************
2026-10-01 18:03:16,922 - INFO - --- training epoch 95, loss 0.0183, mae 0.1461, rmse 0.1914, time elapsed(min) 0.03---
2026-10-01 18:03:17,186 - INFO - --- validation at epoch 95, val_loss 0.0161, val_mae 0.1408, val_rmse 0.1896, val_r2 0.5088, val_pearson 0.7279, lr 1.00e-03 ---
2026-10-01 18:03:17,186 - INFO - 
****************************************************************************************************
2026-10-01 18:03:19,573 - INFO - --- training epoch 96, loss 0.0184, mae 0.1465, rmse 0.1918, time elapsed(min) 0.03---
2026-10-01 18:03:20,043 - INFO - --- validation at epoch 96, val_loss 0.0156, val_mae 0.1391, val_rmse 0.1853, val_r2 0.5309, val_pearson 0.7388, lr 1.00e-03 ---
2026-10-01 18:03:20,044 - INFO - 
****************************************************************************************************
2026-10-01 18:03:22,437 - INFO - --- training epoch 97, loss 0.0188, mae 0.1479, rmse 0.1941, time elapsed(min) 0.03---
2026-10-01 18:03:22,693 - INFO - --- validation at epoch 97, val_loss 0.0161, val_mae 0.1429, val_rmse 0.1877, val_r2 0.5184, val_pearson 0.7274, lr 1.00e-03 ---
2026-10-01 18:03:22,693 - INFO - 
****************************************************************************************************
2026-10-01 18:03:24,948 - INFO - --- training epoch 98, loss 0.0203, mae 0.1546, rmse 0.2017, time elapsed(min) 0.03---
2026-10-01 18:03:25,199 - INFO - --- validation at epoch 98, val_loss 0.0170, val_mae 0.1442, val_rmse 0.1925, val_r2 0.4935, val_pearson 0.7183, lr 1.00e-03 ---
2026-10-01 18:03:25,199 - INFO - 
****************************************************************************************************
2026-10-01 18:03:27,454 - INFO - --- training epoch 99, loss 0.0199, mae 0.1526, rmse 0.1994, time elapsed(min) 0.03---
2026-10-01 18:03:27,870 - INFO - --- validation at epoch 99, val_loss 0.0190, val_mae 0.1567, val_rmse 0.2012, val_r2 0.4469, val_pearson 0.7144, lr 1.00e-03 ---
2026-10-01 18:03:27,870 - INFO - 
****************************************************************************************************
2026-10-01 18:03:28,768 - INFO - --- selected checkpoint from epoch 93, val_loss 0.0154, val_mae 0.1392, val_rmse 0.1842
2026-10-01 18:03:29,905 - INFO - -- RESULT
2026-10-01 18:03:29,905 - INFO - --- test size: 1728
2026-10-01 18:03:29,905 - INFO - --- MAE: 0.1470 (14.70 pp), RMSE: 0.1892 (18.92 pp), R2: 0.5627, Pearson: 0.7520
