2026-10-01 14:26:39,270 - INFO - device is	cuda:0
2026-10-01 14:26:39,378 - INFO - -- CONFIGURATIONS
2026-10-01 14:26:39,378 - INFO - --- train/valid/test: 3628/404/1728
2026-10-01 14:26:39,378 - INFO - --- max no. reactants_train, valid, test respectively: 14, 14, 14
2026-10-01 14:26:39,378 - INFO - --- max no. products_train, valid, test respectively: 1, 1, 1
2026-10-01 14:26:39,378 - INFO - --- model_path: ../logs/suzuki_approach1_grid/runs/suzuki/split_0/approach_2/model.pt
2026-10-01 14:26:39,385 - INFO - -- TRAINING
2026-10-01 14:26:40,702 - INFO - --- training epoch 0, loss 0.8835, mae 1.1744, rmse 2.8115, time elapsed(min) 0.02---
2026-10-01 14:26:40,956 - INFO - --- validation at epoch 0, val_loss 0.0450, val_mae 0.2603, val_rmse 0.3043, val_r2 -0.0307, val_pearson 0.1571, lr 1.00e-03 ---
2026-10-01 14:26:40,956 - INFO - 
****************************************************************************************************
2026-10-01 14:26:42,679 - INFO - --- training epoch 1, loss 0.0417, mae 0.2451, rmse 0.2889, time elapsed(min) 0.02---
2026-10-01 14:26:42,890 - INFO - --- validation at epoch 1, val_loss 0.0458, val_mae 0.2588, val_rmse 0.3061, val_r2 -0.0427, val_pearson 0.1359, lr 1.00e-03 ---
2026-10-01 14:26:42,890 - INFO - 
****************************************************************************************************
2026-10-01 14:26:44,523 - INFO - --- training epoch 2, loss 0.0398, mae 0.2423, rmse 0.2822, time elapsed(min) 0.02---
2026-10-01 14:26:44,857 - INFO - --- validation at epoch 2, val_loss 0.0442, val_mae 0.2581, val_rmse 0.3016, val_r2 -0.0122, val_pearson 0.1491, lr 1.00e-03 ---
2026-10-01 14:26:44,857 - INFO - 
****************************************************************************************************
2026-10-01 14:26:46,593 - INFO - --- training epoch 3, loss 0.0401, mae 0.2433, rmse 0.2832, time elapsed(min) 0.02---
2026-10-01 14:26:47,070 - INFO - --- validation at epoch 3, val_loss 0.0438, val_mae 0.2575, val_rmse 0.3000, val_r2 -0.0013, val_pearson 0.1556, lr 1.00e-03 ---
2026-10-01 14:26:47,070 - INFO - 
****************************************************************************************************
2026-10-01 14:26:48,727 - INFO - --- training epoch 4, loss 0.0395, mae 0.2399, rmse 0.2809, time elapsed(min) 0.02---
2026-10-01 14:26:48,937 - INFO - --- validation at epoch 4, val_loss 0.0445, val_mae 0.2563, val_rmse 0.3023, val_r2 -0.0171, val_pearson 0.1702, lr 1.00e-03 ---
2026-10-01 14:26:48,937 - INFO - 
****************************************************************************************************
2026-10-01 14:26:50,518 - INFO - --- training epoch 5, loss 0.0389, mae 0.2394, rmse 0.2790, time elapsed(min) 0.02---
2026-10-01 14:26:50,724 - INFO - --- validation at epoch 5, val_loss 0.0430, val_mae 0.2555, val_rmse 0.2979, val_r2 0.0124, val_pearson 0.1878, lr 1.00e-03 ---
2026-10-01 14:26:50,724 - INFO - 
****************************************************************************************************
2026-10-01 14:26:52,497 - INFO - --- training epoch 6, loss 0.0389, mae 0.2389, rmse 0.2788, time elapsed(min) 0.02---
2026-10-01 14:26:52,912 - INFO - --- validation at epoch 6, val_loss 0.0437, val_mae 0.2548, val_rmse 0.3007, val_r2 -0.0059, val_pearson 0.2098, lr 1.00e-03 ---
2026-10-01 14:26:52,912 - INFO - 
****************************************************************************************************
2026-10-01 14:26:54,789 - INFO - --- training epoch 7, loss 0.0385, mae 0.2371, rmse 0.2774, time elapsed(min) 0.03---
2026-10-01 14:26:55,000 - INFO - --- validation at epoch 7, val_loss 0.0418, val_mae 0.2538, val_rmse 0.2950, val_r2 0.0315, val_pearson 0.2324, lr 1.00e-03 ---
2026-10-01 14:26:55,000 - INFO - 
****************************************************************************************************
2026-10-01 14:26:56,668 - INFO - --- training epoch 8, loss 0.0385, mae 0.2380, rmse 0.2775, time elapsed(min) 0.02---
2026-10-01 14:26:56,881 - INFO - --- validation at epoch 8, val_loss 0.0417, val_mae 0.2525, val_rmse 0.2946, val_r2 0.0342, val_pearson 0.2250, lr 1.00e-03 ---
2026-10-01 14:26:56,882 - INFO - 
****************************************************************************************************
2026-10-01 14:26:58,566 - INFO - --- training epoch 9, loss 0.0390, mae 0.2385, rmse 0.2795, time elapsed(min) 0.02---
2026-10-01 14:26:58,894 - INFO - --- validation at epoch 9, val_loss 0.0406, val_mae 0.2550, val_rmse 0.2914, val_r2 0.0551, val_pearson 0.2801, lr 1.00e-03 ---
2026-10-01 14:26:58,894 - INFO - 
****************************************************************************************************
2026-10-01 14:27:00,833 - INFO - --- training epoch 10, loss 0.0382, mae 0.2364, rmse 0.2765, time elapsed(min) 0.03---
2026-10-01 14:27:01,046 - INFO - --- validation at epoch 10, val_loss 0.0406, val_mae 0.2493, val_rmse 0.2910, val_r2 0.0580, val_pearson 0.2873, lr 1.00e-03 ---
2026-10-01 14:27:01,046 - INFO - 
****************************************************************************************************
2026-10-01 14:27:02,782 - INFO - --- training epoch 11, loss 0.0370, mae 0.2326, rmse 0.2722, time elapsed(min) 0.02---
2026-10-01 14:27:02,994 - INFO - --- validation at epoch 11, val_loss 0.0417, val_mae 0.2467, val_rmse 0.2945, val_r2 0.0346, val_pearson 0.2507, lr 1.00e-03 ---
2026-10-01 14:27:02,994 - INFO - 
****************************************************************************************************
2026-10-01 14:27:04,597 - INFO - --- training epoch 12, loss 0.0382, mae 0.2351, rmse 0.2766, time elapsed(min) 0.02---
2026-10-01 14:27:04,806 - INFO - --- validation at epoch 12, val_loss 0.0402, val_mae 0.2495, val_rmse 0.2895, val_r2 0.0675, val_pearson 0.3350, lr 1.00e-03 ---
2026-10-01 14:27:04,806 - INFO - 
****************************************************************************************************
2026-10-01 14:27:06,543 - INFO - --- training epoch 13, loss 0.0372, mae 0.2317, rmse 0.2727, time elapsed(min) 0.02---
2026-10-01 14:27:06,934 - INFO - --- validation at epoch 13, val_loss 0.0387, val_mae 0.2483, val_rmse 0.2847, val_r2 0.0982, val_pearson 0.3308, lr 1.00e-03 ---
2026-10-01 14:27:06,934 - INFO - 
****************************************************************************************************
2026-10-01 14:27:08,720 - INFO - --- training epoch 14, loss 0.0369, mae 0.2303, rmse 0.2715, time elapsed(min) 0.02---
2026-10-01 14:27:08,974 - INFO - --- validation at epoch 14, val_loss 0.0390, val_mae 0.2456, val_rmse 0.2862, val_r2 0.0887, val_pearson 0.3386, lr 1.00e-03 ---
2026-10-01 14:27:08,974 - INFO - 
****************************************************************************************************
2026-10-01 14:27:10,591 - INFO - --- training epoch 15, loss 0.0361, mae 0.2277, rmse 0.2686, time elapsed(min) 0.02---
2026-10-01 14:27:10,801 - INFO - --- validation at epoch 15, val_loss 0.0376, val_mae 0.2352, val_rmse 0.2802, val_r2 0.1265, val_pearson 0.4161, lr 1.00e-03 ---
2026-10-01 14:27:10,801 - INFO - 
****************************************************************************************************
2026-10-01 14:27:12,583 - INFO - --- training epoch 16, loss 0.0348, mae 0.2214, rmse 0.2637, time elapsed(min) 0.02---
2026-10-01 14:27:12,923 - INFO - --- validation at epoch 16, val_loss 0.0442, val_mae 0.2492, val_rmse 0.2998, val_r2 -0.0003, val_pearson 0.3604, lr 1.00e-03 ---
2026-10-01 14:27:12,923 - INFO - 
****************************************************************************************************
2026-10-01 14:27:14,747 - INFO - --- training epoch 17, loss 0.0353, mae 0.2220, rmse 0.2658, time elapsed(min) 0.03---
2026-10-01 14:27:14,955 - INFO - --- validation at epoch 17, val_loss 0.0310, val_mae 0.2151, val_rmse 0.2568, val_r2 0.2660, val_pearson 0.5256, lr 1.00e-03 ---
2026-10-01 14:27:14,956 - INFO - 
****************************************************************************************************
2026-10-01 14:27:16,781 - INFO - --- training epoch 18, loss 0.0326, mae 0.2086, rmse 0.2554, time elapsed(min) 0.02---
2026-10-01 14:27:16,988 - INFO - --- validation at epoch 18, val_loss 0.0339, val_mae 0.2111, val_rmse 0.2575, val_r2 0.2619, val_pearson 0.5137, lr 1.00e-03 ---
2026-10-01 14:27:16,988 - INFO - 
****************************************************************************************************
2026-10-01 14:27:18,746 - INFO - --- training epoch 19, loss 0.0285, mae 0.1922, rmse 0.2388, time elapsed(min) 0.02---
2026-10-01 14:27:19,081 - INFO - --- validation at epoch 19, val_loss 0.0268, val_mae 0.1817, val_rmse 0.2285, val_r2 0.4190, val_pearson 0.6553, lr 1.00e-03 ---
2026-10-01 14:27:19,082 - INFO - 
****************************************************************************************************
2026-10-01 14:27:20,947 - INFO - --- training epoch 20, loss 0.0264, mae 0.1828, rmse 0.2297, time elapsed(min) 0.03---
2026-10-01 14:27:21,160 - INFO - --- validation at epoch 20, val_loss 0.0285, val_mae 0.1914, val_rmse 0.2349, val_r2 0.3858, val_pearson 0.6500, lr 1.00e-03 ---
2026-10-01 14:27:21,160 - INFO - 
****************************************************************************************************
2026-10-01 14:27:22,766 - INFO - --- training epoch 21, loss 0.0246, mae 0.1768, rmse 0.2217, time elapsed(min) 0.02---
2026-10-01 14:27:22,976 - INFO - --- validation at epoch 21, val_loss 0.0244, val_mae 0.1761, val_rmse 0.2189, val_r2 0.4670, val_pearson 0.7016, lr 1.00e-03 ---
2026-10-01 14:27:22,976 - INFO - 
****************************************************************************************************
2026-10-01 14:27:24,677 - INFO - --- training epoch 22, loss 0.0231, mae 0.1672, rmse 0.2147, time elapsed(min) 0.02---
2026-10-01 14:27:24,890 - INFO - --- validation at epoch 22, val_loss 0.0264, val_mae 0.1803, val_rmse 0.2280, val_r2 0.4214, val_pearson 0.6769, lr 1.00e-03 ---
2026-10-01 14:27:24,890 - INFO - 
****************************************************************************************************
2026-10-01 14:27:26,611 - INFO - --- training epoch 23, loss 0.0225, mae 0.1649, rmse 0.2121, time elapsed(min) 0.02---
2026-10-01 14:27:26,993 - INFO - --- validation at epoch 23, val_loss 0.0229, val_mae 0.1653, val_rmse 0.2122, val_r2 0.4991, val_pearson 0.7158, lr 1.00e-03 ---
2026-10-01 14:27:26,993 - INFO - 
****************************************************************************************************
2026-10-01 14:27:28,799 - INFO - --- training epoch 24, loss 0.0222, mae 0.1643, rmse 0.2105, time elapsed(min) 0.02---
2026-10-01 14:27:29,010 - INFO - --- validation at epoch 24, val_loss 0.0249, val_mae 0.1731, val_rmse 0.2196, val_r2 0.4632, val_pearson 0.7089, lr 1.00e-03 ---
2026-10-01 14:27:29,010 - INFO - 
****************************************************************************************************
2026-10-01 14:27:30,620 - INFO - --- training epoch 25, loss 0.0219, mae 0.1637, rmse 0.2093, time elapsed(min) 0.02---
2026-10-01 14:27:30,827 - INFO - --- validation at epoch 25, val_loss 0.0223, val_mae 0.1684, val_rmse 0.2103, val_r2 0.5078, val_pearson 0.7283, lr 1.00e-03 ---
2026-10-01 14:27:30,827 - INFO - 
****************************************************************************************************
2026-10-01 14:27:32,644 - INFO - --- training epoch 26, loss 0.0216, mae 0.1623, rmse 0.2080, time elapsed(min) 0.02---
2026-10-01 14:27:33,011 - INFO - --- validation at epoch 26, val_loss 0.0218, val_mae 0.1655, val_rmse 0.2080, val_r2 0.5187, val_pearson 0.7330, lr 1.00e-03 ---
2026-10-01 14:27:33,011 - INFO - 
****************************************************************************************************
2026-10-01 14:27:34,816 - INFO - --- training epoch 27, loss 0.0215, mae 0.1604, rmse 0.2072, time elapsed(min) 0.02---
2026-10-01 14:27:35,027 - INFO - --- validation at epoch 27, val_loss 0.0218, val_mae 0.1646, val_rmse 0.2074, val_r2 0.5213, val_pearson 0.7431, lr 1.00e-03 ---
2026-10-01 14:27:35,027 - INFO - 
****************************************************************************************************
2026-10-01 14:27:36,729 - INFO - --- training epoch 28, loss 0.0208, mae 0.1581, rmse 0.2037, time elapsed(min) 0.02---
2026-10-01 14:27:36,947 - INFO - --- validation at epoch 28, val_loss 0.0207, val_mae 0.1624, val_rmse 0.2031, val_r2 0.5409, val_pearson 0.7477, lr 1.00e-03 ---
2026-10-01 14:27:36,947 - INFO - 
****************************************************************************************************
2026-10-01 14:27:38,646 - INFO - --- training epoch 29, loss 0.0207, mae 0.1580, rmse 0.2034, time elapsed(min) 0.02---
2026-10-01 14:27:38,978 - INFO - --- validation at epoch 29, val_loss 0.0216, val_mae 0.1619, val_rmse 0.2057, val_r2 0.5290, val_pearson 0.7458, lr 1.00e-03 ---
2026-10-01 14:27:38,978 - INFO - 
****************************************************************************************************
2026-10-01 14:27:40,793 - INFO - --- training epoch 30, loss 0.0202, mae 0.1558, rmse 0.2009, time elapsed(min) 0.03---
2026-10-01 14:27:41,055 - INFO - --- validation at epoch 30, val_loss 0.0209, val_mae 0.1593, val_rmse 0.2030, val_r2 0.5416, val_pearson 0.7508, lr 1.00e-03 ---
2026-10-01 14:27:41,055 - INFO - 
****************************************************************************************************
2026-10-01 14:27:42,820 - INFO - --- training epoch 31, loss 0.0201, mae 0.1560, rmse 0.2005, time elapsed(min) 0.02---
2026-10-01 14:27:43,030 - INFO - --- validation at epoch 31, val_loss 0.0215, val_mae 0.1624, val_rmse 0.2055, val_r2 0.5300, val_pearson 0.7481, lr 1.00e-03 ---
2026-10-01 14:27:43,030 - INFO - 
****************************************************************************************************
2026-10-01 14:27:44,709 - INFO - --- training epoch 32, loss 0.0204, mae 0.1568, rmse 0.2022, time elapsed(min) 0.02---
2026-10-01 14:27:45,041 - INFO - --- validation at epoch 32, val_loss 0.0211, val_mae 0.1612, val_rmse 0.2040, val_r2 0.5371, val_pearson 0.7514, lr 1.00e-03 ---
2026-10-01 14:27:45,041 - INFO - 
****************************************************************************************************
2026-10-01 14:27:46,759 - INFO - --- training epoch 33, loss 0.0198, mae 0.1543, rmse 0.1988, time elapsed(min) 0.02---
2026-10-01 14:27:47,135 - INFO - --- validation at epoch 33, val_loss 0.0204, val_mae 0.1569, val_rmse 0.2005, val_r2 0.5529, val_pearson 0.7496, lr 1.00e-03 ---
2026-10-01 14:27:47,135 - INFO - 
****************************************************************************************************
2026-10-01 14:27:48,929 - INFO - --- training epoch 34, loss 0.0200, mae 0.1540, rmse 0.1998, time elapsed(min) 0.02---
2026-10-01 14:27:49,142 - INFO - --- validation at epoch 34, val_loss 0.0211, val_mae 0.1654, val_rmse 0.2046, val_r2 0.5343, val_pearson 0.7553, lr 1.00e-03 ---
2026-10-01 14:27:49,142 - INFO - 
****************************************************************************************************
2026-10-01 14:27:50,749 - INFO - --- training epoch 35, loss 0.0197, mae 0.1545, rmse 0.1986, time elapsed(min) 0.02---
2026-10-01 14:27:50,956 - INFO - --- validation at epoch 35, val_loss 0.0227, val_mae 0.1673, val_rmse 0.2111, val_r2 0.5042, val_pearson 0.7562, lr 1.00e-03 ---
2026-10-01 14:27:50,956 - INFO - 
****************************************************************************************************
2026-10-01 14:27:52,786 - INFO - --- training epoch 36, loss 0.0203, mae 0.1563, rmse 0.2015, time elapsed(min) 0.03---
2026-10-01 14:27:52,992 - INFO - --- validation at epoch 36, val_loss 0.0221, val_mae 0.1683, val_rmse 0.2092, val_r2 0.5129, val_pearson 0.7504, lr 1.00e-03 ---
2026-10-01 14:27:52,992 - INFO - 
****************************************************************************************************
2026-10-01 14:27:54,626 - INFO - --- training epoch 37, loss 0.0205, mae 0.1572, rmse 0.2027, time elapsed(min) 0.02---
2026-10-01 14:27:54,836 - INFO - --- validation at epoch 37, val_loss 0.0212, val_mae 0.1598, val_rmse 0.2031, val_r2 0.5411, val_pearson 0.7553, lr 1.00e-03 ---
2026-10-01 14:27:54,836 - INFO - 
****************************************************************************************************
2026-10-01 14:27:56,448 - INFO - --- training epoch 38, loss 0.0197, mae 0.1546, rmse 0.1986, time elapsed(min) 0.02---
2026-10-01 14:27:56,658 - INFO - --- validation at epoch 38, val_loss 0.0200, val_mae 0.1546, val_rmse 0.1985, val_r2 0.5615, val_pearson 0.7605, lr 1.00e-03 ---
2026-10-01 14:27:56,658 - INFO - 
****************************************************************************************************
2026-10-01 14:27:58,394 - INFO - --- training epoch 39, loss 0.0190, mae 0.1514, rmse 0.1947, time elapsed(min) 0.02---
2026-10-01 14:27:58,767 - INFO - --- validation at epoch 39, val_loss 0.0209, val_mae 0.1598, val_rmse 0.2023, val_r2 0.5446, val_pearson 0.7552, lr 1.00e-03 ---
2026-10-01 14:27:58,767 - INFO - 
****************************************************************************************************
2026-10-01 14:28:00,463 - INFO - --- training epoch 40, loss 0.0187, mae 0.1501, rmse 0.1936, time elapsed(min) 0.02---
2026-10-01 14:28:00,678 - INFO - --- validation at epoch 40, val_loss 0.0203, val_mae 0.1570, val_rmse 0.2003, val_r2 0.5534, val_pearson 0.7575, lr 1.00e-03 ---
2026-10-01 14:28:00,678 - INFO - 
****************************************************************************************************
2026-10-01 14:28:02,307 - INFO - --- training epoch 41, loss 0.0195, mae 0.1526, rmse 0.1972, time elapsed(min) 0.02---
2026-10-01 14:28:02,521 - INFO - --- validation at epoch 41, val_loss 0.0232, val_mae 0.1671, val_rmse 0.2134, val_r2 0.4931, val_pearson 0.7633, lr 1.00e-03 ---
2026-10-01 14:28:02,521 - INFO - 
****************************************************************************************************
2026-10-01 14:28:04,252 - INFO - --- training epoch 42, loss 0.0213, mae 0.1596, rmse 0.2063, time elapsed(min) 0.02---
2026-10-01 14:28:04,592 - INFO - --- validation at epoch 42, val_loss 0.0206, val_mae 0.1582, val_rmse 0.2003, val_r2 0.5535, val_pearson 0.7498, lr 1.00e-03 ---
2026-10-01 14:28:04,592 - INFO - 
****************************************************************************************************
2026-10-01 14:28:06,386 - INFO - --- training epoch 43, loss 0.0193, mae 0.1513, rmse 0.1963, time elapsed(min) 0.03---
2026-10-01 14:28:06,600 - INFO - --- validation at epoch 43, val_loss 0.0190, val_mae 0.1495, val_rmse 0.1933, val_r2 0.5844, val_pearson 0.7784, lr 1.00e-03 ---
2026-10-01 14:28:06,600 - INFO - 
****************************************************************************************************
2026-10-01 14:28:08,268 - INFO - --- training epoch 44, loss 0.0185, mae 0.1488, rmse 0.1924, time elapsed(min) 0.02---
2026-10-01 14:28:08,476 - INFO - --- validation at epoch 44, val_loss 0.0185, val_mae 0.1466, val_rmse 0.1899, val_r2 0.5985, val_pearson 0.7792, lr 1.00e-03 ---
2026-10-01 14:28:08,476 - INFO - 
****************************************************************************************************
2026-10-01 14:28:10,167 - INFO - --- training epoch 45, loss 0.0179, mae 0.1460, rmse 0.1894, time elapsed(min) 0.02---
2026-10-01 14:28:10,495 - INFO - --- validation at epoch 45, val_loss 0.0187, val_mae 0.1497, val_rmse 0.1920, val_r2 0.5896, val_pearson 0.7825, lr 1.00e-03 ---
2026-10-01 14:28:10,495 - INFO - 
****************************************************************************************************
2026-10-01 14:28:12,331 - INFO - --- training epoch 46, loss 0.0190, mae 0.1501, rmse 0.1951, time elapsed(min) 0.03---
2026-10-01 14:28:12,542 - INFO - --- validation at epoch 46, val_loss 0.0193, val_mae 0.1543, val_rmse 0.1954, val_r2 0.5753, val_pearson 0.7700, lr 1.00e-03 ---
2026-10-01 14:28:12,542 - INFO - 
****************************************************************************************************
2026-10-01 14:28:14,192 - INFO - --- training epoch 47, loss 0.0193, mae 0.1518, rmse 0.1965, time elapsed(min) 0.02---
2026-10-01 14:28:14,402 - INFO - --- validation at epoch 47, val_loss 0.0225, val_mae 0.1590, val_rmse 0.2080, val_r2 0.5187, val_pearson 0.7494, lr 1.00e-03 ---
2026-10-01 14:28:14,402 - INFO - 
****************************************************************************************************
2026-10-01 14:28:16,110 - INFO - --- training epoch 48, loss 0.0179, mae 0.1464, rmse 0.1893, time elapsed(min) 0.02---
2026-10-01 14:28:16,439 - INFO - --- validation at epoch 48, val_loss 0.0180, val_mae 0.1488, val_rmse 0.1896, val_r2 0.5999, val_pearson 0.7822, lr 1.00e-03 ---
2026-10-01 14:28:16,439 - INFO - 
****************************************************************************************************
2026-10-01 14:28:18,301 - INFO - --- training epoch 49, loss 0.0184, mae 0.1474, rmse 0.1918, time elapsed(min) 0.03---
2026-10-01 14:28:18,511 - INFO - --- validation at epoch 49, val_loss 0.0180, val_mae 0.1513, val_rmse 0.1894, val_r2 0.6009, val_pearson 0.7900, lr 1.00e-03 ---
2026-10-01 14:28:18,511 - INFO - 
****************************************************************************************************
2026-10-01 14:28:20,185 - INFO - --- training epoch 50, loss 0.0191, mae 0.1509, rmse 0.1956, time elapsed(min) 0.02---
2026-10-01 14:28:20,421 - INFO - --- validation at epoch 50, val_loss 0.0190, val_mae 0.1521, val_rmse 0.1945, val_r2 0.5790, val_pearson 0.7704, lr 1.00e-03 ---
2026-10-01 14:28:20,421 - INFO - 
****************************************************************************************************
2026-10-01 14:28:22,056 - INFO - --- training epoch 51, loss 0.0184, mae 0.1469, rmse 0.1921, time elapsed(min) 0.02---
2026-10-01 14:28:22,273 - INFO - --- validation at epoch 51, val_loss 0.0183, val_mae 0.1481, val_rmse 0.1909, val_r2 0.5944, val_pearson 0.7830, lr 1.00e-03 ---
2026-10-01 14:28:22,273 - INFO - 
****************************************************************************************************
2026-10-01 14:28:23,996 - INFO - --- training epoch 52, loss 0.0179, mae 0.1457, rmse 0.1894, time elapsed(min) 0.02---
2026-10-01 14:28:24,364 - INFO - --- validation at epoch 52, val_loss 0.0178, val_mae 0.1473, val_rmse 0.1890, val_r2 0.6027, val_pearson 0.7879, lr 1.00e-03 ---
2026-10-01 14:28:24,364 - INFO - 
****************************************************************************************************
2026-10-01 14:28:26,163 - INFO - --- training epoch 53, loss 0.0189, mae 0.1487, rmse 0.1945, time elapsed(min) 0.02---
2026-10-01 14:28:26,392 - INFO - --- validation at epoch 53, val_loss 0.0206, val_mae 0.1602, val_rmse 0.2037, val_r2 0.5381, val_pearson 0.7502, lr 1.00e-03 ---
2026-10-01 14:28:26,392 - INFO - 
****************************************************************************************************
2026-10-01 14:28:28,015 - INFO - --- training epoch 54, loss 0.0185, mae 0.1475, rmse 0.1923, time elapsed(min) 0.02---
2026-10-01 14:28:28,224 - INFO - --- validation at epoch 54, val_loss 0.0173, val_mae 0.1447, val_rmse 0.1857, val_r2 0.6163, val_pearson 0.7888, lr 1.00e-03 ---
2026-10-01 14:28:28,225 - INFO - 
****************************************************************************************************
2026-10-01 14:28:29,913 - INFO - --- training epoch 55, loss 0.0182, mae 0.1461, rmse 0.1910, time elapsed(min) 0.02---
2026-10-01 14:28:30,276 - INFO - --- validation at epoch 55, val_loss 0.0189, val_mae 0.1502, val_rmse 0.1924, val_r2 0.5880, val_pearson 0.7820, lr 1.00e-03 ---
2026-10-01 14:28:30,276 - INFO - 
****************************************************************************************************
2026-10-01 14:28:32,012 - INFO - --- training epoch 56, loss 0.0180, mae 0.1458, rmse 0.1896, time elapsed(min) 0.02---
2026-10-01 14:28:32,224 - INFO - --- validation at epoch 56, val_loss 0.0235, val_mae 0.1670, val_rmse 0.2154, val_r2 0.4838, val_pearson 0.7895, lr 1.00e-03 ---
2026-10-01 14:28:32,224 - INFO - 
****************************************************************************************************
2026-10-01 14:28:33,831 - INFO - --- training epoch 57, loss 0.0184, mae 0.1469, rmse 0.1918, time elapsed(min) 0.02---
2026-10-01 14:28:34,039 - INFO - --- validation at epoch 57, val_loss 0.0182, val_mae 0.1476, val_rmse 0.1900, val_r2 0.5983, val_pearson 0.7909, lr 1.00e-03 ---
2026-10-01 14:28:34,040 - INFO - 
****************************************************************************************************
2026-10-01 14:28:35,692 - INFO - --- training epoch 58, loss 0.0186, mae 0.1478, rmse 0.1927, time elapsed(min) 0.02---
2026-10-01 14:28:36,025 - INFO - --- validation at epoch 58, val_loss 0.0182, val_mae 0.1505, val_rmse 0.1914, val_r2 0.5922, val_pearson 0.7818, lr 1.00e-03 ---
2026-10-01 14:28:36,025 - INFO - 
****************************************************************************************************
2026-10-01 14:28:37,957 - INFO - --- training epoch 59, loss 0.0176, mae 0.1434, rmse 0.1874, time elapsed(min) 0.03---
2026-10-01 14:28:38,211 - INFO - --- validation at epoch 59, val_loss 0.0175, val_mae 0.1452, val_rmse 0.1863, val_r2 0.6139, val_pearson 0.7915, lr 1.00e-03 ---
2026-10-01 14:28:38,211 - INFO - 
****************************************************************************************************
2026-10-01 14:28:39,831 - INFO - --- training epoch 60, loss 0.0181, mae 0.1455, rmse 0.1900, time elapsed(min) 0.02---
2026-10-01 14:28:40,043 - INFO - --- validation at epoch 60, val_loss 0.0173, val_mae 0.1459, val_rmse 0.1859, val_r2 0.6155, val_pearson 0.7948, lr 1.00e-03 ---
2026-10-01 14:28:40,043 - INFO - 
****************************************************************************************************
2026-10-01 14:28:41,792 - INFO - --- training epoch 61, loss 0.0182, mae 0.1463, rmse 0.1905, time elapsed(min) 0.02---
2026-10-01 14:28:42,022 - INFO - --- validation at epoch 61, val_loss 0.0183, val_mae 0.1466, val_rmse 0.1903, val_r2 0.5971, val_pearson 0.7772, lr 1.00e-03 ---
2026-10-01 14:28:42,022 - INFO - 
****************************************************************************************************
2026-10-01 14:28:43,750 - INFO - --- training epoch 62, loss 0.0172, mae 0.1421, rmse 0.1855, time elapsed(min) 0.02---
2026-10-01 14:28:44,131 - INFO - --- validation at epoch 62, val_loss 0.0183, val_mae 0.1476, val_rmse 0.1910, val_r2 0.5941, val_pearson 0.7932, lr 1.00e-03 ---
2026-10-01 14:28:44,132 - INFO - 
****************************************************************************************************
2026-10-01 14:28:45,856 - INFO - --- training epoch 63, loss 0.0174, mae 0.1420, rmse 0.1867, time elapsed(min) 0.02---
2026-10-01 14:28:46,067 - INFO - --- validation at epoch 63, val_loss 0.0169, val_mae 0.1413, val_rmse 0.1843, val_r2 0.6220, val_pearson 0.7929, lr 1.00e-03 ---
2026-10-01 14:28:46,067 - INFO - 
****************************************************************************************************
2026-10-01 14:28:47,778 - INFO - --- training epoch 64, loss 0.0170, mae 0.1401, rmse 0.1846, time elapsed(min) 0.02---
2026-10-01 14:28:47,992 - INFO - --- validation at epoch 64, val_loss 0.0171, val_mae 0.1419, val_rmse 0.1852, val_r2 0.6184, val_pearson 0.7945, lr 1.00e-03 ---
2026-10-01 14:28:47,992 - INFO - 
****************************************************************************************************
2026-10-01 14:28:49,609 - INFO - --- training epoch 65, loss 0.0170, mae 0.1410, rmse 0.1843, time elapsed(min) 0.02---
2026-10-01 14:28:49,993 - INFO - --- validation at epoch 65, val_loss 0.0170, val_mae 0.1460, val_rmse 0.1849, val_r2 0.6194, val_pearson 0.7984, lr 1.00e-03 ---
2026-10-01 14:28:49,993 - INFO - 
****************************************************************************************************
2026-10-01 14:28:51,804 - INFO - --- training epoch 66, loss 0.0169, mae 0.1399, rmse 0.1840, time elapsed(min) 0.02---
2026-10-01 14:28:52,016 - INFO - --- validation at epoch 66, val_loss 0.0174, val_mae 0.1458, val_rmse 0.1879, val_r2 0.6070, val_pearson 0.7950, lr 1.00e-03 ---
2026-10-01 14:28:52,016 - INFO - 
****************************************************************************************************
2026-10-01 14:28:53,633 - INFO - --- training epoch 67, loss 0.0178, mae 0.1429, rmse 0.1886, time elapsed(min) 0.02---
2026-10-01 14:28:53,844 - INFO - --- validation at epoch 67, val_loss 0.0169, val_mae 0.1445, val_rmse 0.1852, val_r2 0.6182, val_pearson 0.7969, lr 1.00e-03 ---
2026-10-01 14:28:53,844 - INFO - 
****************************************************************************************************
2026-10-01 14:28:55,578 - INFO - --- training epoch 68, loss 0.0167, mae 0.1398, rmse 0.1826, time elapsed(min) 0.02---
2026-10-01 14:28:55,788 - INFO - --- validation at epoch 68, val_loss 0.0167, val_mae 0.1419, val_rmse 0.1831, val_r2 0.6270, val_pearson 0.8012, lr 1.00e-03 ---
2026-10-01 14:28:55,788 - INFO - 
****************************************************************************************************
2026-10-01 14:28:57,580 - INFO - --- training epoch 69, loss 0.0164, mae 0.1380, rmse 0.1809, time elapsed(min) 0.02---
2026-10-01 14:28:58,055 - INFO - --- validation at epoch 69, val_loss 0.0166, val_mae 0.1425, val_rmse 0.1851, val_r2 0.6188, val_pearson 0.7965, lr 1.00e-03 ---
2026-10-01 14:28:58,055 - INFO - 
****************************************************************************************************
2026-10-01 14:28:59,822 - INFO - --- training epoch 70, loss 0.0183, mae 0.1457, rmse 0.1912, time elapsed(min) 0.02---
2026-10-01 14:29:00,055 - INFO - --- validation at epoch 70, val_loss 0.0194, val_mae 0.1558, val_rmse 0.1972, val_r2 0.5674, val_pearson 0.7706, lr 1.00e-03 ---
2026-10-01 14:29:00,055 - INFO - 
****************************************************************************************************
2026-10-01 14:29:01,783 - INFO - --- training epoch 71, loss 0.0171, mae 0.1417, rmse 0.1852, time elapsed(min) 0.02---
2026-10-01 14:29:01,996 - INFO - --- validation at epoch 71, val_loss 0.0163, val_mae 0.1407, val_rmse 0.1817, val_r2 0.6327, val_pearson 0.8001, lr 1.00e-03 ---
2026-10-01 14:29:01,996 - INFO - 
****************************************************************************************************
2026-10-01 14:29:03,786 - INFO - --- training epoch 72, loss 0.0180, mae 0.1438, rmse 0.1900, time elapsed(min) 0.02---
2026-10-01 14:29:04,166 - INFO - --- validation at epoch 72, val_loss 0.0170, val_mae 0.1425, val_rmse 0.1851, val_r2 0.6186, val_pearson 0.7936, lr 1.00e-03 ---
2026-10-01 14:29:04,166 - INFO - 
****************************************************************************************************
2026-10-01 14:29:06,089 - INFO - --- training epoch 73, loss 0.0170, mae 0.1402, rmse 0.1845, time elapsed(min) 0.02---
2026-10-01 14:29:06,303 - INFO - --- validation at epoch 73, val_loss 0.0165, val_mae 0.1428, val_rmse 0.1837, val_r2 0.6245, val_pearson 0.8076, lr 1.00e-03 ---
2026-10-01 14:29:06,303 - INFO - 
****************************************************************************************************
2026-10-01 14:29:07,955 - INFO - --- training epoch 74, loss 0.0171, mae 0.1407, rmse 0.1848, time elapsed(min) 0.02---
2026-10-01 14:29:08,173 - INFO - --- validation at epoch 74, val_loss 0.0171, val_mae 0.1463, val_rmse 0.1887, val_r2 0.6037, val_pearson 0.7900, lr 1.00e-03 ---
2026-10-01 14:29:08,173 - INFO - 
****************************************************************************************************
2026-10-01 14:29:09,891 - INFO - --- training epoch 75, loss 0.0165, mae 0.1388, rmse 0.1818, time elapsed(min) 0.02---
2026-10-01 14:29:10,263 - INFO - --- validation at epoch 75, val_loss 0.0186, val_mae 0.1515, val_rmse 0.1983, val_r2 0.5622, val_pearson 0.7726, lr 1.00e-03 ---
2026-10-01 14:29:10,263 - INFO - 
****************************************************************************************************
2026-10-01 14:29:12,100 - INFO - --- training epoch 76, loss 0.0176, mae 0.1428, rmse 0.1879, time elapsed(min) 0.03---
2026-10-01 14:29:12,330 - INFO - --- validation at epoch 76, val_loss 0.0181, val_mae 0.1473, val_rmse 0.1932, val_r2 0.5847, val_pearson 0.7797, lr 1.00e-03 ---
2026-10-01 14:29:12,330 - INFO - 
****************************************************************************************************
2026-10-01 14:29:13,993 - INFO - --- training epoch 77, loss 0.0170, mae 0.1405, rmse 0.1842, time elapsed(min) 0.02---
2026-10-01 14:29:14,224 - INFO - --- validation at epoch 77, val_loss 0.0179, val_mae 0.1477, val_rmse 0.1935, val_r2 0.5832, val_pearson 0.7813, lr 1.00e-03 ---
2026-10-01 14:29:14,224 - INFO - 
****************************************************************************************************
2026-10-01 14:29:15,892 - INFO - --- training epoch 78, loss 0.0172, mae 0.1411, rmse 0.1857, time elapsed(min) 0.02---
2026-10-01 14:29:16,218 - INFO - --- validation at epoch 78, val_loss 0.0175, val_mae 0.1467, val_rmse 0.1875, val_r2 0.6089, val_pearson 0.7951, lr 1.00e-03 ---
2026-10-01 14:29:16,218 - INFO - 
****************************************************************************************************
2026-10-01 14:29:18,038 - INFO - --- training epoch 79, loss 0.0163, mae 0.1377, rmse 0.1806, time elapsed(min) 0.03---
2026-10-01 14:29:18,250 - INFO - --- validation at epoch 79, val_loss 0.0160, val_mae 0.1398, val_rmse 0.1815, val_r2 0.6333, val_pearson 0.7994, lr 1.00e-03 ---
2026-10-01 14:29:18,250 - INFO - 
****************************************************************************************************
2026-10-01 14:29:19,968 - INFO - --- training epoch 80, loss 0.0165, mae 0.1386, rmse 0.1817, time elapsed(min) 0.02---
2026-10-01 14:29:20,181 - INFO - --- validation at epoch 80, val_loss 0.0170, val_mae 0.1462, val_rmse 0.1871, val_r2 0.6105, val_pearson 0.8056, lr 1.00e-03 ---
2026-10-01 14:29:20,182 - INFO - 
****************************************************************************************************
2026-10-01 14:29:21,861 - INFO - --- training epoch 81, loss 0.0172, mae 0.1416, rmse 0.1856, time elapsed(min) 0.02---
2026-10-01 14:29:22,191 - INFO - --- validation at epoch 81, val_loss 0.0173, val_mae 0.1438, val_rmse 0.1865, val_r2 0.6128, val_pearson 0.7865, lr 1.00e-03 ---
2026-10-01 14:29:22,191 - INFO - 
****************************************************************************************************
2026-10-01 14:29:23,877 - INFO - --- training epoch 82, loss 0.0170, mae 0.1411, rmse 0.1842, time elapsed(min) 0.02---
2026-10-01 14:29:24,352 - INFO - --- validation at epoch 82, val_loss 0.0175, val_mae 0.1450, val_rmse 0.1904, val_r2 0.5968, val_pearson 0.7923, lr 1.00e-03 ---
2026-10-01 14:29:24,352 - INFO - 
****************************************************************************************************
2026-10-01 14:29:26,002 - INFO - --- training epoch 83, loss 0.0165, mae 0.1386, rmse 0.1815, time elapsed(min) 0.02---
2026-10-01 14:29:26,223 - INFO - --- validation at epoch 83, val_loss 0.0161, val_mae 0.1419, val_rmse 0.1828, val_r2 0.6280, val_pearson 0.8108, lr 1.00e-03 ---
2026-10-01 14:29:26,223 - INFO - 
****************************************************************************************************
2026-10-01 14:29:27,824 - INFO - --- training epoch 84, loss 0.0171, mae 0.1411, rmse 0.1851, time elapsed(min) 0.02---
2026-10-01 14:29:28,056 - INFO - --- validation at epoch 84, val_loss 0.0186, val_mae 0.1452, val_rmse 0.1928, val_r2 0.5862, val_pearson 0.7837, lr 1.00e-03 ---
2026-10-01 14:29:28,056 - INFO - 
****************************************************************************************************
2026-10-01 14:29:29,766 - INFO - --- training epoch 85, loss 0.0168, mae 0.1399, rmse 0.1833, time elapsed(min) 0.02---
2026-10-01 14:29:30,145 - INFO - --- validation at epoch 85, val_loss 0.0170, val_mae 0.1424, val_rmse 0.1859, val_r2 0.6153, val_pearson 0.8005, lr 1.00e-03 ---
2026-10-01 14:29:30,145 - INFO - 
****************************************************************************************************
2026-10-01 14:29:31,873 - INFO - --- training epoch 86, loss 0.0160, mae 0.1360, rmse 0.1788, time elapsed(min) 0.02---
2026-10-01 14:29:32,086 - INFO - --- validation at epoch 86, val_loss 0.0168, val_mae 0.1421, val_rmse 0.1854, val_r2 0.6176, val_pearson 0.8089, lr 1.00e-03 ---
2026-10-01 14:29:32,086 - INFO - 
****************************************************************************************************
2026-10-01 14:29:33,710 - INFO - --- training epoch 87, loss 0.0164, mae 0.1370, rmse 0.1810, time elapsed(min) 0.02---
2026-10-01 14:29:33,924 - INFO - --- validation at epoch 87, val_loss 0.0193, val_mae 0.1508, val_rmse 0.1992, val_r2 0.5582, val_pearson 0.7895, lr 1.00e-03 ---
2026-10-01 14:29:33,924 - INFO - 
****************************************************************************************************
2026-10-01 14:29:35,656 - INFO - --- training epoch 88, loss 0.0157, mae 0.1354, rmse 0.1773, time elapsed(min) 0.02---
2026-10-01 14:29:36,040 - INFO - --- validation at epoch 88, val_loss 0.0159, val_mae 0.1377, val_rmse 0.1797, val_r2 0.6405, val_pearson 0.8141, lr 1.00e-03 ---
2026-10-01 14:29:36,040 - INFO - 
****************************************************************************************************
2026-10-01 14:29:37,834 - INFO - --- training epoch 89, loss 0.0159, mae 0.1349, rmse 0.1784, time elapsed(min) 0.02---
2026-10-01 14:29:38,068 - INFO - --- validation at epoch 89, val_loss 0.0167, val_mae 0.1403, val_rmse 0.1848, val_r2 0.6198, val_pearson 0.8059, lr 1.00e-03 ---
2026-10-01 14:29:38,069 - INFO - 
****************************************************************************************************
2026-10-01 14:29:39,684 - INFO - --- training epoch 90, loss 0.0161, mae 0.1353, rmse 0.1794, time elapsed(min) 0.02---
2026-10-01 14:29:39,916 - INFO - --- validation at epoch 90, val_loss 0.0177, val_mae 0.1457, val_rmse 0.1910, val_r2 0.5942, val_pearson 0.8076, lr 1.00e-03 ---
2026-10-01 14:29:39,916 - INFO - 
****************************************************************************************************
2026-10-01 14:29:41,540 - INFO - --- training epoch 91, loss 0.0160, mae 0.1364, rmse 0.1790, time elapsed(min) 0.02---
2026-10-01 14:29:41,885 - INFO - --- validation at epoch 91, val_loss 0.0176, val_mae 0.1415, val_rmse 0.1884, val_r2 0.6050, val_pearson 0.8013, lr 1.00e-03 ---
2026-10-01 14:29:41,885 - INFO - 
****************************************************************************************************
2026-10-01 14:29:43,758 - INFO - --- training epoch 92, loss 0.0160, mae 0.1359, rmse 0.1786, time elapsed(min) 0.03---
2026-10-01 14:29:43,969 - INFO - --- validation at epoch 92, val_loss 0.0167, val_mae 0.1390, val_rmse 0.1847, val_r2 0.6204, val_pearson 0.7990, lr 1.00e-03 ---
2026-10-01 14:29:43,970 - INFO - 
****************************************************************************************************
2026-10-01 14:29:45,588 - INFO - --- training epoch 93, loss 0.0161, mae 0.1356, rmse 0.1794, time elapsed(min) 0.02---
2026-10-01 14:29:45,800 - INFO - --- validation at epoch 93, val_loss 0.0192, val_mae 0.1493, val_rmse 0.1959, val_r2 0.5730, val_pearson 0.7962, lr 1.00e-03 ---
2026-10-01 14:29:45,800 - INFO - 
****************************************************************************************************
2026-10-01 14:29:47,401 - INFO - --- training epoch 94, loss 0.0159, mae 0.1365, rmse 0.1785, time elapsed(min) 0.02---
2026-10-01 14:29:47,728 - INFO - --- validation at epoch 94, val_loss 0.0170, val_mae 0.1383, val_rmse 0.1820, val_r2 0.6315, val_pearson 0.8088, lr 1.00e-03 ---
2026-10-01 14:29:47,729 - INFO - 
****************************************************************************************************
2026-10-01 14:29:49,480 - INFO - --- training epoch 95, loss 0.0151, mae 0.1320, rmse 0.1736, time elapsed(min) 0.02---
2026-10-01 14:29:49,881 - INFO - --- validation at epoch 95, val_loss 0.0166, val_mae 0.1396, val_rmse 0.1857, val_r2 0.6161, val_pearson 0.8001, lr 1.00e-03 ---
2026-10-01 14:29:49,881 - INFO - 
****************************************************************************************************
2026-10-01 14:29:51,583 - INFO - --- training epoch 96, loss 0.0158, mae 0.1361, rmse 0.1780, time elapsed(min) 0.02---
2026-10-01 14:29:51,815 - INFO - --- validation at epoch 96, val_loss 0.0168, val_mae 0.1428, val_rmse 0.1866, val_r2 0.6124, val_pearson 0.8085, lr 1.00e-03 ---
2026-10-01 14:29:51,815 - INFO - 
****************************************************************************************************
2026-10-01 14:29:53,441 - INFO - --- training epoch 97, loss 0.0159, mae 0.1357, rmse 0.1781, time elapsed(min) 0.02---
2026-10-01 14:29:53,654 - INFO - --- validation at epoch 97, val_loss 0.0200, val_mae 0.1490, val_rmse 0.1995, val_r2 0.5569, val_pearson 0.7943, lr 1.00e-03 ---
2026-10-01 14:29:53,654 - INFO - 
****************************************************************************************************
2026-10-01 14:29:55,360 - INFO - --- training epoch 98, loss 0.0156, mae 0.1350, rmse 0.1768, time elapsed(min) 0.02---
2026-10-01 14:29:55,729 - INFO - --- validation at epoch 98, val_loss 0.0168, val_mae 0.1358, val_rmse 0.1801, val_r2 0.6391, val_pearson 0.8115, lr 1.00e-03 ---
2026-10-01 14:29:55,729 - INFO - 
****************************************************************************************************
2026-10-01 14:29:55,988 - INFO - --- early stopping at epoch 98: val_loss did not improve for 10 epochs ---
2026-10-01 14:29:56,578 - INFO - --- selected checkpoint from epoch 88, val_loss 0.0159, val_mae 0.1377, val_rmse 0.1797
2026-10-01 14:29:57,452 - INFO - -- RESULT
2026-10-01 14:29:57,452 - INFO - --- test size: 1728
2026-10-01 14:29:57,452 - INFO - --- MAE: 0.1285 (12.85 pp), RMSE: 0.1687 (16.87 pp), R2: 0.6320, Pearson: 0.8007
2026-10-01 14:29:58,859 - INFO - --- Cell approach_2 DONE: test MAE=0.1285 RMSE=0.1687 R2=0.6320 | sec/epoch=1.99
2026-10-01 14:29:58,869 - INFO - === RUNNING: dataset=suzuki split=split_0 cell=approach_1_linear (tokens=comb, pooling=rn, head=linear) ===
