2026-10-01 14:50:01,931 - INFO - device is	cuda:0
2026-10-01 14:50:02,049 - INFO - -- CONFIGURATIONS
2026-10-01 14:50:02,049 - INFO - --- train/valid/test: 3628/404/1728
2026-10-01 14:50:02,049 - INFO - --- max no. reactants_train, valid, test respectively: 14, 14, 14
2026-10-01 14:50:02,049 - INFO - --- max no. products_train, valid, test respectively: 1, 1, 1
2026-10-01 14:50:02,049 - INFO - --- model_path: ../logs/approach1_server/approach_3/suzuki/runs/suzuki_split_0_20261001_145001/split_0/model.pt
2026-10-01 14:50:02,144 - INFO - -- TRAINING
2026-10-01 14:50:04,470 - INFO - --- training epoch 0, loss 2.1780, mae 2.5145, rmse 7.8386, time elapsed(min) 0.04---
2026-10-01 14:50:04,726 - INFO - --- validation at epoch 0, val_loss 0.0424, val_mae 0.2626, val_rmse 0.2979, val_r2 0.0126, val_pearson 0.1905, lr 1.00e-03 ---
2026-10-01 14:50:04,726 - INFO - 
****************************************************************************************************
2026-10-01 14:50:06,964 - INFO - --- training epoch 1, loss 0.0460, mae 0.2529, rmse 0.3034, time elapsed(min) 0.03---
2026-10-01 14:50:07,217 - INFO - --- validation at epoch 1, val_loss 0.0424, val_mae 0.2651, val_rmse 0.2985, val_r2 0.0084, val_pearson 0.2352, lr 1.00e-03 ---
2026-10-01 14:50:07,217 - INFO - 
****************************************************************************************************
2026-10-01 14:50:09,420 - INFO - --- training epoch 2, loss 0.0407, mae 0.2436, rmse 0.2854, time elapsed(min) 0.03---
2026-10-01 14:50:09,814 - INFO - --- validation at epoch 2, val_loss 0.0454, val_mae 0.2554, val_rmse 0.3059, val_r2 -0.0410, val_pearson 0.2773, lr 1.00e-03 ---
2026-10-01 14:50:09,814 - INFO - 
****************************************************************************************************
2026-10-01 14:50:12,103 - INFO - --- training epoch 3, loss 0.0400, mae 0.2414, rmse 0.2828, time elapsed(min) 0.03---
2026-10-01 14:50:12,567 - INFO - --- validation at epoch 3, val_loss 0.0412, val_mae 0.2530, val_rmse 0.2926, val_r2 0.0474, val_pearson 0.3172, lr 1.00e-03 ---
2026-10-01 14:50:12,567 - INFO - 
****************************************************************************************************
2026-10-01 14:50:14,943 - INFO - --- training epoch 4, loss 0.0390, mae 0.2393, rmse 0.2792, time elapsed(min) 0.03---
2026-10-01 14:50:15,189 - INFO - --- validation at epoch 4, val_loss 0.0407, val_mae 0.2512, val_rmse 0.2905, val_r2 0.0610, val_pearson 0.3270, lr 1.00e-03 ---
2026-10-01 14:50:15,189 - INFO - 
****************************************************************************************************
2026-10-01 14:50:17,443 - INFO - --- training epoch 5, loss 0.0384, mae 0.2381, rmse 0.2772, time elapsed(min) 0.03---
2026-10-01 14:50:17,701 - INFO - --- validation at epoch 5, val_loss 0.0412, val_mae 0.2491, val_rmse 0.2917, val_r2 0.0532, val_pearson 0.3385, lr 1.00e-03 ---
2026-10-01 14:50:17,702 - INFO - 
****************************************************************************************************
2026-10-01 14:50:19,909 - INFO - --- training epoch 6, loss 0.0382, mae 0.2373, rmse 0.2766, time elapsed(min) 0.03---
2026-10-01 14:50:20,306 - INFO - --- validation at epoch 6, val_loss 0.0412, val_mae 0.2484, val_rmse 0.2916, val_r2 0.0536, val_pearson 0.3489, lr 1.00e-03 ---
2026-10-01 14:50:20,306 - INFO - 
****************************************************************************************************
2026-10-01 14:50:22,817 - INFO - --- training epoch 7, loss 0.0388, mae 0.2384, rmse 0.2786, time elapsed(min) 0.04---
2026-10-01 14:50:23,063 - INFO - --- validation at epoch 7, val_loss 0.0450, val_mae 0.2490, val_rmse 0.3038, val_r2 -0.0270, val_pearson 0.3557, lr 1.00e-03 ---
2026-10-01 14:50:23,063 - INFO - 
****************************************************************************************************
2026-10-01 14:50:25,318 - INFO - --- training epoch 8, loss 0.0386, mae 0.2375, rmse 0.2780, time elapsed(min) 0.03---
2026-10-01 14:50:25,576 - INFO - --- validation at epoch 8, val_loss 0.0399, val_mae 0.2459, val_rmse 0.2877, val_r2 0.0787, val_pearson 0.3603, lr 1.00e-03 ---
2026-10-01 14:50:25,576 - INFO - 
****************************************************************************************************
2026-10-01 14:50:28,015 - INFO - --- training epoch 9, loss 0.0379, mae 0.2355, rmse 0.2753, time elapsed(min) 0.03---
2026-10-01 14:50:28,428 - INFO - --- validation at epoch 9, val_loss 0.0395, val_mae 0.2434, val_rmse 0.2863, val_r2 0.0877, val_pearson 0.3755, lr 1.00e-03 ---
2026-10-01 14:50:28,428 - INFO - 
****************************************************************************************************
2026-10-01 14:50:30,940 - INFO - --- training epoch 10, loss 0.0374, mae 0.2328, rmse 0.2735, time elapsed(min) 0.03---
2026-10-01 14:50:31,197 - INFO - --- validation at epoch 10, val_loss 0.0401, val_mae 0.2394, val_rmse 0.2881, val_r2 0.0761, val_pearson 0.3661, lr 1.00e-03 ---
2026-10-01 14:50:31,197 - INFO - 
****************************************************************************************************
2026-10-01 14:50:33,376 - INFO - --- training epoch 11, loss 0.0375, mae 0.2306, rmse 0.2740, time elapsed(min) 0.03---
2026-10-01 14:50:33,627 - INFO - --- validation at epoch 11, val_loss 0.0379, val_mae 0.2371, val_rmse 0.2810, val_r2 0.1216, val_pearson 0.3758, lr 1.00e-03 ---
2026-10-01 14:50:33,627 - INFO - 
****************************************************************************************************
2026-10-01 14:50:35,873 - INFO - --- training epoch 12, loss 0.0364, mae 0.2272, rmse 0.2698, time elapsed(min) 0.03---
2026-10-01 14:50:36,128 - INFO - --- validation at epoch 12, val_loss 0.0387, val_mae 0.2332, val_rmse 0.2838, val_r2 0.1035, val_pearson 0.4093, lr 1.00e-03 ---
2026-10-01 14:50:36,128 - INFO - 
****************************************************************************************************
2026-10-01 14:50:38,500 - INFO - --- training epoch 13, loss 0.0367, mae 0.2262, rmse 0.2708, time elapsed(min) 0.03---
2026-10-01 14:50:38,957 - INFO - --- validation at epoch 13, val_loss 0.0364, val_mae 0.2350, val_rmse 0.2762, val_r2 0.1509, val_pearson 0.4174, lr 1.00e-03 ---
2026-10-01 14:50:38,958 - INFO - 
****************************************************************************************************
2026-10-01 14:50:41,425 - INFO - --- training epoch 14, loss 0.0359, mae 0.2253, rmse 0.2679, time elapsed(min) 0.03---
2026-10-01 14:50:41,678 - INFO - --- validation at epoch 14, val_loss 0.0386, val_mae 0.2276, val_rmse 0.2828, val_r2 0.1102, val_pearson 0.4448, lr 1.00e-03 ---
2026-10-01 14:50:41,678 - INFO - 
****************************************************************************************************
2026-10-01 14:50:43,948 - INFO - --- training epoch 15, loss 0.0350, mae 0.2210, rmse 0.2645, time elapsed(min) 0.03---
2026-10-01 14:50:44,209 - INFO - --- validation at epoch 15, val_loss 0.0367, val_mae 0.2227, val_rmse 0.2768, val_r2 0.1475, val_pearson 0.4707, lr 1.00e-03 ---
2026-10-01 14:50:44,209 - INFO - 
****************************************************************************************************
2026-10-01 14:50:46,504 - INFO - --- training epoch 16, loss 0.0346, mae 0.2190, rmse 0.2631, time elapsed(min) 0.03---
2026-10-01 14:50:46,947 - INFO - --- validation at epoch 16, val_loss 0.0358, val_mae 0.2211, val_rmse 0.2734, val_r2 0.1681, val_pearson 0.4759, lr 1.00e-03 ---
2026-10-01 14:50:46,947 - INFO - 
****************************************************************************************************
2026-10-01 14:50:49,336 - INFO - --- training epoch 17, loss 0.0348, mae 0.2201, rmse 0.2639, time elapsed(min) 0.03---
2026-10-01 14:50:49,586 - INFO - --- validation at epoch 17, val_loss 0.0366, val_mae 0.2248, val_rmse 0.2769, val_r2 0.1467, val_pearson 0.4808, lr 1.00e-03 ---
2026-10-01 14:50:49,586 - INFO - 
****************************************************************************************************
2026-10-01 14:50:51,847 - INFO - --- training epoch 18, loss 0.0351, mae 0.2203, rmse 0.2651, time elapsed(min) 0.03---
2026-10-01 14:50:52,105 - INFO - --- validation at epoch 18, val_loss 0.0350, val_mae 0.2240, val_rmse 0.2717, val_r2 0.1786, val_pearson 0.4765, lr 1.00e-03 ---
2026-10-01 14:50:52,105 - INFO - 
****************************************************************************************************
2026-10-01 14:50:54,511 - INFO - --- training epoch 19, loss 0.0346, mae 0.2189, rmse 0.2629, time elapsed(min) 0.03---
2026-10-01 14:50:54,920 - INFO - --- validation at epoch 19, val_loss 0.0351, val_mae 0.2205, val_rmse 0.2713, val_r2 0.1807, val_pearson 0.4904, lr 1.00e-03 ---
2026-10-01 14:50:54,920 - INFO - 
****************************************************************************************************
2026-10-01 14:50:57,429 - INFO - --- training epoch 20, loss 0.0344, mae 0.2186, rmse 0.2624, time elapsed(min) 0.04---
2026-10-01 14:50:57,675 - INFO - --- validation at epoch 20, val_loss 0.0349, val_mae 0.2201, val_rmse 0.2714, val_r2 0.1804, val_pearson 0.4960, lr 1.00e-03 ---
2026-10-01 14:50:57,675 - INFO - 
****************************************************************************************************
2026-10-01 14:50:59,952 - INFO - --- training epoch 21, loss 0.0342, mae 0.2169, rmse 0.2614, time elapsed(min) 0.03---
2026-10-01 14:51:00,209 - INFO - --- validation at epoch 21, val_loss 0.0354, val_mae 0.2207, val_rmse 0.2724, val_r2 0.1745, val_pearson 0.5022, lr 1.00e-03 ---
2026-10-01 14:51:00,210 - INFO - 
****************************************************************************************************
2026-10-01 14:51:02,471 - INFO - --- training epoch 22, loss 0.0338, mae 0.2152, rmse 0.2601, time elapsed(min) 0.03---
2026-10-01 14:51:02,889 - INFO - --- validation at epoch 22, val_loss 0.0343, val_mae 0.2191, val_rmse 0.2682, val_r2 0.1997, val_pearson 0.5161, lr 1.00e-03 ---
2026-10-01 14:51:02,889 - INFO - 
****************************************************************************************************
2026-10-01 14:51:05,486 - INFO - --- training epoch 23, loss 0.0341, mae 0.2158, rmse 0.2612, time elapsed(min) 0.04---
2026-10-01 14:51:05,749 - INFO - --- validation at epoch 23, val_loss 0.0362, val_mae 0.2232, val_rmse 0.2752, val_r2 0.1575, val_pearson 0.5015, lr 1.00e-03 ---
2026-10-01 14:51:05,749 - INFO - 
****************************************************************************************************
2026-10-01 14:51:07,991 - INFO - --- training epoch 24, loss 0.0337, mae 0.2145, rmse 0.2596, time elapsed(min) 0.03---
2026-10-01 14:51:08,251 - INFO - --- validation at epoch 24, val_loss 0.0341, val_mae 0.2170, val_rmse 0.2684, val_r2 0.1985, val_pearson 0.5031, lr 1.00e-03 ---
2026-10-01 14:51:08,252 - INFO - 
****************************************************************************************************
2026-10-01 14:51:10,548 - INFO - --- training epoch 25, loss 0.0331, mae 0.2123, rmse 0.2575, time elapsed(min) 0.03---
2026-10-01 14:51:10,798 - INFO - --- validation at epoch 25, val_loss 0.0343, val_mae 0.2174, val_rmse 0.2695, val_r2 0.1917, val_pearson 0.4928, lr 1.00e-03 ---
2026-10-01 14:51:10,799 - INFO - 
****************************************************************************************************
2026-10-01 14:51:13,167 - INFO - --- training epoch 26, loss 0.0337, mae 0.2136, rmse 0.2595, time elapsed(min) 0.03---
2026-10-01 14:51:13,669 - INFO - --- validation at epoch 26, val_loss 0.0336, val_mae 0.2164, val_rmse 0.2657, val_r2 0.2143, val_pearson 0.5075, lr 1.00e-03 ---
2026-10-01 14:51:13,669 - INFO - 
****************************************************************************************************
2026-10-01 14:51:16,100 - INFO - --- training epoch 27, loss 0.0329, mae 0.2112, rmse 0.2565, time elapsed(min) 0.03---
2026-10-01 14:51:16,366 - INFO - --- validation at epoch 27, val_loss 0.0343, val_mae 0.2172, val_rmse 0.2673, val_r2 0.2047, val_pearson 0.5185, lr 1.00e-03 ---
2026-10-01 14:51:16,367 - INFO - 
****************************************************************************************************
2026-10-01 14:51:18,611 - INFO - --- training epoch 28, loss 0.0327, mae 0.2098, rmse 0.2556, time elapsed(min) 0.03---
2026-10-01 14:51:18,876 - INFO - --- validation at epoch 28, val_loss 0.0351, val_mae 0.2193, val_rmse 0.2690, val_r2 0.1950, val_pearson 0.5383, lr 1.00e-03 ---
2026-10-01 14:51:18,876 - INFO - 
****************************************************************************************************
2026-10-01 14:51:21,241 - INFO - --- training epoch 29, loss 0.0329, mae 0.2097, rmse 0.2565, time elapsed(min) 0.03---
2026-10-01 14:51:21,691 - INFO - --- validation at epoch 29, val_loss 0.0301, val_mae 0.2116, val_rmse 0.2521, val_r2 0.2928, val_pearson 0.5890, lr 1.00e-03 ---
2026-10-01 14:51:21,691 - INFO - 
****************************************************************************************************
2026-10-01 14:51:24,301 - INFO - --- training epoch 30, loss 0.0270, mae 0.1868, rmse 0.2324, time elapsed(min) 0.03---
2026-10-01 14:51:24,567 - INFO - --- validation at epoch 30, val_loss 0.0288, val_mae 0.1883, val_rmse 0.2378, val_r2 0.3707, val_pearson 0.6175, lr 1.00e-03 ---
2026-10-01 14:51:24,568 - INFO - 
****************************************************************************************************
2026-10-01 14:51:26,885 - INFO - --- training epoch 31, loss 0.0255, mae 0.1781, rmse 0.2258, time elapsed(min) 0.03---
2026-10-01 14:51:27,143 - INFO - --- validation at epoch 31, val_loss 0.0285, val_mae 0.1875, val_rmse 0.2364, val_r2 0.3782, val_pearson 0.6499, lr 1.00e-03 ---
2026-10-01 14:51:27,144 - INFO - 
****************************************************************************************************
2026-10-01 14:51:29,448 - INFO - --- training epoch 32, loss 0.0256, mae 0.1780, rmse 0.2263, time elapsed(min) 0.03---
2026-10-01 14:51:29,907 - INFO - --- validation at epoch 32, val_loss 0.0294, val_mae 0.1888, val_rmse 0.2394, val_r2 0.3624, val_pearson 0.6495, lr 1.00e-03 ---
2026-10-01 14:51:29,907 - INFO - 
****************************************************************************************************
2026-10-01 14:51:32,253 - INFO - --- training epoch 33, loss 0.0245, mae 0.1745, rmse 0.2213, time elapsed(min) 0.03---
2026-10-01 14:51:32,507 - INFO - --- validation at epoch 33, val_loss 0.0258, val_mae 0.1836, val_rmse 0.2276, val_r2 0.4233, val_pearson 0.6615, lr 1.00e-03 ---
2026-10-01 14:51:32,507 - INFO - 
****************************************************************************************************
2026-10-01 14:51:34,914 - INFO - --- training epoch 34, loss 0.0243, mae 0.1736, rmse 0.2204, time elapsed(min) 0.03---
2026-10-01 14:51:35,199 - INFO - --- validation at epoch 34, val_loss 0.0269, val_mae 0.1864, val_rmse 0.2313, val_r2 0.4048, val_pearson 0.6666, lr 1.00e-03 ---
2026-10-01 14:51:35,199 - INFO - 
****************************************************************************************************
2026-10-01 14:51:37,617 - INFO - --- training epoch 35, loss 0.0241, mae 0.1725, rmse 0.2194, time elapsed(min) 0.03---
2026-10-01 14:51:38,045 - INFO - --- validation at epoch 35, val_loss 0.0278, val_mae 0.1859, val_rmse 0.2333, val_r2 0.3945, val_pearson 0.6755, lr 1.00e-03 ---
2026-10-01 14:51:38,046 - INFO - 
****************************************************************************************************
2026-10-01 14:51:40,629 - INFO - --- training epoch 36, loss 0.0241, mae 0.1728, rmse 0.2194, time elapsed(min) 0.04---
2026-10-01 14:51:40,883 - INFO - --- validation at epoch 36, val_loss 0.0269, val_mae 0.1828, val_rmse 0.2293, val_r2 0.4151, val_pearson 0.6803, lr 1.00e-03 ---
2026-10-01 14:51:40,883 - INFO - 
****************************************************************************************************
2026-10-01 14:51:43,137 - INFO - --- training epoch 37, loss 0.0237, mae 0.1713, rmse 0.2179, time elapsed(min) 0.03---
2026-10-01 14:51:43,397 - INFO - --- validation at epoch 37, val_loss 0.0254, val_mae 0.1791, val_rmse 0.2238, val_r2 0.4426, val_pearson 0.6822, lr 1.00e-03 ---
2026-10-01 14:51:43,397 - INFO - 
****************************************************************************************************
2026-10-01 14:51:45,692 - INFO - --- training epoch 38, loss 0.0237, mae 0.1716, rmse 0.2178, time elapsed(min) 0.03---
2026-10-01 14:51:45,957 - INFO - --- validation at epoch 38, val_loss 0.0251, val_mae 0.1793, val_rmse 0.2241, val_r2 0.4413, val_pearson 0.6800, lr 1.00e-03 ---
2026-10-01 14:51:45,957 - INFO - 
****************************************************************************************************
2026-10-01 14:51:48,417 - INFO - --- training epoch 39, loss 0.0233, mae 0.1698, rmse 0.2159, time elapsed(min) 0.03---
2026-10-01 14:51:48,876 - INFO - --- validation at epoch 39, val_loss 0.0245, val_mae 0.1770, val_rmse 0.2199, val_r2 0.4617, val_pearson 0.6946, lr 1.00e-03 ---
2026-10-01 14:51:48,876 - INFO - 
****************************************************************************************************
2026-10-01 14:51:51,383 - INFO - --- training epoch 40, loss 0.0234, mae 0.1719, rmse 0.2164, time elapsed(min) 0.03---
2026-10-01 14:51:51,638 - INFO - --- validation at epoch 40, val_loss 0.0252, val_mae 0.1814, val_rmse 0.2250, val_r2 0.4366, val_pearson 0.6830, lr 1.00e-03 ---
2026-10-01 14:51:51,638 - INFO - 
****************************************************************************************************
2026-10-01 14:51:53,925 - INFO - --- training epoch 41, loss 0.0237, mae 0.1720, rmse 0.2178, time elapsed(min) 0.03---
2026-10-01 14:51:54,181 - INFO - --- validation at epoch 41, val_loss 0.0312, val_mae 0.1910, val_rmse 0.2462, val_r2 0.3257, val_pearson 0.6539, lr 1.00e-03 ---
2026-10-01 14:51:54,181 - INFO - 
****************************************************************************************************
2026-10-01 14:51:56,546 - INFO - --- training epoch 42, loss 0.0233, mae 0.1698, rmse 0.2159, time elapsed(min) 0.03---
2026-10-01 14:51:56,998 - INFO - --- validation at epoch 42, val_loss 0.0246, val_mae 0.1733, val_rmse 0.2196, val_r2 0.4634, val_pearson 0.7027, lr 1.00e-03 ---
2026-10-01 14:51:56,998 - INFO - 
****************************************************************************************************
2026-10-01 14:51:59,465 - INFO - --- training epoch 43, loss 0.0228, mae 0.1691, rmse 0.2137, time elapsed(min) 0.03---
2026-10-01 14:51:59,720 - INFO - --- validation at epoch 43, val_loss 0.0271, val_mae 0.1787, val_rmse 0.2301, val_r2 0.4111, val_pearson 0.6899, lr 1.00e-03 ---
2026-10-01 14:51:59,720 - INFO - 
****************************************************************************************************
2026-10-01 14:52:02,024 - INFO - --- training epoch 44, loss 0.0226, mae 0.1668, rmse 0.2128, time elapsed(min) 0.03---
2026-10-01 14:52:02,285 - INFO - --- validation at epoch 44, val_loss 0.0236, val_mae 0.1660, val_rmse 0.2145, val_r2 0.4880, val_pearson 0.7061, lr 1.00e-03 ---
2026-10-01 14:52:02,286 - INFO - 
****************************************************************************************************
2026-10-01 14:52:04,753 - INFO - --- training epoch 45, loss 0.0216, mae 0.1631, rmse 0.2079, time elapsed(min) 0.03---
2026-10-01 14:52:05,236 - INFO - --- validation at epoch 45, val_loss 0.0227, val_mae 0.1683, val_rmse 0.2118, val_r2 0.5009, val_pearson 0.7160, lr 1.00e-03 ---
2026-10-01 14:52:05,236 - INFO - 
****************************************************************************************************
2026-10-01 14:52:07,822 - INFO - --- training epoch 46, loss 0.0211, mae 0.1615, rmse 0.2052, time elapsed(min) 0.03---
2026-10-01 14:52:08,077 - INFO - --- validation at epoch 46, val_loss 0.0227, val_mae 0.1687, val_rmse 0.2135, val_r2 0.4926, val_pearson 0.7078, lr 1.00e-03 ---
2026-10-01 14:52:08,077 - INFO - 
****************************************************************************************************
2026-10-01 14:52:10,462 - INFO - --- training epoch 47, loss 0.0209, mae 0.1609, rmse 0.2046, time elapsed(min) 0.03---
2026-10-01 14:52:10,717 - INFO - --- validation at epoch 47, val_loss 0.0238, val_mae 0.1745, val_rmse 0.2175, val_r2 0.4736, val_pearson 0.7138, lr 1.00e-03 ---
2026-10-01 14:52:10,718 - INFO - 
****************************************************************************************************
2026-10-01 14:52:13,122 - INFO - --- training epoch 48, loss 0.0215, mae 0.1641, rmse 0.2076, time elapsed(min) 0.03---
2026-10-01 14:52:13,564 - INFO - --- validation at epoch 48, val_loss 0.0237, val_mae 0.1667, val_rmse 0.2143, val_r2 0.4889, val_pearson 0.7292, lr 1.00e-03 ---
2026-10-01 14:52:13,564 - INFO - 
****************************************************************************************************
2026-10-01 14:52:16,246 - INFO - --- training epoch 49, loss 0.0209, mae 0.1604, rmse 0.2043, time elapsed(min) 0.04---
2026-10-01 14:52:16,498 - INFO - --- validation at epoch 49, val_loss 0.0222, val_mae 0.1669, val_rmse 0.2103, val_r2 0.5080, val_pearson 0.7219, lr 1.00e-03 ---
2026-10-01 14:52:16,498 - INFO - 
****************************************************************************************************
2026-10-01 14:52:18,850 - INFO - --- training epoch 50, loss 0.0200, mae 0.1572, rmse 0.2000, time elapsed(min) 0.03---
2026-10-01 14:52:19,101 - INFO - --- validation at epoch 50, val_loss 0.0220, val_mae 0.1656, val_rmse 0.2087, val_r2 0.5154, val_pearson 0.7335, lr 1.00e-03 ---
2026-10-01 14:52:19,101 - INFO - 
****************************************************************************************************
2026-10-01 14:52:21,415 - INFO - --- training epoch 51, loss 0.0205, mae 0.1595, rmse 0.2024, time elapsed(min) 0.03---
2026-10-01 14:52:21,673 - INFO - --- validation at epoch 51, val_loss 0.0212, val_mae 0.1612, val_rmse 0.2047, val_r2 0.5337, val_pearson 0.7363, lr 1.00e-03 ---
2026-10-01 14:52:21,673 - INFO - 
****************************************************************************************************
2026-10-01 14:52:24,129 - INFO - --- training epoch 52, loss 0.0200, mae 0.1576, rmse 0.1999, time elapsed(min) 0.03---
2026-10-01 14:52:24,585 - INFO - --- validation at epoch 52, val_loss 0.0213, val_mae 0.1628, val_rmse 0.2061, val_r2 0.5272, val_pearson 0.7385, lr 1.00e-03 ---
2026-10-01 14:52:24,585 - INFO - 
****************************************************************************************************
2026-10-01 14:52:27,039 - INFO - --- training epoch 53, loss 0.0200, mae 0.1568, rmse 0.2002, time elapsed(min) 0.03---
2026-10-01 14:52:27,298 - INFO - --- validation at epoch 53, val_loss 0.0223, val_mae 0.1665, val_rmse 0.2104, val_r2 0.5073, val_pearson 0.7442, lr 1.00e-03 ---
2026-10-01 14:52:27,298 - INFO - 
****************************************************************************************************
2026-10-01 14:52:29,580 - INFO - --- training epoch 54, loss 0.0213, mae 0.1634, rmse 0.2065, time elapsed(min) 0.03---
2026-10-01 14:52:29,839 - INFO - --- validation at epoch 54, val_loss 0.0217, val_mae 0.1656, val_rmse 0.2081, val_r2 0.5183, val_pearson 0.7285, lr 1.00e-03 ---
2026-10-01 14:52:29,839 - INFO - 
****************************************************************************************************
2026-10-01 14:52:32,224 - INFO - --- training epoch 55, loss 0.0194, mae 0.1550, rmse 0.1970, time elapsed(min) 0.03---
2026-10-01 14:52:32,704 - INFO - --- validation at epoch 55, val_loss 0.0214, val_mae 0.1614, val_rmse 0.2059, val_r2 0.5283, val_pearson 0.7508, lr 1.00e-03 ---
2026-10-01 14:52:32,704 - INFO - 
****************************************************************************************************
2026-10-01 14:52:35,208 - INFO - --- training epoch 56, loss 0.0198, mae 0.1561, rmse 0.1991, time elapsed(min) 0.03---
2026-10-01 14:52:35,462 - INFO - --- validation at epoch 56, val_loss 0.0230, val_mae 0.1628, val_rmse 0.2111, val_r2 0.5040, val_pearson 0.7508, lr 1.00e-03 ---
2026-10-01 14:52:35,462 - INFO - 
****************************************************************************************************
2026-10-01 14:52:37,740 - INFO - --- training epoch 57, loss 0.0206, mae 0.1599, rmse 0.2029, time elapsed(min) 0.03---
2026-10-01 14:52:37,997 - INFO - --- validation at epoch 57, val_loss 0.0212, val_mae 0.1613, val_rmse 0.2047, val_r2 0.5339, val_pearson 0.7428, lr 1.00e-03 ---
2026-10-01 14:52:37,997 - INFO - 
****************************************************************************************************
2026-10-01 14:52:40,333 - INFO - --- training epoch 58, loss 0.0195, mae 0.1540, rmse 0.1973, time elapsed(min) 0.03---
2026-10-01 14:52:40,759 - INFO - --- validation at epoch 58, val_loss 0.0212, val_mae 0.1620, val_rmse 0.2050, val_r2 0.5323, val_pearson 0.7496, lr 1.00e-03 ---
2026-10-01 14:52:40,759 - INFO - 
****************************************************************************************************
2026-10-01 14:52:43,344 - INFO - --- training epoch 59, loss 0.0191, mae 0.1532, rmse 0.1956, time elapsed(min) 0.04---
2026-10-01 14:52:43,592 - INFO - --- validation at epoch 59, val_loss 0.0212, val_mae 0.1615, val_rmse 0.2052, val_r2 0.5313, val_pearson 0.7567, lr 1.00e-03 ---
2026-10-01 14:52:43,592 - INFO - 
****************************************************************************************************
2026-10-01 14:52:45,879 - INFO - --- training epoch 60, loss 0.0193, mae 0.1540, rmse 0.1963, time elapsed(min) 0.03---
2026-10-01 14:52:46,141 - INFO - --- validation at epoch 60, val_loss 0.0212, val_mae 0.1615, val_rmse 0.2049, val_r2 0.5329, val_pearson 0.7457, lr 1.00e-03 ---
2026-10-01 14:52:46,141 - INFO - 
****************************************************************************************************
2026-10-01 14:52:48,379 - INFO - --- training epoch 61, loss 0.0190, mae 0.1525, rmse 0.1948, time elapsed(min) 0.03---
2026-10-01 14:52:48,803 - INFO - --- validation at epoch 61, val_loss 0.0200, val_mae 0.1577, val_rmse 0.2000, val_r2 0.5547, val_pearson 0.7608, lr 1.00e-03 ---
2026-10-01 14:52:48,803 - INFO - 
****************************************************************************************************
2026-10-01 14:52:51,241 - INFO - --- training epoch 62, loss 0.0184, mae 0.1492, rmse 0.1918, time elapsed(min) 0.03---
2026-10-01 14:52:51,719 - INFO - --- validation at epoch 62, val_loss 0.0203, val_mae 0.1573, val_rmse 0.2003, val_r2 0.5538, val_pearson 0.7587, lr 1.00e-03 ---
2026-10-01 14:52:51,719 - INFO - 
****************************************************************************************************
2026-10-01 14:52:54,110 - INFO - --- training epoch 63, loss 0.0185, mae 0.1499, rmse 0.1925, time elapsed(min) 0.03---
2026-10-01 14:52:54,358 - INFO - --- validation at epoch 63, val_loss 0.0208, val_mae 0.1621, val_rmse 0.2040, val_r2 0.5369, val_pearson 0.7502, lr 1.00e-03 ---
2026-10-01 14:52:54,358 - INFO - 
****************************************************************************************************
2026-10-01 14:52:56,638 - INFO - --- training epoch 64, loss 0.0189, mae 0.1513, rmse 0.1942, time elapsed(min) 0.03---
2026-10-01 14:52:56,896 - INFO - --- validation at epoch 64, val_loss 0.0216, val_mae 0.1623, val_rmse 0.2064, val_r2 0.5261, val_pearson 0.7538, lr 1.00e-03 ---
2026-10-01 14:52:56,896 - INFO - 
****************************************************************************************************
2026-10-01 14:52:59,351 - INFO - --- training epoch 65, loss 0.0181, mae 0.1485, rmse 0.1905, time elapsed(min) 0.03---
2026-10-01 14:52:59,807 - INFO - --- validation at epoch 65, val_loss 0.0200, val_mae 0.1558, val_rmse 0.1989, val_r2 0.5600, val_pearson 0.7618, lr 1.00e-03 ---
2026-10-01 14:52:59,807 - INFO - 
****************************************************************************************************
2026-10-01 14:53:02,206 - INFO - --- training epoch 66, loss 0.0179, mae 0.1469, rmse 0.1890, time elapsed(min) 0.03---
2026-10-01 14:53:02,481 - INFO - --- validation at epoch 66, val_loss 0.0202, val_mae 0.1563, val_rmse 0.1996, val_r2 0.5566, val_pearson 0.7704, lr 1.00e-03 ---
2026-10-01 14:53:02,481 - INFO - 
****************************************************************************************************
2026-10-01 14:53:04,854 - INFO - --- training epoch 67, loss 0.0183, mae 0.1483, rmse 0.1912, time elapsed(min) 0.03---
2026-10-01 14:53:05,108 - INFO - --- validation at epoch 67, val_loss 0.0212, val_mae 0.1595, val_rmse 0.2044, val_r2 0.5353, val_pearson 0.7730, lr 1.00e-03 ---
2026-10-01 14:53:05,108 - INFO - 
****************************************************************************************************
2026-10-01 14:53:07,514 - INFO - --- training epoch 68, loss 0.0187, mae 0.1502, rmse 0.1934, time elapsed(min) 0.03---
2026-10-01 14:53:07,974 - INFO - --- validation at epoch 68, val_loss 0.0222, val_mae 0.1637, val_rmse 0.2096, val_r2 0.5112, val_pearson 0.7668, lr 1.00e-03 ---
2026-10-01 14:53:07,974 - INFO - 
****************************************************************************************************
2026-10-01 14:53:10,403 - INFO - --- training epoch 69, loss 0.0190, mae 0.1531, rmse 0.1948, time elapsed(min) 0.03---
2026-10-01 14:53:10,656 - INFO - --- validation at epoch 69, val_loss 0.0197, val_mae 0.1567, val_rmse 0.1988, val_r2 0.5600, val_pearson 0.7787, lr 1.00e-03 ---
2026-10-01 14:53:10,656 - INFO - 
****************************************************************************************************
2026-10-01 14:53:13,122 - INFO - --- training epoch 70, loss 0.0183, mae 0.1489, rmse 0.1913, time elapsed(min) 0.03---
2026-10-01 14:53:13,378 - INFO - --- validation at epoch 70, val_loss 0.0190, val_mae 0.1508, val_rmse 0.1950, val_r2 0.5769, val_pearson 0.7763, lr 1.00e-03 ---
2026-10-01 14:53:13,378 - INFO - 
****************************************************************************************************
2026-10-01 14:53:15,789 - INFO - --- training epoch 71, loss 0.0189, mae 0.1512, rmse 0.1942, time elapsed(min) 0.03---
2026-10-01 14:53:16,206 - INFO - --- validation at epoch 71, val_loss 0.0204, val_mae 0.1574, val_rmse 0.2018, val_r2 0.5471, val_pearson 0.7692, lr 1.00e-03 ---
2026-10-01 14:53:16,207 - INFO - 
****************************************************************************************************
2026-10-01 14:53:18,779 - INFO - --- training epoch 72, loss 0.0178, mae 0.1468, rmse 0.1889, time elapsed(min) 0.04---
2026-10-01 14:53:19,033 - INFO - --- validation at epoch 72, val_loss 0.0195, val_mae 0.1511, val_rmse 0.1975, val_r2 0.5659, val_pearson 0.7630, lr 1.00e-03 ---
2026-10-01 14:53:19,033 - INFO - 
****************************************************************************************************
2026-10-01 14:53:21,271 - INFO - --- training epoch 73, loss 0.0181, mae 0.1471, rmse 0.1901, time elapsed(min) 0.03---
2026-10-01 14:53:21,535 - INFO - --- validation at epoch 73, val_loss 0.0193, val_mae 0.1521, val_rmse 0.1961, val_r2 0.5722, val_pearson 0.7722, lr 1.00e-03 ---
2026-10-01 14:53:21,535 - INFO - 
****************************************************************************************************
2026-10-01 14:53:23,807 - INFO - --- training epoch 74, loss 0.0171, mae 0.1429, rmse 0.1847, time elapsed(min) 0.03---
2026-10-01 14:53:24,211 - INFO - --- validation at epoch 74, val_loss 0.0189, val_mae 0.1508, val_rmse 0.1947, val_r2 0.5783, val_pearson 0.7860, lr 1.00e-03 ---
2026-10-01 14:53:24,211 - INFO - 
****************************************************************************************************
2026-10-01 14:53:26,825 - INFO - --- training epoch 75, loss 0.0169, mae 0.1416, rmse 0.1838, time elapsed(min) 0.04---
2026-10-01 14:53:27,079 - INFO - --- validation at epoch 75, val_loss 0.0179, val_mae 0.1458, val_rmse 0.1885, val_r2 0.6048, val_pearson 0.7891, lr 1.00e-03 ---
2026-10-01 14:53:27,079 - INFO - 
****************************************************************************************************
2026-10-01 14:53:29,352 - INFO - --- training epoch 76, loss 0.0172, mae 0.1432, rmse 0.1855, time elapsed(min) 0.03---
2026-10-01 14:53:29,630 - INFO - --- validation at epoch 76, val_loss 0.0184, val_mae 0.1489, val_rmse 0.1919, val_r2 0.5903, val_pearson 0.7841, lr 1.00e-03 ---
2026-10-01 14:53:29,630 - INFO - 
****************************************************************************************************
2026-10-01 14:53:31,901 - INFO - --- training epoch 77, loss 0.0171, mae 0.1434, rmse 0.1847, time elapsed(min) 0.03---
2026-10-01 14:53:32,316 - INFO - --- validation at epoch 77, val_loss 0.0179, val_mae 0.1478, val_rmse 0.1901, val_r2 0.5980, val_pearson 0.7845, lr 1.00e-03 ---
2026-10-01 14:53:32,316 - INFO - 
****************************************************************************************************
2026-10-01 14:53:34,708 - INFO - --- training epoch 78, loss 0.0166, mae 0.1405, rmse 0.1823, time elapsed(min) 0.03---
2026-10-01 14:53:35,162 - INFO - --- validation at epoch 78, val_loss 0.0175, val_mae 0.1450, val_rmse 0.1870, val_r2 0.6111, val_pearson 0.7898, lr 1.00e-03 ---
2026-10-01 14:53:35,162 - INFO - 
****************************************************************************************************
2026-10-01 14:53:37,583 - INFO - --- training epoch 79, loss 0.0166, mae 0.1405, rmse 0.1823, time elapsed(min) 0.03---
2026-10-01 14:53:37,844 - INFO - --- validation at epoch 79, val_loss 0.0171, val_mae 0.1437, val_rmse 0.1857, val_r2 0.6161, val_pearson 0.7903, lr 1.00e-03 ---
2026-10-01 14:53:37,844 - INFO - 
****************************************************************************************************
2026-10-01 14:53:40,183 - INFO - --- training epoch 80, loss 0.0167, mae 0.1415, rmse 0.1827, time elapsed(min) 0.03---
2026-10-01 14:53:40,441 - INFO - --- validation at epoch 80, val_loss 0.0170, val_mae 0.1431, val_rmse 0.1846, val_r2 0.6209, val_pearson 0.7940, lr 1.00e-03 ---
2026-10-01 14:53:40,442 - INFO - 
****************************************************************************************************
2026-10-01 14:53:43,035 - INFO - --- training epoch 81, loss 0.0166, mae 0.1406, rmse 0.1822, time elapsed(min) 0.04---
2026-10-01 14:53:43,496 - INFO - --- validation at epoch 81, val_loss 0.0170, val_mae 0.1446, val_rmse 0.1861, val_r2 0.6147, val_pearson 0.7963, lr 1.00e-03 ---
2026-10-01 14:53:43,496 - INFO - 
****************************************************************************************************
2026-10-01 14:53:46,014 - INFO - --- training epoch 82, loss 0.0167, mae 0.1420, rmse 0.1829, time elapsed(min) 0.04---
2026-10-01 14:53:46,277 - INFO - --- validation at epoch 82, val_loss 0.0178, val_mae 0.1470, val_rmse 0.1894, val_r2 0.6009, val_pearson 0.7984, lr 1.00e-03 ---
2026-10-01 14:53:46,277 - INFO - 
****************************************************************************************************
2026-10-01 14:53:48,542 - INFO - --- training epoch 83, loss 0.0170, mae 0.1428, rmse 0.1842, time elapsed(min) 0.03---
2026-10-01 14:53:48,797 - INFO - --- validation at epoch 83, val_loss 0.0190, val_mae 0.1509, val_rmse 0.1953, val_r2 0.5754, val_pearson 0.7893, lr 1.00e-03 ---
2026-10-01 14:53:48,797 - INFO - 
****************************************************************************************************
2026-10-01 14:53:51,249 - INFO - --- training epoch 84, loss 0.0179, mae 0.1465, rmse 0.1891, time elapsed(min) 0.03---
2026-10-01 14:53:51,660 - INFO - --- validation at epoch 84, val_loss 0.0176, val_mae 0.1480, val_rmse 0.1889, val_r2 0.6028, val_pearson 0.7898, lr 1.00e-03 ---
2026-10-01 14:53:51,660 - INFO - 
****************************************************************************************************
2026-10-01 14:53:54,339 - INFO - --- training epoch 85, loss 0.0164, mae 0.1403, rmse 0.1812, time elapsed(min) 0.04---
2026-10-01 14:53:54,598 - INFO - --- validation at epoch 85, val_loss 0.0159, val_mae 0.1405, val_rmse 0.1807, val_r2 0.6367, val_pearson 0.8017, lr 1.00e-03 ---
2026-10-01 14:53:54,598 - INFO - 
****************************************************************************************************
2026-10-01 14:53:56,971 - INFO - --- training epoch 86, loss 0.0165, mae 0.1400, rmse 0.1815, time elapsed(min) 0.03---
2026-10-01 14:53:57,224 - INFO - --- validation at epoch 86, val_loss 0.0177, val_mae 0.1452, val_rmse 0.1878, val_r2 0.6075, val_pearson 0.7924, lr 1.00e-03 ---
2026-10-01 14:53:57,224 - INFO - 
****************************************************************************************************
2026-10-01 14:53:59,553 - INFO - --- training epoch 87, loss 0.0163, mae 0.1392, rmse 0.1807, time elapsed(min) 0.03---
2026-10-01 14:53:59,963 - INFO - --- validation at epoch 87, val_loss 0.0184, val_mae 0.1486, val_rmse 0.1918, val_r2 0.5907, val_pearson 0.7912, lr 1.00e-03 ---
2026-10-01 14:53:59,963 - INFO - 
****************************************************************************************************
2026-10-01 14:54:02,517 - INFO - --- training epoch 88, loss 0.0165, mae 0.1401, rmse 0.1817, time elapsed(min) 0.04---
2026-10-01 14:54:02,794 - INFO - --- validation at epoch 88, val_loss 0.0173, val_mae 0.1460, val_rmse 0.1873, val_r2 0.6095, val_pearson 0.7962, lr 1.00e-03 ---
2026-10-01 14:54:02,794 - INFO - 
****************************************************************************************************
2026-10-01 14:54:05,086 - INFO - --- training epoch 89, loss 0.0167, mae 0.1416, rmse 0.1829, time elapsed(min) 0.03---
2026-10-01 14:54:05,361 - INFO - --- validation at epoch 89, val_loss 0.0172, val_mae 0.1457, val_rmse 0.1867, val_r2 0.6122, val_pearson 0.7925, lr 1.00e-03 ---
2026-10-01 14:54:05,361 - INFO - 
****************************************************************************************************
2026-10-01 14:54:07,743 - INFO - --- training epoch 90, loss 0.0163, mae 0.1395, rmse 0.1803, time elapsed(min) 0.03---
2026-10-01 14:54:08,188 - INFO - --- validation at epoch 90, val_loss 0.0170, val_mae 0.1439, val_rmse 0.1858, val_r2 0.6159, val_pearson 0.8009, lr 1.00e-03 ---
2026-10-01 14:54:08,188 - INFO - 
****************************************************************************************************
2026-10-01 14:54:10,767 - INFO - --- training epoch 91, loss 0.0161, mae 0.1393, rmse 0.1796, time elapsed(min) 0.04---
2026-10-01 14:54:11,019 - INFO - --- validation at epoch 91, val_loss 0.0160, val_mae 0.1419, val_rmse 0.1815, val_r2 0.6334, val_pearson 0.7994, lr 1.00e-03 ---
2026-10-01 14:54:11,019 - INFO - 
****************************************************************************************************
2026-10-01 14:54:13,279 - INFO - --- training epoch 92, loss 0.0160, mae 0.1386, rmse 0.1791, time elapsed(min) 0.03---
2026-10-01 14:54:13,544 - INFO - --- validation at epoch 92, val_loss 0.0183, val_mae 0.1484, val_rmse 0.1922, val_r2 0.5889, val_pearson 0.7998, lr 1.00e-03 ---
2026-10-01 14:54:13,544 - INFO - 
****************************************************************************************************
2026-10-01 14:54:15,817 - INFO - --- training epoch 93, loss 0.0166, mae 0.1408, rmse 0.1820, time elapsed(min) 0.03---
2026-10-01 14:54:16,233 - INFO - --- validation at epoch 93, val_loss 0.0162, val_mae 0.1424, val_rmse 0.1828, val_r2 0.6281, val_pearson 0.8031, lr 1.00e-03 ---
2026-10-01 14:54:16,233 - INFO - 
****************************************************************************************************
2026-10-01 14:54:18,608 - INFO - --- training epoch 94, loss 0.0162, mae 0.1383, rmse 0.1798, time elapsed(min) 0.03---
2026-10-01 14:54:19,185 - INFO - --- validation at epoch 94, val_loss 0.0161, val_mae 0.1413, val_rmse 0.1818, val_r2 0.6320, val_pearson 0.8008, lr 1.00e-03 ---
2026-10-01 14:54:19,186 - INFO - 
****************************************************************************************************
2026-10-01 14:54:21,443 - INFO - --- training epoch 95, loss 0.0161, mae 0.1382, rmse 0.1793, time elapsed(min) 0.03---
2026-10-01 14:54:21,695 - INFO - --- validation at epoch 95, val_loss 0.0181, val_mae 0.1468, val_rmse 0.1910, val_r2 0.5942, val_pearson 0.7866, lr 1.00e-03 ---
2026-10-01 14:54:21,695 - INFO - 
****************************************************************************************************
2026-10-01 14:54:22,071 - INFO - --- early stopping at epoch 95: val_loss did not improve for 10 epochs ---
2026-10-01 14:54:22,372 - INFO - --- selected checkpoint from epoch 85, val_loss 0.0159, val_mae 0.1405, val_rmse 0.1807
2026-10-01 14:54:23,402 - INFO - -- RESULT
2026-10-01 14:54:23,403 - INFO - --- test size: 1728
2026-10-01 14:54:23,403 - INFO - --- MAE: 0.1360 (13.60 pp), RMSE: 0.1777 (17.77 pp), R2: 0.5917, Pearson: 0.7694
