2026-10-01 18:46:46,086 - INFO - device is	cuda:0
2026-10-01 18:46:46,191 - INFO - -- CONFIGURATIONS
2026-10-01 18:46:46,191 - INFO - --- train/valid/test: 3628/404/1728
2026-10-01 18:46:46,191 - INFO - --- max no. reactants_train, valid, test respectively: 14, 14, 14
2026-10-01 18:46:46,191 - INFO - --- max no. products_train, valid, test respectively: 1, 1, 1
2026-10-01 18:46:46,191 - INFO - --- model_path: ../logs/approach1_server/ind_mean_mlp/suzuki/runs/suzuki_split_2_20261001_184646/split_2/model.pt
2026-10-01 18:46:46,292 - INFO - -- TRAINING
2026-10-01 18:46:48,486 - INFO - --- training epoch 0, loss 0.9752, mae 1.2651, rmse 3.5599, time elapsed(min) 0.04---
2026-10-01 18:46:48,734 - INFO - --- validation at epoch 0, val_loss 0.0525, val_mae 0.2472, val_rmse 0.3221, val_r2 -0.3324, val_pearson 0.2930, lr 1.00e-03 ---
2026-10-01 18:46:48,734 - INFO - 
****************************************************************************************************
2026-10-01 18:46:51,005 - INFO - --- training epoch 1, loss 0.0433, mae 0.2511, rmse 0.2941, time elapsed(min) 0.03---
2026-10-01 18:46:51,250 - INFO - --- validation at epoch 1, val_loss 0.0375, val_mae 0.2354, val_rmse 0.2757, val_r2 0.0234, val_pearson 0.2504, lr 1.00e-03 ---
2026-10-01 18:46:51,250 - INFO - 
****************************************************************************************************
2026-10-01 18:46:53,418 - INFO - --- training epoch 2, loss 0.0396, mae 0.2433, rmse 0.2814, time elapsed(min) 0.03---
2026-10-01 18:46:53,667 - INFO - --- validation at epoch 2, val_loss 0.0376, val_mae 0.2344, val_rmse 0.2760, val_r2 0.0214, val_pearson 0.2724, lr 1.00e-03 ---
2026-10-01 18:46:53,667 - INFO - 
****************************************************************************************************
2026-10-01 18:46:55,819 - INFO - --- training epoch 3, loss 0.0393, mae 0.2417, rmse 0.2804, time elapsed(min) 0.03---
2026-10-01 18:46:56,264 - INFO - --- validation at epoch 3, val_loss 0.0384, val_mae 0.2337, val_rmse 0.2793, val_r2 -0.0018, val_pearson 0.2852, lr 1.00e-03 ---
2026-10-01 18:46:56,264 - INFO - 
****************************************************************************************************
2026-10-01 18:46:58,527 - INFO - --- training epoch 4, loss 0.0394, mae 0.2420, rmse 0.2808, time elapsed(min) 0.03---
2026-10-01 18:46:58,772 - INFO - --- validation at epoch 4, val_loss 0.0374, val_mae 0.2321, val_rmse 0.2747, val_r2 0.0306, val_pearson 0.3093, lr 1.00e-03 ---
2026-10-01 18:46:58,772 - INFO - 
****************************************************************************************************
2026-10-01 18:47:01,030 - INFO - --- training epoch 5, loss 0.0388, mae 0.2404, rmse 0.2786, time elapsed(min) 0.03---
2026-10-01 18:47:01,279 - INFO - --- validation at epoch 5, val_loss 0.0357, val_mae 0.2345, val_rmse 0.2703, val_r2 0.0617, val_pearson 0.2791, lr 1.00e-03 ---
2026-10-01 18:47:01,279 - INFO - 
****************************************************************************************************
2026-10-01 18:47:03,633 - INFO - --- training epoch 6, loss 0.0393, mae 0.2418, rmse 0.2805, time elapsed(min) 0.03---
2026-10-01 18:47:04,097 - INFO - --- validation at epoch 6, val_loss 0.0373, val_mae 0.2326, val_rmse 0.2739, val_r2 0.0361, val_pearson 0.3317, lr 1.00e-03 ---
2026-10-01 18:47:04,098 - INFO - 
****************************************************************************************************
2026-10-01 18:47:06,517 - INFO - --- training epoch 7, loss 0.0390, mae 0.2401, rmse 0.2792, time elapsed(min) 0.03---
2026-10-01 18:47:06,765 - INFO - --- validation at epoch 7, val_loss 0.0375, val_mae 0.2310, val_rmse 0.2743, val_r2 0.0332, val_pearson 0.3392, lr 1.00e-03 ---
2026-10-01 18:47:06,765 - INFO - 
****************************************************************************************************
2026-10-01 18:47:09,109 - INFO - --- training epoch 8, loss 0.0387, mae 0.2397, rmse 0.2780, time elapsed(min) 0.03---
2026-10-01 18:47:09,361 - INFO - --- validation at epoch 8, val_loss 0.0366, val_mae 0.2336, val_rmse 0.2713, val_r2 0.0543, val_pearson 0.3031, lr 1.00e-03 ---
2026-10-01 18:47:09,361 - INFO - 
****************************************************************************************************
2026-10-01 18:47:11,685 - INFO - --- training epoch 9, loss 0.0379, mae 0.2370, rmse 0.2753, time elapsed(min) 0.03---
2026-10-01 18:47:12,090 - INFO - --- validation at epoch 9, val_loss 0.0364, val_mae 0.2277, val_rmse 0.2704, val_r2 0.0606, val_pearson 0.3332, lr 1.00e-03 ---
2026-10-01 18:47:12,090 - INFO - 
****************************************************************************************************
2026-10-01 18:47:14,611 - INFO - --- training epoch 10, loss 0.0371, mae 0.2339, rmse 0.2722, time elapsed(min) 0.03---
2026-10-01 18:47:14,858 - INFO - --- validation at epoch 10, val_loss 0.0359, val_mae 0.2276, val_rmse 0.2695, val_r2 0.0670, val_pearson 0.3415, lr 1.00e-03 ---
2026-10-01 18:47:14,858 - INFO - 
****************************************************************************************************
2026-10-01 18:47:17,055 - INFO - --- training epoch 11, loss 0.0370, mae 0.2320, rmse 0.2721, time elapsed(min) 0.03---
2026-10-01 18:47:17,306 - INFO - --- validation at epoch 11, val_loss 0.0347, val_mae 0.2260, val_rmse 0.2648, val_r2 0.0995, val_pearson 0.3527, lr 1.00e-03 ---
2026-10-01 18:47:17,306 - INFO - 
****************************************************************************************************
2026-10-01 18:47:19,580 - INFO - --- training epoch 12, loss 0.0367, mae 0.2310, rmse 0.2711, time elapsed(min) 0.03---
2026-10-01 18:47:19,981 - INFO - --- validation at epoch 12, val_loss 0.0342, val_mae 0.2262, val_rmse 0.2629, val_r2 0.1123, val_pearson 0.3603, lr 1.00e-03 ---
2026-10-01 18:47:19,981 - INFO - 
****************************************************************************************************
2026-10-01 18:47:22,379 - INFO - --- training epoch 13, loss 0.0358, mae 0.2281, rmse 0.2677, time elapsed(min) 0.03---
2026-10-01 18:47:22,965 - INFO - --- validation at epoch 13, val_loss 0.0371, val_mae 0.2264, val_rmse 0.2709, val_r2 0.0570, val_pearson 0.3562, lr 1.00e-03 ---
2026-10-01 18:47:22,965 - INFO - 
****************************************************************************************************
2026-10-01 18:47:25,189 - INFO - --- training epoch 14, loss 0.0359, mae 0.2280, rmse 0.2680, time elapsed(min) 0.03---
2026-10-01 18:47:25,453 - INFO - --- validation at epoch 14, val_loss 0.0327, val_mae 0.2200, val_rmse 0.2576, val_r2 0.1478, val_pearson 0.3938, lr 1.00e-03 ---
2026-10-01 18:47:25,453 - INFO - 
****************************************************************************************************
2026-10-01 18:47:27,770 - INFO - --- training epoch 15, loss 0.0381, mae 0.2367, rmse 0.2762, time elapsed(min) 0.03---
2026-10-01 18:47:28,022 - INFO - --- validation at epoch 15, val_loss 0.0384, val_mae 0.2314, val_rmse 0.2769, val_r2 0.0148, val_pearson 0.3277, lr 1.00e-03 ---
2026-10-01 18:47:28,022 - INFO - 
****************************************************************************************************
2026-10-01 18:47:30,446 - INFO - --- training epoch 16, loss 0.0373, mae 0.2324, rmse 0.2732, time elapsed(min) 0.03---
2026-10-01 18:47:30,881 - INFO - --- validation at epoch 16, val_loss 0.0345, val_mae 0.2237, val_rmse 0.2639, val_r2 0.1053, val_pearson 0.3590, lr 1.00e-03 ---
2026-10-01 18:47:30,881 - INFO - 
****************************************************************************************************
2026-10-01 18:47:33,246 - INFO - --- training epoch 17, loss 0.0365, mae 0.2294, rmse 0.2702, time elapsed(min) 0.03---
2026-10-01 18:47:33,491 - INFO - --- validation at epoch 17, val_loss 0.0362, val_mae 0.2257, val_rmse 0.2696, val_r2 0.0665, val_pearson 0.3174, lr 1.00e-03 ---
2026-10-01 18:47:33,492 - INFO - 
****************************************************************************************************
2026-10-01 18:47:35,774 - INFO - --- training epoch 18, loss 0.0356, mae 0.2253, rmse 0.2669, time elapsed(min) 0.03---
2026-10-01 18:47:36,023 - INFO - --- validation at epoch 18, val_loss 0.0304, val_mae 0.2127, val_rmse 0.2507, val_r2 0.1925, val_pearson 0.4749, lr 1.00e-03 ---
2026-10-01 18:47:36,023 - INFO - 
****************************************************************************************************
2026-10-01 18:47:38,347 - INFO - --- training epoch 19, loss 0.0358, mae 0.2252, rmse 0.2675, time elapsed(min) 0.03---
2026-10-01 18:47:38,814 - INFO - --- validation at epoch 19, val_loss 0.0320, val_mae 0.2153, val_rmse 0.2570, val_r2 0.1516, val_pearson 0.3933, lr 1.00e-03 ---
2026-10-01 18:47:38,814 - INFO - 
****************************************************************************************************
2026-10-01 18:47:41,160 - INFO - --- training epoch 20, loss 0.0318, mae 0.2069, rmse 0.2521, time elapsed(min) 0.03---
2026-10-01 18:47:41,405 - INFO - --- validation at epoch 20, val_loss 0.0248, val_mae 0.1832, val_rmse 0.2234, val_r2 0.3586, val_pearson 0.6162, lr 1.00e-03 ---
2026-10-01 18:47:41,405 - INFO - 
****************************************************************************************************
2026-10-01 18:47:43,719 - INFO - --- training epoch 21, loss 0.0302, mae 0.1985, rmse 0.2457, time elapsed(min) 0.03---
2026-10-01 18:47:43,970 - INFO - --- validation at epoch 21, val_loss 0.0246, val_mae 0.1674, val_rmse 0.2221, val_r2 0.3664, val_pearson 0.6474, lr 1.00e-03 ---
2026-10-01 18:47:43,970 - INFO - 
****************************************************************************************************
2026-10-01 18:47:46,319 - INFO - --- training epoch 22, loss 0.0275, mae 0.1887, rmse 0.2345, time elapsed(min) 0.03---
2026-10-01 18:47:46,742 - INFO - --- validation at epoch 22, val_loss 0.0235, val_mae 0.1701, val_rmse 0.2149, val_r2 0.4067, val_pearson 0.6566, lr 1.00e-03 ---
2026-10-01 18:47:46,742 - INFO - 
****************************************************************************************************
2026-10-01 18:47:49,396 - INFO - --- training epoch 23, loss 0.0259, mae 0.1803, rmse 0.2277, time elapsed(min) 0.04---
2026-10-01 18:47:49,646 - INFO - --- validation at epoch 23, val_loss 0.0241, val_mae 0.1809, val_rmse 0.2189, val_r2 0.3846, val_pearson 0.6317, lr 1.00e-03 ---
2026-10-01 18:47:49,646 - INFO - 
****************************************************************************************************
2026-10-01 18:47:51,891 - INFO - --- training epoch 24, loss 0.0255, mae 0.1786, rmse 0.2260, time elapsed(min) 0.03---
2026-10-01 18:47:52,145 - INFO - --- validation at epoch 24, val_loss 0.0240, val_mae 0.1662, val_rmse 0.2155, val_r2 0.4037, val_pearson 0.6754, lr 1.00e-03 ---
2026-10-01 18:47:52,146 - INFO - 
****************************************************************************************************
2026-10-01 18:47:54,354 - INFO - --- training epoch 25, loss 0.0253, mae 0.1787, rmse 0.2249, time elapsed(min) 0.03---
2026-10-01 18:47:54,610 - INFO - --- validation at epoch 25, val_loss 0.0238, val_mae 0.1691, val_rmse 0.2133, val_r2 0.4153, val_pearson 0.6493, lr 1.00e-03 ---
2026-10-01 18:47:54,610 - INFO - 
****************************************************************************************************
2026-10-01 18:47:56,973 - INFO - --- training epoch 26, loss 0.0248, mae 0.1758, rmse 0.2226, time elapsed(min) 0.03---
2026-10-01 18:47:57,439 - INFO - --- validation at epoch 26, val_loss 0.0232, val_mae 0.1705, val_rmse 0.2135, val_r2 0.4146, val_pearson 0.6824, lr 1.00e-03 ---
2026-10-01 18:47:57,439 - INFO - 
****************************************************************************************************
2026-10-01 18:47:59,854 - INFO - --- training epoch 27, loss 0.0256, mae 0.1789, rmse 0.2261, time elapsed(min) 0.03---
2026-10-01 18:48:00,109 - INFO - --- validation at epoch 27, val_loss 0.0212, val_mae 0.1657, val_rmse 0.2068, val_r2 0.4509, val_pearson 0.6921, lr 1.00e-03 ---
2026-10-01 18:48:00,109 - INFO - 
****************************************************************************************************
2026-10-01 18:48:02,398 - INFO - --- training epoch 28, loss 0.0247, mae 0.1758, rmse 0.2223, time elapsed(min) 0.03---
2026-10-01 18:48:02,807 - INFO - --- validation at epoch 28, val_loss 0.0259, val_mae 0.1865, val_rmse 0.2228, val_r2 0.3625, val_pearson 0.6151, lr 1.00e-03 ---
2026-10-01 18:48:02,807 - INFO - 
****************************************************************************************************
2026-10-01 18:48:05,179 - INFO - --- training epoch 29, loss 0.0258, mae 0.1796, rmse 0.2271, time elapsed(min) 0.03---
2026-10-01 18:48:05,630 - INFO - --- validation at epoch 29, val_loss 0.0217, val_mae 0.1657, val_rmse 0.2068, val_r2 0.4507, val_pearson 0.6953, lr 1.00e-03 ---
2026-10-01 18:48:05,630 - INFO - 
****************************************************************************************************
2026-10-01 18:48:07,993 - INFO - --- training epoch 30, loss 0.0248, mae 0.1767, rmse 0.2226, time elapsed(min) 0.03---
2026-10-01 18:48:08,242 - INFO - --- validation at epoch 30, val_loss 0.0207, val_mae 0.1581, val_rmse 0.2055, val_r2 0.4576, val_pearson 0.7051, lr 1.00e-03 ---
2026-10-01 18:48:08,242 - INFO - 
****************************************************************************************************
2026-10-01 18:48:10,532 - INFO - --- training epoch 31, loss 0.0243, mae 0.1739, rmse 0.2205, time elapsed(min) 0.03---
2026-10-01 18:48:10,796 - INFO - --- validation at epoch 31, val_loss 0.0198, val_mae 0.1574, val_rmse 0.1974, val_r2 0.4994, val_pearson 0.7116, lr 1.00e-03 ---
2026-10-01 18:48:10,796 - INFO - 
****************************************************************************************************
2026-10-01 18:48:13,177 - INFO - --- training epoch 32, loss 0.0239, mae 0.1735, rmse 0.2185, time elapsed(min) 0.03---
2026-10-01 18:48:13,653 - INFO - --- validation at epoch 32, val_loss 0.0242, val_mae 0.1685, val_rmse 0.2106, val_r2 0.4303, val_pearson 0.6986, lr 1.00e-03 ---
2026-10-01 18:48:13,653 - INFO - 
****************************************************************************************************
2026-10-01 18:48:16,020 - INFO - --- training epoch 33, loss 0.0248, mae 0.1755, rmse 0.2229, time elapsed(min) 0.03---
2026-10-01 18:48:16,275 - INFO - --- validation at epoch 33, val_loss 0.0202, val_mae 0.1559, val_rmse 0.1974, val_r2 0.4997, val_pearson 0.7113, lr 1.00e-03 ---
2026-10-01 18:48:16,275 - INFO - 
****************************************************************************************************
2026-10-01 18:48:18,534 - INFO - --- training epoch 34, loss 0.0236, mae 0.1692, rmse 0.2171, time elapsed(min) 0.03---
2026-10-01 18:48:18,783 - INFO - --- validation at epoch 34, val_loss 0.0211, val_mae 0.1603, val_rmse 0.2055, val_r2 0.4574, val_pearson 0.7061, lr 1.00e-03 ---
2026-10-01 18:48:18,783 - INFO - 
****************************************************************************************************
2026-10-01 18:48:21,128 - INFO - --- training epoch 35, loss 0.0231, mae 0.1673, rmse 0.2152, time elapsed(min) 0.03---
2026-10-01 18:48:21,577 - INFO - --- validation at epoch 35, val_loss 0.0195, val_mae 0.1576, val_rmse 0.2000, val_r2 0.4864, val_pearson 0.7157, lr 1.00e-03 ---
2026-10-01 18:48:21,578 - INFO - 
****************************************************************************************************
2026-10-01 18:48:24,161 - INFO - --- training epoch 36, loss 0.0228, mae 0.1671, rmse 0.2134, time elapsed(min) 0.04---
2026-10-01 18:48:24,421 - INFO - --- validation at epoch 36, val_loss 0.0185, val_mae 0.1538, val_rmse 0.1943, val_r2 0.5151, val_pearson 0.7240, lr 1.00e-03 ---
2026-10-01 18:48:24,421 - INFO - 
****************************************************************************************************
2026-10-01 18:48:26,773 - INFO - --- training epoch 37, loss 0.0243, mae 0.1738, rmse 0.2204, time elapsed(min) 0.03---
2026-10-01 18:48:27,028 - INFO - --- validation at epoch 37, val_loss 0.0211, val_mae 0.1651, val_rmse 0.2027, val_r2 0.4722, val_pearson 0.6995, lr 1.00e-03 ---
2026-10-01 18:48:27,028 - INFO - 
****************************************************************************************************
2026-10-01 18:48:29,310 - INFO - --- training epoch 38, loss 0.0248, mae 0.1755, rmse 0.2227, time elapsed(min) 0.03---
2026-10-01 18:48:29,716 - INFO - --- validation at epoch 38, val_loss 0.0195, val_mae 0.1590, val_rmse 0.1968, val_r2 0.5025, val_pearson 0.7294, lr 1.00e-03 ---
2026-10-01 18:48:29,716 - INFO - 
****************************************************************************************************
2026-10-01 18:48:32,329 - INFO - --- training epoch 39, loss 0.0231, mae 0.1693, rmse 0.2150, time elapsed(min) 0.04---
2026-10-01 18:48:32,572 - INFO - --- validation at epoch 39, val_loss 0.0188, val_mae 0.1558, val_rmse 0.1964, val_r2 0.5045, val_pearson 0.7334, lr 1.00e-03 ---
2026-10-01 18:48:32,572 - INFO - 
****************************************************************************************************
2026-10-01 18:48:34,810 - INFO - --- training epoch 40, loss 0.0220, mae 0.1640, rmse 0.2100, time elapsed(min) 0.03---
2026-10-01 18:48:35,065 - INFO - --- validation at epoch 40, val_loss 0.0171, val_mae 0.1492, val_rmse 0.1873, val_r2 0.5494, val_pearson 0.7477, lr 1.00e-03 ---
2026-10-01 18:48:35,065 - INFO - 
****************************************************************************************************
2026-10-01 18:48:37,420 - INFO - --- training epoch 41, loss 0.0227, mae 0.1671, rmse 0.2130, time elapsed(min) 0.03---
2026-10-01 18:48:37,827 - INFO - --- validation at epoch 41, val_loss 0.0207, val_mae 0.1601, val_rmse 0.2017, val_r2 0.4773, val_pearson 0.7467, lr 1.00e-03 ---
2026-10-01 18:48:37,827 - INFO - 
****************************************************************************************************
2026-10-01 18:48:40,357 - INFO - --- training epoch 42, loss 0.0221, mae 0.1646, rmse 0.2102, time elapsed(min) 0.04---
2026-10-01 18:48:40,603 - INFO - --- validation at epoch 42, val_loss 0.0171, val_mae 0.1471, val_rmse 0.1852, val_r2 0.5595, val_pearson 0.7547, lr 1.00e-03 ---
2026-10-01 18:48:40,603 - INFO - 
****************************************************************************************************
2026-10-01 18:48:42,985 - INFO - --- training epoch 43, loss 0.0216, mae 0.1624, rmse 0.2077, time elapsed(min) 0.03---
2026-10-01 18:48:43,237 - INFO - --- validation at epoch 43, val_loss 0.0175, val_mae 0.1418, val_rmse 0.1819, val_r2 0.5749, val_pearson 0.7590, lr 1.00e-03 ---
2026-10-01 18:48:43,237 - INFO - 
****************************************************************************************************
2026-10-01 18:48:45,566 - INFO - --- training epoch 44, loss 0.0211, mae 0.1600, rmse 0.2053, time elapsed(min) 0.03---
2026-10-01 18:48:45,819 - INFO - --- validation at epoch 44, val_loss 0.0201, val_mae 0.1530, val_rmse 0.2028, val_r2 0.4715, val_pearson 0.7337, lr 1.00e-03 ---
2026-10-01 18:48:45,819 - INFO - 
****************************************************************************************************
2026-10-01 18:48:48,208 - INFO - --- training epoch 45, loss 0.0211, mae 0.1591, rmse 0.2054, time elapsed(min) 0.03---
2026-10-01 18:48:48,692 - INFO - --- validation at epoch 45, val_loss 0.0181, val_mae 0.1467, val_rmse 0.1899, val_r2 0.5366, val_pearson 0.7655, lr 1.00e-03 ---
2026-10-01 18:48:48,692 - INFO - 
****************************************************************************************************
2026-10-01 18:48:51,073 - INFO - --- training epoch 46, loss 0.0212, mae 0.1598, rmse 0.2060, time elapsed(min) 0.03---
2026-10-01 18:48:51,326 - INFO - --- validation at epoch 46, val_loss 0.0181, val_mae 0.1437, val_rmse 0.1859, val_r2 0.5562, val_pearson 0.7522, lr 1.00e-03 ---
2026-10-01 18:48:51,326 - INFO - 
****************************************************************************************************
2026-10-01 18:48:53,645 - INFO - --- training epoch 47, loss 0.0206, mae 0.1574, rmse 0.2031, time elapsed(min) 0.03---
2026-10-01 18:48:53,895 - INFO - --- validation at epoch 47, val_loss 0.0194, val_mae 0.1509, val_rmse 0.1896, val_r2 0.5382, val_pearson 0.7401, lr 1.00e-03 ---
2026-10-01 18:48:53,895 - INFO - 
****************************************************************************************************
2026-10-01 18:48:56,272 - INFO - --- training epoch 48, loss 0.0210, mae 0.1588, rmse 0.2051, time elapsed(min) 0.03---
2026-10-01 18:48:56,695 - INFO - --- validation at epoch 48, val_loss 0.0169, val_mae 0.1393, val_rmse 0.1783, val_r2 0.5915, val_pearson 0.7767, lr 1.00e-03 ---
2026-10-01 18:48:56,695 - INFO - 
****************************************************************************************************
2026-10-01 18:48:59,315 - INFO - --- training epoch 49, loss 0.0207, mae 0.1579, rmse 0.2032, time elapsed(min) 0.04---
2026-10-01 18:48:59,572 - INFO - --- validation at epoch 49, val_loss 0.0183, val_mae 0.1380, val_rmse 0.1801, val_r2 0.5834, val_pearson 0.7638, lr 1.00e-03 ---
2026-10-01 18:48:59,573 - INFO - 
****************************************************************************************************
2026-10-01 18:49:01,820 - INFO - --- training epoch 50, loss 0.0197, mae 0.1537, rmse 0.1983, time elapsed(min) 0.03---
2026-10-01 18:49:02,071 - INFO - --- validation at epoch 50, val_loss 0.0174, val_mae 0.1434, val_rmse 0.1804, val_r2 0.5821, val_pearson 0.7666, lr 1.00e-03 ---
2026-10-01 18:49:02,071 - INFO - 
****************************************************************************************************
2026-10-01 18:49:04,327 - INFO - --- training epoch 51, loss 0.0199, mae 0.1548, rmse 0.1996, time elapsed(min) 0.03---
2026-10-01 18:49:04,737 - INFO - --- validation at epoch 51, val_loss 0.0162, val_mae 0.1396, val_rmse 0.1805, val_r2 0.5815, val_pearson 0.7739, lr 1.00e-03 ---
2026-10-01 18:49:04,737 - INFO - 
****************************************************************************************************
2026-10-01 18:49:07,309 - INFO - --- training epoch 52, loss 0.0201, mae 0.1552, rmse 0.2006, time elapsed(min) 0.03---
2026-10-01 18:49:07,561 - INFO - --- validation at epoch 52, val_loss 0.0160, val_mae 0.1427, val_rmse 0.1787, val_r2 0.5898, val_pearson 0.7728, lr 1.00e-03 ---
2026-10-01 18:49:07,561 - INFO - 
****************************************************************************************************
2026-10-01 18:49:09,936 - INFO - --- training epoch 53, loss 0.0199, mae 0.1536, rmse 0.1997, time elapsed(min) 0.03---
2026-10-01 18:49:10,182 - INFO - --- validation at epoch 53, val_loss 0.0168, val_mae 0.1379, val_rmse 0.1783, val_r2 0.5915, val_pearson 0.7811, lr 1.00e-03 ---
2026-10-01 18:49:10,182 - INFO - 
****************************************************************************************************
2026-10-01 18:49:12,434 - INFO - --- training epoch 54, loss 0.0189, mae 0.1501, rmse 0.1945, time elapsed(min) 0.03---
2026-10-01 18:49:12,852 - INFO - --- validation at epoch 54, val_loss 0.0161, val_mae 0.1370, val_rmse 0.1808, val_r2 0.5803, val_pearson 0.7783, lr 1.00e-03 ---
2026-10-01 18:49:12,852 - INFO - 
****************************************************************************************************
2026-10-01 18:49:15,407 - INFO - --- training epoch 55, loss 0.0194, mae 0.1510, rmse 0.1971, time elapsed(min) 0.04---
2026-10-01 18:49:15,658 - INFO - --- validation at epoch 55, val_loss 0.0155, val_mae 0.1343, val_rmse 0.1746, val_r2 0.6084, val_pearson 0.7885, lr 1.00e-03 ---
2026-10-01 18:49:15,658 - INFO - 
****************************************************************************************************
2026-10-01 18:49:17,963 - INFO - --- training epoch 56, loss 0.0196, mae 0.1525, rmse 0.1981, time elapsed(min) 0.03---
2026-10-01 18:49:18,208 - INFO - --- validation at epoch 56, val_loss 0.0174, val_mae 0.1483, val_rmse 0.1821, val_r2 0.5739, val_pearson 0.7684, lr 1.00e-03 ---
2026-10-01 18:49:18,208 - INFO - 
****************************************************************************************************
2026-10-01 18:49:20,460 - INFO - --- training epoch 57, loss 0.0201, mae 0.1546, rmse 0.2007, time elapsed(min) 0.03---
2026-10-01 18:49:20,874 - INFO - --- validation at epoch 57, val_loss 0.0160, val_mae 0.1346, val_rmse 0.1751, val_r2 0.6059, val_pearson 0.7913, lr 1.00e-03 ---
2026-10-01 18:49:20,874 - INFO - 
****************************************************************************************************
2026-10-01 18:49:23,226 - INFO - --- training epoch 58, loss 0.0193, mae 0.1512, rmse 0.1965, time elapsed(min) 0.03---
2026-10-01 18:49:23,814 - INFO - --- validation at epoch 58, val_loss 0.0163, val_mae 0.1360, val_rmse 0.1763, val_r2 0.6007, val_pearson 0.7855, lr 1.00e-03 ---
2026-10-01 18:49:23,814 - INFO - 
****************************************************************************************************
2026-10-01 18:49:26,059 - INFO - --- training epoch 59, loss 0.0199, mae 0.1534, rmse 0.1995, time elapsed(min) 0.03---
2026-10-01 18:49:26,308 - INFO - --- validation at epoch 59, val_loss 0.0207, val_mae 0.1506, val_rmse 0.1915, val_r2 0.5289, val_pearson 0.7707, lr 1.00e-03 ---
2026-10-01 18:49:26,308 - INFO - 
****************************************************************************************************
2026-10-01 18:49:28,622 - INFO - --- training epoch 60, loss 0.0204, mae 0.1561, rmse 0.2018, time elapsed(min) 0.03---
2026-10-01 18:49:28,883 - INFO - --- validation at epoch 60, val_loss 0.0161, val_mae 0.1301, val_rmse 0.1708, val_r2 0.6254, val_pearson 0.7922, lr 1.00e-03 ---
2026-10-01 18:49:28,883 - INFO - 
****************************************************************************************************
2026-10-01 18:49:31,245 - INFO - --- training epoch 61, loss 0.0191, mae 0.1495, rmse 0.1954, time elapsed(min) 0.03---
2026-10-01 18:49:31,688 - INFO - --- validation at epoch 61, val_loss 0.0162, val_mae 0.1355, val_rmse 0.1767, val_r2 0.5988, val_pearson 0.7932, lr 1.00e-03 ---
2026-10-01 18:49:31,688 - INFO - 
****************************************************************************************************
2026-10-01 18:49:34,021 - INFO - --- training epoch 62, loss 0.0193, mae 0.1527, rmse 0.1967, time elapsed(min) 0.03---
2026-10-01 18:49:34,276 - INFO - --- validation at epoch 62, val_loss 0.0182, val_mae 0.1450, val_rmse 0.1902, val_r2 0.5353, val_pearson 0.7872, lr 1.00e-03 ---
2026-10-01 18:49:34,276 - INFO - 
****************************************************************************************************
2026-10-01 18:49:36,552 - INFO - --- training epoch 63, loss 0.0194, mae 0.1515, rmse 0.1967, time elapsed(min) 0.03---
2026-10-01 18:49:36,804 - INFO - --- validation at epoch 63, val_loss 0.0152, val_mae 0.1357, val_rmse 0.1737, val_r2 0.6123, val_pearson 0.7894, lr 1.00e-03 ---
2026-10-01 18:49:36,804 - INFO - 
****************************************************************************************************
2026-10-01 18:49:39,179 - INFO - --- training epoch 64, loss 0.0193, mae 0.1519, rmse 0.1966, time elapsed(min) 0.03---
2026-10-01 18:49:39,660 - INFO - --- validation at epoch 64, val_loss 0.0151, val_mae 0.1305, val_rmse 0.1689, val_r2 0.6337, val_pearson 0.7991, lr 1.00e-03 ---
2026-10-01 18:49:39,660 - INFO - 
****************************************************************************************************
2026-10-01 18:49:42,137 - INFO - --- training epoch 65, loss 0.0186, mae 0.1486, rmse 0.1931, time elapsed(min) 0.03---
2026-10-01 18:49:42,385 - INFO - --- validation at epoch 65, val_loss 0.0160, val_mae 0.1366, val_rmse 0.1762, val_r2 0.6011, val_pearson 0.7932, lr 1.00e-03 ---
2026-10-01 18:49:42,385 - INFO - 
****************************************************************************************************
2026-10-01 18:49:44,652 - INFO - --- training epoch 66, loss 0.0187, mae 0.1488, rmse 0.1935, time elapsed(min) 0.03---
2026-10-01 18:49:44,901 - INFO - --- validation at epoch 66, val_loss 0.0161, val_mae 0.1349, val_rmse 0.1766, val_r2 0.5993, val_pearson 0.7962, lr 1.00e-03 ---
2026-10-01 18:49:44,901 - INFO - 
****************************************************************************************************
2026-10-01 18:49:47,284 - INFO - --- training epoch 67, loss 0.0190, mae 0.1498, rmse 0.1949, time elapsed(min) 0.03---
2026-10-01 18:49:47,700 - INFO - --- validation at epoch 67, val_loss 0.0154, val_mae 0.1325, val_rmse 0.1741, val_r2 0.6107, val_pearson 0.7988, lr 1.00e-03 ---
2026-10-01 18:49:47,700 - INFO - 
****************************************************************************************************
2026-10-01 18:49:50,250 - INFO - --- training epoch 68, loss 0.0192, mae 0.1511, rmse 0.1959, time elapsed(min) 0.04---
2026-10-01 18:49:50,513 - INFO - --- validation at epoch 68, val_loss 0.0175, val_mae 0.1431, val_rmse 0.1813, val_r2 0.5776, val_pearson 0.7658, lr 1.00e-03 ---
2026-10-01 18:49:50,513 - INFO - 
****************************************************************************************************
2026-10-01 18:49:52,789 - INFO - --- training epoch 69, loss 0.0204, mae 0.1562, rmse 0.2018, time elapsed(min) 0.03---
2026-10-01 18:49:53,039 - INFO - --- validation at epoch 69, val_loss 0.0167, val_mae 0.1394, val_rmse 0.1814, val_r2 0.5772, val_pearson 0.7910, lr 1.00e-03 ---
2026-10-01 18:49:53,039 - INFO - 
****************************************************************************************************
2026-10-01 18:49:55,318 - INFO - --- training epoch 70, loss 0.0189, mae 0.1487, rmse 0.1943, time elapsed(min) 0.03---
2026-10-01 18:49:55,739 - INFO - --- validation at epoch 70, val_loss 0.0171, val_mae 0.1407, val_rmse 0.1853, val_r2 0.5588, val_pearson 0.7824, lr 1.00e-03 ---
2026-10-01 18:49:55,739 - INFO - 
****************************************************************************************************
2026-10-01 18:49:58,176 - INFO - --- training epoch 71, loss 0.0193, mae 0.1508, rmse 0.1963, time elapsed(min) 0.03---
2026-10-01 18:49:58,781 - INFO - --- validation at epoch 71, val_loss 0.0157, val_mae 0.1334, val_rmse 0.1734, val_r2 0.6137, val_pearson 0.7914, lr 1.00e-03 ---
2026-10-01 18:49:58,782 - INFO - 
****************************************************************************************************
2026-10-01 18:50:01,032 - INFO - --- training epoch 72, loss 0.0189, mae 0.1498, rmse 0.1942, time elapsed(min) 0.03---
2026-10-01 18:50:01,282 - INFO - --- validation at epoch 72, val_loss 0.0158, val_mae 0.1345, val_rmse 0.1748, val_r2 0.6074, val_pearson 0.7975, lr 1.00e-03 ---
2026-10-01 18:50:01,282 - INFO - 
****************************************************************************************************
2026-10-01 18:50:03,586 - INFO - --- training epoch 73, loss 0.0198, mae 0.1538, rmse 0.1992, time elapsed(min) 0.03---
2026-10-01 18:50:03,848 - INFO - --- validation at epoch 73, val_loss 0.0160, val_mae 0.1396, val_rmse 0.1778, val_r2 0.5939, val_pearson 0.7847, lr 1.00e-03 ---
2026-10-01 18:50:03,848 - INFO - 
****************************************************************************************************
2026-10-01 18:50:06,176 - INFO - --- training epoch 74, loss 0.0184, mae 0.1474, rmse 0.1917, time elapsed(min) 0.03---
2026-10-01 18:50:06,660 - INFO - --- validation at epoch 74, val_loss 0.0154, val_mae 0.1323, val_rmse 0.1723, val_r2 0.6186, val_pearson 0.7997, lr 1.00e-03 ---
2026-10-01 18:50:06,660 - INFO - 
****************************************************************************************************
2026-10-01 18:50:07,209 - INFO - --- early stopping at epoch 74: val_loss did not improve for 10 epochs ---
2026-10-01 18:50:07,512 - INFO - --- selected checkpoint from epoch 64, val_loss 0.0151, val_mae 0.1305, val_rmse 0.1689
2026-10-01 18:50:08,569 - INFO - -- RESULT
2026-10-01 18:50:08,569 - INFO - --- test size: 1728
2026-10-01 18:50:08,569 - INFO - --- MAE: 0.1378 (13.78 pp), RMSE: 0.1817 (18.17 pp), R2: 0.5824, Pearson: 0.7648
