2026-10-01 12:18:56,122 - INFO - device is	cuda:0
2026-10-01 12:18:56,248 - INFO - -- CONFIGURATIONS
2026-10-01 12:18:56,248 - INFO - --- train/valid/test: 3628/404/1728
2026-10-01 12:18:56,248 - INFO - --- max no. reactants_train, valid, test respectively: 14, 14, 14
2026-10-01 12:18:56,248 - INFO - --- max no. products_train, valid, test respectively: 1, 1, 1
2026-10-01 12:18:56,248 - INFO - --- model_path: ../logs/approach2_grid_suzuki/e400/runs/Suzuki-Miyaura_split_9_ind_mlp/model.pt
2026-10-01 12:18:56,256 - INFO - -- TRAINING
2026-10-01 12:18:57,637 - INFO - --- training epoch 0, loss 0.4284, mae 0.6809, rmse 1.9129, time elapsed(min) 0.02---
2026-10-01 12:18:57,864 - INFO - --- validation at epoch 0, val_loss 0.0442, val_mae 0.2380, val_rmse 0.2972, val_r2 -0.1925, val_pearson 0.2227, lr 1.00e-03 ---
2026-10-01 12:18:57,864 - INFO - 
****************************************************************************************************
2026-10-01 12:18:59,626 - INFO - --- training epoch 1, loss 0.0423, mae 0.2480, rmse 0.2909, time elapsed(min) 0.02---
2026-10-01 12:19:00,004 - INFO - --- validation at epoch 1, val_loss 0.0362, val_mae 0.2295, val_rmse 0.2680, val_r2 0.0302, val_pearson 0.2418, lr 1.00e-03 ---
2026-10-01 12:19:00,004 - INFO - 
****************************************************************************************************
2026-10-01 12:19:01,950 - INFO - --- training epoch 2, loss 0.0395, mae 0.2396, rmse 0.2810, time elapsed(min) 0.03---
2026-10-01 12:19:02,181 - INFO - --- validation at epoch 2, val_loss 0.0346, val_mae 0.2281, val_rmse 0.2629, val_r2 0.0667, val_pearson 0.2603, lr 1.00e-03 ---
2026-10-01 12:19:02,181 - INFO - 
****************************************************************************************************
2026-10-01 12:19:03,941 - INFO - --- training epoch 3, loss 0.0382, mae 0.2352, rmse 0.2765, time elapsed(min) 0.02---
2026-10-01 12:19:04,160 - INFO - --- validation at epoch 3, val_loss 0.0348, val_mae 0.2244, val_rmse 0.2646, val_r2 0.0546, val_pearson 0.2800, lr 1.00e-03 ---
2026-10-01 12:19:04,160 - INFO - 
****************************************************************************************************
2026-10-01 12:19:05,769 - INFO - --- training epoch 4, loss 0.0374, mae 0.2330, rmse 0.2734, time elapsed(min) 0.02---
2026-10-01 12:19:05,987 - INFO - --- validation at epoch 4, val_loss 0.0340, val_mae 0.2227, val_rmse 0.2613, val_r2 0.0779, val_pearson 0.3073, lr 1.00e-03 ---
2026-10-01 12:19:05,987 - INFO - 
****************************************************************************************************
2026-10-01 12:19:07,813 - INFO - --- training epoch 5, loss 0.0378, mae 0.2332, rmse 0.2749, time elapsed(min) 0.02---
2026-10-01 12:19:08,232 - INFO - --- validation at epoch 5, val_loss 0.0341, val_mae 0.2222, val_rmse 0.2602, val_r2 0.0856, val_pearson 0.3203, lr 1.00e-03 ---
2026-10-01 12:19:08,232 - INFO - 
****************************************************************************************************
2026-10-01 12:19:10,017 - INFO - --- training epoch 6, loss 0.0357, mae 0.2271, rmse 0.2673, time elapsed(min) 0.02---
2026-10-01 12:19:10,245 - INFO - --- validation at epoch 6, val_loss 0.0337, val_mae 0.2200, val_rmse 0.2593, val_r2 0.0924, val_pearson 0.3424, lr 1.00e-03 ---
2026-10-01 12:19:10,245 - INFO - 
****************************************************************************************************
2026-10-01 12:19:11,976 - INFO - --- training epoch 7, loss 0.0361, mae 0.2275, rmse 0.2686, time elapsed(min) 0.02---
2026-10-01 12:19:12,198 - INFO - --- validation at epoch 7, val_loss 0.0319, val_mae 0.2137, val_rmse 0.2528, val_r2 0.1367, val_pearson 0.3957, lr 1.00e-03 ---
2026-10-01 12:19:12,198 - INFO - 
****************************************************************************************************
2026-10-01 12:19:14,007 - INFO - --- training epoch 8, loss 0.0341, mae 0.2166, rmse 0.2612, time elapsed(min) 0.02---
2026-10-01 12:19:14,393 - INFO - --- validation at epoch 8, val_loss 0.0288, val_mae 0.1974, val_rmse 0.2405, val_r2 0.2189, val_pearson 0.4798, lr 1.00e-03 ---
2026-10-01 12:19:14,393 - INFO - 
****************************************************************************************************
2026-10-01 12:19:16,325 - INFO - --- training epoch 9, loss 0.0320, mae 0.2065, rmse 0.2530, time elapsed(min) 0.02---
2026-10-01 12:19:16,554 - INFO - --- validation at epoch 9, val_loss 0.0266, val_mae 0.1898, val_rmse 0.2307, val_r2 0.2811, val_pearson 0.5338, lr 1.00e-03 ---
2026-10-01 12:19:16,554 - INFO - 
****************************************************************************************************
2026-10-01 12:19:18,292 - INFO - --- training epoch 10, loss 0.0309, mae 0.2028, rmse 0.2486, time elapsed(min) 0.02---
2026-10-01 12:19:18,506 - INFO - --- validation at epoch 10, val_loss 0.0262, val_mae 0.1874, val_rmse 0.2281, val_r2 0.2973, val_pearson 0.5524, lr 1.00e-03 ---
2026-10-01 12:19:18,506 - INFO - 
****************************************************************************************************
2026-10-01 12:19:20,233 - INFO - --- training epoch 11, loss 0.0304, mae 0.2005, rmse 0.2464, time elapsed(min) 0.02---
2026-10-01 12:19:20,603 - INFO - --- validation at epoch 11, val_loss 0.0269, val_mae 0.1861, val_rmse 0.2311, val_r2 0.2787, val_pearson 0.5787, lr 1.00e-03 ---
2026-10-01 12:19:20,603 - INFO - 
****************************************************************************************************
2026-10-01 12:19:22,493 - INFO - --- training epoch 12, loss 0.0300, mae 0.1982, rmse 0.2448, time elapsed(min) 0.03---
2026-10-01 12:19:22,725 - INFO - --- validation at epoch 12, val_loss 0.0241, val_mae 0.1763, val_rmse 0.2181, val_r2 0.3576, val_pearson 0.6098, lr 1.00e-03 ---
2026-10-01 12:19:22,725 - INFO - 
****************************************************************************************************
2026-10-01 12:19:24,461 - INFO - --- training epoch 13, loss 0.0293, mae 0.1948, rmse 0.2420, time elapsed(min) 0.02---
2026-10-01 12:19:24,697 - INFO - --- validation at epoch 13, val_loss 0.0244, val_mae 0.1789, val_rmse 0.2187, val_r2 0.3540, val_pearson 0.6125, lr 1.00e-03 ---
2026-10-01 12:19:24,697 - INFO - 
****************************************************************************************************
2026-10-01 12:19:26,409 - INFO - --- training epoch 14, loss 0.0272, mae 0.1889, rmse 0.2331, time elapsed(min) 0.02---
2026-10-01 12:19:26,767 - INFO - --- validation at epoch 14, val_loss 0.0217, val_mae 0.1603, val_rmse 0.2025, val_r2 0.4465, val_pearson 0.6705, lr 1.00e-03 ---
2026-10-01 12:19:26,767 - INFO - 
****************************************************************************************************
2026-10-01 12:19:28,596 - INFO - --- training epoch 15, loss 0.0233, mae 0.1708, rmse 0.2159, time elapsed(min) 0.02---
2026-10-01 12:19:28,976 - INFO - --- validation at epoch 15, val_loss 0.0203, val_mae 0.1619, val_rmse 0.2039, val_r2 0.4384, val_pearson 0.7066, lr 1.00e-03 ---
2026-10-01 12:19:28,976 - INFO - 
****************************************************************************************************
2026-10-01 12:19:30,868 - INFO - --- training epoch 16, loss 0.0207, mae 0.1601, rmse 0.2035, time elapsed(min) 0.02---
2026-10-01 12:19:31,091 - INFO - --- validation at epoch 16, val_loss 0.0184, val_mae 0.1588, val_rmse 0.1941, val_r2 0.4914, val_pearson 0.7128, lr 1.00e-03 ---
2026-10-01 12:19:31,091 - INFO - 
****************************************************************************************************
2026-10-01 12:19:32,822 - INFO - --- training epoch 17, loss 0.0187, mae 0.1511, rmse 0.1933, time elapsed(min) 0.02---
2026-10-01 12:19:33,047 - INFO - --- validation at epoch 17, val_loss 0.0171, val_mae 0.1495, val_rmse 0.1883, val_r2 0.5211, val_pearson 0.7356, lr 1.00e-03 ---
2026-10-01 12:19:33,047 - INFO - 
****************************************************************************************************
2026-10-01 12:19:34,933 - INFO - --- training epoch 18, loss 0.0180, mae 0.1475, rmse 0.1898, time elapsed(min) 0.03---
2026-10-01 12:19:35,386 - INFO - --- validation at epoch 18, val_loss 0.0176, val_mae 0.1468, val_rmse 0.1893, val_r2 0.5159, val_pearson 0.7391, lr 1.00e-03 ---
2026-10-01 12:19:35,386 - INFO - 
****************************************************************************************************
2026-10-01 12:19:37,162 - INFO - --- training epoch 19, loss 0.0174, mae 0.1437, rmse 0.1864, time elapsed(min) 0.02---
2026-10-01 12:19:37,384 - INFO - --- validation at epoch 19, val_loss 0.0153, val_mae 0.1390, val_rmse 0.1766, val_r2 0.5788, val_pearson 0.7644, lr 1.00e-03 ---
2026-10-01 12:19:37,384 - INFO - 
****************************************************************************************************
2026-10-01 12:19:39,199 - INFO - --- training epoch 20, loss 0.0181, mae 0.1476, rmse 0.1902, time elapsed(min) 0.02---
2026-10-01 12:19:39,415 - INFO - --- validation at epoch 20, val_loss 0.0189, val_mae 0.1522, val_rmse 0.1956, val_r2 0.4832, val_pearson 0.7280, lr 1.00e-03 ---
2026-10-01 12:19:39,415 - INFO - 
****************************************************************************************************
2026-10-01 12:19:41,077 - INFO - --- training epoch 21, loss 0.0168, mae 0.1411, rmse 0.1834, time elapsed(min) 0.02---
2026-10-01 12:19:41,298 - INFO - --- validation at epoch 21, val_loss 0.0154, val_mae 0.1344, val_rmse 0.1760, val_r2 0.5817, val_pearson 0.7668, lr 1.00e-03 ---
2026-10-01 12:19:41,298 - INFO - 
****************************************************************************************************
2026-10-01 12:19:43,037 - INFO - --- training epoch 22, loss 0.0169, mae 0.1420, rmse 0.1841, time elapsed(min) 0.02---
2026-10-01 12:19:43,443 - INFO - --- validation at epoch 22, val_loss 0.0154, val_mae 0.1390, val_rmse 0.1769, val_r2 0.5775, val_pearson 0.7611, lr 1.00e-03 ---
2026-10-01 12:19:43,443 - INFO - 
****************************************************************************************************
2026-10-01 12:19:45,212 - INFO - --- training epoch 23, loss 0.0165, mae 0.1401, rmse 0.1815, time elapsed(min) 0.02---
2026-10-01 12:19:45,441 - INFO - --- validation at epoch 23, val_loss 0.0145, val_mae 0.1307, val_rmse 0.1719, val_r2 0.6012, val_pearson 0.7759, lr 1.00e-03 ---
2026-10-01 12:19:45,441 - INFO - 
****************************************************************************************************
2026-10-01 12:19:47,202 - INFO - --- training epoch 24, loss 0.0160, mae 0.1377, rmse 0.1791, time elapsed(min) 0.02---
2026-10-01 12:19:47,421 - INFO - --- validation at epoch 24, val_loss 0.0148, val_mae 0.1337, val_rmse 0.1728, val_r2 0.5966, val_pearson 0.7725, lr 1.00e-03 ---
2026-10-01 12:19:47,421 - INFO - 
****************************************************************************************************
2026-10-01 12:19:49,075 - INFO - --- training epoch 25, loss 0.0163, mae 0.1393, rmse 0.1807, time elapsed(min) 0.02---
2026-10-01 12:19:49,478 - INFO - --- validation at epoch 25, val_loss 0.0137, val_mae 0.1285, val_rmse 0.1700, val_r2 0.6097, val_pearson 0.7838, lr 1.00e-03 ---
2026-10-01 12:19:49,479 - INFO - 
****************************************************************************************************
2026-10-01 12:19:51,471 - INFO - --- training epoch 26, loss 0.0163, mae 0.1377, rmse 0.1803, time elapsed(min) 0.03---
2026-10-01 12:19:51,698 - INFO - --- validation at epoch 26, val_loss 0.0142, val_mae 0.1318, val_rmse 0.1685, val_r2 0.6167, val_pearson 0.7867, lr 1.00e-03 ---
2026-10-01 12:19:51,698 - INFO - 
****************************************************************************************************
2026-10-01 12:19:53,333 - INFO - --- training epoch 27, loss 0.0156, mae 0.1353, rmse 0.1766, time elapsed(min) 0.02---
2026-10-01 12:19:53,566 - INFO - --- validation at epoch 27, val_loss 0.0142, val_mae 0.1258, val_rmse 0.1676, val_r2 0.6207, val_pearson 0.7923, lr 1.00e-03 ---
2026-10-01 12:19:53,566 - INFO - 
****************************************************************************************************
2026-10-01 12:19:55,228 - INFO - --- training epoch 28, loss 0.0151, mae 0.1333, rmse 0.1740, time elapsed(min) 0.02---
2026-10-01 12:19:55,585 - INFO - --- validation at epoch 28, val_loss 0.0152, val_mae 0.1290, val_rmse 0.1736, val_r2 0.5931, val_pearson 0.7921, lr 1.00e-03 ---
2026-10-01 12:19:55,585 - INFO - 
****************************************************************************************************
2026-10-01 12:19:57,444 - INFO - --- training epoch 29, loss 0.0157, mae 0.1359, rmse 0.1774, time elapsed(min) 0.03---
2026-10-01 12:19:57,685 - INFO - --- validation at epoch 29, val_loss 0.0142, val_mae 0.1293, val_rmse 0.1676, val_r2 0.6205, val_pearson 0.7886, lr 1.00e-03 ---
2026-10-01 12:19:57,685 - INFO - 
****************************************************************************************************
2026-10-01 12:19:59,334 - INFO - --- training epoch 30, loss 0.0162, mae 0.1377, rmse 0.1802, time elapsed(min) 0.02---
2026-10-01 12:19:59,560 - INFO - --- validation at epoch 30, val_loss 0.0149, val_mae 0.1311, val_rmse 0.1709, val_r2 0.6057, val_pearson 0.7786, lr 1.00e-03 ---
2026-10-01 12:19:59,560 - INFO - 
****************************************************************************************************
2026-10-01 12:20:01,221 - INFO - --- training epoch 31, loss 0.0164, mae 0.1394, rmse 0.1813, time elapsed(min) 0.02---
2026-10-01 12:20:01,436 - INFO - --- validation at epoch 31, val_loss 0.0145, val_mae 0.1280, val_rmse 0.1711, val_r2 0.6046, val_pearson 0.7840, lr 1.00e-03 ---
2026-10-01 12:20:01,437 - INFO - 
****************************************************************************************************
2026-10-01 12:20:03,232 - INFO - --- training epoch 32, loss 0.0155, mae 0.1332, rmse 0.1760, time elapsed(min) 0.03---
2026-10-01 12:20:03,612 - INFO - --- validation at epoch 32, val_loss 0.0138, val_mae 0.1266, val_rmse 0.1683, val_r2 0.6173, val_pearson 0.7861, lr 1.00e-03 ---
2026-10-01 12:20:03,612 - INFO - 
****************************************************************************************************
2026-10-01 12:20:05,594 - INFO - --- training epoch 33, loss 0.0149, mae 0.1315, rmse 0.1725, time elapsed(min) 0.03---
2026-10-01 12:20:05,810 - INFO - --- validation at epoch 33, val_loss 0.0142, val_mae 0.1268, val_rmse 0.1689, val_r2 0.6150, val_pearson 0.7869, lr 1.00e-03 ---
2026-10-01 12:20:05,811 - INFO - 
****************************************************************************************************
2026-10-01 12:20:07,461 - INFO - --- training epoch 34, loss 0.0149, mae 0.1320, rmse 0.1726, time elapsed(min) 0.02---
2026-10-01 12:20:07,683 - INFO - --- validation at epoch 34, val_loss 0.0145, val_mae 0.1290, val_rmse 0.1714, val_r2 0.6032, val_pearson 0.7910, lr 1.00e-03 ---
2026-10-01 12:20:07,683 - INFO - 
****************************************************************************************************
2026-10-01 12:20:09,532 - INFO - --- training epoch 35, loss 0.0144, mae 0.1294, rmse 0.1695, time elapsed(min) 0.03---
2026-10-01 12:20:09,955 - INFO - --- validation at epoch 35, val_loss 0.0137, val_mae 0.1253, val_rmse 0.1651, val_r2 0.6321, val_pearson 0.7976, lr 1.00e-03 ---
2026-10-01 12:20:09,955 - INFO - 
****************************************************************************************************
2026-10-01 12:20:11,739 - INFO - --- training epoch 36, loss 0.0140, mae 0.1277, rmse 0.1676, time elapsed(min) 0.02---
2026-10-01 12:20:11,962 - INFO - --- validation at epoch 36, val_loss 0.0145, val_mae 0.1296, val_rmse 0.1722, val_r2 0.5997, val_pearson 0.7981, lr 1.00e-03 ---
2026-10-01 12:20:11,962 - INFO - 
****************************************************************************************************
2026-10-01 12:20:13,630 - INFO - --- training epoch 37, loss 0.0130, mae 0.1227, rmse 0.1611, time elapsed(min) 0.02---
2026-10-01 12:20:13,850 - INFO - --- validation at epoch 37, val_loss 0.0127, val_mae 0.1182, val_rmse 0.1600, val_r2 0.6542, val_pearson 0.8118, lr 3.00e-04 ---
2026-10-01 12:20:13,850 - INFO - 
****************************************************************************************************
2026-10-01 12:20:15,732 - INFO - --- training epoch 38, loss 0.0121, mae 0.1178, rmse 0.1557, time elapsed(min) 0.03---
2026-10-01 12:20:16,105 - INFO - --- validation at epoch 38, val_loss 0.0128, val_mae 0.1169, val_rmse 0.1590, val_r2 0.6588, val_pearson 0.8121, lr 3.00e-04 ---
2026-10-01 12:20:16,105 - INFO - 
****************************************************************************************************
2026-10-01 12:20:17,966 - INFO - --- training epoch 39, loss 0.0117, mae 0.1166, rmse 0.1532, time elapsed(min) 0.03---
2026-10-01 12:20:18,187 - INFO - --- validation at epoch 39, val_loss 0.0126, val_mae 0.1158, val_rmse 0.1580, val_r2 0.6631, val_pearson 0.8152, lr 3.00e-04 ---
2026-10-01 12:20:18,187 - INFO - 
****************************************************************************************************
2026-10-01 12:20:19,906 - INFO - --- training epoch 40, loss 0.0118, mae 0.1167, rmse 0.1536, time elapsed(min) 0.02---
2026-10-01 12:20:20,132 - INFO - --- validation at epoch 40, val_loss 0.0126, val_mae 0.1165, val_rmse 0.1580, val_r2 0.6629, val_pearson 0.8159, lr 3.00e-04 ---
2026-10-01 12:20:20,132 - INFO - 
****************************************************************************************************
2026-10-01 12:20:21,787 - INFO - --- training epoch 41, loss 0.0118, mae 0.1163, rmse 0.1536, time elapsed(min) 0.02---
2026-10-01 12:20:22,156 - INFO - --- validation at epoch 41, val_loss 0.0125, val_mae 0.1167, val_rmse 0.1576, val_r2 0.6646, val_pearson 0.8161, lr 3.00e-04 ---
2026-10-01 12:20:22,156 - INFO - 
****************************************************************************************************
2026-10-01 12:20:24,119 - INFO - --- training epoch 42, loss 0.0117, mae 0.1162, rmse 0.1529, time elapsed(min) 0.03---
2026-10-01 12:20:24,341 - INFO - --- validation at epoch 42, val_loss 0.0123, val_mae 0.1158, val_rmse 0.1569, val_r2 0.6675, val_pearson 0.8174, lr 3.00e-04 ---
2026-10-01 12:20:24,341 - INFO - 
****************************************************************************************************
2026-10-01 12:20:26,121 - INFO - --- training epoch 43, loss 0.0118, mae 0.1162, rmse 0.1533, time elapsed(min) 0.02---
2026-10-01 12:20:26,337 - INFO - --- validation at epoch 43, val_loss 0.0128, val_mae 0.1166, val_rmse 0.1592, val_r2 0.6578, val_pearson 0.8170, lr 3.00e-04 ---
2026-10-01 12:20:26,337 - INFO - 
****************************************************************************************************
2026-10-01 12:20:27,998 - INFO - --- training epoch 44, loss 0.0118, mae 0.1164, rmse 0.1533, time elapsed(min) 0.02---
2026-10-01 12:20:28,218 - INFO - --- validation at epoch 44, val_loss 0.0128, val_mae 0.1156, val_rmse 0.1583, val_r2 0.6615, val_pearson 0.8156, lr 3.00e-04 ---
2026-10-01 12:20:28,218 - INFO - 
****************************************************************************************************
2026-10-01 12:20:30,280 - INFO - --- training epoch 45, loss 0.0115, mae 0.1146, rmse 0.1517, time elapsed(min) 0.03---
2026-10-01 12:20:30,503 - INFO - --- validation at epoch 45, val_loss 0.0125, val_mae 0.1169, val_rmse 0.1579, val_r2 0.6632, val_pearson 0.8183, lr 3.00e-04 ---
2026-10-01 12:20:30,503 - INFO - 
****************************************************************************************************
2026-10-01 12:20:32,156 - INFO - --- training epoch 46, loss 0.0116, mae 0.1151, rmse 0.1524, time elapsed(min) 0.02---
2026-10-01 12:20:32,370 - INFO - --- validation at epoch 46, val_loss 0.0130, val_mae 0.1178, val_rmse 0.1593, val_r2 0.6575, val_pearson 0.8170, lr 3.00e-04 ---
2026-10-01 12:20:32,370 - INFO - 
****************************************************************************************************
2026-10-01 12:20:34,007 - INFO - --- training epoch 47, loss 0.0115, mae 0.1146, rmse 0.1514, time elapsed(min) 0.02---
2026-10-01 12:20:34,229 - INFO - --- validation at epoch 47, val_loss 0.0128, val_mae 0.1177, val_rmse 0.1585, val_r2 0.6609, val_pearson 0.8166, lr 3.00e-04 ---
2026-10-01 12:20:34,229 - INFO - 
****************************************************************************************************
2026-10-01 12:20:35,951 - INFO - --- training epoch 48, loss 0.0118, mae 0.1157, rmse 0.1534, time elapsed(min) 0.02---
2026-10-01 12:20:36,360 - INFO - --- validation at epoch 48, val_loss 0.0128, val_mae 0.1182, val_rmse 0.1588, val_r2 0.6594, val_pearson 0.8157, lr 3.00e-04 ---
2026-10-01 12:20:36,360 - INFO - 
****************************************************************************************************
2026-10-01 12:20:38,115 - INFO - --- training epoch 49, loss 0.0114, mae 0.1142, rmse 0.1507, time elapsed(min) 0.02---
2026-10-01 12:20:38,332 - INFO - --- validation at epoch 49, val_loss 0.0127, val_mae 0.1163, val_rmse 0.1585, val_r2 0.6606, val_pearson 0.8171, lr 3.00e-04 ---
2026-10-01 12:20:38,332 - INFO - 
****************************************************************************************************
2026-10-01 12:20:40,009 - INFO - --- training epoch 50, loss 0.0118, mae 0.1162, rmse 0.1539, time elapsed(min) 0.02---
2026-10-01 12:20:40,230 - INFO - --- validation at epoch 50, val_loss 0.0125, val_mae 0.1163, val_rmse 0.1577, val_r2 0.6643, val_pearson 0.8176, lr 3.00e-04 ---
2026-10-01 12:20:40,230 - INFO - 
****************************************************************************************************
2026-10-01 12:20:41,887 - INFO - --- training epoch 51, loss 0.0115, mae 0.1134, rmse 0.1518, time elapsed(min) 0.02---
2026-10-01 12:20:42,274 - INFO - --- validation at epoch 51, val_loss 0.0123, val_mae 0.1156, val_rmse 0.1562, val_r2 0.6707, val_pearson 0.8195, lr 3.00e-04 ---
2026-10-01 12:20:42,274 - INFO - 
****************************************************************************************************
2026-10-01 12:20:44,338 - INFO - --- training epoch 52, loss 0.0117, mae 0.1154, rmse 0.1528, time elapsed(min) 0.03---
2026-10-01 12:20:44,555 - INFO - --- validation at epoch 52, val_loss 0.0129, val_mae 0.1186, val_rmse 0.1593, val_r2 0.6573, val_pearson 0.8192, lr 3.00e-04 ---
2026-10-01 12:20:44,555 - INFO - 
****************************************************************************************************
2026-10-01 12:20:46,201 - INFO - --- training epoch 53, loss 0.0115, mae 0.1140, rmse 0.1517, time elapsed(min) 0.02---
2026-10-01 12:20:46,423 - INFO - --- validation at epoch 53, val_loss 0.0126, val_mae 0.1181, val_rmse 0.1585, val_r2 0.6608, val_pearson 0.8181, lr 3.00e-04 ---
2026-10-01 12:20:46,423 - INFO - 
****************************************************************************************************
2026-10-01 12:20:48,094 - INFO - --- training epoch 54, loss 0.0114, mae 0.1137, rmse 0.1507, time elapsed(min) 0.02---
2026-10-01 12:20:48,468 - INFO - --- validation at epoch 54, val_loss 0.0127, val_mae 0.1173, val_rmse 0.1571, val_r2 0.6668, val_pearson 0.8204, lr 3.00e-04 ---
2026-10-01 12:20:48,468 - INFO - 
****************************************************************************************************
2026-10-01 12:20:50,382 - INFO - --- training epoch 55, loss 0.0114, mae 0.1139, rmse 0.1511, time elapsed(min) 0.03---
2026-10-01 12:20:50,615 - INFO - --- validation at epoch 55, val_loss 0.0125, val_mae 0.1157, val_rmse 0.1569, val_r2 0.6674, val_pearson 0.8210, lr 3.00e-04 ---
2026-10-01 12:20:50,615 - INFO - 
****************************************************************************************************
2026-10-01 12:20:52,363 - INFO - --- training epoch 56, loss 0.0113, mae 0.1136, rmse 0.1502, time elapsed(min) 0.02---
2026-10-01 12:20:52,582 - INFO - --- validation at epoch 56, val_loss 0.0124, val_mae 0.1169, val_rmse 0.1568, val_r2 0.6679, val_pearson 0.8204, lr 3.00e-04 ---
2026-10-01 12:20:52,582 - INFO - 
****************************************************************************************************
2026-10-01 12:20:54,222 - INFO - --- training epoch 57, loss 0.0111, mae 0.1123, rmse 0.1487, time elapsed(min) 0.02---
2026-10-01 12:20:54,449 - INFO - --- validation at epoch 57, val_loss 0.0123, val_mae 0.1170, val_rmse 0.1562, val_r2 0.6706, val_pearson 0.8201, lr 3.00e-04 ---
2026-10-01 12:20:54,449 - INFO - 
****************************************************************************************************
2026-10-01 12:20:56,165 - INFO - --- training epoch 58, loss 0.0116, mae 0.1148, rmse 0.1520, time elapsed(min) 0.02---
2026-10-01 12:20:56,578 - INFO - --- validation at epoch 58, val_loss 0.0127, val_mae 0.1168, val_rmse 0.1580, val_r2 0.6628, val_pearson 0.8216, lr 3.00e-04 ---
2026-10-01 12:20:56,578 - INFO - 
****************************************************************************************************
2026-10-01 12:20:58,348 - INFO - --- training epoch 59, loss 0.0111, mae 0.1124, rmse 0.1493, time elapsed(min) 0.02---
2026-10-01 12:20:58,566 - INFO - --- validation at epoch 59, val_loss 0.0123, val_mae 0.1148, val_rmse 0.1561, val_r2 0.6711, val_pearson 0.8248, lr 3.00e-04 ---
2026-10-01 12:20:58,566 - INFO - 
****************************************************************************************************
2026-10-01 12:21:00,216 - INFO - --- training epoch 60, loss 0.0109, mae 0.1109, rmse 0.1480, time elapsed(min) 0.02---
2026-10-01 12:21:00,438 - INFO - --- validation at epoch 60, val_loss 0.0124, val_mae 0.1165, val_rmse 0.1564, val_r2 0.6697, val_pearson 0.8210, lr 3.00e-04 ---
2026-10-01 12:21:00,438 - INFO - 
****************************************************************************************************
2026-10-01 12:21:02,176 - INFO - --- training epoch 61, loss 0.0113, mae 0.1135, rmse 0.1503, time elapsed(min) 0.02---
2026-10-01 12:21:02,554 - INFO - --- validation at epoch 61, val_loss 0.0128, val_mae 0.1188, val_rmse 0.1582, val_r2 0.6620, val_pearson 0.8212, lr 3.00e-04 ---
2026-10-01 12:21:02,554 - INFO - 
****************************************************************************************************
2026-10-01 12:21:04,447 - INFO - --- training epoch 62, loss 0.0112, mae 0.1125, rmse 0.1496, time elapsed(min) 0.03---
2026-10-01 12:21:04,661 - INFO - --- validation at epoch 62, val_loss 0.0124, val_mae 0.1155, val_rmse 0.1549, val_r2 0.6760, val_pearson 0.8249, lr 3.00e-04 ---
2026-10-01 12:21:04,661 - INFO - 
****************************************************************************************************
2026-10-01 12:21:06,314 - INFO - --- training epoch 63, loss 0.0105, mae 0.1089, rmse 0.1449, time elapsed(min) 0.02---
2026-10-01 12:21:06,527 - INFO - --- validation at epoch 63, val_loss 0.0116, val_mae 0.1142, val_rmse 0.1534, val_r2 0.6824, val_pearson 0.8289, lr 9.00e-05 ---
2026-10-01 12:21:06,527 - INFO - 
****************************************************************************************************
2026-10-01 12:21:08,352 - INFO - --- training epoch 64, loss 0.0107, mae 0.1095, rmse 0.1464, time elapsed(min) 0.02---
2026-10-01 12:21:08,727 - INFO - --- validation at epoch 64, val_loss 0.0117, val_mae 0.1147, val_rmse 0.1541, val_r2 0.6794, val_pearson 0.8279, lr 9.00e-05 ---
2026-10-01 12:21:08,727 - INFO - 
****************************************************************************************************
2026-10-01 12:21:10,641 - INFO - --- training epoch 65, loss 0.0104, mae 0.1088, rmse 0.1440, time elapsed(min) 0.03---
2026-10-01 12:21:10,870 - INFO - --- validation at epoch 65, val_loss 0.0116, val_mae 0.1136, val_rmse 0.1532, val_r2 0.6831, val_pearson 0.8290, lr 9.00e-05 ---
2026-10-01 12:21:10,870 - INFO - 
****************************************************************************************************
2026-10-01 12:21:12,627 - INFO - --- training epoch 66, loss 0.0107, mae 0.1093, rmse 0.1460, time elapsed(min) 0.02---
2026-10-01 12:21:12,853 - INFO - --- validation at epoch 66, val_loss 0.0118, val_mae 0.1155, val_rmse 0.1547, val_r2 0.6768, val_pearson 0.8282, lr 9.00e-05 ---
2026-10-01 12:21:12,853 - INFO - 
****************************************************************************************************
2026-10-01 12:21:14,488 - INFO - --- training epoch 67, loss 0.0105, mae 0.1088, rmse 0.1446, time elapsed(min) 0.02---
2026-10-01 12:21:14,866 - INFO - --- validation at epoch 67, val_loss 0.0116, val_mae 0.1127, val_rmse 0.1528, val_r2 0.6848, val_pearson 0.8291, lr 9.00e-05 ---
2026-10-01 12:21:14,866 - INFO - 
****************************************************************************************************
2026-10-01 12:21:16,767 - INFO - --- training epoch 68, loss 0.0105, mae 0.1096, rmse 0.1451, time elapsed(min) 0.03---
2026-10-01 12:21:17,144 - INFO - --- validation at epoch 68, val_loss 0.0117, val_mae 0.1144, val_rmse 0.1535, val_r2 0.6818, val_pearson 0.8291, lr 9.00e-05 ---
2026-10-01 12:21:17,144 - INFO - 
****************************************************************************************************
2026-10-01 12:21:18,936 - INFO - --- training epoch 69, loss 0.0104, mae 0.1081, rmse 0.1440, time elapsed(min) 0.02---
2026-10-01 12:21:19,157 - INFO - --- validation at epoch 69, val_loss 0.0115, val_mae 0.1128, val_rmse 0.1528, val_r2 0.6847, val_pearson 0.8288, lr 9.00e-05 ---
2026-10-01 12:21:19,157 - INFO - 
****************************************************************************************************
2026-10-01 12:21:20,974 - INFO - --- training epoch 70, loss 0.0105, mae 0.1085, rmse 0.1449, time elapsed(min) 0.02---
2026-10-01 12:21:21,196 - INFO - --- validation at epoch 70, val_loss 0.0115, val_mae 0.1136, val_rmse 0.1524, val_r2 0.6865, val_pearson 0.8307, lr 9.00e-05 ---
2026-10-01 12:21:21,196 - INFO - 
****************************************************************************************************
2026-10-01 12:21:23,020 - INFO - --- training epoch 71, loss 0.0104, mae 0.1084, rmse 0.1440, time elapsed(min) 0.02---
2026-10-01 12:21:23,446 - INFO - --- validation at epoch 71, val_loss 0.0115, val_mae 0.1126, val_rmse 0.1523, val_r2 0.6868, val_pearson 0.8312, lr 9.00e-05 ---
2026-10-01 12:21:23,446 - INFO - 
****************************************************************************************************
2026-10-01 12:21:25,321 - INFO - --- training epoch 72, loss 0.0105, mae 0.1092, rmse 0.1450, time elapsed(min) 0.02---
2026-10-01 12:21:25,539 - INFO - --- validation at epoch 72, val_loss 0.0115, val_mae 0.1147, val_rmse 0.1532, val_r2 0.6831, val_pearson 0.8299, lr 9.00e-05 ---
2026-10-01 12:21:25,539 - INFO - 
****************************************************************************************************
2026-10-01 12:21:27,340 - INFO - --- training epoch 73, loss 0.0105, mae 0.1096, rmse 0.1449, time elapsed(min) 0.03---
2026-10-01 12:21:27,558 - INFO - --- validation at epoch 73, val_loss 0.0115, val_mae 0.1132, val_rmse 0.1524, val_r2 0.6864, val_pearson 0.8308, lr 9.00e-05 ---
2026-10-01 12:21:27,558 - INFO - 
****************************************************************************************************
2026-10-01 12:21:29,319 - INFO - --- training epoch 74, loss 0.0102, mae 0.1071, rmse 0.1425, time elapsed(min) 0.02---
2026-10-01 12:21:29,692 - INFO - --- validation at epoch 74, val_loss 0.0115, val_mae 0.1129, val_rmse 0.1532, val_r2 0.6832, val_pearson 0.8285, lr 9.00e-05 ---
2026-10-01 12:21:29,692 - INFO - 
****************************************************************************************************
2026-10-01 12:21:31,590 - INFO - --- training epoch 75, loss 0.0102, mae 0.1076, rmse 0.1431, time elapsed(min) 0.03---
2026-10-01 12:21:31,815 - INFO - --- validation at epoch 75, val_loss 0.0115, val_mae 0.1138, val_rmse 0.1530, val_r2 0.6838, val_pearson 0.8300, lr 9.00e-05 ---
2026-10-01 12:21:31,815 - INFO - 
****************************************************************************************************
2026-10-01 12:21:33,713 - INFO - --- training epoch 76, loss 0.0106, mae 0.1093, rmse 0.1453, time elapsed(min) 0.03---
2026-10-01 12:21:33,936 - INFO - --- validation at epoch 76, val_loss 0.0114, val_mae 0.1127, val_rmse 0.1520, val_r2 0.6882, val_pearson 0.8313, lr 9.00e-05 ---
2026-10-01 12:21:33,936 - INFO - 
****************************************************************************************************
2026-10-01 12:21:35,671 - INFO - --- training epoch 77, loss 0.0103, mae 0.1079, rmse 0.1433, time elapsed(min) 0.02---
2026-10-01 12:21:36,043 - INFO - --- validation at epoch 77, val_loss 0.0115, val_mae 0.1124, val_rmse 0.1520, val_r2 0.6879, val_pearson 0.8320, lr 9.00e-05 ---
2026-10-01 12:21:36,043 - INFO - 
****************************************************************************************************
2026-10-01 12:21:38,083 - INFO - --- training epoch 78, loss 0.0104, mae 0.1079, rmse 0.1442, time elapsed(min) 0.03---
2026-10-01 12:21:38,300 - INFO - --- validation at epoch 78, val_loss 0.0114, val_mae 0.1130, val_rmse 0.1517, val_r2 0.6892, val_pearson 0.8311, lr 9.00e-05 ---
2026-10-01 12:21:38,300 - INFO - 
****************************************************************************************************
2026-10-01 12:21:40,031 - INFO - --- training epoch 79, loss 0.0102, mae 0.1071, rmse 0.1428, time elapsed(min) 0.02---
2026-10-01 12:21:40,251 - INFO - --- validation at epoch 79, val_loss 0.0113, val_mae 0.1115, val_rmse 0.1509, val_r2 0.6927, val_pearson 0.8340, lr 9.00e-05 ---
2026-10-01 12:21:40,252 - INFO - 
****************************************************************************************************
2026-10-01 12:21:41,971 - INFO - --- training epoch 80, loss 0.0104, mae 0.1089, rmse 0.1439, time elapsed(min) 0.02---
2026-10-01 12:21:42,187 - INFO - --- validation at epoch 80, val_loss 0.0114, val_mae 0.1126, val_rmse 0.1513, val_r2 0.6908, val_pearson 0.8323, lr 9.00e-05 ---
2026-10-01 12:21:42,187 - INFO - 
****************************************************************************************************
2026-10-01 12:21:44,100 - INFO - --- training epoch 81, loss 0.0104, mae 0.1089, rmse 0.1445, time elapsed(min) 0.03---
2026-10-01 12:21:44,501 - INFO - --- validation at epoch 81, val_loss 0.0115, val_mae 0.1131, val_rmse 0.1520, val_r2 0.6878, val_pearson 0.8324, lr 9.00e-05 ---
2026-10-01 12:21:44,501 - INFO - 
****************************************************************************************************
2026-10-01 12:21:46,277 - INFO - --- training epoch 82, loss 0.0101, mae 0.1067, rmse 0.1422, time elapsed(min) 0.02---
2026-10-01 12:21:46,496 - INFO - --- validation at epoch 82, val_loss 0.0113, val_mae 0.1121, val_rmse 0.1511, val_r2 0.6916, val_pearson 0.8331, lr 9.00e-05 ---
2026-10-01 12:21:46,496 - INFO - 
****************************************************************************************************
2026-10-01 12:21:48,139 - INFO - --- training epoch 83, loss 0.0100, mae 0.1062, rmse 0.1416, time elapsed(min) 0.02---
2026-10-01 12:21:48,365 - INFO - --- validation at epoch 83, val_loss 0.0114, val_mae 0.1133, val_rmse 0.1517, val_r2 0.6891, val_pearson 0.8320, lr 9.00e-05 ---
2026-10-01 12:21:48,365 - INFO - 
****************************************************************************************************
2026-10-01 12:21:50,126 - INFO - --- training epoch 84, loss 0.0102, mae 0.1068, rmse 0.1427, time elapsed(min) 0.02---
2026-10-01 12:21:50,492 - INFO - --- validation at epoch 84, val_loss 0.0114, val_mae 0.1118, val_rmse 0.1507, val_r2 0.6931, val_pearson 0.8343, lr 9.00e-05 ---
2026-10-01 12:21:50,492 - INFO - 
****************************************************************************************************
2026-10-01 12:21:52,373 - INFO - --- training epoch 85, loss 0.0101, mae 0.1068, rmse 0.1421, time elapsed(min) 0.03---
2026-10-01 12:21:52,593 - INFO - --- validation at epoch 85, val_loss 0.0113, val_mae 0.1116, val_rmse 0.1510, val_r2 0.6920, val_pearson 0.8334, lr 9.00e-05 ---
2026-10-01 12:21:52,593 - INFO - 
****************************************************************************************************
2026-10-01 12:21:54,230 - INFO - --- training epoch 86, loss 0.0101, mae 0.1069, rmse 0.1419, time elapsed(min) 0.02---
2026-10-01 12:21:54,454 - INFO - --- validation at epoch 86, val_loss 0.0112, val_mae 0.1108, val_rmse 0.1503, val_r2 0.6951, val_pearson 0.8346, lr 9.00e-05 ---
2026-10-01 12:21:54,454 - INFO - 
****************************************************************************************************
2026-10-01 12:21:56,197 - INFO - --- training epoch 87, loss 0.0102, mae 0.1073, rmse 0.1428, time elapsed(min) 0.02---
2026-10-01 12:21:56,576 - INFO - --- validation at epoch 87, val_loss 0.0112, val_mae 0.1109, val_rmse 0.1502, val_r2 0.6954, val_pearson 0.8358, lr 9.00e-05 ---
2026-10-01 12:21:56,576 - INFO - 
****************************************************************************************************
2026-10-01 12:21:58,392 - INFO - --- training epoch 88, loss 0.0102, mae 0.1076, rmse 0.1428, time elapsed(min) 0.02---
2026-10-01 12:21:58,915 - INFO - --- validation at epoch 88, val_loss 0.0113, val_mae 0.1116, val_rmse 0.1509, val_r2 0.6926, val_pearson 0.8327, lr 9.00e-05 ---
2026-10-01 12:21:58,916 - INFO - 
****************************************************************************************************
2026-10-01 12:22:00,580 - INFO - --- training epoch 89, loss 0.0102, mae 0.1077, rmse 0.1430, time elapsed(min) 0.02---
2026-10-01 12:22:00,822 - INFO - --- validation at epoch 89, val_loss 0.0112, val_mae 0.1105, val_rmse 0.1495, val_r2 0.6982, val_pearson 0.8364, lr 9.00e-05 ---
2026-10-01 12:22:00,822 - INFO - 
****************************************************************************************************
2026-10-01 12:22:02,585 - INFO - --- training epoch 90, loss 0.0101, mae 0.1066, rmse 0.1418, time elapsed(min) 0.02---
2026-10-01 12:22:02,806 - INFO - --- validation at epoch 90, val_loss 0.0112, val_mae 0.1107, val_rmse 0.1496, val_r2 0.6978, val_pearson 0.8359, lr 9.00e-05 ---
2026-10-01 12:22:02,806 - INFO - 
****************************************************************************************************
2026-10-01 12:22:04,531 - INFO - --- training epoch 91, loss 0.0104, mae 0.1089, rmse 0.1440, time elapsed(min) 0.02---
2026-10-01 12:22:04,912 - INFO - --- validation at epoch 91, val_loss 0.0112, val_mae 0.1108, val_rmse 0.1500, val_r2 0.6962, val_pearson 0.8352, lr 9.00e-05 ---
2026-10-01 12:22:04,912 - INFO - 
****************************************************************************************************
2026-10-01 12:22:06,737 - INFO - --- training epoch 92, loss 0.0103, mae 0.1071, rmse 0.1432, time elapsed(min) 0.02---
2026-10-01 12:22:06,952 - INFO - --- validation at epoch 92, val_loss 0.0111, val_mae 0.1116, val_rmse 0.1496, val_r2 0.6979, val_pearson 0.8367, lr 9.00e-05 ---
2026-10-01 12:22:06,953 - INFO - 
****************************************************************************************************
2026-10-01 12:22:08,700 - INFO - --- training epoch 93, loss 0.0100, mae 0.1066, rmse 0.1413, time elapsed(min) 0.02---
2026-10-01 12:22:08,937 - INFO - --- validation at epoch 93, val_loss 0.0112, val_mae 0.1122, val_rmse 0.1504, val_r2 0.6946, val_pearson 0.8339, lr 9.00e-05 ---
2026-10-01 12:22:08,937 - INFO - 
****************************************************************************************************
2026-10-01 12:22:10,578 - INFO - --- training epoch 94, loss 0.0101, mae 0.1067, rmse 0.1420, time elapsed(min) 0.02---
2026-10-01 12:22:10,951 - INFO - --- validation at epoch 94, val_loss 0.0111, val_mae 0.1108, val_rmse 0.1490, val_r2 0.7002, val_pearson 0.8373, lr 9.00e-05 ---
2026-10-01 12:22:10,951 - INFO - 
****************************************************************************************************
2026-10-01 12:22:12,934 - INFO - --- training epoch 95, loss 0.0099, mae 0.1060, rmse 0.1408, time elapsed(min) 0.03---
2026-10-01 12:22:13,152 - INFO - --- validation at epoch 95, val_loss 0.0110, val_mae 0.1103, val_rmse 0.1487, val_r2 0.7016, val_pearson 0.8383, lr 9.00e-05 ---
2026-10-01 12:22:13,152 - INFO - 
****************************************************************************************************
2026-10-01 12:22:14,892 - INFO - --- training epoch 96, loss 0.0101, mae 0.1066, rmse 0.1423, time elapsed(min) 0.02---
2026-10-01 12:22:15,110 - INFO - --- validation at epoch 96, val_loss 0.0110, val_mae 0.1097, val_rmse 0.1488, val_r2 0.7008, val_pearson 0.8384, lr 9.00e-05 ---
2026-10-01 12:22:15,110 - INFO - 
****************************************************************************************************
2026-10-01 12:22:16,900 - INFO - --- training epoch 97, loss 0.0103, mae 0.1070, rmse 0.1433, time elapsed(min) 0.02---
2026-10-01 12:22:17,128 - INFO - --- validation at epoch 97, val_loss 0.0110, val_mae 0.1101, val_rmse 0.1490, val_r2 0.7004, val_pearson 0.8378, lr 9.00e-05 ---
2026-10-01 12:22:17,129 - INFO - 
****************************************************************************************************
2026-10-01 12:22:18,870 - INFO - --- training epoch 98, loss 0.0100, mae 0.1064, rmse 0.1416, time elapsed(min) 0.02---
2026-10-01 12:22:19,262 - INFO - --- validation at epoch 98, val_loss 0.0110, val_mae 0.1104, val_rmse 0.1490, val_r2 0.7002, val_pearson 0.8380, lr 9.00e-05 ---
2026-10-01 12:22:19,263 - INFO - 
****************************************************************************************************
2026-10-01 12:22:21,115 - INFO - --- training epoch 99, loss 0.0100, mae 0.1058, rmse 0.1414, time elapsed(min) 0.02---
2026-10-01 12:22:21,330 - INFO - --- validation at epoch 99, val_loss 0.0110, val_mae 0.1098, val_rmse 0.1482, val_r2 0.7033, val_pearson 0.8390, lr 9.00e-05 ---
2026-10-01 12:22:21,330 - INFO - 
****************************************************************************************************
2026-10-01 12:22:23,071 - INFO - --- training epoch 100, loss 0.0100, mae 0.1069, rmse 0.1413, time elapsed(min) 0.02---
2026-10-01 12:22:23,296 - INFO - --- validation at epoch 100, val_loss 0.0112, val_mae 0.1099, val_rmse 0.1487, val_r2 0.7014, val_pearson 0.8384, lr 9.00e-05 ---
2026-10-01 12:22:23,296 - INFO - 
****************************************************************************************************
2026-10-01 12:22:24,953 - INFO - --- training epoch 101, loss 0.0098, mae 0.1055, rmse 0.1402, time elapsed(min) 0.02---
2026-10-01 12:22:25,329 - INFO - --- validation at epoch 101, val_loss 0.0110, val_mae 0.1105, val_rmse 0.1493, val_r2 0.6990, val_pearson 0.8373, lr 9.00e-05 ---
2026-10-01 12:22:25,329 - INFO - 
****************************************************************************************************
2026-10-01 12:22:27,225 - INFO - --- training epoch 102, loss 0.0101, mae 0.1057, rmse 0.1420, time elapsed(min) 0.03---
2026-10-01 12:22:27,458 - INFO - --- validation at epoch 102, val_loss 0.0111, val_mae 0.1102, val_rmse 0.1486, val_r2 0.7018, val_pearson 0.8390, lr 9.00e-05 ---
2026-10-01 12:22:27,458 - INFO - 
****************************************************************************************************
2026-10-01 12:22:29,109 - INFO - --- training epoch 103, loss 0.0101, mae 0.1069, rmse 0.1425, time elapsed(min) 0.02---
2026-10-01 12:22:29,329 - INFO - --- validation at epoch 103, val_loss 0.0110, val_mae 0.1102, val_rmse 0.1484, val_r2 0.7026, val_pearson 0.8391, lr 9.00e-05 ---
2026-10-01 12:22:29,329 - INFO - 
****************************************************************************************************
2026-10-01 12:22:31,051 - INFO - --- training epoch 104, loss 0.0100, mae 0.1061, rmse 0.1417, time elapsed(min) 0.02---
2026-10-01 12:22:31,418 - INFO - --- validation at epoch 104, val_loss 0.0111, val_mae 0.1104, val_rmse 0.1497, val_r2 0.6975, val_pearson 0.8389, lr 9.00e-05 ---
2026-10-01 12:22:31,418 - INFO - 
****************************************************************************************************
2026-10-01 12:22:33,242 - INFO - --- training epoch 105, loss 0.0099, mae 0.1056, rmse 0.1408, time elapsed(min) 0.03---
2026-10-01 12:22:33,661 - INFO - --- validation at epoch 105, val_loss 0.0111, val_mae 0.1108, val_rmse 0.1493, val_r2 0.6990, val_pearson 0.8368, lr 9.00e-05 ---
2026-10-01 12:22:33,661 - INFO - 
****************************************************************************************************
2026-10-01 12:22:35,434 - INFO - --- training epoch 106, loss 0.0100, mae 0.1061, rmse 0.1414, time elapsed(min) 0.02---
2026-10-01 12:22:35,653 - INFO - --- validation at epoch 106, val_loss 0.0110, val_mae 0.1091, val_rmse 0.1479, val_r2 0.7046, val_pearson 0.8411, lr 9.00e-05 ---
2026-10-01 12:22:35,653 - INFO - 
****************************************************************************************************
2026-10-01 12:22:37,422 - INFO - --- training epoch 107, loss 0.0100, mae 0.1067, rmse 0.1414, time elapsed(min) 0.02---
2026-10-01 12:22:37,644 - INFO - --- validation at epoch 107, val_loss 0.0110, val_mae 0.1100, val_rmse 0.1479, val_r2 0.7048, val_pearson 0.8404, lr 9.00e-05 ---
2026-10-01 12:22:37,644 - INFO - 
****************************************************************************************************
2026-10-01 12:22:39,398 - INFO - --- training epoch 108, loss 0.0098, mae 0.1052, rmse 0.1396, time elapsed(min) 0.02---
2026-10-01 12:22:39,801 - INFO - --- validation at epoch 108, val_loss 0.0110, val_mae 0.1095, val_rmse 0.1481, val_r2 0.7037, val_pearson 0.8403, lr 9.00e-05 ---
2026-10-01 12:22:39,801 - INFO - 
****************************************************************************************************
2026-10-01 12:22:41,695 - INFO - --- training epoch 109, loss 0.0099, mae 0.1054, rmse 0.1409, time elapsed(min) 0.02---
2026-10-01 12:22:41,916 - INFO - --- validation at epoch 109, val_loss 0.0110, val_mae 0.1098, val_rmse 0.1477, val_r2 0.7055, val_pearson 0.8411, lr 9.00e-05 ---
2026-10-01 12:22:41,916 - INFO - 
****************************************************************************************************
2026-10-01 12:22:43,626 - INFO - --- training epoch 110, loss 0.0098, mae 0.1048, rmse 0.1399, time elapsed(min) 0.02---
2026-10-01 12:22:43,849 - INFO - --- validation at epoch 110, val_loss 0.0110, val_mae 0.1094, val_rmse 0.1476, val_r2 0.7060, val_pearson 0.8416, lr 9.00e-05 ---
2026-10-01 12:22:43,849 - INFO - 
****************************************************************************************************
2026-10-01 12:22:45,598 - INFO - --- training epoch 111, loss 0.0098, mae 0.1051, rmse 0.1399, time elapsed(min) 0.02---
2026-10-01 12:22:45,972 - INFO - --- validation at epoch 111, val_loss 0.0109, val_mae 0.1095, val_rmse 0.1474, val_r2 0.7066, val_pearson 0.8413, lr 2.70e-05 ---
2026-10-01 12:22:45,972 - INFO - 
****************************************************************************************************
2026-10-01 12:22:47,855 - INFO - --- training epoch 112, loss 0.0094, mae 0.1031, rmse 0.1375, time elapsed(min) 0.03---
2026-10-01 12:22:48,279 - INFO - --- validation at epoch 112, val_loss 0.0109, val_mae 0.1100, val_rmse 0.1477, val_r2 0.7056, val_pearson 0.8404, lr 2.70e-05 ---
2026-10-01 12:22:48,279 - INFO - 
****************************************************************************************************
2026-10-01 12:22:50,284 - INFO - --- training epoch 113, loss 0.0095, mae 0.1035, rmse 0.1381, time elapsed(min) 0.03---
2026-10-01 12:22:50,506 - INFO - --- validation at epoch 113, val_loss 0.0109, val_mae 0.1100, val_rmse 0.1474, val_r2 0.7067, val_pearson 0.8409, lr 2.70e-05 ---
2026-10-01 12:22:50,506 - INFO - 
****************************************************************************************************
2026-10-01 12:22:52,270 - INFO - --- training epoch 114, loss 0.0095, mae 0.1029, rmse 0.1376, time elapsed(min) 0.02---
2026-10-01 12:22:52,491 - INFO - --- validation at epoch 114, val_loss 0.0109, val_mae 0.1100, val_rmse 0.1476, val_r2 0.7057, val_pearson 0.8407, lr 2.70e-05 ---
2026-10-01 12:22:52,491 - INFO - 
****************************************************************************************************
2026-10-01 12:22:54,141 - INFO - --- training epoch 115, loss 0.0094, mae 0.1026, rmse 0.1370, time elapsed(min) 0.02---
2026-10-01 12:22:54,541 - INFO - --- validation at epoch 115, val_loss 0.0109, val_mae 0.1095, val_rmse 0.1474, val_r2 0.7065, val_pearson 0.8412, lr 2.70e-05 ---
2026-10-01 12:22:54,541 - INFO - 
****************************************************************************************************
2026-10-01 12:22:56,372 - INFO - --- training epoch 116, loss 0.0095, mae 0.1031, rmse 0.1375, time elapsed(min) 0.02---
2026-10-01 12:22:56,587 - INFO - --- validation at epoch 116, val_loss 0.0109, val_mae 0.1097, val_rmse 0.1475, val_r2 0.7062, val_pearson 0.8409, lr 2.70e-05 ---
2026-10-01 12:22:56,587 - INFO - 
****************************************************************************************************
2026-10-01 12:22:58,255 - INFO - --- training epoch 117, loss 0.0097, mae 0.1043, rmse 0.1394, time elapsed(min) 0.02---
2026-10-01 12:22:58,473 - INFO - --- validation at epoch 117, val_loss 0.0109, val_mae 0.1095, val_rmse 0.1474, val_r2 0.7067, val_pearson 0.8411, lr 2.70e-05 ---
2026-10-01 12:22:58,473 - INFO - 
****************************************************************************************************
2026-10-01 12:23:00,219 - INFO - --- training epoch 118, loss 0.0094, mae 0.1023, rmse 0.1369, time elapsed(min) 0.02---
2026-10-01 12:23:00,593 - INFO - --- validation at epoch 118, val_loss 0.0109, val_mae 0.1095, val_rmse 0.1475, val_r2 0.7064, val_pearson 0.8411, lr 2.70e-05 ---
2026-10-01 12:23:00,593 - INFO - 
****************************************************************************************************
2026-10-01 12:23:02,640 - INFO - --- training epoch 119, loss 0.0093, mae 0.1023, rmse 0.1365, time elapsed(min) 0.03---
2026-10-01 12:23:02,853 - INFO - --- validation at epoch 119, val_loss 0.0109, val_mae 0.1094, val_rmse 0.1474, val_r2 0.7066, val_pearson 0.8415, lr 2.70e-05 ---
2026-10-01 12:23:02,854 - INFO - 
****************************************************************************************************
2026-10-01 12:23:04,708 - INFO - --- training epoch 120, loss 0.0093, mae 0.1027, rmse 0.1365, time elapsed(min) 0.02---
2026-10-01 12:23:04,928 - INFO - --- validation at epoch 120, val_loss 0.0108, val_mae 0.1097, val_rmse 0.1472, val_r2 0.7073, val_pearson 0.8413, lr 2.70e-05 ---
2026-10-01 12:23:04,929 - INFO - 
****************************************************************************************************
2026-10-01 12:23:06,756 - INFO - --- training epoch 121, loss 0.0096, mae 0.1040, rmse 0.1383, time elapsed(min) 0.02---
2026-10-01 12:23:07,121 - INFO - --- validation at epoch 121, val_loss 0.0109, val_mae 0.1096, val_rmse 0.1474, val_r2 0.7065, val_pearson 0.8410, lr 2.70e-05 ---
2026-10-01 12:23:07,121 - INFO - 
****************************************************************************************************
2026-10-01 12:23:08,900 - INFO - --- training epoch 122, loss 0.0093, mae 0.1019, rmse 0.1363, time elapsed(min) 0.02---
2026-10-01 12:23:09,426 - INFO - --- validation at epoch 122, val_loss 0.0108, val_mae 0.1092, val_rmse 0.1468, val_r2 0.7089, val_pearson 0.8425, lr 2.70e-05 ---
2026-10-01 12:23:09,426 - INFO - 
****************************************************************************************************
2026-10-01 12:23:11,174 - INFO - --- training epoch 123, loss 0.0096, mae 0.1040, rmse 0.1383, time elapsed(min) 0.02---
2026-10-01 12:23:11,391 - INFO - --- validation at epoch 123, val_loss 0.0108, val_mae 0.1096, val_rmse 0.1470, val_r2 0.7081, val_pearson 0.8421, lr 2.70e-05 ---
2026-10-01 12:23:11,391 - INFO - 
****************************************************************************************************
2026-10-01 12:23:13,141 - INFO - --- training epoch 124, loss 0.0096, mae 0.1035, rmse 0.1387, time elapsed(min) 0.02---
2026-10-01 12:23:13,359 - INFO - --- validation at epoch 124, val_loss 0.0107, val_mae 0.1090, val_rmse 0.1469, val_r2 0.7087, val_pearson 0.8422, lr 2.70e-05 ---
2026-10-01 12:23:13,359 - INFO - 
****************************************************************************************************
2026-10-01 12:23:15,182 - INFO - --- training epoch 125, loss 0.0096, mae 0.1047, rmse 0.1386, time elapsed(min) 0.02---
2026-10-01 12:23:15,591 - INFO - --- validation at epoch 125, val_loss 0.0109, val_mae 0.1101, val_rmse 0.1477, val_r2 0.7054, val_pearson 0.8403, lr 2.70e-05 ---
2026-10-01 12:23:15,591 - INFO - 
****************************************************************************************************
2026-10-01 12:23:17,449 - INFO - --- training epoch 126, loss 0.0093, mae 0.1018, rmse 0.1363, time elapsed(min) 0.03---
2026-10-01 12:23:17,676 - INFO - --- validation at epoch 126, val_loss 0.0108, val_mae 0.1094, val_rmse 0.1470, val_r2 0.7081, val_pearson 0.8420, lr 2.70e-05 ---
2026-10-01 12:23:17,676 - INFO - 
****************************************************************************************************
2026-10-01 12:23:19,334 - INFO - --- training epoch 127, loss 0.0097, mae 0.1042, rmse 0.1396, time elapsed(min) 0.02---
2026-10-01 12:23:19,555 - INFO - --- validation at epoch 127, val_loss 0.0108, val_mae 0.1081, val_rmse 0.1466, val_r2 0.7096, val_pearson 0.8435, lr 2.70e-05 ---
2026-10-01 12:23:19,555 - INFO - 
****************************************************************************************************
2026-10-01 12:23:21,221 - INFO - --- training epoch 128, loss 0.0097, mae 0.1048, rmse 0.1390, time elapsed(min) 0.02---
2026-10-01 12:23:21,585 - INFO - --- validation at epoch 128, val_loss 0.0107, val_mae 0.1088, val_rmse 0.1466, val_r2 0.7098, val_pearson 0.8431, lr 2.70e-05 ---
2026-10-01 12:23:21,585 - INFO - 
****************************************************************************************************
2026-10-01 12:23:23,456 - INFO - --- training epoch 129, loss 0.0093, mae 0.1026, rmse 0.1364, time elapsed(min) 0.03---
2026-10-01 12:23:23,667 - INFO - --- validation at epoch 129, val_loss 0.0108, val_mae 0.1095, val_rmse 0.1472, val_r2 0.7073, val_pearson 0.8417, lr 2.70e-05 ---
2026-10-01 12:23:23,667 - INFO - 
****************************************************************************************************
2026-10-01 12:23:25,388 - INFO - --- training epoch 130, loss 0.0094, mae 0.1028, rmse 0.1370, time elapsed(min) 0.02---
2026-10-01 12:23:25,617 - INFO - --- validation at epoch 130, val_loss 0.0108, val_mae 0.1092, val_rmse 0.1472, val_r2 0.7074, val_pearson 0.8417, lr 2.70e-05 ---
2026-10-01 12:23:25,617 - INFO - 
****************************************************************************************************
2026-10-01 12:23:27,257 - INFO - --- training epoch 131, loss 0.0093, mae 0.1024, rmse 0.1365, time elapsed(min) 0.02---
2026-10-01 12:23:27,628 - INFO - --- validation at epoch 131, val_loss 0.0108, val_mae 0.1090, val_rmse 0.1472, val_r2 0.7072, val_pearson 0.8414, lr 2.70e-05 ---
2026-10-01 12:23:27,628 - INFO - 
****************************************************************************************************
2026-10-01 12:23:29,386 - INFO - --- training epoch 132, loss 0.0093, mae 0.1029, rmse 0.1363, time elapsed(min) 0.02---
2026-10-01 12:23:29,799 - INFO - --- validation at epoch 132, val_loss 0.0108, val_mae 0.1090, val_rmse 0.1469, val_r2 0.7086, val_pearson 0.8422, lr 2.70e-05 ---
2026-10-01 12:23:29,799 - INFO - 
****************************************************************************************************
2026-10-01 12:23:31,667 - INFO - --- training epoch 133, loss 0.0095, mae 0.1039, rmse 0.1380, time elapsed(min) 0.02---
2026-10-01 12:23:31,884 - INFO - --- validation at epoch 133, val_loss 0.0109, val_mae 0.1085, val_rmse 0.1473, val_r2 0.7069, val_pearson 0.8431, lr 2.70e-05 ---
2026-10-01 12:23:31,884 - INFO - 
****************************************************************************************************
2026-10-01 12:23:33,551 - INFO - --- training epoch 134, loss 0.0096, mae 0.1033, rmse 0.1382, time elapsed(min) 0.02---
2026-10-01 12:23:33,771 - INFO - --- validation at epoch 134, val_loss 0.0107, val_mae 0.1089, val_rmse 0.1467, val_r2 0.7093, val_pearson 0.8424, lr 2.70e-05 ---
2026-10-01 12:23:33,771 - INFO - 
****************************************************************************************************
2026-10-01 12:23:35,729 - INFO - --- training epoch 135, loss 0.0093, mae 0.1019, rmse 0.1367, time elapsed(min) 0.03---
2026-10-01 12:23:36,121 - INFO - --- validation at epoch 135, val_loss 0.0108, val_mae 0.1083, val_rmse 0.1472, val_r2 0.7075, val_pearson 0.8429, lr 2.70e-05 ---
2026-10-01 12:23:36,121 - INFO - 
****************************************************************************************************
2026-10-01 12:23:37,973 - INFO - --- training epoch 136, loss 0.0092, mae 0.1016, rmse 0.1359, time elapsed(min) 0.02---
2026-10-01 12:23:38,188 - INFO - --- validation at epoch 136, val_loss 0.0107, val_mae 0.1080, val_rmse 0.1464, val_r2 0.7106, val_pearson 0.8440, lr 8.10e-06 ---
2026-10-01 12:23:38,188 - INFO - 
****************************************************************************************************
2026-10-01 12:23:39,940 - INFO - --- training epoch 137, loss 0.0093, mae 0.1027, rmse 0.1365, time elapsed(min) 0.02---
2026-10-01 12:23:40,304 - INFO - --- validation at epoch 137, val_loss 0.0107, val_mae 0.1083, val_rmse 0.1463, val_r2 0.7110, val_pearson 0.8439, lr 8.10e-06 ---
2026-10-01 12:23:40,304 - INFO - 
****************************************************************************************************
2026-10-01 12:23:42,123 - INFO - --- training epoch 138, loss 0.0095, mae 0.1026, rmse 0.1377, time elapsed(min) 0.02---
2026-10-01 12:23:42,563 - INFO - --- validation at epoch 138, val_loss 0.0107, val_mae 0.1084, val_rmse 0.1464, val_r2 0.7106, val_pearson 0.8437, lr 8.10e-06 ---
2026-10-01 12:23:42,563 - INFO - 
****************************************************************************************************
2026-10-01 12:23:44,450 - INFO - --- training epoch 139, loss 0.0093, mae 0.1028, rmse 0.1367, time elapsed(min) 0.02---
2026-10-01 12:23:44,673 - INFO - --- validation at epoch 139, val_loss 0.0107, val_mae 0.1082, val_rmse 0.1462, val_r2 0.7113, val_pearson 0.8440, lr 8.10e-06 ---
2026-10-01 12:23:44,673 - INFO - 
****************************************************************************************************
2026-10-01 12:23:46,381 - INFO - --- training epoch 140, loss 0.0095, mae 0.1027, rmse 0.1376, time elapsed(min) 0.02---
2026-10-01 12:23:46,606 - INFO - --- validation at epoch 140, val_loss 0.0107, val_mae 0.1080, val_rmse 0.1462, val_r2 0.7115, val_pearson 0.8443, lr 8.10e-06 ---
2026-10-01 12:23:46,606 - INFO - 
****************************************************************************************************
2026-10-01 12:23:48,425 - INFO - --- training epoch 141, loss 0.0092, mae 0.1019, rmse 0.1360, time elapsed(min) 0.02---
2026-10-01 12:23:48,801 - INFO - --- validation at epoch 141, val_loss 0.0107, val_mae 0.1084, val_rmse 0.1464, val_r2 0.7106, val_pearson 0.8437, lr 8.10e-06 ---
2026-10-01 12:23:48,801 - INFO - 
****************************************************************************************************
2026-10-01 12:23:50,860 - INFO - --- training epoch 142, loss 0.0093, mae 0.1017, rmse 0.1364, time elapsed(min) 0.03---
2026-10-01 12:23:51,081 - INFO - --- validation at epoch 142, val_loss 0.0108, val_mae 0.1085, val_rmse 0.1465, val_r2 0.7101, val_pearson 0.8435, lr 8.10e-06 ---
2026-10-01 12:23:51,081 - INFO - 
****************************************************************************************************
2026-10-01 12:23:52,714 - INFO - --- training epoch 143, loss 0.0096, mae 0.1027, rmse 0.1385, time elapsed(min) 0.02---
2026-10-01 12:23:52,942 - INFO - --- validation at epoch 143, val_loss 0.0107, val_mae 0.1082, val_rmse 0.1465, val_r2 0.7102, val_pearson 0.8436, lr 8.10e-06 ---
2026-10-01 12:23:52,942 - INFO - 
****************************************************************************************************
2026-10-01 12:23:54,595 - INFO - --- training epoch 144, loss 0.0092, mae 0.1022, rmse 0.1360, time elapsed(min) 0.02---
2026-10-01 12:23:54,966 - INFO - --- validation at epoch 144, val_loss 0.0107, val_mae 0.1085, val_rmse 0.1462, val_r2 0.7113, val_pearson 0.8439, lr 8.10e-06 ---
2026-10-01 12:23:54,966 - INFO - 
****************************************************************************************************
2026-10-01 12:23:56,887 - INFO - --- training epoch 145, loss 0.0093, mae 0.1018, rmse 0.1367, time elapsed(min) 0.03---
2026-10-01 12:23:57,114 - INFO - --- validation at epoch 145, val_loss 0.0107, val_mae 0.1080, val_rmse 0.1459, val_r2 0.7124, val_pearson 0.8447, lr 8.10e-06 ---
2026-10-01 12:23:57,114 - INFO - 
****************************************************************************************************
2026-10-01 12:23:58,861 - INFO - --- training epoch 146, loss 0.0094, mae 0.1032, rmse 0.1372, time elapsed(min) 0.02---
2026-10-01 12:23:59,085 - INFO - --- validation at epoch 146, val_loss 0.0107, val_mae 0.1079, val_rmse 0.1459, val_r2 0.7124, val_pearson 0.8449, lr 8.10e-06 ---
2026-10-01 12:23:59,086 - INFO - 
****************************************************************************************************
2026-10-01 12:24:00,800 - INFO - --- training epoch 147, loss 0.0092, mae 0.1012, rmse 0.1355, time elapsed(min) 0.02---
2026-10-01 12:24:01,022 - INFO - --- validation at epoch 147, val_loss 0.0108, val_mae 0.1084, val_rmse 0.1464, val_r2 0.7105, val_pearson 0.8437, lr 8.10e-06 ---
2026-10-01 12:24:01,022 - INFO - 
****************************************************************************************************
2026-10-01 12:24:02,870 - INFO - --- training epoch 148, loss 0.0092, mae 0.1002, rmse 0.1354, time elapsed(min) 0.03---
2026-10-01 12:24:03,265 - INFO - --- validation at epoch 148, val_loss 0.0107, val_mae 0.1081, val_rmse 0.1462, val_r2 0.7112, val_pearson 0.8440, lr 8.10e-06 ---
2026-10-01 12:24:03,265 - INFO - 
****************************************************************************************************
2026-10-01 12:24:05,031 - INFO - --- training epoch 149, loss 0.0093, mae 0.1016, rmse 0.1364, time elapsed(min) 0.02---
2026-10-01 12:24:05,260 - INFO - --- validation at epoch 149, val_loss 0.0107, val_mae 0.1077, val_rmse 0.1461, val_r2 0.7118, val_pearson 0.8445, lr 8.10e-06 ---
2026-10-01 12:24:05,260 - INFO - 
****************************************************************************************************
2026-10-01 12:24:06,949 - INFO - --- training epoch 150, loss 0.0095, mae 0.1033, rmse 0.1381, time elapsed(min) 0.02---
2026-10-01 12:24:07,166 - INFO - --- validation at epoch 150, val_loss 0.0107, val_mae 0.1078, val_rmse 0.1462, val_r2 0.7115, val_pearson 0.8445, lr 8.10e-06 ---
2026-10-01 12:24:07,166 - INFO - 
****************************************************************************************************
2026-10-01 12:24:08,840 - INFO - --- training epoch 151, loss 0.0091, mae 0.1013, rmse 0.1347, time elapsed(min) 0.02---
2026-10-01 12:24:09,212 - INFO - --- validation at epoch 151, val_loss 0.0107, val_mae 0.1077, val_rmse 0.1460, val_r2 0.7120, val_pearson 0.8447, lr 8.10e-06 ---
2026-10-01 12:24:09,212 - INFO - 
****************************************************************************************************
2026-10-01 12:24:11,140 - INFO - --- training epoch 152, loss 0.0094, mae 0.1023, rmse 0.1372, time elapsed(min) 0.03---
2026-10-01 12:24:11,362 - INFO - --- validation at epoch 152, val_loss 0.0107, val_mae 0.1080, val_rmse 0.1459, val_r2 0.7126, val_pearson 0.8447, lr 8.10e-06 ---
2026-10-01 12:24:11,362 - INFO - 
****************************************************************************************************
2026-10-01 12:24:13,097 - INFO - --- training epoch 153, loss 0.0093, mae 0.1021, rmse 0.1360, time elapsed(min) 0.02---
2026-10-01 12:24:13,313 - INFO - --- validation at epoch 153, val_loss 0.0107, val_mae 0.1082, val_rmse 0.1461, val_r2 0.7119, val_pearson 0.8445, lr 8.10e-06 ---
2026-10-01 12:24:13,313 - INFO - 
****************************************************************************************************
2026-10-01 12:24:14,954 - INFO - --- training epoch 154, loss 0.0093, mae 0.1017, rmse 0.1361, time elapsed(min) 0.02---
2026-10-01 12:24:15,327 - INFO - --- validation at epoch 154, val_loss 0.0107, val_mae 0.1086, val_rmse 0.1461, val_r2 0.7116, val_pearson 0.8443, lr 8.10e-06 ---
2026-10-01 12:24:15,327 - INFO - 
****************************************************************************************************
2026-10-01 12:24:17,119 - INFO - --- training epoch 155, loss 0.0094, mae 0.1024, rmse 0.1368, time elapsed(min) 0.03---
2026-10-01 12:24:17,674 - INFO - --- validation at epoch 155, val_loss 0.0107, val_mae 0.1079, val_rmse 0.1460, val_r2 0.7121, val_pearson 0.8448, lr 8.10e-06 ---
2026-10-01 12:24:17,674 - INFO - 
****************************************************************************************************
2026-10-01 12:24:19,344 - INFO - --- training epoch 156, loss 0.0093, mae 0.1019, rmse 0.1362, time elapsed(min) 0.02---
2026-10-01 12:24:19,582 - INFO - --- validation at epoch 156, val_loss 0.0107, val_mae 0.1079, val_rmse 0.1461, val_r2 0.7118, val_pearson 0.8448, lr 8.10e-06 ---
2026-10-01 12:24:19,582 - INFO - 
****************************************************************************************************
2026-10-01 12:24:21,316 - INFO - --- training epoch 157, loss 0.0091, mae 0.1006, rmse 0.1352, time elapsed(min) 0.02---
2026-10-01 12:24:21,548 - INFO - --- validation at epoch 157, val_loss 0.0107, val_mae 0.1084, val_rmse 0.1462, val_r2 0.7115, val_pearson 0.8442, lr 8.10e-06 ---
2026-10-01 12:24:21,548 - INFO - 
****************************************************************************************************
2026-10-01 12:24:23,291 - INFO - --- training epoch 158, loss 0.0093, mae 0.1017, rmse 0.1365, time elapsed(min) 0.02---
2026-10-01 12:24:23,679 - INFO - --- validation at epoch 158, val_loss 0.0106, val_mae 0.1077, val_rmse 0.1458, val_r2 0.7131, val_pearson 0.8452, lr 8.10e-06 ---
2026-10-01 12:24:23,679 - INFO - 
****************************************************************************************************
2026-10-01 12:24:25,743 - INFO - --- training epoch 159, loss 0.0091, mae 0.1004, rmse 0.1348, time elapsed(min) 0.03---
2026-10-01 12:24:25,965 - INFO - --- validation at epoch 159, val_loss 0.0107, val_mae 0.1079, val_rmse 0.1459, val_r2 0.7127, val_pearson 0.8450, lr 8.10e-06 ---
2026-10-01 12:24:25,965 - INFO - 
****************************************************************************************************
2026-10-01 12:24:27,722 - INFO - --- training epoch 160, loss 0.0093, mae 0.1025, rmse 0.1367, time elapsed(min) 0.02---
2026-10-01 12:24:27,950 - INFO - --- validation at epoch 160, val_loss 0.0107, val_mae 0.1079, val_rmse 0.1460, val_r2 0.7122, val_pearson 0.8447, lr 8.10e-06 ---
2026-10-01 12:24:27,950 - INFO - 
****************************************************************************************************
2026-10-01 12:24:29,788 - INFO - --- training epoch 161, loss 0.0093, mae 0.1026, rmse 0.1367, time elapsed(min) 0.03---
2026-10-01 12:24:30,146 - INFO - --- validation at epoch 161, val_loss 0.0107, val_mae 0.1072, val_rmse 0.1457, val_r2 0.7133, val_pearson 0.8458, lr 8.10e-06 ---
2026-10-01 12:24:30,146 - INFO - 
****************************************************************************************************
2026-10-01 12:24:32,189 - INFO - --- training epoch 162, loss 0.0091, mae 0.1011, rmse 0.1350, time elapsed(min) 0.03---
2026-10-01 12:24:32,408 - INFO - --- validation at epoch 162, val_loss 0.0107, val_mae 0.1081, val_rmse 0.1458, val_r2 0.7128, val_pearson 0.8449, lr 8.10e-06 ---
2026-10-01 12:24:32,408 - INFO - 
****************************************************************************************************
2026-10-01 12:24:34,126 - INFO - --- training epoch 163, loss 0.0092, mae 0.1020, rmse 0.1356, time elapsed(min) 0.02---
2026-10-01 12:24:34,371 - INFO - --- validation at epoch 163, val_loss 0.0106, val_mae 0.1078, val_rmse 0.1458, val_r2 0.7130, val_pearson 0.8451, lr 8.10e-06 ---
2026-10-01 12:24:34,371 - INFO - 
****************************************************************************************************
2026-10-01 12:24:36,027 - INFO - --- training epoch 164, loss 0.0091, mae 0.1007, rmse 0.1350, time elapsed(min) 0.02---
2026-10-01 12:24:36,394 - INFO - --- validation at epoch 164, val_loss 0.0107, val_mae 0.1080, val_rmse 0.1460, val_r2 0.7123, val_pearson 0.8447, lr 8.10e-06 ---
2026-10-01 12:24:36,394 - INFO - 
****************************************************************************************************
2026-10-01 12:24:38,169 - INFO - --- training epoch 165, loss 0.0092, mae 0.1014, rmse 0.1356, time elapsed(min) 0.02---
2026-10-01 12:24:38,559 - INFO - --- validation at epoch 165, val_loss 0.0107, val_mae 0.1081, val_rmse 0.1462, val_r2 0.7115, val_pearson 0.8443, lr 8.10e-06 ---
2026-10-01 12:24:38,559 - INFO - 
****************************************************************************************************
2026-10-01 12:24:40,509 - INFO - --- training epoch 166, loss 0.0091, mae 0.1009, rmse 0.1346, time elapsed(min) 0.03---
2026-10-01 12:24:40,730 - INFO - --- validation at epoch 166, val_loss 0.0107, val_mae 0.1080, val_rmse 0.1459, val_r2 0.7124, val_pearson 0.8448, lr 8.10e-06 ---
2026-10-01 12:24:40,730 - INFO - 
****************************************************************************************************
2026-10-01 12:24:42,496 - INFO - --- training epoch 167, loss 0.0094, mae 0.1024, rmse 0.1369, time elapsed(min) 0.02---
2026-10-01 12:24:42,709 - INFO - --- validation at epoch 167, val_loss 0.0107, val_mae 0.1079, val_rmse 0.1458, val_r2 0.7128, val_pearson 0.8449, lr 8.10e-06 ---
2026-10-01 12:24:42,709 - INFO - 
****************************************************************************************************
2026-10-01 12:24:44,522 - INFO - --- training epoch 168, loss 0.0094, mae 0.1021, rmse 0.1368, time elapsed(min) 0.03---
2026-10-01 12:24:44,956 - INFO - --- validation at epoch 168, val_loss 0.0106, val_mae 0.1077, val_rmse 0.1457, val_r2 0.7135, val_pearson 0.8454, lr 8.10e-06 ---
2026-10-01 12:24:44,957 - INFO - 
****************************************************************************************************
2026-10-01 12:24:46,769 - INFO - --- training epoch 169, loss 0.0093, mae 0.1018, rmse 0.1366, time elapsed(min) 0.02---
2026-10-01 12:24:46,990 - INFO - --- validation at epoch 169, val_loss 0.0106, val_mae 0.1078, val_rmse 0.1456, val_r2 0.7136, val_pearson 0.8455, lr 8.10e-06 ---
2026-10-01 12:24:46,990 - INFO - 
****************************************************************************************************
2026-10-01 12:24:48,653 - INFO - --- training epoch 170, loss 0.0091, mae 0.1006, rmse 0.1352, time elapsed(min) 0.02---
2026-10-01 12:24:48,886 - INFO - --- validation at epoch 170, val_loss 0.0106, val_mae 0.1075, val_rmse 0.1457, val_r2 0.7132, val_pearson 0.8456, lr 2.43e-06 ---
2026-10-01 12:24:48,886 - INFO - 
****************************************************************************************************
2026-10-01 12:24:50,749 - INFO - --- training epoch 171, loss 0.0092, mae 0.1011, rmse 0.1353, time elapsed(min) 0.03---
2026-10-01 12:24:51,129 - INFO - --- validation at epoch 171, val_loss 0.0107, val_mae 0.1079, val_rmse 0.1458, val_r2 0.7130, val_pearson 0.8451, lr 2.43e-06 ---
2026-10-01 12:24:51,129 - INFO - 
****************************************************************************************************
2026-10-01 12:24:53,019 - INFO - --- training epoch 172, loss 0.0092, mae 0.1015, rmse 0.1357, time elapsed(min) 0.03---
2026-10-01 12:24:53,239 - INFO - --- validation at epoch 172, val_loss 0.0107, val_mae 0.1077, val_rmse 0.1459, val_r2 0.7126, val_pearson 0.8452, lr 2.43e-06 ---
2026-10-01 12:24:53,239 - INFO - 
****************************************************************************************************
2026-10-01 12:24:54,896 - INFO - --- training epoch 173, loss 0.0094, mae 0.1022, rmse 0.1372, time elapsed(min) 0.02---
2026-10-01 12:24:55,116 - INFO - --- validation at epoch 173, val_loss 0.0106, val_mae 0.1074, val_rmse 0.1458, val_r2 0.7130, val_pearson 0.8455, lr 2.43e-06 ---
2026-10-01 12:24:55,116 - INFO - 
****************************************************************************************************
2026-10-01 12:24:56,839 - INFO - --- training epoch 174, loss 0.0091, mae 0.1012, rmse 0.1352, time elapsed(min) 0.02---
2026-10-01 12:24:57,217 - INFO - --- validation at epoch 174, val_loss 0.0106, val_mae 0.1076, val_rmse 0.1458, val_r2 0.7129, val_pearson 0.8453, lr 2.43e-06 ---
2026-10-01 12:24:57,217 - INFO - 
****************************************************************************************************
2026-10-01 12:24:59,178 - INFO - --- training epoch 175, loss 0.0092, mae 0.1021, rmse 0.1358, time elapsed(min) 0.03---
2026-10-01 12:24:59,441 - INFO - --- validation at epoch 175, val_loss 0.0107, val_mae 0.1078, val_rmse 0.1459, val_r2 0.7126, val_pearson 0.8450, lr 2.43e-06 ---
2026-10-01 12:24:59,441 - INFO - 
****************************************************************************************************
2026-10-01 12:25:01,099 - INFO - --- training epoch 176, loss 0.0092, mae 0.1016, rmse 0.1358, time elapsed(min) 0.02---
2026-10-01 12:25:01,319 - INFO - --- validation at epoch 176, val_loss 0.0107, val_mae 0.1076, val_rmse 0.1459, val_r2 0.7126, val_pearson 0.8452, lr 2.43e-06 ---
2026-10-01 12:25:01,319 - INFO - 
****************************************************************************************************
2026-10-01 12:25:02,976 - INFO - --- training epoch 177, loss 0.0094, mae 0.1026, rmse 0.1368, time elapsed(min) 0.02---
2026-10-01 12:25:03,338 - INFO - --- validation at epoch 177, val_loss 0.0106, val_mae 0.1073, val_rmse 0.1458, val_r2 0.7131, val_pearson 0.8456, lr 2.43e-06 ---
2026-10-01 12:25:03,338 - INFO - 
****************************************************************************************************
2026-10-01 12:25:05,253 - INFO - --- training epoch 178, loss 0.0091, mae 0.1005, rmse 0.1352, time elapsed(min) 0.03---
2026-10-01 12:25:05,478 - INFO - --- validation at epoch 178, val_loss 0.0106, val_mae 0.1075, val_rmse 0.1458, val_r2 0.7131, val_pearson 0.8453, lr 2.43e-06 ---
2026-10-01 12:25:05,478 - INFO - 
****************************************************************************************************
2026-10-01 12:25:07,113 - INFO - --- training epoch 179, loss 0.0092, mae 0.1012, rmse 0.1354, time elapsed(min) 0.02---
2026-10-01 12:25:07,331 - INFO - --- validation at epoch 179, val_loss 0.0106, val_mae 0.1074, val_rmse 0.1458, val_r2 0.7128, val_pearson 0.8453, lr 2.43e-06 ---
2026-10-01 12:25:07,331 - INFO - 
****************************************************************************************************
2026-10-01 12:25:08,987 - INFO - --- training epoch 180, loss 0.0091, mae 0.1011, rmse 0.1349, time elapsed(min) 0.02---
2026-10-01 12:25:09,355 - INFO - --- validation at epoch 180, val_loss 0.0107, val_mae 0.1075, val_rmse 0.1460, val_r2 0.7123, val_pearson 0.8451, lr 2.43e-06 ---
2026-10-01 12:25:09,355 - INFO - 
****************************************************************************************************
2026-10-01 12:25:11,246 - INFO - --- training epoch 181, loss 0.0090, mae 0.0999, rmse 0.1342, time elapsed(min) 0.03---
2026-10-01 12:25:11,654 - INFO - --- validation at epoch 181, val_loss 0.0107, val_mae 0.1074, val_rmse 0.1459, val_r2 0.7125, val_pearson 0.8452, lr 1.00e-06 ---
2026-10-01 12:25:11,655 - INFO - 
****************************************************************************************************
2026-10-01 12:25:13,439 - INFO - --- training epoch 182, loss 0.0092, mae 0.1019, rmse 0.1358, time elapsed(min) 0.02---
2026-10-01 12:25:13,682 - INFO - --- validation at epoch 182, val_loss 0.0107, val_mae 0.1075, val_rmse 0.1459, val_r2 0.7126, val_pearson 0.8452, lr 1.00e-06 ---
2026-10-01 12:25:13,682 - INFO - 
****************************************************************************************************
2026-10-01 12:25:15,416 - INFO - --- training epoch 183, loss 0.0092, mae 0.1014, rmse 0.1356, time elapsed(min) 0.02---
2026-10-01 12:25:15,634 - INFO - --- validation at epoch 183, val_loss 0.0107, val_mae 0.1075, val_rmse 0.1459, val_r2 0.7126, val_pearson 0.8452, lr 1.00e-06 ---
2026-10-01 12:25:15,635 - INFO - 
****************************************************************************************************
2026-10-01 12:25:17,496 - INFO - --- training epoch 184, loss 0.0092, mae 0.1017, rmse 0.1359, time elapsed(min) 0.03---
2026-10-01 12:25:17,915 - INFO - --- validation at epoch 184, val_loss 0.0107, val_mae 0.1075, val_rmse 0.1459, val_r2 0.7125, val_pearson 0.8452, lr 1.00e-06 ---
2026-10-01 12:25:17,915 - INFO - 
****************************************************************************************************
2026-10-01 12:25:19,685 - INFO - --- training epoch 185, loss 0.0092, mae 0.1021, rmse 0.1358, time elapsed(min) 0.02---
2026-10-01 12:25:19,914 - INFO - --- validation at epoch 185, val_loss 0.0107, val_mae 0.1074, val_rmse 0.1459, val_r2 0.7126, val_pearson 0.8453, lr 1.00e-06 ---
2026-10-01 12:25:19,914 - INFO - 
****************************************************************************************************
2026-10-01 12:25:21,733 - INFO - --- training epoch 186, loss 0.0091, mae 0.1013, rmse 0.1352, time elapsed(min) 0.03---
2026-10-01 12:25:21,946 - INFO - --- validation at epoch 186, val_loss 0.0106, val_mae 0.1075, val_rmse 0.1459, val_r2 0.7127, val_pearson 0.8453, lr 1.00e-06 ---
2026-10-01 12:25:21,946 - INFO - 
****************************************************************************************************
2026-10-01 12:25:23,719 - INFO - --- training epoch 187, loss 0.0091, mae 0.1002, rmse 0.1348, time elapsed(min) 0.02---
2026-10-01 12:25:24,097 - INFO - --- validation at epoch 187, val_loss 0.0107, val_mae 0.1074, val_rmse 0.1459, val_r2 0.7126, val_pearson 0.8453, lr 1.00e-06 ---
2026-10-01 12:25:24,097 - INFO - 
****************************************************************************************************
2026-10-01 12:25:26,009 - INFO - --- training epoch 188, loss 0.0092, mae 0.1012, rmse 0.1353, time elapsed(min) 0.03---
2026-10-01 12:25:26,276 - INFO - --- validation at epoch 188, val_loss 0.0106, val_mae 0.1074, val_rmse 0.1459, val_r2 0.7127, val_pearson 0.8453, lr 1.00e-06 ---
2026-10-01 12:25:26,276 - INFO - 
****************************************************************************************************
2026-10-01 12:25:27,913 - INFO - --- training epoch 189, loss 0.0093, mae 0.1016, rmse 0.1363, time elapsed(min) 0.02---
2026-10-01 12:25:28,133 - INFO - --- validation at epoch 189, val_loss 0.0106, val_mae 0.1075, val_rmse 0.1459, val_r2 0.7127, val_pearson 0.8452, lr 1.00e-06 ---
2026-10-01 12:25:28,133 - INFO - 
****************************************************************************************************
2026-10-01 12:25:29,859 - INFO - --- training epoch 190, loss 0.0092, mae 0.1015, rmse 0.1359, time elapsed(min) 0.02---
2026-10-01 12:25:30,221 - INFO - --- validation at epoch 190, val_loss 0.0106, val_mae 0.1074, val_rmse 0.1459, val_r2 0.7127, val_pearson 0.8453, lr 1.00e-06 ---
2026-10-01 12:25:30,221 - INFO - 
****************************************************************************************************
2026-10-01 12:25:32,094 - INFO - --- training epoch 191, loss 0.0090, mae 0.1003, rmse 0.1341, time elapsed(min) 0.03---
2026-10-01 12:25:32,312 - INFO - --- validation at epoch 191, val_loss 0.0106, val_mae 0.1074, val_rmse 0.1459, val_r2 0.7127, val_pearson 0.8453, lr 1.00e-06 ---
2026-10-01 12:25:32,312 - INFO - 
****************************************************************************************************
2026-10-01 12:25:34,016 - INFO - --- training epoch 192, loss 0.0091, mae 0.1012, rmse 0.1350, time elapsed(min) 0.02---
2026-10-01 12:25:34,234 - INFO - --- validation at epoch 192, val_loss 0.0106, val_mae 0.1074, val_rmse 0.1458, val_r2 0.7129, val_pearson 0.8453, lr 1.00e-06 ---
2026-10-01 12:25:34,234 - INFO - 
****************************************************************************************************
2026-10-01 12:25:35,887 - INFO - --- training epoch 193, loss 0.0092, mae 0.1014, rmse 0.1357, time elapsed(min) 0.02---
2026-10-01 12:25:36,113 - INFO - --- validation at epoch 193, val_loss 0.0106, val_mae 0.1074, val_rmse 0.1458, val_r2 0.7128, val_pearson 0.8453, lr 1.00e-06 ---
2026-10-01 12:25:36,113 - INFO - 
****************************************************************************************************
2026-10-01 12:25:37,838 - INFO - --- training epoch 194, loss 0.0091, mae 0.1013, rmse 0.1352, time elapsed(min) 0.02---
2026-10-01 12:25:38,218 - INFO - --- validation at epoch 194, val_loss 0.0106, val_mae 0.1075, val_rmse 0.1459, val_r2 0.7127, val_pearson 0.8452, lr 1.00e-06 ---
2026-10-01 12:25:38,218 - INFO - 
****************************************************************************************************
2026-10-01 12:25:40,011 - INFO - --- training epoch 195, loss 0.0093, mae 0.1023, rmse 0.1367, time elapsed(min) 0.02---
2026-10-01 12:25:40,228 - INFO - --- validation at epoch 195, val_loss 0.0106, val_mae 0.1075, val_rmse 0.1459, val_r2 0.7126, val_pearson 0.8452, lr 1.00e-06 ---
2026-10-01 12:25:40,228 - INFO - 
****************************************************************************************************
2026-10-01 12:25:41,889 - INFO - --- training epoch 196, loss 0.0093, mae 0.1017, rmse 0.1363, time elapsed(min) 0.02---
2026-10-01 12:25:42,112 - INFO - --- validation at epoch 196, val_loss 0.0106, val_mae 0.1076, val_rmse 0.1459, val_r2 0.7124, val_pearson 0.8450, lr 1.00e-06 ---
2026-10-01 12:25:42,112 - INFO - 
****************************************************************************************************
2026-10-01 12:25:43,843 - INFO - --- training epoch 197, loss 0.0091, mae 0.1011, rmse 0.1349, time elapsed(min) 0.02---
2026-10-01 12:25:44,233 - INFO - --- validation at epoch 197, val_loss 0.0106, val_mae 0.1076, val_rmse 0.1460, val_r2 0.7123, val_pearson 0.8451, lr 1.00e-06 ---
2026-10-01 12:25:44,233 - INFO - 
****************************************************************************************************
2026-10-01 12:25:46,134 - INFO - --- training epoch 198, loss 0.0091, mae 0.1006, rmse 0.1350, time elapsed(min) 0.03---
2026-10-01 12:25:46,349 - INFO - --- validation at epoch 198, val_loss 0.0107, val_mae 0.1076, val_rmse 0.1460, val_r2 0.7121, val_pearson 0.8449, lr 1.00e-06 ---
2026-10-01 12:25:46,349 - INFO - 
****************************************************************************************************
2026-10-01 12:25:47,982 - INFO - --- training epoch 199, loss 0.0092, mae 0.1015, rmse 0.1355, time elapsed(min) 0.02---
2026-10-01 12:25:48,225 - INFO - --- validation at epoch 199, val_loss 0.0107, val_mae 0.1077, val_rmse 0.1460, val_r2 0.7122, val_pearson 0.8449, lr 1.00e-06 ---
2026-10-01 12:25:48,225 - INFO - 
****************************************************************************************************
2026-10-01 12:25:49,907 - INFO - --- training epoch 200, loss 0.0091, mae 0.1011, rmse 0.1349, time elapsed(min) 0.02---
2026-10-01 12:25:50,249 - INFO - --- validation at epoch 200, val_loss 0.0107, val_mae 0.1075, val_rmse 0.1460, val_r2 0.7121, val_pearson 0.8451, lr 1.00e-06 ---
2026-10-01 12:25:50,249 - INFO - 
****************************************************************************************************
2026-10-01 12:25:52,113 - INFO - --- training epoch 201, loss 0.0089, mae 0.1003, rmse 0.1336, time elapsed(min) 0.03---
2026-10-01 12:25:52,341 - INFO - --- validation at epoch 201, val_loss 0.0107, val_mae 0.1075, val_rmse 0.1460, val_r2 0.7123, val_pearson 0.8451, lr 1.00e-06 ---
2026-10-01 12:25:52,341 - INFO - 
****************************************************************************************************
2026-10-01 12:25:53,981 - INFO - --- training epoch 202, loss 0.0093, mae 0.1015, rmse 0.1365, time elapsed(min) 0.02---
2026-10-01 12:25:54,206 - INFO - --- validation at epoch 202, val_loss 0.0107, val_mae 0.1076, val_rmse 0.1459, val_r2 0.7124, val_pearson 0.8451, lr 1.00e-06 ---
2026-10-01 12:25:54,206 - INFO - 
****************************************************************************************************
2026-10-01 12:25:55,853 - INFO - --- training epoch 203, loss 0.0092, mae 0.1015, rmse 0.1357, time elapsed(min) 0.02---
2026-10-01 12:25:56,068 - INFO - --- validation at epoch 203, val_loss 0.0106, val_mae 0.1075, val_rmse 0.1459, val_r2 0.7126, val_pearson 0.8452, lr 1.00e-06 ---
2026-10-01 12:25:56,068 - INFO - 
****************************************************************************************************
2026-10-01 12:25:57,814 - INFO - --- training epoch 204, loss 0.0093, mae 0.1013, rmse 0.1361, time elapsed(min) 0.02---
2026-10-01 12:25:58,188 - INFO - --- validation at epoch 204, val_loss 0.0106, val_mae 0.1075, val_rmse 0.1458, val_r2 0.7129, val_pearson 0.8453, lr 1.00e-06 ---
2026-10-01 12:25:58,188 - INFO - 
****************************************************************************************************
2026-10-01 12:25:59,961 - INFO - --- training epoch 205, loss 0.0090, mae 0.1006, rmse 0.1345, time elapsed(min) 0.02---
2026-10-01 12:26:00,218 - INFO - --- validation at epoch 205, val_loss 0.0106, val_mae 0.1075, val_rmse 0.1458, val_r2 0.7130, val_pearson 0.8454, lr 1.00e-06 ---
2026-10-01 12:26:00,218 - INFO - 
****************************************************************************************************
2026-10-01 12:26:01,873 - INFO - --- training epoch 206, loss 0.0093, mae 0.1016, rmse 0.1360, time elapsed(min) 0.02---
2026-10-01 12:26:02,093 - INFO - --- validation at epoch 206, val_loss 0.0106, val_mae 0.1074, val_rmse 0.1458, val_r2 0.7130, val_pearson 0.8454, lr 1.00e-06 ---
2026-10-01 12:26:02,093 - INFO - 
****************************************************************************************************
2026-10-01 12:26:03,848 - INFO - --- training epoch 207, loss 0.0092, mae 0.1018, rmse 0.1360, time elapsed(min) 0.02---
2026-10-01 12:26:04,206 - INFO - --- validation at epoch 207, val_loss 0.0106, val_mae 0.1074, val_rmse 0.1457, val_r2 0.7131, val_pearson 0.8455, lr 1.00e-06 ---
2026-10-01 12:26:04,206 - INFO - 
****************************************************************************************************
2026-10-01 12:26:06,101 - INFO - --- training epoch 208, loss 0.0090, mae 0.1001, rmse 0.1343, time elapsed(min) 0.03---
2026-10-01 12:26:06,338 - INFO - --- validation at epoch 208, val_loss 0.0106, val_mae 0.1076, val_rmse 0.1458, val_r2 0.7131, val_pearson 0.8454, lr 1.00e-06 ---
2026-10-01 12:26:06,339 - INFO - 
****************************************************************************************************
2026-10-01 12:26:06,621 - INFO - --- early stopping at epoch 208: val_loss did not improve for 50 epochs ---
2026-10-01 12:26:06,889 - INFO - --- selected checkpoint from epoch 158, val_loss 0.0106, val_mae 0.1077, val_rmse 0.1458
2026-10-01 12:26:07,683 - INFO - -- RESULT
2026-10-01 12:26:07,683 - INFO - --- test size: 1728
2026-10-01 12:26:07,683 - INFO - --- MAE: 0.0999 (9.99 pp), RMSE: 0.1386 (13.86 pp), R2: 0.7562, Pearson: 0.8699
2026-10-01 12:26:09,844 - INFO - --- Suzuki-Miyaura | split_9 | ind_mlp: test R2 0.7562 MAE 0.0999 RMSE 0.1386 | 430.4s (2.1s/epoch)
2026-10-01 12:26:09,853 - INFO - ================================================================================
2026-10-01 12:26:09,853 - INFO - Per-split results: ../logs/approach2_grid_suzuki/e400/grid_results.csv
2026-10-01 12:26:09,853 - INFO - Summary: ../logs/approach2_grid_suzuki/e400/grid_summary.csv
