2026-10-01 06:57:07,526 - INFO - device is	cuda:0
2026-10-01 06:57:07,634 - INFO - -- CONFIGURATIONS
2026-10-01 06:57:07,634 - INFO - --- train/valid/test: 3628/404/1728
2026-10-01 06:57:07,634 - INFO - --- max no. reactants_train, valid, test respectively: 14, 14, 14
2026-10-01 06:57:07,634 - INFO - --- max no. products_train, valid, test respectively: 1, 1, 1
2026-10-01 06:57:07,634 - INFO - --- model_path: ../logs/approach2_grid_suzuki/e400/runs/Suzuki-Miyaura_split_1_approach_3/model.pt
2026-10-01 06:57:07,641 - INFO - -- TRAINING
2026-10-01 06:57:09,131 - INFO - --- training epoch 0, loss 2.3563, mae 2.7357, rmse 6.8253, time elapsed(min) 0.02---
2026-10-01 06:57:09,344 - INFO - --- validation at epoch 0, val_loss 0.0753, val_mae 0.3388, val_rmse 0.3896, val_r2 -1.0726, val_pearson 0.1188, lr 1.00e-03 ---
2026-10-01 06:57:09,344 - INFO - 
****************************************************************************************************
2026-10-01 06:57:11,094 - INFO - --- training epoch 1, loss 0.0475, mae 0.2608, rmse 0.3084, time elapsed(min) 0.02---
2026-10-01 06:57:11,311 - INFO - --- validation at epoch 1, val_loss 0.0386, val_mae 0.2402, val_rmse 0.2728, val_r2 -0.0164, val_pearson 0.2338, lr 1.00e-03 ---
2026-10-01 06:57:11,311 - INFO - 
****************************************************************************************************
2026-10-01 06:57:13,118 - INFO - --- training epoch 2, loss 0.0386, mae 0.2416, rmse 0.2778, time elapsed(min) 0.02---
2026-10-01 06:57:13,483 - INFO - --- validation at epoch 2, val_loss 0.0369, val_mae 0.2324, val_rmse 0.2658, val_r2 0.0352, val_pearson 0.2613, lr 1.00e-03 ---
2026-10-01 06:57:13,484 - INFO - 
****************************************************************************************************
2026-10-01 06:57:15,453 - INFO - --- training epoch 3, loss 0.0381, mae 0.2387, rmse 0.2760, time elapsed(min) 0.03---
2026-10-01 06:57:15,666 - INFO - --- validation at epoch 3, val_loss 0.0359, val_mae 0.2261, val_rmse 0.2617, val_r2 0.0646, val_pearson 0.2708, lr 1.00e-03 ---
2026-10-01 06:57:15,666 - INFO - 
****************************************************************************************************
2026-10-01 06:57:17,476 - INFO - --- training epoch 4, loss 0.0373, mae 0.2356, rmse 0.2731, time elapsed(min) 0.02---
2026-10-01 06:57:17,687 - INFO - --- validation at epoch 4, val_loss 0.0357, val_mae 0.2269, val_rmse 0.2617, val_r2 0.0648, val_pearson 0.2834, lr 1.00e-03 ---
2026-10-01 06:57:17,687 - INFO - 
****************************************************************************************************
2026-10-01 06:57:19,516 - INFO - --- training epoch 5, loss 0.0373, mae 0.2351, rmse 0.2731, time elapsed(min) 0.02---
2026-10-01 06:57:19,847 - INFO - --- validation at epoch 5, val_loss 0.0348, val_mae 0.2206, val_rmse 0.2577, val_r2 0.0932, val_pearson 0.3111, lr 1.00e-03 ---
2026-10-01 06:57:19,847 - INFO - 
****************************************************************************************************
2026-10-01 06:57:21,807 - INFO - --- training epoch 6, loss 0.0364, mae 0.2308, rmse 0.2699, time elapsed(min) 0.03---
2026-10-01 06:57:22,177 - INFO - --- validation at epoch 6, val_loss 0.0345, val_mae 0.2300, val_rmse 0.2630, val_r2 0.0555, val_pearson 0.3478, lr 1.00e-03 ---
2026-10-01 06:57:22,177 - INFO - 
****************************************************************************************************
2026-10-01 06:57:24,080 - INFO - --- training epoch 7, loss 0.0352, mae 0.2241, rmse 0.2652, time elapsed(min) 0.02---
2026-10-01 06:57:24,297 - INFO - --- validation at epoch 7, val_loss 0.0327, val_mae 0.2230, val_rmse 0.2570, val_r2 0.0978, val_pearson 0.4069, lr 1.00e-03 ---
2026-10-01 06:57:24,297 - INFO - 
****************************************************************************************************
2026-10-01 06:57:26,078 - INFO - --- training epoch 8, loss 0.0339, mae 0.2192, rmse 0.2605, time elapsed(min) 0.02---
2026-10-01 06:57:26,340 - INFO - --- validation at epoch 8, val_loss 0.0325, val_mae 0.2211, val_rmse 0.2566, val_r2 0.1011, val_pearson 0.4176, lr 1.00e-03 ---
2026-10-01 06:57:26,340 - INFO - 
****************************************************************************************************
2026-10-01 06:57:28,176 - INFO - --- training epoch 9, loss 0.0343, mae 0.2198, rmse 0.2618, time elapsed(min) 0.02---
2026-10-01 06:57:28,548 - INFO - --- validation at epoch 9, val_loss 0.0306, val_mae 0.2053, val_rmse 0.2457, val_r2 0.1758, val_pearson 0.4209, lr 1.00e-03 ---
2026-10-01 06:57:28,548 - INFO - 
****************************************************************************************************
2026-10-01 06:57:30,450 - INFO - --- training epoch 10, loss 0.0334, mae 0.2163, rmse 0.2583, time elapsed(min) 0.02---
2026-10-01 06:57:30,665 - INFO - --- validation at epoch 10, val_loss 0.0317, val_mae 0.2166, val_rmse 0.2531, val_r2 0.1249, val_pearson 0.4268, lr 1.00e-03 ---
2026-10-01 06:57:30,665 - INFO - 
****************************************************************************************************
2026-10-01 06:57:32,453 - INFO - --- training epoch 11, loss 0.0329, mae 0.2147, rmse 0.2564, time elapsed(min) 0.03---
2026-10-01 06:57:32,670 - INFO - --- validation at epoch 11, val_loss 0.0305, val_mae 0.2091, val_rmse 0.2470, val_r2 0.1666, val_pearson 0.4755, lr 1.00e-03 ---
2026-10-01 06:57:32,670 - INFO - 
****************************************************************************************************
2026-10-01 06:57:34,567 - INFO - --- training epoch 12, loss 0.0316, mae 0.2089, rmse 0.2513, time elapsed(min) 0.03---
2026-10-01 06:57:34,903 - INFO - --- validation at epoch 12, val_loss 0.0288, val_mae 0.1998, val_rmse 0.2370, val_r2 0.2331, val_pearson 0.5375, lr 1.00e-03 ---
2026-10-01 06:57:34,903 - INFO - 
****************************************************************************************************
2026-10-01 06:57:36,923 - INFO - --- training epoch 13, loss 0.0301, mae 0.2027, rmse 0.2453, time elapsed(min) 0.03---
2026-10-01 06:57:37,139 - INFO - --- validation at epoch 13, val_loss 0.0271, val_mae 0.1901, val_rmse 0.2292, val_r2 0.2828, val_pearson 0.5551, lr 1.00e-03 ---
2026-10-01 06:57:37,139 - INFO - 
****************************************************************************************************
2026-10-01 06:57:39,013 - INFO - --- training epoch 14, loss 0.0282, mae 0.1939, rmse 0.2373, time elapsed(min) 0.03---
2026-10-01 06:57:39,228 - INFO - --- validation at epoch 14, val_loss 0.0249, val_mae 0.1802, val_rmse 0.2178, val_r2 0.3519, val_pearson 0.6163, lr 1.00e-03 ---
2026-10-01 06:57:39,228 - INFO - 
****************************************************************************************************
2026-10-01 06:57:41,073 - INFO - --- training epoch 15, loss 0.0245, mae 0.1807, rmse 0.2212, time elapsed(min) 0.02---
2026-10-01 06:57:41,405 - INFO - --- validation at epoch 15, val_loss 0.0212, val_mae 0.1632, val_rmse 0.1998, val_r2 0.4547, val_pearson 0.6870, lr 1.00e-03 ---
2026-10-01 06:57:41,405 - INFO - 
****************************************************************************************************
2026-10-01 06:57:43,364 - INFO - --- training epoch 16, loss 0.0234, mae 0.1741, rmse 0.2162, time elapsed(min) 0.03---
2026-10-01 06:57:43,857 - INFO - --- validation at epoch 16, val_loss 0.0207, val_mae 0.1602, val_rmse 0.2000, val_r2 0.4539, val_pearson 0.7160, lr 1.00e-03 ---
2026-10-01 06:57:43,857 - INFO - 
****************************************************************************************************
2026-10-01 06:57:45,665 - INFO - --- training epoch 17, loss 0.0216, mae 0.1669, rmse 0.2077, time elapsed(min) 0.02---
2026-10-01 06:57:45,881 - INFO - --- validation at epoch 17, val_loss 0.0177, val_mae 0.1482, val_rmse 0.1830, val_r2 0.5425, val_pearson 0.7396, lr 1.00e-03 ---
2026-10-01 06:57:45,881 - INFO - 
****************************************************************************************************
2026-10-01 06:57:47,672 - INFO - --- training epoch 18, loss 0.0200, mae 0.1597, rmse 0.2001, time elapsed(min) 0.02---
2026-10-01 06:57:47,883 - INFO - --- validation at epoch 18, val_loss 0.0176, val_mae 0.1459, val_rmse 0.1817, val_r2 0.5490, val_pearson 0.7464, lr 1.00e-03 ---
2026-10-01 06:57:47,883 - INFO - 
****************************************************************************************************
2026-10-01 06:57:49,790 - INFO - --- training epoch 19, loss 0.0192, mae 0.1554, rmse 0.1960, time elapsed(min) 0.02---
2026-10-01 06:57:50,161 - INFO - --- validation at epoch 19, val_loss 0.0176, val_mae 0.1468, val_rmse 0.1832, val_r2 0.5414, val_pearson 0.7581, lr 1.00e-03 ---
2026-10-01 06:57:50,161 - INFO - 
****************************************************************************************************
2026-10-01 06:57:52,024 - INFO - --- training epoch 20, loss 0.0192, mae 0.1551, rmse 0.1958, time elapsed(min) 0.02---
2026-10-01 06:57:52,233 - INFO - --- validation at epoch 20, val_loss 0.0180, val_mae 0.1475, val_rmse 0.1828, val_r2 0.5435, val_pearson 0.7628, lr 1.00e-03 ---
2026-10-01 06:57:52,233 - INFO - 
****************************************************************************************************
2026-10-01 06:57:53,960 - INFO - --- training epoch 21, loss 0.0257, mae 0.1837, rmse 0.2267, time elapsed(min) 0.02---
2026-10-01 06:57:54,185 - INFO - --- validation at epoch 21, val_loss 0.0182, val_mae 0.1496, val_rmse 0.1904, val_r2 0.5047, val_pearson 0.7241, lr 1.00e-03 ---
2026-10-01 06:57:54,185 - INFO - 
****************************************************************************************************
2026-10-01 06:57:55,952 - INFO - --- training epoch 22, loss 0.0200, mae 0.1578, rmse 0.1999, time elapsed(min) 0.02---
2026-10-01 06:57:56,344 - INFO - --- validation at epoch 22, val_loss 0.0164, val_mae 0.1390, val_rmse 0.1757, val_r2 0.5782, val_pearson 0.7637, lr 1.00e-03 ---
2026-10-01 06:57:56,345 - INFO - 
****************************************************************************************************
2026-10-01 06:57:58,390 - INFO - --- training epoch 23, loss 0.0180, mae 0.1495, rmse 0.1899, time elapsed(min) 0.03---
2026-10-01 06:57:58,603 - INFO - --- validation at epoch 23, val_loss 0.0158, val_mae 0.1334, val_rmse 0.1707, val_r2 0.6022, val_pearson 0.7761, lr 1.00e-03 ---
2026-10-01 06:57:58,603 - INFO - 
****************************************************************************************************
2026-10-01 06:58:00,465 - INFO - --- training epoch 24, loss 0.0175, mae 0.1473, rmse 0.1873, time elapsed(min) 0.02---
2026-10-01 06:58:00,677 - INFO - --- validation at epoch 24, val_loss 0.0165, val_mae 0.1336, val_rmse 0.1724, val_r2 0.5942, val_pearson 0.7751, lr 1.00e-03 ---
2026-10-01 06:58:00,677 - INFO - 
****************************************************************************************************
2026-10-01 06:58:02,500 - INFO - --- training epoch 25, loss 0.0169, mae 0.1445, rmse 0.1836, time elapsed(min) 0.03---
2026-10-01 06:58:02,827 - INFO - --- validation at epoch 25, val_loss 0.0159, val_mae 0.1312, val_rmse 0.1699, val_r2 0.6057, val_pearson 0.7783, lr 1.00e-03 ---
2026-10-01 06:58:02,827 - INFO - 
****************************************************************************************************
2026-10-01 06:58:04,771 - INFO - --- training epoch 26, loss 0.0165, mae 0.1421, rmse 0.1817, time elapsed(min) 0.03---
2026-10-01 06:58:04,984 - INFO - --- validation at epoch 26, val_loss 0.0154, val_mae 0.1297, val_rmse 0.1670, val_r2 0.6192, val_pearson 0.7875, lr 1.00e-03 ---
2026-10-01 06:58:04,984 - INFO - 
****************************************************************************************************
2026-10-01 06:58:06,804 - INFO - --- training epoch 27, loss 0.0171, mae 0.1457, rmse 0.1850, time elapsed(min) 0.02---
2026-10-01 06:58:07,017 - INFO - --- validation at epoch 27, val_loss 0.0156, val_mae 0.1292, val_rmse 0.1683, val_r2 0.6134, val_pearson 0.7835, lr 1.00e-03 ---
2026-10-01 06:58:07,017 - INFO - 
****************************************************************************************************
2026-10-01 06:58:08,889 - INFO - --- training epoch 28, loss 0.0166, mae 0.1430, rmse 0.1821, time elapsed(min) 0.03---
2026-10-01 06:58:09,253 - INFO - --- validation at epoch 28, val_loss 0.0153, val_mae 0.1303, val_rmse 0.1675, val_r2 0.6167, val_pearson 0.7906, lr 1.00e-03 ---
2026-10-01 06:58:09,253 - INFO - 
****************************************************************************************************
2026-10-01 06:58:11,248 - INFO - --- training epoch 29, loss 0.0161, mae 0.1409, rmse 0.1795, time elapsed(min) 0.03---
2026-10-01 06:58:11,459 - INFO - --- validation at epoch 29, val_loss 0.0139, val_mae 0.1256, val_rmse 0.1617, val_r2 0.6431, val_pearson 0.8035, lr 1.00e-03 ---
2026-10-01 06:58:11,459 - INFO - 
****************************************************************************************************
2026-10-01 06:58:13,423 - INFO - --- training epoch 30, loss 0.0158, mae 0.1399, rmse 0.1780, time elapsed(min) 0.03---
2026-10-01 06:58:13,640 - INFO - --- validation at epoch 30, val_loss 0.0142, val_mae 0.1249, val_rmse 0.1619, val_r2 0.6418, val_pearson 0.8013, lr 1.00e-03 ---
2026-10-01 06:58:13,640 - INFO - 
****************************************************************************************************
2026-10-01 06:58:15,463 - INFO - --- training epoch 31, loss 0.0157, mae 0.1390, rmse 0.1771, time elapsed(min) 0.03---
2026-10-01 06:58:15,804 - INFO - --- validation at epoch 31, val_loss 0.0153, val_mae 0.1288, val_rmse 0.1669, val_r2 0.6197, val_pearson 0.7912, lr 1.00e-03 ---
2026-10-01 06:58:15,804 - INFO - 
****************************************************************************************************
2026-10-01 06:58:17,754 - INFO - --- training epoch 32, loss 0.0166, mae 0.1428, rmse 0.1825, time elapsed(min) 0.03---
2026-10-01 06:58:17,970 - INFO - --- validation at epoch 32, val_loss 0.0164, val_mae 0.1330, val_rmse 0.1729, val_r2 0.5918, val_pearson 0.7762, lr 1.00e-03 ---
2026-10-01 06:58:17,970 - INFO - 
****************************************************************************************************
2026-10-01 06:58:19,772 - INFO - --- training epoch 33, loss 0.0158, mae 0.1395, rmse 0.1778, time elapsed(min) 0.02---
2026-10-01 06:58:19,986 - INFO - --- validation at epoch 33, val_loss 0.0144, val_mae 0.1261, val_rmse 0.1630, val_r2 0.6373, val_pearson 0.7989, lr 1.00e-03 ---
2026-10-01 06:58:19,986 - INFO - 
****************************************************************************************************
2026-10-01 06:58:21,704 - INFO - --- training epoch 34, loss 0.0149, mae 0.1345, rmse 0.1729, time elapsed(min) 0.02---
2026-10-01 06:58:22,046 - INFO - --- validation at epoch 34, val_loss 0.0136, val_mae 0.1221, val_rmse 0.1593, val_r2 0.6536, val_pearson 0.8093, lr 1.00e-03 ---
2026-10-01 06:58:22,046 - INFO - 
****************************************************************************************************
2026-10-01 06:58:24,082 - INFO - --- training epoch 35, loss 0.0146, mae 0.1325, rmse 0.1709, time elapsed(min) 0.03---
2026-10-01 06:58:24,300 - INFO - --- validation at epoch 35, val_loss 0.0138, val_mae 0.1219, val_rmse 0.1586, val_r2 0.6566, val_pearson 0.8146, lr 1.00e-03 ---
2026-10-01 06:58:24,300 - INFO - 
****************************************************************************************************
2026-10-01 06:58:26,036 - INFO - --- training epoch 36, loss 0.0145, mae 0.1326, rmse 0.1706, time elapsed(min) 0.02---
2026-10-01 06:58:26,250 - INFO - --- validation at epoch 36, val_loss 0.0138, val_mae 0.1214, val_rmse 0.1577, val_r2 0.6604, val_pearson 0.8160, lr 1.00e-03 ---
2026-10-01 06:58:26,250 - INFO - 
****************************************************************************************************
2026-10-01 06:58:28,010 - INFO - --- training epoch 37, loss 0.0148, mae 0.1328, rmse 0.1718, time elapsed(min) 0.02---
2026-10-01 06:58:28,341 - INFO - --- validation at epoch 37, val_loss 0.0131, val_mae 0.1193, val_rmse 0.1568, val_r2 0.6641, val_pearson 0.8160, lr 1.00e-03 ---
2026-10-01 06:58:28,341 - INFO - 
****************************************************************************************************
2026-10-01 06:58:30,339 - INFO - --- training epoch 38, loss 0.0138, mae 0.1284, rmse 0.1661, time elapsed(min) 0.03---
2026-10-01 06:58:30,551 - INFO - --- validation at epoch 38, val_loss 0.0130, val_mae 0.1206, val_rmse 0.1572, val_r2 0.6624, val_pearson 0.8154, lr 1.00e-03 ---
2026-10-01 06:58:30,551 - INFO - 
****************************************************************************************************
2026-10-01 06:58:32,336 - INFO - --- training epoch 39, loss 0.0137, mae 0.1283, rmse 0.1657, time elapsed(min) 0.02---
2026-10-01 06:58:32,552 - INFO - --- validation at epoch 39, val_loss 0.0124, val_mae 0.1189, val_rmse 0.1554, val_r2 0.6701, val_pearson 0.8197, lr 1.00e-03 ---
2026-10-01 06:58:32,552 - INFO - 
****************************************************************************************************
2026-10-01 06:58:34,434 - INFO - --- training epoch 40, loss 0.0134, mae 0.1262, rmse 0.1637, time elapsed(min) 0.03---
2026-10-01 06:58:34,759 - INFO - --- validation at epoch 40, val_loss 0.0134, val_mae 0.1224, val_rmse 0.1601, val_r2 0.6500, val_pearson 0.8116, lr 1.00e-03 ---
2026-10-01 06:58:34,759 - INFO - 
****************************************************************************************************
2026-10-01 06:58:36,599 - INFO - --- training epoch 41, loss 0.0137, mae 0.1284, rmse 0.1658, time elapsed(min) 0.03---
2026-10-01 06:58:37,086 - INFO - --- validation at epoch 41, val_loss 0.0134, val_mae 0.1226, val_rmse 0.1593, val_r2 0.6533, val_pearson 0.8142, lr 1.00e-03 ---
2026-10-01 06:58:37,086 - INFO - 
****************************************************************************************************
2026-10-01 06:58:38,819 - INFO - --- training epoch 42, loss 0.0137, mae 0.1278, rmse 0.1655, time elapsed(min) 0.02---
2026-10-01 06:58:39,028 - INFO - --- validation at epoch 42, val_loss 0.0133, val_mae 0.1226, val_rmse 0.1595, val_r2 0.6524, val_pearson 0.8156, lr 1.00e-03 ---
2026-10-01 06:58:39,028 - INFO - 
****************************************************************************************************
2026-10-01 06:58:40,831 - INFO - --- training epoch 43, loss 0.0139, mae 0.1280, rmse 0.1668, time elapsed(min) 0.03---
2026-10-01 06:58:41,043 - INFO - --- validation at epoch 43, val_loss 0.0123, val_mae 0.1165, val_rmse 0.1554, val_r2 0.6703, val_pearson 0.8218, lr 1.00e-03 ---
2026-10-01 06:58:41,043 - INFO - 
****************************************************************************************************
2026-10-01 06:58:42,966 - INFO - --- training epoch 44, loss 0.0137, mae 0.1276, rmse 0.1654, time elapsed(min) 0.03---
2026-10-01 06:58:43,348 - INFO - --- validation at epoch 44, val_loss 0.0118, val_mae 0.1170, val_rmse 0.1521, val_r2 0.6839, val_pearson 0.8372, lr 1.00e-03 ---
2026-10-01 06:58:43,348 - INFO - 
****************************************************************************************************
2026-10-01 06:58:45,264 - INFO - --- training epoch 45, loss 0.0133, mae 0.1251, rmse 0.1630, time elapsed(min) 0.02---
2026-10-01 06:58:45,477 - INFO - --- validation at epoch 45, val_loss 0.0120, val_mae 0.1214, val_rmse 0.1541, val_r2 0.6757, val_pearson 0.8306, lr 1.00e-03 ---
2026-10-01 06:58:45,477 - INFO - 
****************************************************************************************************
2026-10-01 06:58:47,220 - INFO - --- training epoch 46, loss 0.0126, mae 0.1220, rmse 0.1585, time elapsed(min) 0.02---
2026-10-01 06:58:47,435 - INFO - --- validation at epoch 46, val_loss 0.0120, val_mae 0.1162, val_rmse 0.1516, val_r2 0.6861, val_pearson 0.8338, lr 1.00e-03 ---
2026-10-01 06:58:47,435 - INFO - 
****************************************************************************************************
2026-10-01 06:58:49,268 - INFO - --- training epoch 47, loss 0.0125, mae 0.1209, rmse 0.1578, time elapsed(min) 0.03---
2026-10-01 06:58:49,638 - INFO - --- validation at epoch 47, val_loss 0.0110, val_mae 0.1117, val_rmse 0.1465, val_r2 0.7070, val_pearson 0.8424, lr 1.00e-03 ---
2026-10-01 06:58:49,638 - INFO - 
****************************************************************************************************
2026-10-01 06:58:51,671 - INFO - --- training epoch 48, loss 0.0121, mae 0.1193, rmse 0.1554, time elapsed(min) 0.03---
2026-10-01 06:58:51,889 - INFO - --- validation at epoch 48, val_loss 0.0114, val_mae 0.1130, val_rmse 0.1482, val_r2 0.7002, val_pearson 0.8375, lr 1.00e-03 ---
2026-10-01 06:58:51,889 - INFO - 
****************************************************************************************************
2026-10-01 06:58:53,622 - INFO - --- training epoch 49, loss 0.0127, mae 0.1219, rmse 0.1592, time elapsed(min) 0.02---
2026-10-01 06:58:53,833 - INFO - --- validation at epoch 49, val_loss 0.0130, val_mae 0.1196, val_rmse 0.1566, val_r2 0.6649, val_pearson 0.8383, lr 1.00e-03 ---
2026-10-01 06:58:53,833 - INFO - 
****************************************************************************************************
2026-10-01 06:58:55,548 - INFO - --- training epoch 50, loss 0.0118, mae 0.1177, rmse 0.1537, time elapsed(min) 0.02---
2026-10-01 06:58:55,913 - INFO - --- validation at epoch 50, val_loss 0.0118, val_mae 0.1156, val_rmse 0.1498, val_r2 0.6934, val_pearson 0.8359, lr 1.00e-03 ---
2026-10-01 06:58:55,913 - INFO - 
****************************************************************************************************
2026-10-01 06:58:57,807 - INFO - --- training epoch 51, loss 0.0116, mae 0.1160, rmse 0.1522, time elapsed(min) 0.03---
2026-10-01 06:58:58,019 - INFO - --- validation at epoch 51, val_loss 0.0112, val_mae 0.1117, val_rmse 0.1465, val_r2 0.7070, val_pearson 0.8410, lr 1.00e-03 ---
2026-10-01 06:58:58,019 - INFO - 
****************************************************************************************************
2026-10-01 06:58:59,728 - INFO - --- training epoch 52, loss 0.0126, mae 0.1216, rmse 0.1589, time elapsed(min) 0.02---
2026-10-01 06:58:59,944 - INFO - --- validation at epoch 52, val_loss 0.0114, val_mae 0.1140, val_rmse 0.1496, val_r2 0.6944, val_pearson 0.8353, lr 1.00e-03 ---
2026-10-01 06:58:59,944 - INFO - 
****************************************************************************************************
2026-10-01 06:59:01,682 - INFO - --- training epoch 53, loss 0.0113, mae 0.1139, rmse 0.1500, time elapsed(min) 0.02---
2026-10-01 06:59:02,021 - INFO - --- validation at epoch 53, val_loss 0.0112, val_mae 0.1120, val_rmse 0.1461, val_r2 0.7084, val_pearson 0.8466, lr 1.00e-03 ---
2026-10-01 06:59:02,021 - INFO - 
****************************************************************************************************
2026-10-01 06:59:03,957 - INFO - --- training epoch 54, loss 0.0116, mae 0.1154, rmse 0.1522, time elapsed(min) 0.03---
2026-10-01 06:59:04,171 - INFO - --- validation at epoch 54, val_loss 0.0118, val_mae 0.1140, val_rmse 0.1506, val_r2 0.6902, val_pearson 0.8391, lr 1.00e-03 ---
2026-10-01 06:59:04,171 - INFO - 
****************************************************************************************************
2026-10-01 06:59:05,899 - INFO - --- training epoch 55, loss 0.0117, mae 0.1167, rmse 0.1529, time elapsed(min) 0.02---
2026-10-01 06:59:06,120 - INFO - --- validation at epoch 55, val_loss 0.0114, val_mae 0.1106, val_rmse 0.1474, val_r2 0.7032, val_pearson 0.8418, lr 1.00e-03 ---
2026-10-01 06:59:06,120 - INFO - 
****************************************************************************************************
2026-10-01 06:59:07,847 - INFO - --- training epoch 56, loss 0.0112, mae 0.1133, rmse 0.1498, time elapsed(min) 0.02---
2026-10-01 06:59:08,175 - INFO - --- validation at epoch 56, val_loss 0.0126, val_mae 0.1146, val_rmse 0.1547, val_r2 0.6731, val_pearson 0.8336, lr 1.00e-03 ---
2026-10-01 06:59:08,175 - INFO - 
****************************************************************************************************
2026-10-01 06:59:09,995 - INFO - --- training epoch 57, loss 0.0109, mae 0.1112, rmse 0.1479, time elapsed(min) 0.03---
2026-10-01 06:59:10,366 - INFO - --- validation at epoch 57, val_loss 0.0104, val_mae 0.1052, val_rmse 0.1405, val_r2 0.7305, val_pearson 0.8555, lr 1.00e-03 ---
2026-10-01 06:59:10,366 - INFO - 
****************************************************************************************************
2026-10-01 06:59:12,245 - INFO - --- training epoch 58, loss 0.0110, mae 0.1123, rmse 0.1486, time elapsed(min) 0.02---
2026-10-01 06:59:12,457 - INFO - --- validation at epoch 58, val_loss 0.0114, val_mae 0.1116, val_rmse 0.1483, val_r2 0.6995, val_pearson 0.8416, lr 1.00e-03 ---
2026-10-01 06:59:12,457 - INFO - 
****************************************************************************************************
2026-10-01 06:59:14,184 - INFO - --- training epoch 59, loss 0.0114, mae 0.1144, rmse 0.1512, time elapsed(min) 0.02---
2026-10-01 06:59:14,396 - INFO - --- validation at epoch 59, val_loss 0.0110, val_mae 0.1086, val_rmse 0.1441, val_r2 0.7164, val_pearson 0.8500, lr 1.00e-03 ---
2026-10-01 06:59:14,396 - INFO - 
****************************************************************************************************
2026-10-01 06:59:16,220 - INFO - --- training epoch 60, loss 0.0110, mae 0.1120, rmse 0.1481, time elapsed(min) 0.03---
2026-10-01 06:59:16,601 - INFO - --- validation at epoch 60, val_loss 0.0105, val_mae 0.1056, val_rmse 0.1407, val_r2 0.7295, val_pearson 0.8576, lr 1.00e-03 ---
2026-10-01 06:59:16,601 - INFO - 
****************************************************************************************************
2026-10-01 06:59:18,406 - INFO - --- training epoch 61, loss 0.0108, mae 0.1106, rmse 0.1468, time elapsed(min) 0.02---
2026-10-01 06:59:18,619 - INFO - --- validation at epoch 61, val_loss 0.0115, val_mae 0.1092, val_rmse 0.1459, val_r2 0.7095, val_pearson 0.8442, lr 1.00e-03 ---
2026-10-01 06:59:18,619 - INFO - 
****************************************************************************************************
2026-10-01 06:59:20,434 - INFO - --- training epoch 62, loss 0.0107, mae 0.1104, rmse 0.1464, time elapsed(min) 0.03---
2026-10-01 06:59:20,671 - INFO - --- validation at epoch 62, val_loss 0.0102, val_mae 0.1043, val_rmse 0.1393, val_r2 0.7350, val_pearson 0.8649, lr 1.00e-03 ---
2026-10-01 06:59:20,672 - INFO - 
****************************************************************************************************
2026-10-01 06:59:22,522 - INFO - --- training epoch 63, loss 0.0106, mae 0.1101, rmse 0.1458, time elapsed(min) 0.02---
2026-10-01 06:59:22,888 - INFO - --- validation at epoch 63, val_loss 0.0115, val_mae 0.1077, val_rmse 0.1461, val_r2 0.7086, val_pearson 0.8430, lr 1.00e-03 ---
2026-10-01 06:59:22,888 - INFO - 
****************************************************************************************************
2026-10-01 06:59:24,845 - INFO - --- training epoch 64, loss 0.0104, mae 0.1081, rmse 0.1445, time elapsed(min) 0.03---
2026-10-01 06:59:25,058 - INFO - --- validation at epoch 64, val_loss 0.0098, val_mae 0.1008, val_rmse 0.1358, val_r2 0.7482, val_pearson 0.8655, lr 1.00e-03 ---
2026-10-01 06:59:25,058 - INFO - 
****************************************************************************************************
2026-10-01 06:59:26,846 - INFO - --- training epoch 65, loss 0.0097, mae 0.1032, rmse 0.1394, time elapsed(min) 0.02---
2026-10-01 06:59:27,054 - INFO - --- validation at epoch 65, val_loss 0.0106, val_mae 0.1046, val_rmse 0.1396, val_r2 0.7337, val_pearson 0.8584, lr 1.00e-03 ---
2026-10-01 06:59:27,054 - INFO - 
****************************************************************************************************
2026-10-01 06:59:28,910 - INFO - --- training epoch 66, loss 0.0106, mae 0.1091, rmse 0.1457, time elapsed(min) 0.03---
2026-10-01 06:59:29,246 - INFO - --- validation at epoch 66, val_loss 0.0100, val_mae 0.1051, val_rmse 0.1396, val_r2 0.7337, val_pearson 0.8611, lr 1.00e-03 ---
2026-10-01 06:59:29,247 - INFO - 
****************************************************************************************************
2026-10-01 06:59:31,233 - INFO - --- training epoch 67, loss 0.0107, mae 0.1094, rmse 0.1460, time elapsed(min) 0.03---
2026-10-01 06:59:31,443 - INFO - --- validation at epoch 67, val_loss 0.0110, val_mae 0.1064, val_rmse 0.1446, val_r2 0.7144, val_pearson 0.8479, lr 1.00e-03 ---
2026-10-01 06:59:31,443 - INFO - 
****************************************************************************************************
2026-10-01 06:59:33,200 - INFO - --- training epoch 68, loss 0.0099, mae 0.1056, rmse 0.1409, time elapsed(min) 0.02---
2026-10-01 06:59:33,410 - INFO - --- validation at epoch 68, val_loss 0.0106, val_mae 0.1040, val_rmse 0.1412, val_r2 0.7276, val_pearson 0.8545, lr 1.00e-03 ---
2026-10-01 06:59:33,410 - INFO - 
****************************************************************************************************
2026-10-01 06:59:35,128 - INFO - --- training epoch 69, loss 0.0105, mae 0.1091, rmse 0.1448, time elapsed(min) 0.02---
2026-10-01 06:59:35,457 - INFO - --- validation at epoch 69, val_loss 0.0113, val_mae 0.1070, val_rmse 0.1456, val_r2 0.7107, val_pearson 0.8453, lr 1.00e-03 ---
2026-10-01 06:59:35,457 - INFO - 
****************************************************************************************************
2026-10-01 06:59:37,507 - INFO - --- training epoch 70, loss 0.0101, mae 0.1073, rmse 0.1424, time elapsed(min) 0.03---
2026-10-01 06:59:37,719 - INFO - --- validation at epoch 70, val_loss 0.0106, val_mae 0.1034, val_rmse 0.1422, val_r2 0.7239, val_pearson 0.8519, lr 1.00e-03 ---
2026-10-01 06:59:37,719 - INFO - 
****************************************************************************************************
2026-10-01 06:59:39,450 - INFO - --- training epoch 71, loss 0.0098, mae 0.1046, rmse 0.1400, time elapsed(min) 0.02---
2026-10-01 06:59:39,663 - INFO - --- validation at epoch 71, val_loss 0.0100, val_mae 0.1007, val_rmse 0.1374, val_r2 0.7422, val_pearson 0.8632, lr 1.00e-03 ---
2026-10-01 06:59:39,663 - INFO - 
****************************************************************************************************
2026-10-01 06:59:41,456 - INFO - --- training epoch 72, loss 0.0101, mae 0.1072, rmse 0.1421, time elapsed(min) 0.03---
2026-10-01 06:59:41,672 - INFO - --- validation at epoch 72, val_loss 0.0106, val_mae 0.1040, val_rmse 0.1400, val_r2 0.7325, val_pearson 0.8596, lr 1.00e-03 ---
2026-10-01 06:59:41,672 - INFO - 
****************************************************************************************************
2026-10-01 06:59:43,475 - INFO - --- training epoch 73, loss 0.0098, mae 0.1052, rmse 0.1402, time elapsed(min) 0.03---
2026-10-01 06:59:43,946 - INFO - --- validation at epoch 73, val_loss 0.0103, val_mae 0.1040, val_rmse 0.1387, val_r2 0.7374, val_pearson 0.8614, lr 1.00e-03 ---
2026-10-01 06:59:43,946 - INFO - 
****************************************************************************************************
2026-10-01 06:59:45,845 - INFO - --- training epoch 74, loss 0.0108, mae 0.1112, rmse 0.1468, time elapsed(min) 0.03---
2026-10-01 06:59:46,063 - INFO - --- validation at epoch 74, val_loss 0.0128, val_mae 0.1144, val_rmse 0.1556, val_r2 0.6694, val_pearson 0.8315, lr 1.00e-03 ---
2026-10-01 06:59:46,063 - INFO - 
****************************************************************************************************
2026-10-01 06:59:47,823 - INFO - --- training epoch 75, loss 0.0102, mae 0.1077, rmse 0.1430, time elapsed(min) 0.02---
2026-10-01 06:59:48,037 - INFO - --- validation at epoch 75, val_loss 0.0099, val_mae 0.1000, val_rmse 0.1359, val_r2 0.7479, val_pearson 0.8709, lr 1.00e-03 ---
2026-10-01 06:59:48,037 - INFO - 
****************************************************************************************************
2026-10-01 06:59:49,802 - INFO - --- training epoch 76, loss 0.0087, mae 0.0984, rmse 0.1323, time elapsed(min) 0.02---
2026-10-01 06:59:50,169 - INFO - --- validation at epoch 76, val_loss 0.0088, val_mae 0.0940, val_rmse 0.1269, val_r2 0.7802, val_pearson 0.8849, lr 3.00e-04 ---
2026-10-01 06:59:50,169 - INFO - 
****************************************************************************************************
2026-10-01 06:59:52,125 - INFO - --- training epoch 77, loss 0.0084, mae 0.0971, rmse 0.1299, time elapsed(min) 0.03---
2026-10-01 06:59:52,343 - INFO - --- validation at epoch 77, val_loss 0.0082, val_mae 0.0904, val_rmse 0.1227, val_r2 0.7943, val_pearson 0.8915, lr 3.00e-04 ---
2026-10-01 06:59:52,343 - INFO - 
****************************************************************************************************
2026-10-01 06:59:54,191 - INFO - --- training epoch 78, loss 0.0085, mae 0.0967, rmse 0.1300, time elapsed(min) 0.02---
2026-10-01 06:59:54,428 - INFO - --- validation at epoch 78, val_loss 0.0083, val_mae 0.0906, val_rmse 0.1233, val_r2 0.7925, val_pearson 0.8903, lr 3.00e-04 ---
2026-10-01 06:59:54,428 - INFO - 
****************************************************************************************************
2026-10-01 06:59:56,250 - INFO - --- training epoch 79, loss 0.0082, mae 0.0950, rmse 0.1281, time elapsed(min) 0.03---
2026-10-01 06:59:56,587 - INFO - --- validation at epoch 79, val_loss 0.0085, val_mae 0.0905, val_rmse 0.1241, val_r2 0.7896, val_pearson 0.8887, lr 3.00e-04 ---
2026-10-01 06:59:56,587 - INFO - 
****************************************************************************************************
2026-10-01 06:59:58,588 - INFO - --- training epoch 80, loss 0.0081, mae 0.0950, rmse 0.1277, time elapsed(min) 0.03---
2026-10-01 06:59:58,802 - INFO - --- validation at epoch 80, val_loss 0.0083, val_mae 0.0893, val_rmse 0.1230, val_r2 0.7935, val_pearson 0.8909, lr 3.00e-04 ---
2026-10-01 06:59:58,802 - INFO - 
****************************************************************************************************
2026-10-01 07:00:00,518 - INFO - --- training epoch 81, loss 0.0082, mae 0.0947, rmse 0.1281, time elapsed(min) 0.02---
2026-10-01 07:00:00,726 - INFO - --- validation at epoch 81, val_loss 0.0084, val_mae 0.0912, val_rmse 0.1246, val_r2 0.7880, val_pearson 0.8908, lr 3.00e-04 ---
2026-10-01 07:00:00,726 - INFO - 
****************************************************************************************************
2026-10-01 07:00:02,471 - INFO - --- training epoch 82, loss 0.0080, mae 0.0940, rmse 0.1265, time elapsed(min) 0.02---
2026-10-01 07:00:02,687 - INFO - --- validation at epoch 82, val_loss 0.0083, val_mae 0.0898, val_rmse 0.1233, val_r2 0.7924, val_pearson 0.8912, lr 3.00e-04 ---
2026-10-01 07:00:02,687 - INFO - 
****************************************************************************************************
2026-10-01 07:00:04,528 - INFO - --- training epoch 83, loss 0.0080, mae 0.0942, rmse 0.1269, time elapsed(min) 0.03---
2026-10-01 07:00:04,896 - INFO - --- validation at epoch 83, val_loss 0.0080, val_mae 0.0880, val_rmse 0.1216, val_r2 0.7981, val_pearson 0.8935, lr 3.00e-04 ---
2026-10-01 07:00:04,896 - INFO - 
****************************************************************************************************
2026-10-01 07:00:06,802 - INFO - --- training epoch 84, loss 0.0082, mae 0.0950, rmse 0.1277, time elapsed(min) 0.02---
2026-10-01 07:00:07,015 - INFO - --- validation at epoch 84, val_loss 0.0082, val_mae 0.0898, val_rmse 0.1220, val_r2 0.7966, val_pearson 0.8940, lr 3.00e-04 ---
2026-10-01 07:00:07,015 - INFO - 
****************************************************************************************************
2026-10-01 07:00:08,766 - INFO - --- training epoch 85, loss 0.0081, mae 0.0951, rmse 0.1276, time elapsed(min) 0.02---
2026-10-01 07:00:08,978 - INFO - --- validation at epoch 85, val_loss 0.0082, val_mae 0.0889, val_rmse 0.1219, val_r2 0.7971, val_pearson 0.8932, lr 3.00e-04 ---
2026-10-01 07:00:08,979 - INFO - 
****************************************************************************************************
2026-10-01 07:00:10,719 - INFO - --- training epoch 86, loss 0.0080, mae 0.0936, rmse 0.1267, time elapsed(min) 0.02---
2026-10-01 07:00:11,092 - INFO - --- validation at epoch 86, val_loss 0.0080, val_mae 0.0893, val_rmse 0.1212, val_r2 0.7995, val_pearson 0.8960, lr 3.00e-04 ---
2026-10-01 07:00:11,092 - INFO - 
****************************************************************************************************
2026-10-01 07:00:13,275 - INFO - --- training epoch 87, loss 0.0079, mae 0.0934, rmse 0.1256, time elapsed(min) 0.03---
2026-10-01 07:00:13,484 - INFO - --- validation at epoch 87, val_loss 0.0080, val_mae 0.0889, val_rmse 0.1213, val_r2 0.7991, val_pearson 0.8953, lr 3.00e-04 ---
2026-10-01 07:00:13,484 - INFO - 
****************************************************************************************************
2026-10-01 07:00:15,331 - INFO - --- training epoch 88, loss 0.0078, mae 0.0929, rmse 0.1252, time elapsed(min) 0.02---
2026-10-01 07:00:15,547 - INFO - --- validation at epoch 88, val_loss 0.0081, val_mae 0.0900, val_rmse 0.1220, val_r2 0.7966, val_pearson 0.8948, lr 3.00e-04 ---
2026-10-01 07:00:15,547 - INFO - 
****************************************************************************************************
2026-10-01 07:00:17,294 - INFO - --- training epoch 89, loss 0.0080, mae 0.0944, rmse 0.1266, time elapsed(min) 0.02---
2026-10-01 07:00:17,624 - INFO - --- validation at epoch 89, val_loss 0.0083, val_mae 0.0896, val_rmse 0.1225, val_r2 0.7950, val_pearson 0.8917, lr 3.00e-04 ---
2026-10-01 07:00:17,624 - INFO - 
****************************************************************************************************
2026-10-01 07:00:19,589 - INFO - --- training epoch 90, loss 0.0082, mae 0.0953, rmse 0.1279, time elapsed(min) 0.03---
2026-10-01 07:00:19,818 - INFO - --- validation at epoch 90, val_loss 0.0082, val_mae 0.0905, val_rmse 0.1227, val_r2 0.7945, val_pearson 0.8922, lr 3.00e-04 ---
2026-10-01 07:00:19,819 - INFO - 
****************************************************************************************************
2026-10-01 07:00:21,548 - INFO - --- training epoch 91, loss 0.0079, mae 0.0925, rmse 0.1256, time elapsed(min) 0.02---
2026-10-01 07:00:21,763 - INFO - --- validation at epoch 91, val_loss 0.0083, val_mae 0.0926, val_rmse 0.1242, val_r2 0.7893, val_pearson 0.8919, lr 3.00e-04 ---
2026-10-01 07:00:21,763 - INFO - 
****************************************************************************************************
2026-10-01 07:00:23,559 - INFO - --- training epoch 92, loss 0.0079, mae 0.0933, rmse 0.1260, time elapsed(min) 0.03---
2026-10-01 07:00:23,900 - INFO - --- validation at epoch 92, val_loss 0.0079, val_mae 0.0904, val_rmse 0.1233, val_r2 0.7923, val_pearson 0.8951, lr 3.00e-04 ---
2026-10-01 07:00:23,900 - INFO - 
****************************************************************************************************
2026-10-01 07:00:25,837 - INFO - --- training epoch 93, loss 0.0076, mae 0.0908, rmse 0.1235, time elapsed(min) 0.03---
2026-10-01 07:00:26,307 - INFO - --- validation at epoch 93, val_loss 0.0082, val_mae 0.0895, val_rmse 0.1238, val_r2 0.7908, val_pearson 0.8961, lr 3.00e-04 ---
2026-10-01 07:00:26,307 - INFO - 
****************************************************************************************************
2026-10-01 07:00:28,010 - INFO - --- training epoch 94, loss 0.0076, mae 0.0906, rmse 0.1230, time elapsed(min) 0.02---
2026-10-01 07:00:28,255 - INFO - --- validation at epoch 94, val_loss 0.0081, val_mae 0.0900, val_rmse 0.1230, val_r2 0.7933, val_pearson 0.9007, lr 3.00e-04 ---
2026-10-01 07:00:28,255 - INFO - 
****************************************************************************************************
2026-10-01 07:00:29,975 - INFO - --- training epoch 95, loss 0.0076, mae 0.0913, rmse 0.1235, time elapsed(min) 0.02---
2026-10-01 07:00:30,186 - INFO - --- validation at epoch 95, val_loss 0.0081, val_mae 0.0918, val_rmse 0.1236, val_r2 0.7912, val_pearson 0.8998, lr 3.00e-04 ---
2026-10-01 07:00:30,186 - INFO - 
****************************************************************************************************
2026-10-01 07:00:31,985 - INFO - --- training epoch 96, loss 0.0075, mae 0.0903, rmse 0.1223, time elapsed(min) 0.03---
2026-10-01 07:00:32,355 - INFO - --- validation at epoch 96, val_loss 0.0079, val_mae 0.0888, val_rmse 0.1224, val_r2 0.7954, val_pearson 0.8988, lr 3.00e-04 ---
2026-10-01 07:00:32,355 - INFO - 
****************************************************************************************************
2026-10-01 07:00:34,332 - INFO - --- training epoch 97, loss 0.0077, mae 0.0915, rmse 0.1238, time elapsed(min) 0.03---
2026-10-01 07:00:34,545 - INFO - --- validation at epoch 97, val_loss 0.0079, val_mae 0.0887, val_rmse 0.1227, val_r2 0.7943, val_pearson 0.9001, lr 3.00e-04 ---
2026-10-01 07:00:34,545 - INFO - 
****************************************************************************************************
2026-10-01 07:00:36,342 - INFO - --- training epoch 98, loss 0.0076, mae 0.0910, rmse 0.1235, time elapsed(min) 0.02---
2026-10-01 07:00:36,555 - INFO - --- validation at epoch 98, val_loss 0.0081, val_mae 0.0907, val_rmse 0.1236, val_r2 0.7915, val_pearson 0.8974, lr 3.00e-04 ---
2026-10-01 07:00:36,555 - INFO - 
****************************************************************************************************
2026-10-01 07:00:38,276 - INFO - --- training epoch 99, loss 0.0075, mae 0.0904, rmse 0.1222, time elapsed(min) 0.02---
2026-10-01 07:00:38,621 - INFO - --- validation at epoch 99, val_loss 0.0083, val_mae 0.0895, val_rmse 0.1229, val_r2 0.7938, val_pearson 0.8969, lr 3.00e-04 ---
2026-10-01 07:00:38,621 - INFO - 
****************************************************************************************************
2026-10-01 07:00:40,536 - INFO - --- training epoch 100, loss 0.0076, mae 0.0910, rmse 0.1232, time elapsed(min) 0.03---
2026-10-01 07:00:40,750 - INFO - --- validation at epoch 100, val_loss 0.0093, val_mae 0.0954, val_rmse 0.1294, val_r2 0.7714, val_pearson 0.8900, lr 3.00e-04 ---
2026-10-01 07:00:40,750 - INFO - 
****************************************************************************************************
2026-10-01 07:00:42,467 - INFO - --- training epoch 101, loss 0.0079, mae 0.0927, rmse 0.1258, time elapsed(min) 0.02---
2026-10-01 07:00:42,683 - INFO - --- validation at epoch 101, val_loss 0.0083, val_mae 0.0905, val_rmse 0.1235, val_r2 0.7917, val_pearson 0.8950, lr 3.00e-04 ---
2026-10-01 07:00:42,683 - INFO - 
****************************************************************************************************
2026-10-01 07:00:44,473 - INFO - --- training epoch 102, loss 0.0075, mae 0.0902, rmse 0.1228, time elapsed(min) 0.03---
2026-10-01 07:00:44,733 - INFO - --- validation at epoch 102, val_loss 0.0079, val_mae 0.0886, val_rmse 0.1225, val_r2 0.7952, val_pearson 0.8969, lr 3.00e-04 ---
2026-10-01 07:00:44,733 - INFO - 
****************************************************************************************************
2026-10-01 07:00:46,626 - INFO - --- training epoch 103, loss 0.0076, mae 0.0909, rmse 0.1236, time elapsed(min) 0.03---
2026-10-01 07:00:46,991 - INFO - --- validation at epoch 103, val_loss 0.0081, val_mae 0.0909, val_rmse 0.1233, val_r2 0.7924, val_pearson 0.9004, lr 3.00e-04 ---
2026-10-01 07:00:46,991 - INFO - 
****************************************************************************************************
2026-10-01 07:00:48,808 - INFO - --- training epoch 104, loss 0.0075, mae 0.0905, rmse 0.1228, time elapsed(min) 0.02---
2026-10-01 07:00:49,022 - INFO - --- validation at epoch 104, val_loss 0.0076, val_mae 0.0867, val_rmse 0.1198, val_r2 0.8040, val_pearson 0.9016, lr 3.00e-04 ---
2026-10-01 07:00:49,022 - INFO - 
****************************************************************************************************
2026-10-01 07:00:50,834 - INFO - --- training epoch 105, loss 0.0073, mae 0.0889, rmse 0.1207, time elapsed(min) 0.02---
2026-10-01 07:00:51,046 - INFO - --- validation at epoch 105, val_loss 0.0081, val_mae 0.0902, val_rmse 0.1230, val_r2 0.7934, val_pearson 0.9007, lr 3.00e-04 ---
2026-10-01 07:00:51,046 - INFO - 
****************************************************************************************************
2026-10-01 07:00:52,882 - INFO - --- training epoch 106, loss 0.0073, mae 0.0895, rmse 0.1211, time elapsed(min) 0.03---
2026-10-01 07:00:53,225 - INFO - --- validation at epoch 106, val_loss 0.0083, val_mae 0.0918, val_rmse 0.1245, val_r2 0.7882, val_pearson 0.8993, lr 3.00e-04 ---
2026-10-01 07:00:53,225 - INFO - 
****************************************************************************************************
2026-10-01 07:00:55,211 - INFO - --- training epoch 107, loss 0.0073, mae 0.0894, rmse 0.1211, time elapsed(min) 0.03---
2026-10-01 07:00:55,425 - INFO - --- validation at epoch 107, val_loss 0.0084, val_mae 0.0917, val_rmse 0.1245, val_r2 0.7882, val_pearson 0.8999, lr 3.00e-04 ---
2026-10-01 07:00:55,425 - INFO - 
****************************************************************************************************
2026-10-01 07:00:57,126 - INFO - --- training epoch 108, loss 0.0072, mae 0.0884, rmse 0.1196, time elapsed(min) 0.02---
2026-10-01 07:00:57,335 - INFO - --- validation at epoch 108, val_loss 0.0086, val_mae 0.0923, val_rmse 0.1268, val_r2 0.7805, val_pearson 0.8976, lr 3.00e-04 ---
2026-10-01 07:00:57,335 - INFO - 
****************************************************************************************************
2026-10-01 07:00:59,117 - INFO - --- training epoch 109, loss 0.0072, mae 0.0882, rmse 0.1198, time elapsed(min) 0.03---
2026-10-01 07:00:59,449 - INFO - --- validation at epoch 109, val_loss 0.0077, val_mae 0.0902, val_rmse 0.1220, val_r2 0.7968, val_pearson 0.9004, lr 3.00e-04 ---
2026-10-01 07:00:59,449 - INFO - 
****************************************************************************************************
2026-10-01 07:01:01,265 - INFO - --- training epoch 110, loss 0.0072, mae 0.0888, rmse 0.1204, time elapsed(min) 0.03---
2026-10-01 07:01:01,738 - INFO - --- validation at epoch 110, val_loss 0.0089, val_mae 0.0949, val_rmse 0.1274, val_r2 0.7784, val_pearson 0.8994, lr 3.00e-04 ---
2026-10-01 07:01:01,738 - INFO - 
****************************************************************************************************
2026-10-01 07:01:03,471 - INFO - --- training epoch 111, loss 0.0072, mae 0.0884, rmse 0.1203, time elapsed(min) 0.02---
2026-10-01 07:01:03,680 - INFO - --- validation at epoch 111, val_loss 0.0083, val_mae 0.0896, val_rmse 0.1239, val_r2 0.7904, val_pearson 0.8972, lr 3.00e-04 ---
2026-10-01 07:01:03,680 - INFO - 
****************************************************************************************************
2026-10-01 07:01:05,427 - INFO - --- training epoch 112, loss 0.0072, mae 0.0880, rmse 0.1198, time elapsed(min) 0.02---
2026-10-01 07:01:05,638 - INFO - --- validation at epoch 112, val_loss 0.0086, val_mae 0.0907, val_rmse 0.1235, val_r2 0.7917, val_pearson 0.9006, lr 3.00e-04 ---
2026-10-01 07:01:05,638 - INFO - 
****************************************************************************************************
2026-10-01 07:01:07,456 - INFO - --- training epoch 113, loss 0.0071, mae 0.0877, rmse 0.1188, time elapsed(min) 0.03---
2026-10-01 07:01:07,841 - INFO - --- validation at epoch 113, val_loss 0.0091, val_mae 0.0961, val_rmse 0.1315, val_r2 0.7637, val_pearson 0.8942, lr 3.00e-04 ---
2026-10-01 07:01:07,841 - INFO - 
****************************************************************************************************
2026-10-01 07:01:09,736 - INFO - --- training epoch 114, loss 0.0070, mae 0.0872, rmse 0.1184, time elapsed(min) 0.03---
2026-10-01 07:01:09,949 - INFO - --- validation at epoch 114, val_loss 0.0087, val_mae 0.0915, val_rmse 0.1275, val_r2 0.7780, val_pearson 0.8973, lr 3.00e-04 ---
2026-10-01 07:01:09,949 - INFO - 
****************************************************************************************************
2026-10-01 07:01:11,658 - INFO - --- training epoch 115, loss 0.0071, mae 0.0881, rmse 0.1194, time elapsed(min) 0.02---
2026-10-01 07:01:11,871 - INFO - --- validation at epoch 115, val_loss 0.0083, val_mae 0.0912, val_rmse 0.1251, val_r2 0.7862, val_pearson 0.8983, lr 3.00e-04 ---
2026-10-01 07:01:11,871 - INFO - 
****************************************************************************************************
2026-10-01 07:01:13,665 - INFO - --- training epoch 116, loss 0.0068, mae 0.0861, rmse 0.1166, time elapsed(min) 0.03---
2026-10-01 07:01:13,997 - INFO - --- validation at epoch 116, val_loss 0.0071, val_mae 0.0835, val_rmse 0.1165, val_r2 0.8148, val_pearson 0.9034, lr 9.00e-05 ---
2026-10-01 07:01:13,997 - INFO - 
****************************************************************************************************
2026-10-01 07:01:16,033 - INFO - --- training epoch 117, loss 0.0064, mae 0.0832, rmse 0.1133, time elapsed(min) 0.03---
2026-10-01 07:01:16,248 - INFO - --- validation at epoch 117, val_loss 0.0072, val_mae 0.0835, val_rmse 0.1160, val_r2 0.8163, val_pearson 0.9039, lr 9.00e-05 ---
2026-10-01 07:01:16,248 - INFO - 
****************************************************************************************************
2026-10-01 07:01:17,961 - INFO - --- training epoch 118, loss 0.0063, mae 0.0821, rmse 0.1123, time elapsed(min) 0.02---
2026-10-01 07:01:18,170 - INFO - --- validation at epoch 118, val_loss 0.0072, val_mae 0.0840, val_rmse 0.1169, val_r2 0.8135, val_pearson 0.9032, lr 9.00e-05 ---
2026-10-01 07:01:18,170 - INFO - 
****************************************************************************************************
2026-10-01 07:01:19,898 - INFO - --- training epoch 119, loss 0.0063, mae 0.0822, rmse 0.1122, time elapsed(min) 0.02---
2026-10-01 07:01:20,231 - INFO - --- validation at epoch 119, val_loss 0.0073, val_mae 0.0834, val_rmse 0.1161, val_r2 0.8158, val_pearson 0.9039, lr 9.00e-05 ---
2026-10-01 07:01:20,231 - INFO - 
****************************************************************************************************
2026-10-01 07:01:22,086 - INFO - --- training epoch 120, loss 0.0063, mae 0.0822, rmse 0.1120, time elapsed(min) 0.03---
2026-10-01 07:01:22,567 - INFO - --- validation at epoch 120, val_loss 0.0072, val_mae 0.0832, val_rmse 0.1154, val_r2 0.8180, val_pearson 0.9048, lr 9.00e-05 ---
2026-10-01 07:01:22,567 - INFO - 
****************************************************************************************************
2026-10-01 07:01:24,297 - INFO - --- training epoch 121, loss 0.0064, mae 0.0828, rmse 0.1127, time elapsed(min) 0.02---
2026-10-01 07:01:24,510 - INFO - --- validation at epoch 121, val_loss 0.0074, val_mae 0.0842, val_rmse 0.1174, val_r2 0.8119, val_pearson 0.9026, lr 9.00e-05 ---
2026-10-01 07:01:24,510 - INFO - 
****************************************************************************************************
2026-10-01 07:01:26,289 - INFO - --- training epoch 122, loss 0.0062, mae 0.0821, rmse 0.1115, time elapsed(min) 0.02---
2026-10-01 07:01:26,501 - INFO - --- validation at epoch 122, val_loss 0.0072, val_mae 0.0842, val_rmse 0.1172, val_r2 0.8125, val_pearson 0.9028, lr 9.00e-05 ---
2026-10-01 07:01:26,502 - INFO - 
****************************************************************************************************
2026-10-01 07:01:28,277 - INFO - --- training epoch 123, loss 0.0061, mae 0.0814, rmse 0.1107, time elapsed(min) 0.02---
2026-10-01 07:01:28,644 - INFO - --- validation at epoch 123, val_loss 0.0074, val_mae 0.0842, val_rmse 0.1171, val_r2 0.8128, val_pearson 0.9025, lr 9.00e-05 ---
2026-10-01 07:01:28,644 - INFO - 
****************************************************************************************************
2026-10-01 07:01:30,470 - INFO - --- training epoch 124, loss 0.0061, mae 0.0811, rmse 0.1108, time elapsed(min) 0.02---
2026-10-01 07:01:30,681 - INFO - --- validation at epoch 124, val_loss 0.0072, val_mae 0.0828, val_rmse 0.1157, val_r2 0.8172, val_pearson 0.9049, lr 9.00e-05 ---
2026-10-01 07:01:30,681 - INFO - 
****************************************************************************************************
2026-10-01 07:01:32,407 - INFO - --- training epoch 125, loss 0.0062, mae 0.0817, rmse 0.1113, time elapsed(min) 0.02---
2026-10-01 07:01:32,621 - INFO - --- validation at epoch 125, val_loss 0.0074, val_mae 0.0839, val_rmse 0.1166, val_r2 0.8142, val_pearson 0.9034, lr 9.00e-05 ---
2026-10-01 07:01:32,621 - INFO - 
****************************************************************************************************
2026-10-01 07:01:34,375 - INFO - --- training epoch 126, loss 0.0062, mae 0.0814, rmse 0.1118, time elapsed(min) 0.02---
2026-10-01 07:01:34,711 - INFO - --- validation at epoch 126, val_loss 0.0073, val_mae 0.0846, val_rmse 0.1178, val_r2 0.8106, val_pearson 0.9015, lr 9.00e-05 ---
2026-10-01 07:01:34,711 - INFO - 
****************************************************************************************************
2026-10-01 07:01:36,634 - INFO - --- training epoch 127, loss 0.0061, mae 0.0806, rmse 0.1109, time elapsed(min) 0.03---
2026-10-01 07:01:36,854 - INFO - --- validation at epoch 127, val_loss 0.0073, val_mae 0.0830, val_rmse 0.1162, val_r2 0.8156, val_pearson 0.9041, lr 9.00e-05 ---
2026-10-01 07:01:36,854 - INFO - 
****************************************************************************************************
2026-10-01 07:01:38,643 - INFO - --- training epoch 128, loss 0.0060, mae 0.0800, rmse 0.1094, time elapsed(min) 0.03---
2026-10-01 07:01:38,857 - INFO - --- validation at epoch 128, val_loss 0.0072, val_mae 0.0836, val_rmse 0.1163, val_r2 0.8154, val_pearson 0.9054, lr 2.70e-05 ---
2026-10-01 07:01:38,857 - INFO - 
****************************************************************************************************
2026-10-01 07:01:40,658 - INFO - --- training epoch 129, loss 0.0059, mae 0.0797, rmse 0.1089, time elapsed(min) 0.03---
2026-10-01 07:01:40,873 - INFO - --- validation at epoch 129, val_loss 0.0072, val_mae 0.0834, val_rmse 0.1163, val_r2 0.8154, val_pearson 0.9038, lr 2.70e-05 ---
2026-10-01 07:01:40,873 - INFO - 
****************************************************************************************************
2026-10-01 07:01:42,709 - INFO - --- training epoch 130, loss 0.0059, mae 0.0792, rmse 0.1090, time elapsed(min) 0.03---
2026-10-01 07:01:43,085 - INFO - --- validation at epoch 130, val_loss 0.0071, val_mae 0.0828, val_rmse 0.1157, val_r2 0.8170, val_pearson 0.9046, lr 2.70e-05 ---
2026-10-01 07:01:43,085 - INFO - 
****************************************************************************************************
2026-10-01 07:01:44,917 - INFO - --- training epoch 131, loss 0.0058, mae 0.0786, rmse 0.1075, time elapsed(min) 0.02---
2026-10-01 07:01:45,129 - INFO - --- validation at epoch 131, val_loss 0.0072, val_mae 0.0832, val_rmse 0.1163, val_r2 0.8153, val_pearson 0.9038, lr 2.70e-05 ---
2026-10-01 07:01:45,129 - INFO - 
****************************************************************************************************
2026-10-01 07:01:46,917 - INFO - --- training epoch 132, loss 0.0060, mae 0.0794, rmse 0.1093, time elapsed(min) 0.03---
2026-10-01 07:01:47,133 - INFO - --- validation at epoch 132, val_loss 0.0073, val_mae 0.0833, val_rmse 0.1164, val_r2 0.8148, val_pearson 0.9044, lr 2.70e-05 ---
2026-10-01 07:01:47,133 - INFO - 
****************************************************************************************************
2026-10-01 07:01:48,989 - INFO - --- training epoch 133, loss 0.0060, mae 0.0801, rmse 0.1091, time elapsed(min) 0.03---
2026-10-01 07:01:49,337 - INFO - --- validation at epoch 133, val_loss 0.0071, val_mae 0.0827, val_rmse 0.1155, val_r2 0.8179, val_pearson 0.9054, lr 2.70e-05 ---
2026-10-01 07:01:49,337 - INFO - 
****************************************************************************************************
2026-10-01 07:01:51,282 - INFO - --- training epoch 134, loss 0.0060, mae 0.0797, rmse 0.1094, time elapsed(min) 0.03---
2026-10-01 07:01:51,496 - INFO - --- validation at epoch 134, val_loss 0.0072, val_mae 0.0829, val_rmse 0.1157, val_r2 0.8171, val_pearson 0.9049, lr 2.70e-05 ---
2026-10-01 07:01:51,496 - INFO - 
****************************************************************************************************
2026-10-01 07:01:53,196 - INFO - --- training epoch 135, loss 0.0059, mae 0.0795, rmse 0.1086, time elapsed(min) 0.02---
2026-10-01 07:01:53,406 - INFO - --- validation at epoch 135, val_loss 0.0073, val_mae 0.0833, val_rmse 0.1163, val_r2 0.8152, val_pearson 0.9040, lr 2.70e-05 ---
2026-10-01 07:01:53,406 - INFO - 
****************************************************************************************************
2026-10-01 07:01:55,211 - INFO - --- training epoch 136, loss 0.0058, mae 0.0790, rmse 0.1081, time elapsed(min) 0.03---
2026-10-01 07:01:55,554 - INFO - --- validation at epoch 136, val_loss 0.0072, val_mae 0.0830, val_rmse 0.1158, val_r2 0.8170, val_pearson 0.9050, lr 2.70e-05 ---
2026-10-01 07:01:55,555 - INFO - 
****************************************************************************************************
2026-10-01 07:01:57,460 - INFO - --- training epoch 137, loss 0.0061, mae 0.0813, rmse 0.1108, time elapsed(min) 0.03---
2026-10-01 07:01:57,672 - INFO - --- validation at epoch 137, val_loss 0.0071, val_mae 0.0827, val_rmse 0.1155, val_r2 0.8178, val_pearson 0.9054, lr 2.70e-05 ---
2026-10-01 07:01:57,672 - INFO - 
****************************************************************************************************
2026-10-01 07:01:59,464 - INFO - --- training epoch 138, loss 0.0058, mae 0.0788, rmse 0.1081, time elapsed(min) 0.02---
2026-10-01 07:01:59,681 - INFO - --- validation at epoch 138, val_loss 0.0072, val_mae 0.0826, val_rmse 0.1153, val_r2 0.8184, val_pearson 0.9052, lr 2.70e-05 ---
2026-10-01 07:01:59,681 - INFO - 
****************************************************************************************************
2026-10-01 07:02:01,408 - INFO - --- training epoch 139, loss 0.0057, mae 0.0782, rmse 0.1067, time elapsed(min) 0.02---
2026-10-01 07:02:01,733 - INFO - --- validation at epoch 139, val_loss 0.0072, val_mae 0.0826, val_rmse 0.1155, val_r2 0.8178, val_pearson 0.9051, lr 2.70e-05 ---
2026-10-01 07:02:01,733 - INFO - 
****************************************************************************************************
2026-10-01 07:02:03,570 - INFO - --- training epoch 140, loss 0.0058, mae 0.0782, rmse 0.1073, time elapsed(min) 0.03---
2026-10-01 07:02:03,953 - INFO - --- validation at epoch 140, val_loss 0.0071, val_mae 0.0822, val_rmse 0.1152, val_r2 0.8189, val_pearson 0.9053, lr 2.70e-05 ---
2026-10-01 07:02:03,953 - INFO - 
****************************************************************************************************
2026-10-01 07:02:05,874 - INFO - --- training epoch 141, loss 0.0059, mae 0.0794, rmse 0.1091, time elapsed(min) 0.03---
2026-10-01 07:02:06,090 - INFO - --- validation at epoch 141, val_loss 0.0071, val_mae 0.0826, val_rmse 0.1154, val_r2 0.8182, val_pearson 0.9051, lr 2.70e-05 ---
2026-10-01 07:02:06,090 - INFO - 
****************************************************************************************************
2026-10-01 07:02:07,809 - INFO - --- training epoch 142, loss 0.0058, mae 0.0788, rmse 0.1081, time elapsed(min) 0.02---
2026-10-01 07:02:08,024 - INFO - --- validation at epoch 142, val_loss 0.0072, val_mae 0.0832, val_rmse 0.1163, val_r2 0.8154, val_pearson 0.9041, lr 2.70e-05 ---
2026-10-01 07:02:08,024 - INFO - 
****************************************************************************************************
2026-10-01 07:02:09,817 - INFO - --- training epoch 143, loss 0.0058, mae 0.0785, rmse 0.1073, time elapsed(min) 0.03---
2026-10-01 07:02:10,209 - INFO - --- validation at epoch 143, val_loss 0.0072, val_mae 0.0827, val_rmse 0.1158, val_r2 0.8170, val_pearson 0.9047, lr 2.70e-05 ---
2026-10-01 07:02:10,209 - INFO - 
****************************************************************************************************
2026-10-01 07:02:12,016 - INFO - --- training epoch 144, loss 0.0059, mae 0.0794, rmse 0.1083, time elapsed(min) 0.02---
2026-10-01 07:02:12,226 - INFO - --- validation at epoch 144, val_loss 0.0072, val_mae 0.0828, val_rmse 0.1163, val_r2 0.8154, val_pearson 0.9039, lr 2.70e-05 ---
2026-10-01 07:02:12,226 - INFO - 
****************************************************************************************************
2026-10-01 07:02:13,927 - INFO - --- training epoch 145, loss 0.0060, mae 0.0797, rmse 0.1091, time elapsed(min) 0.02---
2026-10-01 07:02:14,141 - INFO - --- validation at epoch 145, val_loss 0.0072, val_mae 0.0829, val_rmse 0.1160, val_r2 0.8163, val_pearson 0.9044, lr 2.70e-05 ---
2026-10-01 07:02:14,141 - INFO - 
****************************************************************************************************
2026-10-01 07:02:15,961 - INFO - --- training epoch 146, loss 0.0058, mae 0.0780, rmse 0.1079, time elapsed(min) 0.03---
2026-10-01 07:02:16,289 - INFO - --- validation at epoch 146, val_loss 0.0071, val_mae 0.0822, val_rmse 0.1154, val_r2 0.8181, val_pearson 0.9050, lr 2.70e-05 ---
2026-10-01 07:02:16,289 - INFO - 
****************************************************************************************************
2026-10-01 07:02:18,245 - INFO - --- training epoch 147, loss 0.0060, mae 0.0805, rmse 0.1099, time elapsed(min) 0.03---
2026-10-01 07:02:18,455 - INFO - --- validation at epoch 147, val_loss 0.0072, val_mae 0.0826, val_rmse 0.1157, val_r2 0.8173, val_pearson 0.9053, lr 2.70e-05 ---
2026-10-01 07:02:18,455 - INFO - 
****************************************************************************************************
2026-10-01 07:02:20,148 - INFO - --- training epoch 148, loss 0.0058, mae 0.0785, rmse 0.1077, time elapsed(min) 0.02---
2026-10-01 07:02:20,361 - INFO - --- validation at epoch 148, val_loss 0.0072, val_mae 0.0827, val_rmse 0.1161, val_r2 0.8160, val_pearson 0.9040, lr 2.70e-05 ---
2026-10-01 07:02:20,361 - INFO - 
****************************************************************************************************
2026-10-01 07:02:22,079 - INFO - --- training epoch 149, loss 0.0057, mae 0.0780, rmse 0.1071, time elapsed(min) 0.02---
2026-10-01 07:02:22,308 - INFO - --- validation at epoch 149, val_loss 0.0073, val_mae 0.0829, val_rmse 0.1155, val_r2 0.8177, val_pearson 0.9057, lr 8.10e-06 ---
2026-10-01 07:02:22,309 - INFO - 
****************************************************************************************************
2026-10-01 07:02:24,104 - INFO - --- training epoch 150, loss 0.0058, mae 0.0782, rmse 0.1073, time elapsed(min) 0.03---
2026-10-01 07:02:24,492 - INFO - --- validation at epoch 150, val_loss 0.0072, val_mae 0.0825, val_rmse 0.1152, val_r2 0.8188, val_pearson 0.9055, lr 8.10e-06 ---
2026-10-01 07:02:24,493 - INFO - 
****************************************************************************************************
2026-10-01 07:02:26,320 - INFO - --- training epoch 151, loss 0.0056, mae 0.0771, rmse 0.1062, time elapsed(min) 0.02---
2026-10-01 07:02:26,533 - INFO - --- validation at epoch 151, val_loss 0.0072, val_mae 0.0828, val_rmse 0.1154, val_r2 0.8180, val_pearson 0.9057, lr 8.10e-06 ---
2026-10-01 07:02:26,533 - INFO - 
****************************************************************************************************
2026-10-01 07:02:28,255 - INFO - --- training epoch 152, loss 0.0057, mae 0.0777, rmse 0.1070, time elapsed(min) 0.02---
2026-10-01 07:02:28,467 - INFO - --- validation at epoch 152, val_loss 0.0072, val_mae 0.0831, val_rmse 0.1157, val_r2 0.8172, val_pearson 0.9054, lr 8.10e-06 ---
2026-10-01 07:02:28,468 - INFO - 
****************************************************************************************************
2026-10-01 07:02:30,308 - INFO - --- training epoch 153, loss 0.0057, mae 0.0784, rmse 0.1069, time elapsed(min) 0.03---
2026-10-01 07:02:30,643 - INFO - --- validation at epoch 153, val_loss 0.0072, val_mae 0.0825, val_rmse 0.1152, val_r2 0.8189, val_pearson 0.9059, lr 8.10e-06 ---
2026-10-01 07:02:30,643 - INFO - 
****************************************************************************************************
2026-10-01 07:02:32,552 - INFO - --- training epoch 154, loss 0.0058, mae 0.0780, rmse 0.1080, time elapsed(min) 0.03---
2026-10-01 07:02:32,764 - INFO - --- validation at epoch 154, val_loss 0.0072, val_mae 0.0829, val_rmse 0.1155, val_r2 0.8177, val_pearson 0.9054, lr 8.10e-06 ---
2026-10-01 07:02:32,764 - INFO - 
****************************************************************************************************
2026-10-01 07:02:34,489 - INFO - --- training epoch 155, loss 0.0057, mae 0.0779, rmse 0.1069, time elapsed(min) 0.02---
2026-10-01 07:02:34,703 - INFO - --- validation at epoch 155, val_loss 0.0072, val_mae 0.0828, val_rmse 0.1155, val_r2 0.8178, val_pearson 0.9057, lr 8.10e-06 ---
2026-10-01 07:02:34,703 - INFO - 
****************************************************************************************************
2026-10-01 07:02:36,445 - INFO - --- training epoch 156, loss 0.0056, mae 0.0776, rmse 0.1061, time elapsed(min) 0.02---
2026-10-01 07:02:36,778 - INFO - --- validation at epoch 156, val_loss 0.0072, val_mae 0.0828, val_rmse 0.1158, val_r2 0.8170, val_pearson 0.9053, lr 8.10e-06 ---
2026-10-01 07:02:36,778 - INFO - 
****************************************************************************************************
2026-10-01 07:02:38,712 - INFO - --- training epoch 157, loss 0.0057, mae 0.0776, rmse 0.1066, time elapsed(min) 0.03---
2026-10-01 07:02:38,925 - INFO - --- validation at epoch 157, val_loss 0.0072, val_mae 0.0829, val_rmse 0.1155, val_r2 0.8177, val_pearson 0.9056, lr 8.10e-06 ---
2026-10-01 07:02:38,925 - INFO - 
****************************************************************************************************
2026-10-01 07:02:40,664 - INFO - --- training epoch 158, loss 0.0057, mae 0.0776, rmse 0.1067, time elapsed(min) 0.02---
2026-10-01 07:02:40,875 - INFO - --- validation at epoch 158, val_loss 0.0072, val_mae 0.0827, val_rmse 0.1154, val_r2 0.8182, val_pearson 0.9059, lr 8.10e-06 ---
2026-10-01 07:02:40,875 - INFO - 
****************************************************************************************************
2026-10-01 07:02:42,613 - INFO - --- training epoch 159, loss 0.0056, mae 0.0773, rmse 0.1061, time elapsed(min) 0.02---
2026-10-01 07:02:42,825 - INFO - --- validation at epoch 159, val_loss 0.0072, val_mae 0.0827, val_rmse 0.1152, val_r2 0.8189, val_pearson 0.9057, lr 8.10e-06 ---
2026-10-01 07:02:42,825 - INFO - 
****************************************************************************************************
2026-10-01 07:02:44,701 - INFO - --- training epoch 160, loss 0.0056, mae 0.0772, rmse 0.1058, time elapsed(min) 0.03---
2026-10-01 07:02:45,076 - INFO - --- validation at epoch 160, val_loss 0.0072, val_mae 0.0824, val_rmse 0.1151, val_r2 0.8192, val_pearson 0.9057, lr 2.43e-06 ---
2026-10-01 07:02:45,076 - INFO - 
****************************************************************************************************
2026-10-01 07:02:46,896 - INFO - --- training epoch 161, loss 0.0057, mae 0.0781, rmse 0.1072, time elapsed(min) 0.02---
2026-10-01 07:02:47,109 - INFO - --- validation at epoch 161, val_loss 0.0072, val_mae 0.0824, val_rmse 0.1150, val_r2 0.8192, val_pearson 0.9058, lr 2.43e-06 ---
2026-10-01 07:02:47,110 - INFO - 
****************************************************************************************************
2026-10-01 07:02:48,842 - INFO - --- training epoch 162, loss 0.0057, mae 0.0781, rmse 0.1065, time elapsed(min) 0.02---
2026-10-01 07:02:49,052 - INFO - --- validation at epoch 162, val_loss 0.0072, val_mae 0.0825, val_rmse 0.1151, val_r2 0.8190, val_pearson 0.9058, lr 2.43e-06 ---
2026-10-01 07:02:49,052 - INFO - 
****************************************************************************************************
2026-10-01 07:02:50,879 - INFO - --- training epoch 163, loss 0.0057, mae 0.0773, rmse 0.1065, time elapsed(min) 0.03---
2026-10-01 07:02:51,266 - INFO - --- validation at epoch 163, val_loss 0.0072, val_mae 0.0824, val_rmse 0.1152, val_r2 0.8189, val_pearson 0.9057, lr 2.43e-06 ---
2026-10-01 07:02:51,266 - INFO - 
****************************************************************************************************
2026-10-01 07:02:53,165 - INFO - --- training epoch 164, loss 0.0057, mae 0.0778, rmse 0.1067, time elapsed(min) 0.03---
2026-10-01 07:02:53,380 - INFO - --- validation at epoch 164, val_loss 0.0072, val_mae 0.0826, val_rmse 0.1153, val_r2 0.8183, val_pearson 0.9053, lr 2.43e-06 ---
2026-10-01 07:02:53,381 - INFO - 
****************************************************************************************************
2026-10-01 07:02:55,103 - INFO - --- training epoch 165, loss 0.0058, mae 0.0782, rmse 0.1073, time elapsed(min) 0.02---
2026-10-01 07:02:55,320 - INFO - --- validation at epoch 165, val_loss 0.0072, val_mae 0.0826, val_rmse 0.1155, val_r2 0.8180, val_pearson 0.9052, lr 2.43e-06 ---
2026-10-01 07:02:55,320 - INFO - 
****************************************************************************************************
2026-10-01 07:02:57,053 - INFO - --- training epoch 166, loss 0.0057, mae 0.0775, rmse 0.1064, time elapsed(min) 0.02---
2026-10-01 07:02:57,402 - INFO - --- validation at epoch 166, val_loss 0.0072, val_mae 0.0823, val_rmse 0.1151, val_r2 0.8190, val_pearson 0.9056, lr 2.43e-06 ---
2026-10-01 07:02:57,402 - INFO - 
****************************************************************************************************
2026-10-01 07:02:59,359 - INFO - --- training epoch 167, loss 0.0056, mae 0.0769, rmse 0.1054, time elapsed(min) 0.03---
2026-10-01 07:02:59,583 - INFO - --- validation at epoch 167, val_loss 0.0072, val_mae 0.0824, val_rmse 0.1152, val_r2 0.8187, val_pearson 0.9055, lr 2.43e-06 ---
2026-10-01 07:02:59,583 - INFO - 
****************************************************************************************************
2026-10-01 07:03:01,361 - INFO - --- training epoch 168, loss 0.0058, mae 0.0781, rmse 0.1074, time elapsed(min) 0.03---
2026-10-01 07:03:01,577 - INFO - --- validation at epoch 168, val_loss 0.0072, val_mae 0.0825, val_rmse 0.1153, val_r2 0.8184, val_pearson 0.9054, lr 2.43e-06 ---
2026-10-01 07:03:01,577 - INFO - 
****************************************************************************************************
2026-10-01 07:03:03,384 - INFO - --- training epoch 169, loss 0.0056, mae 0.0769, rmse 0.1059, time elapsed(min) 0.03---
2026-10-01 07:03:03,592 - INFO - --- validation at epoch 169, val_loss 0.0072, val_mae 0.0825, val_rmse 0.1153, val_r2 0.8183, val_pearson 0.9054, lr 2.43e-06 ---
2026-10-01 07:03:03,592 - INFO - 
****************************************************************************************************
2026-10-01 07:03:05,388 - INFO - --- training epoch 170, loss 0.0057, mae 0.0773, rmse 0.1067, time elapsed(min) 0.03---
2026-10-01 07:03:05,772 - INFO - --- validation at epoch 170, val_loss 0.0072, val_mae 0.0823, val_rmse 0.1153, val_r2 0.8185, val_pearson 0.9054, lr 2.43e-06 ---
2026-10-01 07:03:05,773 - INFO - 
****************************************************************************************************
2026-10-01 07:03:07,637 - INFO - --- training epoch 171, loss 0.0056, mae 0.0768, rmse 0.1054, time elapsed(min) 0.02---
2026-10-01 07:03:07,857 - INFO - --- validation at epoch 171, val_loss 0.0072, val_mae 0.0824, val_rmse 0.1153, val_r2 0.8184, val_pearson 0.9054, lr 1.00e-06 ---
2026-10-01 07:03:07,857 - INFO - 
****************************************************************************************************
2026-10-01 07:03:09,602 - INFO - --- training epoch 172, loss 0.0057, mae 0.0778, rmse 0.1067, time elapsed(min) 0.02---
2026-10-01 07:03:09,818 - INFO - --- validation at epoch 172, val_loss 0.0072, val_mae 0.0824, val_rmse 0.1153, val_r2 0.8185, val_pearson 0.9053, lr 1.00e-06 ---
2026-10-01 07:03:09,818 - INFO - 
****************************************************************************************************
2026-10-01 07:03:11,621 - INFO - --- training epoch 173, loss 0.0056, mae 0.0778, rmse 0.1062, time elapsed(min) 0.03---
2026-10-01 07:03:11,966 - INFO - --- validation at epoch 173, val_loss 0.0072, val_mae 0.0824, val_rmse 0.1153, val_r2 0.8186, val_pearson 0.9054, lr 1.00e-06 ---
2026-10-01 07:03:11,966 - INFO - 
****************************************************************************************************
2026-10-01 07:03:13,957 - INFO - --- training epoch 174, loss 0.0056, mae 0.0773, rmse 0.1058, time elapsed(min) 0.03---
2026-10-01 07:03:14,169 - INFO - --- validation at epoch 174, val_loss 0.0072, val_mae 0.0823, val_rmse 0.1152, val_r2 0.8188, val_pearson 0.9055, lr 1.00e-06 ---
2026-10-01 07:03:14,169 - INFO - 
****************************************************************************************************
2026-10-01 07:03:15,906 - INFO - --- training epoch 175, loss 0.0056, mae 0.0770, rmse 0.1062, time elapsed(min) 0.02---
2026-10-01 07:03:16,118 - INFO - --- validation at epoch 175, val_loss 0.0072, val_mae 0.0824, val_rmse 0.1152, val_r2 0.8186, val_pearson 0.9054, lr 1.00e-06 ---
2026-10-01 07:03:16,118 - INFO - 
****************************************************************************************************
2026-10-01 07:03:17,853 - INFO - --- training epoch 176, loss 0.0057, mae 0.0779, rmse 0.1067, time elapsed(min) 0.02---
2026-10-01 07:03:18,182 - INFO - --- validation at epoch 176, val_loss 0.0072, val_mae 0.0824, val_rmse 0.1153, val_r2 0.8185, val_pearson 0.9053, lr 1.00e-06 ---
2026-10-01 07:03:18,182 - INFO - 
****************************************************************************************************
2026-10-01 07:03:20,128 - INFO - --- training epoch 177, loss 0.0057, mae 0.0773, rmse 0.1064, time elapsed(min) 0.03---
2026-10-01 07:03:20,342 - INFO - --- validation at epoch 177, val_loss 0.0072, val_mae 0.0824, val_rmse 0.1153, val_r2 0.8186, val_pearson 0.9053, lr 1.00e-06 ---
2026-10-01 07:03:20,342 - INFO - 
****************************************************************************************************
2026-10-01 07:03:22,041 - INFO - --- training epoch 178, loss 0.0056, mae 0.0771, rmse 0.1059, time elapsed(min) 0.02---
2026-10-01 07:03:22,249 - INFO - --- validation at epoch 178, val_loss 0.0072, val_mae 0.0823, val_rmse 0.1152, val_r2 0.8187, val_pearson 0.9054, lr 1.00e-06 ---
2026-10-01 07:03:22,249 - INFO - 
****************************************************************************************************
2026-10-01 07:03:24,054 - INFO - --- training epoch 179, loss 0.0056, mae 0.0774, rmse 0.1062, time elapsed(min) 0.03---
2026-10-01 07:03:24,271 - INFO - --- validation at epoch 179, val_loss 0.0072, val_mae 0.0823, val_rmse 0.1152, val_r2 0.8188, val_pearson 0.9055, lr 1.00e-06 ---
2026-10-01 07:03:24,271 - INFO - 
****************************************************************************************************
2026-10-01 07:03:26,097 - INFO - --- training epoch 180, loss 0.0054, mae 0.0757, rmse 0.1043, time elapsed(min) 0.03---
2026-10-01 07:03:26,499 - INFO - --- validation at epoch 180, val_loss 0.0072, val_mae 0.0822, val_rmse 0.1151, val_r2 0.8191, val_pearson 0.9056, lr 1.00e-06 ---
2026-10-01 07:03:26,499 - INFO - 
****************************************************************************************************
2026-10-01 07:03:28,388 - INFO - --- training epoch 181, loss 0.0057, mae 0.0776, rmse 0.1071, time elapsed(min) 0.03---
2026-10-01 07:03:28,600 - INFO - --- validation at epoch 181, val_loss 0.0072, val_mae 0.0822, val_rmse 0.1151, val_r2 0.8192, val_pearson 0.9057, lr 1.00e-06 ---
2026-10-01 07:03:28,600 - INFO - 
****************************************************************************************************
2026-10-01 07:03:30,311 - INFO - --- training epoch 182, loss 0.0058, mae 0.0782, rmse 0.1075, time elapsed(min) 0.02---
2026-10-01 07:03:30,523 - INFO - --- validation at epoch 182, val_loss 0.0072, val_mae 0.0823, val_rmse 0.1151, val_r2 0.8192, val_pearson 0.9056, lr 1.00e-06 ---
2026-10-01 07:03:30,523 - INFO - 
****************************************************************************************************
2026-10-01 07:03:32,279 - INFO - --- training epoch 183, loss 0.0057, mae 0.0781, rmse 0.1069, time elapsed(min) 0.02---
2026-10-01 07:03:32,650 - INFO - --- validation at epoch 183, val_loss 0.0072, val_mae 0.0822, val_rmse 0.1151, val_r2 0.8192, val_pearson 0.9057, lr 1.00e-06 ---
2026-10-01 07:03:32,650 - INFO - 
****************************************************************************************************
2026-10-01 07:03:34,448 - INFO - --- training epoch 184, loss 0.0056, mae 0.0773, rmse 0.1055, time elapsed(min) 0.02---
2026-10-01 07:03:34,660 - INFO - --- validation at epoch 184, val_loss 0.0072, val_mae 0.0822, val_rmse 0.1150, val_r2 0.8193, val_pearson 0.9058, lr 1.00e-06 ---
2026-10-01 07:03:34,660 - INFO - 
****************************************************************************************************
2026-10-01 07:03:36,399 - INFO - --- training epoch 185, loss 0.0058, mae 0.0783, rmse 0.1078, time elapsed(min) 0.02---
2026-10-01 07:03:36,610 - INFO - --- validation at epoch 185, val_loss 0.0072, val_mae 0.0823, val_rmse 0.1151, val_r2 0.8190, val_pearson 0.9056, lr 1.00e-06 ---
2026-10-01 07:03:36,610 - INFO - 
****************************************************************************************************
2026-10-01 07:03:38,402 - INFO - --- training epoch 186, loss 0.0056, mae 0.0772, rmse 0.1061, time elapsed(min) 0.03---
2026-10-01 07:03:38,744 - INFO - --- validation at epoch 186, val_loss 0.0072, val_mae 0.0823, val_rmse 0.1151, val_r2 0.8190, val_pearson 0.9056, lr 1.00e-06 ---
2026-10-01 07:03:38,744 - INFO - 
****************************************************************************************************
2026-10-01 07:03:40,679 - INFO - --- training epoch 187, loss 0.0057, mae 0.0780, rmse 0.1072, time elapsed(min) 0.03---
2026-10-01 07:03:40,893 - INFO - --- validation at epoch 187, val_loss 0.0072, val_mae 0.0823, val_rmse 0.1151, val_r2 0.8190, val_pearson 0.9057, lr 1.00e-06 ---
2026-10-01 07:03:40,893 - INFO - 
****************************************************************************************************
2026-10-01 07:03:41,163 - INFO - --- early stopping at epoch 187: val_loss did not improve for 50 epochs ---
2026-10-01 07:03:41,413 - INFO - --- selected checkpoint from epoch 137, val_loss 0.0071, val_mae 0.0827, val_rmse 0.1155
2026-10-01 07:03:42,295 - INFO - -- RESULT
2026-10-01 07:03:42,295 - INFO - --- test size: 1728
2026-10-01 07:03:42,295 - INFO - --- MAE: 0.0834 (8.34 pp), RMSE: 0.1152 (11.52 pp), R2: 0.8324, Pearson: 0.9127
2026-10-01 07:03:44,383 - INFO - --- Suzuki-Miyaura | split_1 | approach_3: test R2 0.8324 MAE 0.0834 RMSE 0.1152 | 393.5s (2.1s/epoch)
2026-10-01 07:03:44,396 - INFO - --- Suzuki-Miyaura | split_1 | approach 2 (comb/mlp) (comb/mlp)
