2026-10-01 11:47:54,101 - INFO - device is	cuda:0
2026-10-01 11:47:54,193 - INFO - -- CONFIGURATIONS
2026-10-01 11:47:54,193 - INFO - --- train/valid/test: 2491/277/1187
2026-10-01 11:47:54,193 - INFO - --- max no. reactants_train, valid, test respectively: 6, 6, 6
2026-10-01 11:47:54,193 - INFO - --- max no. products_train, valid, test respectively: 1, 1, 1
2026-10-01 11:47:54,193 - INFO - --- model_path: ../logs/bh_approach1_grid/runs/bh/fullcv03_split70/ind_mean_mlp/model.pt
2026-10-01 11:47:54,201 - INFO - -- TRAINING
2026-10-01 11:47:54,897 - INFO - --- training epoch 0, loss 24.6966, mae 25.1916, rmse 31.7407, time elapsed(min) 0.01---
2026-10-01 11:47:55,061 - INFO - --- validation at epoch 0, val_loss 22.7620, val_mae 23.9124, val_rmse 29.3698, val_r2 -0.1712, val_pearson -0.3663, lr 1.00e-03 ---
2026-10-01 11:47:55,061 - INFO - 
****************************************************************************************************
2026-10-01 11:47:56,162 - INFO - --- training epoch 1, loss 23.1244, mae 23.6212, rmse 28.5129, time elapsed(min) 0.01---
2026-10-01 11:47:56,334 - INFO - --- validation at epoch 1, val_loss 22.5056, val_mae 23.6726, val_rmse 27.3446, val_r2 -0.0152, val_pearson -0.3586, lr 1.00e-03 ---
2026-10-01 11:47:56,334 - INFO - 
****************************************************************************************************
2026-10-01 11:47:57,587 - INFO - --- training epoch 2, loss 22.6961, mae 23.1927, rmse 28.0401, time elapsed(min) 0.01---
2026-10-01 11:47:57,754 - INFO - --- validation at epoch 2, val_loss 22.6908, val_mae 23.3995, val_rmse 28.1992, val_r2 -0.0797, val_pearson 0.1414, lr 1.00e-03 ---
2026-10-01 11:47:57,754 - INFO - 
****************************************************************************************************
2026-10-01 11:47:59,065 - INFO - --- training epoch 3, loss 22.5892, mae 23.0864, rmse 27.9958, time elapsed(min) 0.02---
2026-10-01 11:47:59,233 - INFO - --- validation at epoch 3, val_loss 22.2089, val_mae 23.3717, val_rmse 27.2526, val_r2 -0.0084, val_pearson 0.0210, lr 1.00e-03 ---
2026-10-01 11:47:59,233 - INFO - 
****************************************************************************************************
2026-10-01 11:48:00,524 - INFO - --- training epoch 4, loss 23.0685, mae 23.5658, rmse 28.4033, time elapsed(min) 0.01---
2026-10-01 11:48:00,690 - INFO - --- validation at epoch 4, val_loss 22.0615, val_mae 23.0921, val_rmse 27.7553, val_r2 -0.0459, val_pearson 0.2450, lr 1.00e-03 ---
2026-10-01 11:48:00,690 - INFO - 
****************************************************************************************************
2026-10-01 11:48:01,983 - INFO - --- training epoch 5, loss 22.5333, mae 23.0296, rmse 27.6800, time elapsed(min) 0.01---
2026-10-01 11:48:02,144 - INFO - --- validation at epoch 5, val_loss 22.0987, val_mae 23.1632, val_rmse 27.1284, val_r2 0.0008, val_pearson 0.1370, lr 1.00e-03 ---
2026-10-01 11:48:02,144 - INFO - 
****************************************************************************************************
2026-10-01 11:48:03,338 - INFO - --- training epoch 6, loss 22.4747, mae 22.9703, rmse 27.6980, time elapsed(min) 0.01---
2026-10-01 11:48:03,498 - INFO - --- validation at epoch 6, val_loss 24.2722, val_mae 24.9044, val_rmse 31.5545, val_r2 -0.3519, val_pearson 0.2570, lr 1.00e-03 ---
2026-10-01 11:48:03,499 - INFO - 
****************************************************************************************************
2026-10-01 11:48:04,554 - INFO - --- training epoch 7, loss 22.9792, mae 23.4751, rmse 28.5437, time elapsed(min) 0.01---
2026-10-01 11:48:04,715 - INFO - --- validation at epoch 7, val_loss 21.9930, val_mae 23.1180, val_rmse 26.6783, val_r2 0.0337, val_pearson 0.2214, lr 1.00e-03 ---
2026-10-01 11:48:04,715 - INFO - 
****************************************************************************************************
2026-10-01 11:48:05,998 - INFO - --- training epoch 8, loss 22.2981, mae 22.7947, rmse 27.2467, time elapsed(min) 0.01---
2026-10-01 11:48:06,162 - INFO - --- validation at epoch 8, val_loss 21.2293, val_mae 22.3293, val_rmse 25.9309, val_r2 0.0870, val_pearson 0.3257, lr 1.00e-03 ---
2026-10-01 11:48:06,162 - INFO - 
****************************************************************************************************
2026-10-01 11:48:07,497 - INFO - --- training epoch 9, loss 21.8899, mae 22.3863, rmse 26.6018, time elapsed(min) 0.01---
2026-10-01 11:48:07,671 - INFO - --- validation at epoch 9, val_loss 21.3717, val_mae 22.8644, val_rmse 26.4529, val_r2 0.0499, val_pearson 0.2338, lr 1.00e-03 ---
2026-10-01 11:48:07,671 - INFO - 
****************************************************************************************************
2026-10-01 11:48:08,925 - INFO - --- training epoch 10, loss 22.1316, mae 22.6279, rmse 27.3007, time elapsed(min) 0.01---
2026-10-01 11:48:09,095 - INFO - --- validation at epoch 10, val_loss 21.2454, val_mae 22.3956, val_rmse 25.9273, val_r2 0.0873, val_pearson 0.3287, lr 1.00e-03 ---
2026-10-01 11:48:09,095 - INFO - 
****************************************************************************************************
2026-10-01 11:48:10,558 - INFO - --- training epoch 11, loss 22.1931, mae 22.6887, rmse 27.2907, time elapsed(min) 0.02---
2026-10-01 11:48:10,731 - INFO - --- validation at epoch 11, val_loss 22.3755, val_mae 23.2861, val_rmse 28.7783, val_r2 -0.1245, val_pearson 0.3179, lr 1.00e-03 ---
2026-10-01 11:48:10,731 - INFO - 
****************************************************************************************************
2026-10-01 11:48:11,781 - INFO - --- training epoch 12, loss 22.4231, mae 22.9199, rmse 27.6433, time elapsed(min) 0.01---
2026-10-01 11:48:11,936 - INFO - --- validation at epoch 12, val_loss 21.4448, val_mae 22.4146, val_rmse 26.3754, val_r2 0.0555, val_pearson 0.2902, lr 1.00e-03 ---
2026-10-01 11:48:11,936 - INFO - 
****************************************************************************************************
2026-10-01 11:48:12,967 - INFO - --- training epoch 13, loss 21.4101, mae 21.9056, rmse 26.4083, time elapsed(min) 0.01---
2026-10-01 11:48:13,133 - INFO - --- validation at epoch 13, val_loss 20.7407, val_mae 21.6145, val_rmse 25.3818, val_r2 0.1253, val_pearson 0.3709, lr 1.00e-03 ---
2026-10-01 11:48:13,133 - INFO - 
****************************************************************************************************
2026-10-01 11:48:14,579 - INFO - --- training epoch 14, loss 21.3681, mae 21.8612, rmse 26.2309, time elapsed(min) 0.02---
2026-10-01 11:48:14,744 - INFO - --- validation at epoch 14, val_loss 20.2444, val_mae 21.3037, val_rmse 26.4504, val_r2 0.0501, val_pearson 0.4474, lr 1.00e-03 ---
2026-10-01 11:48:14,745 - INFO - 
****************************************************************************************************
2026-10-01 11:48:16,184 - INFO - --- training epoch 15, loss 21.8308, mae 22.3273, rmse 26.7345, time elapsed(min) 0.02---
2026-10-01 11:48:16,355 - INFO - --- validation at epoch 15, val_loss 20.6384, val_mae 21.5664, val_rmse 26.3726, val_r2 0.0557, val_pearson 0.4522, lr 1.00e-03 ---
2026-10-01 11:48:16,355 - INFO - 
****************************************************************************************************
2026-10-01 11:48:17,621 - INFO - --- training epoch 16, loss 21.3251, mae 21.8213, rmse 25.9410, time elapsed(min) 0.01---
2026-10-01 11:48:17,965 - INFO - --- validation at epoch 16, val_loss 20.3370, val_mae 20.9425, val_rmse 24.7350, val_r2 0.1693, val_pearson 0.4330, lr 1.00e-03 ---
2026-10-01 11:48:17,965 - INFO - 
****************************************************************************************************
2026-10-01 11:48:19,171 - INFO - --- training epoch 17, loss 21.1648, mae 21.6607, rmse 26.0783, time elapsed(min) 0.01---
2026-10-01 11:48:19,329 - INFO - --- validation at epoch 17, val_loss 20.4064, val_mae 21.3204, val_rmse 26.2437, val_r2 0.0649, val_pearson 0.4505, lr 1.00e-03 ---
2026-10-01 11:48:19,329 - INFO - 
****************************************************************************************************
2026-10-01 11:48:20,392 - INFO - --- training epoch 18, loss 21.1908, mae 21.6875, rmse 26.0341, time elapsed(min) 0.01---
2026-10-01 11:48:20,555 - INFO - --- validation at epoch 18, val_loss 20.3074, val_mae 20.8891, val_rmse 24.5853, val_r2 0.1793, val_pearson 0.4379, lr 1.00e-03 ---
2026-10-01 11:48:20,555 - INFO - 
****************************************************************************************************
2026-10-01 11:48:21,944 - INFO - --- training epoch 19, loss 20.9596, mae 21.4564, rmse 25.7584, time elapsed(min) 0.02---
2026-10-01 11:48:22,113 - INFO - --- validation at epoch 19, val_loss 20.1625, val_mae 20.7030, val_rmse 24.6790, val_r2 0.1731, val_pearson 0.4425, lr 1.00e-03 ---
2026-10-01 11:48:22,113 - INFO - 
****************************************************************************************************
2026-10-01 11:48:23,441 - INFO - --- training epoch 20, loss 21.1241, mae 21.6195, rmse 26.0266, time elapsed(min) 0.01---
2026-10-01 11:48:23,612 - INFO - --- validation at epoch 20, val_loss 20.0456, val_mae 20.7168, val_rmse 24.8313, val_r2 0.1628, val_pearson 0.4494, lr 1.00e-03 ---
2026-10-01 11:48:23,612 - INFO - 
****************************************************************************************************
2026-10-01 11:48:24,956 - INFO - --- training epoch 21, loss 20.9824, mae 21.4778, rmse 25.8380, time elapsed(min) 0.01---
2026-10-01 11:48:25,105 - INFO - --- validation at epoch 21, val_loss 20.2382, val_mae 20.8770, val_rmse 25.0261, val_r2 0.1496, val_pearson 0.4405, lr 1.00e-03 ---
2026-10-01 11:48:25,105 - INFO - 
****************************************************************************************************
2026-10-01 11:48:26,508 - INFO - --- training epoch 22, loss 21.0026, mae 21.4978, rmse 25.8962, time elapsed(min) 0.02---
2026-10-01 11:48:26,668 - INFO - --- validation at epoch 22, val_loss 20.0001, val_mae 20.5081, val_rmse 24.3516, val_r2 0.1949, val_pearson 0.4568, lr 1.00e-03 ---
2026-10-01 11:48:26,668 - INFO - 
****************************************************************************************************
2026-10-01 11:48:27,793 - INFO - --- training epoch 23, loss 21.0299, mae 21.5261, rmse 25.9774, time elapsed(min) 0.01---
2026-10-01 11:48:27,971 - INFO - --- validation at epoch 23, val_loss 20.0553, val_mae 20.7498, val_rmse 24.9552, val_r2 0.1545, val_pearson 0.4533, lr 1.00e-03 ---
2026-10-01 11:48:27,971 - INFO - 
****************************************************************************************************
2026-10-01 11:48:29,184 - INFO - --- training epoch 24, loss 20.9349, mae 21.4310, rmse 25.7763, time elapsed(min) 0.01---
2026-10-01 11:48:29,349 - INFO - --- validation at epoch 24, val_loss 20.2118, val_mae 20.5006, val_rmse 24.3480, val_r2 0.1951, val_pearson 0.4518, lr 1.00e-03 ---
2026-10-01 11:48:29,349 - INFO - 
****************************************************************************************************
2026-10-01 11:48:30,622 - INFO - --- training epoch 25, loss 20.8093, mae 21.3047, rmse 25.8336, time elapsed(min) 0.01---
2026-10-01 11:48:30,793 - INFO - --- validation at epoch 25, val_loss 20.1722, val_mae 20.7295, val_rmse 25.0574, val_r2 0.1475, val_pearson 0.4541, lr 1.00e-03 ---
2026-10-01 11:48:30,793 - INFO - 
****************************************************************************************************
2026-10-01 11:48:32,070 - INFO - --- training epoch 26, loss 21.0123, mae 21.5093, rmse 25.9763, time elapsed(min) 0.01---
2026-10-01 11:48:32,221 - INFO - --- validation at epoch 26, val_loss 20.0033, val_mae 20.3575, val_rmse 24.1163, val_r2 0.2103, val_pearson 0.4641, lr 1.00e-03 ---
2026-10-01 11:48:32,222 - INFO - 
****************************************************************************************************
2026-10-01 11:48:33,635 - INFO - --- training epoch 27, loss 20.8346, mae 21.3298, rmse 25.8263, time elapsed(min) 0.02---
2026-10-01 11:48:33,812 - INFO - --- validation at epoch 27, val_loss 20.1145, val_mae 20.4258, val_rmse 24.3537, val_r2 0.1947, val_pearson 0.4551, lr 1.00e-03 ---
2026-10-01 11:48:33,812 - INFO - 
****************************************************************************************************
2026-10-01 11:48:34,883 - INFO - --- training epoch 28, loss 20.8423, mae 21.3379, rmse 25.7804, time elapsed(min) 0.01---
2026-10-01 11:48:35,052 - INFO - --- validation at epoch 28, val_loss 19.8636, val_mae 20.4402, val_rmse 24.5273, val_r2 0.1832, val_pearson 0.4648, lr 1.00e-03 ---
2026-10-01 11:48:35,053 - INFO - 
****************************************************************************************************
2026-10-01 11:48:36,317 - INFO - --- training epoch 29, loss 20.8718, mae 21.3680, rmse 25.8343, time elapsed(min) 0.01---
2026-10-01 11:48:36,481 - INFO - --- validation at epoch 29, val_loss 20.1961, val_mae 20.4781, val_rmse 24.2750, val_r2 0.1999, val_pearson 0.4553, lr 1.00e-03 ---
2026-10-01 11:48:36,482 - INFO - 
****************************************************************************************************
2026-10-01 11:48:37,732 - INFO - --- training epoch 30, loss 20.8335, mae 21.3293, rmse 25.8081, time elapsed(min) 0.01---
2026-10-01 11:48:37,895 - INFO - --- validation at epoch 30, val_loss 20.0647, val_mae 20.4040, val_rmse 24.3361, val_r2 0.1959, val_pearson 0.4603, lr 1.00e-03 ---
2026-10-01 11:48:37,895 - INFO - 
****************************************************************************************************
2026-10-01 11:48:39,153 - INFO - --- training epoch 31, loss 20.8214, mae 21.3163, rmse 25.7550, time elapsed(min) 0.01---
2026-10-01 11:48:39,318 - INFO - --- validation at epoch 31, val_loss 20.0167, val_mae 20.3210, val_rmse 24.2845, val_r2 0.1993, val_pearson 0.4615, lr 1.00e-03 ---
2026-10-01 11:48:39,318 - INFO - 
****************************************************************************************************
2026-10-01 11:48:40,588 - INFO - --- training epoch 32, loss 20.7925, mae 21.2882, rmse 25.7696, time elapsed(min) 0.01---
2026-10-01 11:48:40,957 - INFO - --- validation at epoch 32, val_loss 20.2199, val_mae 20.5031, val_rmse 24.2958, val_r2 0.1986, val_pearson 0.4542, lr 1.00e-03 ---
2026-10-01 11:48:40,957 - INFO - 
****************************************************************************************************
2026-10-01 11:48:42,180 - INFO - --- training epoch 33, loss 20.8438, mae 21.3395, rmse 25.8402, time elapsed(min) 0.01---
2026-10-01 11:48:42,355 - INFO - --- validation at epoch 33, val_loss 19.9242, val_mae 20.2905, val_rmse 24.2533, val_r2 0.2013, val_pearson 0.4658, lr 1.00e-03 ---
2026-10-01 11:48:42,355 - INFO - 
****************************************************************************************************
2026-10-01 11:48:43,410 - INFO - --- training epoch 34, loss 20.7967, mae 21.2933, rmse 25.7493, time elapsed(min) 0.01---
2026-10-01 11:48:43,589 - INFO - --- validation at epoch 34, val_loss 20.0888, val_mae 20.3130, val_rmse 24.2325, val_r2 0.2027, val_pearson 0.4608, lr 1.00e-03 ---
2026-10-01 11:48:43,589 - INFO - 
****************************************************************************************************
2026-10-01 11:48:44,844 - INFO - --- training epoch 35, loss 20.6658, mae 21.1611, rmse 25.6344, time elapsed(min) 0.01---
2026-10-01 11:48:45,015 - INFO - --- validation at epoch 35, val_loss 20.2871, val_mae 20.4996, val_rmse 24.4152, val_r2 0.1907, val_pearson 0.4503, lr 1.00e-03 ---
2026-10-01 11:48:45,015 - INFO - 
****************************************************************************************************
2026-10-01 11:48:46,275 - INFO - --- training epoch 36, loss 20.8698, mae 21.3654, rmse 25.9151, time elapsed(min) 0.01---
2026-10-01 11:48:46,455 - INFO - --- validation at epoch 36, val_loss 20.0413, val_mae 20.3183, val_rmse 24.1981, val_r2 0.2050, val_pearson 0.4646, lr 1.00e-03 ---
2026-10-01 11:48:46,455 - INFO - 
****************************************************************************************************
2026-10-01 11:48:47,730 - INFO - --- training epoch 37, loss 20.8220, mae 21.3179, rmse 25.8304, time elapsed(min) 0.01---
2026-10-01 11:48:47,896 - INFO - --- validation at epoch 37, val_loss 19.9844, val_mae 20.3124, val_rmse 24.2620, val_r2 0.2008, val_pearson 0.4635, lr 1.00e-03 ---
2026-10-01 11:48:47,896 - INFO - 
****************************************************************************************************
2026-10-01 11:48:49,099 - INFO - --- training epoch 38, loss 20.8445, mae 21.3386, rmse 25.8086, time elapsed(min) 0.01---
2026-10-01 11:48:49,266 - INFO - --- validation at epoch 38, val_loss 20.0124, val_mae 20.2152, val_rmse 24.1454, val_r2 0.2084, val_pearson 0.4659, lr 1.00e-03 ---
2026-10-01 11:48:49,266 - INFO - 
****************************************************************************************************
2026-10-01 11:48:49,639 - INFO - --- early stopping at epoch 38: val_loss did not improve for 10 epochs ---
2026-10-01 11:48:49,836 - INFO - --- selected checkpoint from epoch 28, val_loss 19.8636, val_mae 20.4402, val_rmse 24.5273
2026-10-01 11:48:50,267 - INFO - -- RESULT
2026-10-01 11:48:50,267 - INFO - --- test size: 1187
2026-10-01 11:48:50,267 - INFO - --- MAE: 20.8719 pp, RMSE: 25.1504 pp, R2: 0.1377, Pearson: 0.4196
2026-10-01 11:48:51,088 - INFO - --- Cell ind_mean_mlp DONE: test MAE=20.8719 RMSE=25.1504 R2=0.1377 | sec/epoch=1.42
2026-10-01 11:48:51,102 - INFO - === RUNNING: dataset=bh split=fullcv04_split70 cell=current_model (tokens=ind, pooling=mean, head=linear) ===
