2026-10-01 15:29:14,010 - INFO - device is	cuda:0
2026-10-01 15:29:14,188 - INFO - -- CONFIGURATIONS
2026-10-01 15:29:14,188 - INFO - --- train/valid/test: 3628/404/1728
2026-10-01 15:29:14,188 - INFO - --- max no. reactants_train, valid, test respectively: 14, 14, 14
2026-10-01 15:29:14,188 - INFO - --- max no. products_train, valid, test respectively: 1, 1, 1
2026-10-01 15:29:14,188 - INFO - --- model_path: ../logs/suzuki_approach1_grid/runs/suzuki/split_3/current_model/model.pt
2026-10-01 15:29:14,194 - INFO - -- TRAINING
2026-10-01 15:29:15,481 - INFO - --- training epoch 0, loss 2.1991, mae 2.5440, rmse 7.9156, time elapsed(min) 0.02---
2026-10-01 15:29:15,689 - INFO - --- validation at epoch 0, val_loss 0.0429, val_mae 0.2619, val_rmse 0.2997, val_r2 -0.1188, val_pearson 0.0725, lr 1.00e-03 ---
2026-10-01 15:29:15,689 - INFO - 
****************************************************************************************************
2026-10-01 15:29:17,304 - INFO - --- training epoch 1, loss 0.0438, mae 0.2492, rmse 0.2961, time elapsed(min) 0.02---
2026-10-01 15:29:17,511 - INFO - --- validation at epoch 1, val_loss 0.0370, val_mae 0.2431, val_rmse 0.2770, val_r2 0.0441, val_pearson 0.2475, lr 1.00e-03 ---
2026-10-01 15:29:17,511 - INFO - 
****************************************************************************************************
2026-10-01 15:29:19,106 - INFO - --- training epoch 2, loss 0.0387, mae 0.2400, rmse 0.2783, time elapsed(min) 0.02---
2026-10-01 15:29:19,443 - INFO - --- validation at epoch 2, val_loss 0.0375, val_mae 0.2403, val_rmse 0.2773, val_r2 0.0420, val_pearson 0.2551, lr 1.00e-03 ---
2026-10-01 15:29:19,443 - INFO - 
****************************************************************************************************
2026-10-01 15:29:21,103 - INFO - --- training epoch 3, loss 0.0383, mae 0.2389, rmse 0.2767, time elapsed(min) 0.02---
2026-10-01 15:29:21,506 - INFO - --- validation at epoch 3, val_loss 0.0367, val_mae 0.2400, val_rmse 0.2751, val_r2 0.0574, val_pearson 0.2567, lr 1.00e-03 ---
2026-10-01 15:29:21,506 - INFO - 
****************************************************************************************************
2026-10-01 15:29:23,296 - INFO - --- training epoch 4, loss 0.0384, mae 0.2390, rmse 0.2772, time elapsed(min) 0.02---
2026-10-01 15:29:23,504 - INFO - --- validation at epoch 4, val_loss 0.0363, val_mae 0.2410, val_rmse 0.2746, val_r2 0.0605, val_pearson 0.2654, lr 1.00e-03 ---
2026-10-01 15:29:23,504 - INFO - 
****************************************************************************************************
2026-10-01 15:29:25,189 - INFO - --- training epoch 5, loss 0.0391, mae 0.2405, rmse 0.2797, time elapsed(min) 0.02---
2026-10-01 15:29:25,397 - INFO - --- validation at epoch 5, val_loss 0.0362, val_mae 0.2421, val_rmse 0.2750, val_r2 0.0583, val_pearson 0.2800, lr 1.00e-03 ---
2026-10-01 15:29:25,397 - INFO - 
****************************************************************************************************
2026-10-01 15:29:27,096 - INFO - --- training epoch 6, loss 0.0387, mae 0.2389, rmse 0.2782, time elapsed(min) 0.02---
2026-10-01 15:29:27,456 - INFO - --- validation at epoch 6, val_loss 0.0359, val_mae 0.2411, val_rmse 0.2741, val_r2 0.0641, val_pearson 0.2897, lr 1.00e-03 ---
2026-10-01 15:29:27,456 - INFO - 
****************************************************************************************************
2026-10-01 15:29:29,278 - INFO - --- training epoch 7, loss 0.0380, mae 0.2366, rmse 0.2757, time elapsed(min) 0.02---
2026-10-01 15:29:29,486 - INFO - --- validation at epoch 7, val_loss 0.0357, val_mae 0.2404, val_rmse 0.2735, val_r2 0.0685, val_pearson 0.2993, lr 1.00e-03 ---
2026-10-01 15:29:29,486 - INFO - 
****************************************************************************************************
2026-10-01 15:29:31,094 - INFO - --- training epoch 8, loss 0.0379, mae 0.2362, rmse 0.2754, time elapsed(min) 0.02---
2026-10-01 15:29:31,305 - INFO - --- validation at epoch 8, val_loss 0.0356, val_mae 0.2364, val_rmse 0.2717, val_r2 0.0805, val_pearson 0.3072, lr 1.00e-03 ---
2026-10-01 15:29:31,305 - INFO - 
****************************************************************************************************
2026-10-01 15:29:32,943 - INFO - --- training epoch 9, loss 0.0385, mae 0.2370, rmse 0.2775, time elapsed(min) 0.02---
2026-10-01 15:29:33,271 - INFO - --- validation at epoch 9, val_loss 0.0354, val_mae 0.2399, val_rmse 0.2728, val_r2 0.0728, val_pearson 0.3078, lr 1.00e-03 ---
2026-10-01 15:29:33,271 - INFO - 
****************************************************************************************************
2026-10-01 15:29:35,100 - INFO - --- training epoch 10, loss 0.0383, mae 0.2363, rmse 0.2767, time elapsed(min) 0.02---
2026-10-01 15:29:35,308 - INFO - --- validation at epoch 10, val_loss 0.0350, val_mae 0.2341, val_rmse 0.2693, val_r2 0.0967, val_pearson 0.3333, lr 1.00e-03 ---
2026-10-01 15:29:35,308 - INFO - 
****************************************************************************************************
2026-10-01 15:29:36,979 - INFO - --- training epoch 11, loss 0.0384, mae 0.2363, rmse 0.2770, time elapsed(min) 0.02---
2026-10-01 15:29:37,188 - INFO - --- validation at epoch 11, val_loss 0.0463, val_mae 0.2423, val_rmse 0.3054, val_r2 -0.1620, val_pearson 0.3098, lr 1.00e-03 ---
2026-10-01 15:29:37,188 - INFO - 
****************************************************************************************************
2026-10-01 15:29:38,749 - INFO - --- training epoch 12, loss 0.0385, mae 0.2363, rmse 0.2775, time elapsed(min) 0.02---
2026-10-01 15:29:39,095 - INFO - --- validation at epoch 12, val_loss 0.0343, val_mae 0.2350, val_rmse 0.2678, val_r2 0.1067, val_pearson 0.3550, lr 1.00e-03 ---
2026-10-01 15:29:39,095 - INFO - 
****************************************************************************************************
2026-10-01 15:29:40,887 - INFO - --- training epoch 13, loss 0.0375, mae 0.2341, rmse 0.2740, time elapsed(min) 0.02---
2026-10-01 15:29:41,344 - INFO - --- validation at epoch 13, val_loss 0.0335, val_mae 0.2299, val_rmse 0.2635, val_r2 0.1352, val_pearson 0.3943, lr 1.00e-03 ---
2026-10-01 15:29:41,344 - INFO - 
****************************************************************************************************
2026-10-01 15:29:43,011 - INFO - --- training epoch 14, loss 0.0372, mae 0.2330, rmse 0.2729, time elapsed(min) 0.02---
2026-10-01 15:29:43,216 - INFO - --- validation at epoch 14, val_loss 0.0374, val_mae 0.2291, val_rmse 0.2763, val_r2 0.0491, val_pearson 0.4122, lr 1.00e-03 ---
2026-10-01 15:29:43,216 - INFO - 
****************************************************************************************************
2026-10-01 15:29:44,939 - INFO - --- training epoch 15, loss 0.0368, mae 0.2298, rmse 0.2713, time elapsed(min) 0.02---
2026-10-01 15:29:45,144 - INFO - --- validation at epoch 15, val_loss 0.0337, val_mae 0.2267, val_rmse 0.2632, val_r2 0.1373, val_pearson 0.4287, lr 1.00e-03 ---
2026-10-01 15:29:45,144 - INFO - 
****************************************************************************************************
2026-10-01 15:29:46,927 - INFO - --- training epoch 16, loss 0.0381, mae 0.2333, rmse 0.2762, time elapsed(min) 0.03---
2026-10-01 15:29:47,288 - INFO - --- validation at epoch 16, val_loss 0.0326, val_mae 0.2286, val_rmse 0.2600, val_r2 0.1578, val_pearson 0.4342, lr 1.00e-03 ---
2026-10-01 15:29:47,288 - INFO - 
****************************************************************************************************
2026-10-01 15:29:49,022 - INFO - --- training epoch 17, loss 0.0371, mae 0.2305, rmse 0.2722, time elapsed(min) 0.02---
2026-10-01 15:29:49,229 - INFO - --- validation at epoch 17, val_loss 0.0321, val_mae 0.2271, val_rmse 0.2586, val_r2 0.1672, val_pearson 0.4400, lr 1.00e-03 ---
2026-10-01 15:29:49,229 - INFO - 
****************************************************************************************************
2026-10-01 15:29:50,873 - INFO - --- training epoch 18, loss 0.0369, mae 0.2299, rmse 0.2716, time elapsed(min) 0.02---
2026-10-01 15:29:51,078 - INFO - --- validation at epoch 18, val_loss 0.0321, val_mae 0.2267, val_rmse 0.2580, val_r2 0.1709, val_pearson 0.4431, lr 1.00e-03 ---
2026-10-01 15:29:51,078 - INFO - 
****************************************************************************************************
2026-10-01 15:29:52,814 - INFO - --- training epoch 19, loss 0.0361, mae 0.2274, rmse 0.2686, time elapsed(min) 0.02---
2026-10-01 15:29:53,191 - INFO - --- validation at epoch 19, val_loss 0.0315, val_mae 0.2224, val_rmse 0.2549, val_r2 0.1906, val_pearson 0.4538, lr 1.00e-03 ---
2026-10-01 15:29:53,191 - INFO - 
****************************************************************************************************
2026-10-01 15:29:55,087 - INFO - --- training epoch 20, loss 0.0367, mae 0.2287, rmse 0.2709, time elapsed(min) 0.02---
2026-10-01 15:29:55,294 - INFO - --- validation at epoch 20, val_loss 0.0320, val_mae 0.2265, val_rmse 0.2577, val_r2 0.1727, val_pearson 0.4568, lr 1.00e-03 ---
2026-10-01 15:29:55,294 - INFO - 
****************************************************************************************************
2026-10-01 15:29:56,886 - INFO - --- training epoch 21, loss 0.0361, mae 0.2273, rmse 0.2686, time elapsed(min) 0.02---
2026-10-01 15:29:57,096 - INFO - --- validation at epoch 21, val_loss 0.0314, val_mae 0.2232, val_rmse 0.2550, val_r2 0.1897, val_pearson 0.4599, lr 1.00e-03 ---
2026-10-01 15:29:57,096 - INFO - 
****************************************************************************************************
2026-10-01 15:29:58,823 - INFO - --- training epoch 22, loss 0.0354, mae 0.2253, rmse 0.2662, time elapsed(min) 0.02---
2026-10-01 15:29:59,169 - INFO - --- validation at epoch 22, val_loss 0.0313, val_mae 0.2222, val_rmse 0.2544, val_r2 0.1941, val_pearson 0.4581, lr 1.00e-03 ---
2026-10-01 15:29:59,169 - INFO - 
****************************************************************************************************
2026-10-01 15:30:01,051 - INFO - --- training epoch 23, loss 0.0353, mae 0.2249, rmse 0.2657, time elapsed(min) 0.03---
2026-10-01 15:30:01,255 - INFO - --- validation at epoch 23, val_loss 0.0309, val_mae 0.2212, val_rmse 0.2532, val_r2 0.2017, val_pearson 0.4679, lr 1.00e-03 ---
2026-10-01 15:30:01,255 - INFO - 
****************************************************************************************************
2026-10-01 15:30:02,959 - INFO - --- training epoch 24, loss 0.0352, mae 0.2241, rmse 0.2652, time elapsed(min) 0.02---
2026-10-01 15:30:03,170 - INFO - --- validation at epoch 24, val_loss 0.0308, val_mae 0.2195, val_rmse 0.2522, val_r2 0.2076, val_pearson 0.4722, lr 1.00e-03 ---
2026-10-01 15:30:03,170 - INFO - 
****************************************************************************************************
2026-10-01 15:30:04,828 - INFO - --- training epoch 25, loss 0.0343, mae 0.2210, rmse 0.2619, time elapsed(min) 0.02---
2026-10-01 15:30:05,055 - INFO - --- validation at epoch 25, val_loss 0.0307, val_mae 0.2138, val_rmse 0.2510, val_r2 0.2155, val_pearson 0.4855, lr 1.00e-03 ---
2026-10-01 15:30:05,056 - INFO - 
****************************************************************************************************
2026-10-01 15:30:06,787 - INFO - --- training epoch 26, loss 0.0350, mae 0.2214, rmse 0.2646, time elapsed(min) 0.02---
2026-10-01 15:30:07,196 - INFO - --- validation at epoch 26, val_loss 0.0308, val_mae 0.2176, val_rmse 0.2527, val_r2 0.2047, val_pearson 0.4936, lr 1.00e-03 ---
2026-10-01 15:30:07,196 - INFO - 
****************************************************************************************************
2026-10-01 15:30:08,867 - INFO - --- training epoch 27, loss 0.0351, mae 0.2213, rmse 0.2648, time elapsed(min) 0.02---
2026-10-01 15:30:09,077 - INFO - --- validation at epoch 27, val_loss 0.0297, val_mae 0.2131, val_rmse 0.2485, val_r2 0.2306, val_pearson 0.5071, lr 1.00e-03 ---
2026-10-01 15:30:09,077 - INFO - 
****************************************************************************************************
2026-10-01 15:30:10,733 - INFO - --- training epoch 28, loss 0.0335, mae 0.2150, rmse 0.2590, time elapsed(min) 0.02---
2026-10-01 15:30:10,948 - INFO - --- validation at epoch 28, val_loss 0.0311, val_mae 0.2132, val_rmse 0.2524, val_r2 0.2068, val_pearson 0.4878, lr 1.00e-03 ---
2026-10-01 15:30:10,948 - INFO - 
****************************************************************************************************
2026-10-01 15:30:12,625 - INFO - --- training epoch 29, loss 0.0332, mae 0.2143, rmse 0.2577, time elapsed(min) 0.02---
2026-10-01 15:30:12,986 - INFO - --- validation at epoch 29, val_loss 0.0395, val_mae 0.2292, val_rmse 0.2803, val_r2 0.0212, val_pearson 0.4170, lr 1.00e-03 ---
2026-10-01 15:30:12,986 - INFO - 
****************************************************************************************************
2026-10-01 15:30:14,755 - INFO - --- training epoch 30, loss 0.0354, mae 0.2223, rmse 0.2660, time elapsed(min) 0.02---
2026-10-01 15:30:14,964 - INFO - --- validation at epoch 30, val_loss 0.0312, val_mae 0.2083, val_rmse 0.2518, val_r2 0.2104, val_pearson 0.5163, lr 1.00e-03 ---
2026-10-01 15:30:14,964 - INFO - 
****************************************************************************************************
2026-10-01 15:30:16,520 - INFO - --- training epoch 31, loss 0.0346, mae 0.2176, rmse 0.2630, time elapsed(min) 0.02---
2026-10-01 15:30:16,745 - INFO - --- validation at epoch 31, val_loss 0.0296, val_mae 0.2098, val_rmse 0.2477, val_r2 0.2357, val_pearson 0.5385, lr 1.00e-03 ---
2026-10-01 15:30:16,745 - INFO - 
****************************************************************************************************
2026-10-01 15:30:18,397 - INFO - --- training epoch 32, loss 0.0344, mae 0.2183, rmse 0.2624, time elapsed(min) 0.02---
2026-10-01 15:30:18,723 - INFO - --- validation at epoch 32, val_loss 0.0283, val_mae 0.1994, val_rmse 0.2396, val_r2 0.2848, val_pearson 0.5470, lr 1.00e-03 ---
2026-10-01 15:30:18,723 - INFO - 
****************************************************************************************************
2026-10-01 15:30:20,472 - INFO - --- training epoch 33, loss 0.0291, mae 0.1976, rmse 0.2412, time elapsed(min) 0.02---
2026-10-01 15:30:20,953 - INFO - --- validation at epoch 33, val_loss 0.0254, val_mae 0.1843, val_rmse 0.2267, val_r2 0.3600, val_pearson 0.6431, lr 1.00e-03 ---
2026-10-01 15:30:20,953 - INFO - 
****************************************************************************************************
2026-10-01 15:30:22,668 - INFO - --- training epoch 34, loss 0.0265, mae 0.1843, rmse 0.2302, time elapsed(min) 0.02---
2026-10-01 15:30:22,876 - INFO - --- validation at epoch 34, val_loss 0.0238, val_mae 0.1745, val_rmse 0.2175, val_r2 0.4105, val_pearson 0.6437, lr 1.00e-03 ---
2026-10-01 15:30:22,876 - INFO - 
****************************************************************************************************
2026-10-01 15:30:24,515 - INFO - --- training epoch 35, loss 0.0254, mae 0.1796, rmse 0.2253, time elapsed(min) 0.02---
2026-10-01 15:30:24,744 - INFO - --- validation at epoch 35, val_loss 0.0228, val_mae 0.1688, val_rmse 0.2132, val_r2 0.4340, val_pearson 0.6640, lr 1.00e-03 ---
2026-10-01 15:30:24,745 - INFO - 
****************************************************************************************************
2026-10-01 15:30:26,607 - INFO - --- training epoch 36, loss 0.0247, mae 0.1765, rmse 0.2225, time elapsed(min) 0.03---
2026-10-01 15:30:26,985 - INFO - --- validation at epoch 36, val_loss 0.0252, val_mae 0.1719, val_rmse 0.2221, val_r2 0.3857, val_pearson 0.6454, lr 1.00e-03 ---
2026-10-01 15:30:26,985 - INFO - 
****************************************************************************************************
2026-10-01 15:30:28,674 - INFO - --- training epoch 37, loss 0.0250, mae 0.1776, rmse 0.2236, time elapsed(min) 0.02---
2026-10-01 15:30:28,883 - INFO - --- validation at epoch 37, val_loss 0.0217, val_mae 0.1696, val_rmse 0.2093, val_r2 0.4542, val_pearson 0.6805, lr 1.00e-03 ---
2026-10-01 15:30:28,883 - INFO - 
****************************************************************************************************
2026-10-01 15:30:30,517 - INFO - --- training epoch 38, loss 0.0241, mae 0.1746, rmse 0.2195, time elapsed(min) 0.02---
2026-10-01 15:30:30,725 - INFO - --- validation at epoch 38, val_loss 0.0221, val_mae 0.1653, val_rmse 0.2108, val_r2 0.4464, val_pearson 0.6765, lr 1.00e-03 ---
2026-10-01 15:30:30,725 - INFO - 
****************************************************************************************************
2026-10-01 15:30:32,326 - INFO - --- training epoch 39, loss 0.0235, mae 0.1730, rmse 0.2170, time elapsed(min) 0.02---
2026-10-01 15:30:32,659 - INFO - --- validation at epoch 39, val_loss 0.0214, val_mae 0.1620, val_rmse 0.2070, val_r2 0.4663, val_pearson 0.6835, lr 1.00e-03 ---
2026-10-01 15:30:32,659 - INFO - 
****************************************************************************************************
2026-10-01 15:30:34,494 - INFO - --- training epoch 40, loss 0.0232, mae 0.1710, rmse 0.2154, time elapsed(min) 0.02---
2026-10-01 15:30:34,700 - INFO - --- validation at epoch 40, val_loss 0.0240, val_mae 0.1745, val_rmse 0.2200, val_r2 0.3972, val_pearson 0.6545, lr 1.00e-03 ---
2026-10-01 15:30:34,700 - INFO - 
****************************************************************************************************
2026-10-01 15:30:36,366 - INFO - --- training epoch 41, loss 0.0235, mae 0.1712, rmse 0.2166, time elapsed(min) 0.02---
2026-10-01 15:30:36,571 - INFO - --- validation at epoch 41, val_loss 0.0250, val_mae 0.1755, val_rmse 0.2241, val_r2 0.3746, val_pearson 0.6419, lr 1.00e-03 ---
2026-10-01 15:30:36,571 - INFO - 
****************************************************************************************************
2026-10-01 15:30:38,197 - INFO - --- training epoch 42, loss 0.0251, mae 0.1779, rmse 0.2239, time elapsed(min) 0.02---
2026-10-01 15:30:38,406 - INFO - --- validation at epoch 42, val_loss 0.0218, val_mae 0.1651, val_rmse 0.2116, val_r2 0.4422, val_pearson 0.6691, lr 1.00e-03 ---
2026-10-01 15:30:38,406 - INFO - 
****************************************************************************************************
2026-10-01 15:30:40,160 - INFO - --- training epoch 43, loss 0.0235, mae 0.1718, rmse 0.2167, time elapsed(min) 0.02---
2026-10-01 15:30:40,667 - INFO - --- validation at epoch 43, val_loss 0.0223, val_mae 0.1627, val_rmse 0.2101, val_r2 0.4500, val_pearson 0.6723, lr 1.00e-03 ---
2026-10-01 15:30:40,667 - INFO - 
****************************************************************************************************
2026-10-01 15:30:42,328 - INFO - --- training epoch 44, loss 0.0236, mae 0.1724, rmse 0.2172, time elapsed(min) 0.02---
2026-10-01 15:30:42,535 - INFO - --- validation at epoch 44, val_loss 0.0224, val_mae 0.1699, val_rmse 0.2130, val_r2 0.4348, val_pearson 0.6595, lr 1.00e-03 ---
2026-10-01 15:30:42,535 - INFO - 
****************************************************************************************************
2026-10-01 15:30:44,250 - INFO - --- training epoch 45, loss 0.0229, mae 0.1689, rmse 0.2138, time elapsed(min) 0.02---
2026-10-01 15:30:44,589 - INFO - --- validation at epoch 45, val_loss 0.0231, val_mae 0.1732, val_rmse 0.2164, val_r2 0.4165, val_pearson 0.6609, lr 1.00e-03 ---
2026-10-01 15:30:44,589 - INFO - 
****************************************************************************************************
2026-10-01 15:30:46,388 - INFO - --- training epoch 46, loss 0.0232, mae 0.1715, rmse 0.2154, time elapsed(min) 0.03---
2026-10-01 15:30:46,596 - INFO - --- validation at epoch 46, val_loss 0.0215, val_mae 0.1635, val_rmse 0.2097, val_r2 0.4520, val_pearson 0.6823, lr 1.00e-03 ---
2026-10-01 15:30:46,596 - INFO - 
****************************************************************************************************
2026-10-01 15:30:48,249 - INFO - --- training epoch 47, loss 0.0224, mae 0.1681, rmse 0.2118, time elapsed(min) 0.02---
2026-10-01 15:30:48,456 - INFO - --- validation at epoch 47, val_loss 0.0220, val_mae 0.1645, val_rmse 0.2115, val_r2 0.4430, val_pearson 0.6709, lr 1.00e-03 ---
2026-10-01 15:30:48,456 - INFO - 
****************************************************************************************************
2026-10-01 15:30:50,040 - INFO - --- training epoch 48, loss 0.0221, mae 0.1669, rmse 0.2103, time elapsed(min) 0.02---
2026-10-01 15:30:50,246 - INFO - --- validation at epoch 48, val_loss 0.0209, val_mae 0.1602, val_rmse 0.2059, val_r2 0.4719, val_pearson 0.6930, lr 1.00e-03 ---
2026-10-01 15:30:50,246 - INFO - 
****************************************************************************************************
2026-10-01 15:30:51,944 - INFO - --- training epoch 49, loss 0.0219, mae 0.1673, rmse 0.2095, time elapsed(min) 0.02---
2026-10-01 15:30:52,345 - INFO - --- validation at epoch 49, val_loss 0.0205, val_mae 0.1601, val_rmse 0.2045, val_r2 0.4789, val_pearson 0.6978, lr 1.00e-03 ---
2026-10-01 15:30:52,345 - INFO - 
****************************************************************************************************
2026-10-01 15:30:54,098 - INFO - --- training epoch 50, loss 0.0219, mae 0.1660, rmse 0.2092, time elapsed(min) 0.02---
2026-10-01 15:30:54,305 - INFO - --- validation at epoch 50, val_loss 0.0201, val_mae 0.1589, val_rmse 0.2034, val_r2 0.4844, val_pearson 0.7009, lr 1.00e-03 ---
2026-10-01 15:30:54,305 - INFO - 
****************************************************************************************************
2026-10-01 15:30:55,938 - INFO - --- training epoch 51, loss 0.0217, mae 0.1652, rmse 0.2084, time elapsed(min) 0.02---
2026-10-01 15:30:56,149 - INFO - --- validation at epoch 51, val_loss 0.0202, val_mae 0.1580, val_rmse 0.2036, val_r2 0.4838, val_pearson 0.6998, lr 1.00e-03 ---
2026-10-01 15:30:56,149 - INFO - 
****************************************************************************************************
2026-10-01 15:30:57,810 - INFO - --- training epoch 52, loss 0.0216, mae 0.1634, rmse 0.2078, time elapsed(min) 0.02---
2026-10-01 15:30:58,190 - INFO - --- validation at epoch 52, val_loss 0.0209, val_mae 0.1610, val_rmse 0.2058, val_r2 0.4723, val_pearson 0.6903, lr 1.00e-03 ---
2026-10-01 15:30:58,190 - INFO - 
****************************************************************************************************
2026-10-01 15:30:59,985 - INFO - --- training epoch 53, loss 0.0216, mae 0.1646, rmse 0.2081, time elapsed(min) 0.03---
2026-10-01 15:31:00,192 - INFO - --- validation at epoch 53, val_loss 0.0195, val_mae 0.1564, val_rmse 0.1990, val_r2 0.5070, val_pearson 0.7120, lr 1.00e-03 ---
2026-10-01 15:31:00,192 - INFO - 
****************************************************************************************************
2026-10-01 15:31:01,821 - INFO - --- training epoch 54, loss 0.0220, mae 0.1660, rmse 0.2096, time elapsed(min) 0.02---
2026-10-01 15:31:02,030 - INFO - --- validation at epoch 54, val_loss 0.0224, val_mae 0.1732, val_rmse 0.2174, val_r2 0.4114, val_pearson 0.7156, lr 1.00e-03 ---
2026-10-01 15:31:02,030 - INFO - 
****************************************************************************************************
2026-10-01 15:31:03,629 - INFO - --- training epoch 55, loss 0.0222, mae 0.1669, rmse 0.2105, time elapsed(min) 0.02---
2026-10-01 15:31:03,955 - INFO - --- validation at epoch 55, val_loss 0.0187, val_mae 0.1560, val_rmse 0.1979, val_r2 0.5123, val_pearson 0.7200, lr 1.00e-03 ---
2026-10-01 15:31:03,955 - INFO - 
****************************************************************************************************
2026-10-01 15:31:05,896 - INFO - --- training epoch 56, loss 0.0218, mae 0.1655, rmse 0.2087, time elapsed(min) 0.03---
2026-10-01 15:31:06,102 - INFO - --- validation at epoch 56, val_loss 0.0188, val_mae 0.1548, val_rmse 0.1964, val_r2 0.5198, val_pearson 0.7219, lr 1.00e-03 ---
2026-10-01 15:31:06,102 - INFO - 
****************************************************************************************************
2026-10-01 15:31:07,671 - INFO - --- training epoch 57, loss 0.0215, mae 0.1643, rmse 0.2073, time elapsed(min) 0.02---
2026-10-01 15:31:07,879 - INFO - --- validation at epoch 57, val_loss 0.0189, val_mae 0.1543, val_rmse 0.1970, val_r2 0.5165, val_pearson 0.7193, lr 1.00e-03 ---
2026-10-01 15:31:07,879 - INFO - 
****************************************************************************************************
2026-10-01 15:31:09,593 - INFO - --- training epoch 58, loss 0.0215, mae 0.1648, rmse 0.2074, time elapsed(min) 0.02---
2026-10-01 15:31:09,800 - INFO - --- validation at epoch 58, val_loss 0.0189, val_mae 0.1540, val_rmse 0.1972, val_r2 0.5157, val_pearson 0.7191, lr 1.00e-03 ---
2026-10-01 15:31:09,801 - INFO - 
****************************************************************************************************
2026-10-01 15:31:11,532 - INFO - --- training epoch 59, loss 0.0220, mae 0.1653, rmse 0.2095, time elapsed(min) 0.02---
2026-10-01 15:31:12,003 - INFO - --- validation at epoch 59, val_loss 0.0231, val_mae 0.1681, val_rmse 0.2143, val_r2 0.4282, val_pearson 0.7112, lr 1.00e-03 ---
2026-10-01 15:31:12,003 - INFO - 
****************************************************************************************************
2026-10-01 15:31:13,567 - INFO - --- training epoch 60, loss 0.0213, mae 0.1623, rmse 0.2063, time elapsed(min) 0.02---
2026-10-01 15:31:13,779 - INFO - --- validation at epoch 60, val_loss 0.0189, val_mae 0.1555, val_rmse 0.1982, val_r2 0.5109, val_pearson 0.7159, lr 1.00e-03 ---
2026-10-01 15:31:13,779 - INFO - 
****************************************************************************************************
2026-10-01 15:31:15,359 - INFO - --- training epoch 61, loss 0.0210, mae 0.1619, rmse 0.2052, time elapsed(min) 0.02---
2026-10-01 15:31:15,566 - INFO - --- validation at epoch 61, val_loss 0.0195, val_mae 0.1576, val_rmse 0.2023, val_r2 0.4902, val_pearson 0.7048, lr 1.00e-03 ---
2026-10-01 15:31:15,566 - INFO - 
****************************************************************************************************
2026-10-01 15:31:17,234 - INFO - --- training epoch 62, loss 0.0210, mae 0.1618, rmse 0.2049, time elapsed(min) 0.02---
2026-10-01 15:31:17,614 - INFO - --- validation at epoch 62, val_loss 0.0187, val_mae 0.1528, val_rmse 0.1971, val_r2 0.5160, val_pearson 0.7203, lr 1.00e-03 ---
2026-10-01 15:31:17,615 - INFO - 
****************************************************************************************************
2026-10-01 15:31:19,412 - INFO - --- training epoch 63, loss 0.0211, mae 0.1615, rmse 0.2052, time elapsed(min) 0.02---
2026-10-01 15:31:19,642 - INFO - --- validation at epoch 63, val_loss 0.0199, val_mae 0.1572, val_rmse 0.2018, val_r2 0.4928, val_pearson 0.7209, lr 1.00e-03 ---
2026-10-01 15:31:19,642 - INFO - 
****************************************************************************************************
2026-10-01 15:31:21,241 - INFO - --- training epoch 64, loss 0.0211, mae 0.1620, rmse 0.2055, time elapsed(min) 0.02---
2026-10-01 15:31:21,446 - INFO - --- validation at epoch 64, val_loss 0.0192, val_mae 0.1563, val_rmse 0.2001, val_r2 0.5014, val_pearson 0.7086, lr 1.00e-03 ---
2026-10-01 15:31:21,446 - INFO - 
****************************************************************************************************
2026-10-01 15:31:23,109 - INFO - --- training epoch 65, loss 0.0213, mae 0.1618, rmse 0.2062, time elapsed(min) 0.02---
2026-10-01 15:31:23,445 - INFO - --- validation at epoch 65, val_loss 0.0190, val_mae 0.1577, val_rmse 0.1984, val_r2 0.5096, val_pearson 0.7175, lr 1.00e-03 ---
2026-10-01 15:31:23,446 - INFO - 
****************************************************************************************************
2026-10-01 15:31:25,299 - INFO - --- training epoch 66, loss 0.0212, mae 0.1621, rmse 0.2058, time elapsed(min) 0.03---
2026-10-01 15:31:25,508 - INFO - --- validation at epoch 66, val_loss 0.0186, val_mae 0.1542, val_rmse 0.1967, val_r2 0.5181, val_pearson 0.7207, lr 1.00e-03 ---
2026-10-01 15:31:25,509 - INFO - 
****************************************************************************************************
2026-10-01 15:31:27,125 - INFO - --- training epoch 67, loss 0.0206, mae 0.1595, rmse 0.2030, time elapsed(min) 0.02---
2026-10-01 15:31:27,331 - INFO - --- validation at epoch 67, val_loss 0.0187, val_mae 0.1550, val_rmse 0.1967, val_r2 0.5181, val_pearson 0.7223, lr 1.00e-03 ---
2026-10-01 15:31:27,331 - INFO - 
****************************************************************************************************
2026-10-01 15:31:28,904 - INFO - --- training epoch 68, loss 0.0208, mae 0.1598, rmse 0.2040, time elapsed(min) 0.02---
2026-10-01 15:31:29,234 - INFO - --- validation at epoch 68, val_loss 0.0193, val_mae 0.1596, val_rmse 0.2013, val_r2 0.4954, val_pearson 0.7133, lr 1.00e-03 ---
2026-10-01 15:31:29,234 - INFO - 
****************************************************************************************************
2026-10-01 15:31:31,012 - INFO - --- training epoch 69, loss 0.0218, mae 0.1648, rmse 0.2090, time elapsed(min) 0.02---
2026-10-01 15:31:31,218 - INFO - --- validation at epoch 69, val_loss 0.0190, val_mae 0.1585, val_rmse 0.1981, val_r2 0.5112, val_pearson 0.7201, lr 1.00e-03 ---
2026-10-01 15:31:31,218 - INFO - 
****************************************************************************************************
2026-10-01 15:31:32,791 - INFO - --- training epoch 70, loss 0.0209, mae 0.1619, rmse 0.2046, time elapsed(min) 0.02---
2026-10-01 15:31:32,998 - INFO - --- validation at epoch 70, val_loss 0.0187, val_mae 0.1514, val_rmse 0.1949, val_r2 0.5266, val_pearson 0.7266, lr 1.00e-03 ---
2026-10-01 15:31:32,998 - INFO - 
****************************************************************************************************
2026-10-01 15:31:34,630 - INFO - --- training epoch 71, loss 0.0209, mae 0.1611, rmse 0.2045, time elapsed(min) 0.02---
2026-10-01 15:31:34,836 - INFO - --- validation at epoch 71, val_loss 0.0193, val_mae 0.1531, val_rmse 0.1989, val_r2 0.5073, val_pearson 0.7212, lr 1.00e-03 ---
2026-10-01 15:31:34,836 - INFO - 
****************************************************************************************************
2026-10-01 15:31:36,631 - INFO - --- training epoch 72, loss 0.0202, mae 0.1571, rmse 0.2008, time elapsed(min) 0.03---
2026-10-01 15:31:36,993 - INFO - --- validation at epoch 72, val_loss 0.0183, val_mae 0.1519, val_rmse 0.1956, val_r2 0.5237, val_pearson 0.7249, lr 1.00e-03 ---
2026-10-01 15:31:36,993 - INFO - 
****************************************************************************************************
2026-10-01 15:31:38,774 - INFO - --- training epoch 73, loss 0.0209, mae 0.1612, rmse 0.2047, time elapsed(min) 0.02---
2026-10-01 15:31:38,994 - INFO - --- validation at epoch 73, val_loss 0.0181, val_mae 0.1554, val_rmse 0.1968, val_r2 0.5177, val_pearson 0.7220, lr 1.00e-03 ---
2026-10-01 15:31:38,994 - INFO - 
****************************************************************************************************
2026-10-01 15:31:40,665 - INFO - --- training epoch 74, loss 0.0205, mae 0.1588, rmse 0.2023, time elapsed(min) 0.02---
2026-10-01 15:31:40,877 - INFO - --- validation at epoch 74, val_loss 0.0191, val_mae 0.1545, val_rmse 0.1986, val_r2 0.5085, val_pearson 0.7134, lr 1.00e-03 ---
2026-10-01 15:31:40,878 - INFO - 
****************************************************************************************************
2026-10-01 15:31:42,461 - INFO - --- training epoch 75, loss 0.0216, mae 0.1626, rmse 0.2079, time elapsed(min) 0.02---
2026-10-01 15:31:42,794 - INFO - --- validation at epoch 75, val_loss 0.0189, val_mae 0.1543, val_rmse 0.1971, val_r2 0.5161, val_pearson 0.7204, lr 1.00e-03 ---
2026-10-01 15:31:42,795 - INFO - 
****************************************************************************************************
2026-10-01 15:31:44,578 - INFO - --- training epoch 76, loss 0.0201, mae 0.1584, rmse 0.2006, time elapsed(min) 0.03---
2026-10-01 15:31:44,807 - INFO - --- validation at epoch 76, val_loss 0.0185, val_mae 0.1525, val_rmse 0.1957, val_r2 0.5229, val_pearson 0.7234, lr 1.00e-03 ---
2026-10-01 15:31:44,807 - INFO - 
****************************************************************************************************
2026-10-01 15:31:46,379 - INFO - --- training epoch 77, loss 0.0219, mae 0.1638, rmse 0.2091, time elapsed(min) 0.02---
2026-10-01 15:31:46,584 - INFO - --- validation at epoch 77, val_loss 0.0276, val_mae 0.1858, val_rmse 0.2377, val_r2 0.2960, val_pearson 0.6695, lr 1.00e-03 ---
2026-10-01 15:31:46,585 - INFO - 
****************************************************************************************************
2026-10-01 15:31:48,170 - INFO - --- training epoch 78, loss 0.0228, mae 0.1690, rmse 0.2134, time elapsed(min) 0.02---
2026-10-01 15:31:48,502 - INFO - --- validation at epoch 78, val_loss 0.0191, val_mae 0.1559, val_rmse 0.1976, val_r2 0.5139, val_pearson 0.7207, lr 1.00e-03 ---
2026-10-01 15:31:48,502 - INFO - 
****************************************************************************************************
2026-10-01 15:31:50,354 - INFO - --- training epoch 79, loss 0.0208, mae 0.1612, rmse 0.2041, time elapsed(min) 0.03---
2026-10-01 15:31:50,559 - INFO - --- validation at epoch 79, val_loss 0.0184, val_mae 0.1518, val_rmse 0.1947, val_r2 0.5277, val_pearson 0.7275, lr 1.00e-03 ---
2026-10-01 15:31:50,559 - INFO - 
****************************************************************************************************
2026-10-01 15:31:52,144 - INFO - --- training epoch 80, loss 0.0208, mae 0.1606, rmse 0.2037, time elapsed(min) 0.02---
2026-10-01 15:31:52,349 - INFO - --- validation at epoch 80, val_loss 0.0187, val_mae 0.1515, val_rmse 0.1957, val_r2 0.5231, val_pearson 0.7246, lr 1.00e-03 ---
2026-10-01 15:31:52,349 - INFO - 
****************************************************************************************************
2026-10-01 15:31:54,074 - INFO - --- training epoch 81, loss 0.0208, mae 0.1610, rmse 0.2042, time elapsed(min) 0.02---
2026-10-01 15:31:54,411 - INFO - --- validation at epoch 81, val_loss 0.0200, val_mae 0.1598, val_rmse 0.2000, val_r2 0.5016, val_pearson 0.7360, lr 1.00e-03 ---
2026-10-01 15:31:54,411 - INFO - 
****************************************************************************************************
2026-10-01 15:31:56,123 - INFO - --- training epoch 82, loss 0.0205, mae 0.1600, rmse 0.2023, time elapsed(min) 0.02---
2026-10-01 15:31:56,331 - INFO - --- validation at epoch 82, val_loss 0.0192, val_mae 0.1572, val_rmse 0.1980, val_r2 0.5117, val_pearson 0.7337, lr 1.00e-03 ---
2026-10-01 15:31:56,331 - INFO - 
****************************************************************************************************
2026-10-01 15:31:57,903 - INFO - --- training epoch 83, loss 0.0204, mae 0.1584, rmse 0.2018, time elapsed(min) 0.02---
2026-10-01 15:31:58,108 - INFO - --- validation at epoch 83, val_loss 0.0180, val_mae 0.1497, val_rmse 0.1922, val_r2 0.5400, val_pearson 0.7445, lr 1.00e-03 ---
2026-10-01 15:31:58,108 - INFO - 
****************************************************************************************************
2026-10-01 15:31:59,823 - INFO - --- training epoch 84, loss 0.0198, mae 0.1564, rmse 0.1991, time elapsed(min) 0.02---
2026-10-01 15:32:00,156 - INFO - --- validation at epoch 84, val_loss 0.0177, val_mae 0.1500, val_rmse 0.1918, val_r2 0.5419, val_pearson 0.7371, lr 1.00e-03 ---
2026-10-01 15:32:00,156 - INFO - 
****************************************************************************************************
2026-10-01 15:32:02,167 - INFO - --- training epoch 85, loss 0.0193, mae 0.1536, rmse 0.1965, time elapsed(min) 0.03---
2026-10-01 15:32:02,372 - INFO - --- validation at epoch 85, val_loss 0.0173, val_mae 0.1476, val_rmse 0.1891, val_r2 0.5546, val_pearson 0.7448, lr 1.00e-03 ---
2026-10-01 15:32:02,372 - INFO - 
****************************************************************************************************
2026-10-01 15:32:04,003 - INFO - --- training epoch 86, loss 0.0195, mae 0.1544, rmse 0.1975, time elapsed(min) 0.02---
2026-10-01 15:32:04,211 - INFO - --- validation at epoch 86, val_loss 0.0172, val_mae 0.1475, val_rmse 0.1893, val_r2 0.5538, val_pearson 0.7446, lr 1.00e-03 ---
2026-10-01 15:32:04,211 - INFO - 
****************************************************************************************************
2026-10-01 15:32:05,859 - INFO - --- training epoch 87, loss 0.0196, mae 0.1548, rmse 0.1981, time elapsed(min) 0.02---
2026-10-01 15:32:06,083 - INFO - --- validation at epoch 87, val_loss 0.0173, val_mae 0.1488, val_rmse 0.1901, val_r2 0.5499, val_pearson 0.7429, lr 1.00e-03 ---
2026-10-01 15:32:06,083 - INFO - 
****************************************************************************************************
2026-10-01 15:32:07,833 - INFO - --- training epoch 88, loss 0.0200, mae 0.1567, rmse 0.1998, time elapsed(min) 0.02---
2026-10-01 15:32:08,209 - INFO - --- validation at epoch 88, val_loss 0.0179, val_mae 0.1496, val_rmse 0.1921, val_r2 0.5404, val_pearson 0.7373, lr 1.00e-03 ---
2026-10-01 15:32:08,209 - INFO - 
****************************************************************************************************
2026-10-01 15:32:09,961 - INFO - --- training epoch 89, loss 0.0194, mae 0.1542, rmse 0.1968, time elapsed(min) 0.02---
2026-10-01 15:32:10,166 - INFO - --- validation at epoch 89, val_loss 0.0186, val_mae 0.1520, val_rmse 0.1944, val_r2 0.5292, val_pearson 0.7453, lr 1.00e-03 ---
2026-10-01 15:32:10,166 - INFO - 
****************************************************************************************************
2026-10-01 15:32:11,764 - INFO - --- training epoch 90, loss 0.0193, mae 0.1538, rmse 0.1964, time elapsed(min) 0.02---
2026-10-01 15:32:11,971 - INFO - --- validation at epoch 90, val_loss 0.0177, val_mae 0.1511, val_rmse 0.1914, val_r2 0.5437, val_pearson 0.7395, lr 1.00e-03 ---
2026-10-01 15:32:11,971 - INFO - 
****************************************************************************************************
2026-10-01 15:32:13,740 - INFO - --- training epoch 91, loss 0.0190, mae 0.1526, rmse 0.1949, time elapsed(min) 0.02---
2026-10-01 15:32:14,105 - INFO - --- validation at epoch 91, val_loss 0.0172, val_mae 0.1474, val_rmse 0.1890, val_r2 0.5551, val_pearson 0.7475, lr 1.00e-03 ---
2026-10-01 15:32:14,105 - INFO - 
****************************************************************************************************
2026-10-01 15:32:15,780 - INFO - --- training epoch 92, loss 0.0187, mae 0.1521, rmse 0.1936, time elapsed(min) 0.02---
2026-10-01 15:32:15,992 - INFO - --- validation at epoch 92, val_loss 0.0167, val_mae 0.1453, val_rmse 0.1863, val_r2 0.5676, val_pearson 0.7535, lr 1.00e-03 ---
2026-10-01 15:32:15,992 - INFO - 
****************************************************************************************************
2026-10-01 15:32:17,696 - INFO - --- training epoch 93, loss 0.0190, mae 0.1526, rmse 0.1948, time elapsed(min) 0.02---
2026-10-01 15:32:17,901 - INFO - --- validation at epoch 93, val_loss 0.0166, val_mae 0.1451, val_rmse 0.1863, val_r2 0.5679, val_pearson 0.7549, lr 1.00e-03 ---
2026-10-01 15:32:17,901 - INFO - 
****************************************************************************************************
2026-10-01 15:32:19,675 - INFO - --- training epoch 94, loss 0.0186, mae 0.1510, rmse 0.1927, time elapsed(min) 0.02---
2026-10-01 15:32:20,008 - INFO - --- validation at epoch 94, val_loss 0.0165, val_mae 0.1458, val_rmse 0.1837, val_r2 0.5798, val_pearson 0.7642, lr 1.00e-03 ---
2026-10-01 15:32:20,008 - INFO - 
****************************************************************************************************
2026-10-01 15:32:21,865 - INFO - --- training epoch 95, loss 0.0189, mae 0.1528, rmse 0.1945, time elapsed(min) 0.03---
2026-10-01 15:32:22,073 - INFO - --- validation at epoch 95, val_loss 0.0160, val_mae 0.1420, val_rmse 0.1801, val_r2 0.5962, val_pearson 0.7740, lr 1.00e-03 ---
2026-10-01 15:32:22,073 - INFO - 
****************************************************************************************************
2026-10-01 15:32:23,692 - INFO - --- training epoch 96, loss 0.0183, mae 0.1497, rmse 0.1914, time elapsed(min) 0.02---
2026-10-01 15:32:23,945 - INFO - --- validation at epoch 96, val_loss 0.0159, val_mae 0.1399, val_rmse 0.1796, val_r2 0.5980, val_pearson 0.7768, lr 1.00e-03 ---
2026-10-01 15:32:23,945 - INFO - 
****************************************************************************************************
2026-10-01 15:32:25,717 - INFO - --- training epoch 97, loss 0.0179, mae 0.1484, rmse 0.1894, time elapsed(min) 0.02---
2026-10-01 15:32:26,043 - INFO - --- validation at epoch 97, val_loss 0.0167, val_mae 0.1483, val_rmse 0.1853, val_r2 0.5721, val_pearson 0.7747, lr 1.00e-03 ---
2026-10-01 15:32:26,043 - INFO - 
****************************************************************************************************
2026-10-01 15:32:27,727 - INFO - --- training epoch 98, loss 0.0184, mae 0.1509, rmse 0.1919, time elapsed(min) 0.02---
2026-10-01 15:32:28,214 - INFO - --- validation at epoch 98, val_loss 0.0151, val_mae 0.1397, val_rmse 0.1757, val_r2 0.6153, val_pearson 0.7920, lr 1.00e-03 ---
2026-10-01 15:32:28,214 - INFO - 
****************************************************************************************************
2026-10-01 15:32:29,895 - INFO - --- training epoch 99, loss 0.0183, mae 0.1501, rmse 0.1912, time elapsed(min) 0.02---
2026-10-01 15:32:30,106 - INFO - --- validation at epoch 99, val_loss 0.0168, val_mae 0.1490, val_rmse 0.1848, val_r2 0.5744, val_pearson 0.7693, lr 1.00e-03 ---
2026-10-01 15:32:30,106 - INFO - 
****************************************************************************************************
2026-10-01 15:32:30,632 - INFO - --- selected checkpoint from epoch 98, val_loss 0.0151, val_mae 0.1397, val_rmse 0.1757
2026-10-01 15:32:31,391 - INFO - -- RESULT
2026-10-01 15:32:31,391 - INFO - --- test size: 1728
2026-10-01 15:32:31,391 - INFO - --- MAE: 0.1401 (14.01 pp), RMSE: 0.1840 (18.40 pp), R2: 0.5680, Pearson: 0.7612
2026-10-01 15:32:32,806 - INFO - --- Cell current_model DONE: test MAE=0.1401 RMSE=0.1840 R2=0.5680 | sec/epoch=1.96
2026-10-01 15:32:32,822 - INFO - === RUNNING: dataset=suzuki split=split_3 cell=approach_3 (tokens=comb, pooling=mean, head=linear) ===
