2026-09-30 21:18:10,315 - INFO - device is	cuda:0
2026-09-30 21:18:10,447 - INFO - -- CONFIGURATIONS
2026-09-30 21:18:10,447 - INFO - --- train/valid/test: 2491/277/1187
2026-09-30 21:18:10,447 - INFO - --- max no. reactants_train, valid, test respectively: 6, 6, 6
2026-09-30 21:18:10,447 - INFO - --- max no. products_train, valid, test respectively: 1, 1, 1
2026-09-30 21:18:10,447 - INFO - --- model_path: ../logs/approach2_grid_bh/e400/runs/Buchwald-Hartwig_fullcv02_split70_approach_3/model.pt
2026-09-30 21:18:10,458 - INFO - -- TRAINING
2026-09-30 21:18:11,392 - INFO - --- training epoch 0, loss 24.7016, mae 25.1972, rmse 30.7628, time elapsed(min) 0.02---
2026-09-30 21:18:11,607 - INFO - --- validation at epoch 0, val_loss 21.3968, val_mae 22.7152, val_rmse 27.7143, val_r2 -0.0322, val_pearson -0.2218, lr 1.00e-03 ---
2026-09-30 21:18:11,607 - INFO - 
****************************************************************************************************
2026-09-30 21:18:13,384 - INFO - --- training epoch 1, loss 22.9431, mae 23.4393, rmse 28.1244, time elapsed(min) 0.02---
2026-09-30 21:18:13,597 - INFO - --- validation at epoch 1, val_loss 21.7351, val_mae 22.3750, val_rmse 27.3949, val_r2 -0.0086, val_pearson 0.1971, lr 1.00e-03 ---
2026-09-30 21:18:13,597 - INFO - 
****************************************************************************************************
2026-09-30 21:18:15,402 - INFO - --- training epoch 2, loss 22.1872, mae 22.6839, rmse 27.5980, time elapsed(min) 0.02---
2026-09-30 21:18:15,632 - INFO - --- validation at epoch 2, val_loss 22.1077, val_mae 22.6169, val_rmse 26.9405, val_r2 0.0246, val_pearson 0.2319, lr 1.00e-03 ---
2026-09-30 21:18:15,632 - INFO - 
****************************************************************************************************
2026-09-30 21:18:17,275 - INFO - --- training epoch 3, loss 21.9614, mae 22.4569, rmse 27.1422, time elapsed(min) 0.02---
2026-09-30 21:18:17,533 - INFO - --- validation at epoch 3, val_loss 21.0080, val_mae 21.9347, val_rmse 27.0651, val_r2 0.0155, val_pearson 0.2496, lr 1.00e-03 ---
2026-09-30 21:18:17,533 - INFO - 
****************************************************************************************************
2026-09-30 21:18:19,554 - INFO - --- training epoch 4, loss 21.9158, mae 22.4121, rmse 27.1013, time elapsed(min) 0.03---
2026-09-30 21:18:19,821 - INFO - --- validation at epoch 4, val_loss 20.9709, val_mae 21.9921, val_rmse 27.2700, val_r2 0.0006, val_pearson 0.2806, lr 1.00e-03 ---
2026-09-30 21:18:19,821 - INFO - 
****************************************************************************************************
2026-09-30 21:18:21,293 - INFO - --- training epoch 5, loss 21.6894, mae 22.1841, rmse 26.8033, time elapsed(min) 0.02---
2026-09-30 21:18:21,526 - INFO - --- validation at epoch 5, val_loss 20.8977, val_mae 22.2005, val_rmse 28.1351, val_r2 -0.0638, val_pearson 0.3086, lr 1.00e-03 ---
2026-09-30 21:18:21,526 - INFO - 
****************************************************************************************************
2026-09-30 21:18:23,017 - INFO - --- training epoch 6, loss 22.1806, mae 22.6780, rmse 27.3324, time elapsed(min) 0.02---
2026-09-30 21:18:23,271 - INFO - --- validation at epoch 6, val_loss 21.9534, val_mae 22.2584, val_rmse 26.6231, val_r2 0.0474, val_pearson 0.2696, lr 1.00e-03 ---
2026-09-30 21:18:23,271 - INFO - 
****************************************************************************************************
2026-09-30 21:18:24,988 - INFO - --- training epoch 7, loss 21.8469, mae 22.3432, rmse 26.7749, time elapsed(min) 0.02---
2026-09-30 21:18:25,216 - INFO - --- validation at epoch 7, val_loss 21.3263, val_mae 21.8338, val_rmse 25.9868, val_r2 0.0924, val_pearson 0.3171, lr 1.00e-03 ---
2026-09-30 21:18:25,216 - INFO - 
****************************************************************************************************
2026-09-30 21:18:26,933 - INFO - --- training epoch 8, loss 21.2262, mae 21.7226, rmse 25.9821, time elapsed(min) 0.02---
2026-09-30 21:18:27,189 - INFO - --- validation at epoch 8, val_loss 20.9946, val_mae 21.4957, val_rmse 25.2559, val_r2 0.1428, val_pearson 0.3890, lr 1.00e-03 ---
2026-09-30 21:18:27,190 - INFO - 
****************************************************************************************************
2026-09-30 21:18:28,948 - INFO - --- training epoch 9, loss 20.8048, mae 21.3007, rmse 25.3247, time elapsed(min) 0.02---
2026-09-30 21:18:29,515 - INFO - --- validation at epoch 9, val_loss 21.0934, val_mae 21.6988, val_rmse 25.8707, val_r2 0.1005, val_pearson 0.3665, lr 1.00e-03 ---
2026-09-30 21:18:29,516 - INFO - 
****************************************************************************************************
2026-09-30 21:18:31,189 - INFO - --- training epoch 10, loss 20.3734, mae 20.8694, rmse 25.1475, time elapsed(min) 0.02---
2026-09-30 21:18:31,439 - INFO - --- validation at epoch 10, val_loss 19.9446, val_mae 20.4884, val_rmse 24.7579, val_r2 0.1762, val_pearson 0.4475, lr 1.00e-03 ---
2026-09-30 21:18:31,439 - INFO - 
****************************************************************************************************
2026-09-30 21:18:32,886 - INFO - --- training epoch 11, loss 19.8028, mae 20.2983, rmse 24.2575, time elapsed(min) 0.02---
2026-09-30 21:18:33,113 - INFO - --- validation at epoch 11, val_loss 19.2402, val_mae 19.9754, val_rmse 24.9380, val_r2 0.1642, val_pearson 0.4955, lr 1.00e-03 ---
2026-09-30 21:18:33,113 - INFO - 
****************************************************************************************************
2026-09-30 21:18:34,573 - INFO - --- training epoch 12, loss 18.9397, mae 19.4348, rmse 23.6564, time elapsed(min) 0.02---
2026-09-30 21:18:34,808 - INFO - --- validation at epoch 12, val_loss 19.3909, val_mae 20.0680, val_rmse 24.1474, val_r2 0.2164, val_pearson 0.5330, lr 1.00e-03 ---
2026-09-30 21:18:34,808 - INFO - 
****************************************************************************************************
2026-09-30 21:18:36,551 - INFO - --- training epoch 13, loss 18.9385, mae 19.4325, rmse 23.9234, time elapsed(min) 0.02---
2026-09-30 21:18:36,765 - INFO - --- validation at epoch 13, val_loss 18.0980, val_mae 18.9404, val_rmse 22.7675, val_r2 0.3034, val_pearson 0.5517, lr 1.00e-03 ---
2026-09-30 21:18:36,765 - INFO - 
****************************************************************************************************
2026-09-30 21:18:38,766 - INFO - --- training epoch 14, loss 18.3249, mae 18.8184, rmse 22.9548, time elapsed(min) 0.02---
2026-09-30 21:18:39,043 - INFO - --- validation at epoch 14, val_loss 18.2508, val_mae 19.0671, val_rmse 23.8429, val_r2 0.2360, val_pearson 0.5483, lr 1.00e-03 ---
2026-09-30 21:18:39,043 - INFO - 
****************************************************************************************************
2026-09-30 21:18:40,728 - INFO - --- training epoch 15, loss 19.6571, mae 20.1513, rmse 24.9214, time elapsed(min) 0.02---
2026-09-30 21:18:40,985 - INFO - --- validation at epoch 15, val_loss 19.0855, val_mae 20.1078, val_rmse 24.5023, val_r2 0.1932, val_pearson 0.4995, lr 1.00e-03 ---
2026-09-30 21:18:40,985 - INFO - 
****************************************************************************************************
2026-09-30 21:18:42,430 - INFO - --- training epoch 16, loss 19.9152, mae 20.4105, rmse 24.5027, time elapsed(min) 0.02---
2026-09-30 21:18:42,670 - INFO - --- validation at epoch 16, val_loss 18.3260, val_mae 19.2996, val_rmse 24.7085, val_r2 0.1795, val_pearson 0.4833, lr 1.00e-03 ---
2026-09-30 21:18:42,670 - INFO - 
****************************************************************************************************
2026-09-30 21:18:44,291 - INFO - --- training epoch 17, loss 18.0313, mae 18.5252, rmse 22.8564, time elapsed(min) 0.02---
2026-09-30 21:18:44,532 - INFO - --- validation at epoch 17, val_loss 16.4538, val_mae 17.9057, val_rmse 22.1705, val_r2 0.3394, val_pearson 0.6040, lr 1.00e-03 ---
2026-09-30 21:18:44,532 - INFO - 
****************************************************************************************************
2026-09-30 21:18:46,311 - INFO - --- training epoch 18, loss 16.5914, mae 17.0857, rmse 21.1712, time elapsed(min) 0.02---
2026-09-30 21:18:46,591 - INFO - --- validation at epoch 18, val_loss 16.1626, val_mae 17.4321, val_rmse 21.8545, val_r2 0.3581, val_pearson 0.6223, lr 1.00e-03 ---
2026-09-30 21:18:46,591 - INFO - 
****************************************************************************************************
2026-09-30 21:18:48,518 - INFO - --- training epoch 19, loss 17.3275, mae 17.8208, rmse 22.1024, time elapsed(min) 0.02---
2026-09-30 21:18:48,750 - INFO - --- validation at epoch 19, val_loss 16.6200, val_mae 18.2229, val_rmse 22.2870, val_r2 0.3325, val_pearson 0.6308, lr 1.00e-03 ---
2026-09-30 21:18:48,750 - INFO - 
****************************************************************************************************
2026-09-30 21:18:50,805 - INFO - --- training epoch 20, loss 16.8661, mae 17.3600, rmse 21.8415, time elapsed(min) 0.03---
2026-09-30 21:18:51,042 - INFO - --- validation at epoch 20, val_loss 15.7914, val_mae 17.0165, val_rmse 21.4556, val_r2 0.3813, val_pearson 0.6346, lr 1.00e-03 ---
2026-09-30 21:18:51,042 - INFO - 
****************************************************************************************************
2026-09-30 21:18:52,496 - INFO - --- training epoch 21, loss 15.7507, mae 16.2419, rmse 20.4234, time elapsed(min) 0.02---
2026-09-30 21:18:52,742 - INFO - --- validation at epoch 21, val_loss 14.4248, val_mae 16.1495, val_rmse 20.4788, val_r2 0.4364, val_pearson 0.6724, lr 1.00e-03 ---
2026-09-30 21:18:52,742 - INFO - 
****************************************************************************************************
2026-09-30 21:18:54,194 - INFO - --- training epoch 22, loss 14.9444, mae 15.4367, rmse 19.6217, time elapsed(min) 0.02---
2026-09-30 21:18:54,415 - INFO - --- validation at epoch 22, val_loss 14.2273, val_mae 15.7968, val_rmse 19.5926, val_r2 0.4841, val_pearson 0.7038, lr 1.00e-03 ---
2026-09-30 21:18:54,415 - INFO - 
****************************************************************************************************
2026-09-30 21:18:56,093 - INFO - --- training epoch 23, loss 14.6422, mae 15.1365, rmse 19.0688, time elapsed(min) 0.02---
2026-09-30 21:18:56,357 - INFO - --- validation at epoch 23, val_loss 13.5084, val_mae 14.8410, val_rmse 18.5061, val_r2 0.5397, val_pearson 0.7426, lr 1.00e-03 ---
2026-09-30 21:18:56,357 - INFO - 
****************************************************************************************************
2026-09-30 21:18:58,362 - INFO - --- training epoch 24, loss 14.4166, mae 14.9095, rmse 18.6428, time elapsed(min) 0.02---
2026-09-30 21:18:58,628 - INFO - --- validation at epoch 24, val_loss 15.8015, val_mae 16.8172, val_rmse 20.4480, val_r2 0.4381, val_pearson 0.6695, lr 1.00e-03 ---
2026-09-30 21:18:58,628 - INFO - 
****************************************************************************************************
2026-09-30 21:19:00,360 - INFO - --- training epoch 25, loss 15.3469, mae 15.8399, rmse 19.9359, time elapsed(min) 0.02---
2026-09-30 21:19:00,975 - INFO - --- validation at epoch 25, val_loss 13.8995, val_mae 15.2691, val_rmse 18.9604, val_r2 0.5169, val_pearson 0.7193, lr 1.00e-03 ---
2026-09-30 21:19:00,975 - INFO - 
****************************************************************************************************
2026-09-30 21:19:02,626 - INFO - --- training epoch 26, loss 14.5999, mae 15.0926, rmse 18.9276, time elapsed(min) 0.02---
2026-09-30 21:19:02,865 - INFO - --- validation at epoch 26, val_loss 13.8509, val_mae 14.9132, val_rmse 18.2227, val_r2 0.5537, val_pearson 0.7443, lr 1.00e-03 ---
2026-09-30 21:19:02,865 - INFO - 
****************************************************************************************************
2026-09-30 21:19:04,260 - INFO - --- training epoch 27, loss 14.0200, mae 14.5132, rmse 18.1185, time elapsed(min) 0.02---
2026-09-30 21:19:04,546 - INFO - --- validation at epoch 27, val_loss 13.7688, val_mae 14.7853, val_rmse 18.5932, val_r2 0.5354, val_pearson 0.7596, lr 1.00e-03 ---
2026-09-30 21:19:04,546 - INFO - 
****************************************************************************************************
2026-09-30 21:19:06,265 - INFO - --- training epoch 28, loss 13.5659, mae 14.0580, rmse 17.8702, time elapsed(min) 0.02---
2026-09-30 21:19:06,512 - INFO - --- validation at epoch 28, val_loss 12.6413, val_mae 13.5389, val_rmse 17.0688, val_r2 0.6085, val_pearson 0.7877, lr 1.00e-03 ---
2026-09-30 21:19:06,512 - INFO - 
****************************************************************************************************
2026-09-30 21:19:08,512 - INFO - --- training epoch 29, loss 13.1913, mae 13.6826, rmse 17.2882, time elapsed(min) 0.02---
2026-09-30 21:19:08,749 - INFO - --- validation at epoch 29, val_loss 12.7848, val_mae 14.0835, val_rmse 17.6668, val_r2 0.5805, val_pearson 0.7775, lr 1.00e-03 ---
2026-09-30 21:19:08,749 - INFO - 
****************************************************************************************************
2026-09-30 21:19:10,635 - INFO - --- training epoch 30, loss 12.8676, mae 13.3586, rmse 17.0715, time elapsed(min) 0.02---
2026-09-30 21:19:11,199 - INFO - --- validation at epoch 30, val_loss 11.2454, val_mae 12.3524, val_rmse 15.8362, val_r2 0.6630, val_pearson 0.8148, lr 1.00e-03 ---
2026-09-30 21:19:11,199 - INFO - 
****************************************************************************************************
2026-09-30 21:19:12,893 - INFO - --- training epoch 31, loss 12.6624, mae 13.1532, rmse 16.8436, time elapsed(min) 0.02---
2026-09-30 21:19:13,153 - INFO - --- validation at epoch 31, val_loss 10.8311, val_mae 11.9993, val_rmse 15.4485, val_r2 0.6793, val_pearson 0.8261, lr 1.00e-03 ---
2026-09-30 21:19:13,153 - INFO - 
****************************************************************************************************
2026-09-30 21:19:14,637 - INFO - --- training epoch 32, loss 12.1543, mae 12.6470, rmse 16.4516, time elapsed(min) 0.02---
2026-09-30 21:19:14,890 - INFO - --- validation at epoch 32, val_loss 12.7421, val_mae 13.8875, val_rmse 17.4033, val_r2 0.5930, val_pearson 0.8095, lr 1.00e-03 ---
2026-09-30 21:19:14,891 - INFO - 
****************************************************************************************************
2026-09-30 21:19:16,619 - INFO - --- training epoch 33, loss 12.2591, mae 12.7494, rmse 16.6181, time elapsed(min) 0.02---
2026-09-30 21:19:16,846 - INFO - --- validation at epoch 33, val_loss 11.5419, val_mae 13.0621, val_rmse 16.8865, val_r2 0.6168, val_pearson 0.8166, lr 1.00e-03 ---
2026-09-30 21:19:16,846 - INFO - 
****************************************************************************************************
2026-09-30 21:19:18,628 - INFO - --- training epoch 34, loss 12.7548, mae 13.2461, rmse 17.3969, time elapsed(min) 0.02---
2026-09-30 21:19:18,890 - INFO - --- validation at epoch 34, val_loss 11.2204, val_mae 12.8656, val_rmse 16.6000, val_r2 0.6297, val_pearson 0.7977, lr 1.00e-03 ---
2026-09-30 21:19:18,890 - INFO - 
****************************************************************************************************
2026-09-30 21:19:20,840 - INFO - --- training epoch 35, loss 12.5780, mae 13.0686, rmse 17.0141, time elapsed(min) 0.02---
2026-09-30 21:19:21,079 - INFO - --- validation at epoch 35, val_loss 12.4531, val_mae 13.7677, val_rmse 17.0910, val_r2 0.6074, val_pearson 0.8143, lr 1.00e-03 ---
2026-09-30 21:19:21,080 - INFO - 
****************************************************************************************************
2026-09-30 21:19:23,198 - INFO - --- training epoch 36, loss 12.0194, mae 12.5116, rmse 16.2369, time elapsed(min) 0.03---
2026-09-30 21:19:23,445 - INFO - --- validation at epoch 36, val_loss 12.5944, val_mae 13.4820, val_rmse 16.6558, val_r2 0.6272, val_pearson 0.8195, lr 1.00e-03 ---
2026-09-30 21:19:23,445 - INFO - 
****************************************************************************************************
2026-09-30 21:19:24,849 - INFO - --- training epoch 37, loss 12.3256, mae 12.8184, rmse 16.7095, time elapsed(min) 0.02---
2026-09-30 21:19:25,108 - INFO - --- validation at epoch 37, val_loss 10.7120, val_mae 12.1997, val_rmse 15.5774, val_r2 0.6739, val_pearson 0.8241, lr 1.00e-03 ---
2026-09-30 21:19:25,109 - INFO - 
****************************************************************************************************
2026-09-30 21:19:26,830 - INFO - --- training epoch 38, loss 11.6418, mae 12.1315, rmse 16.0684, time elapsed(min) 0.02---
2026-09-30 21:19:27,057 - INFO - --- validation at epoch 38, val_loss 10.7057, val_mae 11.9043, val_rmse 15.3717, val_r2 0.6824, val_pearson 0.8296, lr 1.00e-03 ---
2026-09-30 21:19:27,057 - INFO - 
****************************************************************************************************
2026-09-30 21:19:29,001 - INFO - --- training epoch 39, loss 11.7364, mae 12.2247, rmse 16.3070, time elapsed(min) 0.02---
2026-09-30 21:19:29,243 - INFO - --- validation at epoch 39, val_loss 10.6826, val_mae 11.9209, val_rmse 15.9419, val_r2 0.6584, val_pearson 0.8164, lr 1.00e-03 ---
2026-09-30 21:19:29,243 - INFO - 
****************************************************************************************************
2026-09-30 21:19:31,175 - INFO - --- training epoch 40, loss 11.5356, mae 12.0271, rmse 15.9108, time elapsed(min) 0.02---
2026-09-30 21:19:31,444 - INFO - --- validation at epoch 40, val_loss 10.2183, val_mae 11.9234, val_rmse 15.7245, val_r2 0.6677, val_pearson 0.8247, lr 1.00e-03 ---
2026-09-30 21:19:31,445 - INFO - 
****************************************************************************************************
2026-09-30 21:19:33,521 - INFO - --- training epoch 41, loss 11.1262, mae 11.6145, rmse 15.6317, time elapsed(min) 0.03---
2026-09-30 21:19:33,763 - INFO - --- validation at epoch 41, val_loss 9.5059, val_mae 11.0962, val_rmse 15.1650, val_r2 0.6909, val_pearson 0.8319, lr 1.00e-03 ---
2026-09-30 21:19:33,763 - INFO - 
****************************************************************************************************
2026-09-30 21:19:35,243 - INFO - --- training epoch 42, loss 11.3409, mae 11.8295, rmse 15.9345, time elapsed(min) 0.02---
2026-09-30 21:19:35,471 - INFO - --- validation at epoch 42, val_loss 10.6292, val_mae 11.7942, val_rmse 15.4223, val_r2 0.6803, val_pearson 0.8324, lr 1.00e-03 ---
2026-09-30 21:19:35,471 - INFO - 
****************************************************************************************************
2026-09-30 21:19:36,889 - INFO - --- training epoch 43, loss 10.8197, mae 11.3087, rmse 15.4239, time elapsed(min) 0.02---
2026-09-30 21:19:37,155 - INFO - --- validation at epoch 43, val_loss 9.8326, val_mae 11.2858, val_rmse 15.8750, val_r2 0.6613, val_pearson 0.8190, lr 1.00e-03 ---
2026-09-30 21:19:37,155 - INFO - 
****************************************************************************************************
2026-09-30 21:19:38,824 - INFO - --- training epoch 44, loss 10.5024, mae 10.9910, rmse 15.3545, time elapsed(min) 0.02---
2026-09-30 21:19:39,071 - INFO - --- validation at epoch 44, val_loss 10.5652, val_mae 11.8051, val_rmse 15.6620, val_r2 0.6703, val_pearson 0.8253, lr 1.00e-03 ---
2026-09-30 21:19:39,071 - INFO - 
****************************************************************************************************
2026-09-30 21:19:40,976 - INFO - --- training epoch 45, loss 11.0904, mae 11.5799, rmse 15.9188, time elapsed(min) 0.02---
2026-09-30 21:19:41,209 - INFO - --- validation at epoch 45, val_loss 10.0974, val_mae 11.7219, val_rmse 15.9352, val_r2 0.6587, val_pearson 0.8186, lr 1.00e-03 ---
2026-09-30 21:19:41,209 - INFO - 
****************************************************************************************************
2026-09-30 21:19:43,002 - INFO - --- training epoch 46, loss 11.1004, mae 11.5899, rmse 15.6993, time elapsed(min) 0.02---
2026-09-30 21:19:43,772 - INFO - --- validation at epoch 46, val_loss 10.2274, val_mae 11.8853, val_rmse 15.5839, val_r2 0.6736, val_pearson 0.8357, lr 1.00e-03 ---
2026-09-30 21:19:43,772 - INFO - 
****************************************************************************************************
2026-09-30 21:19:45,401 - INFO - --- training epoch 47, loss 11.2568, mae 11.7460, rmse 15.6610, time elapsed(min) 0.02---
2026-09-30 21:19:45,651 - INFO - --- validation at epoch 47, val_loss 9.7337, val_mae 11.0542, val_rmse 15.0128, val_r2 0.6971, val_pearson 0.8369, lr 1.00e-03 ---
2026-09-30 21:19:45,652 - INFO - 
****************************************************************************************************
2026-09-30 21:19:47,046 - INFO - --- training epoch 48, loss 10.4383, mae 10.9265, rmse 15.0495, time elapsed(min) 0.02---
2026-09-30 21:19:47,284 - INFO - --- validation at epoch 48, val_loss 9.7664, val_mae 11.5948, val_rmse 15.9075, val_r2 0.6599, val_pearson 0.8177, lr 1.00e-03 ---
2026-09-30 21:19:47,284 - INFO - 
****************************************************************************************************
2026-09-30 21:19:49,024 - INFO - --- training epoch 49, loss 10.6544, mae 11.1429, rmse 15.4661, time elapsed(min) 0.02---
2026-09-30 21:19:49,251 - INFO - --- validation at epoch 49, val_loss 10.1402, val_mae 11.4655, val_rmse 15.6058, val_r2 0.6727, val_pearson 0.8208, lr 1.00e-03 ---
2026-09-30 21:19:49,251 - INFO - 
****************************************************************************************************
2026-09-30 21:19:50,971 - INFO - --- training epoch 50, loss 11.6070, mae 12.0972, rmse 16.2472, time elapsed(min) 0.02---
2026-09-30 21:19:51,241 - INFO - --- validation at epoch 50, val_loss 12.1863, val_mae 12.8952, val_rmse 16.3656, val_r2 0.6401, val_pearson 0.8112, lr 1.00e-03 ---
2026-09-30 21:19:51,241 - INFO - 
****************************************************************************************************
2026-09-30 21:19:52,993 - INFO - --- training epoch 51, loss 10.9535, mae 11.4414, rmse 15.7913, time elapsed(min) 0.02---
2026-09-30 21:19:53,562 - INFO - --- validation at epoch 51, val_loss 9.9998, val_mae 11.5919, val_rmse 16.0195, val_r2 0.6551, val_pearson 0.8174, lr 1.00e-03 ---
2026-09-30 21:19:53,562 - INFO - 
****************************************************************************************************
2026-09-30 21:19:55,175 - INFO - --- training epoch 52, loss 10.7256, mae 11.2143, rmse 15.2470, time elapsed(min) 0.02---
2026-09-30 21:19:55,444 - INFO - --- validation at epoch 52, val_loss 9.5976, val_mae 10.7015, val_rmse 14.4209, val_r2 0.7205, val_pearson 0.8493, lr 1.00e-03 ---
2026-09-30 21:19:55,445 - INFO - 
****************************************************************************************************
2026-09-30 21:19:56,851 - INFO - --- training epoch 53, loss 9.9103, mae 10.3980, rmse 14.2607, time elapsed(min) 0.02---
2026-09-30 21:19:57,091 - INFO - --- validation at epoch 53, val_loss 9.4754, val_mae 10.5197, val_rmse 14.5515, val_r2 0.7154, val_pearson 0.8515, lr 3.00e-04 ---
2026-09-30 21:19:57,091 - INFO - 
****************************************************************************************************
2026-09-30 21:19:58,857 - INFO - --- training epoch 54, loss 9.6944, mae 10.1810, rmse 14.1180, time elapsed(min) 0.02---
2026-09-30 21:19:59,137 - INFO - --- validation at epoch 54, val_loss 9.5090, val_mae 10.4753, val_rmse 14.6500, val_r2 0.7116, val_pearson 0.8473, lr 3.00e-04 ---
2026-09-30 21:19:59,138 - INFO - 
****************************************************************************************************
2026-09-30 21:20:00,937 - INFO - --- training epoch 55, loss 9.8237, mae 10.3118, rmse 14.3060, time elapsed(min) 0.02---
2026-09-30 21:20:01,212 - INFO - --- validation at epoch 55, val_loss 9.0926, val_mae 10.1127, val_rmse 14.3426, val_r2 0.7235, val_pearson 0.8549, lr 3.00e-04 ---
2026-09-30 21:20:01,212 - INFO - 
****************************************************************************************************
2026-09-30 21:20:03,068 - INFO - --- training epoch 56, loss 9.6932, mae 10.1782, rmse 14.2968, time elapsed(min) 0.02---
2026-09-30 21:20:03,642 - INFO - --- validation at epoch 56, val_loss 9.2371, val_mae 10.4191, val_rmse 14.6968, val_r2 0.7097, val_pearson 0.8455, lr 3.00e-04 ---
2026-09-30 21:20:03,642 - INFO - 
****************************************************************************************************
2026-09-30 21:20:05,335 - INFO - --- training epoch 57, loss 9.6156, mae 10.1030, rmse 14.0653, time elapsed(min) 0.02---
2026-09-30 21:20:05,577 - INFO - --- validation at epoch 57, val_loss 9.3209, val_mae 10.3566, val_rmse 14.3753, val_r2 0.7223, val_pearson 0.8536, lr 3.00e-04 ---
2026-09-30 21:20:05,577 - INFO - 
****************************************************************************************************
2026-09-30 21:20:06,974 - INFO - --- training epoch 58, loss 9.4752, mae 9.9609, rmse 14.1801, time elapsed(min) 0.02---
2026-09-30 21:20:07,208 - INFO - --- validation at epoch 58, val_loss 8.8362, val_mae 9.9012, val_rmse 14.2160, val_r2 0.7284, val_pearson 0.8582, lr 3.00e-04 ---
2026-09-30 21:20:07,208 - INFO - 
****************************************************************************************************
2026-09-30 21:20:09,181 - INFO - --- training epoch 59, loss 9.3099, mae 9.7970, rmse 13.8707, time elapsed(min) 0.02---
2026-09-30 21:20:09,441 - INFO - --- validation at epoch 59, val_loss 8.8092, val_mae 9.9774, val_rmse 14.1594, val_r2 0.7306, val_pearson 0.8572, lr 3.00e-04 ---
2026-09-30 21:20:09,441 - INFO - 
****************************************************************************************************
2026-09-30 21:20:11,226 - INFO - --- training epoch 60, loss 9.2900, mae 9.7758, rmse 13.8011, time elapsed(min) 0.02---
2026-09-30 21:20:11,526 - INFO - --- validation at epoch 60, val_loss 9.1793, val_mae 10.0433, val_rmse 14.0936, val_r2 0.7331, val_pearson 0.8615, lr 3.00e-04 ---
2026-09-30 21:20:11,527 - INFO - 
****************************************************************************************************
2026-09-30 21:20:13,349 - INFO - --- training epoch 61, loss 9.1692, mae 9.6536, rmse 13.6311, time elapsed(min) 0.02---
2026-09-30 21:20:13,575 - INFO - --- validation at epoch 61, val_loss 9.2245, val_mae 10.1017, val_rmse 14.2558, val_r2 0.7269, val_pearson 0.8611, lr 3.00e-04 ---
2026-09-30 21:20:13,575 - INFO - 
****************************************************************************************************
2026-09-30 21:20:15,234 - INFO - --- training epoch 62, loss 9.2547, mae 9.7408, rmse 13.7361, time elapsed(min) 0.02---
2026-09-30 21:20:15,459 - INFO - --- validation at epoch 62, val_loss 8.7683, val_mae 9.7499, val_rmse 13.7836, val_r2 0.7447, val_pearson 0.8645, lr 3.00e-04 ---
2026-09-30 21:20:15,460 - INFO - 
****************************************************************************************************
2026-09-30 21:20:16,981 - INFO - --- training epoch 63, loss 9.1084, mae 9.5953, rmse 13.6405, time elapsed(min) 0.02---
2026-09-30 21:20:17,237 - INFO - --- validation at epoch 63, val_loss 9.0031, val_mae 9.8500, val_rmse 13.9421, val_r2 0.7388, val_pearson 0.8659, lr 3.00e-04 ---
2026-09-30 21:20:17,237 - INFO - 
****************************************************************************************************
2026-09-30 21:20:18,900 - INFO - --- training epoch 64, loss 9.0339, mae 9.5208, rmse 13.4401, time elapsed(min) 0.02---
2026-09-30 21:20:19,151 - INFO - --- validation at epoch 64, val_loss 8.7192, val_mae 9.6572, val_rmse 13.5198, val_r2 0.7543, val_pearson 0.8735, lr 3.00e-04 ---
2026-09-30 21:20:19,151 - INFO - 
****************************************************************************************************
2026-09-30 21:20:21,157 - INFO - --- training epoch 65, loss 9.0049, mae 9.4929, rmse 13.3780, time elapsed(min) 0.02---
2026-09-30 21:20:21,388 - INFO - --- validation at epoch 65, val_loss 8.6568, val_mae 9.6943, val_rmse 13.9692, val_r2 0.7377, val_pearson 0.8644, lr 3.00e-04 ---
2026-09-30 21:20:21,388 - INFO - 
****************************************************************************************************
2026-09-30 21:20:23,477 - INFO - --- training epoch 66, loss 9.1227, mae 9.6096, rmse 13.6853, time elapsed(min) 0.03---
2026-09-30 21:20:23,722 - INFO - --- validation at epoch 66, val_loss 8.6312, val_mae 9.5862, val_rmse 13.5674, val_r2 0.7526, val_pearson 0.8710, lr 3.00e-04 ---
2026-09-30 21:20:23,722 - INFO - 
****************************************************************************************************
2026-09-30 21:20:25,516 - INFO - --- training epoch 67, loss 9.0194, mae 9.5033, rmse 13.4244, time elapsed(min) 0.02---
2026-09-30 21:20:25,771 - INFO - --- validation at epoch 67, val_loss 8.5074, val_mae 9.5202, val_rmse 13.7940, val_r2 0.7443, val_pearson 0.8652, lr 3.00e-04 ---
2026-09-30 21:20:25,771 - INFO - 
****************************************************************************************************
2026-09-30 21:20:27,266 - INFO - --- training epoch 68, loss 8.8822, mae 9.3672, rmse 13.2726, time elapsed(min) 0.02---
2026-09-30 21:20:27,542 - INFO - --- validation at epoch 68, val_loss 8.3301, val_mae 9.3020, val_rmse 13.4047, val_r2 0.7585, val_pearson 0.8747, lr 3.00e-04 ---
2026-09-30 21:20:27,542 - INFO - 
****************************************************************************************************
2026-09-30 21:20:29,364 - INFO - --- training epoch 69, loss 8.7628, mae 9.2501, rmse 13.2220, time elapsed(min) 0.02---
2026-09-30 21:20:29,603 - INFO - --- validation at epoch 69, val_loss 8.4955, val_mae 9.2716, val_rmse 13.3366, val_r2 0.7610, val_pearson 0.8759, lr 3.00e-04 ---
2026-09-30 21:20:29,603 - INFO - 
****************************************************************************************************
2026-09-30 21:20:31,570 - INFO - --- training epoch 70, loss 8.7722, mae 9.2599, rmse 13.2627, time elapsed(min) 0.02---
2026-09-30 21:20:31,793 - INFO - --- validation at epoch 70, val_loss 8.3504, val_mae 9.2404, val_rmse 13.2513, val_r2 0.7640, val_pearson 0.8759, lr 3.00e-04 ---
2026-09-30 21:20:31,793 - INFO - 
****************************************************************************************************
2026-09-30 21:20:33,554 - INFO - --- training epoch 71, loss 8.7529, mae 9.2389, rmse 13.1740, time elapsed(min) 0.02---
2026-09-30 21:20:33,795 - INFO - --- validation at epoch 71, val_loss 8.9600, val_mae 9.6018, val_rmse 13.3543, val_r2 0.7603, val_pearson 0.8774, lr 3.00e-04 ---
2026-09-30 21:20:33,795 - INFO - 
****************************************************************************************************
2026-09-30 21:20:35,861 - INFO - --- training epoch 72, loss 9.0208, mae 9.5076, rmse 13.4421, time elapsed(min) 0.03---
2026-09-30 21:20:36,111 - INFO - --- validation at epoch 72, val_loss 9.0771, val_mae 9.7594, val_rmse 13.7230, val_r2 0.7469, val_pearson 0.8753, lr 3.00e-04 ---
2026-09-30 21:20:36,111 - INFO - 
****************************************************************************************************
2026-09-30 21:20:37,592 - INFO - --- training epoch 73, loss 8.6789, mae 9.1644, rmse 12.9802, time elapsed(min) 0.02---
2026-09-30 21:20:37,851 - INFO - --- validation at epoch 73, val_loss 8.4142, val_mae 9.1018, val_rmse 12.9807, val_r2 0.7735, val_pearson 0.8849, lr 3.00e-04 ---
2026-09-30 21:20:37,851 - INFO - 
****************************************************************************************************
2026-09-30 21:20:39,501 - INFO - --- training epoch 74, loss 8.6062, mae 9.0903, rmse 12.8748, time elapsed(min) 0.02---
2026-09-30 21:20:39,779 - INFO - --- validation at epoch 74, val_loss 8.6400, val_mae 9.2408, val_rmse 13.0933, val_r2 0.7696, val_pearson 0.8824, lr 3.00e-04 ---
2026-09-30 21:20:39,779 - INFO - 
****************************************************************************************************
2026-09-30 21:20:41,466 - INFO - --- training epoch 75, loss 8.5137, mae 8.9982, rmse 12.7860, time elapsed(min) 0.02---
2026-09-30 21:20:41,701 - INFO - --- validation at epoch 75, val_loss 8.3160, val_mae 8.8597, val_rmse 12.9270, val_r2 0.7754, val_pearson 0.8866, lr 3.00e-04 ---
2026-09-30 21:20:41,701 - INFO - 
****************************************************************************************************
2026-09-30 21:20:43,709 - INFO - --- training epoch 76, loss 8.5703, mae 9.0568, rmse 12.8038, time elapsed(min) 0.02---
2026-09-30 21:20:43,968 - INFO - --- validation at epoch 76, val_loss 8.5653, val_mae 9.5318, val_rmse 13.7733, val_r2 0.7451, val_pearson 0.8724, lr 3.00e-04 ---
2026-09-30 21:20:43,969 - INFO - 
****************************************************************************************************
2026-09-30 21:20:45,771 - INFO - --- training epoch 77, loss 8.5162, mae 9.0003, rmse 12.9815, time elapsed(min) 0.02---
2026-09-30 21:20:46,441 - INFO - --- validation at epoch 77, val_loss 8.1976, val_mae 8.8653, val_rmse 13.0720, val_r2 0.7704, val_pearson 0.8833, lr 3.00e-04 ---
2026-09-30 21:20:46,441 - INFO - 
****************************************************************************************************
2026-09-30 21:20:48,159 - INFO - --- training epoch 78, loss 8.3034, mae 8.7890, rmse 12.4756, time elapsed(min) 0.02---
2026-09-30 21:20:48,420 - INFO - --- validation at epoch 78, val_loss 7.9801, val_mae 8.6815, val_rmse 12.4841, val_r2 0.7905, val_pearson 0.8909, lr 3.00e-04 ---
2026-09-30 21:20:48,420 - INFO - 
****************************************************************************************************
2026-09-30 21:20:49,914 - INFO - --- training epoch 79, loss 8.2615, mae 8.7459, rmse 12.4786, time elapsed(min) 0.02---
2026-09-30 21:20:50,194 - INFO - --- validation at epoch 79, val_loss 8.2032, val_mae 8.9547, val_rmse 12.7817, val_r2 0.7804, val_pearson 0.8882, lr 3.00e-04 ---
2026-09-30 21:20:50,194 - INFO - 
****************************************************************************************************
2026-09-30 21:20:51,931 - INFO - --- training epoch 80, loss 8.2531, mae 8.7353, rmse 12.4495, time elapsed(min) 0.02---
2026-09-30 21:20:52,169 - INFO - --- validation at epoch 80, val_loss 8.1339, val_mae 8.9919, val_rmse 13.2728, val_r2 0.7632, val_pearson 0.8809, lr 3.00e-04 ---
2026-09-30 21:20:52,169 - INFO - 
****************************************************************************************************
2026-09-30 21:20:53,910 - INFO - --- training epoch 81, loss 8.2753, mae 8.7599, rmse 12.3697, time elapsed(min) 0.02---
2026-09-30 21:20:54,140 - INFO - --- validation at epoch 81, val_loss 8.1460, val_mae 9.0328, val_rmse 12.8001, val_r2 0.7798, val_pearson 0.8899, lr 3.00e-04 ---
2026-09-30 21:20:54,140 - INFO - 
****************************************************************************************************
2026-09-30 21:20:55,895 - INFO - --- training epoch 82, loss 8.3623, mae 8.8467, rmse 12.5344, time elapsed(min) 0.02---
2026-09-30 21:20:56,446 - INFO - --- validation at epoch 82, val_loss 8.5812, val_mae 9.1372, val_rmse 12.8751, val_r2 0.7772, val_pearson 0.8917, lr 3.00e-04 ---
2026-09-30 21:20:56,446 - INFO - 
****************************************************************************************************
2026-09-30 21:20:58,159 - INFO - --- training epoch 83, loss 8.3323, mae 8.8182, rmse 12.6073, time elapsed(min) 0.02---
2026-09-30 21:20:58,421 - INFO - --- validation at epoch 83, val_loss 8.1550, val_mae 9.0843, val_rmse 13.3589, val_r2 0.7602, val_pearson 0.8795, lr 3.00e-04 ---
2026-09-30 21:20:58,421 - INFO - 
****************************************************************************************************
2026-09-30 21:20:59,853 - INFO - --- training epoch 84, loss 8.2905, mae 8.7750, rmse 12.3827, time elapsed(min) 0.02---
2026-09-30 21:21:00,087 - INFO - --- validation at epoch 84, val_loss 7.6741, val_mae 8.6345, val_rmse 12.3731, val_r2 0.7943, val_pearson 0.8945, lr 3.00e-04 ---
2026-09-30 21:21:00,087 - INFO - 
****************************************************************************************************
2026-09-30 21:21:02,079 - INFO - --- training epoch 85, loss 8.0709, mae 8.5553, rmse 12.3177, time elapsed(min) 0.02---
2026-09-30 21:21:02,335 - INFO - --- validation at epoch 85, val_loss 7.9364, val_mae 8.5868, val_rmse 12.3608, val_r2 0.7947, val_pearson 0.8969, lr 3.00e-04 ---
2026-09-30 21:21:02,335 - INFO - 
****************************************************************************************************
2026-09-30 21:21:04,239 - INFO - --- training epoch 86, loss 8.0417, mae 8.5250, rmse 12.1535, time elapsed(min) 0.02---
2026-09-30 21:21:04,486 - INFO - --- validation at epoch 86, val_loss 7.6604, val_mae 8.5096, val_rmse 12.4660, val_r2 0.7912, val_pearson 0.8939, lr 3.00e-04 ---
2026-09-30 21:21:04,486 - INFO - 
****************************************************************************************************
2026-09-30 21:21:06,385 - INFO - --- training epoch 87, loss 8.0405, mae 8.5272, rmse 12.1046, time elapsed(min) 0.02---
2026-09-30 21:21:06,965 - INFO - --- validation at epoch 87, val_loss 8.1067, val_mae 8.7623, val_rmse 12.7874, val_r2 0.7802, val_pearson 0.8893, lr 3.00e-04 ---
2026-09-30 21:21:06,965 - INFO - 
****************************************************************************************************
2026-09-30 21:21:08,691 - INFO - --- training epoch 88, loss 8.1667, mae 8.6499, rmse 12.3351, time elapsed(min) 0.02---
2026-09-30 21:21:08,992 - INFO - --- validation at epoch 88, val_loss 7.8784, val_mae 8.7379, val_rmse 12.4954, val_r2 0.7902, val_pearson 0.8938, lr 3.00e-04 ---
2026-09-30 21:21:08,992 - INFO - 
****************************************************************************************************
2026-09-30 21:21:10,419 - INFO - --- training epoch 89, loss 8.0329, mae 8.5185, rmse 12.2314, time elapsed(min) 0.02---
2026-09-30 21:21:10,661 - INFO - --- validation at epoch 89, val_loss 8.2962, val_mae 8.9181, val_rmse 12.8792, val_r2 0.7771, val_pearson 0.8905, lr 3.00e-04 ---
2026-09-30 21:21:10,661 - INFO - 
****************************************************************************************************
2026-09-30 21:21:12,422 - INFO - --- training epoch 90, loss 7.8694, mae 8.3532, rmse 12.0212, time elapsed(min) 0.02---
2026-09-30 21:21:12,686 - INFO - --- validation at epoch 90, val_loss 8.0795, val_mae 8.7758, val_rmse 12.7323, val_r2 0.7821, val_pearson 0.8920, lr 3.00e-04 ---
2026-09-30 21:21:12,687 - INFO - 
****************************************************************************************************
2026-09-30 21:21:14,439 - INFO - --- training epoch 91, loss 7.8155, mae 8.2990, rmse 11.9618, time elapsed(min) 0.02---
2026-09-30 21:21:14,695 - INFO - --- validation at epoch 91, val_loss 7.2644, val_mae 8.1525, val_rmse 11.8252, val_r2 0.8121, val_pearson 0.9053, lr 3.00e-04 ---
2026-09-30 21:21:14,696 - INFO - 
****************************************************************************************************
2026-09-30 21:21:16,528 - INFO - --- training epoch 92, loss 7.8074, mae 8.2916, rmse 11.7647, time elapsed(min) 0.02---
2026-09-30 21:21:16,773 - INFO - --- validation at epoch 92, val_loss 7.1348, val_mae 8.1326, val_rmse 11.7725, val_r2 0.8137, val_pearson 0.9038, lr 3.00e-04 ---
2026-09-30 21:21:16,774 - INFO - 
****************************************************************************************************
2026-09-30 21:21:18,515 - INFO - --- training epoch 93, loss 7.6987, mae 8.1807, rmse 11.7258, time elapsed(min) 0.02---
2026-09-30 21:21:18,739 - INFO - --- validation at epoch 93, val_loss 7.4361, val_mae 8.3583, val_rmse 12.1325, val_r2 0.8022, val_pearson 0.8990, lr 3.00e-04 ---
2026-09-30 21:21:18,739 - INFO - 
****************************************************************************************************
2026-09-30 21:21:20,119 - INFO - --- training epoch 94, loss 7.7475, mae 8.2318, rmse 11.7035, time elapsed(min) 0.02---
2026-09-30 21:21:20,372 - INFO - --- validation at epoch 94, val_loss 7.5588, val_mae 8.4031, val_rmse 12.2181, val_r2 0.7994, val_pearson 0.9009, lr 3.00e-04 ---
2026-09-30 21:21:20,373 - INFO - 
****************************************************************************************************
2026-09-30 21:21:21,781 - INFO - --- training epoch 95, loss 7.8714, mae 8.3562, rmse 11.9475, time elapsed(min) 0.02---
2026-09-30 21:21:22,040 - INFO - --- validation at epoch 95, val_loss 7.1810, val_mae 8.3194, val_rmse 12.1233, val_r2 0.8025, val_pearson 0.9011, lr 3.00e-04 ---
2026-09-30 21:21:22,040 - INFO - 
****************************************************************************************************
2026-09-30 21:21:23,749 - INFO - --- training epoch 96, loss 7.8177, mae 8.3010, rmse 11.7513, time elapsed(min) 0.02---
2026-09-30 21:21:23,981 - INFO - --- validation at epoch 96, val_loss 7.3937, val_mae 8.2989, val_rmse 11.9714, val_r2 0.8074, val_pearson 0.9062, lr 3.00e-04 ---
2026-09-30 21:21:23,981 - INFO - 
****************************************************************************************************
2026-09-30 21:21:25,681 - INFO - --- training epoch 97, loss 7.7617, mae 8.2458, rmse 11.7273, time elapsed(min) 0.02---
2026-09-30 21:21:25,932 - INFO - --- validation at epoch 97, val_loss 7.3172, val_mae 8.1974, val_rmse 12.0245, val_r2 0.8057, val_pearson 0.9044, lr 3.00e-04 ---
2026-09-30 21:21:25,932 - INFO - 
****************************************************************************************************
2026-09-30 21:21:27,730 - INFO - --- training epoch 98, loss 7.7196, mae 8.2026, rmse 11.7174, time elapsed(min) 0.02---
2026-09-30 21:21:28,334 - INFO - --- validation at epoch 98, val_loss 7.1205, val_mae 8.0837, val_rmse 11.9809, val_r2 0.8071, val_pearson 0.9024, lr 3.00e-04 ---
2026-09-30 21:21:28,335 - INFO - 
****************************************************************************************************
2026-09-30 21:21:30,153 - INFO - --- training epoch 99, loss 7.7919, mae 8.2765, rmse 11.7105, time elapsed(min) 0.02---
2026-09-30 21:21:30,402 - INFO - --- validation at epoch 99, val_loss 6.9202, val_mae 7.9823, val_rmse 11.8501, val_r2 0.8113, val_pearson 0.9028, lr 3.00e-04 ---
2026-09-30 21:21:30,402 - INFO - 
****************************************************************************************************
2026-09-30 21:21:31,895 - INFO - --- training epoch 100, loss 7.4009, mae 7.8850, rmse 11.3883, time elapsed(min) 0.02---
2026-09-30 21:21:32,155 - INFO - --- validation at epoch 100, val_loss 7.1282, val_mae 8.2926, val_rmse 12.2039, val_r2 0.7998, val_pearson 0.8995, lr 3.00e-04 ---
2026-09-30 21:21:32,155 - INFO - 
****************************************************************************************************
2026-09-30 21:21:33,862 - INFO - --- training epoch 101, loss 7.5153, mae 7.9971, rmse 11.4299, time elapsed(min) 0.02---
2026-09-30 21:21:34,116 - INFO - --- validation at epoch 101, val_loss 6.7926, val_mae 8.1220, val_rmse 11.7427, val_r2 0.8147, val_pearson 0.9076, lr 3.00e-04 ---
2026-09-30 21:21:34,116 - INFO - 
****************************************************************************************************
2026-09-30 21:21:35,959 - INFO - --- training epoch 102, loss 7.4637, mae 7.9463, rmse 11.2986, time elapsed(min) 0.02---
2026-09-30 21:21:36,240 - INFO - --- validation at epoch 102, val_loss 6.9382, val_mae 8.0274, val_rmse 11.6967, val_r2 0.8161, val_pearson 0.9062, lr 3.00e-04 ---
2026-09-30 21:21:36,240 - INFO - 
****************************************************************************************************
2026-09-30 21:21:37,960 - INFO - --- training epoch 103, loss 7.6318, mae 8.1146, rmse 11.6171, time elapsed(min) 0.02---
2026-09-30 21:21:38,527 - INFO - --- validation at epoch 103, val_loss 7.6573, val_mae 8.4659, val_rmse 12.1942, val_r2 0.8002, val_pearson 0.9012, lr 3.00e-04 ---
2026-09-30 21:21:38,527 - INFO - 
****************************************************************************************************
2026-09-30 21:21:40,194 - INFO - --- training epoch 104, loss 7.9064, mae 8.3905, rmse 11.8273, time elapsed(min) 0.02---
2026-09-30 21:21:40,473 - INFO - --- validation at epoch 104, val_loss 7.2040, val_mae 8.0485, val_rmse 11.6375, val_r2 0.8180, val_pearson 0.9097, lr 3.00e-04 ---
2026-09-30 21:21:40,473 - INFO - 
****************************************************************************************************
2026-09-30 21:21:41,890 - INFO - --- training epoch 105, loss 7.5014, mae 7.9867, rmse 11.3900, time elapsed(min) 0.02---
2026-09-30 21:21:42,145 - INFO - --- validation at epoch 105, val_loss 7.1008, val_mae 7.9099, val_rmse 11.4663, val_r2 0.8233, val_pearson 0.9104, lr 3.00e-04 ---
2026-09-30 21:21:42,146 - INFO - 
****************************************************************************************************
2026-09-30 21:21:43,819 - INFO - --- training epoch 106, loss 7.4345, mae 7.9186, rmse 11.3950, time elapsed(min) 0.02---
2026-09-30 21:21:44,043 - INFO - --- validation at epoch 106, val_loss 6.4381, val_mae 7.7055, val_rmse 11.4192, val_r2 0.8248, val_pearson 0.9098, lr 3.00e-04 ---
2026-09-30 21:21:44,043 - INFO - 
****************************************************************************************************
2026-09-30 21:21:46,052 - INFO - --- training epoch 107, loss 7.2403, mae 7.7214, rmse 11.1940, time elapsed(min) 0.02---
2026-09-30 21:21:46,318 - INFO - --- validation at epoch 107, val_loss 6.7310, val_mae 7.7904, val_rmse 11.3833, val_r2 0.8259, val_pearson 0.9120, lr 3.00e-04 ---
2026-09-30 21:21:46,318 - INFO - 
****************************************************************************************************
2026-09-30 21:21:48,081 - INFO - --- training epoch 108, loss 7.3999, mae 7.8831, rmse 11.2663, time elapsed(min) 0.02---
2026-09-30 21:21:48,345 - INFO - --- validation at epoch 108, val_loss 6.8099, val_mae 7.7906, val_rmse 11.5321, val_r2 0.8213, val_pearson 0.9116, lr 3.00e-04 ---
2026-09-30 21:21:48,345 - INFO - 
****************************************************************************************************
2026-09-30 21:21:50,430 - INFO - --- training epoch 109, loss 7.3621, mae 7.8428, rmse 11.3613, time elapsed(min) 0.03---
2026-09-30 21:21:50,685 - INFO - --- validation at epoch 109, val_loss 6.9531, val_mae 7.9855, val_rmse 11.4141, val_r2 0.8249, val_pearson 0.9125, lr 3.00e-04 ---
2026-09-30 21:21:50,685 - INFO - 
****************************************************************************************************
2026-09-30 21:21:52,101 - INFO - --- training epoch 110, loss 7.3033, mae 7.7861, rmse 11.3281, time elapsed(min) 0.02---
2026-09-30 21:21:52,336 - INFO - --- validation at epoch 110, val_loss 6.5456, val_mae 7.4717, val_rmse 10.9420, val_r2 0.8391, val_pearson 0.9190, lr 3.00e-04 ---
2026-09-30 21:21:52,336 - INFO - 
****************************************************************************************************
2026-09-30 21:21:53,770 - INFO - --- training epoch 111, loss 7.2614, mae 7.7450, rmse 11.1310, time elapsed(min) 0.02---
2026-09-30 21:21:53,994 - INFO - --- validation at epoch 111, val_loss 6.9606, val_mae 7.5456, val_rmse 11.0805, val_r2 0.8350, val_pearson 0.9150, lr 3.00e-04 ---
2026-09-30 21:21:53,994 - INFO - 
****************************************************************************************************
2026-09-30 21:21:55,834 - INFO - --- training epoch 112, loss 7.3503, mae 7.8334, rmse 11.1959, time elapsed(min) 0.02---
2026-09-30 21:21:56,090 - INFO - --- validation at epoch 112, val_loss 6.5429, val_mae 7.3456, val_rmse 11.0343, val_r2 0.8364, val_pearson 0.9184, lr 3.00e-04 ---
2026-09-30 21:21:56,090 - INFO - 
****************************************************************************************************
2026-09-30 21:21:57,777 - INFO - --- training epoch 113, loss 7.1888, mae 7.6692, rmse 11.1013, time elapsed(min) 0.02---
2026-09-30 21:21:58,032 - INFO - --- validation at epoch 113, val_loss 6.5090, val_mae 7.6755, val_rmse 11.3324, val_r2 0.8274, val_pearson 0.9142, lr 3.00e-04 ---
2026-09-30 21:21:58,032 - INFO - 
****************************************************************************************************
2026-09-30 21:21:59,843 - INFO - --- training epoch 114, loss 7.4677, mae 7.9501, rmse 11.4224, time elapsed(min) 0.02---
2026-09-30 21:22:00,415 - INFO - --- validation at epoch 114, val_loss 6.7584, val_mae 7.7609, val_rmse 11.6201, val_r2 0.8185, val_pearson 0.9088, lr 3.00e-04 ---
2026-09-30 21:22:00,416 - INFO - 
****************************************************************************************************
2026-09-30 21:22:02,080 - INFO - --- training epoch 115, loss 7.3996, mae 7.8836, rmse 11.4118, time elapsed(min) 0.02---
2026-09-30 21:22:02,334 - INFO - --- validation at epoch 115, val_loss 6.5680, val_mae 7.6162, val_rmse 11.2270, val_r2 0.8306, val_pearson 0.9125, lr 3.00e-04 ---
2026-09-30 21:22:02,334 - INFO - 
****************************************************************************************************
2026-09-30 21:22:03,979 - INFO - --- training epoch 116, loss 7.4043, mae 7.8898, rmse 11.2508, time elapsed(min) 0.02---
2026-09-30 21:22:04,209 - INFO - --- validation at epoch 116, val_loss 7.2688, val_mae 7.8247, val_rmse 11.3393, val_r2 0.8272, val_pearson 0.9131, lr 3.00e-04 ---
2026-09-30 21:22:04,210 - INFO - 
****************************************************************************************************
2026-09-30 21:22:05,934 - INFO - --- training epoch 117, loss 7.3434, mae 7.8257, rmse 11.1620, time elapsed(min) 0.02---
2026-09-30 21:22:06,200 - INFO - --- validation at epoch 117, val_loss 7.0933, val_mae 7.9983, val_rmse 11.5575, val_r2 0.8205, val_pearson 0.9130, lr 3.00e-04 ---
2026-09-30 21:22:06,200 - INFO - 
****************************************************************************************************
2026-09-30 21:22:07,960 - INFO - --- training epoch 118, loss 7.1259, mae 7.6074, rmse 10.9214, time elapsed(min) 0.02---
2026-09-30 21:22:08,204 - INFO - --- validation at epoch 118, val_loss 7.1276, val_mae 7.9223, val_rmse 11.5201, val_r2 0.8216, val_pearson 0.9130, lr 9.00e-05 ---
2026-09-30 21:22:08,204 - INFO - 
****************************************************************************************************
2026-09-30 21:22:10,298 - INFO - --- training epoch 119, loss 6.9995, mae 7.4799, rmse 10.8892, time elapsed(min) 0.03---
2026-09-30 21:22:10,540 - INFO - --- validation at epoch 119, val_loss 6.9974, val_mae 7.8035, val_rmse 11.5016, val_r2 0.8222, val_pearson 0.9125, lr 9.00e-05 ---
2026-09-30 21:22:10,540 - INFO - 
****************************************************************************************************
2026-09-30 21:22:11,924 - INFO - --- training epoch 120, loss 6.9184, mae 7.4015, rmse 10.6693, time elapsed(min) 0.01---
2026-09-30 21:22:12,200 - INFO - --- validation at epoch 120, val_loss 7.1265, val_mae 7.8096, val_rmse 11.2577, val_r2 0.8297, val_pearson 0.9174, lr 9.00e-05 ---
2026-09-30 21:22:12,200 - INFO - 
****************************************************************************************************
2026-09-30 21:22:13,602 - INFO - --- training epoch 121, loss 6.9590, mae 7.4418, rmse 10.8149, time elapsed(min) 0.02---
2026-09-30 21:22:13,875 - INFO - --- validation at epoch 121, val_loss 6.9185, val_mae 7.6197, val_rmse 11.2225, val_r2 0.8307, val_pearson 0.9152, lr 9.00e-05 ---
2026-09-30 21:22:13,875 - INFO - 
****************************************************************************************************
2026-09-30 21:22:15,769 - INFO - --- training epoch 122, loss 6.7847, mae 7.2643, rmse 10.6972, time elapsed(min) 0.02---
2026-09-30 21:22:16,034 - INFO - --- validation at epoch 122, val_loss 6.7872, val_mae 7.5116, val_rmse 11.1133, val_r2 0.8340, val_pearson 0.9168, lr 9.00e-05 ---
2026-09-30 21:22:16,034 - INFO - 
****************************************************************************************************
2026-09-30 21:22:17,761 - INFO - --- training epoch 123, loss 6.8767, mae 7.3584, rmse 10.6767, time elapsed(min) 0.02---
2026-09-30 21:22:17,995 - INFO - --- validation at epoch 123, val_loss 7.1943, val_mae 7.8022, val_rmse 11.3844, val_r2 0.8258, val_pearson 0.9131, lr 9.00e-05 ---
2026-09-30 21:22:17,995 - INFO - 
****************************************************************************************************
2026-09-30 21:22:19,681 - INFO - --- training epoch 124, loss 6.8036, mae 7.2849, rmse 10.5902, time elapsed(min) 0.02---
2026-09-30 21:22:19,935 - INFO - --- validation at epoch 124, val_loss 7.0276, val_mae 7.7629, val_rmse 11.4406, val_r2 0.8241, val_pearson 0.9145, lr 9.00e-05 ---
2026-09-30 21:22:19,936 - INFO - 
****************************************************************************************************
2026-09-30 21:22:21,325 - INFO - --- training epoch 125, loss 6.7039, mae 7.1839, rmse 10.5205, time elapsed(min) 0.02---
2026-09-30 21:22:21,560 - INFO - --- validation at epoch 125, val_loss 6.5662, val_mae 7.4306, val_rmse 11.0762, val_r2 0.8351, val_pearson 0.9182, lr 9.00e-05 ---
2026-09-30 21:22:21,560 - INFO - 
****************************************************************************************************
2026-09-30 21:22:23,249 - INFO - --- training epoch 126, loss 6.6307, mae 7.1099, rmse 10.4346, time elapsed(min) 0.02---
2026-09-30 21:22:23,464 - INFO - --- validation at epoch 126, val_loss 6.8066, val_mae 7.5698, val_rmse 11.1908, val_r2 0.8317, val_pearson 0.9161, lr 9.00e-05 ---
2026-09-30 21:22:23,464 - INFO - 
****************************************************************************************************
2026-09-30 21:22:25,253 - INFO - --- training epoch 127, loss 6.5995, mae 7.0761, rmse 10.4837, time elapsed(min) 0.02---
2026-09-30 21:22:25,485 - INFO - --- validation at epoch 127, val_loss 6.6157, val_mae 7.4625, val_rmse 11.0448, val_r2 0.8361, val_pearson 0.9180, lr 9.00e-05 ---
2026-09-30 21:22:25,485 - INFO - 
****************************************************************************************************
2026-09-30 21:22:27,339 - INFO - --- training epoch 128, loss 6.6501, mae 7.1318, rmse 10.4579, time elapsed(min) 0.02---
2026-09-30 21:22:27,576 - INFO - --- validation at epoch 128, val_loss 6.5902, val_mae 7.3588, val_rmse 10.8160, val_r2 0.8428, val_pearson 0.9206, lr 9.00e-05 ---
2026-09-30 21:22:27,576 - INFO - 
****************************************************************************************************
2026-09-30 21:22:29,244 - INFO - --- training epoch 129, loss 6.5424, mae 7.0229, rmse 10.3299, time elapsed(min) 0.02---
2026-09-30 21:22:29,477 - INFO - --- validation at epoch 129, val_loss 6.3849, val_mae 7.2832, val_rmse 10.6946, val_r2 0.8463, val_pearson 0.9231, lr 2.70e-05 ---
2026-09-30 21:22:29,477 - INFO - 
****************************************************************************************************
2026-09-30 21:22:30,987 - INFO - --- training epoch 130, loss 6.5137, mae 6.9913, rmse 10.3352, time elapsed(min) 0.02---
2026-09-30 21:22:31,223 - INFO - --- validation at epoch 130, val_loss 6.4840, val_mae 7.2941, val_rmse 10.7647, val_r2 0.8443, val_pearson 0.9220, lr 2.70e-05 ---
2026-09-30 21:22:31,224 - INFO - 
****************************************************************************************************
2026-09-30 21:22:32,884 - INFO - --- training epoch 131, loss 6.5883, mae 7.0673, rmse 10.3606, time elapsed(min) 0.02---
2026-09-30 21:22:33,147 - INFO - --- validation at epoch 131, val_loss 6.3823, val_mae 7.2312, val_rmse 10.7670, val_r2 0.8442, val_pearson 0.9217, lr 2.70e-05 ---
2026-09-30 21:22:33,148 - INFO - 
****************************************************************************************************
2026-09-30 21:22:35,040 - INFO - --- training epoch 132, loss 6.5825, mae 7.0602, rmse 10.3286, time elapsed(min) 0.02---
2026-09-30 21:22:35,280 - INFO - --- validation at epoch 132, val_loss 6.3971, val_mae 7.2323, val_rmse 10.7517, val_r2 0.8446, val_pearson 0.9221, lr 2.70e-05 ---
2026-09-30 21:22:35,280 - INFO - 
****************************************************************************************************
2026-09-30 21:22:37,084 - INFO - --- training epoch 133, loss 6.6129, mae 7.0952, rmse 10.4820, time elapsed(min) 0.02---
2026-09-30 21:22:37,308 - INFO - --- validation at epoch 133, val_loss 6.4765, val_mae 7.2623, val_rmse 10.8106, val_r2 0.8429, val_pearson 0.9211, lr 2.70e-05 ---
2026-09-30 21:22:37,308 - INFO - 
****************************************************************************************************
2026-09-30 21:22:39,030 - INFO - --- training epoch 134, loss 6.5962, mae 7.0738, rmse 10.4330, time elapsed(min) 0.02---
2026-09-30 21:22:39,268 - INFO - --- validation at epoch 134, val_loss 6.4021, val_mae 7.2403, val_rmse 10.8222, val_r2 0.8426, val_pearson 0.9217, lr 2.70e-05 ---
2026-09-30 21:22:39,268 - INFO - 
****************************************************************************************************
2026-09-30 21:22:40,683 - INFO - --- training epoch 135, loss 6.5358, mae 7.0180, rmse 10.4157, time elapsed(min) 0.02---
2026-09-30 21:22:40,943 - INFO - --- validation at epoch 135, val_loss 6.3051, val_mae 7.2057, val_rmse 10.7851, val_r2 0.8437, val_pearson 0.9217, lr 2.70e-05 ---
2026-09-30 21:22:40,943 - INFO - 
****************************************************************************************************
2026-09-30 21:22:42,399 - INFO - --- training epoch 136, loss 6.6168, mae 7.0978, rmse 10.4627, time elapsed(min) 0.01---
2026-09-30 21:22:42,638 - INFO - --- validation at epoch 136, val_loss 6.4514, val_mae 7.2897, val_rmse 10.7917, val_r2 0.8435, val_pearson 0.9217, lr 2.70e-05 ---
2026-09-30 21:22:42,639 - INFO - 
****************************************************************************************************
2026-09-30 21:22:44,395 - INFO - --- training epoch 137, loss 6.5970, mae 7.0774, rmse 10.3689, time elapsed(min) 0.02---
2026-09-30 21:22:44,653 - INFO - --- validation at epoch 137, val_loss 6.2207, val_mae 7.1381, val_rmse 10.7020, val_r2 0.8461, val_pearson 0.9236, lr 2.70e-05 ---
2026-09-30 21:22:44,653 - INFO - 
****************************************************************************************************
2026-09-30 21:22:46,456 - INFO - --- training epoch 138, loss 6.4576, mae 6.9370, rmse 10.2702, time elapsed(min) 0.02---
2026-09-30 21:22:46,710 - INFO - --- validation at epoch 138, val_loss 6.2184, val_mae 7.1069, val_rmse 10.6810, val_r2 0.8467, val_pearson 0.9233, lr 2.70e-05 ---
2026-09-30 21:22:46,710 - INFO - 
****************************************************************************************************
2026-09-30 21:22:48,916 - INFO - --- training epoch 139, loss 6.5158, mae 6.9961, rmse 10.3165, time elapsed(min) 0.03---
2026-09-30 21:22:49,145 - INFO - --- validation at epoch 139, val_loss 6.2990, val_mae 7.2206, val_rmse 10.7507, val_r2 0.8447, val_pearson 0.9224, lr 2.70e-05 ---
2026-09-30 21:22:49,145 - INFO - 
****************************************************************************************************
2026-09-30 21:22:50,545 - INFO - --- training epoch 140, loss 6.6100, mae 7.0901, rmse 10.5363, time elapsed(min) 0.02---
2026-09-30 21:22:50,793 - INFO - --- validation at epoch 140, val_loss 6.2376, val_mae 7.1846, val_rmse 10.7763, val_r2 0.8439, val_pearson 0.9230, lr 2.70e-05 ---
2026-09-30 21:22:50,793 - INFO - 
****************************************************************************************************
2026-09-30 21:22:52,458 - INFO - --- training epoch 141, loss 6.5685, mae 7.0497, rmse 10.4132, time elapsed(min) 0.02---
2026-09-30 21:22:52,715 - INFO - --- validation at epoch 141, val_loss 6.4512, val_mae 7.3169, val_rmse 10.8182, val_r2 0.8427, val_pearson 0.9222, lr 2.70e-05 ---
2026-09-30 21:22:52,716 - INFO - 
****************************************************************************************************
2026-09-30 21:22:54,518 - INFO - --- training epoch 142, loss 6.5548, mae 7.0358, rmse 10.3076, time elapsed(min) 0.02---
2026-09-30 21:22:54,761 - INFO - --- validation at epoch 142, val_loss 6.3479, val_mae 7.2410, val_rmse 10.7875, val_r2 0.8436, val_pearson 0.9220, lr 2.70e-05 ---
2026-09-30 21:22:54,761 - INFO - 
****************************************************************************************************
2026-09-30 21:22:56,478 - INFO - --- training epoch 143, loss 6.4329, mae 6.9117, rmse 10.2766, time elapsed(min) 0.02---
2026-09-30 21:22:56,709 - INFO - --- validation at epoch 143, val_loss 6.3502, val_mae 7.2300, val_rmse 10.7620, val_r2 0.8443, val_pearson 0.9228, lr 2.70e-05 ---
2026-09-30 21:22:56,710 - INFO - 
****************************************************************************************************
2026-09-30 21:22:58,728 - INFO - --- training epoch 144, loss 6.4977, mae 6.9781, rmse 10.4231, time elapsed(min) 0.03---
2026-09-30 21:22:58,956 - INFO - --- validation at epoch 144, val_loss 6.3616, val_mae 7.2308, val_rmse 10.7688, val_r2 0.8441, val_pearson 0.9224, lr 2.70e-05 ---
2026-09-30 21:22:58,956 - INFO - 
****************************************************************************************************
2026-09-30 21:23:00,367 - INFO - --- training epoch 145, loss 6.4551, mae 6.9346, rmse 10.2360, time elapsed(min) 0.02---
2026-09-30 21:23:00,606 - INFO - --- validation at epoch 145, val_loss 6.3718, val_mae 7.2704, val_rmse 10.8324, val_r2 0.8423, val_pearson 0.9213, lr 2.70e-05 ---
2026-09-30 21:23:00,606 - INFO - 
****************************************************************************************************
2026-09-30 21:23:01,997 - INFO - --- training epoch 146, loss 6.5224, mae 7.0013, rmse 10.3982, time elapsed(min) 0.02---
2026-09-30 21:23:02,237 - INFO - --- validation at epoch 146, val_loss 6.3160, val_mae 7.1917, val_rmse 10.8011, val_r2 0.8432, val_pearson 0.9218, lr 2.70e-05 ---
2026-09-30 21:23:02,237 - INFO - 
****************************************************************************************************
2026-09-30 21:23:03,933 - INFO - --- training epoch 147, loss 6.5080, mae 6.9909, rmse 10.2013, time elapsed(min) 0.02---
2026-09-30 21:23:04,158 - INFO - --- validation at epoch 147, val_loss 6.4824, val_mae 7.3294, val_rmse 10.9029, val_r2 0.8402, val_pearson 0.9207, lr 2.70e-05 ---
2026-09-30 21:23:04,158 - INFO - 
****************************************************************************************************
2026-09-30 21:23:05,843 - INFO - --- training epoch 148, loss 6.4420, mae 6.9226, rmse 10.3333, time elapsed(min) 0.02---
2026-09-30 21:23:06,122 - INFO - --- validation at epoch 148, val_loss 6.1517, val_mae 7.0967, val_rmse 10.7030, val_r2 0.8460, val_pearson 0.9229, lr 2.70e-05 ---
2026-09-30 21:23:06,122 - INFO - 
****************************************************************************************************
2026-09-30 21:23:08,292 - INFO - --- training epoch 149, loss 6.4689, mae 6.9501, rmse 10.2782, time elapsed(min) 0.03---
2026-09-30 21:23:08,508 - INFO - --- validation at epoch 149, val_loss 6.2928, val_mae 7.1808, val_rmse 10.7740, val_r2 0.8440, val_pearson 0.9224, lr 2.70e-05 ---
2026-09-30 21:23:08,509 - INFO - 
****************************************************************************************************
2026-09-30 21:23:09,896 - INFO - --- training epoch 150, loss 6.4444, mae 6.9264, rmse 10.2804, time elapsed(min) 0.02---
2026-09-30 21:23:10,156 - INFO - --- validation at epoch 150, val_loss 6.3192, val_mae 7.1371, val_rmse 10.6787, val_r2 0.8467, val_pearson 0.9230, lr 2.70e-05 ---
2026-09-30 21:23:10,156 - INFO - 
****************************************************************************************************
2026-09-30 21:23:11,574 - INFO - --- training epoch 151, loss 6.6268, mae 7.1067, rmse 10.4482, time elapsed(min) 0.02---
2026-09-30 21:23:11,827 - INFO - --- validation at epoch 151, val_loss 6.4502, val_mae 7.2610, val_rmse 10.8363, val_r2 0.8422, val_pearson 0.9211, lr 2.70e-05 ---
2026-09-30 21:23:11,827 - INFO - 
****************************************************************************************************
2026-09-30 21:23:13,525 - INFO - --- training epoch 152, loss 6.5110, mae 6.9912, rmse 10.2690, time elapsed(min) 0.02---
2026-09-30 21:23:13,785 - INFO - --- validation at epoch 152, val_loss 6.3885, val_mae 7.2196, val_rmse 10.7932, val_r2 0.8434, val_pearson 0.9221, lr 2.70e-05 ---
2026-09-30 21:23:13,785 - INFO - 
****************************************************************************************************
2026-09-30 21:23:15,566 - INFO - --- training epoch 153, loss 6.5302, mae 7.0110, rmse 10.2766, time elapsed(min) 0.02---
2026-09-30 21:23:15,826 - INFO - --- validation at epoch 153, val_loss 6.3694, val_mae 7.1958, val_rmse 10.7924, val_r2 0.8435, val_pearson 0.9213, lr 2.70e-05 ---
2026-09-30 21:23:15,826 - INFO - 
****************************************************************************************************
2026-09-30 21:23:17,955 - INFO - --- training epoch 154, loss 6.4923, mae 6.9704, rmse 10.3277, time elapsed(min) 0.03---
2026-09-30 21:23:18,224 - INFO - --- validation at epoch 154, val_loss 6.3812, val_mae 7.2315, val_rmse 10.8365, val_r2 0.8422, val_pearson 0.9211, lr 2.70e-05 ---
2026-09-30 21:23:18,224 - INFO - 
****************************************************************************************************
2026-09-30 21:23:19,599 - INFO - --- training epoch 155, loss 6.4360, mae 6.9173, rmse 10.1753, time elapsed(min) 0.02---
2026-09-30 21:23:19,865 - INFO - --- validation at epoch 155, val_loss 6.4596, val_mae 7.3506, val_rmse 11.0430, val_r2 0.8361, val_pearson 0.9183, lr 2.70e-05 ---
2026-09-30 21:23:19,865 - INFO - 
****************************************************************************************************
2026-09-30 21:23:21,473 - INFO - --- training epoch 156, loss 6.4980, mae 6.9768, rmse 10.3355, time elapsed(min) 0.02---
2026-09-30 21:23:21,738 - INFO - --- validation at epoch 156, val_loss 6.4698, val_mae 7.2688, val_rmse 10.9119, val_r2 0.8400, val_pearson 0.9202, lr 2.70e-05 ---
2026-09-30 21:23:21,738 - INFO - 
****************************************************************************************************
2026-09-30 21:23:23,500 - INFO - --- training epoch 157, loss 6.4607, mae 6.9374, rmse 10.3791, time elapsed(min) 0.02---
2026-09-30 21:23:23,738 - INFO - --- validation at epoch 157, val_loss 6.3170, val_mae 7.1894, val_rmse 10.8578, val_r2 0.8416, val_pearson 0.9215, lr 2.70e-05 ---
2026-09-30 21:23:23,738 - INFO - 
****************************************************************************************************
2026-09-30 21:23:25,544 - INFO - --- training epoch 158, loss 6.4429, mae 6.9233, rmse 10.3229, time elapsed(min) 0.02---
2026-09-30 21:23:25,787 - INFO - --- validation at epoch 158, val_loss 6.4557, val_mae 7.2095, val_rmse 10.8047, val_r2 0.8431, val_pearson 0.9217, lr 2.70e-05 ---
2026-09-30 21:23:25,787 - INFO - 
****************************************************************************************************
2026-09-30 21:23:27,822 - INFO - --- training epoch 159, loss 6.5842, mae 7.0637, rmse 10.4307, time elapsed(min) 0.03---
2026-09-30 21:23:28,060 - INFO - --- validation at epoch 159, val_loss 6.4238, val_mae 7.1976, val_rmse 10.8169, val_r2 0.8428, val_pearson 0.9219, lr 2.70e-05 ---
2026-09-30 21:23:28,060 - INFO - 
****************************************************************************************************
2026-09-30 21:23:29,450 - INFO - --- training epoch 160, loss 6.4614, mae 6.9426, rmse 10.3696, time elapsed(min) 0.02---
2026-09-30 21:23:29,702 - INFO - --- validation at epoch 160, val_loss 6.2492, val_mae 7.1203, val_rmse 10.7677, val_r2 0.8442, val_pearson 0.9228, lr 8.10e-06 ---
2026-09-30 21:23:29,702 - INFO - 
****************************************************************************************************
2026-09-30 21:23:31,088 - INFO - --- training epoch 161, loss 6.4079, mae 6.8869, rmse 10.2222, time elapsed(min) 0.02---
2026-09-30 21:23:31,326 - INFO - --- validation at epoch 161, val_loss 6.2934, val_mae 7.1364, val_rmse 10.7355, val_r2 0.8451, val_pearson 0.9227, lr 8.10e-06 ---
2026-09-30 21:23:31,326 - INFO - 
****************************************************************************************************
2026-09-30 21:23:33,016 - INFO - --- training epoch 162, loss 6.3803, mae 6.8579, rmse 10.2978, time elapsed(min) 0.02---
2026-09-30 21:23:33,283 - INFO - --- validation at epoch 162, val_loss 6.3255, val_mae 7.1502, val_rmse 10.7457, val_r2 0.8448, val_pearson 0.9226, lr 8.10e-06 ---
2026-09-30 21:23:33,284 - INFO - 
****************************************************************************************************
2026-09-30 21:23:35,218 - INFO - --- training epoch 163, loss 6.3146, mae 6.7948, rmse 10.0930, time elapsed(min) 0.02---
2026-09-30 21:23:35,448 - INFO - --- validation at epoch 163, val_loss 6.3160, val_mae 7.1621, val_rmse 10.7664, val_r2 0.8442, val_pearson 0.9221, lr 8.10e-06 ---
2026-09-30 21:23:35,448 - INFO - 
****************************************************************************************************
2026-09-30 21:23:37,581 - INFO - --- training epoch 164, loss 6.4472, mae 6.9255, rmse 10.2576, time elapsed(min) 0.03---
2026-09-30 21:23:37,822 - INFO - --- validation at epoch 164, val_loss 6.3497, val_mae 7.1697, val_rmse 10.7816, val_r2 0.8438, val_pearson 0.9221, lr 8.10e-06 ---
2026-09-30 21:23:37,823 - INFO - 
****************************************************************************************************
2026-09-30 21:23:39,243 - INFO - --- training epoch 165, loss 6.3609, mae 6.8408, rmse 10.1809, time elapsed(min) 0.02---
2026-09-30 21:23:39,496 - INFO - --- validation at epoch 165, val_loss 6.3324, val_mae 7.1644, val_rmse 10.8023, val_r2 0.8432, val_pearson 0.9221, lr 8.10e-06 ---
2026-09-30 21:23:39,496 - INFO - 
****************************************************************************************************
2026-09-30 21:23:40,909 - INFO - --- training epoch 166, loss 6.3803, mae 6.8615, rmse 10.2004, time elapsed(min) 0.02---
2026-09-30 21:23:41,129 - INFO - --- validation at epoch 166, val_loss 6.2839, val_mae 7.1349, val_rmse 10.7779, val_r2 0.8439, val_pearson 0.9225, lr 8.10e-06 ---
2026-09-30 21:23:41,130 - INFO - 
****************************************************************************************************
2026-09-30 21:23:42,813 - INFO - --- training epoch 167, loss 6.4893, mae 6.9699, rmse 10.2999, time elapsed(min) 0.02---
2026-09-30 21:23:43,060 - INFO - --- validation at epoch 167, val_loss 6.2892, val_mae 7.1118, val_rmse 10.7524, val_r2 0.8446, val_pearson 0.9231, lr 8.10e-06 ---
2026-09-30 21:23:43,061 - INFO - 
****************************************************************************************************
2026-09-30 21:23:44,826 - INFO - --- training epoch 168, loss 6.4102, mae 6.8895, rmse 10.2002, time elapsed(min) 0.02---
2026-09-30 21:23:45,068 - INFO - --- validation at epoch 168, val_loss 6.2925, val_mae 7.1246, val_rmse 10.7573, val_r2 0.8445, val_pearson 0.9228, lr 8.10e-06 ---
2026-09-30 21:23:45,068 - INFO - 
****************************************************************************************************
2026-09-30 21:23:47,077 - INFO - --- training epoch 169, loss 6.2668, mae 6.7467, rmse 10.1586, time elapsed(min) 0.03---
2026-09-30 21:23:47,307 - INFO - --- validation at epoch 169, val_loss 6.2763, val_mae 7.1243, val_rmse 10.7271, val_r2 0.8454, val_pearson 0.9230, lr 8.10e-06 ---
2026-09-30 21:23:47,307 - INFO - 
****************************************************************************************************
2026-09-30 21:23:48,664 - INFO - --- training epoch 170, loss 6.3883, mae 6.8675, rmse 10.1827, time elapsed(min) 0.01---
2026-09-30 21:23:48,895 - INFO - --- validation at epoch 170, val_loss 6.2542, val_mae 7.1128, val_rmse 10.7385, val_r2 0.8450, val_pearson 0.9231, lr 8.10e-06 ---
2026-09-30 21:23:48,895 - INFO - 
****************************************************************************************************
2026-09-30 21:23:50,318 - INFO - --- training epoch 171, loss 6.4669, mae 6.9454, rmse 10.3262, time elapsed(min) 0.02---
2026-09-30 21:23:50,558 - INFO - --- validation at epoch 171, val_loss 6.2742, val_mae 7.1269, val_rmse 10.7443, val_r2 0.8449, val_pearson 0.9231, lr 2.43e-06 ---
2026-09-30 21:23:50,559 - INFO - 
****************************************************************************************************
2026-09-30 21:23:52,235 - INFO - --- training epoch 172, loss 6.3591, mae 6.8390, rmse 10.2869, time elapsed(min) 0.02---
2026-09-30 21:23:52,477 - INFO - --- validation at epoch 172, val_loss 6.2981, val_mae 7.1358, val_rmse 10.7460, val_r2 0.8448, val_pearson 0.9230, lr 2.43e-06 ---
2026-09-30 21:23:52,477 - INFO - 
****************************************************************************************************
2026-09-30 21:23:54,279 - INFO - --- training epoch 173, loss 6.4407, mae 6.9182, rmse 10.2120, time elapsed(min) 0.02---
2026-09-30 21:23:54,529 - INFO - --- validation at epoch 173, val_loss 6.2805, val_mae 7.1293, val_rmse 10.7444, val_r2 0.8449, val_pearson 0.9230, lr 2.43e-06 ---
2026-09-30 21:23:54,530 - INFO - 
****************************************************************************************************
2026-09-30 21:23:56,563 - INFO - --- training epoch 174, loss 6.3496, mae 6.8285, rmse 10.1872, time elapsed(min) 0.03---
2026-09-30 21:23:56,798 - INFO - --- validation at epoch 174, val_loss 6.2851, val_mae 7.1301, val_rmse 10.7524, val_r2 0.8446, val_pearson 0.9228, lr 2.43e-06 ---
2026-09-30 21:23:56,798 - INFO - 
****************************************************************************************************
2026-09-30 21:23:58,208 - INFO - --- training epoch 175, loss 6.3175, mae 6.7962, rmse 10.1391, time elapsed(min) 0.02---
2026-09-30 21:23:58,480 - INFO - --- validation at epoch 175, val_loss 6.2728, val_mae 7.1206, val_rmse 10.7429, val_r2 0.8449, val_pearson 0.9229, lr 2.43e-06 ---
2026-09-30 21:23:58,480 - INFO - 
****************************************************************************************************
2026-09-30 21:23:59,867 - INFO - --- training epoch 176, loss 6.4254, mae 6.9053, rmse 10.2801, time elapsed(min) 0.02---
2026-09-30 21:24:00,125 - INFO - --- validation at epoch 176, val_loss 6.2687, val_mae 7.1140, val_rmse 10.7368, val_r2 0.8451, val_pearson 0.9230, lr 2.43e-06 ---
2026-09-30 21:24:00,125 - INFO - 
****************************************************************************************************
2026-09-30 21:24:02,016 - INFO - --- training epoch 177, loss 6.3729, mae 6.8512, rmse 10.2636, time elapsed(min) 0.02---
2026-09-30 21:24:02,256 - INFO - --- validation at epoch 177, val_loss 6.2986, val_mae 7.1317, val_rmse 10.7482, val_r2 0.8447, val_pearson 0.9228, lr 2.43e-06 ---
2026-09-30 21:24:02,256 - INFO - 
****************************************************************************************************
2026-09-30 21:24:04,000 - INFO - --- training epoch 178, loss 6.4115, mae 6.8932, rmse 10.2434, time elapsed(min) 0.02---
2026-09-30 21:24:04,224 - INFO - --- validation at epoch 178, val_loss 6.2995, val_mae 7.1392, val_rmse 10.7451, val_r2 0.8448, val_pearson 0.9227, lr 2.43e-06 ---
2026-09-30 21:24:04,224 - INFO - 
****************************************************************************************************
2026-09-30 21:24:06,277 - INFO - --- training epoch 179, loss 6.3972, mae 6.8779, rmse 10.1642, time elapsed(min) 0.03---
2026-09-30 21:24:06,490 - INFO - --- validation at epoch 179, val_loss 6.2813, val_mae 7.1239, val_rmse 10.7253, val_r2 0.8454, val_pearson 0.9229, lr 2.43e-06 ---
2026-09-30 21:24:06,491 - INFO - 
****************************************************************************************************
2026-09-30 21:24:07,933 - INFO - --- training epoch 180, loss 6.3702, mae 6.8486, rmse 10.1849, time elapsed(min) 0.02---
2026-09-30 21:24:08,170 - INFO - --- validation at epoch 180, val_loss 6.2800, val_mae 7.1173, val_rmse 10.7108, val_r2 0.8458, val_pearson 0.9231, lr 2.43e-06 ---
2026-09-30 21:24:08,171 - INFO - 
****************************************************************************************************
2026-09-30 21:24:09,858 - INFO - --- training epoch 181, loss 6.3812, mae 6.8604, rmse 10.2032, time elapsed(min) 0.02---
2026-09-30 21:24:10,090 - INFO - --- validation at epoch 181, val_loss 6.2902, val_mae 7.1200, val_rmse 10.7134, val_r2 0.8457, val_pearson 0.9230, lr 2.43e-06 ---
2026-09-30 21:24:10,091 - INFO - 
****************************************************************************************************
2026-09-30 21:24:11,810 - INFO - --- training epoch 182, loss 6.3815, mae 6.8625, rmse 10.2779, time elapsed(min) 0.02---
2026-09-30 21:24:12,043 - INFO - --- validation at epoch 182, val_loss 6.2746, val_mae 7.1192, val_rmse 10.7136, val_r2 0.8457, val_pearson 0.9231, lr 1.00e-06 ---
2026-09-30 21:24:12,043 - INFO - 
****************************************************************************************************
2026-09-30 21:24:13,767 - INFO - --- training epoch 183, loss 6.3901, mae 6.8677, rmse 10.2726, time elapsed(min) 0.02---
2026-09-30 21:24:14,003 - INFO - --- validation at epoch 183, val_loss 6.2769, val_mae 7.1190, val_rmse 10.7151, val_r2 0.8457, val_pearson 0.9231, lr 1.00e-06 ---
2026-09-30 21:24:14,003 - INFO - 
****************************************************************************************************
2026-09-30 21:24:16,042 - INFO - --- training epoch 184, loss 6.4119, mae 6.8936, rmse 10.2693, time elapsed(min) 0.03---
2026-09-30 21:24:16,281 - INFO - --- validation at epoch 184, val_loss 6.2657, val_mae 7.1136, val_rmse 10.7092, val_r2 0.8459, val_pearson 0.9232, lr 1.00e-06 ---
2026-09-30 21:24:16,281 - INFO - 
****************************************************************************************************
2026-09-30 21:24:17,676 - INFO - --- training epoch 185, loss 6.4124, mae 6.8922, rmse 10.2432, time elapsed(min) 0.02---
2026-09-30 21:24:17,922 - INFO - --- validation at epoch 185, val_loss 6.2627, val_mae 7.1128, val_rmse 10.7064, val_r2 0.8459, val_pearson 0.9232, lr 1.00e-06 ---
2026-09-30 21:24:17,922 - INFO - 
****************************************************************************************************
2026-09-30 21:24:19,309 - INFO - --- training epoch 186, loss 6.3807, mae 6.8608, rmse 10.1592, time elapsed(min) 0.02---
2026-09-30 21:24:19,581 - INFO - --- validation at epoch 186, val_loss 6.2592, val_mae 7.1109, val_rmse 10.7027, val_r2 0.8461, val_pearson 0.9232, lr 1.00e-06 ---
2026-09-30 21:24:19,582 - INFO - 
****************************************************************************************************
2026-09-30 21:24:21,299 - INFO - --- training epoch 187, loss 6.3337, mae 6.8129, rmse 10.1810, time elapsed(min) 0.02---
2026-09-30 21:24:21,548 - INFO - --- validation at epoch 187, val_loss 6.2458, val_mae 7.1039, val_rmse 10.6984, val_r2 0.8462, val_pearson 0.9233, lr 1.00e-06 ---
2026-09-30 21:24:21,548 - INFO - 
****************************************************************************************************
2026-09-30 21:24:23,432 - INFO - --- training epoch 188, loss 6.3508, mae 6.8306, rmse 10.1916, time elapsed(min) 0.02---
2026-09-30 21:24:23,681 - INFO - --- validation at epoch 188, val_loss 6.2545, val_mae 7.1066, val_rmse 10.7018, val_r2 0.8461, val_pearson 0.9233, lr 1.00e-06 ---
2026-09-30 21:24:23,681 - INFO - 
****************************************************************************************************
2026-09-30 21:24:25,437 - INFO - --- training epoch 189, loss 6.3931, mae 6.8701, rmse 10.2947, time elapsed(min) 0.02---
2026-09-30 21:24:26,024 - INFO - --- validation at epoch 189, val_loss 6.2595, val_mae 7.1087, val_rmse 10.7052, val_r2 0.8460, val_pearson 0.9232, lr 1.00e-06 ---
2026-09-30 21:24:26,024 - INFO - 
****************************************************************************************************
2026-09-30 21:24:27,737 - INFO - --- training epoch 190, loss 6.3071, mae 6.7857, rmse 10.1146, time elapsed(min) 0.02---
2026-09-30 21:24:28,011 - INFO - --- validation at epoch 190, val_loss 6.2640, val_mae 7.1119, val_rmse 10.7091, val_r2 0.8459, val_pearson 0.9232, lr 1.00e-06 ---
2026-09-30 21:24:28,011 - INFO - 
****************************************************************************************************
2026-09-30 21:24:29,392 - INFO - --- training epoch 191, loss 6.1955, mae 6.6732, rmse 9.9812, time elapsed(min) 0.02---
2026-09-30 21:24:29,661 - INFO - --- validation at epoch 191, val_loss 6.2798, val_mae 7.1218, val_rmse 10.7204, val_r2 0.8455, val_pearson 0.9230, lr 1.00e-06 ---
2026-09-30 21:24:29,661 - INFO - 
****************************************************************************************************
2026-09-30 21:24:31,302 - INFO - --- training epoch 192, loss 6.3386, mae 6.8190, rmse 10.2502, time elapsed(min) 0.02---
2026-09-30 21:24:31,549 - INFO - --- validation at epoch 192, val_loss 6.2873, val_mae 7.1263, val_rmse 10.7264, val_r2 0.8454, val_pearson 0.9230, lr 1.00e-06 ---
2026-09-30 21:24:31,549 - INFO - 
****************************************************************************************************
2026-09-30 21:24:33,273 - INFO - --- training epoch 193, loss 6.3900, mae 6.8701, rmse 10.1466, time elapsed(min) 0.02---
2026-09-30 21:24:33,511 - INFO - --- validation at epoch 193, val_loss 6.2785, val_mae 7.1221, val_rmse 10.7231, val_r2 0.8455, val_pearson 0.9230, lr 1.00e-06 ---
2026-09-30 21:24:33,511 - INFO - 
****************************************************************************************************
2026-09-30 21:24:35,236 - INFO - --- training epoch 194, loss 6.3356, mae 6.8154, rmse 10.0742, time elapsed(min) 0.02---
2026-09-30 21:24:35,925 - INFO - --- validation at epoch 194, val_loss 6.2793, val_mae 7.1217, val_rmse 10.7231, val_r2 0.8455, val_pearson 0.9230, lr 1.00e-06 ---
2026-09-30 21:24:35,925 - INFO - 
****************************************************************************************************
2026-09-30 21:24:37,585 - INFO - --- training epoch 195, loss 6.3659, mae 6.8444, rmse 10.2060, time elapsed(min) 0.02---
2026-09-30 21:24:37,829 - INFO - --- validation at epoch 195, val_loss 6.2697, val_mae 7.1167, val_rmse 10.7219, val_r2 0.8455, val_pearson 0.9231, lr 1.00e-06 ---
2026-09-30 21:24:37,829 - INFO - 
****************************************************************************************************
2026-09-30 21:24:39,238 - INFO - --- training epoch 196, loss 6.2724, mae 6.7512, rmse 10.0486, time elapsed(min) 0.02---
2026-09-30 21:24:39,480 - INFO - --- validation at epoch 196, val_loss 6.2669, val_mae 7.1142, val_rmse 10.7202, val_r2 0.8456, val_pearson 0.9231, lr 1.00e-06 ---
2026-09-30 21:24:39,480 - INFO - 
****************************************************************************************************
2026-09-30 21:24:40,880 - INFO - --- training epoch 197, loss 6.3340, mae 6.8127, rmse 10.1217, time elapsed(min) 0.02---
2026-09-30 21:24:41,135 - INFO - --- validation at epoch 197, val_loss 6.2657, val_mae 7.1123, val_rmse 10.7162, val_r2 0.8457, val_pearson 0.9231, lr 1.00e-06 ---
2026-09-30 21:24:41,135 - INFO - 
****************************************************************************************************
2026-09-30 21:24:42,850 - INFO - --- training epoch 198, loss 6.3412, mae 6.8224, rmse 10.1148, time elapsed(min) 0.02---
2026-09-30 21:24:43,086 - INFO - --- validation at epoch 198, val_loss 6.2643, val_mae 7.1110, val_rmse 10.7149, val_r2 0.8457, val_pearson 0.9231, lr 1.00e-06 ---
2026-09-30 21:24:43,087 - INFO - 
****************************************************************************************************
2026-09-30 21:24:43,553 - INFO - --- early stopping at epoch 198: val_loss did not improve for 50 epochs ---
2026-09-30 21:24:43,859 - INFO - --- selected checkpoint from epoch 148, val_loss 6.1517, val_mae 7.0967, val_rmse 10.7030
2026-09-30 21:24:44,817 - INFO - -- RESULT
2026-09-30 21:24:44,817 - INFO - --- test size: 1187
2026-09-30 21:24:44,817 - INFO - --- MAE: 7.7631 pp, RMSE: 12.0874 pp, R2: 0.7958, Pearson: 0.8962
2026-09-30 21:24:47,090 - INFO - --- Buchwald-Hartwig | fullcv02_split70 | approach_3: test R2 0.7958 MAE 7.7631 RMSE 12.0874 | 393.1s (2.0s/epoch)
2026-09-30 21:24:47,094 - INFO - --- Buchwald-Hartwig | fullcv02_split70 | approach 2 (comb/mlp) (comb/mlp)
