2026-10-01 11:41:20,077 - INFO - device is	cuda:0
2026-10-01 11:41:20,163 - INFO - -- CONFIGURATIONS
2026-10-01 11:41:20,163 - INFO - --- train/valid/test: 2491/277/1187
2026-10-01 11:41:20,163 - INFO - --- max no. reactants_train, valid, test respectively: 6, 6, 6
2026-10-01 11:41:20,163 - INFO - --- max no. products_train, valid, test respectively: 1, 1, 1
2026-10-01 11:41:20,163 - INFO - --- model_path: ../logs/approach1_server/approach_3/bh/runs/fullcv07_split70/model.pt
2026-10-01 11:41:20,170 - INFO - -- TRAINING
2026-10-01 11:41:20,827 - INFO - --- training epoch 0, loss 23.9002, mae 24.3964, rmse 29.9789, time elapsed(min) 0.01---
2026-10-01 11:41:20,989 - INFO - --- validation at epoch 0, val_loss 24.4880, val_mae 24.6477, val_rmse 31.1264, val_r2 -0.2572, val_pearson -0.2728, lr 1.00e-03 ---
2026-10-01 11:41:20,989 - INFO - 
****************************************************************************************************
2026-10-01 11:41:22,011 - INFO - --- training epoch 1, loss 22.8084, mae 23.3054, rmse 28.2120, time elapsed(min) 0.01---
2026-10-01 11:41:22,173 - INFO - --- validation at epoch 1, val_loss 23.4484, val_mae 23.5706, val_rmse 29.3188, val_r2 -0.1154, val_pearson 0.2407, lr 1.00e-03 ---
2026-10-01 11:41:22,173 - INFO - 
****************************************************************************************************
2026-10-01 11:41:23,181 - INFO - --- training epoch 2, loss 22.3796, mae 22.8761, rmse 27.6594, time elapsed(min) 0.01---
2026-10-01 11:41:23,348 - INFO - --- validation at epoch 2, val_loss 22.7020, val_mae 22.8426, val_rmse 28.3725, val_r2 -0.0446, val_pearson 0.2569, lr 1.00e-03 ---
2026-10-01 11:41:23,348 - INFO - 
****************************************************************************************************
2026-10-01 11:41:24,400 - INFO - --- training epoch 3, loss 22.2355, mae 22.7315, rmse 27.5976, time elapsed(min) 0.01---
2026-10-01 11:41:24,565 - INFO - --- validation at epoch 3, val_loss 22.6127, val_mae 22.8408, val_rmse 28.4189, val_r2 -0.0480, val_pearson 0.2590, lr 1.00e-03 ---
2026-10-01 11:41:24,565 - INFO - 
****************************************************************************************************
2026-10-01 11:41:25,613 - INFO - --- training epoch 4, loss 22.0156, mae 22.5117, rmse 27.5759, time elapsed(min) 0.01---
2026-10-01 11:41:25,774 - INFO - --- validation at epoch 4, val_loss 22.2812, val_mae 22.6178, val_rmse 28.1542, val_r2 -0.0286, val_pearson 0.2568, lr 1.00e-03 ---
2026-10-01 11:41:25,774 - INFO - 
****************************************************************************************************
2026-10-01 11:41:26,652 - INFO - --- training epoch 5, loss 21.9661, mae 22.4607, rmse 27.5634, time elapsed(min) 0.01---
2026-10-01 11:41:26,808 - INFO - --- validation at epoch 5, val_loss 22.2531, val_mae 22.5417, val_rmse 27.9636, val_r2 -0.0147, val_pearson 0.2617, lr 1.00e-03 ---
2026-10-01 11:41:26,808 - INFO - 
****************************************************************************************************
2026-10-01 11:41:27,801 - INFO - --- training epoch 6, loss 21.8890, mae 22.3855, rmse 27.4242, time elapsed(min) 0.01---
2026-10-01 11:41:27,958 - INFO - --- validation at epoch 6, val_loss 22.1861, val_mae 22.4962, val_rmse 27.9345, val_r2 -0.0126, val_pearson 0.2651, lr 1.00e-03 ---
2026-10-01 11:41:27,959 - INFO - 
****************************************************************************************************
2026-10-01 11:41:29,024 - INFO - --- training epoch 7, loss 21.8460, mae 22.3407, rmse 27.3536, time elapsed(min) 0.01---
2026-10-01 11:41:29,185 - INFO - --- validation at epoch 7, val_loss 22.0764, val_mae 22.3098, val_rmse 27.5089, val_r2 0.0180, val_pearson 0.2712, lr 1.00e-03 ---
2026-10-01 11:41:29,185 - INFO - 
****************************************************************************************************
2026-10-01 11:41:30,218 - INFO - --- training epoch 8, loss 21.7932, mae 22.2878, rmse 27.3493, time elapsed(min) 0.01---
2026-10-01 11:41:30,383 - INFO - --- validation at epoch 8, val_loss 22.1881, val_mae 22.4415, val_rmse 27.7807, val_r2 -0.0015, val_pearson 0.2804, lr 1.00e-03 ---
2026-10-01 11:41:30,383 - INFO - 
****************************************************************************************************
2026-10-01 11:41:31,407 - INFO - --- training epoch 9, loss 21.8143, mae 22.3094, rmse 27.2532, time elapsed(min) 0.01---
2026-10-01 11:41:31,734 - INFO - --- validation at epoch 9, val_loss 22.1303, val_mae 22.4205, val_rmse 27.7653, val_r2 -0.0004, val_pearson 0.2850, lr 1.00e-03 ---
2026-10-01 11:41:31,734 - INFO - 
****************************************************************************************************
2026-10-01 11:41:32,706 - INFO - --- training epoch 10, loss 21.7538, mae 22.2482, rmse 27.1845, time elapsed(min) 0.01---
2026-10-01 11:41:32,873 - INFO - --- validation at epoch 10, val_loss 22.0245, val_mae 22.2995, val_rmse 27.5443, val_r2 0.0155, val_pearson 0.2930, lr 1.00e-03 ---
2026-10-01 11:41:32,873 - INFO - 
****************************************************************************************************
2026-10-01 11:41:33,770 - INFO - --- training epoch 11, loss 21.8230, mae 22.3190, rmse 27.1344, time elapsed(min) 0.01---
2026-10-01 11:41:33,922 - INFO - --- validation at epoch 11, val_loss 21.9987, val_mae 22.2489, val_rmse 27.4180, val_r2 0.0245, val_pearson 0.3032, lr 1.00e-03 ---
2026-10-01 11:41:33,923 - INFO - 
****************************************************************************************************
2026-10-01 11:41:35,000 - INFO - --- training epoch 12, loss 21.6924, mae 22.1877, rmse 27.0436, time elapsed(min) 0.01---
2026-10-01 11:41:35,163 - INFO - --- validation at epoch 12, val_loss 21.8870, val_mae 22.2743, val_rmse 27.5407, val_r2 0.0158, val_pearson 0.3051, lr 1.00e-03 ---
2026-10-01 11:41:35,163 - INFO - 
****************************************************************************************************
2026-10-01 11:41:36,348 - INFO - --- training epoch 13, loss 21.8402, mae 22.3357, rmse 27.1159, time elapsed(min) 0.01---
2026-10-01 11:41:36,496 - INFO - --- validation at epoch 13, val_loss 22.0105, val_mae 22.4352, val_rmse 27.8189, val_r2 -0.0042, val_pearson 0.3194, lr 1.00e-03 ---
2026-10-01 11:41:36,497 - INFO - 
****************************************************************************************************
2026-10-01 11:41:37,516 - INFO - --- training epoch 14, loss 21.5957, mae 22.0907, rmse 26.9353, time elapsed(min) 0.01---
2026-10-01 11:41:37,681 - INFO - --- validation at epoch 14, val_loss 21.8929, val_mae 22.3255, val_rmse 27.5415, val_r2 0.0157, val_pearson 0.3339, lr 1.00e-03 ---
2026-10-01 11:41:37,681 - INFO - 
****************************************************************************************************
2026-10-01 11:41:38,639 - INFO - --- training epoch 15, loss 21.9811, mae 22.4767, rmse 26.8041, time elapsed(min) 0.01---
2026-10-01 11:41:38,805 - INFO - --- validation at epoch 15, val_loss 21.7721, val_mae 22.1132, val_rmse 27.0475, val_r2 0.0507, val_pearson 0.3543, lr 1.00e-03 ---
2026-10-01 11:41:38,805 - INFO - 
****************************************************************************************************
2026-10-01 11:41:39,707 - INFO - --- training epoch 16, loss 21.7145, mae 22.2095, rmse 26.7460, time elapsed(min) 0.01---
2026-10-01 11:41:39,857 - INFO - --- validation at epoch 16, val_loss 21.5261, val_mae 21.9155, val_rmse 26.8535, val_r2 0.0643, val_pearson 0.3724, lr 1.00e-03 ---
2026-10-01 11:41:39,857 - INFO - 
****************************************************************************************************
2026-10-01 11:41:40,912 - INFO - --- training epoch 17, loss 21.6638, mae 22.1589, rmse 26.5973, time elapsed(min) 0.01---
2026-10-01 11:41:41,071 - INFO - --- validation at epoch 17, val_loss 23.0468, val_mae 23.5094, val_rmse 29.4707, val_r2 -0.1270, val_pearson 0.3992, lr 1.00e-03 ---
2026-10-01 11:41:41,071 - INFO - 
****************************************************************************************************
2026-10-01 11:41:42,235 - INFO - --- training epoch 18, loss 21.6406, mae 22.1369, rmse 26.5753, time elapsed(min) 0.01---
2026-10-01 11:41:42,398 - INFO - --- validation at epoch 18, val_loss 21.1372, val_mae 21.4147, val_rmse 25.7297, val_r2 0.1409, val_pearson 0.4182, lr 1.00e-03 ---
2026-10-01 11:41:42,398 - INFO - 
****************************************************************************************************
2026-10-01 11:41:43,478 - INFO - --- training epoch 19, loss 21.4200, mae 21.9173, rmse 26.2145, time elapsed(min) 0.01---
2026-10-01 11:41:43,646 - INFO - --- validation at epoch 19, val_loss 22.0747, val_mae 22.5083, val_rmse 27.8012, val_r2 -0.0030, val_pearson 0.4232, lr 1.00e-03 ---
2026-10-01 11:41:43,646 - INFO - 
****************************************************************************************************
2026-10-01 11:41:44,627 - INFO - --- training epoch 20, loss 21.2103, mae 21.7043, rmse 26.3715, time elapsed(min) 0.01---
2026-10-01 11:41:44,781 - INFO - --- validation at epoch 20, val_loss 21.1243, val_mae 21.4199, val_rmse 25.9038, val_r2 0.1293, val_pearson 0.3959, lr 1.00e-03 ---
2026-10-01 11:41:44,781 - INFO - 
****************************************************************************************************
2026-10-01 11:41:45,736 - INFO - --- training epoch 21, loss 21.6296, mae 22.1256, rmse 26.5737, time elapsed(min) 0.01---
2026-10-01 11:41:45,897 - INFO - --- validation at epoch 21, val_loss 23.5381, val_mae 24.0739, val_rmse 29.9886, val_r2 -0.1670, val_pearson 0.4107, lr 1.00e-03 ---
2026-10-01 11:41:45,897 - INFO - 
****************************************************************************************************
2026-10-01 11:41:46,740 - INFO - --- training epoch 22, loss 21.5174, mae 22.0132, rmse 26.5060, time elapsed(min) 0.01---
2026-10-01 11:41:46,899 - INFO - --- validation at epoch 22, val_loss 21.0765, val_mae 21.2655, val_rmse 25.5963, val_r2 0.1498, val_pearson 0.4161, lr 1.00e-03 ---
2026-10-01 11:41:46,900 - INFO - 
****************************************************************************************************
2026-10-01 11:41:47,973 - INFO - --- training epoch 23, loss 21.4620, mae 21.9575, rmse 26.2285, time elapsed(min) 0.01---
2026-10-01 11:41:48,145 - INFO - --- validation at epoch 23, val_loss 23.5287, val_mae 24.3499, val_rmse 30.6569, val_r2 -0.2196, val_pearson 0.1852, lr 1.00e-03 ---
2026-10-01 11:41:48,145 - INFO - 
****************************************************************************************************
2026-10-01 11:41:49,178 - INFO - --- training epoch 24, loss 21.7694, mae 22.2641, rmse 27.2146, time elapsed(min) 0.01---
2026-10-01 11:41:49,341 - INFO - --- validation at epoch 24, val_loss 21.1751, val_mae 21.4539, val_rmse 26.0271, val_r2 0.1210, val_pearson 0.3933, lr 1.00e-03 ---
2026-10-01 11:41:49,341 - INFO - 
****************************************************************************************************
2026-10-01 11:41:50,515 - INFO - --- training epoch 25, loss 21.2106, mae 21.7063, rmse 26.2485, time elapsed(min) 0.01---
2026-10-01 11:41:50,662 - INFO - --- validation at epoch 25, val_loss 21.6249, val_mae 22.0688, val_rmse 26.9685, val_r2 0.0562, val_pearson 0.4238, lr 1.00e-03 ---
2026-10-01 11:41:50,662 - INFO - 
****************************************************************************************************
2026-10-01 11:41:51,496 - INFO - --- training epoch 26, loss 21.0721, mae 21.5681, rmse 25.7604, time elapsed(min) 0.01---
2026-10-01 11:41:51,649 - INFO - --- validation at epoch 26, val_loss 21.2433, val_mae 21.5943, val_rmse 25.8782, val_r2 0.1310, val_pearson 0.4442, lr 1.00e-03 ---
2026-10-01 11:41:51,649 - INFO - 
****************************************************************************************************
2026-10-01 11:41:52,628 - INFO - --- training epoch 27, loss 20.9262, mae 21.4225, rmse 25.5433, time elapsed(min) 0.01---
2026-10-01 11:41:52,796 - INFO - --- validation at epoch 27, val_loss 21.2439, val_mae 21.6610, val_rmse 26.0482, val_r2 0.1195, val_pearson 0.4425, lr 1.00e-03 ---
2026-10-01 11:41:52,797 - INFO - 
****************************************************************************************************
2026-10-01 11:41:53,814 - INFO - --- training epoch 28, loss 20.9133, mae 21.4094, rmse 25.3311, time elapsed(min) 0.01---
2026-10-01 11:41:53,971 - INFO - --- validation at epoch 28, val_loss 21.0110, val_mae 21.1997, val_rmse 25.1664, val_r2 0.1781, val_pearson 0.4362, lr 1.00e-03 ---
2026-10-01 11:41:53,971 - INFO - 
****************************************************************************************************
2026-10-01 11:41:55,032 - INFO - --- training epoch 29, loss 20.8014, mae 21.2971, rmse 25.5022, time elapsed(min) 0.01---
2026-10-01 11:41:55,186 - INFO - --- validation at epoch 29, val_loss 21.0282, val_mae 21.2980, val_rmse 25.4776, val_r2 0.1577, val_pearson 0.4437, lr 1.00e-03 ---
2026-10-01 11:41:55,186 - INFO - 
****************************************************************************************************
2026-10-01 11:41:56,173 - INFO - --- training epoch 30, loss 20.7984, mae 21.2935, rmse 25.4669, time elapsed(min) 0.01---
2026-10-01 11:41:56,342 - INFO - --- validation at epoch 30, val_loss 20.9068, val_mae 21.2604, val_rmse 25.6118, val_r2 0.1488, val_pearson 0.4493, lr 1.00e-03 ---
2026-10-01 11:41:56,342 - INFO - 
****************************************************************************************************
2026-10-01 11:41:57,219 - INFO - --- training epoch 31, loss 21.0020, mae 21.4974, rmse 25.8419, time elapsed(min) 0.01---
2026-10-01 11:41:57,390 - INFO - --- validation at epoch 31, val_loss 21.0101, val_mae 21.3434, val_rmse 25.7018, val_r2 0.1428, val_pearson 0.4377, lr 1.00e-03 ---
2026-10-01 11:41:57,390 - INFO - 
****************************************************************************************************
2026-10-01 11:41:58,231 - INFO - --- training epoch 32, loss 20.8984, mae 21.3945, rmse 25.6099, time elapsed(min) 0.01---
2026-10-01 11:41:58,396 - INFO - --- validation at epoch 32, val_loss 21.4218, val_mae 21.8497, val_rmse 26.5181, val_r2 0.0875, val_pearson 0.4362, lr 1.00e-03 ---
2026-10-01 11:41:58,396 - INFO - 
****************************************************************************************************
2026-10-01 11:41:59,405 - INFO - --- training epoch 33, loss 20.7840, mae 21.2788, rmse 25.6148, time elapsed(min) 0.01---
2026-10-01 11:41:59,566 - INFO - --- validation at epoch 33, val_loss 21.0318, val_mae 21.3210, val_rmse 25.6101, val_r2 0.1489, val_pearson 0.4356, lr 1.00e-03 ---
2026-10-01 11:41:59,566 - INFO - 
****************************************************************************************************
2026-10-01 11:42:00,622 - INFO - --- training epoch 34, loss 20.8586, mae 21.3544, rmse 25.5166, time elapsed(min) 0.01---
2026-10-01 11:42:00,773 - INFO - --- validation at epoch 34, val_loss 21.0725, val_mae 21.3958, val_rmse 25.7009, val_r2 0.1429, val_pearson 0.4389, lr 1.00e-03 ---
2026-10-01 11:42:00,773 - INFO - 
****************************************************************************************************
2026-10-01 11:42:01,859 - INFO - --- training epoch 35, loss 20.7139, mae 21.2086, rmse 25.4274, time elapsed(min) 0.01---
2026-10-01 11:42:02,195 - INFO - --- validation at epoch 35, val_loss 21.2056, val_mae 21.5849, val_rmse 26.0433, val_r2 0.1199, val_pearson 0.4379, lr 1.00e-03 ---
2026-10-01 11:42:02,195 - INFO - 
****************************************************************************************************
2026-10-01 11:42:03,215 - INFO - --- training epoch 36, loss 20.7749, mae 21.2701, rmse 25.2889, time elapsed(min) 0.01---
2026-10-01 11:42:03,368 - INFO - --- validation at epoch 36, val_loss 20.9171, val_mae 21.2029, val_rmse 25.0563, val_r2 0.1853, val_pearson 0.4777, lr 1.00e-03 ---
2026-10-01 11:42:03,368 - INFO - 
****************************************************************************************************
2026-10-01 11:42:04,356 - INFO - --- training epoch 37, loss 20.5477, mae 21.0429, rmse 24.8831, time elapsed(min) 0.01---
2026-10-01 11:42:04,515 - INFO - --- validation at epoch 37, val_loss 21.8340, val_mae 21.7927, val_rmse 25.3668, val_r2 0.1650, val_pearson 0.4211, lr 1.00e-03 ---
2026-10-01 11:42:04,516 - INFO - 
****************************************************************************************************
2026-10-01 11:42:05,517 - INFO - --- training epoch 38, loss 21.7755, mae 22.2716, rmse 26.5954, time elapsed(min) 0.01---
2026-10-01 11:42:05,666 - INFO - --- validation at epoch 38, val_loss 22.6442, val_mae 22.8970, val_rmse 27.4910, val_r2 0.0193, val_pearson 0.3577, lr 1.00e-03 ---
2026-10-01 11:42:05,666 - INFO - 
****************************************************************************************************
2026-10-01 11:42:06,681 - INFO - --- training epoch 39, loss 21.7764, mae 22.2728, rmse 26.4141, time elapsed(min) 0.01---
2026-10-01 11:42:06,841 - INFO - --- validation at epoch 39, val_loss 21.8101, val_mae 21.7887, val_rmse 25.2028, val_r2 0.1758, val_pearson 0.4236, lr 1.00e-03 ---
2026-10-01 11:42:06,841 - INFO - 
****************************************************************************************************
2026-10-01 11:42:08,004 - INFO - --- training epoch 40, loss 21.4824, mae 21.9786, rmse 25.7368, time elapsed(min) 0.01---
2026-10-01 11:42:08,159 - INFO - --- validation at epoch 40, val_loss 22.1536, val_mae 22.8095, val_rmse 27.6214, val_r2 0.0100, val_pearson 0.3999, lr 1.00e-03 ---
2026-10-01 11:42:08,159 - INFO - 
****************************************************************************************************
2026-10-01 11:42:08,466 - INFO - --- early stopping at epoch 40: val_loss did not improve for 10 epochs ---
2026-10-01 11:42:08,643 - INFO - --- selected checkpoint from epoch 30, val_loss 20.9068, val_mae 21.2604, val_rmse 25.6118
2026-10-01 11:42:09,023 - INFO - -- RESULT
2026-10-01 11:42:09,023 - INFO - --- test size: 1187
2026-10-01 11:42:09,023 - INFO - --- MAE: 21.5211 pp, RMSE: 25.8585 pp, R2: 0.0983, Pearson: 0.4004
2026-10-01 11:42:09,024 - INFO - --- fullcv07_split70: MAE 21.52109380907488, RMSE 25.85853815421229, R2 0.09831944601934095
2026-10-01 11:42:09,035 - INFO - --- training fullcv08_split70 (npz/bh/fullcv08_split70)
