2026-10-01 16:41:00,026 - INFO - device is	cuda:0
2026-10-01 16:41:00,133 - INFO - -- CONFIGURATIONS
2026-10-01 16:41:00,133 - INFO - --- train/valid/test: 3628/404/1728
2026-10-01 16:41:00,133 - INFO - --- max no. reactants_train, valid, test respectively: 14, 14, 14
2026-10-01 16:41:00,133 - INFO - --- max no. products_train, valid, test respectively: 1, 1, 1
2026-10-01 16:41:00,133 - INFO - --- model_path: ../logs/suzuki_approach1_grid/runs/suzuki/split_6/approach_1_mlp/model.pt
2026-10-01 16:41:00,141 - INFO - -- TRAINING
2026-10-01 16:41:03,861 - INFO - --- training epoch 0, loss 0.9359, mae 1.2441, rmse 2.9521, time elapsed(min) 0.06---
2026-10-01 16:41:04,210 - INFO - --- validation at epoch 0, val_loss 0.0435, val_mae 0.2298, val_rmse 0.2956, val_r2 -0.1939, val_pearson 0.1766, lr 1.00e-03 ---
2026-10-01 16:41:04,210 - INFO - 
****************************************************************************************************
2026-10-01 16:41:08,166 - INFO - --- training epoch 1, loss 0.0430, mae 0.2500, rmse 0.2933, time elapsed(min) 0.06---
2026-10-01 16:41:08,490 - INFO - --- validation at epoch 1, val_loss 0.0364, val_mae 0.2295, val_rmse 0.2720, val_r2 -0.0110, val_pearson 0.2046, lr 1.00e-03 ---
2026-10-01 16:41:08,490 - INFO - 
****************************************************************************************************
2026-10-01 16:41:12,489 - INFO - --- training epoch 2, loss 0.0400, mae 0.2439, rmse 0.2828, time elapsed(min) 0.06---
2026-10-01 16:41:12,865 - INFO - --- validation at epoch 2, val_loss 0.0358, val_mae 0.2322, val_rmse 0.2700, val_r2 0.0038, val_pearson 0.2438, lr 1.00e-03 ---
2026-10-01 16:41:12,865 - INFO - 
****************************************************************************************************
2026-10-01 16:41:16,993 - INFO - --- training epoch 3, loss 0.0395, mae 0.2433, rmse 0.2812, time elapsed(min) 0.06---
2026-10-01 16:41:17,561 - INFO - --- validation at epoch 3, val_loss 0.0357, val_mae 0.2295, val_rmse 0.2693, val_r2 0.0090, val_pearson 0.2412, lr 1.00e-03 ---
2026-10-01 16:41:17,561 - INFO - 
****************************************************************************************************
2026-10-01 16:41:21,575 - INFO - --- training epoch 4, loss 0.0392, mae 0.2422, rmse 0.2802, time elapsed(min) 0.06---
2026-10-01 16:41:21,900 - INFO - --- validation at epoch 4, val_loss 0.0346, val_mae 0.2254, val_rmse 0.2651, val_r2 0.0396, val_pearson 0.2555, lr 1.00e-03 ---
2026-10-01 16:41:21,900 - INFO - 
****************************************************************************************************
2026-10-01 16:41:25,912 - INFO - --- training epoch 5, loss 0.0387, mae 0.2396, rmse 0.2782, time elapsed(min) 0.06---
2026-10-01 16:41:26,235 - INFO - --- validation at epoch 5, val_loss 0.0347, val_mae 0.2190, val_rmse 0.2646, val_r2 0.0433, val_pearson 0.3110, lr 1.00e-03 ---
2026-10-01 16:41:26,235 - INFO - 
****************************************************************************************************
2026-10-01 16:41:30,155 - INFO - --- training epoch 6, loss 0.0382, mae 0.2373, rmse 0.2764, time elapsed(min) 0.06---
2026-10-01 16:41:30,677 - INFO - --- validation at epoch 6, val_loss 0.0329, val_mae 0.2189, val_rmse 0.2581, val_r2 0.0897, val_pearson 0.3450, lr 1.00e-03 ---
2026-10-01 16:41:30,678 - INFO - 
****************************************************************************************************
2026-10-01 16:41:34,762 - INFO - --- training epoch 7, loss 0.0382, mae 0.2365, rmse 0.2764, time elapsed(min) 0.06---
2026-10-01 16:41:35,086 - INFO - --- validation at epoch 7, val_loss 0.0339, val_mae 0.2265, val_rmse 0.2623, val_r2 0.0603, val_pearson 0.3307, lr 1.00e-03 ---
2026-10-01 16:41:35,086 - INFO - 
****************************************************************************************************
2026-10-01 16:41:38,967 - INFO - --- training epoch 8, loss 0.0384, mae 0.2368, rmse 0.2770, time elapsed(min) 0.06---
2026-10-01 16:41:39,299 - INFO - --- validation at epoch 8, val_loss 0.0352, val_mae 0.2187, val_rmse 0.2663, val_r2 0.0311, val_pearson 0.3235, lr 1.00e-03 ---
2026-10-01 16:41:39,299 - INFO - 
****************************************************************************************************
2026-10-01 16:41:43,193 - INFO - --- training epoch 9, loss 0.0379, mae 0.2361, rmse 0.2751, time elapsed(min) 0.06---
2026-10-01 16:41:43,645 - INFO - --- validation at epoch 9, val_loss 0.0328, val_mae 0.2122, val_rmse 0.2570, val_r2 0.0974, val_pearson 0.3571, lr 1.00e-03 ---
2026-10-01 16:41:43,645 - INFO - 
****************************************************************************************************
2026-10-01 16:41:47,919 - INFO - --- training epoch 10, loss 0.0376, mae 0.2339, rmse 0.2744, time elapsed(min) 0.06---
2026-10-01 16:41:48,255 - INFO - --- validation at epoch 10, val_loss 0.0345, val_mae 0.2130, val_rmse 0.2628, val_r2 0.0564, val_pearson 0.3738, lr 1.00e-03 ---
2026-10-01 16:41:48,255 - INFO - 
****************************************************************************************************
2026-10-01 16:41:52,183 - INFO - --- training epoch 11, loss 0.0377, mae 0.2345, rmse 0.2747, time elapsed(min) 0.06---
2026-10-01 16:41:52,507 - INFO - --- validation at epoch 11, val_loss 0.0330, val_mae 0.2173, val_rmse 0.2579, val_r2 0.0913, val_pearson 0.3636, lr 1.00e-03 ---
2026-10-01 16:41:52,507 - INFO - 
****************************************************************************************************
2026-10-01 16:41:56,408 - INFO - --- training epoch 12, loss 0.0367, mae 0.2311, rmse 0.2710, time elapsed(min) 0.06---
2026-10-01 16:41:56,788 - INFO - --- validation at epoch 12, val_loss 0.0327, val_mae 0.2117, val_rmse 0.2557, val_r2 0.1065, val_pearson 0.3782, lr 1.00e-03 ---
2026-10-01 16:41:56,788 - INFO - 
****************************************************************************************************
2026-10-01 16:42:00,954 - INFO - --- training epoch 13, loss 0.0364, mae 0.2301, rmse 0.2698, time elapsed(min) 0.06---
2026-10-01 16:42:01,462 - INFO - --- validation at epoch 13, val_loss 0.0325, val_mae 0.2084, val_rmse 0.2539, val_r2 0.1190, val_pearson 0.3878, lr 1.00e-03 ---
2026-10-01 16:42:01,462 - INFO - 
****************************************************************************************************
2026-10-01 16:42:05,552 - INFO - --- training epoch 14, loss 0.0359, mae 0.2274, rmse 0.2680, time elapsed(min) 0.06---
2026-10-01 16:42:05,877 - INFO - --- validation at epoch 14, val_loss 0.0314, val_mae 0.2084, val_rmse 0.2493, val_r2 0.1509, val_pearson 0.3895, lr 1.00e-03 ---
2026-10-01 16:42:05,877 - INFO - 
****************************************************************************************************
2026-10-01 16:42:09,862 - INFO - --- training epoch 15, loss 0.0362, mae 0.2294, rmse 0.2691, time elapsed(min) 0.06---
2026-10-01 16:42:10,188 - INFO - --- validation at epoch 15, val_loss 0.0317, val_mae 0.2068, val_rmse 0.2517, val_r2 0.1342, val_pearson 0.4026, lr 1.00e-03 ---
2026-10-01 16:42:10,188 - INFO - 
****************************************************************************************************
2026-10-01 16:42:14,098 - INFO - --- training epoch 16, loss 0.0352, mae 0.2239, rmse 0.2654, time elapsed(min) 0.06---
2026-10-01 16:42:14,550 - INFO - --- validation at epoch 16, val_loss 0.0305, val_mae 0.2038, val_rmse 0.2445, val_r2 0.1831, val_pearson 0.4374, lr 1.00e-03 ---
2026-10-01 16:42:14,550 - INFO - 
****************************************************************************************************
2026-10-01 16:42:18,802 - INFO - --- training epoch 17, loss 0.0340, mae 0.2194, rmse 0.2608, time elapsed(min) 0.06---
2026-10-01 16:42:19,176 - INFO - --- validation at epoch 17, val_loss 0.0264, val_mae 0.1845, val_rmse 0.2293, val_r2 0.2815, val_pearson 0.5466, lr 1.00e-03 ---
2026-10-01 16:42:19,176 - INFO - 
****************************************************************************************************
2026-10-01 16:42:23,171 - INFO - --- training epoch 18, loss 0.0346, mae 0.2196, rmse 0.2630, time elapsed(min) 0.06---
2026-10-01 16:42:23,498 - INFO - --- validation at epoch 18, val_loss 0.0300, val_mae 0.2036, val_rmse 0.2467, val_r2 0.1683, val_pearson 0.4251, lr 1.00e-03 ---
2026-10-01 16:42:23,498 - INFO - 
****************************************************************************************************
2026-10-01 16:42:27,431 - INFO - --- training epoch 19, loss 0.0302, mae 0.2008, rmse 0.2459, time elapsed(min) 0.06---
2026-10-01 16:42:27,811 - INFO - --- validation at epoch 19, val_loss 0.0248, val_mae 0.1719, val_rmse 0.2296, val_r2 0.2800, val_pearson 0.5640, lr 1.00e-03 ---
2026-10-01 16:42:27,811 - INFO - 
****************************************************************************************************
2026-10-01 16:42:32,053 - INFO - --- training epoch 20, loss 0.0257, mae 0.1820, rmse 0.2265, time elapsed(min) 0.06---
2026-10-01 16:42:32,378 - INFO - --- validation at epoch 20, val_loss 0.0236, val_mae 0.1699, val_rmse 0.2227, val_r2 0.3223, val_pearson 0.5913, lr 1.00e-03 ---
2026-10-01 16:42:32,378 - INFO - 
****************************************************************************************************
2026-10-01 16:42:36,397 - INFO - --- training epoch 21, loss 0.0251, mae 0.1804, rmse 0.2239, time elapsed(min) 0.06---
2026-10-01 16:42:36,719 - INFO - --- validation at epoch 21, val_loss 0.0232, val_mae 0.1668, val_rmse 0.2203, val_r2 0.3366, val_pearson 0.5943, lr 1.00e-03 ---
2026-10-01 16:42:36,720 - INFO - 
****************************************************************************************************
2026-10-01 16:42:40,714 - INFO - --- training epoch 22, loss 0.0240, mae 0.1750, rmse 0.2191, time elapsed(min) 0.06---
2026-10-01 16:42:41,166 - INFO - --- validation at epoch 22, val_loss 0.0215, val_mae 0.1609, val_rmse 0.2118, val_r2 0.3869, val_pearson 0.6245, lr 1.00e-03 ---
2026-10-01 16:42:41,166 - INFO - 
****************************************************************************************************
2026-10-01 16:42:45,444 - INFO - --- training epoch 23, loss 0.0236, mae 0.1725, rmse 0.2174, time elapsed(min) 0.06---
2026-10-01 16:42:45,770 - INFO - --- validation at epoch 23, val_loss 0.0221, val_mae 0.1669, val_rmse 0.2161, val_r2 0.3621, val_pearson 0.6069, lr 1.00e-03 ---
2026-10-01 16:42:45,770 - INFO - 
****************************************************************************************************
2026-10-01 16:42:49,656 - INFO - --- training epoch 24, loss 0.0234, mae 0.1713, rmse 0.2164, time elapsed(min) 0.06---
2026-10-01 16:42:49,997 - INFO - --- validation at epoch 24, val_loss 0.0219, val_mae 0.1649, val_rmse 0.2142, val_r2 0.3730, val_pearson 0.6125, lr 1.00e-03 ---
2026-10-01 16:42:49,997 - INFO - 
****************************************************************************************************
2026-10-01 16:42:53,901 - INFO - --- training epoch 25, loss 0.0232, mae 0.1721, rmse 0.2155, time elapsed(min) 0.06---
2026-10-01 16:42:54,249 - INFO - --- validation at epoch 25, val_loss 0.0232, val_mae 0.1679, val_rmse 0.2205, val_r2 0.3358, val_pearson 0.5858, lr 1.00e-03 ---
2026-10-01 16:42:54,249 - INFO - 
****************************************************************************************************
2026-10-01 16:42:58,315 - INFO - --- training epoch 26, loss 0.0237, mae 0.1729, rmse 0.2177, time elapsed(min) 0.06---
2026-10-01 16:42:58,858 - INFO - --- validation at epoch 26, val_loss 0.0210, val_mae 0.1587, val_rmse 0.2084, val_r2 0.4068, val_pearson 0.6451, lr 1.00e-03 ---
2026-10-01 16:42:58,858 - INFO - 
****************************************************************************************************
2026-10-01 16:43:02,982 - INFO - --- training epoch 27, loss 0.0230, mae 0.1694, rmse 0.2146, time elapsed(min) 0.06---
2026-10-01 16:43:03,307 - INFO - --- validation at epoch 27, val_loss 0.0211, val_mae 0.1610, val_rmse 0.2103, val_r2 0.3955, val_pearson 0.6422, lr 1.00e-03 ---
2026-10-01 16:43:03,307 - INFO - 
****************************************************************************************************
2026-10-01 16:43:07,211 - INFO - --- training epoch 28, loss 0.0232, mae 0.1708, rmse 0.2152, time elapsed(min) 0.06---
2026-10-01 16:43:07,538 - INFO - --- validation at epoch 28, val_loss 0.0217, val_mae 0.1611, val_rmse 0.2123, val_r2 0.3839, val_pearson 0.6284, lr 1.00e-03 ---
2026-10-01 16:43:07,539 - INFO - 
****************************************************************************************************
2026-10-01 16:43:11,473 - INFO - --- training epoch 29, loss 0.0225, mae 0.1683, rmse 0.2119, time elapsed(min) 0.06---
2026-10-01 16:43:11,963 - INFO - --- validation at epoch 29, val_loss 0.0230, val_mae 0.1627, val_rmse 0.2178, val_r2 0.3520, val_pearson 0.6278, lr 1.00e-03 ---
2026-10-01 16:43:11,963 - INFO - 
****************************************************************************************************
2026-10-01 16:43:15,990 - INFO - --- training epoch 30, loss 0.0233, mae 0.1704, rmse 0.2157, time elapsed(min) 0.06---
2026-10-01 16:43:16,315 - INFO - --- validation at epoch 30, val_loss 0.0220, val_mae 0.1610, val_rmse 0.2100, val_r2 0.3976, val_pearson 0.6384, lr 1.00e-03 ---
2026-10-01 16:43:16,315 - INFO - 
****************************************************************************************************
2026-10-01 16:43:20,238 - INFO - --- training epoch 31, loss 0.0223, mae 0.1676, rmse 0.2113, time elapsed(min) 0.06---
2026-10-01 16:43:20,561 - INFO - --- validation at epoch 31, val_loss 0.0215, val_mae 0.1610, val_rmse 0.2113, val_r2 0.3900, val_pearson 0.6291, lr 1.00e-03 ---
2026-10-01 16:43:20,562 - INFO - 
****************************************************************************************************
2026-10-01 16:43:24,685 - INFO - --- training epoch 32, loss 0.0229, mae 0.1690, rmse 0.2140, time elapsed(min) 0.06---
2026-10-01 16:43:25,137 - INFO - --- validation at epoch 32, val_loss 0.0201, val_mae 0.1574, val_rmse 0.2043, val_r2 0.4299, val_pearson 0.6585, lr 1.00e-03 ---
2026-10-01 16:43:25,137 - INFO - 
****************************************************************************************************
2026-10-01 16:43:29,311 - INFO - --- training epoch 33, loss 0.0218, mae 0.1644, rmse 0.2087, time elapsed(min) 0.06---
2026-10-01 16:43:29,656 - INFO - --- validation at epoch 33, val_loss 0.0210, val_mae 0.1585, val_rmse 0.2092, val_r2 0.4019, val_pearson 0.6548, lr 1.00e-03 ---
2026-10-01 16:43:29,656 - INFO - 
****************************************************************************************************
2026-10-01 16:43:33,566 - INFO - --- training epoch 34, loss 0.0217, mae 0.1640, rmse 0.2086, time elapsed(min) 0.06---
2026-10-01 16:43:33,912 - INFO - --- validation at epoch 34, val_loss 0.0194, val_mae 0.1530, val_rmse 0.2011, val_r2 0.4476, val_pearson 0.6793, lr 1.00e-03 ---
2026-10-01 16:43:33,912 - INFO - 
****************************************************************************************************
2026-10-01 16:43:37,930 - INFO - --- training epoch 35, loss 0.0224, mae 0.1667, rmse 0.2118, time elapsed(min) 0.06---
2026-10-01 16:43:38,314 - INFO - --- validation at epoch 35, val_loss 0.0202, val_mae 0.1554, val_rmse 0.2023, val_r2 0.4407, val_pearson 0.6662, lr 1.00e-03 ---
2026-10-01 16:43:38,315 - INFO - 
****************************************************************************************************
2026-10-01 16:43:42,404 - INFO - --- training epoch 36, loss 0.0219, mae 0.1647, rmse 0.2092, time elapsed(min) 0.06---
2026-10-01 16:43:42,905 - INFO - --- validation at epoch 36, val_loss 0.0211, val_mae 0.1560, val_rmse 0.2066, val_r2 0.4167, val_pearson 0.6570, lr 1.00e-03 ---
2026-10-01 16:43:42,905 - INFO - 
****************************************************************************************************
2026-10-01 16:43:46,927 - INFO - --- training epoch 37, loss 0.0213, mae 0.1624, rmse 0.2066, time elapsed(min) 0.06---
2026-10-01 16:43:47,248 - INFO - --- validation at epoch 37, val_loss 0.0215, val_mae 0.1551, val_rmse 0.2084, val_r2 0.4064, val_pearson 0.6583, lr 1.00e-03 ---
2026-10-01 16:43:47,248 - INFO - 
****************************************************************************************************
2026-10-01 16:43:51,203 - INFO - --- training epoch 38, loss 0.0207, mae 0.1601, rmse 0.2036, time elapsed(min) 0.06---
2026-10-01 16:43:51,525 - INFO - --- validation at epoch 38, val_loss 0.0216, val_mae 0.1537, val_rmse 0.2087, val_r2 0.4047, val_pearson 0.6684, lr 1.00e-03 ---
2026-10-01 16:43:51,525 - INFO - 
****************************************************************************************************
2026-10-01 16:43:55,471 - INFO - --- training epoch 39, loss 0.0213, mae 0.1610, rmse 0.2062, time elapsed(min) 0.06---
2026-10-01 16:43:55,951 - INFO - --- validation at epoch 39, val_loss 0.0191, val_mae 0.1480, val_rmse 0.1963, val_r2 0.4734, val_pearson 0.6921, lr 1.00e-03 ---
2026-10-01 16:43:55,951 - INFO - 
****************************************************************************************************
2026-10-01 16:44:00,235 - INFO - --- training epoch 40, loss 0.0220, mae 0.1649, rmse 0.2099, time elapsed(min) 0.06---
2026-10-01 16:44:00,559 - INFO - --- validation at epoch 40, val_loss 0.0198, val_mae 0.1563, val_rmse 0.2021, val_r2 0.4418, val_pearson 0.6688, lr 1.00e-03 ---
2026-10-01 16:44:00,559 - INFO - 
****************************************************************************************************
2026-10-01 16:44:04,457 - INFO - --- training epoch 41, loss 0.0215, mae 0.1637, rmse 0.2073, time elapsed(min) 0.06---
2026-10-01 16:44:04,779 - INFO - --- validation at epoch 41, val_loss 0.0192, val_mae 0.1513, val_rmse 0.1986, val_r2 0.4611, val_pearson 0.6837, lr 1.00e-03 ---
2026-10-01 16:44:04,779 - INFO - 
****************************************************************************************************
2026-10-01 16:44:08,733 - INFO - --- training epoch 42, loss 0.0197, mae 0.1541, rmse 0.1986, time elapsed(min) 0.06---
2026-10-01 16:44:09,193 - INFO - --- validation at epoch 42, val_loss 0.0172, val_mae 0.1424, val_rmse 0.1877, val_r2 0.5188, val_pearson 0.7389, lr 1.00e-03 ---
2026-10-01 16:44:09,193 - INFO - 
****************************************************************************************************
2026-10-01 16:44:13,533 - INFO - --- training epoch 43, loss 0.0191, mae 0.1507, rmse 0.1957, time elapsed(min) 0.07---
2026-10-01 16:44:13,856 - INFO - --- validation at epoch 43, val_loss 0.0195, val_mae 0.1472, val_rmse 0.2024, val_r2 0.4400, val_pearson 0.7037, lr 1.00e-03 ---
2026-10-01 16:44:13,856 - INFO - 
****************************************************************************************************
2026-10-01 16:44:17,759 - INFO - --- training epoch 44, loss 0.0185, mae 0.1474, rmse 0.1923, time elapsed(min) 0.06---
2026-10-01 16:44:18,085 - INFO - --- validation at epoch 44, val_loss 0.0174, val_mae 0.1408, val_rmse 0.1910, val_r2 0.5014, val_pearson 0.7240, lr 1.00e-03 ---
2026-10-01 16:44:18,086 - INFO - 
****************************************************************************************************
2026-10-01 16:44:21,996 - INFO - --- training epoch 45, loss 0.0185, mae 0.1477, rmse 0.1923, time elapsed(min) 0.06---
2026-10-01 16:44:22,376 - INFO - --- validation at epoch 45, val_loss 0.0210, val_mae 0.1486, val_rmse 0.2084, val_r2 0.4068, val_pearson 0.7115, lr 1.00e-03 ---
2026-10-01 16:44:22,376 - INFO - 
****************************************************************************************************
2026-10-01 16:44:26,519 - INFO - --- training epoch 46, loss 0.0190, mae 0.1497, rmse 0.1948, time elapsed(min) 0.06---
2026-10-01 16:44:26,844 - INFO - --- validation at epoch 46, val_loss 0.0224, val_mae 0.1533, val_rmse 0.2154, val_r2 0.3660, val_pearson 0.7087, lr 1.00e-03 ---
2026-10-01 16:44:26,845 - INFO - 
****************************************************************************************************
2026-10-01 16:44:30,753 - INFO - --- training epoch 47, loss 0.0196, mae 0.1517, rmse 0.1979, time elapsed(min) 0.06---
2026-10-01 16:44:31,076 - INFO - --- validation at epoch 47, val_loss 0.0166, val_mae 0.1402, val_rmse 0.1891, val_r2 0.5116, val_pearson 0.7201, lr 1.00e-03 ---
2026-10-01 16:44:31,076 - INFO - 
****************************************************************************************************
2026-10-01 16:44:35,090 - INFO - --- training epoch 48, loss 0.0200, mae 0.1527, rmse 0.2001, time elapsed(min) 0.06---
2026-10-01 16:44:35,472 - INFO - --- validation at epoch 48, val_loss 0.0155, val_mae 0.1376, val_rmse 0.1805, val_r2 0.5546, val_pearson 0.7467, lr 1.00e-03 ---
2026-10-01 16:44:35,472 - INFO - 
****************************************************************************************************
2026-10-01 16:44:39,632 - INFO - --- training epoch 49, loss 0.0178, mae 0.1446, rmse 0.1886, time elapsed(min) 0.06---
2026-10-01 16:44:40,240 - INFO - --- validation at epoch 49, val_loss 0.0151, val_mae 0.1345, val_rmse 0.1785, val_r2 0.5648, val_pearson 0.7540, lr 1.00e-03 ---
2026-10-01 16:44:40,240 - INFO - 
****************************************************************************************************
2026-10-01 16:44:44,252 - INFO - --- training epoch 50, loss 0.0176, mae 0.1428, rmse 0.1877, time elapsed(min) 0.06---
2026-10-01 16:44:44,576 - INFO - --- validation at epoch 50, val_loss 0.0157, val_mae 0.1354, val_rmse 0.1824, val_r2 0.5456, val_pearson 0.7497, lr 1.00e-03 ---
2026-10-01 16:44:44,576 - INFO - 
****************************************************************************************************
2026-10-01 16:44:48,489 - INFO - --- training epoch 51, loss 0.0183, mae 0.1452, rmse 0.1916, time elapsed(min) 0.06---
2026-10-01 16:44:48,814 - INFO - --- validation at epoch 51, val_loss 0.0153, val_mae 0.1363, val_rmse 0.1795, val_r2 0.5596, val_pearson 0.7581, lr 1.00e-03 ---
2026-10-01 16:44:48,814 - INFO - 
****************************************************************************************************
2026-10-01 16:44:52,891 - INFO - --- training epoch 52, loss 0.0179, mae 0.1443, rmse 0.1891, time elapsed(min) 0.06---
2026-10-01 16:44:53,506 - INFO - --- validation at epoch 52, val_loss 0.0157, val_mae 0.1329, val_rmse 0.1828, val_r2 0.5436, val_pearson 0.7587, lr 1.00e-03 ---
2026-10-01 16:44:53,506 - INFO - 
****************************************************************************************************
2026-10-01 16:44:57,421 - INFO - --- training epoch 53, loss 0.0180, mae 0.1445, rmse 0.1895, time elapsed(min) 0.06---
2026-10-01 16:44:57,756 - INFO - --- validation at epoch 53, val_loss 0.0149, val_mae 0.1323, val_rmse 0.1780, val_r2 0.5669, val_pearson 0.7545, lr 1.00e-03 ---
2026-10-01 16:44:57,756 - INFO - 
****************************************************************************************************
2026-10-01 16:45:01,767 - INFO - --- training epoch 54, loss 0.0178, mae 0.1438, rmse 0.1884, time elapsed(min) 0.06---
2026-10-01 16:45:02,090 - INFO - --- validation at epoch 54, val_loss 0.0148, val_mae 0.1323, val_rmse 0.1783, val_r2 0.5658, val_pearson 0.7538, lr 1.00e-03 ---
2026-10-01 16:45:02,090 - INFO - 
****************************************************************************************************
2026-10-01 16:45:06,269 - INFO - --- training epoch 55, loss 0.0182, mae 0.1456, rmse 0.1908, time elapsed(min) 0.06---
2026-10-01 16:45:06,763 - INFO - --- validation at epoch 55, val_loss 0.0145, val_mae 0.1335, val_rmse 0.1741, val_r2 0.5859, val_pearson 0.7669, lr 1.00e-03 ---
2026-10-01 16:45:06,763 - INFO - 
****************************************************************************************************
2026-10-01 16:45:10,865 - INFO - --- training epoch 56, loss 0.0178, mae 0.1451, rmse 0.1889, time elapsed(min) 0.06---
2026-10-01 16:45:11,191 - INFO - --- validation at epoch 56, val_loss 0.0147, val_mae 0.1313, val_rmse 0.1754, val_r2 0.5794, val_pearson 0.7654, lr 1.00e-03 ---
2026-10-01 16:45:11,191 - INFO - 
****************************************************************************************************
2026-10-01 16:45:15,148 - INFO - --- training epoch 57, loss 0.0170, mae 0.1401, rmse 0.1846, time elapsed(min) 0.06---
2026-10-01 16:45:15,475 - INFO - --- validation at epoch 57, val_loss 0.0143, val_mae 0.1301, val_rmse 0.1746, val_r2 0.5833, val_pearson 0.7698, lr 1.00e-03 ---
2026-10-01 16:45:15,476 - INFO - 
****************************************************************************************************
2026-10-01 16:45:19,471 - INFO - --- training epoch 58, loss 0.0171, mae 0.1403, rmse 0.1849, time elapsed(min) 0.06---
2026-10-01 16:45:19,854 - INFO - --- validation at epoch 58, val_loss 0.0156, val_mae 0.1334, val_rmse 0.1831, val_r2 0.5417, val_pearson 0.7657, lr 1.00e-03 ---
2026-10-01 16:45:19,854 - INFO - 
****************************************************************************************************
2026-10-01 16:45:24,084 - INFO - --- training epoch 59, loss 0.0179, mae 0.1424, rmse 0.1889, time elapsed(min) 0.07---
2026-10-01 16:45:24,435 - INFO - --- validation at epoch 59, val_loss 0.0135, val_mae 0.1270, val_rmse 0.1688, val_r2 0.6105, val_pearson 0.7852, lr 1.00e-03 ---
2026-10-01 16:45:24,435 - INFO - 
****************************************************************************************************
2026-10-01 16:45:28,459 - INFO - --- training epoch 60, loss 0.0170, mae 0.1403, rmse 0.1845, time elapsed(min) 0.06---
2026-10-01 16:45:28,785 - INFO - --- validation at epoch 60, val_loss 0.0149, val_mae 0.1308, val_rmse 0.1789, val_r2 0.5626, val_pearson 0.7706, lr 1.00e-03 ---
2026-10-01 16:45:28,785 - INFO - 
****************************************************************************************************
2026-10-01 16:45:32,723 - INFO - --- training epoch 61, loss 0.0168, mae 0.1394, rmse 0.1833, time elapsed(min) 0.06---
2026-10-01 16:45:33,103 - INFO - --- validation at epoch 61, val_loss 0.0141, val_mae 0.1314, val_rmse 0.1737, val_r2 0.5876, val_pearson 0.7740, lr 1.00e-03 ---
2026-10-01 16:45:33,104 - INFO - 
****************************************************************************************************
2026-10-01 16:45:37,181 - INFO - --- training epoch 62, loss 0.0168, mae 0.1385, rmse 0.1832, time elapsed(min) 0.06---
2026-10-01 16:45:37,655 - INFO - --- validation at epoch 62, val_loss 0.0140, val_mae 0.1314, val_rmse 0.1745, val_r2 0.5839, val_pearson 0.7791, lr 1.00e-03 ---
2026-10-01 16:45:37,655 - INFO - 
****************************************************************************************************
2026-10-01 16:45:41,666 - INFO - --- training epoch 63, loss 0.0178, mae 0.1431, rmse 0.1887, time elapsed(min) 0.06---
2026-10-01 16:45:41,987 - INFO - --- validation at epoch 63, val_loss 0.0142, val_mae 0.1310, val_rmse 0.1767, val_r2 0.5732, val_pearson 0.7580, lr 1.00e-03 ---
2026-10-01 16:45:41,988 - INFO - 
****************************************************************************************************
2026-10-01 16:45:45,955 - INFO - --- training epoch 64, loss 0.0167, mae 0.1389, rmse 0.1830, time elapsed(min) 0.06---
2026-10-01 16:45:46,276 - INFO - --- validation at epoch 64, val_loss 0.0142, val_mae 0.1299, val_rmse 0.1752, val_r2 0.5805, val_pearson 0.7841, lr 1.00e-03 ---
2026-10-01 16:45:46,276 - INFO - 
****************************************************************************************************
2026-10-01 16:45:50,341 - INFO - --- training epoch 65, loss 0.0168, mae 0.1387, rmse 0.1834, time elapsed(min) 0.06---
2026-10-01 16:45:50,843 - INFO - --- validation at epoch 65, val_loss 0.0159, val_mae 0.1373, val_rmse 0.1871, val_r2 0.5216, val_pearson 0.7536, lr 1.00e-03 ---
2026-10-01 16:45:50,843 - INFO - 
****************************************************************************************************
2026-10-01 16:45:54,898 - INFO - --- training epoch 66, loss 0.0176, mae 0.1423, rmse 0.1877, time elapsed(min) 0.06---
2026-10-01 16:45:55,225 - INFO - --- validation at epoch 66, val_loss 0.0143, val_mae 0.1351, val_rmse 0.1740, val_r2 0.5864, val_pearson 0.7672, lr 1.00e-03 ---
2026-10-01 16:45:55,225 - INFO - 
****************************************************************************************************
2026-10-01 16:45:59,175 - INFO - --- training epoch 67, loss 0.0182, mae 0.1457, rmse 0.1908, time elapsed(min) 0.06---
2026-10-01 16:45:59,498 - INFO - --- validation at epoch 67, val_loss 0.0152, val_mae 0.1335, val_rmse 0.1809, val_r2 0.5530, val_pearson 0.7470, lr 1.00e-03 ---
2026-10-01 16:45:59,498 - INFO - 
****************************************************************************************************
2026-10-01 16:46:03,404 - INFO - --- training epoch 68, loss 0.0174, mae 0.1420, rmse 0.1863, time elapsed(min) 0.06---
2026-10-01 16:46:03,855 - INFO - --- validation at epoch 68, val_loss 0.0134, val_mae 0.1290, val_rmse 0.1711, val_r2 0.6000, val_pearson 0.7748, lr 1.00e-03 ---
2026-10-01 16:46:03,856 - INFO - 
****************************************************************************************************
2026-10-01 16:46:08,112 - INFO - --- training epoch 69, loss 0.0166, mae 0.1379, rmse 0.1822, time elapsed(min) 0.06---
2026-10-01 16:46:08,445 - INFO - --- validation at epoch 69, val_loss 0.0130, val_mae 0.1268, val_rmse 0.1695, val_r2 0.6075, val_pearson 0.7832, lr 1.00e-03 ---
2026-10-01 16:46:08,445 - INFO - 
****************************************************************************************************
2026-10-01 16:46:12,455 - INFO - --- training epoch 70, loss 0.0169, mae 0.1389, rmse 0.1836, time elapsed(min) 0.06---
2026-10-01 16:46:12,782 - INFO - --- validation at epoch 70, val_loss 0.0155, val_mae 0.1386, val_rmse 0.1864, val_r2 0.5255, val_pearson 0.7261, lr 1.00e-03 ---
2026-10-01 16:46:12,782 - INFO - 
****************************************************************************************************
2026-10-01 16:46:16,691 - INFO - --- training epoch 71, loss 0.0175, mae 0.1408, rmse 0.1870, time elapsed(min) 0.06---
2026-10-01 16:46:17,071 - INFO - --- validation at epoch 71, val_loss 0.0126, val_mae 0.1242, val_rmse 0.1662, val_r2 0.6226, val_pearson 0.7926, lr 1.00e-03 ---
2026-10-01 16:46:17,071 - INFO - 
****************************************************************************************************
2026-10-01 16:46:21,244 - INFO - --- training epoch 72, loss 0.0166, mae 0.1379, rmse 0.1820, time elapsed(min) 0.06---
2026-10-01 16:46:21,733 - INFO - --- validation at epoch 72, val_loss 0.0134, val_mae 0.1287, val_rmse 0.1718, val_r2 0.5969, val_pearson 0.7912, lr 1.00e-03 ---
2026-10-01 16:46:21,733 - INFO - 
****************************************************************************************************
2026-10-01 16:46:25,758 - INFO - --- training epoch 73, loss 0.0161, mae 0.1365, rmse 0.1796, time elapsed(min) 0.06---
2026-10-01 16:46:26,082 - INFO - --- validation at epoch 73, val_loss 0.0123, val_mae 0.1262, val_rmse 0.1649, val_r2 0.6284, val_pearson 0.8038, lr 1.00e-03 ---
2026-10-01 16:46:26,082 - INFO - 
****************************************************************************************************
2026-10-01 16:46:30,104 - INFO - --- training epoch 74, loss 0.0162, mae 0.1367, rmse 0.1802, time elapsed(min) 0.06---
2026-10-01 16:46:30,428 - INFO - --- validation at epoch 74, val_loss 0.0127, val_mae 0.1351, val_rmse 0.1677, val_r2 0.6157, val_pearson 0.7974, lr 1.00e-03 ---
2026-10-01 16:46:30,428 - INFO - 
****************************************************************************************************
2026-10-01 16:46:34,376 - INFO - --- training epoch 75, loss 0.0163, mae 0.1366, rmse 0.1805, time elapsed(min) 0.06---
2026-10-01 16:46:34,874 - INFO - --- validation at epoch 75, val_loss 0.0119, val_mae 0.1247, val_rmse 0.1642, val_r2 0.6314, val_pearson 0.7990, lr 1.00e-03 ---
2026-10-01 16:46:34,874 - INFO - 
****************************************************************************************************
2026-10-01 16:46:39,063 - INFO - --- training epoch 76, loss 0.0156, mae 0.1338, rmse 0.1767, time elapsed(min) 0.06---
2026-10-01 16:46:39,409 - INFO - --- validation at epoch 76, val_loss 0.0115, val_mae 0.1216, val_rmse 0.1606, val_r2 0.6477, val_pearson 0.8051, lr 1.00e-03 ---
2026-10-01 16:46:39,409 - INFO - 
****************************************************************************************************
2026-10-01 16:46:43,405 - INFO - --- training epoch 77, loss 0.0163, mae 0.1359, rmse 0.1804, time elapsed(min) 0.06---
2026-10-01 16:46:43,732 - INFO - --- validation at epoch 77, val_loss 0.0137, val_mae 0.1323, val_rmse 0.1747, val_r2 0.5832, val_pearson 0.7725, lr 1.00e-03 ---
2026-10-01 16:46:43,732 - INFO - 
****************************************************************************************************
2026-10-01 16:46:47,711 - INFO - --- training epoch 78, loss 0.0159, mae 0.1353, rmse 0.1783, time elapsed(min) 0.06---
2026-10-01 16:46:48,164 - INFO - --- validation at epoch 78, val_loss 0.0126, val_mae 0.1265, val_rmse 0.1645, val_r2 0.6302, val_pearson 0.8085, lr 1.00e-03 ---
2026-10-01 16:46:48,164 - INFO - 
****************************************************************************************************
2026-10-01 16:46:52,333 - INFO - --- training epoch 79, loss 0.0158, mae 0.1348, rmse 0.1778, time elapsed(min) 0.06---
2026-10-01 16:46:52,660 - INFO - --- validation at epoch 79, val_loss 0.0119, val_mae 0.1267, val_rmse 0.1634, val_r2 0.6352, val_pearson 0.7991, lr 1.00e-03 ---
2026-10-01 16:46:52,660 - INFO - 
****************************************************************************************************
2026-10-01 16:46:56,610 - INFO - --- training epoch 80, loss 0.0149, mae 0.1301, rmse 0.1728, time elapsed(min) 0.06---
2026-10-01 16:46:56,936 - INFO - --- validation at epoch 80, val_loss 0.0112, val_mae 0.1203, val_rmse 0.1582, val_r2 0.6578, val_pearson 0.8151, lr 1.00e-03 ---
2026-10-01 16:46:56,936 - INFO - 
****************************************************************************************************
2026-10-01 16:47:00,956 - INFO - --- training epoch 81, loss 0.0149, mae 0.1296, rmse 0.1725, time elapsed(min) 0.06---
2026-10-01 16:47:01,408 - INFO - --- validation at epoch 81, val_loss 0.0122, val_mae 0.1263, val_rmse 0.1645, val_r2 0.6302, val_pearson 0.8029, lr 1.00e-03 ---
2026-10-01 16:47:01,408 - INFO - 
****************************************************************************************************
2026-10-01 16:47:05,594 - INFO - --- training epoch 82, loss 0.0152, mae 0.1313, rmse 0.1746, time elapsed(min) 0.06---
2026-10-01 16:47:05,921 - INFO - --- validation at epoch 82, val_loss 0.0115, val_mae 0.1223, val_rmse 0.1586, val_r2 0.6565, val_pearson 0.8117, lr 1.00e-03 ---
2026-10-01 16:47:05,921 - INFO - 
****************************************************************************************************
2026-10-01 16:47:09,837 - INFO - --- training epoch 83, loss 0.0149, mae 0.1293, rmse 0.1726, time elapsed(min) 0.06---
2026-10-01 16:47:10,163 - INFO - --- validation at epoch 83, val_loss 0.0104, val_mae 0.1168, val_rmse 0.1534, val_r2 0.6786, val_pearson 0.8277, lr 1.00e-03 ---
2026-10-01 16:47:10,163 - INFO - 
****************************************************************************************************
2026-10-01 16:47:14,162 - INFO - --- training epoch 84, loss 0.0148, mae 0.1290, rmse 0.1719, time elapsed(min) 0.06---
2026-10-01 16:47:14,488 - INFO - --- validation at epoch 84, val_loss 0.0110, val_mae 0.1213, val_rmse 0.1570, val_r2 0.6632, val_pearson 0.8168, lr 1.00e-03 ---
2026-10-01 16:47:14,488 - INFO - 
****************************************************************************************************
2026-10-01 16:47:18,554 - INFO - --- training epoch 85, loss 0.0151, mae 0.1309, rmse 0.1740, time elapsed(min) 0.06---
2026-10-01 16:47:19,072 - INFO - --- validation at epoch 85, val_loss 0.0113, val_mae 0.1205, val_rmse 0.1579, val_r2 0.6594, val_pearson 0.8217, lr 1.00e-03 ---
2026-10-01 16:47:19,072 - INFO - 
****************************************************************************************************
2026-10-01 16:47:23,079 - INFO - --- training epoch 86, loss 0.0145, mae 0.1271, rmse 0.1702, time elapsed(min) 0.06---
2026-10-01 16:47:23,404 - INFO - --- validation at epoch 86, val_loss 0.0111, val_mae 0.1191, val_rmse 0.1575, val_r2 0.6610, val_pearson 0.8259, lr 1.00e-03 ---
2026-10-01 16:47:23,404 - INFO - 
****************************************************************************************************
2026-10-01 16:47:27,354 - INFO - --- training epoch 87, loss 0.0152, mae 0.1307, rmse 0.1743, time elapsed(min) 0.06---
2026-10-01 16:47:27,677 - INFO - --- validation at epoch 87, val_loss 0.0107, val_mae 0.1176, val_rmse 0.1547, val_r2 0.6731, val_pearson 0.8210, lr 1.00e-03 ---
2026-10-01 16:47:27,677 - INFO - 
****************************************************************************************************
2026-10-01 16:47:31,750 - INFO - --- training epoch 88, loss 0.0143, mae 0.1268, rmse 0.1693, time elapsed(min) 0.06---
2026-10-01 16:47:32,250 - INFO - --- validation at epoch 88, val_loss 0.0108, val_mae 0.1178, val_rmse 0.1549, val_r2 0.6722, val_pearson 0.8351, lr 1.00e-03 ---
2026-10-01 16:47:32,250 - INFO - 
****************************************************************************************************
2026-10-01 16:47:36,298 - INFO - --- training epoch 89, loss 0.0142, mae 0.1267, rmse 0.1686, time elapsed(min) 0.06---
2026-10-01 16:47:36,620 - INFO - --- validation at epoch 89, val_loss 0.0123, val_mae 0.1295, val_rmse 0.1639, val_r2 0.6329, val_pearson 0.8239, lr 1.00e-03 ---
2026-10-01 16:47:36,621 - INFO - 
****************************************************************************************************
2026-10-01 16:47:40,576 - INFO - --- training epoch 90, loss 0.0150, mae 0.1297, rmse 0.1733, time elapsed(min) 0.06---
2026-10-01 16:47:40,903 - INFO - --- validation at epoch 90, val_loss 0.0110, val_mae 0.1186, val_rmse 0.1553, val_r2 0.6704, val_pearson 0.8263, lr 1.00e-03 ---
2026-10-01 16:47:40,903 - INFO - 
****************************************************************************************************
2026-10-01 16:47:44,933 - INFO - --- training epoch 91, loss 0.0140, mae 0.1251, rmse 0.1671, time elapsed(min) 0.06---
2026-10-01 16:47:45,386 - INFO - --- validation at epoch 91, val_loss 0.0130, val_mae 0.1263, val_rmse 0.1673, val_r2 0.6178, val_pearson 0.8005, lr 1.00e-03 ---
2026-10-01 16:47:45,386 - INFO - 
****************************************************************************************************
2026-10-01 16:47:49,572 - INFO - --- training epoch 92, loss 0.0151, mae 0.1314, rmse 0.1740, time elapsed(min) 0.07---
2026-10-01 16:47:49,894 - INFO - --- validation at epoch 92, val_loss 0.0112, val_mae 0.1210, val_rmse 0.1574, val_r2 0.6616, val_pearson 0.8183, lr 1.00e-03 ---
2026-10-01 16:47:49,894 - INFO - 
****************************************************************************************************
2026-10-01 16:47:53,779 - INFO - --- training epoch 93, loss 0.0141, mae 0.1251, rmse 0.1678, time elapsed(min) 0.06---
2026-10-01 16:47:54,104 - INFO - --- validation at epoch 93, val_loss 0.0106, val_mae 0.1149, val_rmse 0.1532, val_r2 0.6795, val_pearson 0.8297, lr 1.00e-03 ---
2026-10-01 16:47:54,104 - INFO - 
****************************************************************************************************
2026-10-01 16:47:54,396 - INFO - --- early stopping at epoch 93: val_loss did not improve for 10 epochs ---
2026-10-01 16:47:54,763 - INFO - --- selected checkpoint from epoch 83, val_loss 0.0104, val_mae 0.1168, val_rmse 0.1534
2026-10-01 16:47:55,882 - INFO - -- RESULT
2026-10-01 16:47:55,882 - INFO - --- test size: 1728
2026-10-01 16:47:55,882 - INFO - --- MAE: 0.1282 (12.82 pp), RMSE: 0.1711 (17.11 pp), R2: 0.6423, Pearson: 0.8050
2026-10-01 16:47:58,204 - INFO - --- Cell approach_1_mlp DONE: test MAE=0.1282 RMSE=0.1711 R2=0.6423 | sec/epoch=4.41
2026-10-01 16:47:58,231 - INFO - === RUNNING: dataset=suzuki split=split_6 cell=option_b_linear (tokens=ind, pooling=rn, head=linear) ===
