2026-10-01 15:05:07,194 - INFO - device is	cuda:0
2026-10-01 15:05:07,305 - INFO - -- CONFIGURATIONS
2026-10-01 15:05:07,305 - INFO - --- train/valid/test: 3628/404/1728
2026-10-01 15:05:07,305 - INFO - --- max no. reactants_train, valid, test respectively: 14, 14, 14
2026-10-01 15:05:07,305 - INFO - --- max no. products_train, valid, test respectively: 1, 1, 1
2026-10-01 15:05:07,305 - INFO - --- model_path: ../logs/approach1_server/approach_3/suzuki/runs/suzuki_split_5_20261001_150507/split_5/model.pt
2026-10-01 15:05:07,404 - INFO - -- TRAINING
2026-10-01 15:05:09,578 - INFO - --- training epoch 0, loss 2.9170, mae 3.2860, rmse 7.9333, time elapsed(min) 0.04---
2026-10-01 15:05:10,025 - INFO - --- validation at epoch 0, val_loss 0.0562, val_mae 0.2558, val_rmse 0.3436, val_r2 -0.4403, val_pearson 0.2587, lr 1.00e-03 ---
2026-10-01 15:05:10,025 - INFO - 
****************************************************************************************************
2026-10-01 15:05:12,347 - INFO - --- training epoch 1, loss 0.0429, mae 0.2483, rmse 0.2929, time elapsed(min) 0.03---
2026-10-01 15:05:12,595 - INFO - --- validation at epoch 1, val_loss 0.0385, val_mae 0.2501, val_rmse 0.2799, val_r2 0.0441, val_pearson 0.2886, lr 1.00e-03 ---
2026-10-01 15:05:12,595 - INFO - 
****************************************************************************************************
2026-10-01 15:05:14,783 - INFO - --- training epoch 2, loss 0.0390, mae 0.2388, rmse 0.2793, time elapsed(min) 0.03---
2026-10-01 15:05:15,176 - INFO - --- validation at epoch 2, val_loss 0.0372, val_mae 0.2420, val_rmse 0.2766, val_r2 0.0665, val_pearson 0.3120, lr 1.00e-03 ---
2026-10-01 15:05:15,176 - INFO - 
****************************************************************************************************
2026-10-01 15:05:17,533 - INFO - --- training epoch 3, loss 0.0392, mae 0.2386, rmse 0.2801, time elapsed(min) 0.03---
2026-10-01 15:05:17,973 - INFO - --- validation at epoch 3, val_loss 0.0370, val_mae 0.2400, val_rmse 0.2755, val_r2 0.0737, val_pearson 0.3022, lr 1.00e-03 ---
2026-10-01 15:05:17,973 - INFO - 
****************************************************************************************************
2026-10-01 15:05:20,510 - INFO - --- training epoch 4, loss 0.0379, mae 0.2353, rmse 0.2753, time elapsed(min) 0.03---
2026-10-01 15:05:20,766 - INFO - --- validation at epoch 4, val_loss 0.0371, val_mae 0.2380, val_rmse 0.2760, val_r2 0.0704, val_pearson 0.3102, lr 1.00e-03 ---
2026-10-01 15:05:20,766 - INFO - 
****************************************************************************************************
2026-10-01 15:05:22,974 - INFO - --- training epoch 5, loss 0.0387, mae 0.2358, rmse 0.2782, time elapsed(min) 0.03---
2026-10-01 15:05:23,228 - INFO - --- validation at epoch 5, val_loss 0.0365, val_mae 0.2382, val_rmse 0.2741, val_r2 0.0834, val_pearson 0.3255, lr 1.00e-03 ---
2026-10-01 15:05:23,228 - INFO - 
****************************************************************************************************
2026-10-01 15:05:25,663 - INFO - --- training epoch 6, loss 0.0391, mae 0.2378, rmse 0.2796, time elapsed(min) 0.03---
2026-10-01 15:05:26,125 - INFO - --- validation at epoch 6, val_loss 0.0379, val_mae 0.2364, val_rmse 0.2798, val_r2 0.0447, val_pearson 0.3314, lr 1.00e-03 ---
2026-10-01 15:05:26,125 - INFO - 
****************************************************************************************************
2026-10-01 15:05:28,452 - INFO - --- training epoch 7, loss 0.0391, mae 0.2377, rmse 0.2796, time elapsed(min) 0.03---
2026-10-01 15:05:28,694 - INFO - --- validation at epoch 7, val_loss 0.0366, val_mae 0.2362, val_rmse 0.2748, val_r2 0.0790, val_pearson 0.3331, lr 1.00e-03 ---
2026-10-01 15:05:28,695 - INFO - 
****************************************************************************************************
2026-10-01 15:05:30,892 - INFO - --- training epoch 8, loss 0.0386, mae 0.2361, rmse 0.2779, time elapsed(min) 0.03---
2026-10-01 15:05:31,142 - INFO - --- validation at epoch 8, val_loss 0.0375, val_mae 0.2341, val_rmse 0.2786, val_r2 0.0532, val_pearson 0.3425, lr 1.00e-03 ---
2026-10-01 15:05:31,142 - INFO - 
****************************************************************************************************
2026-10-01 15:05:33,384 - INFO - --- training epoch 9, loss 0.0393, mae 0.2371, rmse 0.2804, time elapsed(min) 0.03---
2026-10-01 15:05:33,787 - INFO - --- validation at epoch 9, val_loss 0.0391, val_mae 0.2331, val_rmse 0.2843, val_r2 0.0139, val_pearson 0.3486, lr 1.00e-03 ---
2026-10-01 15:05:33,787 - INFO - 
****************************************************************************************************
2026-10-01 15:05:36,133 - INFO - --- training epoch 10, loss 0.0403, mae 0.2394, rmse 0.2839, time elapsed(min) 0.03---
2026-10-01 15:05:36,721 - INFO - --- validation at epoch 10, val_loss 0.0394, val_mae 0.2334, val_rmse 0.2856, val_r2 0.0047, val_pearson 0.3502, lr 1.00e-03 ---
2026-10-01 15:05:36,721 - INFO - 
****************************************************************************************************
2026-10-01 15:05:39,038 - INFO - --- training epoch 11, loss 0.0402, mae 0.2393, rmse 0.2834, time elapsed(min) 0.03---
2026-10-01 15:05:39,294 - INFO - --- validation at epoch 11, val_loss 0.0375, val_mae 0.2333, val_rmse 0.2786, val_r2 0.0532, val_pearson 0.3547, lr 1.00e-03 ---
2026-10-01 15:05:39,294 - INFO - 
****************************************************************************************************
2026-10-01 15:05:41,560 - INFO - --- training epoch 12, loss 0.0391, mae 0.2365, rmse 0.2796, time elapsed(min) 0.03---
2026-10-01 15:05:41,815 - INFO - --- validation at epoch 12, val_loss 0.0382, val_mae 0.2322, val_rmse 0.2812, val_r2 0.0355, val_pearson 0.3557, lr 1.00e-03 ---
2026-10-01 15:05:41,815 - INFO - 
****************************************************************************************************
2026-10-01 15:05:44,139 - INFO - --- training epoch 13, loss 0.0376, mae 0.2325, rmse 0.2743, time elapsed(min) 0.03---
2026-10-01 15:05:44,608 - INFO - --- validation at epoch 13, val_loss 0.0356, val_mae 0.2362, val_rmse 0.2698, val_r2 0.1117, val_pearson 0.3537, lr 1.00e-03 ---
2026-10-01 15:05:44,608 - INFO - 
****************************************************************************************************
2026-10-01 15:05:47,048 - INFO - --- training epoch 14, loss 0.0375, mae 0.2318, rmse 0.2737, time elapsed(min) 0.03---
2026-10-01 15:05:47,322 - INFO - --- validation at epoch 14, val_loss 0.0379, val_mae 0.2315, val_rmse 0.2804, val_r2 0.0407, val_pearson 0.3677, lr 1.00e-03 ---
2026-10-01 15:05:47,322 - INFO - 
****************************************************************************************************
2026-10-01 15:05:49,549 - INFO - --- training epoch 15, loss 0.0390, mae 0.2351, rmse 0.2795, time elapsed(min) 0.03---
2026-10-01 15:05:49,810 - INFO - --- validation at epoch 15, val_loss 0.0396, val_mae 0.2308, val_rmse 0.2864, val_r2 -0.0005, val_pearson 0.3697, lr 1.00e-03 ---
2026-10-01 15:05:49,810 - INFO - 
****************************************************************************************************
2026-10-01 15:05:52,202 - INFO - --- training epoch 16, loss 0.0392, mae 0.2355, rmse 0.2799, time elapsed(min) 0.03---
2026-10-01 15:05:52,682 - INFO - --- validation at epoch 16, val_loss 0.0362, val_mae 0.2326, val_rmse 0.2731, val_r2 0.0900, val_pearson 0.3638, lr 1.00e-03 ---
2026-10-01 15:05:52,682 - INFO - 
****************************************************************************************************
2026-10-01 15:05:55,062 - INFO - --- training epoch 17, loss 0.0376, mae 0.2313, rmse 0.2744, time elapsed(min) 0.03---
2026-10-01 15:05:55,309 - INFO - --- validation at epoch 17, val_loss 0.0390, val_mae 0.2291, val_rmse 0.2840, val_r2 0.0159, val_pearson 0.3772, lr 1.00e-03 ---
2026-10-01 15:05:55,309 - INFO - 
****************************************************************************************************
2026-10-01 15:05:57,562 - INFO - --- training epoch 18, loss 0.0389, mae 0.2340, rmse 0.2790, time elapsed(min) 0.03---
2026-10-01 15:05:57,816 - INFO - --- validation at epoch 18, val_loss 0.0393, val_mae 0.2284, val_rmse 0.2850, val_r2 0.0092, val_pearson 0.3855, lr 1.00e-03 ---
2026-10-01 15:05:57,816 - INFO - 
****************************************************************************************************
2026-10-01 15:06:00,207 - INFO - --- training epoch 19, loss 0.0384, mae 0.2322, rmse 0.2773, time elapsed(min) 0.03---
2026-10-01 15:06:00,652 - INFO - --- validation at epoch 19, val_loss 0.0388, val_mae 0.2247, val_rmse 0.2821, val_r2 0.0289, val_pearson 0.3975, lr 1.00e-03 ---
2026-10-01 15:06:00,652 - INFO - 
****************************************************************************************************
2026-10-01 15:06:03,169 - INFO - --- training epoch 20, loss 0.0367, mae 0.2240, rmse 0.2710, time elapsed(min) 0.04---
2026-10-01 15:06:03,431 - INFO - --- validation at epoch 20, val_loss 0.0355, val_mae 0.2138, val_rmse 0.2686, val_r2 0.1199, val_pearson 0.4647, lr 1.00e-03 ---
2026-10-01 15:06:03,431 - INFO - 
****************************************************************************************************
2026-10-01 15:06:05,755 - INFO - --- training epoch 21, loss 0.0347, mae 0.2169, rmse 0.2636, time elapsed(min) 0.03---
2026-10-01 15:06:06,015 - INFO - --- validation at epoch 21, val_loss 0.0318, val_mae 0.2063, val_rmse 0.2547, val_r2 0.2085, val_pearson 0.4815, lr 1.00e-03 ---
2026-10-01 15:06:06,015 - INFO - 
****************************************************************************************************
2026-10-01 15:06:08,363 - INFO - --- training epoch 22, loss 0.0344, mae 0.2147, rmse 0.2622, time elapsed(min) 0.03---
2026-10-01 15:06:08,775 - INFO - --- validation at epoch 22, val_loss 0.0324, val_mae 0.2070, val_rmse 0.2583, val_r2 0.1858, val_pearson 0.5095, lr 1.00e-03 ---
2026-10-01 15:06:08,775 - INFO - 
****************************************************************************************************
2026-10-01 15:06:11,311 - INFO - --- training epoch 23, loss 0.0289, mae 0.1922, rmse 0.2404, time elapsed(min) 0.04---
2026-10-01 15:06:11,561 - INFO - --- validation at epoch 23, val_loss 0.0284, val_mae 0.1897, val_rmse 0.2448, val_r2 0.2687, val_pearson 0.6000, lr 1.00e-03 ---
2026-10-01 15:06:11,561 - INFO - 
****************************************************************************************************
2026-10-01 15:06:13,849 - INFO - --- training epoch 24, loss 0.0267, mae 0.1830, rmse 0.2310, time elapsed(min) 0.03---
2026-10-01 15:06:14,101 - INFO - --- validation at epoch 24, val_loss 0.0263, val_mae 0.1830, val_rmse 0.2368, val_r2 0.3157, val_pearson 0.6224, lr 1.00e-03 ---
2026-10-01 15:06:14,101 - INFO - 
****************************************************************************************************
2026-10-01 15:06:16,458 - INFO - --- training epoch 25, loss 0.0261, mae 0.1814, rmse 0.2284, time elapsed(min) 0.03---
2026-10-01 15:06:16,865 - INFO - --- validation at epoch 25, val_loss 0.0253, val_mae 0.1797, val_rmse 0.2322, val_r2 0.3423, val_pearson 0.6263, lr 1.00e-03 ---
2026-10-01 15:06:16,865 - INFO - 
****************************************************************************************************
2026-10-01 15:06:19,457 - INFO - --- training epoch 26, loss 0.0257, mae 0.1792, rmse 0.2266, time elapsed(min) 0.04---
2026-10-01 15:06:19,710 - INFO - --- validation at epoch 26, val_loss 0.0258, val_mae 0.1816, val_rmse 0.2347, val_r2 0.3280, val_pearson 0.6268, lr 1.00e-03 ---
2026-10-01 15:06:19,711 - INFO - 
****************************************************************************************************
2026-10-01 15:06:21,971 - INFO - --- training epoch 27, loss 0.0259, mae 0.1806, rmse 0.2275, time elapsed(min) 0.03---
2026-10-01 15:06:22,229 - INFO - --- validation at epoch 27, val_loss 0.0262, val_mae 0.1838, val_rmse 0.2351, val_r2 0.3257, val_pearson 0.6034, lr 1.00e-03 ---
2026-10-01 15:06:22,229 - INFO - 
****************************************************************************************************
2026-10-01 15:06:24,496 - INFO - --- training epoch 28, loss 0.0254, mae 0.1789, rmse 0.2254, time elapsed(min) 0.03---
2026-10-01 15:06:24,914 - INFO - --- validation at epoch 28, val_loss 0.0274, val_mae 0.1878, val_rmse 0.2416, val_r2 0.2877, val_pearson 0.6173, lr 1.00e-03 ---
2026-10-01 15:06:24,914 - INFO - 
****************************************************************************************************
2026-10-01 15:06:27,533 - INFO - --- training epoch 29, loss 0.0256, mae 0.1791, rmse 0.2264, time elapsed(min) 0.04---
2026-10-01 15:06:27,788 - INFO - --- validation at epoch 29, val_loss 0.0266, val_mae 0.1860, val_rmse 0.2391, val_r2 0.3025, val_pearson 0.6207, lr 1.00e-03 ---
2026-10-01 15:06:27,788 - INFO - 
****************************************************************************************************
2026-10-01 15:06:30,034 - INFO - --- training epoch 30, loss 0.0261, mae 0.1806, rmse 0.2283, time elapsed(min) 0.03---
2026-10-01 15:06:30,290 - INFO - --- validation at epoch 30, val_loss 0.0241, val_mae 0.1773, val_rmse 0.2251, val_r2 0.3819, val_pearson 0.6369, lr 1.00e-03 ---
2026-10-01 15:06:30,290 - INFO - 
****************************************************************************************************
2026-10-01 15:06:32,580 - INFO - --- training epoch 31, loss 0.0248, mae 0.1759, rmse 0.2226, time elapsed(min) 0.03---
2026-10-01 15:06:32,829 - INFO - --- validation at epoch 31, val_loss 0.0245, val_mae 0.1796, val_rmse 0.2281, val_r2 0.3653, val_pearson 0.6317, lr 1.00e-03 ---
2026-10-01 15:06:32,829 - INFO - 
****************************************************************************************************
2026-10-01 15:06:35,232 - INFO - --- training epoch 32, loss 0.0250, mae 0.1771, rmse 0.2234, time elapsed(min) 0.03---
2026-10-01 15:06:35,712 - INFO - --- validation at epoch 32, val_loss 0.0241, val_mae 0.1759, val_rmse 0.2267, val_r2 0.3730, val_pearson 0.6416, lr 1.00e-03 ---
2026-10-01 15:06:35,712 - INFO - 
****************************************************************************************************
2026-10-01 15:06:38,106 - INFO - --- training epoch 33, loss 0.0247, mae 0.1757, rmse 0.2221, time elapsed(min) 0.03---
2026-10-01 15:06:38,370 - INFO - --- validation at epoch 33, val_loss 0.0247, val_mae 0.1785, val_rmse 0.2296, val_r2 0.3567, val_pearson 0.6359, lr 1.00e-03 ---
2026-10-01 15:06:38,370 - INFO - 
****************************************************************************************************
2026-10-01 15:06:40,624 - INFO - --- training epoch 34, loss 0.0249, mae 0.1766, rmse 0.2231, time elapsed(min) 0.03---
2026-10-01 15:06:40,880 - INFO - --- validation at epoch 34, val_loss 0.0237, val_mae 0.1759, val_rmse 0.2245, val_r2 0.3851, val_pearson 0.6442, lr 1.00e-03 ---
2026-10-01 15:06:40,880 - INFO - 
****************************************************************************************************
2026-10-01 15:06:43,284 - INFO - --- training epoch 35, loss 0.0248, mae 0.1761, rmse 0.2225, time elapsed(min) 0.03---
2026-10-01 15:06:43,776 - INFO - --- validation at epoch 35, val_loss 0.0235, val_mae 0.1754, val_rmse 0.2231, val_r2 0.3925, val_pearson 0.6438, lr 1.00e-03 ---
2026-10-01 15:06:43,776 - INFO - 
****************************************************************************************************
2026-10-01 15:06:46,212 - INFO - --- training epoch 36, loss 0.0242, mae 0.1743, rmse 0.2202, time elapsed(min) 0.03---
2026-10-01 15:06:46,460 - INFO - --- validation at epoch 36, val_loss 0.0238, val_mae 0.1777, val_rmse 0.2245, val_r2 0.3854, val_pearson 0.6432, lr 1.00e-03 ---
2026-10-01 15:06:46,461 - INFO - 
****************************************************************************************************
2026-10-01 15:06:48,814 - INFO - --- training epoch 37, loss 0.0240, mae 0.1741, rmse 0.2190, time elapsed(min) 0.03---
2026-10-01 15:06:49,070 - INFO - --- validation at epoch 37, val_loss 0.0235, val_mae 0.1756, val_rmse 0.2238, val_r2 0.3890, val_pearson 0.6487, lr 1.00e-03 ---
2026-10-01 15:06:49,070 - INFO - 
****************************************************************************************************
2026-10-01 15:06:51,480 - INFO - --- training epoch 38, loss 0.0243, mae 0.1746, rmse 0.2203, time elapsed(min) 0.03---
2026-10-01 15:06:51,976 - INFO - --- validation at epoch 38, val_loss 0.0238, val_mae 0.1770, val_rmse 0.2259, val_r2 0.3772, val_pearson 0.6475, lr 1.00e-03 ---
2026-10-01 15:06:51,976 - INFO - 
****************************************************************************************************
2026-10-01 15:06:54,347 - INFO - --- training epoch 39, loss 0.0245, mae 0.1753, rmse 0.2212, time elapsed(min) 0.03---
2026-10-01 15:06:54,594 - INFO - --- validation at epoch 39, val_loss 0.0233, val_mae 0.1750, val_rmse 0.2227, val_r2 0.3950, val_pearson 0.6513, lr 1.00e-03 ---
2026-10-01 15:06:54,595 - INFO - 
****************************************************************************************************
2026-10-01 15:06:56,860 - INFO - --- training epoch 40, loss 0.0240, mae 0.1734, rmse 0.2191, time elapsed(min) 0.03---
2026-10-01 15:06:57,128 - INFO - --- validation at epoch 40, val_loss 0.0232, val_mae 0.1742, val_rmse 0.2216, val_r2 0.4009, val_pearson 0.6466, lr 1.00e-03 ---
2026-10-01 15:06:57,128 - INFO - 
****************************************************************************************************
2026-10-01 15:06:59,460 - INFO - --- training epoch 41, loss 0.0283, mae 0.1901, rmse 0.2379, time elapsed(min) 0.03---
2026-10-01 15:06:59,947 - INFO - --- validation at epoch 41, val_loss 0.0281, val_mae 0.1954, val_rmse 0.2462, val_r2 0.2607, val_pearson 0.6430, lr 1.00e-03 ---
2026-10-01 15:06:59,947 - INFO - 
****************************************************************************************************
2026-10-01 15:07:02,544 - INFO - --- training epoch 42, loss 0.0263, mae 0.1821, rmse 0.2295, time elapsed(min) 0.04---
2026-10-01 15:07:02,800 - INFO - --- validation at epoch 42, val_loss 0.0240, val_mae 0.1780, val_rmse 0.2245, val_r2 0.3851, val_pearson 0.6301, lr 1.00e-03 ---
2026-10-01 15:07:02,801 - INFO - 
****************************************************************************************************
2026-10-01 15:07:05,053 - INFO - --- training epoch 43, loss 0.0239, mae 0.1725, rmse 0.2187, time elapsed(min) 0.03---
2026-10-01 15:07:05,306 - INFO - --- validation at epoch 43, val_loss 0.0234, val_mae 0.1758, val_rmse 0.2204, val_r2 0.4073, val_pearson 0.6459, lr 1.00e-03 ---
2026-10-01 15:07:05,306 - INFO - 
****************************************************************************************************
2026-10-01 15:07:07,573 - INFO - --- training epoch 44, loss 0.0233, mae 0.1710, rmse 0.2159, time elapsed(min) 0.03---
2026-10-01 15:07:07,987 - INFO - --- validation at epoch 44, val_loss 0.0228, val_mae 0.1737, val_rmse 0.2194, val_r2 0.4129, val_pearson 0.6514, lr 1.00e-03 ---
2026-10-01 15:07:07,987 - INFO - 
****************************************************************************************************
2026-10-01 15:07:10,562 - INFO - --- training epoch 45, loss 0.0235, mae 0.1719, rmse 0.2169, time elapsed(min) 0.04---
2026-10-01 15:07:10,815 - INFO - --- validation at epoch 45, val_loss 0.0229, val_mae 0.1745, val_rmse 0.2205, val_r2 0.4068, val_pearson 0.6506, lr 1.00e-03 ---
2026-10-01 15:07:10,815 - INFO - 
****************************************************************************************************
2026-10-01 15:07:13,052 - INFO - --- training epoch 46, loss 0.0251, mae 0.1774, rmse 0.2240, time elapsed(min) 0.03---
2026-10-01 15:07:13,307 - INFO - --- validation at epoch 46, val_loss 0.0237, val_mae 0.1797, val_rmse 0.2226, val_r2 0.3956, val_pearson 0.6415, lr 1.00e-03 ---
2026-10-01 15:07:13,307 - INFO - 
****************************************************************************************************
2026-10-01 15:07:15,632 - INFO - --- training epoch 47, loss 0.0235, mae 0.1720, rmse 0.2169, time elapsed(min) 0.03---
2026-10-01 15:07:16,060 - INFO - --- validation at epoch 47, val_loss 0.0235, val_mae 0.1769, val_rmse 0.2227, val_r2 0.3948, val_pearson 0.6459, lr 1.00e-03 ---
2026-10-01 15:07:16,060 - INFO - 
****************************************************************************************************
2026-10-01 15:07:18,561 - INFO - --- training epoch 48, loss 0.0237, mae 0.1727, rmse 0.2176, time elapsed(min) 0.04---
2026-10-01 15:07:19,007 - INFO - --- validation at epoch 48, val_loss 0.0231, val_mae 0.1755, val_rmse 0.2214, val_r2 0.4017, val_pearson 0.6531, lr 1.00e-03 ---
2026-10-01 15:07:19,007 - INFO - 
****************************************************************************************************
2026-10-01 15:07:21,369 - INFO - --- training epoch 49, loss 0.0238, mae 0.1730, rmse 0.2181, time elapsed(min) 0.03---
2026-10-01 15:07:21,644 - INFO - --- validation at epoch 49, val_loss 0.0229, val_mae 0.1762, val_rmse 0.2205, val_r2 0.4071, val_pearson 0.6555, lr 1.00e-03 ---
2026-10-01 15:07:21,644 - INFO - 
****************************************************************************************************
2026-10-01 15:07:23,918 - INFO - --- training epoch 50, loss 0.0237, mae 0.1726, rmse 0.2175, time elapsed(min) 0.03---
2026-10-01 15:07:24,191 - INFO - --- validation at epoch 50, val_loss 0.0230, val_mae 0.1764, val_rmse 0.2208, val_r2 0.4051, val_pearson 0.6520, lr 1.00e-03 ---
2026-10-01 15:07:24,191 - INFO - 
****************************************************************************************************
2026-10-01 15:07:26,576 - INFO - --- training epoch 51, loss 0.0239, mae 0.1731, rmse 0.2187, time elapsed(min) 0.03---
2026-10-01 15:07:27,055 - INFO - --- validation at epoch 51, val_loss 0.0229, val_mae 0.1764, val_rmse 0.2194, val_r2 0.4130, val_pearson 0.6502, lr 1.00e-03 ---
2026-10-01 15:07:27,055 - INFO - 
****************************************************************************************************
2026-10-01 15:07:29,456 - INFO - --- training epoch 52, loss 0.0232, mae 0.1706, rmse 0.2152, time elapsed(min) 0.03---
2026-10-01 15:07:29,710 - INFO - --- validation at epoch 52, val_loss 0.0228, val_mae 0.1761, val_rmse 0.2205, val_r2 0.4070, val_pearson 0.6635, lr 1.00e-03 ---
2026-10-01 15:07:29,710 - INFO - 
****************************************************************************************************
2026-10-01 15:07:32,028 - INFO - --- training epoch 53, loss 0.0234, mae 0.1722, rmse 0.2165, time elapsed(min) 0.03---
2026-10-01 15:07:32,283 - INFO - --- validation at epoch 53, val_loss 0.0224, val_mae 0.1744, val_rmse 0.2177, val_r2 0.4219, val_pearson 0.6624, lr 1.00e-03 ---
2026-10-01 15:07:32,283 - INFO - 
****************************************************************************************************
2026-10-01 15:07:34,738 - INFO - --- training epoch 54, loss 0.0229, mae 0.1700, rmse 0.2138, time elapsed(min) 0.03---
2026-10-01 15:07:35,193 - INFO - --- validation at epoch 54, val_loss 0.0226, val_mae 0.1732, val_rmse 0.2190, val_r2 0.4150, val_pearson 0.6577, lr 1.00e-03 ---
2026-10-01 15:07:35,193 - INFO - 
****************************************************************************************************
2026-10-01 15:07:37,682 - INFO - --- training epoch 55, loss 0.0231, mae 0.1699, rmse 0.2150, time elapsed(min) 0.03---
2026-10-01 15:07:37,936 - INFO - --- validation at epoch 55, val_loss 0.0220, val_mae 0.1731, val_rmse 0.2174, val_r2 0.4233, val_pearson 0.6648, lr 1.00e-03 ---
2026-10-01 15:07:37,936 - INFO - 
****************************************************************************************************
2026-10-01 15:07:40,362 - INFO - --- training epoch 56, loss 0.0228, mae 0.1693, rmse 0.2135, time elapsed(min) 0.03---
2026-10-01 15:07:40,614 - INFO - --- validation at epoch 56, val_loss 0.0223, val_mae 0.1734, val_rmse 0.2190, val_r2 0.4147, val_pearson 0.6673, lr 1.00e-03 ---
2026-10-01 15:07:40,614 - INFO - 
****************************************************************************************************
2026-10-01 15:07:42,898 - INFO - --- training epoch 57, loss 0.0224, mae 0.1673, rmse 0.2116, time elapsed(min) 0.03---
2026-10-01 15:07:43,332 - INFO - --- validation at epoch 57, val_loss 0.0225, val_mae 0.1750, val_rmse 0.2215, val_r2 0.4012, val_pearson 0.6620, lr 1.00e-03 ---
2026-10-01 15:07:43,332 - INFO - 
****************************************************************************************************
2026-10-01 15:07:45,899 - INFO - --- training epoch 58, loss 0.0231, mae 0.1705, rmse 0.2151, time elapsed(min) 0.04---
2026-10-01 15:07:46,151 - INFO - --- validation at epoch 58, val_loss 0.0225, val_mae 0.1741, val_rmse 0.2207, val_r2 0.4055, val_pearson 0.6706, lr 1.00e-03 ---
2026-10-01 15:07:46,151 - INFO - 
****************************************************************************************************
2026-10-01 15:07:48,418 - INFO - --- training epoch 59, loss 0.0230, mae 0.1695, rmse 0.2144, time elapsed(min) 0.03---
2026-10-01 15:07:48,673 - INFO - --- validation at epoch 59, val_loss 0.0219, val_mae 0.1740, val_rmse 0.2187, val_r2 0.4165, val_pearson 0.6689, lr 1.00e-03 ---
2026-10-01 15:07:48,673 - INFO - 
****************************************************************************************************
2026-10-01 15:07:51,000 - INFO - --- training epoch 60, loss 0.0224, mae 0.1673, rmse 0.2117, time elapsed(min) 0.03---
2026-10-01 15:07:51,253 - INFO - --- validation at epoch 60, val_loss 0.0211, val_mae 0.1688, val_rmse 0.2131, val_r2 0.4460, val_pearson 0.6775, lr 1.00e-03 ---
2026-10-01 15:07:51,253 - INFO - 
****************************************************************************************************
2026-10-01 15:07:53,819 - INFO - --- training epoch 61, loss 0.0223, mae 0.1677, rmse 0.2112, time elapsed(min) 0.04---
2026-10-01 15:07:54,266 - INFO - --- validation at epoch 61, val_loss 0.0221, val_mae 0.1743, val_rmse 0.2187, val_r2 0.4165, val_pearson 0.6851, lr 1.00e-03 ---
2026-10-01 15:07:54,266 - INFO - 
****************************************************************************************************
2026-10-01 15:07:56,654 - INFO - --- training epoch 62, loss 0.0228, mae 0.1691, rmse 0.2136, time elapsed(min) 0.03---
2026-10-01 15:07:56,911 - INFO - --- validation at epoch 62, val_loss 0.0216, val_mae 0.1721, val_rmse 0.2162, val_r2 0.4298, val_pearson 0.6782, lr 1.00e-03 ---
2026-10-01 15:07:56,911 - INFO - 
****************************************************************************************************
2026-10-01 15:07:59,195 - INFO - --- training epoch 63, loss 0.0225, mae 0.1678, rmse 0.2123, time elapsed(min) 0.03---
2026-10-01 15:07:59,450 - INFO - --- validation at epoch 63, val_loss 0.0210, val_mae 0.1678, val_rmse 0.2124, val_r2 0.4495, val_pearson 0.6903, lr 1.00e-03 ---
2026-10-01 15:07:59,450 - INFO - 
****************************************************************************************************
2026-10-01 15:08:01,801 - INFO - --- training epoch 64, loss 0.0222, mae 0.1667, rmse 0.2106, time elapsed(min) 0.03---
2026-10-01 15:08:02,282 - INFO - --- validation at epoch 64, val_loss 0.0204, val_mae 0.1662, val_rmse 0.2094, val_r2 0.4651, val_pearson 0.6951, lr 1.00e-03 ---
2026-10-01 15:08:02,282 - INFO - 
****************************************************************************************************
2026-10-01 15:08:04,737 - INFO - --- training epoch 65, loss 0.0222, mae 0.1669, rmse 0.2107, time elapsed(min) 0.03---
2026-10-01 15:08:04,993 - INFO - --- validation at epoch 65, val_loss 0.0209, val_mae 0.1667, val_rmse 0.2113, val_r2 0.4553, val_pearson 0.6898, lr 1.00e-03 ---
2026-10-01 15:08:04,993 - INFO - 
****************************************************************************************************
2026-10-01 15:08:07,284 - INFO - --- training epoch 66, loss 0.0231, mae 0.1705, rmse 0.2151, time elapsed(min) 0.03---
2026-10-01 15:08:07,543 - INFO - --- validation at epoch 66, val_loss 0.0222, val_mae 0.1706, val_rmse 0.2176, val_r2 0.4221, val_pearson 0.6773, lr 1.00e-03 ---
2026-10-01 15:08:07,543 - INFO - 
****************************************************************************************************
2026-10-01 15:08:09,948 - INFO - --- training epoch 67, loss 0.0220, mae 0.1667, rmse 0.2096, time elapsed(min) 0.03---
2026-10-01 15:08:10,411 - INFO - --- validation at epoch 67, val_loss 0.0206, val_mae 0.1654, val_rmse 0.2102, val_r2 0.4612, val_pearson 0.6891, lr 1.00e-03 ---
2026-10-01 15:08:10,412 - INFO - 
****************************************************************************************************
2026-10-01 15:08:12,935 - INFO - --- training epoch 68, loss 0.0216, mae 0.1647, rmse 0.2078, time elapsed(min) 0.04---
2026-10-01 15:08:13,190 - INFO - --- validation at epoch 68, val_loss 0.0216, val_mae 0.1686, val_rmse 0.2169, val_r2 0.4262, val_pearson 0.6854, lr 1.00e-03 ---
2026-10-01 15:08:13,190 - INFO - 
****************************************************************************************************
2026-10-01 15:08:15,458 - INFO - --- training epoch 69, loss 0.0215, mae 0.1642, rmse 0.2073, time elapsed(min) 0.03---
2026-10-01 15:08:15,714 - INFO - --- validation at epoch 69, val_loss 0.0236, val_mae 0.1765, val_rmse 0.2273, val_r2 0.3697, val_pearson 0.6833, lr 1.00e-03 ---
2026-10-01 15:08:15,714 - INFO - 
****************************************************************************************************
2026-10-01 15:08:18,115 - INFO - --- training epoch 70, loss 0.0215, mae 0.1649, rmse 0.2074, time elapsed(min) 0.03---
2026-10-01 15:08:18,536 - INFO - --- validation at epoch 70, val_loss 0.0208, val_mae 0.1667, val_rmse 0.2119, val_r2 0.4524, val_pearson 0.6973, lr 1.00e-03 ---
2026-10-01 15:08:18,537 - INFO - 
****************************************************************************************************
2026-10-01 15:08:21,182 - INFO - --- training epoch 71, loss 0.0216, mae 0.1647, rmse 0.2076, time elapsed(min) 0.04---
2026-10-01 15:08:21,442 - INFO - --- validation at epoch 71, val_loss 0.0200, val_mae 0.1651, val_rmse 0.2081, val_r2 0.4716, val_pearson 0.7033, lr 1.00e-03 ---
2026-10-01 15:08:21,442 - INFO - 
****************************************************************************************************
2026-10-01 15:08:23,811 - INFO - --- training epoch 72, loss 0.0214, mae 0.1646, rmse 0.2070, time elapsed(min) 0.03---
2026-10-01 15:08:24,069 - INFO - --- validation at epoch 72, val_loss 0.0202, val_mae 0.1645, val_rmse 0.2087, val_r2 0.4684, val_pearson 0.7054, lr 1.00e-03 ---
2026-10-01 15:08:24,069 - INFO - 
****************************************************************************************************
2026-10-01 15:08:26,444 - INFO - --- training epoch 73, loss 0.0215, mae 0.1645, rmse 0.2072, time elapsed(min) 0.03---
2026-10-01 15:08:26,876 - INFO - --- validation at epoch 73, val_loss 0.0213, val_mae 0.1689, val_rmse 0.2159, val_r2 0.4315, val_pearson 0.7069, lr 1.00e-03 ---
2026-10-01 15:08:26,876 - INFO - 
****************************************************************************************************
2026-10-01 15:08:29,459 - INFO - --- training epoch 74, loss 0.0216, mae 0.1642, rmse 0.2079, time elapsed(min) 0.04---
2026-10-01 15:08:29,715 - INFO - --- validation at epoch 74, val_loss 0.0197, val_mae 0.1618, val_rmse 0.2056, val_r2 0.4845, val_pearson 0.7019, lr 1.00e-03 ---
2026-10-01 15:08:29,715 - INFO - 
****************************************************************************************************
2026-10-01 15:08:32,075 - INFO - --- training epoch 75, loss 0.0213, mae 0.1646, rmse 0.2065, time elapsed(min) 0.03---
2026-10-01 15:08:32,341 - INFO - --- validation at epoch 75, val_loss 0.0199, val_mae 0.1632, val_rmse 0.2075, val_r2 0.4749, val_pearson 0.7076, lr 1.00e-03 ---
2026-10-01 15:08:32,342 - INFO - 
****************************************************************************************************
2026-10-01 15:08:34,619 - INFO - --- training epoch 76, loss 0.0216, mae 0.1643, rmse 0.2077, time elapsed(min) 0.03---
2026-10-01 15:08:35,047 - INFO - --- validation at epoch 76, val_loss 0.0193, val_mae 0.1602, val_rmse 0.2024, val_r2 0.5004, val_pearson 0.7107, lr 1.00e-03 ---
2026-10-01 15:08:35,047 - INFO - 
****************************************************************************************************
2026-10-01 15:08:37,576 - INFO - --- training epoch 77, loss 0.0205, mae 0.1611, rmse 0.2025, time elapsed(min) 0.03---
2026-10-01 15:08:38,175 - INFO - --- validation at epoch 77, val_loss 0.0316, val_mae 0.2109, val_rmse 0.2620, val_r2 0.1628, val_pearson 0.7167, lr 1.00e-03 ---
2026-10-01 15:08:38,175 - INFO - 
****************************************************************************************************
2026-10-01 15:08:40,458 - INFO - --- training epoch 78, loss 0.0223, mae 0.1679, rmse 0.2112, time elapsed(min) 0.03---
2026-10-01 15:08:40,714 - INFO - --- validation at epoch 78, val_loss 0.0199, val_mae 0.1634, val_rmse 0.2078, val_r2 0.4732, val_pearson 0.7120, lr 1.00e-03 ---
2026-10-01 15:08:40,714 - INFO - 
****************************************************************************************************
2026-10-01 15:08:43,003 - INFO - --- training epoch 79, loss 0.0210, mae 0.1623, rmse 0.2050, time elapsed(min) 0.03---
2026-10-01 15:08:43,428 - INFO - --- validation at epoch 79, val_loss 0.0197, val_mae 0.1623, val_rmse 0.2070, val_r2 0.4771, val_pearson 0.7116, lr 1.00e-03 ---
2026-10-01 15:08:43,428 - INFO - 
****************************************************************************************************
2026-10-01 15:08:45,997 - INFO - --- training epoch 80, loss 0.0211, mae 0.1629, rmse 0.2054, time elapsed(min) 0.04---
2026-10-01 15:08:46,249 - INFO - --- validation at epoch 80, val_loss 0.0198, val_mae 0.1629, val_rmse 0.2085, val_r2 0.4697, val_pearson 0.7117, lr 1.00e-03 ---
2026-10-01 15:08:46,249 - INFO - 
****************************************************************************************************
2026-10-01 15:08:48,556 - INFO - --- training epoch 81, loss 0.0209, mae 0.1616, rmse 0.2045, time elapsed(min) 0.03---
2026-10-01 15:08:48,814 - INFO - --- validation at epoch 81, val_loss 0.0190, val_mae 0.1595, val_rmse 0.2032, val_r2 0.4960, val_pearson 0.7153, lr 1.00e-03 ---
2026-10-01 15:08:48,814 - INFO - 
****************************************************************************************************
2026-10-01 15:08:51,185 - INFO - --- training epoch 82, loss 0.0206, mae 0.1608, rmse 0.2032, time elapsed(min) 0.03---
2026-10-01 15:08:51,445 - INFO - --- validation at epoch 82, val_loss 0.0197, val_mae 0.1615, val_rmse 0.2075, val_r2 0.4746, val_pearson 0.7083, lr 1.00e-03 ---
2026-10-01 15:08:51,445 - INFO - 
****************************************************************************************************
2026-10-01 15:08:54,043 - INFO - --- training epoch 83, loss 0.0209, mae 0.1618, rmse 0.2047, time elapsed(min) 0.04---
2026-10-01 15:08:54,292 - INFO - --- validation at epoch 83, val_loss 0.0200, val_mae 0.1634, val_rmse 0.2085, val_r2 0.4696, val_pearson 0.7011, lr 1.00e-03 ---
2026-10-01 15:08:54,292 - INFO - 
****************************************************************************************************
2026-10-01 15:08:56,636 - INFO - --- training epoch 84, loss 0.0204, mae 0.1602, rmse 0.2022, time elapsed(min) 0.03---
2026-10-01 15:08:56,926 - INFO - --- validation at epoch 84, val_loss 0.0200, val_mae 0.1620, val_rmse 0.2105, val_r2 0.4593, val_pearson 0.7146, lr 1.00e-03 ---
2026-10-01 15:08:56,926 - INFO - 
****************************************************************************************************
2026-10-01 15:08:59,325 - INFO - --- training epoch 85, loss 0.0207, mae 0.1606, rmse 0.2033, time elapsed(min) 0.03---
2026-10-01 15:08:59,582 - INFO - --- validation at epoch 85, val_loss 0.0199, val_mae 0.1623, val_rmse 0.2079, val_r2 0.4728, val_pearson 0.7069, lr 1.00e-03 ---
2026-10-01 15:08:59,582 - INFO - 
****************************************************************************************************
2026-10-01 15:09:02,082 - INFO - --- training epoch 86, loss 0.0212, mae 0.1632, rmse 0.2060, time elapsed(min) 0.04---
2026-10-01 15:09:02,573 - INFO - --- validation at epoch 86, val_loss 0.0183, val_mae 0.1570, val_rmse 0.2010, val_r2 0.5073, val_pearson 0.7269, lr 1.00e-03 ---
2026-10-01 15:09:02,573 - INFO - 
****************************************************************************************************
2026-10-01 15:09:05,067 - INFO - --- training epoch 87, loss 0.0208, mae 0.1616, rmse 0.2040, time elapsed(min) 0.03---
2026-10-01 15:09:05,322 - INFO - --- validation at epoch 87, val_loss 0.0185, val_mae 0.1577, val_rmse 0.2016, val_r2 0.5041, val_pearson 0.7274, lr 1.00e-03 ---
2026-10-01 15:09:05,322 - INFO - 
****************************************************************************************************
2026-10-01 15:09:07,583 - INFO - --- training epoch 88, loss 0.0204, mae 0.1589, rmse 0.2018, time elapsed(min) 0.03---
2026-10-01 15:09:07,835 - INFO - --- validation at epoch 88, val_loss 0.0176, val_mae 0.1532, val_rmse 0.1962, val_r2 0.5302, val_pearson 0.7390, lr 1.00e-03 ---
2026-10-01 15:09:07,835 - INFO - 
****************************************************************************************************
2026-10-01 15:09:10,281 - INFO - --- training epoch 89, loss 0.0201, mae 0.1589, rmse 0.2005, time elapsed(min) 0.03---
2026-10-01 15:09:10,766 - INFO - --- validation at epoch 89, val_loss 0.0177, val_mae 0.1547, val_rmse 0.1962, val_r2 0.5303, val_pearson 0.7392, lr 1.00e-03 ---
2026-10-01 15:09:10,766 - INFO - 
****************************************************************************************************
2026-10-01 15:09:13,256 - INFO - --- training epoch 90, loss 0.0201, mae 0.1588, rmse 0.2003, time elapsed(min) 0.03---
2026-10-01 15:09:13,511 - INFO - --- validation at epoch 90, val_loss 0.0199, val_mae 0.1614, val_rmse 0.2094, val_r2 0.4650, val_pearson 0.7251, lr 1.00e-03 ---
2026-10-01 15:09:13,511 - INFO - 
****************************************************************************************************
2026-10-01 15:09:15,829 - INFO - --- training epoch 91, loss 0.0208, mae 0.1609, rmse 0.2038, time elapsed(min) 0.03---
2026-10-01 15:09:16,082 - INFO - --- validation at epoch 91, val_loss 0.0180, val_mae 0.1554, val_rmse 0.1989, val_r2 0.5172, val_pearson 0.7391, lr 1.00e-03 ---
2026-10-01 15:09:16,083 - INFO - 
****************************************************************************************************
2026-10-01 15:09:18,373 - INFO - --- training epoch 92, loss 0.0204, mae 0.1613, rmse 0.2021, time elapsed(min) 0.03---
2026-10-01 15:09:18,817 - INFO - --- validation at epoch 92, val_loss 0.0204, val_mae 0.1627, val_rmse 0.2115, val_r2 0.4545, val_pearson 0.7221, lr 1.00e-03 ---
2026-10-01 15:09:18,817 - INFO - 
****************************************************************************************************
2026-10-01 15:09:21,389 - INFO - --- training epoch 93, loss 0.0218, mae 0.1651, rmse 0.2088, time elapsed(min) 0.04---
2026-10-01 15:09:21,646 - INFO - --- validation at epoch 93, val_loss 0.0193, val_mae 0.1581, val_rmse 0.2056, val_r2 0.4845, val_pearson 0.7147, lr 1.00e-03 ---
2026-10-01 15:09:21,646 - INFO - 
****************************************************************************************************
2026-10-01 15:09:23,973 - INFO - --- training epoch 94, loss 0.0204, mae 0.1599, rmse 0.2018, time elapsed(min) 0.03---
2026-10-01 15:09:24,230 - INFO - --- validation at epoch 94, val_loss 0.0181, val_mae 0.1535, val_rmse 0.1981, val_r2 0.5211, val_pearson 0.7382, lr 1.00e-03 ---
2026-10-01 15:09:24,230 - INFO - 
****************************************************************************************************
2026-10-01 15:09:26,491 - INFO - --- training epoch 95, loss 0.0193, mae 0.1562, rmse 0.1966, time elapsed(min) 0.03---
2026-10-01 15:09:26,919 - INFO - --- validation at epoch 95, val_loss 0.0163, val_mae 0.1450, val_rmse 0.1859, val_r2 0.5784, val_pearson 0.7611, lr 1.00e-03 ---
2026-10-01 15:09:26,920 - INFO - 
****************************************************************************************************
2026-10-01 15:09:29,477 - INFO - --- training epoch 96, loss 0.0185, mae 0.1510, rmse 0.1922, time elapsed(min) 0.04---
2026-10-01 15:09:29,740 - INFO - --- validation at epoch 96, val_loss 0.0173, val_mae 0.1498, val_rmse 0.1954, val_r2 0.5344, val_pearson 0.7615, lr 1.00e-03 ---
2026-10-01 15:09:29,741 - INFO - 
****************************************************************************************************
2026-10-01 15:09:31,995 - INFO - --- training epoch 97, loss 0.0185, mae 0.1505, rmse 0.1926, time elapsed(min) 0.03---
2026-10-01 15:09:32,256 - INFO - --- validation at epoch 97, val_loss 0.0167, val_mae 0.1468, val_rmse 0.1917, val_r2 0.5515, val_pearson 0.7594, lr 1.00e-03 ---
2026-10-01 15:09:32,256 - INFO - 
****************************************************************************************************
2026-10-01 15:09:34,650 - INFO - --- training epoch 98, loss 0.0184, mae 0.1513, rmse 0.1916, time elapsed(min) 0.03---
2026-10-01 15:09:34,908 - INFO - --- validation at epoch 98, val_loss 0.0163, val_mae 0.1443, val_rmse 0.1881, val_r2 0.5681, val_pearson 0.7727, lr 1.00e-03 ---
2026-10-01 15:09:34,908 - INFO - 
****************************************************************************************************
2026-10-01 15:09:37,318 - INFO - --- training epoch 99, loss 0.0183, mae 0.1506, rmse 0.1914, time elapsed(min) 0.03---
2026-10-01 15:09:37,793 - INFO - --- validation at epoch 99, val_loss 0.0188, val_mae 0.1530, val_rmse 0.2033, val_r2 0.4958, val_pearson 0.7522, lr 1.00e-03 ---
2026-10-01 15:09:37,793 - INFO - 
****************************************************************************************************
2026-10-01 15:09:38,631 - INFO - --- selected checkpoint from epoch 95, val_loss 0.0163, val_mae 0.1450, val_rmse 0.1859
2026-10-01 15:09:39,660 - INFO - -- RESULT
2026-10-01 15:09:39,660 - INFO - --- test size: 1728
2026-10-01 15:09:39,660 - INFO - --- MAE: 0.1506 (15.06 pp), RMSE: 0.1913 (19.13 pp), R2: 0.5311, Pearson: 0.7316
