2026-10-01 15:21:36,673 - INFO - device is	cuda:0
2026-10-01 15:21:36,779 - INFO - -- CONFIGURATIONS
2026-10-01 15:21:36,779 - INFO - --- train/valid/test: 3628/404/1728
2026-10-01 15:21:36,779 - INFO - --- max no. reactants_train, valid, test respectively: 14, 14, 14
2026-10-01 15:21:36,779 - INFO - --- max no. products_train, valid, test respectively: 1, 1, 1
2026-10-01 15:21:36,779 - INFO - --- model_path: ../logs/suzuki_approach1_grid/runs/suzuki/split_2/approach_1_mlp/model.pt
2026-10-01 15:21:36,788 - INFO - -- TRAINING
2026-10-01 15:21:40,441 - INFO - --- training epoch 0, loss 0.9349, mae 1.2375, rmse 2.9720, time elapsed(min) 0.06---
2026-10-01 15:21:40,768 - INFO - --- validation at epoch 0, val_loss 0.0497, val_mae 0.2451, val_rmse 0.3114, val_r2 -0.2454, val_pearson 0.1685, lr 1.00e-03 ---
2026-10-01 15:21:40,768 - INFO - 
****************************************************************************************************
2026-10-01 15:21:44,720 - INFO - --- training epoch 1, loss 0.0429, mae 0.2493, rmse 0.2929, time elapsed(min) 0.06---
2026-10-01 15:21:45,043 - INFO - --- validation at epoch 1, val_loss 0.0404, val_mae 0.2394, val_rmse 0.2829, val_r2 -0.0281, val_pearson 0.2465, lr 1.00e-03 ---
2026-10-01 15:21:45,043 - INFO - 
****************************************************************************************************
2026-10-01 15:21:48,990 - INFO - --- training epoch 2, loss 0.0402, mae 0.2447, rmse 0.2835, time elapsed(min) 0.06---
2026-10-01 15:21:49,368 - INFO - --- validation at epoch 2, val_loss 0.0405, val_mae 0.2391, val_rmse 0.2830, val_r2 -0.0289, val_pearson 0.2423, lr 1.00e-03 ---
2026-10-01 15:21:49,368 - INFO - 
****************************************************************************************************
2026-10-01 15:21:53,362 - INFO - --- training epoch 3, loss 0.0398, mae 0.2447, rmse 0.2821, time elapsed(min) 0.06---
2026-10-01 15:21:53,947 - INFO - --- validation at epoch 3, val_loss 0.0391, val_mae 0.2394, val_rmse 0.2791, val_r2 -0.0008, val_pearson 0.2336, lr 1.00e-03 ---
2026-10-01 15:21:53,948 - INFO - 
****************************************************************************************************
2026-10-01 15:21:57,932 - INFO - --- training epoch 4, loss 0.0399, mae 0.2450, rmse 0.2825, time elapsed(min) 0.06---
2026-10-01 15:21:58,256 - INFO - --- validation at epoch 4, val_loss 0.0398, val_mae 0.2365, val_rmse 0.2811, val_r2 -0.0148, val_pearson 0.2383, lr 1.00e-03 ---
2026-10-01 15:21:58,256 - INFO - 
****************************************************************************************************
2026-10-01 15:22:02,121 - INFO - --- training epoch 5, loss 0.0399, mae 0.2436, rmse 0.2824, time elapsed(min) 0.06---
2026-10-01 15:22:02,446 - INFO - --- validation at epoch 5, val_loss 0.0399, val_mae 0.2347, val_rmse 0.2810, val_r2 -0.0145, val_pearson 0.2584, lr 1.00e-03 ---
2026-10-01 15:22:02,446 - INFO - 
****************************************************************************************************
2026-10-01 15:22:06,358 - INFO - --- training epoch 6, loss 0.0392, mae 0.2412, rmse 0.2801, time elapsed(min) 0.06---
2026-10-01 15:22:06,835 - INFO - --- validation at epoch 6, val_loss 0.0389, val_mae 0.2316, val_rmse 0.2771, val_r2 0.0139, val_pearson 0.2671, lr 1.00e-03 ---
2026-10-01 15:22:06,836 - INFO - 
****************************************************************************************************
2026-10-01 15:22:11,071 - INFO - --- training epoch 7, loss 0.0386, mae 0.2384, rmse 0.2779, time elapsed(min) 0.06---
2026-10-01 15:22:11,404 - INFO - --- validation at epoch 7, val_loss 0.0368, val_mae 0.2327, val_rmse 0.2701, val_r2 0.0628, val_pearson 0.2984, lr 1.00e-03 ---
2026-10-01 15:22:11,404 - INFO - 
****************************************************************************************************
2026-10-01 15:22:15,423 - INFO - --- training epoch 8, loss 0.0376, mae 0.2341, rmse 0.2742, time elapsed(min) 0.06---
2026-10-01 15:22:15,743 - INFO - --- validation at epoch 8, val_loss 0.0371, val_mae 0.2278, val_rmse 0.2694, val_r2 0.0680, val_pearson 0.3036, lr 1.00e-03 ---
2026-10-01 15:22:15,743 - INFO - 
****************************************************************************************************
2026-10-01 15:22:19,632 - INFO - --- training epoch 9, loss 0.0403, mae 0.2440, rmse 0.2839, time elapsed(min) 0.06---
2026-10-01 15:22:20,011 - INFO - --- validation at epoch 9, val_loss 0.0389, val_mae 0.2407, val_rmse 0.2788, val_r2 0.0012, val_pearson 0.1522, lr 1.00e-03 ---
2026-10-01 15:22:20,011 - INFO - 
****************************************************************************************************
2026-10-01 15:22:24,154 - INFO - --- training epoch 10, loss 0.0397, mae 0.2443, rmse 0.2819, time elapsed(min) 0.06---
2026-10-01 15:22:24,482 - INFO - --- validation at epoch 10, val_loss 0.0381, val_mae 0.2401, val_rmse 0.2774, val_r2 0.0117, val_pearson 0.1430, lr 1.00e-03 ---
2026-10-01 15:22:24,482 - INFO - 
****************************************************************************************************
2026-10-01 15:22:28,368 - INFO - --- training epoch 11, loss 0.0394, mae 0.2431, rmse 0.2806, time elapsed(min) 0.06---
2026-10-01 15:22:28,694 - INFO - --- validation at epoch 11, val_loss 0.0388, val_mae 0.2362, val_rmse 0.2793, val_r2 -0.0022, val_pearson 0.2259, lr 1.00e-03 ---
2026-10-01 15:22:28,695 - INFO - 
****************************************************************************************************
2026-10-01 15:22:32,558 - INFO - --- training epoch 12, loss 0.0395, mae 0.2433, rmse 0.2810, time elapsed(min) 0.06---
2026-10-01 15:22:32,881 - INFO - --- validation at epoch 12, val_loss 0.0378, val_mae 0.2387, val_rmse 0.2771, val_r2 0.0138, val_pearson 0.1448, lr 1.00e-03 ---
2026-10-01 15:22:32,881 - INFO - 
****************************************************************************************************
2026-10-01 15:22:36,902 - INFO - --- training epoch 13, loss 0.0395, mae 0.2434, rmse 0.2812, time elapsed(min) 0.06---
2026-10-01 15:22:37,379 - INFO - --- validation at epoch 13, val_loss 0.0375, val_mae 0.2380, val_rmse 0.2763, val_r2 0.0191, val_pearson 0.1657, lr 1.00e-03 ---
2026-10-01 15:22:37,379 - INFO - 
****************************************************************************************************
2026-10-01 15:22:41,415 - INFO - --- training epoch 14, loss 0.0397, mae 0.2436, rmse 0.2818, time elapsed(min) 0.06---
2026-10-01 15:22:41,741 - INFO - --- validation at epoch 14, val_loss 0.0376, val_mae 0.2381, val_rmse 0.2765, val_r2 0.0177, val_pearson 0.1616, lr 1.00e-03 ---
2026-10-01 15:22:41,741 - INFO - 
****************************************************************************************************
2026-10-01 15:22:45,663 - INFO - --- training epoch 15, loss 0.0396, mae 0.2423, rmse 0.2816, time elapsed(min) 0.06---
2026-10-01 15:22:45,986 - INFO - --- validation at epoch 15, val_loss 0.0388, val_mae 0.2357, val_rmse 0.2790, val_r2 0.0003, val_pearson 0.2638, lr 1.00e-03 ---
2026-10-01 15:22:45,986 - INFO - 
****************************************************************************************************
2026-10-01 15:22:49,942 - INFO - --- training epoch 16, loss 0.0391, mae 0.2413, rmse 0.2796, time elapsed(min) 0.06---
2026-10-01 15:22:50,392 - INFO - --- validation at epoch 16, val_loss 0.0379, val_mae 0.2324, val_rmse 0.2767, val_r2 0.0167, val_pearson 0.3155, lr 1.00e-03 ---
2026-10-01 15:22:50,392 - INFO - 
****************************************************************************************************
2026-10-01 15:22:54,557 - INFO - --- training epoch 17, loss 0.0386, mae 0.2383, rmse 0.2778, time elapsed(min) 0.06---
2026-10-01 15:22:54,884 - INFO - --- validation at epoch 17, val_loss 0.0398, val_mae 0.2313, val_rmse 0.2821, val_r2 -0.0221, val_pearson 0.3392, lr 1.00e-03 ---
2026-10-01 15:22:54,884 - INFO - 
****************************************************************************************************
2026-10-01 15:22:55,157 - INFO - --- early stopping at epoch 17: val_loss did not improve for 10 epochs ---
2026-10-01 15:22:55,522 - INFO - --- selected checkpoint from epoch 7, val_loss 0.0368, val_mae 0.2327, val_rmse 0.2701
2026-10-01 15:22:56,675 - INFO - -- RESULT
2026-10-01 15:22:56,675 - INFO - --- test size: 1728
2026-10-01 15:22:56,676 - INFO - --- MAE: 0.2330 (23.30 pp), RMSE: 0.2714 (27.14 pp), R2: 0.0682, Pearson: 0.3084
2026-10-01 15:22:58,901 - INFO - --- Cell approach_1_mlp DONE: test MAE=0.2330 RMSE=0.2714 R2=0.0682 | sec/epoch=4.35
2026-10-01 15:22:58,923 - INFO - === RUNNING: dataset=suzuki split=split_2 cell=option_b_linear (tokens=ind, pooling=rn, head=linear) ===
