2026-10-01 12:02:54,472 - INFO - device is	cuda:0
2026-10-01 12:02:54,564 - INFO - -- CONFIGURATIONS
2026-10-01 12:02:54,564 - INFO - --- train/valid/test: 2491/277/1187
2026-10-01 12:02:54,564 - INFO - --- max no. reactants_train, valid, test respectively: 6, 6, 6
2026-10-01 12:02:54,564 - INFO - --- max no. products_train, valid, test respectively: 1, 1, 1
2026-10-01 12:02:54,564 - INFO - --- model_path: ../logs/bh_approach1_grid/runs/bh/fullcv06_split70/approach_1_linear/model.pt
2026-10-01 12:02:54,574 - INFO - -- TRAINING
2026-10-01 12:02:55,336 - INFO - --- training epoch 0, loss 23.7438, mae 24.2401, rmse 29.5285, time elapsed(min) 0.01---
2026-10-01 12:02:55,514 - INFO - --- validation at epoch 0, val_loss 23.7460, val_mae 22.3079, val_rmse 26.8890, val_r2 -0.0239, val_pearson -0.3248, lr 1.00e-03 ---
2026-10-01 12:02:55,514 - INFO - 
****************************************************************************************************
2026-10-01 12:02:56,748 - INFO - --- training epoch 1, loss 22.9624, mae 23.4600, rmse 27.9891, time elapsed(min) 0.01---
2026-10-01 12:02:56,927 - INFO - --- validation at epoch 1, val_loss 23.4452, val_mae 21.9134, val_rmse 26.6271, val_r2 -0.0041, val_pearson 0.2726, lr 1.00e-03 ---
2026-10-01 12:02:56,927 - INFO - 
****************************************************************************************************
2026-10-01 12:02:58,130 - INFO - --- training epoch 2, loss 22.7447, mae 23.2422, rmse 27.5053, time elapsed(min) 0.01---
2026-10-01 12:02:58,308 - INFO - --- validation at epoch 2, val_loss 23.1036, val_mae 21.5934, val_rmse 26.3361, val_r2 0.0177, val_pearson 0.2911, lr 1.00e-03 ---
2026-10-01 12:02:58,308 - INFO - 
****************************************************************************************************
2026-10-01 12:02:59,683 - INFO - --- training epoch 3, loss 22.7734, mae 23.2694, rmse 27.4825, time elapsed(min) 0.02---
2026-10-01 12:02:59,863 - INFO - --- validation at epoch 3, val_loss 23.4483, val_mae 21.8887, val_rmse 27.0905, val_r2 -0.0393, val_pearson 0.3032, lr 1.00e-03 ---
2026-10-01 12:02:59,863 - INFO - 
****************************************************************************************************
2026-10-01 12:03:01,143 - INFO - --- training epoch 4, loss 22.5273, mae 23.0245, rmse 27.0832, time elapsed(min) 0.02---
2026-10-01 12:03:01,315 - INFO - --- validation at epoch 4, val_loss 22.9627, val_mae 21.8406, val_rmse 25.5647, val_r2 0.0744, val_pearson 0.3139, lr 1.00e-03 ---
2026-10-01 12:03:01,315 - INFO - 
****************************************************************************************************
2026-10-01 12:03:02,738 - INFO - --- training epoch 5, loss 22.3687, mae 22.8653, rmse 26.7456, time elapsed(min) 0.02---
2026-10-01 12:03:03,072 - INFO - --- validation at epoch 5, val_loss 22.5776, val_mae 21.6673, val_rmse 26.2771, val_r2 0.0221, val_pearson 0.2985, lr 1.00e-03 ---
2026-10-01 12:03:03,072 - INFO - 
****************************************************************************************************
2026-10-01 12:03:04,451 - INFO - --- training epoch 6, loss 22.0099, mae 22.5060, rmse 26.6473, time elapsed(min) 0.01---
2026-10-01 12:03:04,640 - INFO - --- validation at epoch 6, val_loss 22.8036, val_mae 21.6689, val_rmse 26.4524, val_r2 0.0091, val_pearson 0.3038, lr 1.00e-03 ---
2026-10-01 12:03:04,641 - INFO - 
****************************************************************************************************
2026-10-01 12:03:05,786 - INFO - --- training epoch 7, loss 21.8976, mae 22.3942, rmse 26.5351, time elapsed(min) 0.01---
2026-10-01 12:03:05,963 - INFO - --- validation at epoch 7, val_loss 22.2958, val_mae 21.9525, val_rmse 25.9414, val_r2 0.0470, val_pearson 0.2686, lr 1.00e-03 ---
2026-10-01 12:03:05,963 - INFO - 
****************************************************************************************************
2026-10-01 12:03:07,377 - INFO - --- training epoch 8, loss 21.8031, mae 22.2986, rmse 26.3204, time elapsed(min) 0.02---
2026-10-01 12:03:07,534 - INFO - --- validation at epoch 8, val_loss 22.3996, val_mae 21.9060, val_rmse 25.4451, val_r2 0.0831, val_pearson 0.2911, lr 1.00e-03 ---
2026-10-01 12:03:07,534 - INFO - 
****************************************************************************************************
2026-10-01 12:03:08,895 - INFO - --- training epoch 9, loss 21.7626, mae 22.2588, rmse 26.3066, time elapsed(min) 0.02---
2026-10-01 12:03:09,050 - INFO - --- validation at epoch 9, val_loss 22.4231, val_mae 22.0199, val_rmse 25.3467, val_r2 0.0902, val_pearson 0.3025, lr 1.00e-03 ---
2026-10-01 12:03:09,050 - INFO - 
****************************************************************************************************
2026-10-01 12:03:10,405 - INFO - --- training epoch 10, loss 21.6793, mae 22.1745, rmse 26.1462, time elapsed(min) 0.02---
2026-10-01 12:03:10,573 - INFO - --- validation at epoch 10, val_loss 22.2475, val_mae 21.9098, val_rmse 25.5055, val_r2 0.0787, val_pearson 0.2942, lr 1.00e-03 ---
2026-10-01 12:03:10,573 - INFO - 
****************************************************************************************************
2026-10-01 12:03:11,949 - INFO - --- training epoch 11, loss 21.6929, mae 22.1894, rmse 26.1504, time elapsed(min) 0.01---
2026-10-01 12:03:12,112 - INFO - --- validation at epoch 11, val_loss 22.2942, val_mae 21.8890, val_rmse 25.3580, val_r2 0.0894, val_pearson 0.3027, lr 1.00e-03 ---
2026-10-01 12:03:12,113 - INFO - 
****************************************************************************************************
2026-10-01 12:03:13,231 - INFO - --- training epoch 12, loss 21.5552, mae 22.0520, rmse 25.9257, time elapsed(min) 0.01---
2026-10-01 12:03:13,394 - INFO - --- validation at epoch 12, val_loss 22.3146, val_mae 22.1962, val_rmse 25.3847, val_r2 0.0874, val_pearson 0.3215, lr 1.00e-03 ---
2026-10-01 12:03:13,394 - INFO - 
****************************************************************************************************
2026-10-01 12:03:14,533 - INFO - --- training epoch 13, loss 21.7326, mae 22.2277, rmse 26.1711, time elapsed(min) 0.01---
2026-10-01 12:03:14,703 - INFO - --- validation at epoch 13, val_loss 22.2272, val_mae 21.8012, val_rmse 25.2530, val_r2 0.0969, val_pearson 0.3170, lr 1.00e-03 ---
2026-10-01 12:03:14,703 - INFO - 
****************************************************************************************************
2026-10-01 12:03:16,213 - INFO - --- training epoch 14, loss 21.6741, mae 22.1706, rmse 26.1802, time elapsed(min) 0.02---
2026-10-01 12:03:16,370 - INFO - --- validation at epoch 14, val_loss 22.3054, val_mae 21.8859, val_rmse 25.1871, val_r2 0.1016, val_pearson 0.3204, lr 1.00e-03 ---
2026-10-01 12:03:16,370 - INFO - 
****************************************************************************************************
2026-10-01 12:03:17,699 - INFO - --- training epoch 15, loss 21.5482, mae 22.0459, rmse 25.8711, time elapsed(min) 0.02---
2026-10-01 12:03:17,866 - INFO - --- validation at epoch 15, val_loss 22.2206, val_mae 21.9120, val_rmse 25.0013, val_r2 0.1148, val_pearson 0.3523, lr 1.00e-03 ---
2026-10-01 12:03:17,867 - INFO - 
****************************************************************************************************
2026-10-01 12:03:19,292 - INFO - --- training epoch 16, loss 21.6171, mae 22.1141, rmse 26.1504, time elapsed(min) 0.02---
2026-10-01 12:03:19,470 - INFO - --- validation at epoch 16, val_loss 22.6027, val_mae 22.8465, val_rmse 26.1662, val_r2 0.0304, val_pearson 0.3344, lr 1.00e-03 ---
2026-10-01 12:03:19,470 - INFO - 
****************************************************************************************************
2026-10-01 12:03:20,748 - INFO - --- training epoch 17, loss 21.5208, mae 22.0180, rmse 25.9085, time elapsed(min) 0.01---
2026-10-01 12:03:20,919 - INFO - --- validation at epoch 17, val_loss 21.9287, val_mae 21.8354, val_rmse 25.2195, val_r2 0.0993, val_pearson 0.3481, lr 1.00e-03 ---
2026-10-01 12:03:20,919 - INFO - 
****************************************************************************************************
2026-10-01 12:03:22,156 - INFO - --- training epoch 18, loss 21.5464, mae 22.0413, rmse 25.9728, time elapsed(min) 0.01---
2026-10-01 12:03:22,321 - INFO - --- validation at epoch 18, val_loss 21.6820, val_mae 21.2080, val_rmse 24.7113, val_r2 0.1352, val_pearson 0.3761, lr 1.00e-03 ---
2026-10-01 12:03:22,321 - INFO - 
****************************************************************************************************
2026-10-01 12:03:23,700 - INFO - --- training epoch 19, loss 21.6382, mae 22.1329, rmse 26.0709, time elapsed(min) 0.02---
2026-10-01 12:03:23,865 - INFO - --- validation at epoch 19, val_loss 21.8786, val_mae 21.1726, val_rmse 24.5935, val_r2 0.1434, val_pearson 0.3815, lr 1.00e-03 ---
2026-10-01 12:03:23,865 - INFO - 
****************************************************************************************************
2026-10-01 12:03:25,213 - INFO - --- training epoch 20, loss 21.2387, mae 21.7349, rmse 25.7325, time elapsed(min) 0.02---
2026-10-01 12:03:25,376 - INFO - --- validation at epoch 20, val_loss 21.8428, val_mae 21.7238, val_rmse 25.0020, val_r2 0.1147, val_pearson 0.3903, lr 1.00e-03 ---
2026-10-01 12:03:25,377 - INFO - 
****************************************************************************************************
2026-10-01 12:03:26,695 - INFO - --- training epoch 21, loss 20.8336, mae 21.3311, rmse 25.1467, time elapsed(min) 0.02---
2026-10-01 12:03:26,865 - INFO - --- validation at epoch 21, val_loss 21.9096, val_mae 22.2800, val_rmse 26.0839, val_r2 0.0365, val_pearson 0.4193, lr 1.00e-03 ---
2026-10-01 12:03:26,865 - INFO - 
****************************************************************************************************
2026-10-01 12:03:28,379 - INFO - --- training epoch 22, loss 21.0977, mae 21.5943, rmse 25.5562, time elapsed(min) 0.02---
2026-10-01 12:03:28,552 - INFO - --- validation at epoch 22, val_loss 22.2354, val_mae 22.0166, val_rmse 25.1621, val_r2 0.1034, val_pearson 0.3721, lr 1.00e-03 ---
2026-10-01 12:03:28,552 - INFO - 
****************************************************************************************************
2026-10-01 12:03:29,676 - INFO - --- training epoch 23, loss 20.6670, mae 21.1638, rmse 25.1721, time elapsed(min) 0.01---
2026-10-01 12:03:29,854 - INFO - --- validation at epoch 23, val_loss 21.5566, val_mae 21.3961, val_rmse 24.6161, val_r2 0.1419, val_pearson 0.4066, lr 1.00e-03 ---
2026-10-01 12:03:29,854 - INFO - 
****************************************************************************************************
2026-10-01 12:03:31,215 - INFO - --- training epoch 24, loss 20.6061, mae 21.1021, rmse 25.1160, time elapsed(min) 0.01---
2026-10-01 12:03:31,379 - INFO - --- validation at epoch 24, val_loss 21.2990, val_mae 21.1051, val_rmse 24.5942, val_r2 0.1434, val_pearson 0.4247, lr 1.00e-03 ---
2026-10-01 12:03:31,380 - INFO - 
****************************************************************************************************
2026-10-01 12:03:32,889 - INFO - --- training epoch 25, loss 20.4100, mae 20.9063, rmse 25.1093, time elapsed(min) 0.02---
2026-10-01 12:03:33,070 - INFO - --- validation at epoch 25, val_loss 20.9959, val_mae 21.0045, val_rmse 24.8992, val_r2 0.1220, val_pearson 0.4173, lr 1.00e-03 ---
2026-10-01 12:03:33,070 - INFO - 
****************************************************************************************************
2026-10-01 12:03:34,470 - INFO - --- training epoch 26, loss 20.4712, mae 20.9651, rmse 25.3344, time elapsed(min) 0.02---
2026-10-01 12:03:34,634 - INFO - --- validation at epoch 26, val_loss 21.1672, val_mae 21.0097, val_rmse 24.5200, val_r2 0.1485, val_pearson 0.4073, lr 1.00e-03 ---
2026-10-01 12:03:34,634 - INFO - 
****************************************************************************************************
2026-10-01 12:03:36,146 - INFO - --- training epoch 27, loss 20.6683, mae 21.1631, rmse 25.6384, time elapsed(min) 0.02---
2026-10-01 12:03:36,307 - INFO - --- validation at epoch 27, val_loss 21.0481, val_mae 20.6418, val_rmse 24.7044, val_r2 0.1357, val_pearson 0.4326, lr 1.00e-03 ---
2026-10-01 12:03:36,307 - INFO - 
****************************************************************************************************
2026-10-01 12:03:37,488 - INFO - --- training epoch 28, loss 20.4290, mae 20.9234, rmse 25.2116, time elapsed(min) 0.01---
2026-10-01 12:03:37,655 - INFO - --- validation at epoch 28, val_loss 22.1212, val_mae 22.6809, val_rmse 26.7642, val_r2 -0.0145, val_pearson 0.3974, lr 1.00e-03 ---
2026-10-01 12:03:37,655 - INFO - 
****************************************************************************************************
2026-10-01 12:03:38,809 - INFO - --- training epoch 29, loss 20.5818, mae 21.0785, rmse 25.1936, time elapsed(min) 0.01---
2026-10-01 12:03:38,988 - INFO - --- validation at epoch 29, val_loss 20.9778, val_mae 20.2428, val_rmse 24.0703, val_r2 0.1795, val_pearson 0.4462, lr 1.00e-03 ---
2026-10-01 12:03:38,989 - INFO - 
****************************************************************************************************
2026-10-01 12:03:40,452 - INFO - --- training epoch 30, loss 20.9860, mae 21.4817, rmse 26.1000, time elapsed(min) 0.02---
2026-10-01 12:03:40,628 - INFO - --- validation at epoch 30, val_loss 22.0317, val_mae 21.5902, val_rmse 25.3344, val_r2 0.0910, val_pearson 0.4197, lr 1.00e-03 ---
2026-10-01 12:03:40,628 - INFO - 
****************************************************************************************************
2026-10-01 12:03:41,975 - INFO - --- training epoch 31, loss 21.3741, mae 21.8691, rmse 27.1039, time elapsed(min) 0.02---
2026-10-01 12:03:42,143 - INFO - --- validation at epoch 31, val_loss 21.2684, val_mae 21.1178, val_rmse 24.5425, val_r2 0.1470, val_pearson 0.4180, lr 1.00e-03 ---
2026-10-01 12:03:42,143 - INFO - 
****************************************************************************************************
2026-10-01 12:03:43,689 - INFO - --- training epoch 32, loss 21.1711, mae 21.6683, rmse 25.7467, time elapsed(min) 0.02---
2026-10-01 12:03:43,856 - INFO - --- validation at epoch 32, val_loss 21.0461, val_mae 20.1443, val_rmse 23.7578, val_r2 0.2007, val_pearson 0.4495, lr 1.00e-03 ---
2026-10-01 12:03:43,856 - INFO - 
****************************************************************************************************
2026-10-01 12:03:45,004 - INFO - --- training epoch 33, loss 20.2833, mae 20.7797, rmse 25.5500, time elapsed(min) 0.01---
2026-10-01 12:03:45,175 - INFO - --- validation at epoch 33, val_loss 23.9743, val_mae 23.2108, val_rmse 26.3682, val_r2 0.0154, val_pearson 0.2591, lr 1.00e-03 ---
2026-10-01 12:03:45,175 - INFO - 
****************************************************************************************************
2026-10-01 12:03:46,458 - INFO - --- training epoch 34, loss 22.9301, mae 23.4241, rmse 28.9696, time elapsed(min) 0.01---
2026-10-01 12:03:46,619 - INFO - --- validation at epoch 34, val_loss 24.0008, val_mae 24.5845, val_rmse 28.9222, val_r2 -0.1846, val_pearson 0.3920, lr 1.00e-03 ---
2026-10-01 12:03:46,620 - INFO - 
****************************************************************************************************
2026-10-01 12:03:47,971 - INFO - --- training epoch 35, loss 21.7292, mae 22.2258, rmse 27.4016, time elapsed(min) 0.02---
2026-10-01 12:03:48,142 - INFO - --- validation at epoch 35, val_loss 21.5681, val_mae 20.7691, val_rmse 24.8203, val_r2 0.1276, val_pearson 0.3937, lr 1.00e-03 ---
2026-10-01 12:03:48,142 - INFO - 
****************************************************************************************************
2026-10-01 12:03:49,642 - INFO - --- training epoch 36, loss 21.1442, mae 21.6410, rmse 26.2567, time elapsed(min) 0.02---
2026-10-01 12:03:49,809 - INFO - --- validation at epoch 36, val_loss 21.6080, val_mae 21.0937, val_rmse 24.9011, val_r2 0.1219, val_pearson 0.3968, lr 1.00e-03 ---
2026-10-01 12:03:49,809 - INFO - 
****************************************************************************************************
2026-10-01 12:03:51,115 - INFO - --- training epoch 37, loss 21.1299, mae 21.6262, rmse 26.2925, time elapsed(min) 0.01---
2026-10-01 12:03:51,282 - INFO - --- validation at epoch 37, val_loss 21.5398, val_mae 20.9741, val_rmse 24.7912, val_r2 0.1296, val_pearson 0.3954, lr 1.00e-03 ---
2026-10-01 12:03:51,282 - INFO - 
****************************************************************************************************
2026-10-01 12:03:52,453 - INFO - --- training epoch 38, loss 20.9951, mae 21.4913, rmse 26.1348, time elapsed(min) 0.01---
2026-10-01 12:03:52,616 - INFO - --- validation at epoch 38, val_loss 21.4494, val_mae 20.9348, val_rmse 24.8707, val_r2 0.1240, val_pearson 0.3987, lr 1.00e-03 ---
2026-10-01 12:03:52,617 - INFO - 
****************************************************************************************************
2026-10-01 12:03:53,931 - INFO - --- training epoch 39, loss 21.0717, mae 21.5681, rmse 26.2137, time elapsed(min) 0.02---
2026-10-01 12:03:54,099 - INFO - --- validation at epoch 39, val_loss 21.4771, val_mae 20.8894, val_rmse 24.6935, val_r2 0.1365, val_pearson 0.4013, lr 1.00e-03 ---
2026-10-01 12:03:54,099 - INFO - 
****************************************************************************************************
2026-10-01 12:03:54,495 - INFO - --- early stopping at epoch 39: val_loss did not improve for 10 epochs ---
2026-10-01 12:03:54,705 - INFO - --- selected checkpoint from epoch 29, val_loss 20.9778, val_mae 20.2428, val_rmse 24.0703
2026-10-01 12:03:55,312 - INFO - -- RESULT
2026-10-01 12:03:55,313 - INFO - --- test size: 1187
2026-10-01 12:03:55,313 - INFO - --- MAE: 21.6647 pp, RMSE: 25.2476 pp, R2: 0.1325, Pearson: 0.3772
2026-10-01 12:03:56,384 - INFO - --- Cell approach_1_linear DONE: test MAE=21.6647 RMSE=25.2476 R2=0.1325 | sec/epoch=1.50
2026-10-01 12:03:56,397 - INFO - === RUNNING: dataset=bh split=fullcv06_split70 cell=approach_1_mlp (tokens=comb, pooling=rn, head=mlp) ===
