2026-10-01 14:56:56,308 - INFO - device is	cuda:0
2026-10-01 14:56:56,415 - INFO - -- CONFIGURATIONS
2026-10-01 14:56:56,415 - INFO - --- train/valid/test: 3628/404/1728
2026-10-01 14:56:56,415 - INFO - --- max no. reactants_train, valid, test respectively: 14, 14, 14
2026-10-01 14:56:56,415 - INFO - --- max no. products_train, valid, test respectively: 1, 1, 1
2026-10-01 14:56:56,415 - INFO - --- model_path: ../logs/suzuki_approach1_grid/runs/suzuki/split_1/approach_1_mlp/model.pt
2026-10-01 14:56:56,423 - INFO - -- TRAINING
2026-10-01 14:57:00,088 - INFO - --- training epoch 0, loss 0.9251, mae 1.2288, rmse 2.9559, time elapsed(min) 0.06---
2026-10-01 14:57:00,413 - INFO - --- validation at epoch 0, val_loss 0.0387, val_mae 0.2311, val_rmse 0.2710, val_r2 -0.0033, val_pearson 0.0336, lr 1.00e-03 ---
2026-10-01 14:57:00,413 - INFO - 
****************************************************************************************************
2026-10-01 14:57:04,374 - INFO - --- training epoch 1, loss 0.0415, mae 0.2488, rmse 0.2880, time elapsed(min) 0.06---
2026-10-01 14:57:04,695 - INFO - --- validation at epoch 1, val_loss 0.0385, val_mae 0.2362, val_rmse 0.2717, val_r2 -0.0079, val_pearson 0.1395, lr 1.00e-03 ---
2026-10-01 14:57:04,695 - INFO - 
****************************************************************************************************
2026-10-01 14:57:08,645 - INFO - --- training epoch 2, loss 0.0404, mae 0.2459, rmse 0.2842, time elapsed(min) 0.06---
2026-10-01 14:57:09,103 - INFO - --- validation at epoch 2, val_loss 0.0385, val_mae 0.2355, val_rmse 0.2713, val_r2 -0.0053, val_pearson 0.1616, lr 1.00e-03 ---
2026-10-01 14:57:09,103 - INFO - 
****************************************************************************************************
2026-10-01 14:57:13,352 - INFO - --- training epoch 3, loss 0.0401, mae 0.2461, rmse 0.2831, time elapsed(min) 0.06---
2026-10-01 14:57:13,673 - INFO - --- validation at epoch 3, val_loss 0.0384, val_mae 0.2330, val_rmse 0.2705, val_r2 0.0011, val_pearson 0.1770, lr 1.00e-03 ---
2026-10-01 14:57:13,673 - INFO - 
****************************************************************************************************
2026-10-01 14:57:17,640 - INFO - --- training epoch 4, loss 0.0403, mae 0.2467, rmse 0.2839, time elapsed(min) 0.06---
2026-10-01 14:57:17,963 - INFO - --- validation at epoch 4, val_loss 0.0385, val_mae 0.2359, val_rmse 0.2714, val_r2 -0.0062, val_pearson 0.1898, lr 1.00e-03 ---
2026-10-01 14:57:17,963 - INFO - 
****************************************************************************************************
2026-10-01 14:57:21,831 - INFO - --- training epoch 5, loss 0.0399, mae 0.2460, rmse 0.2826, time elapsed(min) 0.06---
2026-10-01 14:57:22,159 - INFO - --- validation at epoch 5, val_loss 0.0385, val_mae 0.2365, val_rmse 0.2717, val_r2 -0.0083, val_pearson 0.2018, lr 1.00e-03 ---
2026-10-01 14:57:22,159 - INFO - 
****************************************************************************************************
2026-10-01 14:57:26,194 - INFO - --- training epoch 6, loss 0.0400, mae 0.2457, rmse 0.2827, time elapsed(min) 0.06---
2026-10-01 14:57:26,671 - INFO - --- validation at epoch 6, val_loss 0.0385, val_mae 0.2368, val_rmse 0.2718, val_r2 -0.0092, val_pearson 0.2068, lr 1.00e-03 ---
2026-10-01 14:57:26,671 - INFO - 
****************************************************************************************************
2026-10-01 14:57:30,649 - INFO - --- training epoch 7, loss 0.0413, mae 0.2476, rmse 0.2872, time elapsed(min) 0.06---
2026-10-01 14:57:30,971 - INFO - --- validation at epoch 7, val_loss 0.0388, val_mae 0.2385, val_rmse 0.2730, val_r2 -0.0179, val_pearson 0.2144, lr 1.00e-03 ---
2026-10-01 14:57:30,971 - INFO - 
****************************************************************************************************
2026-10-01 14:57:34,907 - INFO - --- training epoch 8, loss 0.0402, mae 0.2466, rmse 0.2834, time elapsed(min) 0.06---
2026-10-01 14:57:35,250 - INFO - --- validation at epoch 8, val_loss 0.0384, val_mae 0.2358, val_rmse 0.2711, val_r2 -0.0035, val_pearson 0.2110, lr 1.00e-03 ---
2026-10-01 14:57:35,250 - INFO - 
****************************************************************************************************
2026-10-01 14:57:39,270 - INFO - --- training epoch 9, loss 0.0399, mae 0.2454, rmse 0.2824, time elapsed(min) 0.06---
2026-10-01 14:57:39,718 - INFO - --- validation at epoch 9, val_loss 0.0383, val_mae 0.2362, val_rmse 0.2708, val_r2 -0.0013, val_pearson 0.2073, lr 1.00e-03 ---
2026-10-01 14:57:39,718 - INFO - 
****************************************************************************************************
2026-10-01 14:57:43,957 - INFO - --- training epoch 10, loss 0.0395, mae 0.2445, rmse 0.2812, time elapsed(min) 0.06---
2026-10-01 14:57:44,282 - INFO - --- validation at epoch 10, val_loss 0.0377, val_mae 0.2339, val_rmse 0.2683, val_r2 0.0169, val_pearson 0.2215, lr 1.00e-03 ---
2026-10-01 14:57:44,282 - INFO - 
****************************************************************************************************
2026-10-01 14:57:48,305 - INFO - --- training epoch 11, loss 0.0396, mae 0.2439, rmse 0.2813, time elapsed(min) 0.06---
2026-10-01 14:57:48,626 - INFO - --- validation at epoch 11, val_loss 0.0375, val_mae 0.2315, val_rmse 0.2671, val_r2 0.0255, val_pearson 0.2240, lr 1.00e-03 ---
2026-10-01 14:57:48,626 - INFO - 
****************************************************************************************************
2026-10-01 14:57:52,632 - INFO - --- training epoch 12, loss 0.0394, mae 0.2431, rmse 0.2807, time elapsed(min) 0.06---
2026-10-01 14:57:52,956 - INFO - --- validation at epoch 12, val_loss 0.0382, val_mae 0.2381, val_rmse 0.2710, val_r2 -0.0030, val_pearson 0.2392, lr 1.00e-03 ---
2026-10-01 14:57:52,956 - INFO - 
****************************************************************************************************
2026-10-01 14:57:56,978 - INFO - --- training epoch 13, loss 0.0390, mae 0.2409, rmse 0.2792, time elapsed(min) 0.06---
2026-10-01 14:57:57,558 - INFO - --- validation at epoch 13, val_loss 0.0388, val_mae 0.2425, val_rmse 0.2748, val_r2 -0.0312, val_pearson 0.2677, lr 1.00e-03 ---
2026-10-01 14:57:57,559 - INFO - 
****************************************************************************************************
2026-10-01 14:58:01,488 - INFO - --- training epoch 14, loss 0.0387, mae 0.2399, rmse 0.2780, time elapsed(min) 0.06---
2026-10-01 14:58:01,818 - INFO - --- validation at epoch 14, val_loss 0.0372, val_mae 0.2352, val_rmse 0.2679, val_r2 0.0199, val_pearson 0.2948, lr 1.00e-03 ---
2026-10-01 14:58:01,818 - INFO - 
****************************************************************************************************
2026-10-01 14:58:05,819 - INFO - --- training epoch 15, loss 0.0379, mae 0.2371, rmse 0.2752, time elapsed(min) 0.06---
2026-10-01 14:58:06,141 - INFO - --- validation at epoch 15, val_loss 0.0357, val_mae 0.2278, val_rmse 0.2618, val_r2 0.0643, val_pearson 0.3122, lr 1.00e-03 ---
2026-10-01 14:58:06,141 - INFO - 
****************************************************************************************************
2026-10-01 14:58:10,162 - INFO - --- training epoch 16, loss 0.0383, mae 0.2375, rmse 0.2767, time elapsed(min) 0.06---
2026-10-01 14:58:10,639 - INFO - --- validation at epoch 16, val_loss 0.0368, val_mae 0.2349, val_rmse 0.2673, val_r2 0.0240, val_pearson 0.3223, lr 1.00e-03 ---
2026-10-01 14:58:10,639 - INFO - 
****************************************************************************************************
2026-10-01 14:58:14,639 - INFO - --- training epoch 17, loss 0.0386, mae 0.2385, rmse 0.2778, time elapsed(min) 0.06---
2026-10-01 14:58:14,964 - INFO - --- validation at epoch 17, val_loss 0.0363, val_mae 0.2246, val_rmse 0.2619, val_r2 0.0630, val_pearson 0.3009, lr 1.00e-03 ---
2026-10-01 14:58:14,964 - INFO - 
****************************************************************************************************
2026-10-01 14:58:18,849 - INFO - --- training epoch 18, loss 0.0375, mae 0.2350, rmse 0.2739, time elapsed(min) 0.06---
2026-10-01 14:58:19,172 - INFO - --- validation at epoch 18, val_loss 0.0357, val_mae 0.2279, val_rmse 0.2620, val_r2 0.0626, val_pearson 0.3294, lr 1.00e-03 ---
2026-10-01 14:58:19,172 - INFO - 
****************************************************************************************************
2026-10-01 14:58:23,181 - INFO - --- training epoch 19, loss 0.0382, mae 0.2355, rmse 0.2765, time elapsed(min) 0.06---
2026-10-01 14:58:23,659 - INFO - --- validation at epoch 19, val_loss 0.0368, val_mae 0.2311, val_rmse 0.2655, val_r2 0.0371, val_pearson 0.3256, lr 1.00e-03 ---
2026-10-01 14:58:23,659 - INFO - 
****************************************************************************************************
2026-10-01 14:58:27,802 - INFO - --- training epoch 20, loss 0.0378, mae 0.2364, rmse 0.2749, time elapsed(min) 0.06---
2026-10-01 14:58:28,121 - INFO - --- validation at epoch 20, val_loss 0.0366, val_mae 0.2321, val_rmse 0.2661, val_r2 0.0328, val_pearson 0.2530, lr 1.00e-03 ---
2026-10-01 14:58:28,121 - INFO - 
****************************************************************************************************
2026-10-01 14:58:31,997 - INFO - --- training epoch 21, loss 0.0387, mae 0.2413, rmse 0.2783, time elapsed(min) 0.06---
2026-10-01 14:58:32,319 - INFO - --- validation at epoch 21, val_loss 0.0358, val_mae 0.2288, val_rmse 0.2627, val_r2 0.0575, val_pearson 0.2872, lr 1.00e-03 ---
2026-10-01 14:58:32,319 - INFO - 
****************************************************************************************************
2026-10-01 14:58:36,229 - INFO - --- training epoch 22, loss 0.0397, mae 0.2396, rmse 0.2817, time elapsed(min) 0.06---
2026-10-01 14:58:36,608 - INFO - --- validation at epoch 22, val_loss 0.0380, val_mae 0.2354, val_rmse 0.2701, val_r2 0.0037, val_pearson 0.1745, lr 1.00e-03 ---
2026-10-01 14:58:36,608 - INFO - 
****************************************************************************************************
2026-10-01 14:58:40,679 - INFO - --- training epoch 23, loss 0.0383, mae 0.2389, rmse 0.2769, time elapsed(min) 0.06---
2026-10-01 14:58:41,153 - INFO - --- validation at epoch 23, val_loss 0.0342, val_mae 0.2273, val_rmse 0.2611, val_r2 0.0692, val_pearson 0.3618, lr 1.00e-03 ---
2026-10-01 14:58:41,153 - INFO - 
****************************************************************************************************
2026-10-01 14:58:45,268 - INFO - --- training epoch 24, loss 0.0344, mae 0.2193, rmse 0.2625, time elapsed(min) 0.06---
2026-10-01 14:58:45,589 - INFO - --- validation at epoch 24, val_loss 0.0301, val_mae 0.1997, val_rmse 0.2423, val_r2 0.1981, val_pearson 0.4506, lr 1.00e-03 ---
2026-10-01 14:58:45,589 - INFO - 
****************************************************************************************************
2026-10-01 14:58:49,592 - INFO - --- training epoch 25, loss 0.0334, mae 0.2133, rmse 0.2585, time elapsed(min) 0.06---
2026-10-01 14:58:49,914 - INFO - --- validation at epoch 25, val_loss 0.0266, val_mae 0.1927, val_rmse 0.2282, val_r2 0.2890, val_pearson 0.5588, lr 1.00e-03 ---
2026-10-01 14:58:49,914 - INFO - 
****************************************************************************************************
2026-10-01 14:58:53,949 - INFO - --- training epoch 26, loss 0.0293, mae 0.1943, rmse 0.2420, time elapsed(min) 0.06---
2026-10-01 14:58:54,426 - INFO - --- validation at epoch 26, val_loss 0.0236, val_mae 0.1788, val_rmse 0.2166, val_r2 0.3595, val_pearson 0.6489, lr 1.00e-03 ---
2026-10-01 14:58:54,426 - INFO - 
****************************************************************************************************
2026-10-01 14:58:58,548 - INFO - --- training epoch 27, loss 0.0268, mae 0.1836, rmse 0.2316, time elapsed(min) 0.06---
2026-10-01 14:58:58,870 - INFO - --- validation at epoch 27, val_loss 0.0268, val_mae 0.1805, val_rmse 0.2241, val_r2 0.3142, val_pearson 0.5629, lr 1.00e-03 ---
2026-10-01 14:58:58,871 - INFO - 
****************************************************************************************************
2026-10-01 14:59:02,821 - INFO - --- training epoch 28, loss 0.0276, mae 0.1856, rmse 0.2350, time elapsed(min) 0.06---
2026-10-01 14:59:03,146 - INFO - --- validation at epoch 28, val_loss 0.0203, val_mae 0.1581, val_rmse 0.1981, val_r2 0.4639, val_pearson 0.6828, lr 1.00e-03 ---
2026-10-01 14:59:03,146 - INFO - 
****************************************************************************************************
2026-10-01 14:59:07,283 - INFO - --- training epoch 29, loss 0.0243, mae 0.1732, rmse 0.2207, time elapsed(min) 0.06---
2026-10-01 14:59:07,764 - INFO - --- validation at epoch 29, val_loss 0.0211, val_mae 0.1575, val_rmse 0.2003, val_r2 0.4522, val_pearson 0.6763, lr 1.00e-03 ---
2026-10-01 14:59:07,764 - INFO - 
****************************************************************************************************
2026-10-01 14:59:11,925 - INFO - --- training epoch 30, loss 0.0242, mae 0.1725, rmse 0.2198, time elapsed(min) 0.06---
2026-10-01 14:59:12,245 - INFO - --- validation at epoch 30, val_loss 0.0204, val_mae 0.1549, val_rmse 0.1989, val_r2 0.4598, val_pearson 0.6812, lr 1.00e-03 ---
2026-10-01 14:59:12,245 - INFO - 
****************************************************************************************************
2026-10-01 14:59:16,151 - INFO - --- training epoch 31, loss 0.0224, mae 0.1644, rmse 0.2116, time elapsed(min) 0.06---
2026-10-01 14:59:16,476 - INFO - --- validation at epoch 31, val_loss 0.0206, val_mae 0.1538, val_rmse 0.1991, val_r2 0.4589, val_pearson 0.6845, lr 1.00e-03 ---
2026-10-01 14:59:16,476 - INFO - 
****************************************************************************************************
2026-10-01 14:59:20,378 - INFO - --- training epoch 32, loss 0.0224, mae 0.1647, rmse 0.2115, time elapsed(min) 0.06---
2026-10-01 14:59:20,752 - INFO - --- validation at epoch 32, val_loss 0.0204, val_mae 0.1551, val_rmse 0.1979, val_r2 0.4654, val_pearson 0.6850, lr 1.00e-03 ---
2026-10-01 14:59:20,752 - INFO - 
****************************************************************************************************
2026-10-01 14:59:24,904 - INFO - --- training epoch 33, loss 0.0223, mae 0.1644, rmse 0.2110, time elapsed(min) 0.06---
2026-10-01 14:59:25,224 - INFO - --- validation at epoch 33, val_loss 0.0189, val_mae 0.1488, val_rmse 0.1903, val_r2 0.5052, val_pearson 0.7131, lr 1.00e-03 ---
2026-10-01 14:59:25,225 - INFO - 
****************************************************************************************************
2026-10-01 14:59:29,222 - INFO - --- training epoch 34, loss 0.0219, mae 0.1626, rmse 0.2093, time elapsed(min) 0.06---
2026-10-01 14:59:29,548 - INFO - --- validation at epoch 34, val_loss 0.0193, val_mae 0.1517, val_rmse 0.1940, val_r2 0.4862, val_pearson 0.6985, lr 1.00e-03 ---
2026-10-01 14:59:29,548 - INFO - 
****************************************************************************************************
2026-10-01 14:59:33,468 - INFO - --- training epoch 35, loss 0.0210, mae 0.1592, rmse 0.2047, time elapsed(min) 0.06---
2026-10-01 14:59:33,796 - INFO - --- validation at epoch 35, val_loss 0.0185, val_mae 0.1453, val_rmse 0.1882, val_r2 0.5164, val_pearson 0.7188, lr 1.00e-03 ---
2026-10-01 14:59:33,796 - INFO - 
****************************************************************************************************
2026-10-01 14:59:37,958 - INFO - --- training epoch 36, loss 0.0207, mae 0.1571, rmse 0.2032, time elapsed(min) 0.06---
2026-10-01 14:59:38,432 - INFO - --- validation at epoch 36, val_loss 0.0221, val_mae 0.1654, val_rmse 0.2090, val_r2 0.4037, val_pearson 0.7065, lr 1.00e-03 ---
2026-10-01 14:59:38,432 - INFO - 
****************************************************************************************************
2026-10-01 14:59:42,454 - INFO - --- training epoch 37, loss 0.0205, mae 0.1572, rmse 0.2023, time elapsed(min) 0.06---
2026-10-01 14:59:42,778 - INFO - --- validation at epoch 37, val_loss 0.0176, val_mae 0.1432, val_rmse 0.1828, val_r2 0.5435, val_pearson 0.7396, lr 1.00e-03 ---
2026-10-01 14:59:42,778 - INFO - 
****************************************************************************************************
2026-10-01 14:59:46,777 - INFO - --- training epoch 38, loss 0.0208, mae 0.1571, rmse 0.2041, time elapsed(min) 0.06---
2026-10-01 14:59:47,101 - INFO - --- validation at epoch 38, val_loss 0.0206, val_mae 0.1529, val_rmse 0.1940, val_r2 0.4862, val_pearson 0.7021, lr 1.00e-03 ---
2026-10-01 14:59:47,101 - INFO - 
****************************************************************************************************
2026-10-01 14:59:51,162 - INFO - --- training epoch 39, loss 0.0196, mae 0.1534, rmse 0.1979, time elapsed(min) 0.06---
2026-10-01 14:59:51,641 - INFO - --- validation at epoch 39, val_loss 0.0171, val_mae 0.1406, val_rmse 0.1810, val_r2 0.5525, val_pearson 0.7443, lr 1.00e-03 ---
2026-10-01 14:59:51,641 - INFO - 
****************************************************************************************************
2026-10-01 14:59:55,749 - INFO - --- training epoch 40, loss 0.0192, mae 0.1507, rmse 0.1958, time elapsed(min) 0.06---
2026-10-01 14:59:56,073 - INFO - --- validation at epoch 40, val_loss 0.0162, val_mae 0.1362, val_rmse 0.1745, val_r2 0.5842, val_pearson 0.7652, lr 1.00e-03 ---
2026-10-01 14:59:56,073 - INFO - 
****************************************************************************************************
2026-10-01 15:00:00,078 - INFO - --- training epoch 41, loss 0.0182, mae 0.1461, rmse 0.1907, time elapsed(min) 0.06---
2026-10-01 15:00:00,399 - INFO - --- validation at epoch 41, val_loss 0.0151, val_mae 0.1312, val_rmse 0.1693, val_r2 0.6083, val_pearson 0.7804, lr 1.00e-03 ---
2026-10-01 15:00:00,399 - INFO - 
****************************************************************************************************
2026-10-01 15:00:04,443 - INFO - --- training epoch 42, loss 0.0177, mae 0.1446, rmse 0.1881, time elapsed(min) 0.06---
2026-10-01 15:00:04,959 - INFO - --- validation at epoch 42, val_loss 0.0155, val_mae 0.1337, val_rmse 0.1728, val_r2 0.5922, val_pearson 0.7708, lr 1.00e-03 ---
2026-10-01 15:00:04,959 - INFO - 
****************************************************************************************************
2026-10-01 15:00:08,968 - INFO - --- training epoch 43, loss 0.0181, mae 0.1455, rmse 0.1903, time elapsed(min) 0.06---
2026-10-01 15:00:09,316 - INFO - --- validation at epoch 43, val_loss 0.0168, val_mae 0.1416, val_rmse 0.1789, val_r2 0.5630, val_pearson 0.7555, lr 1.00e-03 ---
2026-10-01 15:00:09,316 - INFO - 
****************************************************************************************************
2026-10-01 15:00:13,229 - INFO - --- training epoch 44, loss 0.0175, mae 0.1438, rmse 0.1868, time elapsed(min) 0.06---
2026-10-01 15:00:13,553 - INFO - --- validation at epoch 44, val_loss 0.0157, val_mae 0.1355, val_rmse 0.1724, val_r2 0.5941, val_pearson 0.7778, lr 1.00e-03 ---
2026-10-01 15:00:13,553 - INFO - 
****************************************************************************************************
2026-10-01 15:00:17,539 - INFO - --- training epoch 45, loss 0.0174, mae 0.1431, rmse 0.1866, time elapsed(min) 0.06---
2026-10-01 15:00:17,994 - INFO - --- validation at epoch 45, val_loss 0.0151, val_mae 0.1348, val_rmse 0.1723, val_r2 0.5946, val_pearson 0.7729, lr 1.00e-03 ---
2026-10-01 15:00:17,994 - INFO - 
****************************************************************************************************
2026-10-01 15:00:22,260 - INFO - --- training epoch 46, loss 0.0168, mae 0.1402, rmse 0.1835, time elapsed(min) 0.06---
2026-10-01 15:00:22,582 - INFO - --- validation at epoch 46, val_loss 0.0152, val_mae 0.1328, val_rmse 0.1697, val_r2 0.6065, val_pearson 0.7839, lr 1.00e-03 ---
2026-10-01 15:00:22,582 - INFO - 
****************************************************************************************************
2026-10-01 15:00:26,490 - INFO - --- training epoch 47, loss 0.0170, mae 0.1418, rmse 0.1846, time elapsed(min) 0.06---
2026-10-01 15:00:26,818 - INFO - --- validation at epoch 47, val_loss 0.0149, val_mae 0.1325, val_rmse 0.1699, val_r2 0.6059, val_pearson 0.7795, lr 1.00e-03 ---
2026-10-01 15:00:26,818 - INFO - 
****************************************************************************************************
2026-10-01 15:00:30,866 - INFO - --- training epoch 48, loss 0.0172, mae 0.1420, rmse 0.1857, time elapsed(min) 0.06---
2026-10-01 15:00:31,243 - INFO - --- validation at epoch 48, val_loss 0.0170, val_mae 0.1389, val_rmse 0.1769, val_r2 0.5728, val_pearson 0.7624, lr 1.00e-03 ---
2026-10-01 15:00:31,243 - INFO - 
****************************************************************************************************
2026-10-01 15:00:35,299 - INFO - --- training epoch 49, loss 0.0171, mae 0.1419, rmse 0.1850, time elapsed(min) 0.06---
2026-10-01 15:00:35,889 - INFO - --- validation at epoch 49, val_loss 0.0147, val_mae 0.1293, val_rmse 0.1689, val_r2 0.6103, val_pearson 0.7820, lr 1.00e-03 ---
2026-10-01 15:00:35,890 - INFO - 
****************************************************************************************************
2026-10-01 15:00:39,889 - INFO - --- training epoch 50, loss 0.0170, mae 0.1413, rmse 0.1843, time elapsed(min) 0.06---
2026-10-01 15:00:40,215 - INFO - --- validation at epoch 50, val_loss 0.0150, val_mae 0.1331, val_rmse 0.1692, val_r2 0.6088, val_pearson 0.7852, lr 1.00e-03 ---
2026-10-01 15:00:40,215 - INFO - 
****************************************************************************************************
2026-10-01 15:00:44,126 - INFO - --- training epoch 51, loss 0.0169, mae 0.1399, rmse 0.1841, time elapsed(min) 0.06---
2026-10-01 15:00:44,447 - INFO - --- validation at epoch 51, val_loss 0.0149, val_mae 0.1333, val_rmse 0.1688, val_r2 0.6107, val_pearson 0.7913, lr 1.00e-03 ---
2026-10-01 15:00:44,447 - INFO - 
****************************************************************************************************
2026-10-01 15:00:48,520 - INFO - --- training epoch 52, loss 0.0169, mae 0.1396, rmse 0.1836, time elapsed(min) 0.06---
2026-10-01 15:00:49,024 - INFO - --- validation at epoch 52, val_loss 0.0156, val_mae 0.1348, val_rmse 0.1714, val_r2 0.5990, val_pearson 0.7885, lr 1.00e-03 ---
2026-10-01 15:00:49,024 - INFO - 
****************************************************************************************************
2026-10-01 15:00:53,068 - INFO - --- training epoch 53, loss 0.0162, mae 0.1373, rmse 0.1800, time elapsed(min) 0.06---
2026-10-01 15:00:53,395 - INFO - --- validation at epoch 53, val_loss 0.0152, val_mae 0.1330, val_rmse 0.1684, val_r2 0.6127, val_pearson 0.7922, lr 1.00e-03 ---
2026-10-01 15:00:53,395 - INFO - 
****************************************************************************************************
2026-10-01 15:00:57,308 - INFO - --- training epoch 54, loss 0.0170, mae 0.1409, rmse 0.1843, time elapsed(min) 0.06---
2026-10-01 15:00:57,628 - INFO - --- validation at epoch 54, val_loss 0.0141, val_mae 0.1296, val_rmse 0.1646, val_r2 0.6299, val_pearson 0.7994, lr 1.00e-03 ---
2026-10-01 15:00:57,628 - INFO - 
****************************************************************************************************
2026-10-01 15:01:01,735 - INFO - --- training epoch 55, loss 0.0175, mae 0.1427, rmse 0.1868, time elapsed(min) 0.06---
2026-10-01 15:01:02,217 - INFO - --- validation at epoch 55, val_loss 0.0155, val_mae 0.1306, val_rmse 0.1699, val_r2 0.6059, val_pearson 0.7796, lr 1.00e-03 ---
2026-10-01 15:01:02,217 - INFO - 
****************************************************************************************************
2026-10-01 15:01:06,273 - INFO - --- training epoch 56, loss 0.0174, mae 0.1432, rmse 0.1867, time elapsed(min) 0.06---
2026-10-01 15:01:06,595 - INFO - --- validation at epoch 56, val_loss 0.0157, val_mae 0.1372, val_rmse 0.1719, val_r2 0.5965, val_pearson 0.7860, lr 1.00e-03 ---
2026-10-01 15:01:06,595 - INFO - 
****************************************************************************************************
2026-10-01 15:01:10,502 - INFO - --- training epoch 57, loss 0.0171, mae 0.1413, rmse 0.1847, time elapsed(min) 0.06---
2026-10-01 15:01:10,824 - INFO - --- validation at epoch 57, val_loss 0.0150, val_mae 0.1296, val_rmse 0.1683, val_r2 0.6131, val_pearson 0.7860, lr 1.00e-03 ---
2026-10-01 15:01:10,824 - INFO - 
****************************************************************************************************
2026-10-01 15:01:14,768 - INFO - --- training epoch 58, loss 0.0165, mae 0.1386, rmse 0.1816, time elapsed(min) 0.06---
2026-10-01 15:01:15,264 - INFO - --- validation at epoch 58, val_loss 0.0144, val_mae 0.1299, val_rmse 0.1645, val_r2 0.6304, val_pearson 0.8003, lr 1.00e-03 ---
2026-10-01 15:01:15,264 - INFO - 
****************************************************************************************************
2026-10-01 15:01:19,426 - INFO - --- training epoch 59, loss 0.0165, mae 0.1380, rmse 0.1815, time elapsed(min) 0.06---
2026-10-01 15:01:19,750 - INFO - --- validation at epoch 59, val_loss 0.0150, val_mae 0.1289, val_rmse 0.1656, val_r2 0.6253, val_pearson 0.7950, lr 1.00e-03 ---
2026-10-01 15:01:19,750 - INFO - 
****************************************************************************************************
2026-10-01 15:01:23,652 - INFO - --- training epoch 60, loss 0.0176, mae 0.1429, rmse 0.1878, time elapsed(min) 0.06---
2026-10-01 15:01:23,973 - INFO - --- validation at epoch 60, val_loss 0.0141, val_mae 0.1271, val_rmse 0.1655, val_r2 0.6259, val_pearson 0.7912, lr 1.00e-03 ---
2026-10-01 15:01:23,974 - INFO - 
****************************************************************************************************
2026-10-01 15:01:27,905 - INFO - --- training epoch 61, loss 0.0164, mae 0.1388, rmse 0.1812, time elapsed(min) 0.06---
2026-10-01 15:01:28,284 - INFO - --- validation at epoch 61, val_loss 0.0152, val_mae 0.1328, val_rmse 0.1694, val_r2 0.6080, val_pearson 0.7960, lr 1.00e-03 ---
2026-10-01 15:01:28,284 - INFO - 
****************************************************************************************************
2026-10-01 15:01:32,467 - INFO - --- training epoch 62, loss 0.0169, mae 0.1401, rmse 0.1838, time elapsed(min) 0.07---
2026-10-01 15:01:32,794 - INFO - --- validation at epoch 62, val_loss 0.0141, val_mae 0.1257, val_rmse 0.1627, val_r2 0.6385, val_pearson 0.8021, lr 1.00e-03 ---
2026-10-01 15:01:32,794 - INFO - 
****************************************************************************************************
2026-10-01 15:01:36,724 - INFO - --- training epoch 63, loss 0.0158, mae 0.1356, rmse 0.1779, time elapsed(min) 0.06---
2026-10-01 15:01:37,050 - INFO - --- validation at epoch 63, val_loss 0.0138, val_mae 0.1236, val_rmse 0.1604, val_r2 0.6485, val_pearson 0.8095, lr 1.00e-03 ---
2026-10-01 15:01:37,051 - INFO - 
****************************************************************************************************
2026-10-01 15:01:41,107 - INFO - --- training epoch 64, loss 0.0169, mae 0.1398, rmse 0.1839, time elapsed(min) 0.06---
2026-10-01 15:01:41,439 - INFO - --- validation at epoch 64, val_loss 0.0143, val_mae 0.1275, val_rmse 0.1653, val_r2 0.6271, val_pearson 0.7993, lr 1.00e-03 ---
2026-10-01 15:01:41,439 - INFO - 
****************************************************************************************************
2026-10-01 15:01:45,528 - INFO - --- training epoch 65, loss 0.0167, mae 0.1386, rmse 0.1827, time elapsed(min) 0.06---
2026-10-01 15:01:46,024 - INFO - --- validation at epoch 65, val_loss 0.0159, val_mae 0.1309, val_rmse 0.1715, val_r2 0.5982, val_pearson 0.7766, lr 1.00e-03 ---
2026-10-01 15:01:46,024 - INFO - 
****************************************************************************************************
2026-10-01 15:01:50,029 - INFO - --- training epoch 66, loss 0.0166, mae 0.1394, rmse 0.1825, time elapsed(min) 0.06---
2026-10-01 15:01:50,375 - INFO - --- validation at epoch 66, val_loss 0.0148, val_mae 0.1331, val_rmse 0.1679, val_r2 0.6151, val_pearson 0.8016, lr 1.00e-03 ---
2026-10-01 15:01:50,375 - INFO - 
****************************************************************************************************
2026-10-01 15:01:54,345 - INFO - --- training epoch 67, loss 0.0169, mae 0.1397, rmse 0.1839, time elapsed(min) 0.06---
2026-10-01 15:01:54,681 - INFO - --- validation at epoch 67, val_loss 0.0161, val_mae 0.1385, val_rmse 0.1743, val_r2 0.5851, val_pearson 0.7951, lr 1.00e-03 ---
2026-10-01 15:01:54,681 - INFO - 
****************************************************************************************************
2026-10-01 15:01:58,642 - INFO - --- training epoch 68, loss 0.0164, mae 0.1378, rmse 0.1809, time elapsed(min) 0.06---
2026-10-01 15:01:59,122 - INFO - --- validation at epoch 68, val_loss 0.0139, val_mae 0.1245, val_rmse 0.1614, val_r2 0.6441, val_pearson 0.8043, lr 1.00e-03 ---
2026-10-01 15:01:59,123 - INFO - 
****************************************************************************************************
2026-10-01 15:02:03,298 - INFO - --- training epoch 69, loss 0.0161, mae 0.1364, rmse 0.1796, time elapsed(min) 0.07---
2026-10-01 15:02:03,624 - INFO - --- validation at epoch 69, val_loss 0.0149, val_mae 0.1322, val_rmse 0.1676, val_r2 0.6166, val_pearson 0.8048, lr 1.00e-03 ---
2026-10-01 15:02:03,624 - INFO - 
****************************************************************************************************
2026-10-01 15:02:07,531 - INFO - --- training epoch 70, loss 0.0165, mae 0.1374, rmse 0.1814, time elapsed(min) 0.06---
2026-10-01 15:02:07,858 - INFO - --- validation at epoch 70, val_loss 0.0155, val_mae 0.1372, val_rmse 0.1713, val_r2 0.5995, val_pearson 0.7989, lr 1.00e-03 ---
2026-10-01 15:02:07,858 - INFO - 
****************************************************************************************************
2026-10-01 15:02:11,811 - INFO - --- training epoch 71, loss 0.0160, mae 0.1355, rmse 0.1789, time elapsed(min) 0.06---
2026-10-01 15:02:12,190 - INFO - --- validation at epoch 71, val_loss 0.0141, val_mae 0.1268, val_rmse 0.1622, val_r2 0.6407, val_pearson 0.8057, lr 1.00e-03 ---
2026-10-01 15:02:12,190 - INFO - 
****************************************************************************************************
2026-10-01 15:02:16,341 - INFO - --- training epoch 72, loss 0.0170, mae 0.1391, rmse 0.1843, time elapsed(min) 0.06---
2026-10-01 15:02:16,664 - INFO - --- validation at epoch 72, val_loss 0.0177, val_mae 0.1435, val_rmse 0.1838, val_r2 0.5387, val_pearson 0.7719, lr 1.00e-03 ---
2026-10-01 15:02:16,664 - INFO - 
****************************************************************************************************
2026-10-01 15:02:20,598 - INFO - --- training epoch 73, loss 0.0168, mae 0.1384, rmse 0.1831, time elapsed(min) 0.06---
2026-10-01 15:02:20,922 - INFO - --- validation at epoch 73, val_loss 0.0145, val_mae 0.1319, val_rmse 0.1671, val_r2 0.6189, val_pearson 0.7994, lr 1.00e-03 ---
2026-10-01 15:02:20,922 - INFO - 
****************************************************************************************************
2026-10-01 15:02:21,192 - INFO - --- early stopping at epoch 73: val_loss did not improve for 10 epochs ---
2026-10-01 15:02:21,587 - INFO - --- selected checkpoint from epoch 63, val_loss 0.0138, val_mae 0.1236, val_rmse 0.1604
2026-10-01 15:02:22,702 - INFO - -- RESULT
2026-10-01 15:02:22,702 - INFO - --- test size: 1728
2026-10-01 15:02:22,702 - INFO - --- MAE: 0.1320 (13.20 pp), RMSE: 0.1729 (17.29 pp), R2: 0.6220, Pearson: 0.7947
2026-10-01 15:02:25,088 - INFO - --- Cell approach_1_mlp DONE: test MAE=0.1320 RMSE=0.1729 R2=0.6220 | sec/epoch=4.39
2026-10-01 15:02:25,102 - INFO - === RUNNING: dataset=suzuki split=split_1 cell=option_b_linear (tokens=ind, pooling=rn, head=linear) ===
