2026-10-01 17:09:21,203 - INFO - device is	cuda:0
2026-10-01 17:09:21,309 - INFO - -- CONFIGURATIONS
2026-10-01 17:09:21,309 - INFO - --- train/valid/test: 3628/404/1728
2026-10-01 17:09:21,309 - INFO - --- max no. reactants_train, valid, test respectively: 14, 14, 14
2026-10-01 17:09:21,309 - INFO - --- max no. products_train, valid, test respectively: 1, 1, 1
2026-10-01 17:09:21,309 - INFO - --- model_path: ../logs/suzuki_approach1_grid/runs/suzuki/split_7/option_b_mlp/model.pt
2026-10-01 17:09:21,318 - INFO - -- TRAINING
2026-10-01 17:09:22,673 - INFO - --- training epoch 0, loss 0.9222, mae 1.2360, rmse 2.8585, time elapsed(min) 0.02---
2026-10-01 17:09:22,886 - INFO - --- validation at epoch 0, val_loss 0.0446, val_mae 0.2652, val_rmse 0.3054, val_r2 -0.3141, val_pearson 0.1418, lr 1.00e-03 ---
2026-10-01 17:09:22,886 - INFO - 
****************************************************************************************************
2026-10-01 17:09:24,621 - INFO - --- training epoch 1, loss 0.0436, mae 0.2543, rmse 0.2952, time elapsed(min) 0.02---
2026-10-01 17:09:24,832 - INFO - --- validation at epoch 1, val_loss 0.0363, val_mae 0.2396, val_rmse 0.2721, val_r2 -0.0435, val_pearson 0.1589, lr 1.00e-03 ---
2026-10-01 17:09:24,833 - INFO - 
****************************************************************************************************
2026-10-01 17:09:26,493 - INFO - --- training epoch 2, loss 0.0413, mae 0.2494, rmse 0.2872, time elapsed(min) 0.02---
2026-10-01 17:09:26,818 - INFO - --- validation at epoch 2, val_loss 0.0354, val_mae 0.2340, val_rmse 0.2670, val_r2 -0.0049, val_pearson 0.1845, lr 1.00e-03 ---
2026-10-01 17:09:26,819 - INFO - 
****************************************************************************************************
2026-10-01 17:09:28,537 - INFO - --- training epoch 3, loss 0.0408, mae 0.2480, rmse 0.2856, time elapsed(min) 0.02---
2026-10-01 17:09:28,908 - INFO - --- validation at epoch 3, val_loss 0.0356, val_mae 0.2365, val_rmse 0.2689, val_r2 -0.0191, val_pearson 0.1818, lr 1.00e-03 ---
2026-10-01 17:09:28,908 - INFO - 
****************************************************************************************************
2026-10-01 17:09:30,569 - INFO - --- training epoch 4, loss 0.0410, mae 0.2486, rmse 0.2864, time elapsed(min) 0.02---
2026-10-01 17:09:30,779 - INFO - --- validation at epoch 4, val_loss 0.0353, val_mae 0.2337, val_rmse 0.2667, val_r2 -0.0024, val_pearson 0.1731, lr 1.00e-03 ---
2026-10-01 17:09:30,779 - INFO - 
****************************************************************************************************
2026-10-01 17:09:32,512 - INFO - --- training epoch 5, loss 0.0408, mae 0.2488, rmse 0.2858, time elapsed(min) 0.02---
2026-10-01 17:09:32,720 - INFO - --- validation at epoch 5, val_loss 0.0352, val_mae 0.2333, val_rmse 0.2664, val_r2 -0.0002, val_pearson 0.1604, lr 1.00e-03 ---
2026-10-01 17:09:32,720 - INFO - 
****************************************************************************************************
2026-10-01 17:09:34,396 - INFO - --- training epoch 6, loss 0.0404, mae 0.2471, rmse 0.2844, time elapsed(min) 0.02---
2026-10-01 17:09:34,728 - INFO - --- validation at epoch 6, val_loss 0.0352, val_mae 0.2332, val_rmse 0.2662, val_r2 0.0017, val_pearson 0.1514, lr 1.00e-03 ---
2026-10-01 17:09:34,728 - INFO - 
****************************************************************************************************
2026-10-01 17:09:36,629 - INFO - --- training epoch 7, loss 0.0406, mae 0.2474, rmse 0.2851, time elapsed(min) 0.03---
2026-10-01 17:09:37,136 - INFO - --- validation at epoch 7, val_loss 0.0356, val_mae 0.2368, val_rmse 0.2691, val_r2 -0.0208, val_pearson 0.1530, lr 1.00e-03 ---
2026-10-01 17:09:37,136 - INFO - 
****************************************************************************************************
2026-10-01 17:09:38,718 - INFO - --- training epoch 8, loss 0.0408, mae 0.2475, rmse 0.2855, time elapsed(min) 0.02---
2026-10-01 17:09:38,927 - INFO - --- validation at epoch 8, val_loss 0.0354, val_mae 0.2354, val_rmse 0.2678, val_r2 -0.0103, val_pearson 0.1405, lr 1.00e-03 ---
2026-10-01 17:09:38,927 - INFO - 
****************************************************************************************************
2026-10-01 17:09:40,532 - INFO - --- training epoch 9, loss 0.0405, mae 0.2471, rmse 0.2844, time elapsed(min) 0.02---
2026-10-01 17:09:40,746 - INFO - --- validation at epoch 9, val_loss 0.0348, val_mae 0.2302, val_rmse 0.2640, val_r2 0.0180, val_pearson 0.1705, lr 1.00e-03 ---
2026-10-01 17:09:40,746 - INFO - 
****************************************************************************************************
2026-10-01 17:09:42,608 - INFO - --- training epoch 10, loss 0.0404, mae 0.2464, rmse 0.2841, time elapsed(min) 0.02---
2026-10-01 17:09:42,989 - INFO - --- validation at epoch 10, val_loss 0.0347, val_mae 0.2298, val_rmse 0.2637, val_r2 0.0204, val_pearson 0.1721, lr 1.00e-03 ---
2026-10-01 17:09:42,990 - INFO - 
****************************************************************************************************
2026-10-01 17:09:44,795 - INFO - --- training epoch 11, loss 0.0400, mae 0.2449, rmse 0.2828, time elapsed(min) 0.02---
2026-10-01 17:09:45,008 - INFO - --- validation at epoch 11, val_loss 0.0350, val_mae 0.2334, val_rmse 0.2663, val_r2 0.0003, val_pearson 0.1781, lr 1.00e-03 ---
2026-10-01 17:09:45,008 - INFO - 
****************************************************************************************************
2026-10-01 17:09:46,588 - INFO - --- training epoch 12, loss 0.0403, mae 0.2452, rmse 0.2840, time elapsed(min) 0.02---
2026-10-01 17:09:46,798 - INFO - --- validation at epoch 12, val_loss 0.0350, val_mae 0.2332, val_rmse 0.2663, val_r2 0.0005, val_pearson 0.1742, lr 1.00e-03 ---
2026-10-01 17:09:46,798 - INFO - 
****************************************************************************************************
2026-10-01 17:09:48,384 - INFO - --- training epoch 13, loss 0.0405, mae 0.2462, rmse 0.2845, time elapsed(min) 0.02---
2026-10-01 17:09:48,718 - INFO - --- validation at epoch 13, val_loss 0.0343, val_mae 0.2271, val_rmse 0.2621, val_r2 0.0323, val_pearson 0.1977, lr 1.00e-03 ---
2026-10-01 17:09:48,718 - INFO - 
****************************************************************************************************
2026-10-01 17:09:50,744 - INFO - --- training epoch 14, loss 0.0403, mae 0.2457, rmse 0.2840, time elapsed(min) 0.03---
2026-10-01 17:09:50,955 - INFO - --- validation at epoch 14, val_loss 0.0347, val_mae 0.2317, val_rmse 0.2648, val_r2 0.0119, val_pearson 0.1901, lr 1.00e-03 ---
2026-10-01 17:09:50,955 - INFO - 
****************************************************************************************************
2026-10-01 17:09:52,598 - INFO - --- training epoch 15, loss 0.0401, mae 0.2444, rmse 0.2833, time elapsed(min) 0.02---
2026-10-01 17:09:52,821 - INFO - --- validation at epoch 15, val_loss 0.0343, val_mae 0.2289, val_rmse 0.2627, val_r2 0.0278, val_pearson 0.2035, lr 1.00e-03 ---
2026-10-01 17:09:52,821 - INFO - 
****************************************************************************************************
2026-10-01 17:09:54,546 - INFO - --- training epoch 16, loss 0.0398, mae 0.2434, rmse 0.2820, time elapsed(min) 0.02---
2026-10-01 17:09:54,872 - INFO - --- validation at epoch 16, val_loss 0.0355, val_mae 0.2361, val_rmse 0.2697, val_r2 -0.0246, val_pearson 0.2248, lr 1.00e-03 ---
2026-10-01 17:09:54,872 - INFO - 
****************************************************************************************************
2026-10-01 17:09:56,549 - INFO - --- training epoch 17, loss 0.0397, mae 0.2429, rmse 0.2819, time elapsed(min) 0.02---
2026-10-01 17:09:57,021 - INFO - --- validation at epoch 17, val_loss 0.0351, val_mae 0.2338, val_rmse 0.2677, val_r2 -0.0098, val_pearson 0.2046, lr 1.00e-03 ---
2026-10-01 17:09:57,021 - INFO - 
****************************************************************************************************
2026-10-01 17:09:58,617 - INFO - --- training epoch 18, loss 0.0398, mae 0.2435, rmse 0.2821, time elapsed(min) 0.02---
2026-10-01 17:09:58,833 - INFO - --- validation at epoch 18, val_loss 0.0346, val_mae 0.2289, val_rmse 0.2634, val_r2 0.0223, val_pearson 0.1643, lr 1.00e-03 ---
2026-10-01 17:09:58,833 - INFO - 
****************************************************************************************************
2026-10-01 17:10:00,434 - INFO - --- training epoch 19, loss 0.0396, mae 0.2428, rmse 0.2814, time elapsed(min) 0.02---
2026-10-01 17:10:00,642 - INFO - --- validation at epoch 19, val_loss 0.0331, val_mae 0.2221, val_rmse 0.2577, val_r2 0.0639, val_pearson 0.2607, lr 1.00e-03 ---
2026-10-01 17:10:00,642 - INFO - 
****************************************************************************************************
2026-10-01 17:10:02,354 - INFO - --- training epoch 20, loss 0.0392, mae 0.2412, rmse 0.2800, time elapsed(min) 0.02---
2026-10-01 17:10:02,722 - INFO - --- validation at epoch 20, val_loss 0.0352, val_mae 0.2357, val_rmse 0.2683, val_r2 -0.0144, val_pearson 0.2491, lr 1.00e-03 ---
2026-10-01 17:10:02,722 - INFO - 
****************************************************************************************************
2026-10-01 17:10:04,459 - INFO - --- training epoch 21, loss 0.0387, mae 0.2400, rmse 0.2781, time elapsed(min) 0.02---
2026-10-01 17:10:04,669 - INFO - --- validation at epoch 21, val_loss 0.0327, val_mae 0.2205, val_rmse 0.2554, val_r2 0.0810, val_pearson 0.3112, lr 1.00e-03 ---
2026-10-01 17:10:04,669 - INFO - 
****************************************************************************************************
2026-10-01 17:10:06,471 - INFO - --- training epoch 22, loss 0.0369, mae 0.2309, rmse 0.2715, time elapsed(min) 0.02---
2026-10-01 17:10:06,681 - INFO - --- validation at epoch 22, val_loss 0.0293, val_mae 0.1994, val_rmse 0.2377, val_r2 0.2041, val_pearson 0.4591, lr 1.00e-03 ---
2026-10-01 17:10:06,681 - INFO - 
****************************************************************************************************
2026-10-01 17:10:08,446 - INFO - --- training epoch 23, loss 0.0347, mae 0.2189, rmse 0.2634, time elapsed(min) 0.02---
2026-10-01 17:10:08,777 - INFO - --- validation at epoch 23, val_loss 0.0327, val_mae 0.2047, val_rmse 0.2550, val_r2 0.0837, val_pearson 0.4069, lr 1.00e-03 ---
2026-10-01 17:10:08,777 - INFO - 
****************************************************************************************************
2026-10-01 17:10:10,693 - INFO - --- training epoch 24, loss 0.0332, mae 0.2106, rmse 0.2577, time elapsed(min) 0.03---
2026-10-01 17:10:10,901 - INFO - --- validation at epoch 24, val_loss 0.0274, val_mae 0.1853, val_rmse 0.2330, val_r2 0.2351, val_pearson 0.5256, lr 1.00e-03 ---
2026-10-01 17:10:10,901 - INFO - 
****************************************************************************************************
2026-10-01 17:10:12,674 - INFO - --- training epoch 25, loss 0.0279, mae 0.1893, rmse 0.2362, time elapsed(min) 0.02---
2026-10-01 17:10:12,888 - INFO - --- validation at epoch 25, val_loss 0.0249, val_mae 0.1767, val_rmse 0.2213, val_r2 0.3100, val_pearson 0.5633, lr 1.00e-03 ---
2026-10-01 17:10:12,888 - INFO - 
****************************************************************************************************
2026-10-01 17:10:14,571 - INFO - --- training epoch 26, loss 0.0264, mae 0.1843, rmse 0.2300, time elapsed(min) 0.02---
2026-10-01 17:10:14,910 - INFO - --- validation at epoch 26, val_loss 0.0255, val_mae 0.1779, val_rmse 0.2216, val_r2 0.3081, val_pearson 0.5620, lr 1.00e-03 ---
2026-10-01 17:10:14,910 - INFO - 
****************************************************************************************************
2026-10-01 17:10:16,760 - INFO - --- training epoch 27, loss 0.0260, mae 0.1833, rmse 0.2280, time elapsed(min) 0.03---
2026-10-01 17:10:16,989 - INFO - --- validation at epoch 27, val_loss 0.0287, val_mae 0.1811, val_rmse 0.2340, val_r2 0.2283, val_pearson 0.5713, lr 1.00e-03 ---
2026-10-01 17:10:16,989 - INFO - 
****************************************************************************************************
2026-10-01 17:10:18,626 - INFO - --- training epoch 28, loss 0.0253, mae 0.1788, rmse 0.2249, time elapsed(min) 0.02---
2026-10-01 17:10:18,833 - INFO - --- validation at epoch 28, val_loss 0.0272, val_mae 0.1787, val_rmse 0.2299, val_r2 0.2555, val_pearson 0.5690, lr 1.00e-03 ---
2026-10-01 17:10:18,833 - INFO - 
****************************************************************************************************
2026-10-01 17:10:20,426 - INFO - --- training epoch 29, loss 0.0248, mae 0.1772, rmse 0.2229, time elapsed(min) 0.02---
2026-10-01 17:10:20,636 - INFO - --- validation at epoch 29, val_loss 0.0268, val_mae 0.1772, val_rmse 0.2272, val_r2 0.2728, val_pearson 0.5691, lr 1.00e-03 ---
2026-10-01 17:10:20,636 - INFO - 
****************************************************************************************************
2026-10-01 17:10:22,321 - INFO - --- training epoch 30, loss 0.0238, mae 0.1712, rmse 0.2181, time elapsed(min) 0.02---
2026-10-01 17:10:22,726 - INFO - --- validation at epoch 30, val_loss 0.0266, val_mae 0.1656, val_rmse 0.2203, val_r2 0.3162, val_pearson 0.5851, lr 1.00e-03 ---
2026-10-01 17:10:22,726 - INFO - 
****************************************************************************************************
2026-10-01 17:10:24,598 - INFO - --- training epoch 31, loss 0.0237, mae 0.1712, rmse 0.2179, time elapsed(min) 0.02---
2026-10-01 17:10:24,825 - INFO - --- validation at epoch 31, val_loss 0.0262, val_mae 0.1680, val_rmse 0.2228, val_r2 0.3005, val_pearson 0.5949, lr 1.00e-03 ---
2026-10-01 17:10:24,825 - INFO - 
****************************************************************************************************
2026-10-01 17:10:26,465 - INFO - --- training epoch 32, loss 0.0233, mae 0.1683, rmse 0.2160, time elapsed(min) 0.02---
2026-10-01 17:10:26,673 - INFO - --- validation at epoch 32, val_loss 0.0249, val_mae 0.1688, val_rmse 0.2199, val_r2 0.3189, val_pearson 0.5930, lr 1.00e-03 ---
2026-10-01 17:10:26,673 - INFO - 
****************************************************************************************************
2026-10-01 17:10:28,461 - INFO - --- training epoch 33, loss 0.0233, mae 0.1679, rmse 0.2161, time elapsed(min) 0.02---
2026-10-01 17:10:28,845 - INFO - --- validation at epoch 33, val_loss 0.0256, val_mae 0.1668, val_rmse 0.2225, val_r2 0.3024, val_pearson 0.6007, lr 1.00e-03 ---
2026-10-01 17:10:28,845 - INFO - 
****************************************************************************************************
2026-10-01 17:10:30,731 - INFO - --- training epoch 34, loss 0.0233, mae 0.1671, rmse 0.2159, time elapsed(min) 0.02---
2026-10-01 17:10:30,942 - INFO - --- validation at epoch 34, val_loss 0.0243, val_mae 0.1639, val_rmse 0.2171, val_r2 0.3356, val_pearson 0.6079, lr 1.00e-03 ---
2026-10-01 17:10:30,942 - INFO - 
****************************************************************************************************
2026-10-01 17:10:32,641 - INFO - --- training epoch 35, loss 0.0229, mae 0.1656, rmse 0.2142, time elapsed(min) 0.02---
2026-10-01 17:10:32,855 - INFO - --- validation at epoch 35, val_loss 0.0232, val_mae 0.1569, val_rmse 0.2096, val_r2 0.3807, val_pearson 0.6351, lr 1.00e-03 ---
2026-10-01 17:10:32,855 - INFO - 
****************************************************************************************************
2026-10-01 17:10:34,592 - INFO - --- training epoch 36, loss 0.0226, mae 0.1643, rmse 0.2126, time elapsed(min) 0.02---
2026-10-01 17:10:34,976 - INFO - --- validation at epoch 36, val_loss 0.0225, val_mae 0.1605, val_rmse 0.2069, val_r2 0.3965, val_pearson 0.6349, lr 1.00e-03 ---
2026-10-01 17:10:34,976 - INFO - 
****************************************************************************************************
2026-10-01 17:10:36,926 - INFO - --- training epoch 37, loss 0.0227, mae 0.1652, rmse 0.2131, time elapsed(min) 0.03---
2026-10-01 17:10:37,133 - INFO - --- validation at epoch 37, val_loss 0.0223, val_mae 0.1559, val_rmse 0.2052, val_r2 0.4066, val_pearson 0.6446, lr 1.00e-03 ---
2026-10-01 17:10:37,133 - INFO - 
****************************************************************************************************
2026-10-01 17:10:38,811 - INFO - --- training epoch 38, loss 0.0229, mae 0.1657, rmse 0.2138, time elapsed(min) 0.02---
2026-10-01 17:10:39,019 - INFO - --- validation at epoch 38, val_loss 0.0236, val_mae 0.1593, val_rmse 0.2142, val_r2 0.3534, val_pearson 0.6199, lr 1.00e-03 ---
2026-10-01 17:10:39,019 - INFO - 
****************************************************************************************************
2026-10-01 17:10:40,662 - INFO - --- training epoch 39, loss 0.0227, mae 0.1663, rmse 0.2130, time elapsed(min) 0.02---
2026-10-01 17:10:40,992 - INFO - --- validation at epoch 39, val_loss 0.0242, val_mae 0.1611, val_rmse 0.2146, val_r2 0.3512, val_pearson 0.6256, lr 1.00e-03 ---
2026-10-01 17:10:40,992 - INFO - 
****************************************************************************************************
2026-10-01 17:10:42,727 - INFO - --- training epoch 40, loss 0.0223, mae 0.1636, rmse 0.2114, time elapsed(min) 0.02---
2026-10-01 17:10:43,258 - INFO - --- validation at epoch 40, val_loss 0.0232, val_mae 0.1579, val_rmse 0.2073, val_r2 0.3944, val_pearson 0.6438, lr 1.00e-03 ---
2026-10-01 17:10:43,258 - INFO - 
****************************************************************************************************
2026-10-01 17:10:44,850 - INFO - --- training epoch 41, loss 0.0222, mae 0.1636, rmse 0.2107, time elapsed(min) 0.02---
2026-10-01 17:10:45,062 - INFO - --- validation at epoch 41, val_loss 0.0243, val_mae 0.1605, val_rmse 0.2172, val_r2 0.3355, val_pearson 0.6368, lr 1.00e-03 ---
2026-10-01 17:10:45,063 - INFO - 
****************************************************************************************************
2026-10-01 17:10:46,730 - INFO - --- training epoch 42, loss 0.0221, mae 0.1618, rmse 0.2101, time elapsed(min) 0.02---
2026-10-01 17:10:46,943 - INFO - --- validation at epoch 42, val_loss 0.0228, val_mae 0.1573, val_rmse 0.2085, val_r2 0.3876, val_pearson 0.6494, lr 1.00e-03 ---
2026-10-01 17:10:46,943 - INFO - 
****************************************************************************************************
2026-10-01 17:10:48,712 - INFO - --- training epoch 43, loss 0.0223, mae 0.1627, rmse 0.2111, time elapsed(min) 0.02---
2026-10-01 17:10:49,075 - INFO - --- validation at epoch 43, val_loss 0.0225, val_mae 0.1597, val_rmse 0.2079, val_r2 0.3911, val_pearson 0.6364, lr 1.00e-03 ---
2026-10-01 17:10:49,075 - INFO - 
****************************************************************************************************
2026-10-01 17:10:50,814 - INFO - --- training epoch 44, loss 0.0221, mae 0.1629, rmse 0.2100, time elapsed(min) 0.02---
2026-10-01 17:10:51,022 - INFO - --- validation at epoch 44, val_loss 0.0217, val_mae 0.1564, val_rmse 0.2014, val_r2 0.4286, val_pearson 0.6570, lr 1.00e-03 ---
2026-10-01 17:10:51,023 - INFO - 
****************************************************************************************************
2026-10-01 17:10:52,720 - INFO - --- training epoch 45, loss 0.0225, mae 0.1655, rmse 0.2122, time elapsed(min) 0.02---
2026-10-01 17:10:52,928 - INFO - --- validation at epoch 45, val_loss 0.0252, val_mae 0.1632, val_rmse 0.2146, val_r2 0.3508, val_pearson 0.6279, lr 1.00e-03 ---
2026-10-01 17:10:52,928 - INFO - 
****************************************************************************************************
2026-10-01 17:10:54,642 - INFO - --- training epoch 46, loss 0.0222, mae 0.1631, rmse 0.2106, time elapsed(min) 0.02---
2026-10-01 17:10:54,975 - INFO - --- validation at epoch 46, val_loss 0.0253, val_mae 0.1627, val_rmse 0.2115, val_r2 0.3694, val_pearson 0.6220, lr 1.00e-03 ---
2026-10-01 17:10:54,975 - INFO - 
****************************************************************************************************
2026-10-01 17:10:56,705 - INFO - --- training epoch 47, loss 0.0216, mae 0.1616, rmse 0.2078, time elapsed(min) 0.02---
2026-10-01 17:10:56,915 - INFO - --- validation at epoch 47, val_loss 0.0217, val_mae 0.1548, val_rmse 0.2034, val_r2 0.4168, val_pearson 0.6617, lr 1.00e-03 ---
2026-10-01 17:10:56,915 - INFO - 
****************************************************************************************************
2026-10-01 17:10:58,636 - INFO - --- training epoch 48, loss 0.0213, mae 0.1596, rmse 0.2063, time elapsed(min) 0.02---
2026-10-01 17:10:58,849 - INFO - --- validation at epoch 48, val_loss 0.0229, val_mae 0.1572, val_rmse 0.2057, val_r2 0.4040, val_pearson 0.6529, lr 1.00e-03 ---
2026-10-01 17:10:58,849 - INFO - 
****************************************************************************************************
2026-10-01 17:11:00,489 - INFO - --- training epoch 49, loss 0.0221, mae 0.1636, rmse 0.2100, time elapsed(min) 0.02---
2026-10-01 17:11:00,819 - INFO - --- validation at epoch 49, val_loss 0.0214, val_mae 0.1551, val_rmse 0.2026, val_r2 0.4216, val_pearson 0.6645, lr 1.00e-03 ---
2026-10-01 17:11:00,819 - INFO - 
****************************************************************************************************
2026-10-01 17:11:02,739 - INFO - --- training epoch 50, loss 0.0212, mae 0.1595, rmse 0.2057, time elapsed(min) 0.03---
2026-10-01 17:11:02,945 - INFO - --- validation at epoch 50, val_loss 0.0221, val_mae 0.1565, val_rmse 0.2035, val_r2 0.4165, val_pearson 0.6569, lr 1.00e-03 ---
2026-10-01 17:11:02,945 - INFO - 
****************************************************************************************************
2026-10-01 17:11:04,591 - INFO - --- training epoch 51, loss 0.0210, mae 0.1585, rmse 0.2049, time elapsed(min) 0.02---
2026-10-01 17:11:04,801 - INFO - --- validation at epoch 51, val_loss 0.0213, val_mae 0.1516, val_rmse 0.1987, val_r2 0.4435, val_pearson 0.6779, lr 1.00e-03 ---
2026-10-01 17:11:04,801 - INFO - 
****************************************************************************************************
2026-10-01 17:11:06,522 - INFO - --- training epoch 52, loss 0.0204, mae 0.1555, rmse 0.2021, time elapsed(min) 0.02---
2026-10-01 17:11:06,861 - INFO - --- validation at epoch 52, val_loss 0.0217, val_mae 0.1550, val_rmse 0.2014, val_r2 0.4282, val_pearson 0.6642, lr 1.00e-03 ---
2026-10-01 17:11:06,862 - INFO - 
****************************************************************************************************
2026-10-01 17:11:08,759 - INFO - --- training epoch 53, loss 0.0204, mae 0.1559, rmse 0.2021, time elapsed(min) 0.03---
2026-10-01 17:11:09,016 - INFO - --- validation at epoch 53, val_loss 0.0209, val_mae 0.1522, val_rmse 0.1994, val_r2 0.4396, val_pearson 0.6721, lr 1.00e-03 ---
2026-10-01 17:11:09,016 - INFO - 
****************************************************************************************************
2026-10-01 17:11:10,713 - INFO - --- training epoch 54, loss 0.0205, mae 0.1567, rmse 0.2027, time elapsed(min) 0.02---
2026-10-01 17:11:10,923 - INFO - --- validation at epoch 54, val_loss 0.0263, val_mae 0.1633, val_rmse 0.2161, val_r2 0.3417, val_pearson 0.6221, lr 1.00e-03 ---
2026-10-01 17:11:10,923 - INFO - 
****************************************************************************************************
2026-10-01 17:11:12,554 - INFO - --- training epoch 55, loss 0.0212, mae 0.1596, rmse 0.2057, time elapsed(min) 0.02---
2026-10-01 17:11:12,885 - INFO - --- validation at epoch 55, val_loss 0.0222, val_mae 0.1559, val_rmse 0.2012, val_r2 0.4296, val_pearson 0.6650, lr 1.00e-03 ---
2026-10-01 17:11:12,885 - INFO - 
****************************************************************************************************
2026-10-01 17:11:14,593 - INFO - --- training epoch 56, loss 0.0212, mae 0.1597, rmse 0.2057, time elapsed(min) 0.02---
2026-10-01 17:11:14,957 - INFO - --- validation at epoch 56, val_loss 0.0278, val_mae 0.1681, val_rmse 0.2204, val_r2 0.3157, val_pearson 0.5960, lr 1.00e-03 ---
2026-10-01 17:11:14,957 - INFO - 
****************************************************************************************************
2026-10-01 17:11:16,653 - INFO - --- training epoch 57, loss 0.0215, mae 0.1628, rmse 0.2073, time elapsed(min) 0.02---
2026-10-01 17:11:16,862 - INFO - --- validation at epoch 57, val_loss 0.0211, val_mae 0.1624, val_rmse 0.2006, val_r2 0.4329, val_pearson 0.6588, lr 1.00e-03 ---
2026-10-01 17:11:16,862 - INFO - 
****************************************************************************************************
2026-10-01 17:11:18,473 - INFO - --- training epoch 58, loss 0.0209, mae 0.1593, rmse 0.2043, time elapsed(min) 0.02---
2026-10-01 17:11:18,684 - INFO - --- validation at epoch 58, val_loss 0.0210, val_mae 0.1506, val_rmse 0.1990, val_r2 0.4421, val_pearson 0.6826, lr 1.00e-03 ---
2026-10-01 17:11:18,684 - INFO - 
****************************************************************************************************
2026-10-01 17:11:20,442 - INFO - --- training epoch 59, loss 0.0195, mae 0.1512, rmse 0.1975, time elapsed(min) 0.02---
2026-10-01 17:11:20,824 - INFO - --- validation at epoch 59, val_loss 0.0207, val_mae 0.1493, val_rmse 0.1967, val_r2 0.4549, val_pearson 0.6880, lr 1.00e-03 ---
2026-10-01 17:11:20,824 - INFO - 
****************************************************************************************************
2026-10-01 17:11:22,628 - INFO - --- training epoch 60, loss 0.0198, mae 0.1539, rmse 0.1990, time elapsed(min) 0.02---
2026-10-01 17:11:22,855 - INFO - --- validation at epoch 60, val_loss 0.0209, val_mae 0.1514, val_rmse 0.1982, val_r2 0.4463, val_pearson 0.6835, lr 1.00e-03 ---
2026-10-01 17:11:22,855 - INFO - 
****************************************************************************************************
2026-10-01 17:11:24,434 - INFO - --- training epoch 61, loss 0.0201, mae 0.1552, rmse 0.2003, time elapsed(min) 0.02---
2026-10-01 17:11:24,647 - INFO - --- validation at epoch 61, val_loss 0.0212, val_mae 0.1540, val_rmse 0.1976, val_r2 0.4499, val_pearson 0.6735, lr 1.00e-03 ---
2026-10-01 17:11:24,647 - INFO - 
****************************************************************************************************
2026-10-01 17:11:26,269 - INFO - --- training epoch 62, loss 0.0203, mae 0.1555, rmse 0.2014, time elapsed(min) 0.02---
2026-10-01 17:11:26,637 - INFO - --- validation at epoch 62, val_loss 0.0208, val_mae 0.1531, val_rmse 0.1964, val_r2 0.4565, val_pearson 0.6768, lr 1.00e-03 ---
2026-10-01 17:11:26,637 - INFO - 
****************************************************************************************************
2026-10-01 17:11:28,452 - INFO - --- training epoch 63, loss 0.0203, mae 0.1553, rmse 0.2017, time elapsed(min) 0.03---
2026-10-01 17:11:28,681 - INFO - --- validation at epoch 63, val_loss 0.0209, val_mae 0.1516, val_rmse 0.1986, val_r2 0.4445, val_pearson 0.6828, lr 1.00e-03 ---
2026-10-01 17:11:28,681 - INFO - 
****************************************************************************************************
2026-10-01 17:11:30,303 - INFO - --- training epoch 64, loss 0.0196, mae 0.1542, rmse 0.1979, time elapsed(min) 0.02---
2026-10-01 17:11:30,513 - INFO - --- validation at epoch 64, val_loss 0.0206, val_mae 0.1518, val_rmse 0.1938, val_r2 0.4707, val_pearson 0.6914, lr 1.00e-03 ---
2026-10-01 17:11:30,513 - INFO - 
****************************************************************************************************
2026-10-01 17:11:32,304 - INFO - --- training epoch 65, loss 0.0196, mae 0.1523, rmse 0.1980, time elapsed(min) 0.02---
2026-10-01 17:11:32,634 - INFO - --- validation at epoch 65, val_loss 0.0199, val_mae 0.1495, val_rmse 0.1923, val_r2 0.4789, val_pearson 0.6977, lr 1.00e-03 ---
2026-10-01 17:11:32,634 - INFO - 
****************************************************************************************************
2026-10-01 17:11:34,427 - INFO - --- training epoch 66, loss 0.0195, mae 0.1532, rmse 0.1976, time elapsed(min) 0.02---
2026-10-01 17:11:34,910 - INFO - --- validation at epoch 66, val_loss 0.0201, val_mae 0.1502, val_rmse 0.1929, val_r2 0.4754, val_pearson 0.6996, lr 1.00e-03 ---
2026-10-01 17:11:34,910 - INFO - 
****************************************************************************************************
2026-10-01 17:11:36,521 - INFO - --- training epoch 67, loss 0.0189, mae 0.1496, rmse 0.1943, time elapsed(min) 0.02---
2026-10-01 17:11:36,733 - INFO - --- validation at epoch 67, val_loss 0.0201, val_mae 0.1485, val_rmse 0.1914, val_r2 0.4838, val_pearson 0.6974, lr 1.00e-03 ---
2026-10-01 17:11:36,733 - INFO - 
****************************************************************************************************
2026-10-01 17:11:38,340 - INFO - --- training epoch 68, loss 0.0197, mae 0.1533, rmse 0.1982, time elapsed(min) 0.02---
2026-10-01 17:11:38,550 - INFO - --- validation at epoch 68, val_loss 0.0212, val_mae 0.1515, val_rmse 0.1976, val_r2 0.4500, val_pearson 0.7002, lr 1.00e-03 ---
2026-10-01 17:11:38,550 - INFO - 
****************************************************************************************************
2026-10-01 17:11:40,207 - INFO - --- training epoch 69, loss 0.0193, mae 0.1516, rmse 0.1964, time elapsed(min) 0.02---
2026-10-01 17:11:40,591 - INFO - --- validation at epoch 69, val_loss 0.0210, val_mae 0.1515, val_rmse 0.1950, val_r2 0.4641, val_pearson 0.6945, lr 1.00e-03 ---
2026-10-01 17:11:40,591 - INFO - 
****************************************************************************************************
2026-10-01 17:11:42,300 - INFO - --- training epoch 70, loss 0.0195, mae 0.1518, rmse 0.1974, time elapsed(min) 0.02---
2026-10-01 17:11:42,509 - INFO - --- validation at epoch 70, val_loss 0.0198, val_mae 0.1494, val_rmse 0.1899, val_r2 0.4916, val_pearson 0.7016, lr 1.00e-03 ---
2026-10-01 17:11:42,509 - INFO - 
****************************************************************************************************
2026-10-01 17:11:44,286 - INFO - --- training epoch 71, loss 0.0190, mae 0.1505, rmse 0.1949, time elapsed(min) 0.02---
2026-10-01 17:11:44,512 - INFO - --- validation at epoch 71, val_loss 0.0200, val_mae 0.1478, val_rmse 0.1919, val_r2 0.4809, val_pearson 0.7016, lr 1.00e-03 ---
2026-10-01 17:11:44,512 - INFO - 
****************************************************************************************************
2026-10-01 17:11:46,158 - INFO - --- training epoch 72, loss 0.0193, mae 0.1518, rmse 0.1965, time elapsed(min) 0.02---
2026-10-01 17:11:46,493 - INFO - --- validation at epoch 72, val_loss 0.0203, val_mae 0.1478, val_rmse 0.1921, val_r2 0.4800, val_pearson 0.6980, lr 1.00e-03 ---
2026-10-01 17:11:46,493 - INFO - 
****************************************************************************************************
2026-10-01 17:11:48,312 - INFO - --- training epoch 73, loss 0.0190, mae 0.1502, rmse 0.1951, time elapsed(min) 0.03---
2026-10-01 17:11:48,524 - INFO - --- validation at epoch 73, val_loss 0.0198, val_mae 0.1489, val_rmse 0.1893, val_r2 0.4950, val_pearson 0.7045, lr 1.00e-03 ---
2026-10-01 17:11:48,524 - INFO - 
****************************************************************************************************
2026-10-01 17:11:50,121 - INFO - --- training epoch 74, loss 0.0191, mae 0.1504, rmse 0.1952, time elapsed(min) 0.02---
2026-10-01 17:11:50,329 - INFO - --- validation at epoch 74, val_loss 0.0201, val_mae 0.1534, val_rmse 0.1929, val_r2 0.4754, val_pearson 0.6924, lr 1.00e-03 ---
2026-10-01 17:11:50,329 - INFO - 
****************************************************************************************************
2026-10-01 17:11:52,017 - INFO - --- training epoch 75, loss 0.0192, mae 0.1503, rmse 0.1959, time elapsed(min) 0.02---
2026-10-01 17:11:52,348 - INFO - --- validation at epoch 75, val_loss 0.0194, val_mae 0.1467, val_rmse 0.1869, val_r2 0.5077, val_pearson 0.7131, lr 1.00e-03 ---
2026-10-01 17:11:52,348 - INFO - 
****************************************************************************************************
2026-10-01 17:11:54,250 - INFO - --- training epoch 76, loss 0.0190, mae 0.1507, rmse 0.1951, time elapsed(min) 0.03---
2026-10-01 17:11:54,458 - INFO - --- validation at epoch 76, val_loss 0.0190, val_mae 0.1456, val_rmse 0.1862, val_r2 0.5115, val_pearson 0.7157, lr 1.00e-03 ---
2026-10-01 17:11:54,458 - INFO - 
****************************************************************************************************
2026-10-01 17:11:56,216 - INFO - --- training epoch 77, loss 0.0188, mae 0.1489, rmse 0.1942, time elapsed(min) 0.02---
2026-10-01 17:11:56,444 - INFO - --- validation at epoch 77, val_loss 0.0195, val_mae 0.1458, val_rmse 0.1886, val_r2 0.4989, val_pearson 0.7089, lr 1.00e-03 ---
2026-10-01 17:11:56,444 - INFO - 
****************************************************************************************************
2026-10-01 17:11:58,123 - INFO - --- training epoch 78, loss 0.0189, mae 0.1501, rmse 0.1944, time elapsed(min) 0.02---
2026-10-01 17:11:58,331 - INFO - --- validation at epoch 78, val_loss 0.0188, val_mae 0.1436, val_rmse 0.1852, val_r2 0.5169, val_pearson 0.7192, lr 1.00e-03 ---
2026-10-01 17:11:58,331 - INFO - 
****************************************************************************************************
2026-10-01 17:12:00,104 - INFO - --- training epoch 79, loss 0.0187, mae 0.1485, rmse 0.1934, time elapsed(min) 0.02---
2026-10-01 17:12:00,491 - INFO - --- validation at epoch 79, val_loss 0.0200, val_mae 0.1489, val_rmse 0.1919, val_r2 0.4809, val_pearson 0.7011, lr 1.00e-03 ---
2026-10-01 17:12:00,491 - INFO - 
****************************************************************************************************
2026-10-01 17:12:02,190 - INFO - --- training epoch 80, loss 0.0182, mae 0.1460, rmse 0.1910, time elapsed(min) 0.02---
2026-10-01 17:12:02,399 - INFO - --- validation at epoch 80, val_loss 0.0191, val_mae 0.1436, val_rmse 0.1861, val_r2 0.5120, val_pearson 0.7172, lr 1.00e-03 ---
2026-10-01 17:12:02,399 - INFO - 
****************************************************************************************************
2026-10-01 17:12:04,047 - INFO - --- training epoch 81, loss 0.0193, mae 0.1513, rmse 0.1967, time elapsed(min) 0.02---
2026-10-01 17:12:04,255 - INFO - --- validation at epoch 81, val_loss 0.0219, val_mae 0.1581, val_rmse 0.2024, val_r2 0.4229, val_pearson 0.6506, lr 1.00e-03 ---
2026-10-01 17:12:04,255 - INFO - 
****************************************************************************************************
2026-10-01 17:12:05,863 - INFO - --- training epoch 82, loss 0.0189, mae 0.1503, rmse 0.1946, time elapsed(min) 0.02---
2026-10-01 17:12:06,201 - INFO - --- validation at epoch 82, val_loss 0.0197, val_mae 0.1452, val_rmse 0.1873, val_r2 0.5056, val_pearson 0.7129, lr 1.00e-03 ---
2026-10-01 17:12:06,202 - INFO - 
****************************************************************************************************
2026-10-01 17:12:08,065 - INFO - --- training epoch 83, loss 0.0183, mae 0.1467, rmse 0.1916, time elapsed(min) 0.03---
2026-10-01 17:12:08,273 - INFO - --- validation at epoch 83, val_loss 0.0197, val_mae 0.1474, val_rmse 0.1912, val_r2 0.4849, val_pearson 0.7000, lr 1.00e-03 ---
2026-10-01 17:12:08,273 - INFO - 
****************************************************************************************************
2026-10-01 17:12:09,895 - INFO - --- training epoch 84, loss 0.0188, mae 0.1485, rmse 0.1938, time elapsed(min) 0.02---
2026-10-01 17:12:10,106 - INFO - --- validation at epoch 84, val_loss 0.0191, val_mae 0.1441, val_rmse 0.1859, val_r2 0.5133, val_pearson 0.7220, lr 1.00e-03 ---
2026-10-01 17:12:10,106 - INFO - 
****************************************************************************************************
2026-10-01 17:12:11,736 - INFO - --- training epoch 85, loss 0.0183, mae 0.1468, rmse 0.1911, time elapsed(min) 0.02---
2026-10-01 17:12:11,943 - INFO - --- validation at epoch 85, val_loss 0.0188, val_mae 0.1426, val_rmse 0.1873, val_r2 0.5059, val_pearson 0.7171, lr 1.00e-03 ---
2026-10-01 17:12:11,943 - INFO - 
****************************************************************************************************
2026-10-01 17:12:13,880 - INFO - --- training epoch 86, loss 0.0189, mae 0.1483, rmse 0.1943, time elapsed(min) 0.03---
2026-10-01 17:12:14,089 - INFO - --- validation at epoch 86, val_loss 0.0195, val_mae 0.1430, val_rmse 0.1864, val_r2 0.5104, val_pearson 0.7183, lr 1.00e-03 ---
2026-10-01 17:12:14,089 - INFO - 
****************************************************************************************************
2026-10-01 17:12:15,678 - INFO - --- training epoch 87, loss 0.0181, mae 0.1459, rmse 0.1901, time elapsed(min) 0.02---
2026-10-01 17:12:15,888 - INFO - --- validation at epoch 87, val_loss 0.0196, val_mae 0.1480, val_rmse 0.1909, val_r2 0.4865, val_pearson 0.7008, lr 1.00e-03 ---
2026-10-01 17:12:15,888 - INFO - 
****************************************************************************************************
2026-10-01 17:12:17,504 - INFO - --- training epoch 88, loss 0.0186, mae 0.1471, rmse 0.1927, time elapsed(min) 0.02---
2026-10-01 17:12:17,831 - INFO - --- validation at epoch 88, val_loss 0.0188, val_mae 0.1406, val_rmse 0.1838, val_r2 0.5237, val_pearson 0.7254, lr 1.00e-03 ---
2026-10-01 17:12:17,831 - INFO - 
****************************************************************************************************
2026-10-01 17:12:19,548 - INFO - --- training epoch 89, loss 0.0177, mae 0.1442, rmse 0.1882, time elapsed(min) 0.02---
2026-10-01 17:12:20,032 - INFO - --- validation at epoch 89, val_loss 0.0187, val_mae 0.1382, val_rmse 0.1815, val_r2 0.5358, val_pearson 0.7351, lr 1.00e-03 ---
2026-10-01 17:12:20,032 - INFO - 
****************************************************************************************************
2026-10-01 17:12:21,835 - INFO - --- training epoch 90, loss 0.0177, mae 0.1441, rmse 0.1880, time elapsed(min) 0.02---
2026-10-01 17:12:22,045 - INFO - --- validation at epoch 90, val_loss 0.0204, val_mae 0.1482, val_rmse 0.1918, val_r2 0.4817, val_pearson 0.7088, lr 1.00e-03 ---
2026-10-01 17:12:22,045 - INFO - 
****************************************************************************************************
2026-10-01 17:12:23,719 - INFO - --- training epoch 91, loss 0.0183, mae 0.1461, rmse 0.1915, time elapsed(min) 0.02---
2026-10-01 17:12:24,058 - INFO - --- validation at epoch 91, val_loss 0.0203, val_mae 0.1479, val_rmse 0.1928, val_r2 0.4764, val_pearson 0.6959, lr 1.00e-03 ---
2026-10-01 17:12:24,058 - INFO - 
****************************************************************************************************
2026-10-01 17:12:25,763 - INFO - --- training epoch 92, loss 0.0181, mae 0.1457, rmse 0.1903, time elapsed(min) 0.02---
2026-10-01 17:12:26,157 - INFO - --- validation at epoch 92, val_loss 0.0208, val_mae 0.1497, val_rmse 0.1951, val_r2 0.4635, val_pearson 0.6950, lr 1.00e-03 ---
2026-10-01 17:12:26,157 - INFO - 
****************************************************************************************************
2026-10-01 17:12:27,858 - INFO - --- training epoch 93, loss 0.0184, mae 0.1464, rmse 0.1920, time elapsed(min) 0.02---
2026-10-01 17:12:28,070 - INFO - --- validation at epoch 93, val_loss 0.0185, val_mae 0.1402, val_rmse 0.1820, val_r2 0.5333, val_pearson 0.7327, lr 1.00e-03 ---
2026-10-01 17:12:28,071 - INFO - 
****************************************************************************************************
2026-10-01 17:12:29,768 - INFO - --- training epoch 94, loss 0.0179, mae 0.1446, rmse 0.1894, time elapsed(min) 0.02---
2026-10-01 17:12:29,976 - INFO - --- validation at epoch 94, val_loss 0.0191, val_mae 0.1434, val_rmse 0.1853, val_r2 0.5160, val_pearson 0.7214, lr 1.00e-03 ---
2026-10-01 17:12:29,976 - INFO - 
****************************************************************************************************
2026-10-01 17:12:31,642 - INFO - --- training epoch 95, loss 0.0186, mae 0.1468, rmse 0.1927, time elapsed(min) 0.02---
2026-10-01 17:12:32,026 - INFO - --- validation at epoch 95, val_loss 0.0193, val_mae 0.1414, val_rmse 0.1842, val_r2 0.5220, val_pearson 0.7260, lr 1.00e-03 ---
2026-10-01 17:12:32,026 - INFO - 
****************************************************************************************************
2026-10-01 17:12:33,831 - INFO - --- training epoch 96, loss 0.0179, mae 0.1446, rmse 0.1894, time elapsed(min) 0.03---
2026-10-01 17:12:34,041 - INFO - --- validation at epoch 96, val_loss 0.0193, val_mae 0.1393, val_rmse 0.1842, val_r2 0.5217, val_pearson 0.7282, lr 1.00e-03 ---
2026-10-01 17:12:34,041 - INFO - 
****************************************************************************************************
2026-10-01 17:12:35,680 - INFO - --- training epoch 97, loss 0.0180, mae 0.1446, rmse 0.1896, time elapsed(min) 0.02---
2026-10-01 17:12:35,889 - INFO - --- validation at epoch 97, val_loss 0.0200, val_mae 0.1429, val_rmse 0.1887, val_r2 0.4980, val_pearson 0.7139, lr 1.00e-03 ---
2026-10-01 17:12:35,890 - INFO - 
****************************************************************************************************
2026-10-01 17:12:37,548 - INFO - --- training epoch 98, loss 0.0178, mae 0.1434, rmse 0.1886, time elapsed(min) 0.02---
2026-10-01 17:12:37,886 - INFO - --- validation at epoch 98, val_loss 0.0182, val_mae 0.1421, val_rmse 0.1835, val_r2 0.5257, val_pearson 0.7257, lr 1.00e-03 ---
2026-10-01 17:12:37,886 - INFO - 
****************************************************************************************************
2026-10-01 17:12:39,844 - INFO - --- training epoch 99, loss 0.0178, mae 0.1438, rmse 0.1888, time elapsed(min) 0.03---
2026-10-01 17:12:40,053 - INFO - --- validation at epoch 99, val_loss 0.0189, val_mae 0.1378, val_rmse 0.1819, val_r2 0.5338, val_pearson 0.7339, lr 1.00e-03 ---
2026-10-01 17:12:40,053 - INFO - 
****************************************************************************************************
2026-10-01 17:12:40,566 - INFO - --- selected checkpoint from epoch 98, val_loss 0.0182, val_mae 0.1421, val_rmse 0.1835
2026-10-01 17:12:41,316 - INFO - -- RESULT
2026-10-01 17:12:41,316 - INFO - --- test size: 1728
2026-10-01 17:12:41,316 - INFO - --- MAE: 0.1424 (14.24 pp), RMSE: 0.1859 (18.59 pp), R2: 0.5527, Pearson: 0.7436
2026-10-01 17:12:42,741 - INFO - --- Cell option_b_mlp DONE: test MAE=0.1424 RMSE=0.1859 R2=0.5527 | sec/epoch=1.99
2026-10-01 17:12:42,798 - INFO - === RUNNING: dataset=suzuki split=split_7 cell=ind_mean_mlp (tokens=ind, pooling=mean, head=mlp) ===
