2026-10-01 17:04:17,399 - INFO - device is	cuda:0
2026-10-01 17:04:17,507 - INFO - -- CONFIGURATIONS
2026-10-01 17:04:17,507 - INFO - --- train/valid/test: 3628/404/1728
2026-10-01 17:04:17,507 - INFO - --- max no. reactants_train, valid, test respectively: 14, 14, 14
2026-10-01 17:04:17,507 - INFO - --- max no. products_train, valid, test respectively: 1, 1, 1
2026-10-01 17:04:17,507 - INFO - --- model_path: ../logs/suzuki_approach1_grid/runs/suzuki/split_7/approach_1_mlp/model.pt
2026-10-01 17:04:17,515 - INFO - -- TRAINING
2026-10-01 17:04:21,197 - INFO - --- training epoch 0, loss 0.9257, mae 1.2236, rmse 2.9533, time elapsed(min) 0.06---
2026-10-01 17:04:21,521 - INFO - --- validation at epoch 0, val_loss 0.0354, val_mae 0.2322, val_rmse 0.2663, val_r2 0.0007, val_pearson 0.1913, lr 1.00e-03 ---
2026-10-01 17:04:21,522 - INFO - 
****************************************************************************************************
2026-10-01 17:04:25,528 - INFO - --- training epoch 1, loss 0.0422, mae 0.2502, rmse 0.2906, time elapsed(min) 0.06---
2026-10-01 17:04:25,855 - INFO - --- validation at epoch 1, val_loss 0.0360, val_mae 0.2384, val_rmse 0.2709, val_r2 -0.0341, val_pearson 0.1915, lr 1.00e-03 ---
2026-10-01 17:04:25,855 - INFO - 
****************************************************************************************************
2026-10-01 17:04:29,754 - INFO - --- training epoch 2, loss 0.0418, mae 0.2503, rmse 0.2892, time elapsed(min) 0.06---
2026-10-01 17:04:30,201 - INFO - --- validation at epoch 2, val_loss 0.0365, val_mae 0.2405, val_rmse 0.2731, val_r2 -0.0508, val_pearson 0.1785, lr 1.00e-03 ---
2026-10-01 17:04:30,201 - INFO - 
****************************************************************************************************
2026-10-01 17:04:34,305 - INFO - --- training epoch 3, loss 0.0413, mae 0.2493, rmse 0.2874, time elapsed(min) 0.06---
2026-10-01 17:04:34,627 - INFO - --- validation at epoch 3, val_loss 0.0356, val_mae 0.2358, val_rmse 0.2684, val_r2 -0.0148, val_pearson 0.1625, lr 1.00e-03 ---
2026-10-01 17:04:34,627 - INFO - 
****************************************************************************************************
2026-10-01 17:04:38,482 - INFO - --- training epoch 4, loss 0.0410, mae 0.2486, rmse 0.2863, time elapsed(min) 0.06---
2026-10-01 17:04:38,805 - INFO - --- validation at epoch 4, val_loss 0.0356, val_mae 0.2363, val_rmse 0.2687, val_r2 -0.0177, val_pearson 0.1553, lr 1.00e-03 ---
2026-10-01 17:04:38,805 - INFO - 
****************************************************************************************************
2026-10-01 17:04:42,665 - INFO - --- training epoch 5, loss 0.0409, mae 0.2483, rmse 0.2860, time elapsed(min) 0.06---
2026-10-01 17:04:42,988 - INFO - --- validation at epoch 5, val_loss 0.0353, val_mae 0.2343, val_rmse 0.2670, val_r2 -0.0046, val_pearson 0.1541, lr 1.00e-03 ---
2026-10-01 17:04:42,988 - INFO - 
****************************************************************************************************
2026-10-01 17:04:46,990 - INFO - --- training epoch 6, loss 0.0407, mae 0.2470, rmse 0.2853, time elapsed(min) 0.06---
2026-10-01 17:04:47,484 - INFO - --- validation at epoch 6, val_loss 0.0352, val_mae 0.2336, val_rmse 0.2664, val_r2 -0.0003, val_pearson 0.1626, lr 1.00e-03 ---
2026-10-01 17:04:47,484 - INFO - 
****************************************************************************************************
2026-10-01 17:04:51,563 - INFO - --- training epoch 7, loss 0.0408, mae 0.2469, rmse 0.2857, time elapsed(min) 0.06---
2026-10-01 17:04:51,886 - INFO - --- validation at epoch 7, val_loss 0.0363, val_mae 0.2396, val_rmse 0.2718, val_r2 -0.0413, val_pearson 0.1500, lr 1.00e-03 ---
2026-10-01 17:04:51,886 - INFO - 
****************************************************************************************************
2026-10-01 17:04:55,805 - INFO - --- training epoch 8, loss 0.0406, mae 0.2466, rmse 0.2849, time elapsed(min) 0.06---
2026-10-01 17:04:56,131 - INFO - --- validation at epoch 8, val_loss 0.0348, val_mae 0.2300, val_rmse 0.2638, val_r2 0.0192, val_pearson 0.1827, lr 1.00e-03 ---
2026-10-01 17:04:56,131 - INFO - 
****************************************************************************************************
2026-10-01 17:05:00,125 - INFO - --- training epoch 9, loss 0.0405, mae 0.2460, rmse 0.2847, time elapsed(min) 0.06---
2026-10-01 17:05:00,509 - INFO - --- validation at epoch 9, val_loss 0.0354, val_mae 0.2351, val_rmse 0.2677, val_r2 -0.0099, val_pearson 0.1867, lr 1.00e-03 ---
2026-10-01 17:05:00,509 - INFO - 
****************************************************************************************************
2026-10-01 17:05:04,654 - INFO - --- training epoch 10, loss 0.0408, mae 0.2462, rmse 0.2856, time elapsed(min) 0.06---
2026-10-01 17:05:04,977 - INFO - --- validation at epoch 10, val_loss 0.0362, val_mae 0.2388, val_rmse 0.2716, val_r2 -0.0392, val_pearson 0.1543, lr 1.00e-03 ---
2026-10-01 17:05:04,977 - INFO - 
****************************************************************************************************
2026-10-01 17:05:08,893 - INFO - --- training epoch 11, loss 0.0400, mae 0.2453, rmse 0.2830, time elapsed(min) 0.06---
2026-10-01 17:05:09,217 - INFO - --- validation at epoch 11, val_loss 0.0354, val_mae 0.2343, val_rmse 0.2676, val_r2 -0.0092, val_pearson 0.2029, lr 1.00e-03 ---
2026-10-01 17:05:09,218 - INFO - 
****************************************************************************************************
2026-10-01 17:05:13,177 - INFO - --- training epoch 12, loss 0.0399, mae 0.2428, rmse 0.2827, time elapsed(min) 0.06---
2026-10-01 17:05:13,501 - INFO - --- validation at epoch 12, val_loss 0.0378, val_mae 0.2456, val_rmse 0.2790, val_r2 -0.0971, val_pearson 0.2175, lr 1.00e-03 ---
2026-10-01 17:05:13,501 - INFO - 
****************************************************************************************************
2026-10-01 17:05:17,526 - INFO - --- training epoch 13, loss 0.0399, mae 0.2439, rmse 0.2827, time elapsed(min) 0.06---
2026-10-01 17:05:18,005 - INFO - --- validation at epoch 13, val_loss 0.0344, val_mae 0.2293, val_rmse 0.2631, val_r2 0.0248, val_pearson 0.2291, lr 1.00e-03 ---
2026-10-01 17:05:18,005 - INFO - 
****************************************************************************************************
2026-10-01 17:05:22,094 - INFO - --- training epoch 14, loss 0.0392, mae 0.2412, rmse 0.2801, time elapsed(min) 0.06---
2026-10-01 17:05:22,419 - INFO - --- validation at epoch 14, val_loss 0.0359, val_mae 0.2388, val_rmse 0.2710, val_r2 -0.0350, val_pearson 0.2557, lr 1.00e-03 ---
2026-10-01 17:05:22,419 - INFO - 
****************************************************************************************************
2026-10-01 17:05:26,352 - INFO - --- training epoch 15, loss 0.0393, mae 0.2413, rmse 0.2802, time elapsed(min) 0.06---
2026-10-01 17:05:26,677 - INFO - --- validation at epoch 15, val_loss 0.0360, val_mae 0.2362, val_rmse 0.2702, val_r2 -0.0290, val_pearson 0.2420, lr 1.00e-03 ---
2026-10-01 17:05:26,678 - INFO - 
****************************************************************************************************
2026-10-01 17:05:30,570 - INFO - --- training epoch 16, loss 0.0390, mae 0.2393, rmse 0.2791, time elapsed(min) 0.06---
2026-10-01 17:05:31,028 - INFO - --- validation at epoch 16, val_loss 0.0361, val_mae 0.2376, val_rmse 0.2706, val_r2 -0.0319, val_pearson 0.2301, lr 1.00e-03 ---
2026-10-01 17:05:31,028 - INFO - 
****************************************************************************************************
2026-10-01 17:05:35,187 - INFO - --- training epoch 17, loss 0.0384, mae 0.2373, rmse 0.2772, time elapsed(min) 0.06---
2026-10-01 17:05:35,508 - INFO - --- validation at epoch 17, val_loss 0.0348, val_mae 0.2323, val_rmse 0.2658, val_r2 0.0048, val_pearson 0.2713, lr 1.00e-03 ---
2026-10-01 17:05:35,508 - INFO - 
****************************************************************************************************
2026-10-01 17:05:39,409 - INFO - --- training epoch 18, loss 0.0377, mae 0.2348, rmse 0.2746, time elapsed(min) 0.06---
2026-10-01 17:05:39,732 - INFO - --- validation at epoch 18, val_loss 0.0329, val_mae 0.2077, val_rmse 0.2494, val_r2 0.1237, val_pearson 0.3536, lr 1.00e-03 ---
2026-10-01 17:05:39,732 - INFO - 
****************************************************************************************************
2026-10-01 17:05:43,738 - INFO - --- training epoch 19, loss 0.0356, mae 0.2247, rmse 0.2669, time elapsed(min) 0.06---
2026-10-01 17:05:44,121 - INFO - --- validation at epoch 19, val_loss 0.0298, val_mae 0.1908, val_rmse 0.2395, val_r2 0.1916, val_pearson 0.4588, lr 1.00e-03 ---
2026-10-01 17:05:44,121 - INFO - 
****************************************************************************************************
2026-10-01 17:05:48,252 - INFO - --- training epoch 20, loss 0.0315, mae 0.2032, rmse 0.2509, time elapsed(min) 0.06---
2026-10-01 17:05:48,846 - INFO - --- validation at epoch 20, val_loss 0.0267, val_mae 0.1753, val_rmse 0.2261, val_r2 0.2798, val_pearson 0.5504, lr 1.00e-03 ---
2026-10-01 17:05:48,846 - INFO - 
****************************************************************************************************
2026-10-01 17:05:52,999 - INFO - --- training epoch 21, loss 0.0301, mae 0.1984, rmse 0.2452, time elapsed(min) 0.06---
2026-10-01 17:05:53,326 - INFO - --- validation at epoch 21, val_loss 0.0284, val_mae 0.1801, val_rmse 0.2345, val_r2 0.2253, val_pearson 0.5174, lr 1.00e-03 ---
2026-10-01 17:05:53,326 - INFO - 
****************************************************************************************************
2026-10-01 17:05:57,226 - INFO - --- training epoch 22, loss 0.0309, mae 0.2008, rmse 0.2488, time elapsed(min) 0.06---
2026-10-01 17:05:57,572 - INFO - --- validation at epoch 22, val_loss 0.0273, val_mae 0.1750, val_rmse 0.2272, val_r2 0.2723, val_pearson 0.5687, lr 1.00e-03 ---
2026-10-01 17:05:57,572 - INFO - 
****************************************************************************************************
2026-10-01 17:06:01,501 - INFO - --- training epoch 23, loss 0.0250, mae 0.1757, rmse 0.2238, time elapsed(min) 0.06---
2026-10-01 17:06:01,980 - INFO - --- validation at epoch 23, val_loss 0.0249, val_mae 0.1685, val_rmse 0.2207, val_r2 0.3137, val_pearson 0.6020, lr 1.00e-03 ---
2026-10-01 17:06:01,981 - INFO - 
****************************************************************************************************
2026-10-01 17:06:06,090 - INFO - --- training epoch 24, loss 0.0235, mae 0.1689, rmse 0.2168, time elapsed(min) 0.06---
2026-10-01 17:06:06,420 - INFO - --- validation at epoch 24, val_loss 0.0268, val_mae 0.1700, val_rmse 0.2241, val_r2 0.2925, val_pearson 0.5928, lr 1.00e-03 ---
2026-10-01 17:06:06,420 - INFO - 
****************************************************************************************************
2026-10-01 17:06:10,367 - INFO - --- training epoch 25, loss 0.0234, mae 0.1686, rmse 0.2164, time elapsed(min) 0.06---
2026-10-01 17:06:10,695 - INFO - --- validation at epoch 25, val_loss 0.0258, val_mae 0.1658, val_rmse 0.2219, val_r2 0.3061, val_pearson 0.6032, lr 1.00e-03 ---
2026-10-01 17:06:10,696 - INFO - 
****************************************************************************************************
2026-10-01 17:06:14,643 - INFO - --- training epoch 26, loss 0.0235, mae 0.1681, rmse 0.2167, time elapsed(min) 0.06---
2026-10-01 17:06:15,126 - INFO - --- validation at epoch 26, val_loss 0.0261, val_mae 0.1714, val_rmse 0.2216, val_r2 0.3080, val_pearson 0.5758, lr 1.00e-03 ---
2026-10-01 17:06:15,126 - INFO - 
****************************************************************************************************
2026-10-01 17:06:19,291 - INFO - --- training epoch 27, loss 0.0233, mae 0.1683, rmse 0.2159, time elapsed(min) 0.06---
2026-10-01 17:06:19,613 - INFO - --- validation at epoch 27, val_loss 0.0259, val_mae 0.1653, val_rmse 0.2212, val_r2 0.3108, val_pearson 0.6117, lr 1.00e-03 ---
2026-10-01 17:06:19,613 - INFO - 
****************************************************************************************************
2026-10-01 17:06:23,504 - INFO - --- training epoch 28, loss 0.0231, mae 0.1667, rmse 0.2148, time elapsed(min) 0.06---
2026-10-01 17:06:23,829 - INFO - --- validation at epoch 28, val_loss 0.0238, val_mae 0.1598, val_rmse 0.2132, val_r2 0.3596, val_pearson 0.6222, lr 1.00e-03 ---
2026-10-01 17:06:23,829 - INFO - 
****************************************************************************************************
2026-10-01 17:06:27,828 - INFO - --- training epoch 29, loss 0.0233, mae 0.1682, rmse 0.2160, time elapsed(min) 0.06---
2026-10-01 17:06:28,282 - INFO - --- validation at epoch 29, val_loss 0.0236, val_mae 0.1597, val_rmse 0.2155, val_r2 0.3457, val_pearson 0.6151, lr 1.00e-03 ---
2026-10-01 17:06:28,282 - INFO - 
****************************************************************************************************
2026-10-01 17:06:32,538 - INFO - --- training epoch 30, loss 0.0230, mae 0.1670, rmse 0.2143, time elapsed(min) 0.06---
2026-10-01 17:06:32,864 - INFO - --- validation at epoch 30, val_loss 0.0263, val_mae 0.1650, val_rmse 0.2234, val_r2 0.2966, val_pearson 0.6101, lr 1.00e-03 ---
2026-10-01 17:06:32,864 - INFO - 
****************************************************************************************************
2026-10-01 17:06:36,748 - INFO - --- training epoch 31, loss 0.0229, mae 0.1666, rmse 0.2139, time elapsed(min) 0.06---
2026-10-01 17:06:37,100 - INFO - --- validation at epoch 31, val_loss 0.0235, val_mae 0.1597, val_rmse 0.2088, val_r2 0.3855, val_pearson 0.6274, lr 1.00e-03 ---
2026-10-01 17:06:37,100 - INFO - 
****************************************************************************************************
2026-10-01 17:06:41,118 - INFO - --- training epoch 32, loss 0.0227, mae 0.1655, rmse 0.2130, time elapsed(min) 0.06---
2026-10-01 17:06:41,498 - INFO - --- validation at epoch 32, val_loss 0.0236, val_mae 0.1579, val_rmse 0.2116, val_r2 0.3690, val_pearson 0.6381, lr 1.00e-03 ---
2026-10-01 17:06:41,498 - INFO - 
****************************************************************************************************
2026-10-01 17:06:45,666 - INFO - --- training epoch 33, loss 0.0225, mae 0.1649, rmse 0.2121, time elapsed(min) 0.06---
2026-10-01 17:06:45,990 - INFO - --- validation at epoch 33, val_loss 0.0231, val_mae 0.1571, val_rmse 0.2067, val_r2 0.3981, val_pearson 0.6435, lr 1.00e-03 ---
2026-10-01 17:06:45,990 - INFO - 
****************************************************************************************************
2026-10-01 17:06:49,980 - INFO - --- training epoch 34, loss 0.0227, mae 0.1651, rmse 0.2129, time elapsed(min) 0.06---
2026-10-01 17:06:50,327 - INFO - --- validation at epoch 34, val_loss 0.0236, val_mae 0.1585, val_rmse 0.2099, val_r2 0.3791, val_pearson 0.6515, lr 1.00e-03 ---
2026-10-01 17:06:50,327 - INFO - 
****************************************************************************************************
2026-10-01 17:06:54,228 - INFO - --- training epoch 35, loss 0.0228, mae 0.1658, rmse 0.2136, time elapsed(min) 0.06---
2026-10-01 17:06:54,552 - INFO - --- validation at epoch 35, val_loss 0.0235, val_mae 0.1580, val_rmse 0.2102, val_r2 0.3773, val_pearson 0.6475, lr 1.00e-03 ---
2026-10-01 17:06:54,552 - INFO - 
****************************************************************************************************
2026-10-01 17:06:58,608 - INFO - --- training epoch 36, loss 0.0219, mae 0.1622, rmse 0.2092, time elapsed(min) 0.06---
2026-10-01 17:06:59,106 - INFO - --- validation at epoch 36, val_loss 0.0228, val_mae 0.1556, val_rmse 0.2047, val_r2 0.4093, val_pearson 0.6624, lr 1.00e-03 ---
2026-10-01 17:06:59,106 - INFO - 
****************************************************************************************************
2026-10-01 17:07:03,249 - INFO - --- training epoch 37, loss 0.0222, mae 0.1636, rmse 0.2109, time elapsed(min) 0.06---
2026-10-01 17:07:03,571 - INFO - --- validation at epoch 37, val_loss 0.0227, val_mae 0.1567, val_rmse 0.2070, val_r2 0.3965, val_pearson 0.6655, lr 1.00e-03 ---
2026-10-01 17:07:03,571 - INFO - 
****************************************************************************************************
2026-10-01 17:07:07,570 - INFO - --- training epoch 38, loss 0.0212, mae 0.1597, rmse 0.2059, time elapsed(min) 0.06---
2026-10-01 17:07:07,894 - INFO - --- validation at epoch 38, val_loss 0.0243, val_mae 0.1605, val_rmse 0.2107, val_r2 0.3743, val_pearson 0.6638, lr 1.00e-03 ---
2026-10-01 17:07:07,894 - INFO - 
****************************************************************************************************
2026-10-01 17:07:11,958 - INFO - --- training epoch 39, loss 0.0215, mae 0.1605, rmse 0.2076, time elapsed(min) 0.06---
2026-10-01 17:07:12,461 - INFO - --- validation at epoch 39, val_loss 0.0223, val_mae 0.1545, val_rmse 0.2031, val_r2 0.4189, val_pearson 0.6624, lr 1.00e-03 ---
2026-10-01 17:07:12,461 - INFO - 
****************************************************************************************************
2026-10-01 17:07:16,728 - INFO - --- training epoch 40, loss 0.0213, mae 0.1594, rmse 0.2065, time elapsed(min) 0.06---
2026-10-01 17:07:17,053 - INFO - --- validation at epoch 40, val_loss 0.0234, val_mae 0.1557, val_rmse 0.2067, val_r2 0.3981, val_pearson 0.6641, lr 1.00e-03 ---
2026-10-01 17:07:17,053 - INFO - 
****************************************************************************************************
2026-10-01 17:07:20,947 - INFO - --- training epoch 41, loss 0.0212, mae 0.1599, rmse 0.2061, time elapsed(min) 0.06---
2026-10-01 17:07:21,269 - INFO - --- validation at epoch 41, val_loss 0.0255, val_mae 0.1585, val_rmse 0.2092, val_r2 0.3831, val_pearson 0.6356, lr 1.00e-03 ---
2026-10-01 17:07:21,269 - INFO - 
****************************************************************************************************
2026-10-01 17:07:25,215 - INFO - --- training epoch 42, loss 0.0212, mae 0.1590, rmse 0.2057, time elapsed(min) 0.06---
2026-10-01 17:07:25,657 - INFO - --- validation at epoch 42, val_loss 0.0218, val_mae 0.1526, val_rmse 0.2014, val_r2 0.4283, val_pearson 0.6689, lr 1.00e-03 ---
2026-10-01 17:07:25,657 - INFO - 
****************************************************************************************************
2026-10-01 17:07:29,952 - INFO - --- training epoch 43, loss 0.0209, mae 0.1578, rmse 0.2043, time elapsed(min) 0.06---
2026-10-01 17:07:30,278 - INFO - --- validation at epoch 43, val_loss 0.0228, val_mae 0.1510, val_rmse 0.2021, val_r2 0.4244, val_pearson 0.6687, lr 1.00e-03 ---
2026-10-01 17:07:30,278 - INFO - 
****************************************************************************************************
2026-10-01 17:07:34,184 - INFO - --- training epoch 44, loss 0.0205, mae 0.1571, rmse 0.2026, time elapsed(min) 0.06---
2026-10-01 17:07:34,508 - INFO - --- validation at epoch 44, val_loss 0.0218, val_mae 0.1474, val_rmse 0.1959, val_r2 0.4593, val_pearson 0.6979, lr 1.00e-03 ---
2026-10-01 17:07:34,508 - INFO - 
****************************************************************************************************
2026-10-01 17:07:38,522 - INFO - --- training epoch 45, loss 0.0205, mae 0.1561, rmse 0.2024, time elapsed(min) 0.06---
2026-10-01 17:07:38,974 - INFO - --- validation at epoch 45, val_loss 0.0209, val_mae 0.1465, val_rmse 0.1944, val_r2 0.4676, val_pearson 0.6876, lr 1.00e-03 ---
2026-10-01 17:07:38,974 - INFO - 
****************************************************************************************************
2026-10-01 17:07:43,277 - INFO - --- training epoch 46, loss 0.0204, mae 0.1552, rmse 0.2019, time elapsed(min) 0.07---
2026-10-01 17:07:43,611 - INFO - --- validation at epoch 46, val_loss 0.0323, val_mae 0.1753, val_rmse 0.2380, val_r2 0.2018, val_pearson 0.5906, lr 1.00e-03 ---
2026-10-01 17:07:43,612 - INFO - 
****************************************************************************************************
2026-10-01 17:07:47,531 - INFO - --- training epoch 47, loss 0.0213, mae 0.1584, rmse 0.2062, time elapsed(min) 0.06---
2026-10-01 17:07:47,856 - INFO - --- validation at epoch 47, val_loss 0.0200, val_mae 0.1424, val_rmse 0.1901, val_r2 0.4907, val_pearson 0.7067, lr 1.00e-03 ---
2026-10-01 17:07:47,856 - INFO - 
****************************************************************************************************
2026-10-01 17:07:51,878 - INFO - --- training epoch 48, loss 0.0204, mae 0.1554, rmse 0.2022, time elapsed(min) 0.06---
2026-10-01 17:07:52,202 - INFO - --- validation at epoch 48, val_loss 0.0216, val_mae 0.1456, val_rmse 0.1945, val_r2 0.4671, val_pearson 0.6921, lr 1.00e-03 ---
2026-10-01 17:07:52,202 - INFO - 
****************************************************************************************************
2026-10-01 17:07:56,252 - INFO - --- training epoch 49, loss 0.0202, mae 0.1537, rmse 0.2011, time elapsed(min) 0.06---
2026-10-01 17:07:56,734 - INFO - --- validation at epoch 49, val_loss 0.0213, val_mae 0.1455, val_rmse 0.1947, val_r2 0.4657, val_pearson 0.6950, lr 1.00e-03 ---
2026-10-01 17:07:56,734 - INFO - 
****************************************************************************************************
2026-10-01 17:08:00,759 - INFO - --- training epoch 50, loss 0.0198, mae 0.1531, rmse 0.1992, time elapsed(min) 0.06---
2026-10-01 17:08:01,124 - INFO - --- validation at epoch 50, val_loss 0.0217, val_mae 0.1424, val_rmse 0.1902, val_r2 0.4904, val_pearson 0.7109, lr 1.00e-03 ---
2026-10-01 17:08:01,124 - INFO - 
****************************************************************************************************
2026-10-01 17:08:05,038 - INFO - --- training epoch 51, loss 0.0199, mae 0.1539, rmse 0.1995, time elapsed(min) 0.06---
2026-10-01 17:08:05,365 - INFO - --- validation at epoch 51, val_loss 0.0207, val_mae 0.1421, val_rmse 0.1900, val_r2 0.4916, val_pearson 0.7065, lr 1.00e-03 ---
2026-10-01 17:08:05,365 - INFO - 
****************************************************************************************************
2026-10-01 17:08:09,336 - INFO - --- training epoch 52, loss 0.0196, mae 0.1515, rmse 0.1982, time elapsed(min) 0.06---
2026-10-01 17:08:09,865 - INFO - --- validation at epoch 52, val_loss 0.0201, val_mae 0.1413, val_rmse 0.1893, val_r2 0.4948, val_pearson 0.7199, lr 1.00e-03 ---
2026-10-01 17:08:09,865 - INFO - 
****************************************************************************************************
2026-10-01 17:08:13,925 - INFO - --- training epoch 53, loss 0.0231, mae 0.1651, rmse 0.2147, time elapsed(min) 0.06---
2026-10-01 17:08:14,248 - INFO - --- validation at epoch 53, val_loss 0.0324, val_mae 0.2097, val_rmse 0.2476, val_r2 0.1364, val_pearson 0.3862, lr 1.00e-03 ---
2026-10-01 17:08:14,248 - INFO - 
****************************************************************************************************
2026-10-01 17:08:18,152 - INFO - --- training epoch 54, loss 0.0258, mae 0.1799, rmse 0.2273, time elapsed(min) 0.06---
2026-10-01 17:08:18,476 - INFO - --- validation at epoch 54, val_loss 0.0206, val_mae 0.1492, val_rmse 0.1960, val_r2 0.4587, val_pearson 0.6916, lr 1.00e-03 ---
2026-10-01 17:08:18,476 - INFO - 
****************************************************************************************************
2026-10-01 17:08:22,422 - INFO - --- training epoch 55, loss 0.0197, mae 0.1521, rmse 0.1984, time elapsed(min) 0.06---
2026-10-01 17:08:22,903 - INFO - --- validation at epoch 55, val_loss 0.0229, val_mae 0.1464, val_rmse 0.1952, val_r2 0.4633, val_pearson 0.6987, lr 1.00e-03 ---
2026-10-01 17:08:22,903 - INFO - 
****************************************************************************************************
2026-10-01 17:08:27,075 - INFO - --- training epoch 56, loss 0.0197, mae 0.1523, rmse 0.1987, time elapsed(min) 0.07---
2026-10-01 17:08:27,395 - INFO - --- validation at epoch 56, val_loss 0.0226, val_mae 0.1460, val_rmse 0.1953, val_r2 0.4624, val_pearson 0.6983, lr 1.00e-03 ---
2026-10-01 17:08:27,395 - INFO - 
****************************************************************************************************
2026-10-01 17:08:31,333 - INFO - --- training epoch 57, loss 0.0196, mae 0.1508, rmse 0.1979, time elapsed(min) 0.06---
2026-10-01 17:08:31,659 - INFO - --- validation at epoch 57, val_loss 0.0202, val_mae 0.1450, val_rmse 0.1924, val_r2 0.4782, val_pearson 0.7154, lr 1.00e-03 ---
2026-10-01 17:08:31,659 - INFO - 
****************************************************************************************************
2026-10-01 17:08:31,980 - INFO - --- early stopping at epoch 57: val_loss did not improve for 10 epochs ---
2026-10-01 17:08:32,367 - INFO - --- selected checkpoint from epoch 47, val_loss 0.0200, val_mae 0.1424, val_rmse 0.1901
2026-10-01 17:08:33,511 - INFO - -- RESULT
2026-10-01 17:08:33,511 - INFO - --- test size: 1728
2026-10-01 17:08:33,511 - INFO - --- MAE: 0.1527 (15.27 pp), RMSE: 0.1998 (19.98 pp), R2: 0.4832, Pearson: 0.6984
2026-10-01 17:08:35,881 - INFO - --- Cell approach_1_mlp DONE: test MAE=0.1527 RMSE=0.1998 R2=0.4832 | sec/epoch=4.39
2026-10-01 17:08:35,908 - INFO - === RUNNING: dataset=suzuki split=split_7 cell=option_b_linear (tokens=ind, pooling=rn, head=linear) ===
