2026-10-01 18:38:29,511 - INFO - device is	cuda:0
2026-10-01 18:38:29,624 - INFO - -- CONFIGURATIONS
2026-10-01 18:38:29,624 - INFO - --- train/valid/test: 3628/404/1728
2026-10-01 18:38:29,624 - INFO - --- max no. reactants_train, valid, test respectively: 14, 14, 14
2026-10-01 18:38:29,624 - INFO - --- max no. products_train, valid, test respectively: 1, 1, 1
2026-10-01 18:38:29,624 - INFO - --- model_path: ../logs/approach1_server/option_b_mlp/suzuki/runs/suzuki_split_9_20261001_183829/split_9/model.pt
2026-10-01 18:38:29,728 - INFO - -- TRAINING
2026-10-01 18:38:31,992 - INFO - --- training epoch 0, loss 0.8828, mae 1.1706, rmse 3.1450, time elapsed(min) 0.04---
2026-10-01 18:38:32,251 - INFO - --- validation at epoch 0, val_loss 0.0379, val_mae 0.2387, val_rmse 0.2723, val_r2 -0.0013, val_pearson 0.1473, lr 1.00e-03 ---
2026-10-01 18:38:32,251 - INFO - 
****************************************************************************************************
2026-10-01 18:38:34,561 - INFO - --- training epoch 1, loss 0.0427, mae 0.2496, rmse 0.2921, time elapsed(min) 0.03---
2026-10-01 18:38:34,805 - INFO - --- validation at epoch 1, val_loss 0.0378, val_mae 0.2363, val_rmse 0.2726, val_r2 -0.0034, val_pearson 0.1611, lr 1.00e-03 ---
2026-10-01 18:38:34,806 - INFO - 
****************************************************************************************************
2026-10-01 18:38:37,123 - INFO - --- training epoch 2, loss 0.0413, mae 0.2475, rmse 0.2874, time elapsed(min) 0.03---
2026-10-01 18:38:37,375 - INFO - --- validation at epoch 2, val_loss 0.0383, val_mae 0.2358, val_rmse 0.2753, val_r2 -0.0232, val_pearson 0.1612, lr 1.00e-03 ---
2026-10-01 18:38:37,375 - INFO - 
****************************************************************************************************
2026-10-01 18:38:39,644 - INFO - --- training epoch 3, loss 0.0407, mae 0.2467, rmse 0.2854, time elapsed(min) 0.03---
2026-10-01 18:38:40,091 - INFO - --- validation at epoch 3, val_loss 0.0377, val_mae 0.2364, val_rmse 0.2723, val_r2 -0.0012, val_pearson 0.1659, lr 1.00e-03 ---
2026-10-01 18:38:40,091 - INFO - 
****************************************************************************************************
2026-10-01 18:38:42,526 - INFO - --- training epoch 4, loss 0.0403, mae 0.2454, rmse 0.2840, time elapsed(min) 0.03---
2026-10-01 18:38:42,774 - INFO - --- validation at epoch 4, val_loss 0.0385, val_mae 0.2356, val_rmse 0.2757, val_r2 -0.0266, val_pearson 0.1823, lr 1.00e-03 ---
2026-10-01 18:38:42,774 - INFO - 
****************************************************************************************************
2026-10-01 18:38:45,017 - INFO - --- training epoch 5, loss 0.0407, mae 0.2464, rmse 0.2852, time elapsed(min) 0.03---
2026-10-01 18:38:45,269 - INFO - --- validation at epoch 5, val_loss 0.0376, val_mae 0.2359, val_rmse 0.2717, val_r2 0.0029, val_pearson 0.2114, lr 1.00e-03 ---
2026-10-01 18:38:45,269 - INFO - 
****************************************************************************************************
2026-10-01 18:38:47,605 - INFO - --- training epoch 6, loss 0.0402, mae 0.2458, rmse 0.2837, time elapsed(min) 0.03---
2026-10-01 18:38:48,011 - INFO - --- validation at epoch 6, val_loss 0.0373, val_mae 0.2350, val_rmse 0.2705, val_r2 0.0118, val_pearson 0.2404, lr 1.00e-03 ---
2026-10-01 18:38:48,011 - INFO - 
****************************************************************************************************
2026-10-01 18:38:50,565 - INFO - --- training epoch 7, loss 0.0396, mae 0.2428, rmse 0.2814, time elapsed(min) 0.03---
2026-10-01 18:38:50,825 - INFO - --- validation at epoch 7, val_loss 0.0378, val_mae 0.2291, val_rmse 0.2726, val_r2 -0.0032, val_pearson 0.2610, lr 1.00e-03 ---
2026-10-01 18:38:50,825 - INFO - 
****************************************************************************************************
2026-10-01 18:38:53,040 - INFO - --- training epoch 8, loss 0.0399, mae 0.2437, rmse 0.2826, time elapsed(min) 0.03---
2026-10-01 18:38:53,300 - INFO - --- validation at epoch 8, val_loss 0.0371, val_mae 0.2259, val_rmse 0.2694, val_r2 0.0201, val_pearson 0.2903, lr 1.00e-03 ---
2026-10-01 18:38:53,300 - INFO - 
****************************************************************************************************
2026-10-01 18:38:55,711 - INFO - --- training epoch 9, loss 0.0416, mae 0.2463, rmse 0.2884, time elapsed(min) 0.03---
2026-10-01 18:38:56,135 - INFO - --- validation at epoch 9, val_loss 0.0373, val_mae 0.2300, val_rmse 0.2713, val_r2 0.0058, val_pearson 0.2831, lr 1.00e-03 ---
2026-10-01 18:38:56,135 - INFO - 
****************************************************************************************************
2026-10-01 18:38:58,664 - INFO - --- training epoch 10, loss 0.0386, mae 0.2379, rmse 0.2778, time elapsed(min) 0.04---
2026-10-01 18:38:58,919 - INFO - --- validation at epoch 10, val_loss 0.0371, val_mae 0.2273, val_rmse 0.2691, val_r2 0.0223, val_pearson 0.2792, lr 1.00e-03 ---
2026-10-01 18:38:58,919 - INFO - 
****************************************************************************************************
2026-10-01 18:39:01,294 - INFO - --- training epoch 11, loss 0.0380, mae 0.2358, rmse 0.2757, time elapsed(min) 0.03---
2026-10-01 18:39:01,552 - INFO - --- validation at epoch 11, val_loss 0.0364, val_mae 0.2247, val_rmse 0.2659, val_r2 0.0449, val_pearson 0.2843, lr 1.00e-03 ---
2026-10-01 18:39:01,552 - INFO - 
****************************************************************************************************
2026-10-01 18:39:03,874 - INFO - --- training epoch 12, loss 0.0375, mae 0.2331, rmse 0.2739, time elapsed(min) 0.03---
2026-10-01 18:39:04,282 - INFO - --- validation at epoch 12, val_loss 0.0364, val_mae 0.2233, val_rmse 0.2664, val_r2 0.0415, val_pearson 0.3041, lr 1.00e-03 ---
2026-10-01 18:39:04,282 - INFO - 
****************************************************************************************************
2026-10-01 18:39:06,873 - INFO - --- training epoch 13, loss 0.0381, mae 0.2357, rmse 0.2759, time elapsed(min) 0.04---
2026-10-01 18:39:07,326 - INFO - --- validation at epoch 13, val_loss 0.0360, val_mae 0.2193, val_rmse 0.2641, val_r2 0.0584, val_pearson 0.3302, lr 1.00e-03 ---
2026-10-01 18:39:07,326 - INFO - 
****************************************************************************************************
2026-10-01 18:39:09,854 - INFO - --- training epoch 14, loss 0.0371, mae 0.2302, rmse 0.2723, time elapsed(min) 0.03---
2026-10-01 18:39:10,105 - INFO - --- validation at epoch 14, val_loss 0.0381, val_mae 0.2187, val_rmse 0.2729, val_r2 -0.0056, val_pearson 0.3287, lr 1.00e-03 ---
2026-10-01 18:39:10,105 - INFO - 
****************************************************************************************************
2026-10-01 18:39:12,416 - INFO - --- training epoch 15, loss 0.0377, mae 0.2335, rmse 0.2747, time elapsed(min) 0.03---
2026-10-01 18:39:12,680 - INFO - --- validation at epoch 15, val_loss 0.0371, val_mae 0.2201, val_rmse 0.2713, val_r2 0.0060, val_pearson 0.2958, lr 1.00e-03 ---
2026-10-01 18:39:12,680 - INFO - 
****************************************************************************************************
2026-10-01 18:39:15,049 - INFO - --- training epoch 16, loss 0.0364, mae 0.2279, rmse 0.2697, time elapsed(min) 0.03---
2026-10-01 18:39:15,497 - INFO - --- validation at epoch 16, val_loss 0.0351, val_mae 0.2106, val_rmse 0.2606, val_r2 0.0826, val_pearson 0.3632, lr 1.00e-03 ---
2026-10-01 18:39:15,497 - INFO - 
****************************************************************************************************
2026-10-01 18:39:18,063 - INFO - --- training epoch 17, loss 0.0378, mae 0.2302, rmse 0.2751, time elapsed(min) 0.03---
2026-10-01 18:39:18,316 - INFO - --- validation at epoch 17, val_loss 0.0317, val_mae 0.2088, val_rmse 0.2481, val_r2 0.1687, val_pearson 0.4162, lr 1.00e-03 ---
2026-10-01 18:39:18,317 - INFO - 
****************************************************************************************************
2026-10-01 18:39:20,721 - INFO - --- training epoch 18, loss 0.0371, mae 0.2261, rmse 0.2723, time elapsed(min) 0.03---
2026-10-01 18:39:20,979 - INFO - --- validation at epoch 18, val_loss 0.0325, val_mae 0.2120, val_rmse 0.2522, val_r2 0.1413, val_pearson 0.3880, lr 1.00e-03 ---
2026-10-01 18:39:20,979 - INFO - 
****************************************************************************************************
2026-10-01 18:39:23,345 - INFO - --- training epoch 19, loss 0.0347, mae 0.2163, rmse 0.2633, time elapsed(min) 0.03---
2026-10-01 18:39:23,767 - INFO - --- validation at epoch 19, val_loss 0.0320, val_mae 0.2058, val_rmse 0.2490, val_r2 0.1627, val_pearson 0.4165, lr 1.00e-03 ---
2026-10-01 18:39:23,767 - INFO - 
****************************************************************************************************
2026-10-01 18:39:26,255 - INFO - --- training epoch 20, loss 0.0361, mae 0.2221, rmse 0.2687, time elapsed(min) 0.04---
2026-10-01 18:39:26,510 - INFO - --- validation at epoch 20, val_loss 0.0379, val_mae 0.2309, val_rmse 0.2727, val_r2 -0.0041, val_pearson 0.2357, lr 1.00e-03 ---
2026-10-01 18:39:26,510 - INFO - 
****************************************************************************************************
2026-10-01 18:39:28,722 - INFO - --- training epoch 21, loss 0.0389, mae 0.2402, rmse 0.2790, time elapsed(min) 0.03---
2026-10-01 18:39:28,988 - INFO - --- validation at epoch 21, val_loss 0.0382, val_mae 0.2257, val_rmse 0.2715, val_r2 0.0045, val_pearson 0.2725, lr 1.00e-03 ---
2026-10-01 18:39:28,989 - INFO - 
****************************************************************************************************
2026-10-01 18:39:31,250 - INFO - --- training epoch 22, loss 0.0384, mae 0.2375, rmse 0.2773, time elapsed(min) 0.03---
2026-10-01 18:39:31,660 - INFO - --- validation at epoch 22, val_loss 0.0391, val_mae 0.2220, val_rmse 0.2747, val_r2 -0.0190, val_pearson 0.2980, lr 1.00e-03 ---
2026-10-01 18:39:31,660 - INFO - 
****************************************************************************************************
2026-10-01 18:39:34,094 - INFO - --- training epoch 23, loss 0.0375, mae 0.2329, rmse 0.2737, time elapsed(min) 0.03---
2026-10-01 18:39:34,555 - INFO - --- validation at epoch 23, val_loss 0.0381, val_mae 0.2194, val_rmse 0.2714, val_r2 0.0050, val_pearson 0.3110, lr 1.00e-03 ---
2026-10-01 18:39:34,555 - INFO - 
****************************************************************************************************
2026-10-01 18:39:36,961 - INFO - --- training epoch 24, loss 0.0356, mae 0.2223, rmse 0.2668, time elapsed(min) 0.03---
2026-10-01 18:39:37,222 - INFO - --- validation at epoch 24, val_loss 0.0331, val_mae 0.2019, val_rmse 0.2490, val_r2 0.1625, val_pearson 0.4157, lr 1.00e-03 ---
2026-10-01 18:39:37,222 - INFO - 
****************************************************************************************************
2026-10-01 18:39:39,460 - INFO - --- training epoch 25, loss 0.0372, mae 0.2301, rmse 0.2729, time elapsed(min) 0.03---
2026-10-01 18:39:39,707 - INFO - --- validation at epoch 25, val_loss 0.0371, val_mae 0.2250, val_rmse 0.2660, val_r2 0.0443, val_pearson 0.2580, lr 1.00e-03 ---
2026-10-01 18:39:39,707 - INFO - 
****************************************************************************************************
2026-10-01 18:39:42,194 - INFO - --- training epoch 26, loss 0.0374, mae 0.2330, rmse 0.2734, time elapsed(min) 0.04---
2026-10-01 18:39:42,673 - INFO - --- validation at epoch 26, val_loss 0.0369, val_mae 0.2211, val_rmse 0.2679, val_r2 0.0311, val_pearson 0.3286, lr 1.00e-03 ---
2026-10-01 18:39:42,673 - INFO - 
****************************************************************************************************
2026-10-01 18:39:45,079 - INFO - --- training epoch 27, loss 0.0366, mae 0.2300, rmse 0.2707, time elapsed(min) 0.03---
2026-10-01 18:39:45,341 - INFO - --- validation at epoch 27, val_loss 0.0365, val_mae 0.2181, val_rmse 0.2664, val_r2 0.0414, val_pearson 0.3202, lr 1.00e-03 ---
2026-10-01 18:39:45,341 - INFO - 
****************************************************************************************************
2026-10-01 18:39:45,715 - INFO - --- early stopping at epoch 27: val_loss did not improve for 10 epochs ---
2026-10-01 18:39:46,109 - INFO - --- selected checkpoint from epoch 17, val_loss 0.0317, val_mae 0.2088, val_rmse 0.2481
2026-10-01 18:39:47,191 - INFO - -- RESULT
2026-10-01 18:39:47,191 - INFO - --- test size: 1728
2026-10-01 18:39:47,191 - INFO - --- MAE: 0.2200 (22.00 pp), RMSE: 0.2627 (26.27 pp), R2: 0.1243, Pearson: 0.3546
