2026-10-01 16:49:49,376 - INFO - device is	cuda:0
2026-10-01 16:49:49,489 - INFO - -- CONFIGURATIONS
2026-10-01 16:49:49,489 - INFO - --- train/valid/test: 3628/404/1728
2026-10-01 16:49:49,489 - INFO - --- max no. reactants_train, valid, test respectively: 14, 14, 14
2026-10-01 16:49:49,489 - INFO - --- max no. products_train, valid, test respectively: 1, 1, 1
2026-10-01 16:49:49,489 - INFO - --- model_path: ../logs/approach1_server/approach_1_mlp/suzuki/runs/suzuki_split_0_20261001_164949/split_0/model.pt
2026-10-01 16:49:49,592 - INFO - -- TRAINING
2026-10-01 16:49:55,301 - INFO - --- training epoch 0, loss 0.9206, mae 1.2264, rmse 2.9156, time elapsed(min) 0.10---
2026-10-01 16:49:55,750 - INFO - --- validation at epoch 0, val_loss 0.0480, val_mae 0.2613, val_rmse 0.3139, val_r2 -0.0963, val_pearson 0.1016, lr 1.00e-03 ---
2026-10-01 16:49:55,750 - INFO - 
****************************************************************************************************
2026-10-01 16:50:01,314 - INFO - --- training epoch 1, loss 0.0419, mae 0.2474, rmse 0.2896, time elapsed(min) 0.09---
2026-10-01 16:50:01,747 - INFO - --- validation at epoch 1, val_loss 0.0445, val_mae 0.2615, val_rmse 0.3035, val_r2 -0.0249, val_pearson 0.0887, lr 1.00e-03 ---
2026-10-01 16:50:01,747 - INFO - 
****************************************************************************************************
2026-10-01 16:50:07,335 - INFO - --- training epoch 2, loss 0.0406, mae 0.2454, rmse 0.2849, time elapsed(min) 0.09---
2026-10-01 16:50:07,754 - INFO - --- validation at epoch 2, val_loss 0.0438, val_mae 0.2621, val_rmse 0.3015, val_r2 -0.0115, val_pearson 0.0828, lr 1.00e-03 ---
2026-10-01 16:50:07,754 - INFO - 
****************************************************************************************************
2026-10-01 16:50:13,363 - INFO - --- training epoch 3, loss 0.0403, mae 0.2442, rmse 0.2839, time elapsed(min) 0.09---
2026-10-01 16:50:13,982 - INFO - --- validation at epoch 3, val_loss 0.0434, val_mae 0.2676, val_rmse 0.3013, val_r2 -0.0100, val_pearson 0.1046, lr 1.00e-03 ---
2026-10-01 16:50:13,982 - INFO - 
****************************************************************************************************
2026-10-01 16:50:19,741 - INFO - --- training epoch 4, loss 0.0400, mae 0.2440, rmse 0.2828, time elapsed(min) 0.09---
2026-10-01 16:50:20,154 - INFO - --- validation at epoch 4, val_loss 0.0431, val_mae 0.2634, val_rmse 0.2995, val_r2 0.0021, val_pearson 0.1268, lr 1.00e-03 ---
2026-10-01 16:50:20,154 - INFO - 
****************************************************************************************************
2026-10-01 16:50:25,738 - INFO - --- training epoch 5, loss 0.0403, mae 0.2450, rmse 0.2840, time elapsed(min) 0.09---
2026-10-01 16:50:26,162 - INFO - --- validation at epoch 5, val_loss 0.0434, val_mae 0.2619, val_rmse 0.2999, val_r2 -0.0006, val_pearson 0.1319, lr 1.00e-03 ---
2026-10-01 16:50:26,162 - INFO - 
****************************************************************************************************
2026-10-01 16:50:31,669 - INFO - --- training epoch 6, loss 0.0401, mae 0.2433, rmse 0.2830, time elapsed(min) 0.09---
2026-10-01 16:50:32,139 - INFO - --- validation at epoch 6, val_loss 0.0429, val_mae 0.2637, val_rmse 0.2987, val_r2 0.0075, val_pearson 0.1399, lr 1.00e-03 ---
2026-10-01 16:50:32,139 - INFO - 
****************************************************************************************************
2026-10-01 16:50:38,090 - INFO - --- training epoch 7, loss 0.0394, mae 0.2427, rmse 0.2806, time elapsed(min) 0.09---
2026-10-01 16:50:38,521 - INFO - --- validation at epoch 7, val_loss 0.0427, val_mae 0.2626, val_rmse 0.2974, val_r2 0.0158, val_pearson 0.1493, lr 1.00e-03 ---
2026-10-01 16:50:38,521 - INFO - 
****************************************************************************************************
2026-10-01 16:50:44,155 - INFO - --- training epoch 8, loss 0.0402, mae 0.2434, rmse 0.2837, time elapsed(min) 0.09---
2026-10-01 16:50:44,574 - INFO - --- validation at epoch 8, val_loss 0.0428, val_mae 0.2633, val_rmse 0.2983, val_r2 0.0100, val_pearson 0.1421, lr 1.00e-03 ---
2026-10-01 16:50:44,574 - INFO - 
****************************************************************************************************
2026-10-01 16:50:50,097 - INFO - --- training epoch 9, loss 0.0392, mae 0.2426, rmse 0.2801, time elapsed(min) 0.09---
2026-10-01 16:50:50,560 - INFO - --- validation at epoch 9, val_loss 0.0424, val_mae 0.2608, val_rmse 0.2963, val_r2 0.0230, val_pearson 0.1677, lr 1.00e-03 ---
2026-10-01 16:50:50,560 - INFO - 
****************************************************************************************************
2026-10-01 16:50:56,518 - INFO - --- training epoch 10, loss 0.0398, mae 0.2424, rmse 0.2822, time elapsed(min) 0.09---
2026-10-01 16:50:56,936 - INFO - --- validation at epoch 10, val_loss 0.0436, val_mae 0.2611, val_rmse 0.3004, val_r2 -0.0039, val_pearson 0.1359, lr 1.00e-03 ---
2026-10-01 16:50:56,936 - INFO - 
****************************************************************************************************
2026-10-01 16:51:02,519 - INFO - --- training epoch 11, loss 0.0394, mae 0.2429, rmse 0.2808, time elapsed(min) 0.09---
2026-10-01 16:51:02,945 - INFO - --- validation at epoch 11, val_loss 0.0425, val_mae 0.2632, val_rmse 0.2972, val_r2 0.0174, val_pearson 0.1691, lr 1.00e-03 ---
2026-10-01 16:51:02,945 - INFO - 
****************************************************************************************************
2026-10-01 16:51:08,457 - INFO - --- training epoch 12, loss 0.0390, mae 0.2410, rmse 0.2794, time elapsed(min) 0.09---
2026-10-01 16:51:08,929 - INFO - --- validation at epoch 12, val_loss 0.0417, val_mae 0.2597, val_rmse 0.2949, val_r2 0.0325, val_pearson 0.2020, lr 1.00e-03 ---
2026-10-01 16:51:08,929 - INFO - 
****************************************************************************************************
2026-10-01 16:51:14,684 - INFO - --- training epoch 13, loss 0.0399, mae 0.2426, rmse 0.2826, time elapsed(min) 0.09---
2026-10-01 16:51:15,420 - INFO - --- validation at epoch 13, val_loss 0.0431, val_mae 0.2598, val_rmse 0.2990, val_r2 0.0053, val_pearson 0.1967, lr 1.00e-03 ---
2026-10-01 16:51:15,420 - INFO - 
****************************************************************************************************
2026-10-01 16:51:21,008 - INFO - --- training epoch 14, loss 0.0385, mae 0.2398, rmse 0.2776, time elapsed(min) 0.09---
2026-10-01 16:51:21,440 - INFO - --- validation at epoch 14, val_loss 0.0414, val_mae 0.2548, val_rmse 0.2940, val_r2 0.0384, val_pearson 0.2227, lr 1.00e-03 ---
2026-10-01 16:51:21,440 - INFO - 
****************************************************************************************************
2026-10-01 16:51:27,148 - INFO - --- training epoch 15, loss 0.0383, mae 0.2371, rmse 0.2767, time elapsed(min) 0.09---
2026-10-01 16:51:27,567 - INFO - --- validation at epoch 15, val_loss 0.0411, val_mae 0.2511, val_rmse 0.2929, val_r2 0.0454, val_pearson 0.2601, lr 1.00e-03 ---
2026-10-01 16:51:27,567 - INFO - 
****************************************************************************************************
2026-10-01 16:51:33,393 - INFO - --- training epoch 16, loss 0.0392, mae 0.2398, rmse 0.2799, time elapsed(min) 0.09---
2026-10-01 16:51:34,031 - INFO - --- validation at epoch 16, val_loss 0.0417, val_mae 0.2605, val_rmse 0.2947, val_r2 0.0334, val_pearson 0.2247, lr 1.00e-03 ---
2026-10-01 16:51:34,031 - INFO - 
****************************************************************************************************
2026-10-01 16:51:39,712 - INFO - --- training epoch 17, loss 0.0396, mae 0.2411, rmse 0.2814, time elapsed(min) 0.09---
2026-10-01 16:51:40,134 - INFO - --- validation at epoch 17, val_loss 0.0422, val_mae 0.2631, val_rmse 0.2968, val_r2 0.0196, val_pearson 0.2054, lr 1.00e-03 ---
2026-10-01 16:51:40,134 - INFO - 
****************************************************************************************************
2026-10-01 16:51:45,689 - INFO - --- training epoch 18, loss 0.0383, mae 0.2383, rmse 0.2769, time elapsed(min) 0.09---
2026-10-01 16:51:46,111 - INFO - --- validation at epoch 18, val_loss 0.0399, val_mae 0.2512, val_rmse 0.2895, val_r2 0.0675, val_pearson 0.2650, lr 1.00e-03 ---
2026-10-01 16:51:46,112 - INFO - 
****************************************************************************************************
2026-10-01 16:51:51,799 - INFO - --- training epoch 19, loss 0.0389, mae 0.2381, rmse 0.2791, time elapsed(min) 0.09---
2026-10-01 16:51:52,427 - INFO - --- validation at epoch 19, val_loss 0.0429, val_mae 0.2641, val_rmse 0.2991, val_r2 0.0046, val_pearson 0.1195, lr 1.00e-03 ---
2026-10-01 16:51:52,427 - INFO - 
****************************************************************************************************
2026-10-01 16:51:58,155 - INFO - --- training epoch 20, loss 0.0399, mae 0.2431, rmse 0.2826, time elapsed(min) 0.09---
2026-10-01 16:51:58,578 - INFO - --- validation at epoch 20, val_loss 0.0430, val_mae 0.2575, val_rmse 0.2983, val_r2 0.0101, val_pearson 0.2008, lr 1.00e-03 ---
2026-10-01 16:51:58,578 - INFO - 
****************************************************************************************************
2026-10-01 16:52:04,151 - INFO - --- training epoch 21, loss 0.0383, mae 0.2379, rmse 0.2769, time elapsed(min) 0.09---
2026-10-01 16:52:04,576 - INFO - --- validation at epoch 21, val_loss 0.0412, val_mae 0.2578, val_rmse 0.2934, val_r2 0.0423, val_pearson 0.2276, lr 1.00e-03 ---
2026-10-01 16:52:04,577 - INFO - 
****************************************************************************************************
2026-10-01 16:52:10,114 - INFO - --- training epoch 22, loss 0.0394, mae 0.2404, rmse 0.2806, time elapsed(min) 0.09---
2026-10-01 16:52:10,598 - INFO - --- validation at epoch 22, val_loss 0.0417, val_mae 0.2589, val_rmse 0.2946, val_r2 0.0345, val_pearson 0.2168, lr 1.00e-03 ---
2026-10-01 16:52:10,598 - INFO - 
****************************************************************************************************
2026-10-01 16:52:16,503 - INFO - --- training epoch 23, loss 0.0385, mae 0.2376, rmse 0.2774, time elapsed(min) 0.09---
2026-10-01 16:52:16,929 - INFO - --- validation at epoch 23, val_loss 0.0408, val_mae 0.2542, val_rmse 0.2921, val_r2 0.0504, val_pearson 0.2458, lr 1.00e-03 ---
2026-10-01 16:52:16,929 - INFO - 
****************************************************************************************************
2026-10-01 16:52:22,505 - INFO - --- training epoch 24, loss 0.0387, mae 0.2375, rmse 0.2784, time elapsed(min) 0.09---
2026-10-01 16:52:22,932 - INFO - --- validation at epoch 24, val_loss 0.0400, val_mae 0.2525, val_rmse 0.2892, val_r2 0.0691, val_pearson 0.3074, lr 1.00e-03 ---
2026-10-01 16:52:22,932 - INFO - 
****************************************************************************************************
2026-10-01 16:52:28,499 - INFO - --- training epoch 25, loss 0.0375, mae 0.2324, rmse 0.2739, time elapsed(min) 0.09---
2026-10-01 16:52:28,986 - INFO - --- validation at epoch 25, val_loss 0.0350, val_mae 0.2307, val_rmse 0.2708, val_r2 0.1841, val_pearson 0.4969, lr 1.00e-03 ---
2026-10-01 16:52:28,986 - INFO - 
****************************************************************************************************
2026-10-01 16:52:34,822 - INFO - --- training epoch 26, loss 0.0368, mae 0.2275, rmse 0.2712, time elapsed(min) 0.09---
2026-10-01 16:52:35,505 - INFO - --- validation at epoch 26, val_loss 0.0361, val_mae 0.2315, val_rmse 0.2722, val_r2 0.1758, val_pearson 0.5301, lr 1.00e-03 ---
2026-10-01 16:52:35,505 - INFO - 
****************************************************************************************************
2026-10-01 16:52:41,264 - INFO - --- training epoch 27, loss 0.0331, mae 0.2118, rmse 0.2573, time elapsed(min) 0.09---
2026-10-01 16:52:41,688 - INFO - --- validation at epoch 27, val_loss 0.0329, val_mae 0.2304, val_rmse 0.2617, val_r2 0.2382, val_pearson 0.6127, lr 1.00e-03 ---
2026-10-01 16:52:41,689 - INFO - 
****************************************************************************************************
2026-10-01 16:52:47,390 - INFO - --- training epoch 28, loss 0.0310, mae 0.2021, rmse 0.2490, time elapsed(min) 0.09---
2026-10-01 16:52:47,849 - INFO - --- validation at epoch 28, val_loss 0.0334, val_mae 0.2168, val_rmse 0.2585, val_r2 0.2562, val_pearson 0.5213, lr 1.00e-03 ---
2026-10-01 16:52:47,849 - INFO - 
****************************************************************************************************
2026-10-01 16:52:53,409 - INFO - --- training epoch 29, loss 0.0278, mae 0.1895, rmse 0.2359, time elapsed(min) 0.09---
2026-10-01 16:52:53,888 - INFO - --- validation at epoch 29, val_loss 0.0278, val_mae 0.1894, val_rmse 0.2338, val_r2 0.3918, val_pearson 0.6614, lr 1.00e-03 ---
2026-10-01 16:52:53,888 - INFO - 
****************************************************************************************************
2026-10-01 16:52:59,886 - INFO - --- training epoch 30, loss 0.0236, mae 0.1694, rmse 0.2173, time elapsed(min) 0.09---
2026-10-01 16:53:00,335 - INFO - --- validation at epoch 30, val_loss 0.0276, val_mae 0.1815, val_rmse 0.2284, val_r2 0.4196, val_pearson 0.6566, lr 1.00e-03 ---
2026-10-01 16:53:00,335 - INFO - 
****************************************************************************************************
2026-10-01 16:53:05,992 - INFO - --- training epoch 31, loss 0.0234, mae 0.1700, rmse 0.2163, time elapsed(min) 0.09---
2026-10-01 16:53:06,432 - INFO - --- validation at epoch 31, val_loss 0.0263, val_mae 0.1790, val_rmse 0.2244, val_r2 0.4397, val_pearson 0.6769, lr 1.00e-03 ---
2026-10-01 16:53:06,432 - INFO - 
****************************************************************************************************
2026-10-01 16:53:12,147 - INFO - --- training epoch 32, loss 0.0232, mae 0.1694, rmse 0.2154, time elapsed(min) 0.09---
2026-10-01 16:53:12,621 - INFO - --- validation at epoch 32, val_loss 0.0253, val_mae 0.1766, val_rmse 0.2199, val_r2 0.4621, val_pearson 0.6843, lr 1.00e-03 ---
2026-10-01 16:53:12,621 - INFO - 
****************************************************************************************************
2026-10-01 16:53:18,428 - INFO - --- training epoch 33, loss 0.0231, mae 0.1690, rmse 0.2147, time elapsed(min) 0.09---
2026-10-01 16:53:19,041 - INFO - --- validation at epoch 33, val_loss 0.0250, val_mae 0.1821, val_rmse 0.2208, val_r2 0.4577, val_pearson 0.6888, lr 1.00e-03 ---
2026-10-01 16:53:19,041 - INFO - 
****************************************************************************************************
2026-10-01 16:53:24,867 - INFO - --- training epoch 34, loss 0.0231, mae 0.1690, rmse 0.2150, time elapsed(min) 0.09---
2026-10-01 16:53:25,289 - INFO - --- validation at epoch 34, val_loss 0.0256, val_mae 0.1765, val_rmse 0.2210, val_r2 0.4564, val_pearson 0.6803, lr 1.00e-03 ---
2026-10-01 16:53:25,289 - INFO - 
****************************************************************************************************
2026-10-01 16:53:30,880 - INFO - --- training epoch 35, loss 0.0225, mae 0.1660, rmse 0.2120, time elapsed(min) 0.09---
2026-10-01 16:53:31,305 - INFO - --- validation at epoch 35, val_loss 0.0246, val_mae 0.1748, val_rmse 0.2180, val_r2 0.4710, val_pearson 0.6918, lr 1.00e-03 ---
2026-10-01 16:53:31,305 - INFO - 
****************************************************************************************************
2026-10-01 16:53:37,020 - INFO - --- training epoch 36, loss 0.0228, mae 0.1666, rmse 0.2134, time elapsed(min) 0.09---
2026-10-01 16:53:37,633 - INFO - --- validation at epoch 36, val_loss 0.0247, val_mae 0.1806, val_rmse 0.2200, val_r2 0.4613, val_pearson 0.6906, lr 1.00e-03 ---
2026-10-01 16:53:37,633 - INFO - 
****************************************************************************************************
2026-10-01 16:53:43,525 - INFO - --- training epoch 37, loss 0.0223, mae 0.1650, rmse 0.2110, time elapsed(min) 0.09---
2026-10-01 16:53:43,945 - INFO - --- validation at epoch 37, val_loss 0.0238, val_mae 0.1757, val_rmse 0.2169, val_r2 0.4765, val_pearson 0.6960, lr 1.00e-03 ---
2026-10-01 16:53:43,945 - INFO - 
****************************************************************************************************
2026-10-01 16:53:49,614 - INFO - --- training epoch 38, loss 0.0223, mae 0.1646, rmse 0.2113, time elapsed(min) 0.09---
2026-10-01 16:53:50,039 - INFO - --- validation at epoch 38, val_loss 0.0236, val_mae 0.1771, val_rmse 0.2166, val_r2 0.4778, val_pearson 0.7056, lr 1.00e-03 ---
2026-10-01 16:53:50,040 - INFO - 
****************************************************************************************************
2026-10-01 16:53:55,736 - INFO - --- training epoch 39, loss 0.0224, mae 0.1642, rmse 0.2117, time elapsed(min) 0.09---
2026-10-01 16:53:56,328 - INFO - --- validation at epoch 39, val_loss 0.0236, val_mae 0.1792, val_rmse 0.2169, val_r2 0.4763, val_pearson 0.7072, lr 1.00e-03 ---
2026-10-01 16:53:56,328 - INFO - 
****************************************************************************************************
2026-10-01 16:54:02,286 - INFO - --- training epoch 40, loss 0.0222, mae 0.1647, rmse 0.2109, time elapsed(min) 0.09---
2026-10-01 16:54:02,708 - INFO - --- validation at epoch 40, val_loss 0.0266, val_mae 0.1911, val_rmse 0.2326, val_r2 0.3978, val_pearson 0.6714, lr 1.00e-03 ---
2026-10-01 16:54:02,708 - INFO - 
****************************************************************************************************
2026-10-01 16:54:08,341 - INFO - --- training epoch 41, loss 0.0234, mae 0.1690, rmse 0.2165, time elapsed(min) 0.09---
2026-10-01 16:54:08,774 - INFO - --- validation at epoch 41, val_loss 0.0241, val_mae 0.1789, val_rmse 0.2186, val_r2 0.4680, val_pearson 0.6948, lr 1.00e-03 ---
2026-10-01 16:54:08,774 - INFO - 
****************************************************************************************************
2026-10-01 16:54:14,357 - INFO - --- training epoch 42, loss 0.0224, mae 0.1653, rmse 0.2115, time elapsed(min) 0.09---
2026-10-01 16:54:14,832 - INFO - --- validation at epoch 42, val_loss 0.0232, val_mae 0.1680, val_rmse 0.2134, val_r2 0.4932, val_pearson 0.7070, lr 1.00e-03 ---
2026-10-01 16:54:14,832 - INFO - 
****************************************************************************************************
2026-10-01 16:54:20,671 - INFO - --- training epoch 43, loss 0.0215, mae 0.1612, rmse 0.2075, time elapsed(min) 0.09---
2026-10-01 16:54:21,317 - INFO - --- validation at epoch 43, val_loss 0.0226, val_mae 0.1689, val_rmse 0.2118, val_r2 0.5010, val_pearson 0.7121, lr 1.00e-03 ---
2026-10-01 16:54:21,317 - INFO - 
****************************************************************************************************
2026-10-01 16:54:27,158 - INFO - --- training epoch 44, loss 0.0216, mae 0.1617, rmse 0.2080, time elapsed(min) 0.09---
2026-10-01 16:54:27,587 - INFO - --- validation at epoch 44, val_loss 0.0223, val_mae 0.1703, val_rmse 0.2112, val_r2 0.5038, val_pearson 0.7160, lr 1.00e-03 ---
2026-10-01 16:54:27,587 - INFO - 
****************************************************************************************************
2026-10-01 16:54:33,372 - INFO - --- training epoch 45, loss 0.0213, mae 0.1594, rmse 0.2062, time elapsed(min) 0.09---
2026-10-01 16:54:33,797 - INFO - --- validation at epoch 45, val_loss 0.0224, val_mae 0.1674, val_rmse 0.2116, val_r2 0.5019, val_pearson 0.7149, lr 1.00e-03 ---
2026-10-01 16:54:33,797 - INFO - 
****************************************************************************************************
2026-10-01 16:54:39,567 - INFO - --- training epoch 46, loss 0.0213, mae 0.1603, rmse 0.2065, time elapsed(min) 0.09---
2026-10-01 16:54:40,185 - INFO - --- validation at epoch 46, val_loss 0.0220, val_mae 0.1689, val_rmse 0.2112, val_r2 0.5035, val_pearson 0.7163, lr 1.00e-03 ---
2026-10-01 16:54:40,185 - INFO - 
****************************************************************************************************
2026-10-01 16:54:46,011 - INFO - --- training epoch 47, loss 0.0213, mae 0.1597, rmse 0.2063, time elapsed(min) 0.09---
2026-10-01 16:54:46,438 - INFO - --- validation at epoch 47, val_loss 0.0221, val_mae 0.1663, val_rmse 0.2104, val_r2 0.5074, val_pearson 0.7165, lr 1.00e-03 ---
2026-10-01 16:54:46,438 - INFO - 
****************************************************************************************************
2026-10-01 16:54:52,021 - INFO - --- training epoch 48, loss 0.0212, mae 0.1588, rmse 0.2060, time elapsed(min) 0.09---
2026-10-01 16:54:52,457 - INFO - --- validation at epoch 48, val_loss 0.0222, val_mae 0.1661, val_rmse 0.2100, val_r2 0.5090, val_pearson 0.7182, lr 1.00e-03 ---
2026-10-01 16:54:52,457 - INFO - 
****************************************************************************************************
2026-10-01 16:54:58,135 - INFO - --- training epoch 49, loss 0.0209, mae 0.1578, rmse 0.2042, time elapsed(min) 0.09---
2026-10-01 16:54:58,763 - INFO - --- validation at epoch 49, val_loss 0.0221, val_mae 0.1667, val_rmse 0.2110, val_r2 0.5048, val_pearson 0.7172, lr 1.00e-03 ---
2026-10-01 16:54:58,763 - INFO - 
****************************************************************************************************
2026-10-01 16:55:04,636 - INFO - --- training epoch 50, loss 0.0207, mae 0.1564, rmse 0.2035, time elapsed(min) 0.09---
2026-10-01 16:55:05,061 - INFO - --- validation at epoch 50, val_loss 0.0220, val_mae 0.1662, val_rmse 0.2111, val_r2 0.5041, val_pearson 0.7126, lr 1.00e-03 ---
2026-10-01 16:55:05,061 - INFO - 
****************************************************************************************************
2026-10-01 16:55:10,744 - INFO - --- training epoch 51, loss 0.0217, mae 0.1604, rmse 0.2081, time elapsed(min) 0.09---
2026-10-01 16:55:11,169 - INFO - --- validation at epoch 51, val_loss 0.0231, val_mae 0.1656, val_rmse 0.2132, val_r2 0.4940, val_pearson 0.7064, lr 1.00e-03 ---
2026-10-01 16:55:11,169 - INFO - 
****************************************************************************************************
2026-10-01 16:55:16,765 - INFO - --- training epoch 52, loss 0.0217, mae 0.1616, rmse 0.2083, time elapsed(min) 0.09---
2026-10-01 16:55:17,250 - INFO - --- validation at epoch 52, val_loss 0.0229, val_mae 0.1735, val_rmse 0.2157, val_r2 0.4821, val_pearson 0.7115, lr 1.00e-03 ---
2026-10-01 16:55:17,251 - INFO - 
****************************************************************************************************
2026-10-01 16:55:23,160 - INFO - --- training epoch 53, loss 0.0209, mae 0.1587, rmse 0.2044, time elapsed(min) 0.09---
2026-10-01 16:55:23,585 - INFO - --- validation at epoch 53, val_loss 0.0220, val_mae 0.1702, val_rmse 0.2109, val_r2 0.5048, val_pearson 0.7185, lr 1.00e-03 ---
2026-10-01 16:55:23,585 - INFO - 
****************************************************************************************************
2026-10-01 16:55:29,169 - INFO - --- training epoch 54, loss 0.0207, mae 0.1583, rmse 0.2037, time elapsed(min) 0.09---
2026-10-01 16:55:29,600 - INFO - --- validation at epoch 54, val_loss 0.0212, val_mae 0.1619, val_rmse 0.2071, val_r2 0.5225, val_pearson 0.7255, lr 1.00e-03 ---
2026-10-01 16:55:29,601 - INFO - 
****************************************************************************************************
2026-10-01 16:55:35,303 - INFO - --- training epoch 55, loss 0.0207, mae 0.1569, rmse 0.2036, time elapsed(min) 0.09---
2026-10-01 16:55:35,751 - INFO - --- validation at epoch 55, val_loss 0.0206, val_mae 0.1634, val_rmse 0.2039, val_r2 0.5374, val_pearson 0.7384, lr 1.00e-03 ---
2026-10-01 16:55:35,751 - INFO - 
****************************************************************************************************
2026-10-01 16:55:41,623 - INFO - --- training epoch 56, loss 0.0205, mae 0.1561, rmse 0.2026, time elapsed(min) 0.09---
2026-10-01 16:55:42,252 - INFO - --- validation at epoch 56, val_loss 0.0203, val_mae 0.1599, val_rmse 0.2006, val_r2 0.5521, val_pearson 0.7466, lr 1.00e-03 ---
2026-10-01 16:55:42,252 - INFO - 
****************************************************************************************************
2026-10-01 16:55:48,062 - INFO - --- training epoch 57, loss 0.0202, mae 0.1533, rmse 0.2010, time elapsed(min) 0.09---
2026-10-01 16:55:48,495 - INFO - --- validation at epoch 57, val_loss 0.0202, val_mae 0.1576, val_rmse 0.1988, val_r2 0.5602, val_pearson 0.7505, lr 1.00e-03 ---
2026-10-01 16:55:48,495 - INFO - 
****************************************************************************************************
2026-10-01 16:55:54,254 - INFO - --- training epoch 58, loss 0.0198, mae 0.1537, rmse 0.1992, time elapsed(min) 0.09---
2026-10-01 16:55:54,717 - INFO - --- validation at epoch 58, val_loss 0.0202, val_mae 0.1585, val_rmse 0.2002, val_r2 0.5540, val_pearson 0.7478, lr 1.00e-03 ---
2026-10-01 16:55:54,717 - INFO - 
****************************************************************************************************
2026-10-01 16:56:00,474 - INFO - --- training epoch 59, loss 0.0197, mae 0.1526, rmse 0.1987, time elapsed(min) 0.09---
2026-10-01 16:56:01,087 - INFO - --- validation at epoch 59, val_loss 0.0209, val_mae 0.1642, val_rmse 0.2057, val_r2 0.5292, val_pearson 0.7398, lr 1.00e-03 ---
2026-10-01 16:56:01,087 - INFO - 
****************************************************************************************************
2026-10-01 16:56:07,046 - INFO - --- training epoch 60, loss 0.0196, mae 0.1513, rmse 0.1978, time elapsed(min) 0.09---
2026-10-01 16:56:07,478 - INFO - --- validation at epoch 60, val_loss 0.0203, val_mae 0.1601, val_rmse 0.2019, val_r2 0.5466, val_pearson 0.7446, lr 1.00e-03 ---
2026-10-01 16:56:07,478 - INFO - 
****************************************************************************************************
2026-10-01 16:56:13,068 - INFO - --- training epoch 61, loss 0.0197, mae 0.1519, rmse 0.1984, time elapsed(min) 0.09---
2026-10-01 16:56:13,490 - INFO - --- validation at epoch 61, val_loss 0.0272, val_mae 0.1947, val_rmse 0.2378, val_r2 0.3707, val_pearson 0.6366, lr 1.00e-03 ---
2026-10-01 16:56:13,490 - INFO - 
****************************************************************************************************
2026-10-01 16:56:19,166 - INFO - --- training epoch 62, loss 0.0232, mae 0.1673, rmse 0.2156, time elapsed(min) 0.09---
2026-10-01 16:56:19,643 - INFO - --- validation at epoch 62, val_loss 0.0212, val_mae 0.1635, val_rmse 0.2061, val_r2 0.5273, val_pearson 0.7337, lr 1.00e-03 ---
2026-10-01 16:56:19,643 - INFO - 
****************************************************************************************************
2026-10-01 16:56:25,563 - INFO - --- training epoch 63, loss 0.0201, mae 0.1547, rmse 0.2003, time elapsed(min) 0.09---
2026-10-01 16:56:25,991 - INFO - --- validation at epoch 63, val_loss 0.0195, val_mae 0.1577, val_rmse 0.1988, val_r2 0.5601, val_pearson 0.7509, lr 1.00e-03 ---
2026-10-01 16:56:25,991 - INFO - 
****************************************************************************************************
2026-10-01 16:56:31,709 - INFO - --- training epoch 64, loss 0.0201, mae 0.1548, rmse 0.2003, time elapsed(min) 0.09---
2026-10-01 16:56:32,152 - INFO - --- validation at epoch 64, val_loss 0.0199, val_mae 0.1597, val_rmse 0.2011, val_r2 0.5501, val_pearson 0.7493, lr 1.00e-03 ---
2026-10-01 16:56:32,152 - INFO - 
****************************************************************************************************
2026-10-01 16:56:37,806 - INFO - --- training epoch 65, loss 0.0196, mae 0.1523, rmse 0.1981, time elapsed(min) 0.09---
2026-10-01 16:56:38,226 - INFO - --- validation at epoch 65, val_loss 0.0198, val_mae 0.1587, val_rmse 0.2001, val_r2 0.5545, val_pearson 0.7537, lr 1.00e-03 ---
2026-10-01 16:56:38,226 - INFO - 
****************************************************************************************************
2026-10-01 16:56:44,041 - INFO - --- training epoch 66, loss 0.0197, mae 0.1525, rmse 0.1986, time elapsed(min) 0.09---
2026-10-01 16:56:44,656 - INFO - --- validation at epoch 66, val_loss 0.0210, val_mae 0.1647, val_rmse 0.2064, val_r2 0.5258, val_pearson 0.7404, lr 1.00e-03 ---
2026-10-01 16:56:44,656 - INFO - 
****************************************************************************************************
2026-10-01 16:56:50,388 - INFO - --- training epoch 67, loss 0.0195, mae 0.1510, rmse 0.1973, time elapsed(min) 0.09---
2026-10-01 16:56:50,819 - INFO - --- validation at epoch 67, val_loss 0.0197, val_mae 0.1568, val_rmse 0.1994, val_r2 0.5576, val_pearson 0.7556, lr 1.00e-03 ---
2026-10-01 16:56:50,819 - INFO - 
****************************************************************************************************
2026-10-01 16:56:56,409 - INFO - --- training epoch 68, loss 0.0196, mae 0.1517, rmse 0.1979, time elapsed(min) 0.09---
2026-10-01 16:56:56,831 - INFO - --- validation at epoch 68, val_loss 0.0198, val_mae 0.1590, val_rmse 0.2016, val_r2 0.5476, val_pearson 0.7508, lr 1.00e-03 ---
2026-10-01 16:56:56,831 - INFO - 
****************************************************************************************************
2026-10-01 16:57:02,457 - INFO - --- training epoch 69, loss 0.0199, mae 0.1529, rmse 0.1997, time elapsed(min) 0.09---
2026-10-01 16:57:03,111 - INFO - --- validation at epoch 69, val_loss 0.0215, val_mae 0.1679, val_rmse 0.2112, val_r2 0.5036, val_pearson 0.7272, lr 1.00e-03 ---
2026-10-01 16:57:03,111 - INFO - 
****************************************************************************************************
2026-10-01 16:57:08,869 - INFO - --- training epoch 70, loss 0.0198, mae 0.1515, rmse 0.1988, time elapsed(min) 0.09---
2026-10-01 16:57:09,295 - INFO - --- validation at epoch 70, val_loss 0.0195, val_mae 0.1586, val_rmse 0.2005, val_r2 0.5527, val_pearson 0.7538, lr 1.00e-03 ---
2026-10-01 16:57:09,295 - INFO - 
****************************************************************************************************
2026-10-01 16:57:15,110 - INFO - --- training epoch 71, loss 0.0193, mae 0.1494, rmse 0.1967, time elapsed(min) 0.09---
2026-10-01 16:57:15,540 - INFO - --- validation at epoch 71, val_loss 0.0197, val_mae 0.1576, val_rmse 0.2013, val_r2 0.5492, val_pearson 0.7486, lr 1.00e-03 ---
2026-10-01 16:57:15,540 - INFO - 
****************************************************************************************************
2026-10-01 16:57:21,107 - INFO - --- training epoch 72, loss 0.0194, mae 0.1495, rmse 0.1970, time elapsed(min) 0.09---
2026-10-01 16:57:21,594 - INFO - --- validation at epoch 72, val_loss 0.0203, val_mae 0.1608, val_rmse 0.2040, val_r2 0.5369, val_pearson 0.7455, lr 1.00e-03 ---
2026-10-01 16:57:21,594 - INFO - 
****************************************************************************************************
2026-10-01 16:57:27,535 - INFO - --- training epoch 73, loss 0.0195, mae 0.1501, rmse 0.1976, time elapsed(min) 0.09---
2026-10-01 16:57:27,966 - INFO - --- validation at epoch 73, val_loss 0.0200, val_mae 0.1605, val_rmse 0.2030, val_r2 0.5413, val_pearson 0.7457, lr 1.00e-03 ---
2026-10-01 16:57:27,966 - INFO - 
****************************************************************************************************
2026-10-01 16:57:28,338 - INFO - --- early stopping at epoch 73: val_loss did not improve for 10 epochs ---
2026-10-01 16:57:28,817 - INFO - --- selected checkpoint from epoch 63, val_loss 0.0195, val_mae 0.1577, val_rmse 0.1988
2026-10-01 16:57:30,416 - INFO - -- RESULT
2026-10-01 16:57:30,417 - INFO - --- test size: 1728
2026-10-01 16:57:30,417 - INFO - --- MAE: 0.1536 (15.36 pp), RMSE: 0.1998 (19.98 pp), R2: 0.4839, Pearson: 0.6994
