2026-10-01 17:51:14,426 - INFO - device is	cuda:0
2026-10-01 17:51:14,532 - INFO - -- CONFIGURATIONS
2026-10-01 17:51:14,532 - INFO - --- train/valid/test: 3628/404/1728
2026-10-01 17:51:14,532 - INFO - --- max no. reactants_train, valid, test respectively: 14, 14, 14
2026-10-01 17:51:14,532 - INFO - --- max no. products_train, valid, test respectively: 1, 1, 1
2026-10-01 17:51:14,532 - INFO - --- model_path: ../logs/suzuki_approach1_grid/runs/suzuki/split_9/option_b_mlp/model.pt
2026-10-01 17:51:14,540 - INFO - -- TRAINING
2026-10-01 17:51:15,918 - INFO - --- training epoch 0, loss 0.9196, mae 1.2366, rmse 2.8627, time elapsed(min) 0.02---
2026-10-01 17:51:16,125 - INFO - --- validation at epoch 0, val_loss 0.0390, val_mae 0.2360, val_rmse 0.2781, val_r2 -0.0445, val_pearson -0.0438, lr 1.00e-03 ---
2026-10-01 17:51:16,126 - INFO - 
****************************************************************************************************
2026-10-01 17:51:17,814 - INFO - --- training epoch 1, loss 0.0433, mae 0.2506, rmse 0.2942, time elapsed(min) 0.02---
2026-10-01 17:51:18,020 - INFO - --- validation at epoch 1, val_loss 0.0377, val_mae 0.2368, val_rmse 0.2724, val_r2 -0.0019, val_pearson 0.0047, lr 1.00e-03 ---
2026-10-01 17:51:18,020 - INFO - 
****************************************************************************************************
2026-10-01 17:51:19,680 - INFO - --- training epoch 2, loss 0.0407, mae 0.2465, rmse 0.2852, time elapsed(min) 0.02---
2026-10-01 17:51:20,014 - INFO - --- validation at epoch 2, val_loss 0.0378, val_mae 0.2363, val_rmse 0.2727, val_r2 -0.0044, val_pearson 0.1087, lr 1.00e-03 ---
2026-10-01 17:51:20,014 - INFO - 
****************************************************************************************************
2026-10-01 17:51:21,882 - INFO - --- training epoch 3, loss 0.0406, mae 0.2459, rmse 0.2848, time elapsed(min) 0.03---
2026-10-01 17:51:22,089 - INFO - --- validation at epoch 3, val_loss 0.0382, val_mae 0.2358, val_rmse 0.2745, val_r2 -0.0176, val_pearson 0.1314, lr 1.00e-03 ---
2026-10-01 17:51:22,089 - INFO - 
****************************************************************************************************
2026-10-01 17:51:23,764 - INFO - --- training epoch 4, loss 0.0407, mae 0.2463, rmse 0.2854, time elapsed(min) 0.02---
2026-10-01 17:51:23,975 - INFO - --- validation at epoch 4, val_loss 0.0390, val_mae 0.2358, val_rmse 0.2782, val_r2 -0.0448, val_pearson 0.1616, lr 1.00e-03 ---
2026-10-01 17:51:23,975 - INFO - 
****************************************************************************************************
2026-10-01 17:51:25,582 - INFO - --- training epoch 5, loss 0.0410, mae 0.2473, rmse 0.2862, time elapsed(min) 0.02---
2026-10-01 17:51:25,812 - INFO - --- validation at epoch 5, val_loss 0.0382, val_mae 0.2401, val_rmse 0.2732, val_r2 -0.0081, val_pearson 0.1826, lr 1.00e-03 ---
2026-10-01 17:51:25,812 - INFO - 
****************************************************************************************************
2026-10-01 17:51:27,503 - INFO - --- training epoch 6, loss 0.0401, mae 0.2452, rmse 0.2830, time elapsed(min) 0.02---
2026-10-01 17:51:27,886 - INFO - --- validation at epoch 6, val_loss 0.0377, val_mae 0.2380, val_rmse 0.2717, val_r2 0.0030, val_pearson 0.1727, lr 1.00e-03 ---
2026-10-01 17:51:27,887 - INFO - 
****************************************************************************************************
2026-10-01 17:51:29,695 - INFO - --- training epoch 7, loss 0.0400, mae 0.2452, rmse 0.2830, time elapsed(min) 0.02---
2026-10-01 17:51:29,909 - INFO - --- validation at epoch 7, val_loss 0.0374, val_mae 0.2370, val_rmse 0.2710, val_r2 0.0080, val_pearson 0.1551, lr 1.00e-03 ---
2026-10-01 17:51:29,909 - INFO - 
****************************************************************************************************
2026-10-01 17:51:31,610 - INFO - --- training epoch 8, loss 0.0400, mae 0.2446, rmse 0.2827, time elapsed(min) 0.02---
2026-10-01 17:51:31,821 - INFO - --- validation at epoch 8, val_loss 0.0372, val_mae 0.2369, val_rmse 0.2706, val_r2 0.0115, val_pearson 0.1471, lr 1.00e-03 ---
2026-10-01 17:51:31,821 - INFO - 
****************************************************************************************************
2026-10-01 17:51:33,536 - INFO - --- training epoch 9, loss 0.0398, mae 0.2444, rmse 0.2823, time elapsed(min) 0.02---
2026-10-01 17:51:33,868 - INFO - --- validation at epoch 9, val_loss 0.0368, val_mae 0.2341, val_rmse 0.2698, val_r2 0.0169, val_pearson 0.1503, lr 1.00e-03 ---
2026-10-01 17:51:33,868 - INFO - 
****************************************************************************************************
2026-10-01 17:51:35,785 - INFO - --- training epoch 10, loss 0.0395, mae 0.2434, rmse 0.2812, time elapsed(min) 0.03---
2026-10-01 17:51:36,000 - INFO - --- validation at epoch 10, val_loss 0.0372, val_mae 0.2320, val_rmse 0.2721, val_r2 0.0004, val_pearson 0.1676, lr 1.00e-03 ---
2026-10-01 17:51:36,000 - INFO - 
****************************************************************************************************
2026-10-01 17:51:37,575 - INFO - --- training epoch 11, loss 0.0395, mae 0.2433, rmse 0.2811, time elapsed(min) 0.02---
2026-10-01 17:51:37,788 - INFO - --- validation at epoch 11, val_loss 0.0370, val_mae 0.2305, val_rmse 0.2711, val_r2 0.0072, val_pearson 0.2103, lr 1.00e-03 ---
2026-10-01 17:51:37,788 - INFO - 
****************************************************************************************************
2026-10-01 17:51:39,433 - INFO - --- training epoch 12, loss 0.0394, mae 0.2423, rmse 0.2806, time elapsed(min) 0.02---
2026-10-01 17:51:39,645 - INFO - --- validation at epoch 12, val_loss 0.0373, val_mae 0.2292, val_rmse 0.2722, val_r2 -0.0009, val_pearson 0.2379, lr 1.00e-03 ---
2026-10-01 17:51:39,645 - INFO - 
****************************************************************************************************
2026-10-01 17:51:41,331 - INFO - --- training epoch 13, loss 0.0393, mae 0.2419, rmse 0.2802, time elapsed(min) 0.02---
2026-10-01 17:51:41,705 - INFO - --- validation at epoch 13, val_loss 0.0364, val_mae 0.2295, val_rmse 0.2684, val_r2 0.0274, val_pearson 0.2398, lr 1.00e-03 ---
2026-10-01 17:51:41,705 - INFO - 
****************************************************************************************************
2026-10-01 17:51:43,506 - INFO - --- training epoch 14, loss 0.0390, mae 0.2400, rmse 0.2792, time elapsed(min) 0.02---
2026-10-01 17:51:43,716 - INFO - --- validation at epoch 14, val_loss 0.0368, val_mae 0.2266, val_rmse 0.2694, val_r2 0.0200, val_pearson 0.2631, lr 1.00e-03 ---
2026-10-01 17:51:43,716 - INFO - 
****************************************************************************************************
2026-10-01 17:51:45,358 - INFO - --- training epoch 15, loss 0.0390, mae 0.2400, rmse 0.2793, time elapsed(min) 0.02---
2026-10-01 17:51:45,567 - INFO - --- validation at epoch 15, val_loss 0.0353, val_mae 0.2251, val_rmse 0.2624, val_r2 0.0704, val_pearson 0.3143, lr 1.00e-03 ---
2026-10-01 17:51:45,567 - INFO - 
****************************************************************************************************
2026-10-01 17:51:47,346 - INFO - --- training epoch 16, loss 0.0375, mae 0.2341, rmse 0.2738, time elapsed(min) 0.02---
2026-10-01 17:51:47,680 - INFO - --- validation at epoch 16, val_loss 0.0336, val_mae 0.2182, val_rmse 0.2566, val_r2 0.1107, val_pearson 0.3555, lr 1.00e-03 ---
2026-10-01 17:51:47,680 - INFO - 
****************************************************************************************************
2026-10-01 17:51:49,609 - INFO - --- training epoch 17, loss 0.0374, mae 0.2336, rmse 0.2735, time elapsed(min) 0.03---
2026-10-01 17:51:49,818 - INFO - --- validation at epoch 17, val_loss 0.0343, val_mae 0.2184, val_rmse 0.2599, val_r2 0.0881, val_pearson 0.3611, lr 1.00e-03 ---
2026-10-01 17:51:49,818 - INFO - 
****************************************************************************************************
2026-10-01 17:51:51,424 - INFO - --- training epoch 18, loss 0.0373, mae 0.2324, rmse 0.2732, time elapsed(min) 0.02---
2026-10-01 17:51:51,632 - INFO - --- validation at epoch 18, val_loss 0.0337, val_mae 0.2162, val_rmse 0.2573, val_r2 0.1058, val_pearson 0.3877, lr 1.00e-03 ---
2026-10-01 17:51:51,632 - INFO - 
****************************************************************************************************
2026-10-01 17:51:53,246 - INFO - --- training epoch 19, loss 0.0383, mae 0.2351, rmse 0.2767, time elapsed(min) 0.02---
2026-10-01 17:51:53,574 - INFO - --- validation at epoch 19, val_loss 0.0342, val_mae 0.2176, val_rmse 0.2613, val_r2 0.0778, val_pearson 0.3639, lr 1.00e-03 ---
2026-10-01 17:51:53,574 - INFO - 
****************************************************************************************************
2026-10-01 17:51:55,372 - INFO - --- training epoch 20, loss 0.0361, mae 0.2264, rmse 0.2687, time elapsed(min) 0.03---
2026-10-01 17:51:55,597 - INFO - --- validation at epoch 20, val_loss 0.0303, val_mae 0.2074, val_rmse 0.2443, val_r2 0.1939, val_pearson 0.4447, lr 1.00e-03 ---
2026-10-01 17:51:55,597 - INFO - 
****************************************************************************************************
2026-10-01 17:51:57,310 - INFO - --- training epoch 21, loss 0.0316, mae 0.2066, rmse 0.2515, time elapsed(min) 0.02---
2026-10-01 17:51:57,540 - INFO - --- validation at epoch 21, val_loss 0.0245, val_mae 0.1721, val_rmse 0.2200, val_r2 0.3465, val_pearson 0.5915, lr 1.00e-03 ---
2026-10-01 17:51:57,540 - INFO - 
****************************************************************************************************
2026-10-01 17:51:59,253 - INFO - --- training epoch 22, loss 0.0314, mae 0.2042, rmse 0.2507, time elapsed(min) 0.02---
2026-10-01 17:51:59,461 - INFO - --- validation at epoch 22, val_loss 0.0309, val_mae 0.2060, val_rmse 0.2469, val_r2 0.1770, val_pearson 0.4734, lr 1.00e-03 ---
2026-10-01 17:51:59,461 - INFO - 
****************************************************************************************************
2026-10-01 17:52:01,149 - INFO - --- training epoch 23, loss 0.0278, mae 0.1884, rmse 0.2358, time elapsed(min) 0.02---
2026-10-01 17:52:01,517 - INFO - --- validation at epoch 23, val_loss 0.0246, val_mae 0.1743, val_rmse 0.2208, val_r2 0.3415, val_pearson 0.5851, lr 1.00e-03 ---
2026-10-01 17:52:01,517 - INFO - 
****************************************************************************************************
2026-10-01 17:52:03,215 - INFO - --- training epoch 24, loss 0.0265, mae 0.1822, rmse 0.2304, time elapsed(min) 0.02---
2026-10-01 17:52:03,423 - INFO - --- validation at epoch 24, val_loss 0.0239, val_mae 0.1763, val_rmse 0.2211, val_r2 0.3397, val_pearson 0.5967, lr 1.00e-03 ---
2026-10-01 17:52:03,423 - INFO - 
****************************************************************************************************
2026-10-01 17:52:05,112 - INFO - --- training epoch 25, loss 0.0245, mae 0.1735, rmse 0.2212, time elapsed(min) 0.02---
2026-10-01 17:52:05,326 - INFO - --- validation at epoch 25, val_loss 0.0259, val_mae 0.1804, val_rmse 0.2299, val_r2 0.2860, val_pearson 0.5973, lr 1.00e-03 ---
2026-10-01 17:52:05,326 - INFO - 
****************************************************************************************************
2026-10-01 17:52:07,024 - INFO - --- training epoch 26, loss 0.0260, mae 0.1804, rmse 0.2282, time elapsed(min) 0.02---
2026-10-01 17:52:07,412 - INFO - --- validation at epoch 26, val_loss 0.0249, val_mae 0.1764, val_rmse 0.2237, val_r2 0.3239, val_pearson 0.5938, lr 1.00e-03 ---
2026-10-01 17:52:07,412 - INFO - 
****************************************************************************************************
2026-10-01 17:52:09,301 - INFO - --- training epoch 27, loss 0.0252, mae 0.1770, rmse 0.2244, time elapsed(min) 0.03---
2026-10-01 17:52:09,510 - INFO - --- validation at epoch 27, val_loss 0.0239, val_mae 0.1704, val_rmse 0.2200, val_r2 0.3463, val_pearson 0.6166, lr 1.00e-03 ---
2026-10-01 17:52:09,510 - INFO - 
****************************************************************************************************
2026-10-01 17:52:11,195 - INFO - --- training epoch 28, loss 0.0242, mae 0.1738, rmse 0.2200, time elapsed(min) 0.02---
2026-10-01 17:52:11,405 - INFO - --- validation at epoch 28, val_loss 0.0234, val_mae 0.1689, val_rmse 0.2182, val_r2 0.3569, val_pearson 0.6166, lr 1.00e-03 ---
2026-10-01 17:52:11,405 - INFO - 
****************************************************************************************************
2026-10-01 17:52:13,090 - INFO - --- training epoch 29, loss 0.0236, mae 0.1706, rmse 0.2175, time elapsed(min) 0.02---
2026-10-01 17:52:13,415 - INFO - --- validation at epoch 29, val_loss 0.0227, val_mae 0.1725, val_rmse 0.2138, val_r2 0.3830, val_pearson 0.6244, lr 1.00e-03 ---
2026-10-01 17:52:13,415 - INFO - 
****************************************************************************************************
2026-10-01 17:52:15,200 - INFO - --- training epoch 30, loss 0.0239, mae 0.1718, rmse 0.2184, time elapsed(min) 0.02---
2026-10-01 17:52:15,667 - INFO - --- validation at epoch 30, val_loss 0.0228, val_mae 0.1660, val_rmse 0.2148, val_r2 0.3771, val_pearson 0.6232, lr 1.00e-03 ---
2026-10-01 17:52:15,667 - INFO - 
****************************************************************************************************
2026-10-01 17:52:17,305 - INFO - --- training epoch 31, loss 0.0240, mae 0.1717, rmse 0.2192, time elapsed(min) 0.02---
2026-10-01 17:52:17,517 - INFO - --- validation at epoch 31, val_loss 0.0234, val_mae 0.1710, val_rmse 0.2154, val_r2 0.3734, val_pearson 0.6133, lr 1.00e-03 ---
2026-10-01 17:52:17,517 - INFO - 
****************************************************************************************************
2026-10-01 17:52:19,133 - INFO - --- training epoch 32, loss 0.0225, mae 0.1666, rmse 0.2123, time elapsed(min) 0.02---
2026-10-01 17:52:19,343 - INFO - --- validation at epoch 32, val_loss 0.0223, val_mae 0.1634, val_rmse 0.2119, val_r2 0.3939, val_pearson 0.6372, lr 1.00e-03 ---
2026-10-01 17:52:19,343 - INFO - 
****************************************************************************************************
2026-10-01 17:52:21,148 - INFO - --- training epoch 33, loss 0.0228, mae 0.1671, rmse 0.2137, time elapsed(min) 0.02---
2026-10-01 17:52:21,536 - INFO - --- validation at epoch 33, val_loss 0.0220, val_mae 0.1653, val_rmse 0.2108, val_r2 0.4002, val_pearson 0.6327, lr 1.00e-03 ---
2026-10-01 17:52:21,536 - INFO - 
****************************************************************************************************
2026-10-01 17:52:23,424 - INFO - --- training epoch 34, loss 0.0221, mae 0.1641, rmse 0.2104, time elapsed(min) 0.02---
2026-10-01 17:52:23,637 - INFO - --- validation at epoch 34, val_loss 0.0228, val_mae 0.1694, val_rmse 0.2166, val_r2 0.3667, val_pearson 0.6254, lr 1.00e-03 ---
2026-10-01 17:52:23,637 - INFO - 
****************************************************************************************************
2026-10-01 17:52:25,249 - INFO - --- training epoch 35, loss 0.0227, mae 0.1670, rmse 0.2129, time elapsed(min) 0.02---
2026-10-01 17:52:25,456 - INFO - --- validation at epoch 35, val_loss 0.0226, val_mae 0.1703, val_rmse 0.2140, val_r2 0.3815, val_pearson 0.6259, lr 1.00e-03 ---
2026-10-01 17:52:25,456 - INFO - 
****************************************************************************************************
2026-10-01 17:52:27,146 - INFO - --- training epoch 36, loss 0.0224, mae 0.1652, rmse 0.2119, time elapsed(min) 0.02---
2026-10-01 17:52:27,530 - INFO - --- validation at epoch 36, val_loss 0.0225, val_mae 0.1702, val_rmse 0.2139, val_r2 0.3819, val_pearson 0.6234, lr 1.00e-03 ---
2026-10-01 17:52:27,530 - INFO - 
****************************************************************************************************
2026-10-01 17:52:29,397 - INFO - --- training epoch 37, loss 0.0225, mae 0.1667, rmse 0.2123, time elapsed(min) 0.03---
2026-10-01 17:52:29,625 - INFO - --- validation at epoch 37, val_loss 0.0228, val_mae 0.1694, val_rmse 0.2145, val_r2 0.3788, val_pearson 0.6231, lr 1.00e-03 ---
2026-10-01 17:52:29,626 - INFO - 
****************************************************************************************************
2026-10-01 17:52:31,370 - INFO - --- training epoch 38, loss 0.0225, mae 0.1655, rmse 0.2122, time elapsed(min) 0.02---
2026-10-01 17:52:31,598 - INFO - --- validation at epoch 38, val_loss 0.0225, val_mae 0.1655, val_rmse 0.2134, val_r2 0.3852, val_pearson 0.6280, lr 1.00e-03 ---
2026-10-01 17:52:31,598 - INFO - 
****************************************************************************************************
2026-10-01 17:52:33,203 - INFO - --- training epoch 39, loss 0.0224, mae 0.1644, rmse 0.2117, time elapsed(min) 0.02---
2026-10-01 17:52:33,529 - INFO - --- validation at epoch 39, val_loss 0.0233, val_mae 0.1705, val_rmse 0.2160, val_r2 0.3700, val_pearson 0.6330, lr 1.00e-03 ---
2026-10-01 17:52:33,529 - INFO - 
****************************************************************************************************
2026-10-01 17:52:35,448 - INFO - --- training epoch 40, loss 0.0226, mae 0.1658, rmse 0.2127, time elapsed(min) 0.03---
2026-10-01 17:52:35,655 - INFO - --- validation at epoch 40, val_loss 0.0223, val_mae 0.1646, val_rmse 0.2112, val_r2 0.3978, val_pearson 0.6335, lr 1.00e-03 ---
2026-10-01 17:52:35,655 - INFO - 
****************************************************************************************************
2026-10-01 17:52:37,238 - INFO - --- training epoch 41, loss 0.0219, mae 0.1619, rmse 0.2094, time elapsed(min) 0.02---
2026-10-01 17:52:37,444 - INFO - --- validation at epoch 41, val_loss 0.0218, val_mae 0.1618, val_rmse 0.2098, val_r2 0.4057, val_pearson 0.6437, lr 1.00e-03 ---
2026-10-01 17:52:37,444 - INFO - 
****************************************************************************************************
2026-10-01 17:52:39,228 - INFO - --- training epoch 42, loss 0.0221, mae 0.1632, rmse 0.2103, time elapsed(min) 0.02---
2026-10-01 17:52:39,438 - INFO - --- validation at epoch 42, val_loss 0.0215, val_mae 0.1625, val_rmse 0.2096, val_r2 0.4066, val_pearson 0.6441, lr 1.00e-03 ---
2026-10-01 17:52:39,438 - INFO - 
****************************************************************************************************
2026-10-01 17:52:41,231 - INFO - --- training epoch 43, loss 0.0218, mae 0.1620, rmse 0.2086, time elapsed(min) 0.02---
2026-10-01 17:52:41,595 - INFO - --- validation at epoch 43, val_loss 0.0214, val_mae 0.1614, val_rmse 0.2087, val_r2 0.4120, val_pearson 0.6424, lr 1.00e-03 ---
2026-10-01 17:52:41,595 - INFO - 
****************************************************************************************************
2026-10-01 17:52:43,405 - INFO - --- training epoch 44, loss 0.0224, mae 0.1634, rmse 0.2115, time elapsed(min) 0.02---
2026-10-01 17:52:43,619 - INFO - --- validation at epoch 44, val_loss 0.0221, val_mae 0.1660, val_rmse 0.2111, val_r2 0.3983, val_pearson 0.6392, lr 1.00e-03 ---
2026-10-01 17:52:43,619 - INFO - 
****************************************************************************************************
2026-10-01 17:52:45,223 - INFO - --- training epoch 45, loss 0.0221, mae 0.1641, rmse 0.2104, time elapsed(min) 0.02---
2026-10-01 17:52:45,434 - INFO - --- validation at epoch 45, val_loss 0.0210, val_mae 0.1589, val_rmse 0.2072, val_r2 0.4202, val_pearson 0.6523, lr 1.00e-03 ---
2026-10-01 17:52:45,434 - INFO - 
****************************************************************************************************
2026-10-01 17:52:47,199 - INFO - --- training epoch 46, loss 0.0217, mae 0.1622, rmse 0.2083, time elapsed(min) 0.02---
2026-10-01 17:52:47,583 - INFO - --- validation at epoch 46, val_loss 0.0213, val_mae 0.1595, val_rmse 0.2071, val_r2 0.4206, val_pearson 0.6489, lr 1.00e-03 ---
2026-10-01 17:52:47,583 - INFO - 
****************************************************************************************************
2026-10-01 17:52:49,300 - INFO - --- training epoch 47, loss 0.0212, mae 0.1595, rmse 0.2062, time elapsed(min) 0.02---
2026-10-01 17:52:49,530 - INFO - --- validation at epoch 47, val_loss 0.0214, val_mae 0.1637, val_rmse 0.2092, val_r2 0.4092, val_pearson 0.6429, lr 1.00e-03 ---
2026-10-01 17:52:49,530 - INFO - 
****************************************************************************************************
2026-10-01 17:52:51,148 - INFO - --- training epoch 48, loss 0.0217, mae 0.1616, rmse 0.2083, time elapsed(min) 0.02---
2026-10-01 17:52:51,357 - INFO - --- validation at epoch 48, val_loss 0.0211, val_mae 0.1624, val_rmse 0.2081, val_r2 0.4152, val_pearson 0.6741, lr 1.00e-03 ---
2026-10-01 17:52:51,357 - INFO - 
****************************************************************************************************
2026-10-01 17:52:52,987 - INFO - --- training epoch 49, loss 0.0221, mae 0.1619, rmse 0.2103, time elapsed(min) 0.02---
2026-10-01 17:52:53,326 - INFO - --- validation at epoch 49, val_loss 0.0217, val_mae 0.1673, val_rmse 0.2105, val_r2 0.4014, val_pearson 0.6412, lr 1.00e-03 ---
2026-10-01 17:52:53,326 - INFO - 
****************************************************************************************************
2026-10-01 17:52:55,139 - INFO - --- training epoch 50, loss 0.0215, mae 0.1600, rmse 0.2071, time elapsed(min) 0.03---
2026-10-01 17:52:55,348 - INFO - --- validation at epoch 50, val_loss 0.0201, val_mae 0.1620, val_rmse 0.2048, val_r2 0.4336, val_pearson 0.6598, lr 1.00e-03 ---
2026-10-01 17:52:55,348 - INFO - 
****************************************************************************************************
2026-10-01 17:52:57,099 - INFO - --- training epoch 51, loss 0.0226, mae 0.1657, rmse 0.2127, time elapsed(min) 0.02---
2026-10-01 17:52:57,328 - INFO - --- validation at epoch 51, val_loss 0.0216, val_mae 0.1649, val_rmse 0.2096, val_r2 0.4066, val_pearson 0.6437, lr 1.00e-03 ---
2026-10-01 17:52:57,328 - INFO - 
****************************************************************************************************
2026-10-01 17:52:58,950 - INFO - --- training epoch 52, loss 0.0221, mae 0.1641, rmse 0.2102, time elapsed(min) 0.02---
2026-10-01 17:52:59,281 - INFO - --- validation at epoch 52, val_loss 0.0209, val_mae 0.1627, val_rmse 0.2046, val_r2 0.4347, val_pearson 0.6616, lr 1.00e-03 ---
2026-10-01 17:52:59,281 - INFO - 
****************************************************************************************************
2026-10-01 17:53:01,065 - INFO - --- training epoch 53, loss 0.0212, mae 0.1587, rmse 0.2061, time elapsed(min) 0.03---
2026-10-01 17:53:01,449 - INFO - --- validation at epoch 53, val_loss 0.0204, val_mae 0.1573, val_rmse 0.2027, val_r2 0.4454, val_pearson 0.6676, lr 1.00e-03 ---
2026-10-01 17:53:01,449 - INFO - 
****************************************************************************************************
2026-10-01 17:53:03,164 - INFO - --- training epoch 54, loss 0.0207, mae 0.1570, rmse 0.2037, time elapsed(min) 0.02---
2026-10-01 17:53:03,374 - INFO - --- validation at epoch 54, val_loss 0.0201, val_mae 0.1570, val_rmse 0.2029, val_r2 0.4438, val_pearson 0.6682, lr 1.00e-03 ---
2026-10-01 17:53:03,374 - INFO - 
****************************************************************************************************
2026-10-01 17:53:04,994 - INFO - --- training epoch 55, loss 0.0207, mae 0.1565, rmse 0.2033, time elapsed(min) 0.02---
2026-10-01 17:53:05,208 - INFO - --- validation at epoch 55, val_loss 0.0196, val_mae 0.1613, val_rmse 0.2018, val_r2 0.4501, val_pearson 0.6825, lr 1.00e-03 ---
2026-10-01 17:53:05,209 - INFO - 
****************************************************************************************************
2026-10-01 17:53:07,050 - INFO - --- training epoch 56, loss 0.0222, mae 0.1640, rmse 0.2105, time elapsed(min) 0.02---
2026-10-01 17:53:07,455 - INFO - --- validation at epoch 56, val_loss 0.0264, val_mae 0.1849, val_rmse 0.2275, val_r2 0.3010, val_pearson 0.5697, lr 1.00e-03 ---
2026-10-01 17:53:07,455 - INFO - 
****************************************************************************************************
2026-10-01 17:53:09,309 - INFO - --- training epoch 57, loss 0.0380, mae 0.2293, rmse 0.2756, time elapsed(min) 0.03---
2026-10-01 17:53:09,522 - INFO - --- validation at epoch 57, val_loss 0.0327, val_mae 0.2065, val_rmse 0.2512, val_r2 0.1479, val_pearson 0.4716, lr 1.00e-03 ---
2026-10-01 17:53:09,522 - INFO - 
****************************************************************************************************
2026-10-01 17:53:11,123 - INFO - --- training epoch 58, loss 0.0255, mae 0.1801, rmse 0.2256, time elapsed(min) 0.02---
2026-10-01 17:53:11,332 - INFO - --- validation at epoch 58, val_loss 0.0230, val_mae 0.1680, val_rmse 0.2130, val_r2 0.3871, val_pearson 0.6293, lr 1.00e-03 ---
2026-10-01 17:53:11,332 - INFO - 
****************************************************************************************************
2026-10-01 17:53:13,056 - INFO - --- training epoch 59, loss 0.0226, mae 0.1661, rmse 0.2126, time elapsed(min) 0.02---
2026-10-01 17:53:13,382 - INFO - --- validation at epoch 59, val_loss 0.0231, val_mae 0.1668, val_rmse 0.2128, val_r2 0.3884, val_pearson 0.6513, lr 1.00e-03 ---
2026-10-01 17:53:13,382 - INFO - 
****************************************************************************************************
2026-10-01 17:53:15,182 - INFO - --- training epoch 60, loss 0.0216, mae 0.1609, rmse 0.2077, time elapsed(min) 0.03---
2026-10-01 17:53:15,391 - INFO - --- validation at epoch 60, val_loss 0.0201, val_mae 0.1603, val_rmse 0.2010, val_r2 0.4545, val_pearson 0.6767, lr 1.00e-03 ---
2026-10-01 17:53:15,391 - INFO - 
****************************************************************************************************
2026-10-01 17:53:16,976 - INFO - --- training epoch 61, loss 0.0206, mae 0.1561, rmse 0.2030, time elapsed(min) 0.02---
2026-10-01 17:53:17,188 - INFO - --- validation at epoch 61, val_loss 0.0194, val_mae 0.1586, val_rmse 0.1993, val_r2 0.4634, val_pearson 0.6840, lr 1.00e-03 ---
2026-10-01 17:53:17,188 - INFO - 
****************************************************************************************************
2026-10-01 17:53:18,886 - INFO - --- training epoch 62, loss 0.0204, mae 0.1554, rmse 0.2018, time elapsed(min) 0.02---
2026-10-01 17:53:19,092 - INFO - --- validation at epoch 62, val_loss 0.0189, val_mae 0.1558, val_rmse 0.1972, val_r2 0.4748, val_pearson 0.6958, lr 1.00e-03 ---
2026-10-01 17:53:19,092 - INFO - 
****************************************************************************************************
2026-10-01 17:53:20,823 - INFO - --- training epoch 63, loss 0.0210, mae 0.1577, rmse 0.2049, time elapsed(min) 0.02---
2026-10-01 17:53:21,223 - INFO - --- validation at epoch 63, val_loss 0.0187, val_mae 0.1547, val_rmse 0.1943, val_r2 0.4902, val_pearson 0.7053, lr 1.00e-03 ---
2026-10-01 17:53:21,223 - INFO - 
****************************************************************************************************
2026-10-01 17:53:23,043 - INFO - --- training epoch 64, loss 0.0204, mae 0.1546, rmse 0.2018, time elapsed(min) 0.02---
2026-10-01 17:53:23,254 - INFO - --- validation at epoch 64, val_loss 0.0197, val_mae 0.1519, val_rmse 0.2000, val_r2 0.4596, val_pearson 0.6860, lr 1.00e-03 ---
2026-10-01 17:53:23,254 - INFO - 
****************************************************************************************************
2026-10-01 17:53:24,864 - INFO - --- training epoch 65, loss 0.0217, mae 0.1622, rmse 0.2082, time elapsed(min) 0.02---
2026-10-01 17:53:25,074 - INFO - --- validation at epoch 65, val_loss 0.0194, val_mae 0.1554, val_rmse 0.1985, val_r2 0.4681, val_pearson 0.6876, lr 1.00e-03 ---
2026-10-01 17:53:25,074 - INFO - 
****************************************************************************************************
2026-10-01 17:53:26,679 - INFO - --- training epoch 66, loss 0.0223, mae 0.1630, rmse 0.2112, time elapsed(min) 0.02---
2026-10-01 17:53:27,044 - INFO - --- validation at epoch 66, val_loss 0.0204, val_mae 0.1593, val_rmse 0.2028, val_r2 0.4447, val_pearson 0.6844, lr 1.00e-03 ---
2026-10-01 17:53:27,044 - INFO - 
****************************************************************************************************
2026-10-01 17:53:28,843 - INFO - --- training epoch 67, loss 0.0206, mae 0.1571, rmse 0.2032, time elapsed(min) 0.03---
2026-10-01 17:53:29,054 - INFO - --- validation at epoch 67, val_loss 0.0190, val_mae 0.1539, val_rmse 0.1954, val_r2 0.4846, val_pearson 0.6977, lr 1.00e-03 ---
2026-10-01 17:53:29,054 - INFO - 
****************************************************************************************************
2026-10-01 17:53:30,647 - INFO - --- training epoch 68, loss 0.0201, mae 0.1548, rmse 0.2004, time elapsed(min) 0.02---
2026-10-01 17:53:30,859 - INFO - --- validation at epoch 68, val_loss 0.0183, val_mae 0.1478, val_rmse 0.1939, val_r2 0.4924, val_pearson 0.7033, lr 1.00e-03 ---
2026-10-01 17:53:30,859 - INFO - 
****************************************************************************************************
2026-10-01 17:53:32,568 - INFO - --- training epoch 69, loss 0.0197, mae 0.1524, rmse 0.1984, time elapsed(min) 0.02---
2026-10-01 17:53:32,893 - INFO - --- validation at epoch 69, val_loss 0.0180, val_mae 0.1533, val_rmse 0.1920, val_r2 0.5024, val_pearson 0.7178, lr 1.00e-03 ---
2026-10-01 17:53:32,893 - INFO - 
****************************************************************************************************
2026-10-01 17:53:34,796 - INFO - --- training epoch 70, loss 0.0196, mae 0.1531, rmse 0.1982, time elapsed(min) 0.03---
2026-10-01 17:53:35,006 - INFO - --- validation at epoch 70, val_loss 0.0175, val_mae 0.1513, val_rmse 0.1894, val_r2 0.5154, val_pearson 0.7244, lr 1.00e-03 ---
2026-10-01 17:53:35,006 - INFO - 
****************************************************************************************************
2026-10-01 17:53:36,708 - INFO - --- training epoch 71, loss 0.0199, mae 0.1538, rmse 0.1997, time elapsed(min) 0.02---
2026-10-01 17:53:36,917 - INFO - --- validation at epoch 71, val_loss 0.0177, val_mae 0.1490, val_rmse 0.1889, val_r2 0.5181, val_pearson 0.7219, lr 1.00e-03 ---
2026-10-01 17:53:36,917 - INFO - 
****************************************************************************************************
2026-10-01 17:53:38,518 - INFO - --- training epoch 72, loss 0.0201, mae 0.1545, rmse 0.2004, time elapsed(min) 0.02---
2026-10-01 17:53:38,847 - INFO - --- validation at epoch 72, val_loss 0.0180, val_mae 0.1444, val_rmse 0.1904, val_r2 0.5103, val_pearson 0.7163, lr 1.00e-03 ---
2026-10-01 17:53:38,847 - INFO - 
****************************************************************************************************
2026-10-01 17:53:40,637 - INFO - --- training epoch 73, loss 0.0195, mae 0.1525, rmse 0.1974, time elapsed(min) 0.03---
2026-10-01 17:53:41,002 - INFO - --- validation at epoch 73, val_loss 0.0187, val_mae 0.1457, val_rmse 0.1957, val_r2 0.4828, val_pearson 0.7283, lr 1.00e-03 ---
2026-10-01 17:53:41,002 - INFO - 
****************************************************************************************************
2026-10-01 17:53:42,721 - INFO - --- training epoch 74, loss 0.0189, mae 0.1495, rmse 0.1942, time elapsed(min) 0.02---
2026-10-01 17:53:42,935 - INFO - --- validation at epoch 74, val_loss 0.0170, val_mae 0.1401, val_rmse 0.1838, val_r2 0.5436, val_pearson 0.7391, lr 1.00e-03 ---
2026-10-01 17:53:42,935 - INFO - 
****************************************************************************************************
2026-10-01 17:53:44,636 - INFO - --- training epoch 75, loss 0.0182, mae 0.1451, rmse 0.1906, time elapsed(min) 0.02---
2026-10-01 17:53:44,868 - INFO - --- validation at epoch 75, val_loss 0.0173, val_mae 0.1438, val_rmse 0.1855, val_r2 0.5353, val_pearson 0.7363, lr 1.00e-03 ---
2026-10-01 17:53:44,868 - INFO - 
****************************************************************************************************
2026-10-01 17:53:46,572 - INFO - --- training epoch 76, loss 0.0178, mae 0.1441, rmse 0.1886, time elapsed(min) 0.02---
2026-10-01 17:53:46,936 - INFO - --- validation at epoch 76, val_loss 0.0168, val_mae 0.1377, val_rmse 0.1829, val_r2 0.5484, val_pearson 0.7420, lr 1.00e-03 ---
2026-10-01 17:53:46,936 - INFO - 
****************************************************************************************************
2026-10-01 17:53:48,815 - INFO - --- training epoch 77, loss 0.0186, mae 0.1476, rmse 0.1927, time elapsed(min) 0.03---
2026-10-01 17:53:49,044 - INFO - --- validation at epoch 77, val_loss 0.0193, val_mae 0.1480, val_rmse 0.1956, val_r2 0.4832, val_pearson 0.7001, lr 1.00e-03 ---
2026-10-01 17:53:49,045 - INFO - 
****************************************************************************************************
2026-10-01 17:53:50,797 - INFO - --- training epoch 78, loss 0.0192, mae 0.1511, rmse 0.1962, time elapsed(min) 0.02---
2026-10-01 17:53:51,003 - INFO - --- validation at epoch 78, val_loss 0.0169, val_mae 0.1381, val_rmse 0.1840, val_r2 0.5429, val_pearson 0.7391, lr 1.00e-03 ---
2026-10-01 17:53:51,003 - INFO - 
****************************************************************************************************
2026-10-01 17:53:52,608 - INFO - --- training epoch 79, loss 0.0183, mae 0.1458, rmse 0.1915, time elapsed(min) 0.02---
2026-10-01 17:53:52,942 - INFO - --- validation at epoch 79, val_loss 0.0169, val_mae 0.1401, val_rmse 0.1827, val_r2 0.5494, val_pearson 0.7451, lr 1.00e-03 ---
2026-10-01 17:53:52,942 - INFO - 
****************************************************************************************************
2026-10-01 17:53:54,893 - INFO - --- training epoch 80, loss 0.0191, mae 0.1509, rmse 0.1955, time elapsed(min) 0.03---
2026-10-01 17:53:55,123 - INFO - --- validation at epoch 80, val_loss 0.0183, val_mae 0.1465, val_rmse 0.1885, val_r2 0.5203, val_pearson 0.7255, lr 1.00e-03 ---
2026-10-01 17:53:55,123 - INFO - 
****************************************************************************************************
2026-10-01 17:53:56,738 - INFO - --- training epoch 81, loss 0.0181, mae 0.1450, rmse 0.1905, time elapsed(min) 0.02---
2026-10-01 17:53:56,944 - INFO - --- validation at epoch 81, val_loss 0.0162, val_mae 0.1362, val_rmse 0.1795, val_r2 0.5650, val_pearson 0.7524, lr 1.00e-03 ---
2026-10-01 17:53:56,944 - INFO - 
****************************************************************************************************
2026-10-01 17:53:58,668 - INFO - --- training epoch 82, loss 0.0177, mae 0.1427, rmse 0.1881, time elapsed(min) 0.02---
2026-10-01 17:53:58,998 - INFO - --- validation at epoch 82, val_loss 0.0168, val_mae 0.1366, val_rmse 0.1815, val_r2 0.5550, val_pearson 0.7476, lr 1.00e-03 ---
2026-10-01 17:53:58,998 - INFO - 
****************************************************************************************************
2026-10-01 17:54:00,625 - INFO - --- training epoch 83, loss 0.0181, mae 0.1440, rmse 0.1901, time elapsed(min) 0.02---
2026-10-01 17:54:00,993 - INFO - --- validation at epoch 83, val_loss 0.0175, val_mae 0.1408, val_rmse 0.1852, val_r2 0.5366, val_pearson 0.7326, lr 1.00e-03 ---
2026-10-01 17:54:00,993 - INFO - 
****************************************************************************************************
2026-10-01 17:54:02,890 - INFO - --- training epoch 84, loss 0.0185, mae 0.1471, rmse 0.1926, time elapsed(min) 0.03---
2026-10-01 17:54:03,100 - INFO - --- validation at epoch 84, val_loss 0.0176, val_mae 0.1443, val_rmse 0.1860, val_r2 0.5328, val_pearson 0.7381, lr 1.00e-03 ---
2026-10-01 17:54:03,100 - INFO - 
****************************************************************************************************
2026-10-01 17:54:04,700 - INFO - --- training epoch 85, loss 0.0186, mae 0.1481, rmse 0.1927, time elapsed(min) 0.02---
2026-10-01 17:54:04,908 - INFO - --- validation at epoch 85, val_loss 0.0173, val_mae 0.1412, val_rmse 0.1842, val_r2 0.5418, val_pearson 0.7443, lr 1.00e-03 ---
2026-10-01 17:54:04,908 - INFO - 
****************************************************************************************************
2026-10-01 17:54:06,609 - INFO - --- training epoch 86, loss 0.0178, mae 0.1438, rmse 0.1889, time elapsed(min) 0.02---
2026-10-01 17:54:06,976 - INFO - --- validation at epoch 86, val_loss 0.0172, val_mae 0.1385, val_rmse 0.1834, val_r2 0.5458, val_pearson 0.7405, lr 1.00e-03 ---
2026-10-01 17:54:06,976 - INFO - 
****************************************************************************************************
2026-10-01 17:54:08,699 - INFO - --- training epoch 87, loss 0.0177, mae 0.1434, rmse 0.1883, time elapsed(min) 0.02---
2026-10-01 17:54:08,944 - INFO - --- validation at epoch 87, val_loss 0.0167, val_mae 0.1387, val_rmse 0.1799, val_r2 0.5631, val_pearson 0.7617, lr 1.00e-03 ---
2026-10-01 17:54:08,944 - INFO - 
****************************************************************************************************
2026-10-01 17:54:10,647 - INFO - --- training epoch 88, loss 0.0166, mae 0.1384, rmse 0.1820, time elapsed(min) 0.02---
2026-10-01 17:54:10,856 - INFO - --- validation at epoch 88, val_loss 0.0165, val_mae 0.1371, val_rmse 0.1797, val_r2 0.5642, val_pearson 0.7642, lr 1.00e-03 ---
2026-10-01 17:54:10,856 - INFO - 
****************************************************************************************************
2026-10-01 17:54:12,504 - INFO - --- training epoch 89, loss 0.0176, mae 0.1427, rmse 0.1876, time elapsed(min) 0.02---
2026-10-01 17:54:12,837 - INFO - --- validation at epoch 89, val_loss 0.0172, val_mae 0.1394, val_rmse 0.1838, val_r2 0.5439, val_pearson 0.7418, lr 1.00e-03 ---
2026-10-01 17:54:12,837 - INFO - 
****************************************************************************************************
2026-10-01 17:54:14,659 - INFO - --- training epoch 90, loss 0.0181, mae 0.1442, rmse 0.1903, time elapsed(min) 0.03---
2026-10-01 17:54:14,871 - INFO - --- validation at epoch 90, val_loss 0.0180, val_mae 0.1457, val_rmse 0.1909, val_r2 0.5078, val_pearson 0.7202, lr 1.00e-03 ---
2026-10-01 17:54:14,871 - INFO - 
****************************************************************************************************
2026-10-01 17:54:16,471 - INFO - --- training epoch 91, loss 0.0176, mae 0.1430, rmse 0.1877, time elapsed(min) 0.02---
2026-10-01 17:54:16,685 - INFO - --- validation at epoch 91, val_loss 0.0161, val_mae 0.1363, val_rmse 0.1780, val_r2 0.5724, val_pearson 0.7571, lr 1.00e-03 ---
2026-10-01 17:54:16,685 - INFO - 
****************************************************************************************************
2026-10-01 17:54:18,445 - INFO - --- training epoch 92, loss 0.0174, mae 0.1423, rmse 0.1864, time elapsed(min) 0.02---
2026-10-01 17:54:18,656 - INFO - --- validation at epoch 92, val_loss 0.0176, val_mae 0.1405, val_rmse 0.1850, val_r2 0.5380, val_pearson 0.7443, lr 1.00e-03 ---
2026-10-01 17:54:18,657 - INFO - 
****************************************************************************************************
2026-10-01 17:54:20,340 - INFO - --- training epoch 93, loss 0.0171, mae 0.1394, rmse 0.1847, time elapsed(min) 0.02---
2026-10-01 17:54:20,743 - INFO - --- validation at epoch 93, val_loss 0.0174, val_mae 0.1376, val_rmse 0.1846, val_r2 0.5400, val_pearson 0.7351, lr 1.00e-03 ---
2026-10-01 17:54:20,744 - INFO - 
****************************************************************************************************
2026-10-01 17:54:22,458 - INFO - --- training epoch 94, loss 0.0170, mae 0.1392, rmse 0.1844, time elapsed(min) 0.02---
2026-10-01 17:54:22,709 - INFO - --- validation at epoch 94, val_loss 0.0164, val_mae 0.1354, val_rmse 0.1782, val_r2 0.5711, val_pearson 0.7665, lr 1.00e-03 ---
2026-10-01 17:54:22,709 - INFO - 
****************************************************************************************************
2026-10-01 17:54:24,404 - INFO - --- training epoch 95, loss 0.0170, mae 0.1406, rmse 0.1845, time elapsed(min) 0.02---
2026-10-01 17:54:24,617 - INFO - --- validation at epoch 95, val_loss 0.0166, val_mae 0.1359, val_rmse 0.1788, val_r2 0.5685, val_pearson 0.7582, lr 1.00e-03 ---
2026-10-01 17:54:24,617 - INFO - 
****************************************************************************************************
2026-10-01 17:54:26,240 - INFO - --- training epoch 96, loss 0.0172, mae 0.1408, rmse 0.1857, time elapsed(min) 0.02---
2026-10-01 17:54:26,604 - INFO - --- validation at epoch 96, val_loss 0.0165, val_mae 0.1360, val_rmse 0.1786, val_r2 0.5692, val_pearson 0.7568, lr 1.00e-03 ---
2026-10-01 17:54:26,604 - INFO - 
****************************************************************************************************
2026-10-01 17:54:28,312 - INFO - --- training epoch 97, loss 0.0186, mae 0.1467, rmse 0.1927, time elapsed(min) 0.02---
2026-10-01 17:54:28,526 - INFO - --- validation at epoch 97, val_loss 0.0188, val_mae 0.1466, val_rmse 0.1919, val_r2 0.5027, val_pearson 0.7302, lr 1.00e-03 ---
2026-10-01 17:54:28,526 - INFO - 
****************************************************************************************************
2026-10-01 17:54:30,187 - INFO - --- training epoch 98, loss 0.0194, mae 0.1501, rmse 0.1967, time elapsed(min) 0.02---
2026-10-01 17:54:30,399 - INFO - --- validation at epoch 98, val_loss 0.0182, val_mae 0.1433, val_rmse 0.1869, val_r2 0.5285, val_pearson 0.7290, lr 1.00e-03 ---
2026-10-01 17:54:30,399 - INFO - 
****************************************************************************************************
2026-10-01 17:54:32,052 - INFO - --- training epoch 99, loss 0.0170, mae 0.1403, rmse 0.1844, time elapsed(min) 0.02---
2026-10-01 17:54:32,388 - INFO - --- validation at epoch 99, val_loss 0.0170, val_mae 0.1357, val_rmse 0.1824, val_r2 0.5507, val_pearson 0.7470, lr 1.00e-03 ---
2026-10-01 17:54:32,388 - INFO - 
****************************************************************************************************
2026-10-01 17:54:33,117 - INFO - --- selected checkpoint from epoch 91, val_loss 0.0161, val_mae 0.1363, val_rmse 0.1780
2026-10-01 17:54:33,944 - INFO - -- RESULT
2026-10-01 17:54:33,944 - INFO - --- test size: 1728
2026-10-01 17:54:33,944 - INFO - --- MAE: 0.1382 (13.82 pp), RMSE: 0.1821 (18.21 pp), R2: 0.5791, Pearson: 0.7617
2026-10-01 17:54:35,457 - INFO - --- Cell option_b_mlp DONE: test MAE=0.1382 RMSE=0.1821 R2=0.5791 | sec/epoch=1.98
2026-10-01 17:54:35,489 - INFO - === RUNNING: dataset=suzuki split=split_9 cell=ind_mean_mlp (tokens=ind, pooling=mean, head=mlp) ===
