2026-10-01 15:22:06,516 - INFO - device is	cuda:0
2026-10-01 15:22:06,625 - INFO - -- CONFIGURATIONS
2026-10-01 15:22:06,625 - INFO - --- train/valid/test: 3628/404/1728
2026-10-01 15:22:06,625 - INFO - --- max no. reactants_train, valid, test respectively: 14, 14, 14
2026-10-01 15:22:06,625 - INFO - --- max no. products_train, valid, test respectively: 1, 1, 1
2026-10-01 15:22:06,625 - INFO - --- model_path: ../logs/approach1_server/approach_2/suzuki/runs/suzuki_split_0_20261001_152206/split_0/model.pt
2026-10-01 15:22:06,724 - INFO - -- TRAINING
2026-10-01 15:22:08,954 - INFO - --- training epoch 0, loss 0.8918, mae 1.1832, rmse 2.8079, time elapsed(min) 0.04---
2026-10-01 15:22:09,509 - INFO - --- validation at epoch 0, val_loss 0.0449, val_mae 0.2602, val_rmse 0.3044, val_r2 -0.0312, val_pearson 0.2261, lr 1.00e-03 ---
2026-10-01 15:22:09,509 - INFO - 
****************************************************************************************************
2026-10-01 15:22:11,752 - INFO - --- training epoch 1, loss 0.0420, mae 0.2484, rmse 0.2898, time elapsed(min) 0.03---
2026-10-01 15:22:11,988 - INFO - --- validation at epoch 1, val_loss 0.0437, val_mae 0.2562, val_rmse 0.2998, val_r2 -0.0001, val_pearson 0.2699, lr 1.00e-03 ---
2026-10-01 15:22:11,988 - INFO - 
****************************************************************************************************
2026-10-01 15:22:14,195 - INFO - --- training epoch 2, loss 0.0402, mae 0.2439, rmse 0.2836, time elapsed(min) 0.03---
2026-10-01 15:22:14,605 - INFO - --- validation at epoch 2, val_loss 0.0427, val_mae 0.2557, val_rmse 0.2965, val_r2 0.0218, val_pearson 0.2654, lr 1.00e-03 ---
2026-10-01 15:22:14,605 - INFO - 
****************************************************************************************************
2026-10-01 15:22:17,122 - INFO - --- training epoch 3, loss 0.0390, mae 0.2401, rmse 0.2793, time elapsed(min) 0.03---
2026-10-01 15:22:17,549 - INFO - --- validation at epoch 3, val_loss 0.0440, val_mae 0.2541, val_rmse 0.3006, val_r2 -0.0056, val_pearson 0.2814, lr 1.00e-03 ---
2026-10-01 15:22:17,549 - INFO - 
****************************************************************************************************
2026-10-01 15:22:19,823 - INFO - --- training epoch 4, loss 0.0388, mae 0.2398, rmse 0.2787, time elapsed(min) 0.03---
2026-10-01 15:22:20,070 - INFO - --- validation at epoch 4, val_loss 0.0441, val_mae 0.2529, val_rmse 0.3007, val_r2 -0.0065, val_pearson 0.2944, lr 1.00e-03 ---
2026-10-01 15:22:20,070 - INFO - 
****************************************************************************************************
2026-10-01 15:22:22,219 - INFO - --- training epoch 5, loss 0.0384, mae 0.2385, rmse 0.2771, time elapsed(min) 0.03---
2026-10-01 15:22:22,473 - INFO - --- validation at epoch 5, val_loss 0.0433, val_mae 0.2511, val_rmse 0.2981, val_r2 0.0115, val_pearson 0.3027, lr 1.00e-03 ---
2026-10-01 15:22:22,473 - INFO - 
****************************************************************************************************
2026-10-01 15:22:24,654 - INFO - --- training epoch 6, loss 0.0388, mae 0.2396, rmse 0.2786, time elapsed(min) 0.03---
2026-10-01 15:22:25,065 - INFO - --- validation at epoch 6, val_loss 0.0413, val_mae 0.2536, val_rmse 0.2924, val_r2 0.0487, val_pearson 0.3086, lr 1.00e-03 ---
2026-10-01 15:22:25,065 - INFO - 
****************************************************************************************************
2026-10-01 15:22:27,577 - INFO - --- training epoch 7, loss 0.0381, mae 0.2368, rmse 0.2761, time elapsed(min) 0.03---
2026-10-01 15:22:27,826 - INFO - --- validation at epoch 7, val_loss 0.0424, val_mae 0.2500, val_rmse 0.2955, val_r2 0.0283, val_pearson 0.3225, lr 1.00e-03 ---
2026-10-01 15:22:27,826 - INFO - 
****************************************************************************************************
2026-10-01 15:22:30,073 - INFO - --- training epoch 8, loss 0.0381, mae 0.2365, rmse 0.2760, time elapsed(min) 0.03---
2026-10-01 15:22:30,330 - INFO - --- validation at epoch 8, val_loss 0.0434, val_mae 0.2494, val_rmse 0.2986, val_r2 0.0076, val_pearson 0.3253, lr 1.00e-03 ---
2026-10-01 15:22:30,330 - INFO - 
****************************************************************************************************
2026-10-01 15:22:32,516 - INFO - --- training epoch 9, loss 0.0381, mae 0.2366, rmse 0.2761, time elapsed(min) 0.03---
2026-10-01 15:22:32,772 - INFO - --- validation at epoch 9, val_loss 0.0400, val_mae 0.2512, val_rmse 0.2887, val_r2 0.0723, val_pearson 0.3453, lr 1.00e-03 ---
2026-10-01 15:22:32,772 - INFO - 
****************************************************************************************************
2026-10-01 15:22:35,203 - INFO - --- training epoch 10, loss 0.0378, mae 0.2354, rmse 0.2748, time elapsed(min) 0.03---
2026-10-01 15:22:35,662 - INFO - --- validation at epoch 10, val_loss 0.0388, val_mae 0.2480, val_rmse 0.2848, val_r2 0.0971, val_pearson 0.3625, lr 1.00e-03 ---
2026-10-01 15:22:35,662 - INFO - 
****************************************************************************************************
2026-10-01 15:22:38,075 - INFO - --- training epoch 11, loss 0.0367, mae 0.2309, rmse 0.2711, time elapsed(min) 0.03---
2026-10-01 15:22:38,332 - INFO - --- validation at epoch 11, val_loss 0.0393, val_mae 0.2379, val_rmse 0.2865, val_r2 0.0865, val_pearson 0.3687, lr 1.00e-03 ---
2026-10-01 15:22:38,332 - INFO - 
****************************************************************************************************
2026-10-01 15:22:40,806 - INFO - --- training epoch 12, loss 0.0382, mae 0.2349, rmse 0.2763, time elapsed(min) 0.03---
2026-10-01 15:22:41,056 - INFO - --- validation at epoch 12, val_loss 0.0390, val_mae 0.2523, val_rmse 0.2869, val_r2 0.0842, val_pearson 0.3598, lr 1.00e-03 ---
2026-10-01 15:22:41,056 - INFO - 
****************************************************************************************************
2026-10-01 15:22:43,378 - INFO - --- training epoch 13, loss 0.0379, mae 0.2342, rmse 0.2755, time elapsed(min) 0.03---
2026-10-01 15:22:43,823 - INFO - --- validation at epoch 13, val_loss 0.0400, val_mae 0.2565, val_rmse 0.2897, val_r2 0.0658, val_pearson 0.3390, lr 1.00e-03 ---
2026-10-01 15:22:43,823 - INFO - 
****************************************************************************************************
2026-10-01 15:22:46,262 - INFO - --- training epoch 14, loss 0.0376, mae 0.2334, rmse 0.2743, time elapsed(min) 0.03---
2026-10-01 15:22:46,515 - INFO - --- validation at epoch 14, val_loss 0.0375, val_mae 0.2460, val_rmse 0.2820, val_r2 0.1154, val_pearson 0.3788, lr 1.00e-03 ---
2026-10-01 15:22:46,515 - INFO - 
****************************************************************************************************
2026-10-01 15:22:48,773 - INFO - --- training epoch 15, loss 0.0373, mae 0.2319, rmse 0.2730, time elapsed(min) 0.03---
2026-10-01 15:22:49,021 - INFO - --- validation at epoch 15, val_loss 0.0381, val_mae 0.2468, val_rmse 0.2834, val_r2 0.1064, val_pearson 0.3504, lr 1.00e-03 ---
2026-10-01 15:22:49,021 - INFO - 
****************************************************************************************************
2026-10-01 15:22:51,254 - INFO - --- training epoch 16, loss 0.0373, mae 0.2315, rmse 0.2730, time elapsed(min) 0.03---
2026-10-01 15:22:51,659 - INFO - --- validation at epoch 16, val_loss 0.0373, val_mae 0.2432, val_rmse 0.2811, val_r2 0.1210, val_pearson 0.3795, lr 1.00e-03 ---
2026-10-01 15:22:51,659 - INFO - 
****************************************************************************************************
2026-10-01 15:22:54,186 - INFO - --- training epoch 17, loss 0.0361, mae 0.2269, rmse 0.2688, time elapsed(min) 0.03---
2026-10-01 15:22:54,468 - INFO - --- validation at epoch 17, val_loss 0.0369, val_mae 0.2387, val_rmse 0.2791, val_r2 0.1329, val_pearson 0.4142, lr 1.00e-03 ---
2026-10-01 15:22:54,468 - INFO - 
****************************************************************************************************
2026-10-01 15:22:56,735 - INFO - --- training epoch 18, loss 0.0333, mae 0.2136, rmse 0.2582, time elapsed(min) 0.03---
2026-10-01 15:22:56,996 - INFO - --- validation at epoch 18, val_loss 0.0321, val_mae 0.2167, val_rmse 0.2609, val_r2 0.2426, val_pearson 0.5076, lr 1.00e-03 ---
2026-10-01 15:22:56,996 - INFO - 
****************************************************************************************************
2026-10-01 15:22:59,287 - INFO - --- training epoch 19, loss 0.0304, mae 0.1984, rmse 0.2464, time elapsed(min) 0.03---
2026-10-01 15:22:59,546 - INFO - --- validation at epoch 19, val_loss 0.0305, val_mae 0.1935, val_rmse 0.2469, val_r2 0.3217, val_pearson 0.5760, lr 1.00e-03 ---
2026-10-01 15:22:59,546 - INFO - 
****************************************************************************************************
2026-10-01 15:23:01,934 - INFO - --- training epoch 20, loss 0.0292, mae 0.1935, rmse 0.2417, time elapsed(min) 0.03---
2026-10-01 15:23:02,380 - INFO - --- validation at epoch 20, val_loss 0.0389, val_mae 0.2385, val_rmse 0.2849, val_r2 0.0969, val_pearson 0.3814, lr 1.00e-03 ---
2026-10-01 15:23:02,380 - INFO - 
****************************************************************************************************
2026-10-01 15:23:04,771 - INFO - --- training epoch 21, loss 0.0304, mae 0.1997, rmse 0.2466, time elapsed(min) 0.03---
2026-10-01 15:23:05,029 - INFO - --- validation at epoch 21, val_loss 0.0293, val_mae 0.1879, val_rmse 0.2402, val_r2 0.3581, val_pearson 0.6202, lr 1.00e-03 ---
2026-10-01 15:23:05,029 - INFO - 
****************************************************************************************************
2026-10-01 15:23:07,306 - INFO - --- training epoch 22, loss 0.0257, mae 0.1757, rmse 0.2269, time elapsed(min) 0.03---
2026-10-01 15:23:07,561 - INFO - --- validation at epoch 22, val_loss 0.0277, val_mae 0.1880, val_rmse 0.2359, val_r2 0.3808, val_pearson 0.6253, lr 1.00e-03 ---
2026-10-01 15:23:07,561 - INFO - 
****************************************************************************************************
2026-10-01 15:23:09,889 - INFO - --- training epoch 23, loss 0.0256, mae 0.1755, rmse 0.2263, time elapsed(min) 0.03---
2026-10-01 15:23:10,301 - INFO - --- validation at epoch 23, val_loss 0.0273, val_mae 0.1839, val_rmse 0.2330, val_r2 0.3958, val_pearson 0.6340, lr 1.00e-03 ---
2026-10-01 15:23:10,301 - INFO - 
****************************************************************************************************
2026-10-01 15:23:12,903 - INFO - --- training epoch 24, loss 0.0244, mae 0.1716, rmse 0.2210, time elapsed(min) 0.04---
2026-10-01 15:23:13,175 - INFO - --- validation at epoch 24, val_loss 0.0273, val_mae 0.1848, val_rmse 0.2319, val_r2 0.4014, val_pearson 0.6442, lr 1.00e-03 ---
2026-10-01 15:23:13,175 - INFO - 
****************************************************************************************************
2026-10-01 15:23:15,494 - INFO - --- training epoch 25, loss 0.0243, mae 0.1719, rmse 0.2206, time elapsed(min) 0.03---
2026-10-01 15:23:15,747 - INFO - --- validation at epoch 25, val_loss 0.0278, val_mae 0.1846, val_rmse 0.2333, val_r2 0.3943, val_pearson 0.6579, lr 1.00e-03 ---
2026-10-01 15:23:15,747 - INFO - 
****************************************************************************************************
2026-10-01 15:23:17,984 - INFO - --- training epoch 26, loss 0.0233, mae 0.1691, rmse 0.2160, time elapsed(min) 0.03---
2026-10-01 15:23:18,392 - INFO - --- validation at epoch 26, val_loss 0.0253, val_mae 0.1749, val_rmse 0.2222, val_r2 0.4508, val_pearson 0.6799, lr 1.00e-03 ---
2026-10-01 15:23:18,392 - INFO - 
****************************************************************************************************
2026-10-01 15:23:21,033 - INFO - --- training epoch 27, loss 0.0230, mae 0.1655, rmse 0.2143, time elapsed(min) 0.04---
2026-10-01 15:23:21,282 - INFO - --- validation at epoch 27, val_loss 0.0286, val_mae 0.1852, val_rmse 0.2362, val_r2 0.3792, val_pearson 0.6774, lr 1.00e-03 ---
2026-10-01 15:23:21,282 - INFO - 
****************************************************************************************************
2026-10-01 15:23:23,517 - INFO - --- training epoch 28, loss 0.0226, mae 0.1651, rmse 0.2127, time elapsed(min) 0.03---
2026-10-01 15:23:23,781 - INFO - --- validation at epoch 28, val_loss 0.0254, val_mae 0.1767, val_rmse 0.2233, val_r2 0.4451, val_pearson 0.6818, lr 1.00e-03 ---
2026-10-01 15:23:23,781 - INFO - 
****************************************************************************************************
2026-10-01 15:23:25,980 - INFO - --- training epoch 29, loss 0.0227, mae 0.1653, rmse 0.2130, time elapsed(min) 0.03---
2026-10-01 15:23:26,391 - INFO - --- validation at epoch 29, val_loss 0.0275, val_mae 0.1794, val_rmse 0.2302, val_r2 0.4105, val_pearson 0.6747, lr 1.00e-03 ---
2026-10-01 15:23:26,391 - INFO - 
****************************************************************************************************
2026-10-01 15:23:28,963 - INFO - --- training epoch 30, loss 0.0224, mae 0.1638, rmse 0.2117, time elapsed(min) 0.04---
2026-10-01 15:23:29,216 - INFO - --- validation at epoch 30, val_loss 0.0265, val_mae 0.1802, val_rmse 0.2273, val_r2 0.4253, val_pearson 0.6766, lr 1.00e-03 ---
2026-10-01 15:23:29,216 - INFO - 
****************************************************************************************************
2026-10-01 15:23:31,481 - INFO - --- training epoch 31, loss 0.0222, mae 0.1640, rmse 0.2106, time elapsed(min) 0.03---
2026-10-01 15:23:31,738 - INFO - --- validation at epoch 31, val_loss 0.0271, val_mae 0.1779, val_rmse 0.2284, val_r2 0.4196, val_pearson 0.6752, lr 1.00e-03 ---
2026-10-01 15:23:31,738 - INFO - 
****************************************************************************************************
2026-10-01 15:23:34,104 - INFO - --- training epoch 32, loss 0.0225, mae 0.1662, rmse 0.2122, time elapsed(min) 0.03---
2026-10-01 15:23:34,359 - INFO - --- validation at epoch 32, val_loss 0.0242, val_mae 0.1726, val_rmse 0.2183, val_r2 0.4696, val_pearson 0.6902, lr 1.00e-03 ---
2026-10-01 15:23:34,359 - INFO - 
****************************************************************************************************
2026-10-01 15:23:36,778 - INFO - --- training epoch 33, loss 0.0229, mae 0.1661, rmse 0.2140, time elapsed(min) 0.03---
2026-10-01 15:23:37,242 - INFO - --- validation at epoch 33, val_loss 0.0262, val_mae 0.1775, val_rmse 0.2262, val_r2 0.4307, val_pearson 0.6854, lr 1.00e-03 ---
2026-10-01 15:23:37,242 - INFO - 
****************************************************************************************************
2026-10-01 15:23:39,613 - INFO - --- training epoch 34, loss 0.0221, mae 0.1639, rmse 0.2101, time elapsed(min) 0.03---
2026-10-01 15:23:39,863 - INFO - --- validation at epoch 34, val_loss 0.0251, val_mae 0.1776, val_rmse 0.2238, val_r2 0.4427, val_pearson 0.6871, lr 1.00e-03 ---
2026-10-01 15:23:39,863 - INFO - 
****************************************************************************************************
2026-10-01 15:23:42,084 - INFO - --- training epoch 35, loss 0.0219, mae 0.1631, rmse 0.2093, time elapsed(min) 0.03---
2026-10-01 15:23:42,337 - INFO - --- validation at epoch 35, val_loss 0.0249, val_mae 0.1738, val_rmse 0.2204, val_r2 0.4595, val_pearson 0.6909, lr 1.00e-03 ---
2026-10-01 15:23:42,338 - INFO - 
****************************************************************************************************
2026-10-01 15:23:44,689 - INFO - --- training epoch 36, loss 0.0218, mae 0.1621, rmse 0.2088, time elapsed(min) 0.03---
2026-10-01 15:23:45,148 - INFO - --- validation at epoch 36, val_loss 0.0242, val_mae 0.1725, val_rmse 0.2183, val_r2 0.4698, val_pearson 0.6987, lr 1.00e-03 ---
2026-10-01 15:23:45,148 - INFO - 
****************************************************************************************************
2026-10-01 15:23:47,622 - INFO - --- training epoch 37, loss 0.0221, mae 0.1639, rmse 0.2102, time elapsed(min) 0.03---
2026-10-01 15:23:47,873 - INFO - --- validation at epoch 37, val_loss 0.0464, val_mae 0.2383, val_rmse 0.3046, val_r2 -0.0324, val_pearson 0.3459, lr 1.00e-03 ---
2026-10-01 15:23:47,873 - INFO - 
****************************************************************************************************
2026-10-01 15:23:50,081 - INFO - --- training epoch 38, loss 0.0355, mae 0.2226, rmse 0.2666, time elapsed(min) 0.03---
2026-10-01 15:23:50,333 - INFO - --- validation at epoch 38, val_loss 0.0300, val_mae 0.2061, val_rmse 0.2480, val_r2 0.3156, val_pearson 0.5831, lr 1.00e-03 ---
2026-10-01 15:23:50,333 - INFO - 
****************************************************************************************************
2026-10-01 15:23:52,738 - INFO - --- training epoch 39, loss 0.0257, mae 0.1796, rmse 0.2268, time elapsed(min) 0.03---
2026-10-01 15:23:53,171 - INFO - --- validation at epoch 39, val_loss 0.0285, val_mae 0.1886, val_rmse 0.2362, val_r2 0.3791, val_pearson 0.6188, lr 1.00e-03 ---
2026-10-01 15:23:53,171 - INFO - 
****************************************************************************************************
2026-10-01 15:23:55,691 - INFO - --- training epoch 40, loss 0.0246, mae 0.1728, rmse 0.2218, time elapsed(min) 0.04---
2026-10-01 15:23:55,942 - INFO - --- validation at epoch 40, val_loss 0.0285, val_mae 0.1861, val_rmse 0.2362, val_r2 0.3793, val_pearson 0.6735, lr 1.00e-03 ---
2026-10-01 15:23:55,943 - INFO - 
****************************************************************************************************
2026-10-01 15:23:58,185 - INFO - --- training epoch 41, loss 0.0232, mae 0.1668, rmse 0.2153, time elapsed(min) 0.03---
2026-10-01 15:23:58,441 - INFO - --- validation at epoch 41, val_loss 0.0271, val_mae 0.1826, val_rmse 0.2314, val_r2 0.4043, val_pearson 0.6756, lr 1.00e-03 ---
2026-10-01 15:23:58,441 - INFO - 
****************************************************************************************************
2026-10-01 15:24:00,682 - INFO - --- training epoch 42, loss 0.0220, mae 0.1632, rmse 0.2097, time elapsed(min) 0.03---
2026-10-01 15:24:01,094 - INFO - --- validation at epoch 42, val_loss 0.0252, val_mae 0.1759, val_rmse 0.2229, val_r2 0.4471, val_pearson 0.6851, lr 1.00e-03 ---
2026-10-01 15:24:01,094 - INFO - 
****************************************************************************************************
2026-10-01 15:24:01,465 - INFO - --- early stopping at epoch 42: val_loss did not improve for 10 epochs ---
2026-10-01 15:24:01,954 - INFO - --- selected checkpoint from epoch 32, val_loss 0.0242, val_mae 0.1726, val_rmse 0.2183
2026-10-01 15:24:03,117 - INFO - -- RESULT
2026-10-01 15:24:03,117 - INFO - --- test size: 1728
2026-10-01 15:24:03,117 - INFO - --- MAE: 0.1612 (16.12 pp), RMSE: 0.2066 (20.66 pp), R2: 0.4485, Pearson: 0.6724
