2026-10-01 11:27:49,936 - INFO - device is	cuda:0
2026-10-01 11:27:50,055 - INFO - -- CONFIGURATIONS
2026-10-01 11:27:50,055 - INFO - --- train/valid/test: 3628/404/1728
2026-10-01 11:27:50,055 - INFO - --- max no. reactants_train, valid, test respectively: 14, 14, 14
2026-10-01 11:27:50,055 - INFO - --- max no. products_train, valid, test respectively: 1, 1, 1
2026-10-01 11:27:50,055 - INFO - --- model_path: ../logs/approach2_grid_suzuki/e400/runs/Suzuki-Miyaura_split_8_approach_3/model.pt
2026-10-01 11:27:50,062 - INFO - -- TRAINING
2026-10-01 11:27:51,924 - INFO - --- training epoch 0, loss 2.7823, mae 3.1865, rmse 7.7098, time elapsed(min) 0.03---
2026-10-01 11:27:52,159 - INFO - --- validation at epoch 0, val_loss 0.1034, val_mae 0.3992, val_rmse 0.4616, val_r2 -1.7530, val_pearson 0.0099, lr 1.00e-03 ---
2026-10-01 11:27:52,159 - INFO - 
****************************************************************************************************
2026-10-01 11:27:54,084 - INFO - --- training epoch 1, loss 0.0484, mae 0.2592, rmse 0.3112, time elapsed(min) 0.03---
2026-10-01 11:27:54,317 - INFO - --- validation at epoch 1, val_loss 0.0397, val_mae 0.2374, val_rmse 0.2852, val_r2 -0.0511, val_pearson 0.1138, lr 1.00e-03 ---
2026-10-01 11:27:54,317 - INFO - 
****************************************************************************************************
2026-10-01 11:27:56,197 - INFO - --- training epoch 2, loss 0.0393, mae 0.2429, rmse 0.2802, time elapsed(min) 0.03---
2026-10-01 11:27:56,428 - INFO - --- validation at epoch 2, val_loss 0.0388, val_mae 0.2354, val_rmse 0.2824, val_r2 -0.0307, val_pearson 0.2265, lr 1.00e-03 ---
2026-10-01 11:27:56,428 - INFO - 
****************************************************************************************************
2026-10-01 11:27:58,320 - INFO - --- training epoch 3, loss 0.0392, mae 0.2400, rmse 0.2799, time elapsed(min) 0.03---
2026-10-01 11:27:58,747 - INFO - --- validation at epoch 3, val_loss 0.0376, val_mae 0.2320, val_rmse 0.2791, val_r2 -0.0062, val_pearson 0.2444, lr 1.00e-03 ---
2026-10-01 11:27:58,747 - INFO - 
****************************************************************************************************
2026-10-01 11:28:00,755 - INFO - --- training epoch 4, loss 0.0378, mae 0.2370, rmse 0.2748, time elapsed(min) 0.03---
2026-10-01 11:28:00,991 - INFO - --- validation at epoch 4, val_loss 0.0361, val_mae 0.2298, val_rmse 0.2743, val_r2 0.0278, val_pearson 0.2515, lr 1.00e-03 ---
2026-10-01 11:28:00,991 - INFO - 
****************************************************************************************************
2026-10-01 11:28:02,888 - INFO - --- training epoch 5, loss 0.0371, mae 0.2334, rmse 0.2724, time elapsed(min) 0.03---
2026-10-01 11:28:03,121 - INFO - --- validation at epoch 5, val_loss 0.0362, val_mae 0.2286, val_rmse 0.2742, val_r2 0.0290, val_pearson 0.2716, lr 1.00e-03 ---
2026-10-01 11:28:03,121 - INFO - 
****************************************************************************************************
2026-10-01 11:28:05,018 - INFO - --- training epoch 6, loss 0.0366, mae 0.2306, rmse 0.2706, time elapsed(min) 0.03---
2026-10-01 11:28:05,400 - INFO - --- validation at epoch 6, val_loss 0.0397, val_mae 0.2298, val_rmse 0.2845, val_r2 -0.0457, val_pearson 0.2989, lr 1.00e-03 ---
2026-10-01 11:28:05,400 - INFO - 
****************************************************************************************************
2026-10-01 11:28:07,428 - INFO - --- training epoch 7, loss 0.0345, mae 0.2218, rmse 0.2627, time elapsed(min) 0.03---
2026-10-01 11:28:07,657 - INFO - --- validation at epoch 7, val_loss 0.0356, val_mae 0.2198, val_rmse 0.2679, val_r2 0.0726, val_pearson 0.3286, lr 1.00e-03 ---
2026-10-01 11:28:07,657 - INFO - 
****************************************************************************************************
2026-10-01 11:28:09,562 - INFO - --- training epoch 8, loss 0.0340, mae 0.2188, rmse 0.2607, time elapsed(min) 0.03---
2026-10-01 11:28:09,787 - INFO - --- validation at epoch 8, val_loss 0.0367, val_mae 0.2209, val_rmse 0.2720, val_r2 0.0438, val_pearson 0.3405, lr 1.00e-03 ---
2026-10-01 11:28:09,787 - INFO - 
****************************************************************************************************
2026-10-01 11:28:11,619 - INFO - --- training epoch 9, loss 0.0333, mae 0.2164, rmse 0.2581, time elapsed(min) 0.03---
2026-10-01 11:28:11,978 - INFO - --- validation at epoch 9, val_loss 0.0355, val_mae 0.2202, val_rmse 0.2680, val_r2 0.0719, val_pearson 0.3480, lr 1.00e-03 ---
2026-10-01 11:28:11,978 - INFO - 
****************************************************************************************************
2026-10-01 11:28:14,188 - INFO - --- training epoch 10, loss 0.0332, mae 0.2157, rmse 0.2576, time elapsed(min) 0.03---
2026-10-01 11:28:14,423 - INFO - --- validation at epoch 10, val_loss 0.0346, val_mae 0.2174, val_rmse 0.2646, val_r2 0.0956, val_pearson 0.3597, lr 1.00e-03 ---
2026-10-01 11:28:14,423 - INFO - 
****************************************************************************************************
2026-10-01 11:28:16,295 - INFO - --- training epoch 11, loss 0.0332, mae 0.2152, rmse 0.2576, time elapsed(min) 0.03---
2026-10-01 11:28:16,534 - INFO - --- validation at epoch 11, val_loss 0.0352, val_mae 0.2168, val_rmse 0.2671, val_r2 0.0783, val_pearson 0.3836, lr 1.00e-03 ---
2026-10-01 11:28:16,534 - INFO - 
****************************************************************************************************
2026-10-01 11:28:18,448 - INFO - --- training epoch 12, loss 0.0319, mae 0.2101, rmse 0.2527, time elapsed(min) 0.03---
2026-10-01 11:28:18,674 - INFO - --- validation at epoch 12, val_loss 0.0290, val_mae 0.2033, val_rmse 0.2450, val_r2 0.2245, val_pearson 0.4771, lr 1.00e-03 ---
2026-10-01 11:28:18,674 - INFO - 
****************************************************************************************************
2026-10-01 11:28:20,664 - INFO - --- training epoch 13, loss 0.0302, mae 0.2024, rmse 0.2457, time elapsed(min) 0.03---
2026-10-01 11:28:21,094 - INFO - --- validation at epoch 13, val_loss 0.0282, val_mae 0.1983, val_rmse 0.2406, val_r2 0.2522, val_pearson 0.5136, lr 1.00e-03 ---
2026-10-01 11:28:21,094 - INFO - 
****************************************************************************************************
2026-10-01 11:28:23,100 - INFO - --- training epoch 14, loss 0.0306, mae 0.2031, rmse 0.2476, time elapsed(min) 0.03---
2026-10-01 11:28:23,331 - INFO - --- validation at epoch 14, val_loss 0.0271, val_mae 0.1937, val_rmse 0.2371, val_r2 0.2739, val_pearson 0.5731, lr 1.00e-03 ---
2026-10-01 11:28:23,331 - INFO - 
****************************************************************************************************
2026-10-01 11:28:25,387 - INFO - --- training epoch 15, loss 0.0319, mae 0.2092, rmse 0.2524, time elapsed(min) 0.03---
2026-10-01 11:28:25,614 - INFO - --- validation at epoch 15, val_loss 0.0271, val_mae 0.1934, val_rmse 0.2355, val_r2 0.2835, val_pearson 0.5462, lr 1.00e-03 ---
2026-10-01 11:28:25,615 - INFO - 
****************************************************************************************************
2026-10-01 11:28:27,437 - INFO - --- training epoch 16, loss 0.0275, mae 0.1933, rmse 0.2345, time elapsed(min) 0.03---
2026-10-01 11:28:27,830 - INFO - --- validation at epoch 16, val_loss 0.0236, val_mae 0.1814, val_rmse 0.2195, val_r2 0.3776, val_pearson 0.6212, lr 1.00e-03 ---
2026-10-01 11:28:27,830 - INFO - 
****************************************************************************************************
2026-10-01 11:28:29,949 - INFO - --- training epoch 17, loss 0.0239, mae 0.1781, rmse 0.2185, time elapsed(min) 0.03---
2026-10-01 11:28:30,179 - INFO - --- validation at epoch 17, val_loss 0.0218, val_mae 0.1786, val_rmse 0.2119, val_r2 0.4196, val_pearson 0.6851, lr 1.00e-03 ---
2026-10-01 11:28:30,179 - INFO - 
****************************************************************************************************
2026-10-01 11:28:32,040 - INFO - --- training epoch 18, loss 0.0223, mae 0.1723, rmse 0.2114, time elapsed(min) 0.02---
2026-10-01 11:28:32,267 - INFO - --- validation at epoch 18, val_loss 0.0199, val_mae 0.1620, val_rmse 0.1995, val_r2 0.4859, val_pearson 0.7038, lr 1.00e-03 ---
2026-10-01 11:28:32,267 - INFO - 
****************************************************************************************************
2026-10-01 11:28:34,184 - INFO - --- training epoch 19, loss 0.0218, mae 0.1692, rmse 0.2086, time elapsed(min) 0.03---
2026-10-01 11:28:34,541 - INFO - --- validation at epoch 19, val_loss 0.0188, val_mae 0.1615, val_rmse 0.1954, val_r2 0.5068, val_pearson 0.7272, lr 1.00e-03 ---
2026-10-01 11:28:34,541 - INFO - 
****************************************************************************************************
2026-10-01 11:28:36,734 - INFO - --- training epoch 20, loss 0.0204, mae 0.1629, rmse 0.2022, time elapsed(min) 0.03---
2026-10-01 11:28:36,953 - INFO - --- validation at epoch 20, val_loss 0.0183, val_mae 0.1576, val_rmse 0.1921, val_r2 0.5233, val_pearson 0.7337, lr 1.00e-03 ---
2026-10-01 11:28:36,953 - INFO - 
****************************************************************************************************
2026-10-01 11:28:38,937 - INFO - --- training epoch 21, loss 0.0215, mae 0.1673, rmse 0.2074, time elapsed(min) 0.03---
2026-10-01 11:28:39,162 - INFO - --- validation at epoch 21, val_loss 0.0188, val_mae 0.1591, val_rmse 0.1936, val_r2 0.5156, val_pearson 0.7287, lr 1.00e-03 ---
2026-10-01 11:28:39,162 - INFO - 
****************************************************************************************************
2026-10-01 11:28:41,083 - INFO - --- training epoch 22, loss 0.0208, mae 0.1644, rmse 0.2042, time elapsed(min) 0.03---
2026-10-01 11:28:41,476 - INFO - --- validation at epoch 22, val_loss 0.0175, val_mae 0.1522, val_rmse 0.1879, val_r2 0.5439, val_pearson 0.7417, lr 1.00e-03 ---
2026-10-01 11:28:41,476 - INFO - 
****************************************************************************************************
2026-10-01 11:28:43,598 - INFO - --- training epoch 23, loss 0.0194, mae 0.1581, rmse 0.1969, time elapsed(min) 0.03---
2026-10-01 11:28:43,822 - INFO - --- validation at epoch 23, val_loss 0.0170, val_mae 0.1488, val_rmse 0.1842, val_r2 0.5615, val_pearson 0.7523, lr 1.00e-03 ---
2026-10-01 11:28:43,822 - INFO - 
****************************************************************************************************
2026-10-01 11:28:45,718 - INFO - --- training epoch 24, loss 0.0190, mae 0.1566, rmse 0.1951, time elapsed(min) 0.03---
2026-10-01 11:28:45,954 - INFO - --- validation at epoch 24, val_loss 0.0178, val_mae 0.1520, val_rmse 0.1869, val_r2 0.5485, val_pearson 0.7469, lr 1.00e-03 ---
2026-10-01 11:28:45,954 - INFO - 
****************************************************************************************************
2026-10-01 11:28:47,789 - INFO - --- training epoch 25, loss 0.0188, mae 0.1553, rmse 0.1937, time elapsed(min) 0.03---
2026-10-01 11:28:48,014 - INFO - --- validation at epoch 25, val_loss 0.0175, val_mae 0.1524, val_rmse 0.1856, val_r2 0.5548, val_pearson 0.7606, lr 1.00e-03 ---
2026-10-01 11:28:48,014 - INFO - 
****************************************************************************************************
2026-10-01 11:28:49,930 - INFO - --- training epoch 26, loss 0.0184, mae 0.1534, rmse 0.1917, time elapsed(min) 0.03---
2026-10-01 11:28:50,327 - INFO - --- validation at epoch 26, val_loss 0.0174, val_mae 0.1504, val_rmse 0.1833, val_r2 0.5657, val_pearson 0.7635, lr 1.00e-03 ---
2026-10-01 11:28:50,327 - INFO - 
****************************************************************************************************
2026-10-01 11:28:52,287 - INFO - --- training epoch 27, loss 0.0178, mae 0.1499, rmse 0.1888, time elapsed(min) 0.03---
2026-10-01 11:28:52,515 - INFO - --- validation at epoch 27, val_loss 0.0164, val_mae 0.1432, val_rmse 0.1773, val_r2 0.5939, val_pearson 0.7741, lr 1.00e-03 ---
2026-10-01 11:28:52,515 - INFO - 
****************************************************************************************************
2026-10-01 11:28:54,498 - INFO - --- training epoch 28, loss 0.0179, mae 0.1506, rmse 0.1894, time elapsed(min) 0.03---
2026-10-01 11:28:54,726 - INFO - --- validation at epoch 28, val_loss 0.0162, val_mae 0.1421, val_rmse 0.1756, val_r2 0.6016, val_pearson 0.7831, lr 1.00e-03 ---
2026-10-01 11:28:54,726 - INFO - 
****************************************************************************************************
2026-10-01 11:28:56,629 - INFO - --- training epoch 29, loss 0.0170, mae 0.1459, rmse 0.1845, time elapsed(min) 0.03---
2026-10-01 11:28:56,993 - INFO - --- validation at epoch 29, val_loss 0.0156, val_mae 0.1375, val_rmse 0.1725, val_r2 0.6156, val_pearson 0.7887, lr 1.00e-03 ---
2026-10-01 11:28:56,993 - INFO - 
****************************************************************************************************
2026-10-01 11:28:59,149 - INFO - --- training epoch 30, loss 0.0165, mae 0.1428, rmse 0.1819, time elapsed(min) 0.03---
2026-10-01 11:28:59,386 - INFO - --- validation at epoch 30, val_loss 0.0146, val_mae 0.1323, val_rmse 0.1683, val_r2 0.6340, val_pearson 0.7981, lr 1.00e-03 ---
2026-10-01 11:28:59,386 - INFO - 
****************************************************************************************************
2026-10-01 11:29:01,402 - INFO - --- training epoch 31, loss 0.0161, mae 0.1409, rmse 0.1794, time elapsed(min) 0.03---
2026-10-01 11:29:01,630 - INFO - --- validation at epoch 31, val_loss 0.0150, val_mae 0.1350, val_rmse 0.1709, val_r2 0.6226, val_pearson 0.7959, lr 1.00e-03 ---
2026-10-01 11:29:01,630 - INFO - 
****************************************************************************************************
2026-10-01 11:29:03,481 - INFO - --- training epoch 32, loss 0.0160, mae 0.1396, rmse 0.1790, time elapsed(min) 0.03---
2026-10-01 11:29:03,836 - INFO - --- validation at epoch 32, val_loss 0.0155, val_mae 0.1314, val_rmse 0.1686, val_r2 0.6325, val_pearson 0.7954, lr 1.00e-03 ---
2026-10-01 11:29:03,836 - INFO - 
****************************************************************************************************
2026-10-01 11:29:05,685 - INFO - --- training epoch 33, loss 0.0157, mae 0.1380, rmse 0.1770, time elapsed(min) 0.03---
2026-10-01 11:29:06,081 - INFO - --- validation at epoch 33, val_loss 0.0163, val_mae 0.1375, val_rmse 0.1758, val_r2 0.6006, val_pearson 0.7975, lr 1.00e-03 ---
2026-10-01 11:29:06,081 - INFO - 
****************************************************************************************************
2026-10-01 11:29:08,097 - INFO - --- training epoch 34, loss 0.0154, mae 0.1364, rmse 0.1757, time elapsed(min) 0.03---
2026-10-01 11:29:08,333 - INFO - --- validation at epoch 34, val_loss 0.0143, val_mae 0.1268, val_rmse 0.1648, val_r2 0.6491, val_pearson 0.8058, lr 1.00e-03 ---
2026-10-01 11:29:08,333 - INFO - 
****************************************************************************************************
2026-10-01 11:29:10,352 - INFO - --- training epoch 35, loss 0.0153, mae 0.1367, rmse 0.1747, time elapsed(min) 0.03---
2026-10-01 11:29:10,583 - INFO - --- validation at epoch 35, val_loss 0.0143, val_mae 0.1266, val_rmse 0.1642, val_r2 0.6518, val_pearson 0.8100, lr 1.00e-03 ---
2026-10-01 11:29:10,583 - INFO - 
****************************************************************************************************
2026-10-01 11:29:12,419 - INFO - --- training epoch 36, loss 0.0149, mae 0.1351, rmse 0.1725, time elapsed(min) 0.03---
2026-10-01 11:29:12,816 - INFO - --- validation at epoch 36, val_loss 0.0142, val_mae 0.1266, val_rmse 0.1635, val_r2 0.6547, val_pearson 0.8119, lr 1.00e-03 ---
2026-10-01 11:29:12,816 - INFO - 
****************************************************************************************************
2026-10-01 11:29:14,830 - INFO - --- training epoch 37, loss 0.0145, mae 0.1322, rmse 0.1701, time elapsed(min) 0.03---
2026-10-01 11:29:15,369 - INFO - --- validation at epoch 37, val_loss 0.0143, val_mae 0.1263, val_rmse 0.1632, val_r2 0.6558, val_pearson 0.8116, lr 1.00e-03 ---
2026-10-01 11:29:15,369 - INFO - 
****************************************************************************************************
2026-10-01 11:29:17,210 - INFO - --- training epoch 38, loss 0.0139, mae 0.1295, rmse 0.1668, time elapsed(min) 0.03---
2026-10-01 11:29:17,443 - INFO - --- validation at epoch 38, val_loss 0.0135, val_mae 0.1232, val_rmse 0.1598, val_r2 0.6700, val_pearson 0.8246, lr 1.00e-03 ---
2026-10-01 11:29:17,443 - INFO - 
****************************************************************************************************
2026-10-01 11:29:19,347 - INFO - --- training epoch 39, loss 0.0141, mae 0.1299, rmse 0.1676, time elapsed(min) 0.03---
2026-10-01 11:29:19,579 - INFO - --- validation at epoch 39, val_loss 0.0143, val_mae 0.1242, val_rmse 0.1627, val_r2 0.6581, val_pearson 0.8154, lr 1.00e-03 ---
2026-10-01 11:29:19,579 - INFO - 
****************************************************************************************************
2026-10-01 11:29:21,565 - INFO - --- training epoch 40, loss 0.0140, mae 0.1292, rmse 0.1675, time elapsed(min) 0.03---
2026-10-01 11:29:21,960 - INFO - --- validation at epoch 40, val_loss 0.0131, val_mae 0.1244, val_rmse 0.1608, val_r2 0.6660, val_pearson 0.8241, lr 1.00e-03 ---
2026-10-01 11:29:21,960 - INFO - 
****************************************************************************************************
2026-10-01 11:29:23,991 - INFO - --- training epoch 41, loss 0.0131, mae 0.1254, rmse 0.1622, time elapsed(min) 0.03---
2026-10-01 11:29:24,225 - INFO - --- validation at epoch 41, val_loss 0.0130, val_mae 0.1196, val_rmse 0.1569, val_r2 0.6818, val_pearson 0.8290, lr 1.00e-03 ---
2026-10-01 11:29:24,225 - INFO - 
****************************************************************************************************
2026-10-01 11:29:26,202 - INFO - --- training epoch 42, loss 0.0132, mae 0.1248, rmse 0.1627, time elapsed(min) 0.03---
2026-10-01 11:29:26,432 - INFO - --- validation at epoch 42, val_loss 0.0122, val_mae 0.1166, val_rmse 0.1536, val_r2 0.6952, val_pearson 0.8342, lr 1.00e-03 ---
2026-10-01 11:29:26,432 - INFO - 
****************************************************************************************************
2026-10-01 11:29:28,395 - INFO - --- training epoch 43, loss 0.0125, mae 0.1215, rmse 0.1580, time elapsed(min) 0.03---
2026-10-01 11:29:28,820 - INFO - --- validation at epoch 43, val_loss 0.0121, val_mae 0.1177, val_rmse 0.1546, val_r2 0.6913, val_pearson 0.8410, lr 1.00e-03 ---
2026-10-01 11:29:28,820 - INFO - 
****************************************************************************************************
2026-10-01 11:29:30,857 - INFO - --- training epoch 44, loss 0.0127, mae 0.1221, rmse 0.1593, time elapsed(min) 0.03---
2026-10-01 11:29:31,089 - INFO - --- validation at epoch 44, val_loss 0.0116, val_mae 0.1132, val_rmse 0.1510, val_r2 0.7053, val_pearson 0.8403, lr 1.00e-03 ---
2026-10-01 11:29:31,089 - INFO - 
****************************************************************************************************
2026-10-01 11:29:33,043 - INFO - --- training epoch 45, loss 0.0124, mae 0.1212, rmse 0.1574, time elapsed(min) 0.03---
2026-10-01 11:29:33,276 - INFO - --- validation at epoch 45, val_loss 0.0121, val_mae 0.1145, val_rmse 0.1527, val_r2 0.6989, val_pearson 0.8403, lr 1.00e-03 ---
2026-10-01 11:29:33,277 - INFO - 
****************************************************************************************************
2026-10-01 11:29:35,236 - INFO - --- training epoch 46, loss 0.0124, mae 0.1218, rmse 0.1573, time elapsed(min) 0.03---
2026-10-01 11:29:35,623 - INFO - --- validation at epoch 46, val_loss 0.0134, val_mae 0.1175, val_rmse 0.1585, val_r2 0.6753, val_pearson 0.8295, lr 1.00e-03 ---
2026-10-01 11:29:35,623 - INFO - 
****************************************************************************************************
2026-10-01 11:29:37,766 - INFO - --- training epoch 47, loss 0.0119, mae 0.1180, rmse 0.1541, time elapsed(min) 0.03---
2026-10-01 11:29:37,999 - INFO - --- validation at epoch 47, val_loss 0.0119, val_mae 0.1136, val_rmse 0.1499, val_r2 0.7098, val_pearson 0.8425, lr 1.00e-03 ---
2026-10-01 11:29:37,999 - INFO - 
****************************************************************************************************
2026-10-01 11:29:39,817 - INFO - --- training epoch 48, loss 0.0115, mae 0.1157, rmse 0.1514, time elapsed(min) 0.03---
2026-10-01 11:29:40,051 - INFO - --- validation at epoch 48, val_loss 0.0115, val_mae 0.1130, val_rmse 0.1489, val_r2 0.7135, val_pearson 0.8454, lr 1.00e-03 ---
2026-10-01 11:29:40,051 - INFO - 
****************************************************************************************************
2026-10-01 11:29:42,042 - INFO - --- training epoch 49, loss 0.0121, mae 0.1197, rmse 0.1555, time elapsed(min) 0.03---
2026-10-01 11:29:42,406 - INFO - --- validation at epoch 49, val_loss 0.0114, val_mae 0.1120, val_rmse 0.1496, val_r2 0.7110, val_pearson 0.8464, lr 1.00e-03 ---
2026-10-01 11:29:42,406 - INFO - 
****************************************************************************************************
2026-10-01 11:29:44,547 - INFO - --- training epoch 50, loss 0.0116, mae 0.1158, rmse 0.1522, time elapsed(min) 0.03---
2026-10-01 11:29:44,788 - INFO - --- validation at epoch 50, val_loss 0.0132, val_mae 0.1328, val_rmse 0.1657, val_r2 0.6454, val_pearson 0.8311, lr 1.00e-03 ---
2026-10-01 11:29:44,788 - INFO - 
****************************************************************************************************
2026-10-01 11:29:46,615 - INFO - --- training epoch 51, loss 0.0123, mae 0.1208, rmse 0.1571, time elapsed(min) 0.03---
2026-10-01 11:29:46,865 - INFO - --- validation at epoch 51, val_loss 0.0116, val_mae 0.1173, val_rmse 0.1504, val_r2 0.7077, val_pearson 0.8486, lr 1.00e-03 ---
2026-10-01 11:29:46,865 - INFO - 
****************************************************************************************************
2026-10-01 11:29:48,709 - INFO - --- training epoch 52, loss 0.0110, mae 0.1137, rmse 0.1486, time elapsed(min) 0.03---
2026-10-01 11:29:49,087 - INFO - --- validation at epoch 52, val_loss 0.0116, val_mae 0.1168, val_rmse 0.1496, val_r2 0.7109, val_pearson 0.8579, lr 1.00e-03 ---
2026-10-01 11:29:49,087 - INFO - 
****************************************************************************************************
2026-10-01 11:29:51,147 - INFO - --- training epoch 53, loss 0.0165, mae 0.1383, rmse 0.1814, time elapsed(min) 0.03---
2026-10-01 11:29:51,386 - INFO - --- validation at epoch 53, val_loss 0.0218, val_mae 0.1619, val_rmse 0.2103, val_r2 0.4286, val_pearson 0.7724, lr 1.00e-03 ---
2026-10-01 11:29:51,386 - INFO - 
****************************************************************************************************
2026-10-01 11:29:53,193 - INFO - --- training epoch 54, loss 0.0169, mae 0.1445, rmse 0.1838, time elapsed(min) 0.03---
2026-10-01 11:29:53,428 - INFO - --- validation at epoch 54, val_loss 0.0136, val_mae 0.1220, val_rmse 0.1610, val_r2 0.6649, val_pearson 0.8186, lr 1.00e-03 ---
2026-10-01 11:29:53,428 - INFO - 
****************************************************************************************************
2026-10-01 11:29:55,284 - INFO - --- training epoch 55, loss 0.0124, mae 0.1209, rmse 0.1575, time elapsed(min) 0.03---
2026-10-01 11:29:55,653 - INFO - --- validation at epoch 55, val_loss 0.0122, val_mae 0.1172, val_rmse 0.1540, val_r2 0.6934, val_pearson 0.8331, lr 1.00e-03 ---
2026-10-01 11:29:55,653 - INFO - 
****************************************************************************************************
2026-10-01 11:29:57,825 - INFO - --- training epoch 56, loss 0.0127, mae 0.1220, rmse 0.1592, time elapsed(min) 0.03---
2026-10-01 11:29:58,057 - INFO - --- validation at epoch 56, val_loss 0.0104, val_mae 0.1097, val_rmse 0.1450, val_r2 0.7282, val_pearson 0.8627, lr 1.00e-03 ---
2026-10-01 11:29:58,057 - INFO - 
****************************************************************************************************
2026-10-01 11:29:59,936 - INFO - --- training epoch 57, loss 0.0110, mae 0.1131, rmse 0.1482, time elapsed(min) 0.03---
2026-10-01 11:30:00,173 - INFO - --- validation at epoch 57, val_loss 0.0123, val_mae 0.1168, val_rmse 0.1560, val_r2 0.6855, val_pearson 0.8367, lr 1.00e-03 ---
2026-10-01 11:30:00,173 - INFO - 
****************************************************************************************************
2026-10-01 11:30:02,109 - INFO - --- training epoch 58, loss 0.0110, mae 0.1136, rmse 0.1484, time elapsed(min) 0.03---
2026-10-01 11:30:02,339 - INFO - --- validation at epoch 58, val_loss 0.0110, val_mae 0.1094, val_rmse 0.1451, val_r2 0.7281, val_pearson 0.8550, lr 1.00e-03 ---
2026-10-01 11:30:02,339 - INFO - 
****************************************************************************************************
2026-10-01 11:30:04,235 - INFO - --- training epoch 59, loss 0.0102, mae 0.1083, rmse 0.1425, time elapsed(min) 0.03---
2026-10-01 11:30:04,654 - INFO - --- validation at epoch 59, val_loss 0.0104, val_mae 0.1061, val_rmse 0.1416, val_r2 0.7409, val_pearson 0.8609, lr 1.00e-03 ---
2026-10-01 11:30:04,654 - INFO - 
****************************************************************************************************
2026-10-01 11:30:06,676 - INFO - --- training epoch 60, loss 0.0101, mae 0.1073, rmse 0.1421, time elapsed(min) 0.03---
2026-10-01 11:30:06,915 - INFO - --- validation at epoch 60, val_loss 0.0100, val_mae 0.1049, val_rmse 0.1398, val_r2 0.7476, val_pearson 0.8656, lr 1.00e-03 ---
2026-10-01 11:30:06,915 - INFO - 
****************************************************************************************************
2026-10-01 11:30:08,851 - INFO - --- training epoch 61, loss 0.0097, mae 0.1058, rmse 0.1396, time elapsed(min) 0.03---
2026-10-01 11:30:09,075 - INFO - --- validation at epoch 61, val_loss 0.0100, val_mae 0.1063, val_rmse 0.1407, val_r2 0.7442, val_pearson 0.8639, lr 1.00e-03 ---
2026-10-01 11:30:09,075 - INFO - 
****************************************************************************************************
2026-10-01 11:30:10,992 - INFO - --- training epoch 62, loss 0.0096, mae 0.1039, rmse 0.1385, time elapsed(min) 0.03---
2026-10-01 11:30:11,399 - INFO - --- validation at epoch 62, val_loss 0.0097, val_mae 0.1068, val_rmse 0.1396, val_r2 0.7481, val_pearson 0.8671, lr 1.00e-03 ---
2026-10-01 11:30:11,399 - INFO - 
****************************************************************************************************
2026-10-01 11:30:13,570 - INFO - --- training epoch 63, loss 0.0098, mae 0.1052, rmse 0.1401, time elapsed(min) 0.03---
2026-10-01 11:30:13,796 - INFO - --- validation at epoch 63, val_loss 0.0099, val_mae 0.1081, val_rmse 0.1422, val_r2 0.7387, val_pearson 0.8638, lr 1.00e-03 ---
2026-10-01 11:30:13,796 - INFO - 
****************************************************************************************************
2026-10-01 11:30:15,668 - INFO - --- training epoch 64, loss 0.0095, mae 0.1038, rmse 0.1378, time elapsed(min) 0.03---
2026-10-01 11:30:15,901 - INFO - --- validation at epoch 64, val_loss 0.0095, val_mae 0.1068, val_rmse 0.1395, val_r2 0.7485, val_pearson 0.8701, lr 1.00e-03 ---
2026-10-01 11:30:15,901 - INFO - 
****************************************************************************************************
2026-10-01 11:30:17,908 - INFO - --- training epoch 65, loss 0.0093, mae 0.1021, rmse 0.1360, time elapsed(min) 0.03---
2026-10-01 11:30:18,301 - INFO - --- validation at epoch 65, val_loss 0.0088, val_mae 0.1003, val_rmse 0.1354, val_r2 0.7630, val_pearson 0.8737, lr 1.00e-03 ---
2026-10-01 11:30:18,301 - INFO - 
****************************************************************************************************
2026-10-01 11:30:20,443 - INFO - --- training epoch 66, loss 0.0090, mae 0.1009, rmse 0.1342, time elapsed(min) 0.03---
2026-10-01 11:30:20,700 - INFO - --- validation at epoch 66, val_loss 0.0097, val_mae 0.1050, val_rmse 0.1404, val_r2 0.7455, val_pearson 0.8691, lr 1.00e-03 ---
2026-10-01 11:30:20,700 - INFO - 
****************************************************************************************************
2026-10-01 11:30:22,523 - INFO - --- training epoch 67, loss 0.0097, mae 0.1051, rmse 0.1391, time elapsed(min) 0.03---
2026-10-01 11:30:22,762 - INFO - --- validation at epoch 67, val_loss 0.0101, val_mae 0.1056, val_rmse 0.1413, val_r2 0.7420, val_pearson 0.8657, lr 1.00e-03 ---
2026-10-01 11:30:22,762 - INFO - 
****************************************************************************************************
2026-10-01 11:30:24,659 - INFO - --- training epoch 68, loss 0.0093, mae 0.1030, rmse 0.1362, time elapsed(min) 0.03---
2026-10-01 11:30:25,041 - INFO - --- validation at epoch 68, val_loss 0.0092, val_mae 0.1009, val_rmse 0.1357, val_r2 0.7620, val_pearson 0.8732, lr 1.00e-03 ---
2026-10-01 11:30:25,042 - INFO - 
****************************************************************************************************
2026-10-01 11:30:27,089 - INFO - --- training epoch 69, loss 0.0093, mae 0.1038, rmse 0.1367, time elapsed(min) 0.03---
2026-10-01 11:30:27,326 - INFO - --- validation at epoch 69, val_loss 0.0094, val_mae 0.1006, val_rmse 0.1360, val_r2 0.7612, val_pearson 0.8752, lr 1.00e-03 ---
2026-10-01 11:30:27,326 - INFO - 
****************************************************************************************************
2026-10-01 11:30:29,196 - INFO - --- training epoch 70, loss 0.0096, mae 0.1053, rmse 0.1387, time elapsed(min) 0.03---
2026-10-01 11:30:29,428 - INFO - --- validation at epoch 70, val_loss 0.0101, val_mae 0.1112, val_rmse 0.1412, val_r2 0.7425, val_pearson 0.8698, lr 1.00e-03 ---
2026-10-01 11:30:29,429 - INFO - 
****************************************************************************************************
2026-10-01 11:30:31,287 - INFO - --- training epoch 71, loss 0.0092, mae 0.1032, rmse 0.1358, time elapsed(min) 0.03---
2026-10-01 11:30:31,646 - INFO - --- validation at epoch 71, val_loss 0.0093, val_mae 0.1065, val_rmse 0.1384, val_r2 0.7526, val_pearson 0.8722, lr 1.00e-03 ---
2026-10-01 11:30:31,646 - INFO - 
****************************************************************************************************
2026-10-01 11:30:33,873 - INFO - --- training epoch 72, loss 0.0094, mae 0.1043, rmse 0.1371, time elapsed(min) 0.03---
2026-10-01 11:30:34,109 - INFO - --- validation at epoch 72, val_loss 0.0092, val_mae 0.1055, val_rmse 0.1387, val_r2 0.7516, val_pearson 0.8700, lr 1.00e-03 ---
2026-10-01 11:30:34,109 - INFO - 
****************************************************************************************************
2026-10-01 11:30:35,943 - INFO - --- training epoch 73, loss 0.0097, mae 0.1055, rmse 0.1390, time elapsed(min) 0.03---
2026-10-01 11:30:36,182 - INFO - --- validation at epoch 73, val_loss 0.0099, val_mae 0.1092, val_rmse 0.1416, val_r2 0.7410, val_pearson 0.8678, lr 1.00e-03 ---
2026-10-01 11:30:36,182 - INFO - 
****************************************************************************************************
2026-10-01 11:30:37,973 - INFO - --- training epoch 74, loss 0.0095, mae 0.1052, rmse 0.1381, time elapsed(min) 0.03---
2026-10-01 11:30:38,211 - INFO - --- validation at epoch 74, val_loss 0.0088, val_mae 0.1011, val_rmse 0.1353, val_r2 0.7634, val_pearson 0.8754, lr 1.00e-03 ---
2026-10-01 11:30:38,211 - INFO - 
****************************************************************************************************
2026-10-01 11:30:40,103 - INFO - --- training epoch 75, loss 0.0092, mae 0.1023, rmse 0.1355, time elapsed(min) 0.03---
2026-10-01 11:30:40,640 - INFO - --- validation at epoch 75, val_loss 0.0107, val_mae 0.1124, val_rmse 0.1480, val_r2 0.7171, val_pearson 0.8697, lr 1.00e-03 ---
2026-10-01 11:30:40,640 - INFO - 
****************************************************************************************************
2026-10-01 11:30:42,594 - INFO - --- training epoch 76, loss 0.0090, mae 0.1017, rmse 0.1339, time elapsed(min) 0.03---
2026-10-01 11:30:42,823 - INFO - --- validation at epoch 76, val_loss 0.0089, val_mae 0.1010, val_rmse 0.1352, val_r2 0.7640, val_pearson 0.8743, lr 1.00e-03 ---
2026-10-01 11:30:42,823 - INFO - 
****************************************************************************************************
2026-10-01 11:30:44,670 - INFO - --- training epoch 77, loss 0.0079, mae 0.0938, rmse 0.1253, time elapsed(min) 0.03---
2026-10-01 11:30:44,896 - INFO - --- validation at epoch 77, val_loss 0.0087, val_mae 0.0965, val_rmse 0.1351, val_r2 0.7642, val_pearson 0.8803, lr 3.00e-04 ---
2026-10-01 11:30:44,896 - INFO - 
****************************************************************************************************
2026-10-01 11:30:46,943 - INFO - --- training epoch 78, loss 0.0073, mae 0.0915, rmse 0.1212, time elapsed(min) 0.03---
2026-10-01 11:30:47,356 - INFO - --- validation at epoch 78, val_loss 0.0083, val_mae 0.0953, val_rmse 0.1315, val_r2 0.7766, val_pearson 0.8862, lr 3.00e-04 ---
2026-10-01 11:30:47,356 - INFO - 
****************************************************************************************************
2026-10-01 11:30:49,339 - INFO - --- training epoch 79, loss 0.0072, mae 0.0893, rmse 0.1199, time elapsed(min) 0.02---
2026-10-01 11:30:49,581 - INFO - --- validation at epoch 79, val_loss 0.0087, val_mae 0.0968, val_rmse 0.1340, val_r2 0.7679, val_pearson 0.8872, lr 3.00e-04 ---
2026-10-01 11:30:49,581 - INFO - 
****************************************************************************************************
2026-10-01 11:30:51,405 - INFO - --- training epoch 80, loss 0.0070, mae 0.0886, rmse 0.1183, time elapsed(min) 0.03---
2026-10-01 11:30:51,630 - INFO - --- validation at epoch 80, val_loss 0.0083, val_mae 0.0936, val_rmse 0.1301, val_r2 0.7812, val_pearson 0.8879, lr 3.00e-04 ---
2026-10-01 11:30:51,630 - INFO - 
****************************************************************************************************
2026-10-01 11:30:53,620 - INFO - --- training epoch 81, loss 0.0070, mae 0.0880, rmse 0.1182, time elapsed(min) 0.03---
2026-10-01 11:30:54,016 - INFO - --- validation at epoch 81, val_loss 0.0079, val_mae 0.0929, val_rmse 0.1287, val_r2 0.7861, val_pearson 0.8892, lr 3.00e-04 ---
2026-10-01 11:30:54,016 - INFO - 
****************************************************************************************************
2026-10-01 11:30:56,152 - INFO - --- training epoch 82, loss 0.0071, mae 0.0891, rmse 0.1189, time elapsed(min) 0.03---
2026-10-01 11:30:56,391 - INFO - --- validation at epoch 82, val_loss 0.0080, val_mae 0.0917, val_rmse 0.1278, val_r2 0.7890, val_pearson 0.8904, lr 3.00e-04 ---
2026-10-01 11:30:56,391 - INFO - 
****************************************************************************************************
2026-10-01 11:30:58,200 - INFO - --- training epoch 83, loss 0.0071, mae 0.0887, rmse 0.1192, time elapsed(min) 0.03---
2026-10-01 11:30:58,432 - INFO - --- validation at epoch 83, val_loss 0.0079, val_mae 0.0919, val_rmse 0.1278, val_r2 0.7889, val_pearson 0.8890, lr 3.00e-04 ---
2026-10-01 11:30:58,432 - INFO - 
****************************************************************************************************
2026-10-01 11:31:00,323 - INFO - --- training epoch 84, loss 0.0069, mae 0.0880, rmse 0.1178, time elapsed(min) 0.03---
2026-10-01 11:31:00,713 - INFO - --- validation at epoch 84, val_loss 0.0080, val_mae 0.0911, val_rmse 0.1273, val_r2 0.7905, val_pearson 0.8916, lr 3.00e-04 ---
2026-10-01 11:31:00,713 - INFO - 
****************************************************************************************************
2026-10-01 11:31:02,841 - INFO - --- training epoch 85, loss 0.0068, mae 0.0871, rmse 0.1169, time elapsed(min) 0.03---
2026-10-01 11:31:03,070 - INFO - --- validation at epoch 85, val_loss 0.0080, val_mae 0.0938, val_rmse 0.1299, val_r2 0.7819, val_pearson 0.8867, lr 3.00e-04 ---
2026-10-01 11:31:03,070 - INFO - 
****************************************************************************************************
2026-10-01 11:31:04,975 - INFO - --- training epoch 86, loss 0.0068, mae 0.0869, rmse 0.1167, time elapsed(min) 0.03---
2026-10-01 11:31:05,205 - INFO - --- validation at epoch 86, val_loss 0.0083, val_mae 0.0926, val_rmse 0.1292, val_r2 0.7843, val_pearson 0.8899, lr 3.00e-04 ---
2026-10-01 11:31:05,205 - INFO - 
****************************************************************************************************
2026-10-01 11:31:07,116 - INFO - --- training epoch 87, loss 0.0069, mae 0.0875, rmse 0.1175, time elapsed(min) 0.03---
2026-10-01 11:31:07,496 - INFO - --- validation at epoch 87, val_loss 0.0082, val_mae 0.0936, val_rmse 0.1296, val_r2 0.7830, val_pearson 0.8867, lr 3.00e-04 ---
2026-10-01 11:31:07,496 - INFO - 
****************************************************************************************************
2026-10-01 11:31:09,574 - INFO - --- training epoch 88, loss 0.0067, mae 0.0865, rmse 0.1159, time elapsed(min) 0.03---
2026-10-01 11:31:09,805 - INFO - --- validation at epoch 88, val_loss 0.0081, val_mae 0.0921, val_rmse 0.1280, val_r2 0.7883, val_pearson 0.8893, lr 3.00e-04 ---
2026-10-01 11:31:09,805 - INFO - 
****************************************************************************************************
2026-10-01 11:31:11,668 - INFO - --- training epoch 89, loss 0.0068, mae 0.0866, rmse 0.1163, time elapsed(min) 0.03---
2026-10-01 11:31:11,905 - INFO - --- validation at epoch 89, val_loss 0.0077, val_mae 0.0925, val_rmse 0.1273, val_r2 0.7907, val_pearson 0.8893, lr 3.00e-04 ---
2026-10-01 11:31:11,905 - INFO - 
****************************************************************************************************
2026-10-01 11:31:13,807 - INFO - --- training epoch 90, loss 0.0067, mae 0.0859, rmse 0.1153, time elapsed(min) 0.03---
2026-10-01 11:31:14,188 - INFO - --- validation at epoch 90, val_loss 0.0078, val_mae 0.0903, val_rmse 0.1264, val_r2 0.7935, val_pearson 0.8926, lr 3.00e-04 ---
2026-10-01 11:31:14,188 - INFO - 
****************************************************************************************************
2026-10-01 11:31:16,367 - INFO - --- training epoch 91, loss 0.0066, mae 0.0852, rmse 0.1147, time elapsed(min) 0.03---
2026-10-01 11:31:16,598 - INFO - --- validation at epoch 91, val_loss 0.0082, val_mae 0.0916, val_rmse 0.1272, val_r2 0.7911, val_pearson 0.8925, lr 3.00e-04 ---
2026-10-01 11:31:16,598 - INFO - 
****************************************************************************************************
2026-10-01 11:31:18,383 - INFO - --- training epoch 92, loss 0.0066, mae 0.0862, rmse 0.1153, time elapsed(min) 0.03---
2026-10-01 11:31:18,614 - INFO - --- validation at epoch 92, val_loss 0.0084, val_mae 0.0917, val_rmse 0.1293, val_r2 0.7840, val_pearson 0.8882, lr 3.00e-04 ---
2026-10-01 11:31:18,614 - INFO - 
****************************************************************************************************
2026-10-01 11:31:20,449 - INFO - --- training epoch 93, loss 0.0065, mae 0.0848, rmse 0.1139, time elapsed(min) 0.03---
2026-10-01 11:31:20,824 - INFO - --- validation at epoch 93, val_loss 0.0082, val_mae 0.0907, val_rmse 0.1282, val_r2 0.7878, val_pearson 0.8906, lr 3.00e-04 ---
2026-10-01 11:31:20,824 - INFO - 
****************************************************************************************************
2026-10-01 11:31:22,901 - INFO - --- training epoch 94, loss 0.0065, mae 0.0853, rmse 0.1138, time elapsed(min) 0.03---
2026-10-01 11:31:23,308 - INFO - --- validation at epoch 94, val_loss 0.0080, val_mae 0.0915, val_rmse 0.1278, val_r2 0.7889, val_pearson 0.8916, lr 3.00e-04 ---
2026-10-01 11:31:23,308 - INFO - 
****************************************************************************************************
2026-10-01 11:31:25,369 - INFO - --- training epoch 95, loss 0.0065, mae 0.0852, rmse 0.1142, time elapsed(min) 0.03---
2026-10-01 11:31:25,618 - INFO - --- validation at epoch 95, val_loss 0.0083, val_mae 0.0906, val_rmse 0.1287, val_r2 0.7859, val_pearson 0.8945, lr 3.00e-04 ---
2026-10-01 11:31:25,618 - INFO - 
****************************************************************************************************
2026-10-01 11:31:27,452 - INFO - --- training epoch 96, loss 0.0064, mae 0.0839, rmse 0.1129, time elapsed(min) 0.03---
2026-10-01 11:31:27,688 - INFO - --- validation at epoch 96, val_loss 0.0084, val_mae 0.0912, val_rmse 0.1285, val_r2 0.7865, val_pearson 0.8901, lr 3.00e-04 ---
2026-10-01 11:31:27,688 - INFO - 
****************************************************************************************************
2026-10-01 11:31:29,605 - INFO - --- training epoch 97, loss 0.0064, mae 0.0843, rmse 0.1133, time elapsed(min) 0.03---
2026-10-01 11:31:30,031 - INFO - --- validation at epoch 97, val_loss 0.0080, val_mae 0.0899, val_rmse 0.1274, val_r2 0.7903, val_pearson 0.8934, lr 3.00e-04 ---
2026-10-01 11:31:30,031 - INFO - 
****************************************************************************************************
2026-10-01 11:31:32,191 - INFO - --- training epoch 98, loss 0.0063, mae 0.0836, rmse 0.1123, time elapsed(min) 0.03---
2026-10-01 11:31:32,432 - INFO - --- validation at epoch 98, val_loss 0.0086, val_mae 0.0921, val_rmse 0.1298, val_r2 0.7823, val_pearson 0.8929, lr 3.00e-04 ---
2026-10-01 11:31:32,432 - INFO - 
****************************************************************************************************
2026-10-01 11:31:34,241 - INFO - --- training epoch 99, loss 0.0065, mae 0.0850, rmse 0.1140, time elapsed(min) 0.03---
2026-10-01 11:31:34,472 - INFO - --- validation at epoch 99, val_loss 0.0087, val_mae 0.0924, val_rmse 0.1307, val_r2 0.7792, val_pearson 0.8896, lr 3.00e-04 ---
2026-10-01 11:31:34,472 - INFO - 
****************************************************************************************************
2026-10-01 11:31:36,442 - INFO - --- training epoch 100, loss 0.0064, mae 0.0845, rmse 0.1131, time elapsed(min) 0.03---
2026-10-01 11:31:36,830 - INFO - --- validation at epoch 100, val_loss 0.0086, val_mae 0.0912, val_rmse 0.1289, val_r2 0.7854, val_pearson 0.8930, lr 3.00e-04 ---
2026-10-01 11:31:36,830 - INFO - 
****************************************************************************************************
2026-10-01 11:31:38,854 - INFO - --- training epoch 101, loss 0.0062, mae 0.0826, rmse 0.1112, time elapsed(min) 0.03---
2026-10-01 11:31:39,093 - INFO - --- validation at epoch 101, val_loss 0.0078, val_mae 0.0893, val_rmse 0.1259, val_r2 0.7952, val_pearson 0.8999, lr 9.00e-05 ---
2026-10-01 11:31:39,093 - INFO - 
****************************************************************************************************
2026-10-01 11:31:40,925 - INFO - --- training epoch 102, loss 0.0061, mae 0.0824, rmse 0.1107, time elapsed(min) 0.03---
2026-10-01 11:31:41,150 - INFO - --- validation at epoch 102, val_loss 0.0077, val_mae 0.0887, val_rmse 0.1247, val_r2 0.7990, val_pearson 0.9029, lr 9.00e-05 ---
2026-10-01 11:31:41,150 - INFO - 
****************************************************************************************************
2026-10-01 11:31:43,054 - INFO - --- training epoch 103, loss 0.0061, mae 0.0822, rmse 0.1102, time elapsed(min) 0.03---
2026-10-01 11:31:43,426 - INFO - --- validation at epoch 103, val_loss 0.0075, val_mae 0.0884, val_rmse 0.1243, val_r2 0.8005, val_pearson 0.9027, lr 9.00e-05 ---
2026-10-01 11:31:43,426 - INFO - 
****************************************************************************************************
2026-10-01 11:31:45,565 - INFO - --- training epoch 104, loss 0.0060, mae 0.0814, rmse 0.1093, time elapsed(min) 0.03---
2026-10-01 11:31:45,980 - INFO - --- validation at epoch 104, val_loss 0.0075, val_mae 0.0886, val_rmse 0.1244, val_r2 0.8001, val_pearson 0.9013, lr 9.00e-05 ---
2026-10-01 11:31:45,980 - INFO - 
****************************************************************************************************
2026-10-01 11:31:48,009 - INFO - --- training epoch 105, loss 0.0060, mae 0.0818, rmse 0.1094, time elapsed(min) 0.03---
2026-10-01 11:31:48,241 - INFO - --- validation at epoch 105, val_loss 0.0077, val_mae 0.0884, val_rmse 0.1247, val_r2 0.7992, val_pearson 0.9011, lr 9.00e-05 ---
2026-10-01 11:31:48,241 - INFO - 
****************************************************************************************************
2026-10-01 11:31:50,040 - INFO - --- training epoch 106, loss 0.0060, mae 0.0826, rmse 0.1099, time elapsed(min) 0.03---
2026-10-01 11:31:50,275 - INFO - --- validation at epoch 106, val_loss 0.0075, val_mae 0.0871, val_rmse 0.1231, val_r2 0.8043, val_pearson 0.9027, lr 9.00e-05 ---
2026-10-01 11:31:50,275 - INFO - 
****************************************************************************************************
2026-10-01 11:31:52,220 - INFO - --- training epoch 107, loss 0.0059, mae 0.0806, rmse 0.1086, time elapsed(min) 0.03---
2026-10-01 11:31:52,627 - INFO - --- validation at epoch 107, val_loss 0.0073, val_mae 0.0877, val_rmse 0.1229, val_r2 0.8047, val_pearson 0.9046, lr 9.00e-05 ---
2026-10-01 11:31:52,627 - INFO - 
****************************************************************************************************
2026-10-01 11:31:54,791 - INFO - --- training epoch 108, loss 0.0058, mae 0.0802, rmse 0.1076, time elapsed(min) 0.03---
2026-10-01 11:31:55,022 - INFO - --- validation at epoch 108, val_loss 0.0078, val_mae 0.0900, val_rmse 0.1262, val_r2 0.7942, val_pearson 0.9006, lr 9.00e-05 ---
2026-10-01 11:31:55,022 - INFO - 
****************************************************************************************************
2026-10-01 11:31:56,845 - INFO - --- training epoch 109, loss 0.0059, mae 0.0810, rmse 0.1084, time elapsed(min) 0.03---
2026-10-01 11:31:57,071 - INFO - --- validation at epoch 109, val_loss 0.0080, val_mae 0.0906, val_rmse 0.1270, val_r2 0.7915, val_pearson 0.9028, lr 9.00e-05 ---
2026-10-01 11:31:57,071 - INFO - 
****************************************************************************************************
2026-10-01 11:31:58,991 - INFO - --- training epoch 110, loss 0.0059, mae 0.0815, rmse 0.1086, time elapsed(min) 0.03---
2026-10-01 11:31:59,391 - INFO - --- validation at epoch 110, val_loss 0.0078, val_mae 0.0896, val_rmse 0.1260, val_r2 0.7949, val_pearson 0.9011, lr 9.00e-05 ---
2026-10-01 11:31:59,391 - INFO - 
****************************************************************************************************
2026-10-01 11:32:01,415 - INFO - --- training epoch 111, loss 0.0058, mae 0.0808, rmse 0.1079, time elapsed(min) 0.03---
2026-10-01 11:32:01,645 - INFO - --- validation at epoch 111, val_loss 0.0079, val_mae 0.0902, val_rmse 0.1261, val_r2 0.7946, val_pearson 0.9025, lr 9.00e-05 ---
2026-10-01 11:32:01,645 - INFO - 
****************************************************************************************************
2026-10-01 11:32:03,670 - INFO - --- training epoch 112, loss 0.0058, mae 0.0803, rmse 0.1074, time elapsed(min) 0.03---
2026-10-01 11:32:03,894 - INFO - --- validation at epoch 112, val_loss 0.0076, val_mae 0.0883, val_rmse 0.1247, val_r2 0.7992, val_pearson 0.9019, lr 9.00e-05 ---
2026-10-01 11:32:03,894 - INFO - 
****************************************************************************************************
2026-10-01 11:32:05,825 - INFO - --- training epoch 113, loss 0.0057, mae 0.0795, rmse 0.1067, time elapsed(min) 0.03---
2026-10-01 11:32:06,187 - INFO - --- validation at epoch 113, val_loss 0.0078, val_mae 0.0880, val_rmse 0.1248, val_r2 0.7988, val_pearson 0.9032, lr 9.00e-05 ---
2026-10-01 11:32:06,187 - INFO - 
****************************************************************************************************
2026-10-01 11:32:08,328 - INFO - --- training epoch 114, loss 0.0057, mae 0.0792, rmse 0.1064, time elapsed(min) 0.03---
2026-10-01 11:32:08,552 - INFO - --- validation at epoch 114, val_loss 0.0074, val_mae 0.0874, val_rmse 0.1233, val_r2 0.8035, val_pearson 0.9039, lr 9.00e-05 ---
2026-10-01 11:32:08,552 - INFO - 
****************************************************************************************************
2026-10-01 11:32:10,389 - INFO - --- training epoch 115, loss 0.0057, mae 0.0794, rmse 0.1069, time elapsed(min) 0.03---
2026-10-01 11:32:10,613 - INFO - --- validation at epoch 115, val_loss 0.0077, val_mae 0.0885, val_rmse 0.1249, val_r2 0.7984, val_pearson 0.9010, lr 9.00e-05 ---
2026-10-01 11:32:10,613 - INFO - 
****************************************************************************************************
2026-10-01 11:32:12,451 - INFO - --- training epoch 116, loss 0.0056, mae 0.0788, rmse 0.1060, time elapsed(min) 0.03---
2026-10-01 11:32:12,817 - INFO - --- validation at epoch 116, val_loss 0.0077, val_mae 0.0880, val_rmse 0.1247, val_r2 0.7990, val_pearson 0.9027, lr 9.00e-05 ---
2026-10-01 11:32:12,817 - INFO - 
****************************************************************************************************
2026-10-01 11:32:15,053 - INFO - --- training epoch 117, loss 0.0057, mae 0.0797, rmse 0.1072, time elapsed(min) 0.03---
2026-10-01 11:32:15,280 - INFO - --- validation at epoch 117, val_loss 0.0079, val_mae 0.0905, val_rmse 0.1267, val_r2 0.7927, val_pearson 0.9016, lr 9.00e-05 ---
2026-10-01 11:32:15,280 - INFO - 
****************************************************************************************************
2026-10-01 11:32:17,143 - INFO - --- training epoch 118, loss 0.0057, mae 0.0797, rmse 0.1071, time elapsed(min) 0.03---
2026-10-01 11:32:17,374 - INFO - --- validation at epoch 118, val_loss 0.0077, val_mae 0.0886, val_rmse 0.1243, val_r2 0.8004, val_pearson 0.9033, lr 9.00e-05 ---
2026-10-01 11:32:17,374 - INFO - 
****************************************************************************************************
2026-10-01 11:32:19,227 - INFO - --- training epoch 119, loss 0.0055, mae 0.0779, rmse 0.1050, time elapsed(min) 0.03---
2026-10-01 11:32:19,583 - INFO - --- validation at epoch 119, val_loss 0.0072, val_mae 0.0848, val_rmse 0.1204, val_r2 0.8126, val_pearson 0.9073, lr 2.70e-05 ---
2026-10-01 11:32:19,583 - INFO - 
****************************************************************************************************
2026-10-01 11:32:21,573 - INFO - --- training epoch 120, loss 0.0055, mae 0.0783, rmse 0.1046, time elapsed(min) 0.03---
2026-10-01 11:32:21,983 - INFO - --- validation at epoch 120, val_loss 0.0073, val_mae 0.0848, val_rmse 0.1205, val_r2 0.8123, val_pearson 0.9074, lr 2.70e-05 ---
2026-10-01 11:32:21,983 - INFO - 
****************************************************************************************************
2026-10-01 11:32:23,942 - INFO - --- training epoch 121, loss 0.0054, mae 0.0780, rmse 0.1043, time elapsed(min) 0.03---
2026-10-01 11:32:24,186 - INFO - --- validation at epoch 121, val_loss 0.0071, val_mae 0.0842, val_rmse 0.1195, val_r2 0.8154, val_pearson 0.9088, lr 2.70e-05 ---
2026-10-01 11:32:24,186 - INFO - 
****************************************************************************************************
2026-10-01 11:32:26,096 - INFO - --- training epoch 122, loss 0.0054, mae 0.0779, rmse 0.1043, time elapsed(min) 0.03---
2026-10-01 11:32:26,321 - INFO - --- validation at epoch 122, val_loss 0.0073, val_mae 0.0851, val_rmse 0.1209, val_r2 0.8110, val_pearson 0.9074, lr 2.70e-05 ---
2026-10-01 11:32:26,321 - INFO - 
****************************************************************************************************
2026-10-01 11:32:28,236 - INFO - --- training epoch 123, loss 0.0054, mae 0.0776, rmse 0.1041, time elapsed(min) 0.03---
2026-10-01 11:32:28,635 - INFO - --- validation at epoch 123, val_loss 0.0071, val_mae 0.0841, val_rmse 0.1196, val_r2 0.8152, val_pearson 0.9074, lr 2.70e-05 ---
2026-10-01 11:32:28,635 - INFO - 
****************************************************************************************************
2026-10-01 11:32:30,604 - INFO - --- training epoch 124, loss 0.0054, mae 0.0776, rmse 0.1037, time elapsed(min) 0.03---
2026-10-01 11:32:30,829 - INFO - --- validation at epoch 124, val_loss 0.0070, val_mae 0.0841, val_rmse 0.1193, val_r2 0.8161, val_pearson 0.9082, lr 2.70e-05 ---
2026-10-01 11:32:30,829 - INFO - 
****************************************************************************************************
2026-10-01 11:32:32,962 - INFO - --- training epoch 125, loss 0.0053, mae 0.0766, rmse 0.1029, time elapsed(min) 0.03---
2026-10-01 11:32:33,197 - INFO - --- validation at epoch 125, val_loss 0.0072, val_mae 0.0849, val_rmse 0.1202, val_r2 0.8132, val_pearson 0.9074, lr 2.70e-05 ---
2026-10-01 11:32:33,197 - INFO - 
****************************************************************************************************
2026-10-01 11:32:35,065 - INFO - --- training epoch 126, loss 0.0053, mae 0.0769, rmse 0.1034, time elapsed(min) 0.03---
2026-10-01 11:32:35,437 - INFO - --- validation at epoch 126, val_loss 0.0070, val_mae 0.0838, val_rmse 0.1192, val_r2 0.8164, val_pearson 0.9086, lr 2.70e-05 ---
2026-10-01 11:32:35,437 - INFO - 
****************************************************************************************************
2026-10-01 11:32:37,655 - INFO - --- training epoch 127, loss 0.0054, mae 0.0776, rmse 0.1037, time elapsed(min) 0.03---
2026-10-01 11:32:37,881 - INFO - --- validation at epoch 127, val_loss 0.0070, val_mae 0.0838, val_rmse 0.1189, val_r2 0.8174, val_pearson 0.9087, lr 2.70e-05 ---
2026-10-01 11:32:37,881 - INFO - 
****************************************************************************************************
2026-10-01 11:32:39,785 - INFO - --- training epoch 128, loss 0.0055, mae 0.0781, rmse 0.1052, time elapsed(min) 0.03---
2026-10-01 11:32:40,018 - INFO - --- validation at epoch 128, val_loss 0.0071, val_mae 0.0839, val_rmse 0.1190, val_r2 0.8171, val_pearson 0.9090, lr 2.70e-05 ---
2026-10-01 11:32:40,018 - INFO - 
****************************************************************************************************
2026-10-01 11:32:41,837 - INFO - --- training epoch 129, loss 0.0053, mae 0.0769, rmse 0.1032, time elapsed(min) 0.03---
2026-10-01 11:32:42,209 - INFO - --- validation at epoch 129, val_loss 0.0071, val_mae 0.0833, val_rmse 0.1186, val_r2 0.8181, val_pearson 0.9087, lr 2.70e-05 ---
2026-10-01 11:32:42,209 - INFO - 
****************************************************************************************************
2026-10-01 11:32:44,314 - INFO - --- training epoch 130, loss 0.0053, mae 0.0765, rmse 0.1026, time elapsed(min) 0.03---
2026-10-01 11:32:44,543 - INFO - --- validation at epoch 130, val_loss 0.0072, val_mae 0.0840, val_rmse 0.1199, val_r2 0.8142, val_pearson 0.9073, lr 2.70e-05 ---
2026-10-01 11:32:44,543 - INFO - 
****************************************************************************************************
2026-10-01 11:32:46,378 - INFO - --- training epoch 131, loss 0.0054, mae 0.0773, rmse 0.1040, time elapsed(min) 0.03---
2026-10-01 11:32:46,611 - INFO - --- validation at epoch 131, val_loss 0.0071, val_mae 0.0838, val_rmse 0.1195, val_r2 0.8155, val_pearson 0.9081, lr 2.70e-05 ---
2026-10-01 11:32:46,611 - INFO - 
****************************************************************************************************
2026-10-01 11:32:48,514 - INFO - --- training epoch 132, loss 0.0053, mae 0.0767, rmse 0.1027, time elapsed(min) 0.03---
2026-10-01 11:32:48,895 - INFO - --- validation at epoch 132, val_loss 0.0072, val_mae 0.0842, val_rmse 0.1198, val_r2 0.8144, val_pearson 0.9086, lr 2.70e-05 ---
2026-10-01 11:32:48,895 - INFO - 
****************************************************************************************************
2026-10-01 11:32:51,024 - INFO - --- training epoch 133, loss 0.0054, mae 0.0777, rmse 0.1039, time elapsed(min) 0.03---
2026-10-01 11:32:51,257 - INFO - --- validation at epoch 133, val_loss 0.0070, val_mae 0.0836, val_rmse 0.1186, val_r2 0.8181, val_pearson 0.9099, lr 2.70e-05 ---
2026-10-01 11:32:51,257 - INFO - 
****************************************************************************************************
2026-10-01 11:32:53,083 - INFO - --- training epoch 134, loss 0.0052, mae 0.0761, rmse 0.1024, time elapsed(min) 0.03---
2026-10-01 11:32:53,315 - INFO - --- validation at epoch 134, val_loss 0.0070, val_mae 0.0835, val_rmse 0.1189, val_r2 0.8173, val_pearson 0.9092, lr 2.70e-05 ---
2026-10-01 11:32:53,316 - INFO - 
****************************************************************************************************
2026-10-01 11:32:55,137 - INFO - --- training epoch 135, loss 0.0054, mae 0.0775, rmse 0.1040, time elapsed(min) 0.03---
2026-10-01 11:32:55,514 - INFO - --- validation at epoch 135, val_loss 0.0070, val_mae 0.0839, val_rmse 0.1187, val_r2 0.8179, val_pearson 0.9100, lr 2.70e-05 ---
2026-10-01 11:32:55,514 - INFO - 
****************************************************************************************************
2026-10-01 11:32:57,608 - INFO - --- training epoch 136, loss 0.0053, mae 0.0770, rmse 0.1029, time elapsed(min) 0.03---
2026-10-01 11:32:57,851 - INFO - --- validation at epoch 136, val_loss 0.0069, val_mae 0.0829, val_rmse 0.1181, val_r2 0.8198, val_pearson 0.9095, lr 2.70e-05 ---
2026-10-01 11:32:57,851 - INFO - 
****************************************************************************************************
2026-10-01 11:32:59,758 - INFO - --- training epoch 137, loss 0.0052, mae 0.0769, rmse 0.1024, time elapsed(min) 0.03---
2026-10-01 11:32:59,985 - INFO - --- validation at epoch 137, val_loss 0.0071, val_mae 0.0838, val_rmse 0.1189, val_r2 0.8173, val_pearson 0.9092, lr 2.70e-05 ---
2026-10-01 11:32:59,985 - INFO - 
****************************************************************************************************
2026-10-01 11:33:01,866 - INFO - --- training epoch 138, loss 0.0054, mae 0.0776, rmse 0.1039, time elapsed(min) 0.03---
2026-10-01 11:33:02,225 - INFO - --- validation at epoch 138, val_loss 0.0070, val_mae 0.0836, val_rmse 0.1189, val_r2 0.8175, val_pearson 0.9090, lr 2.70e-05 ---
2026-10-01 11:33:02,225 - INFO - 
****************************************************************************************************
2026-10-01 11:33:04,258 - INFO - --- training epoch 139, loss 0.0054, mae 0.0768, rmse 0.1035, time elapsed(min) 0.03---
2026-10-01 11:33:04,503 - INFO - --- validation at epoch 139, val_loss 0.0070, val_mae 0.0834, val_rmse 0.1186, val_r2 0.8183, val_pearson 0.9094, lr 2.70e-05 ---
2026-10-01 11:33:04,503 - INFO - 
****************************************************************************************************
2026-10-01 11:33:06,298 - INFO - --- training epoch 140, loss 0.0054, mae 0.0776, rmse 0.1044, time elapsed(min) 0.03---
2026-10-01 11:33:06,523 - INFO - --- validation at epoch 140, val_loss 0.0070, val_mae 0.0833, val_rmse 0.1187, val_r2 0.8180, val_pearson 0.9093, lr 2.70e-05 ---
2026-10-01 11:33:06,523 - INFO - 
****************************************************************************************************
2026-10-01 11:33:08,363 - INFO - --- training epoch 141, loss 0.0052, mae 0.0762, rmse 0.1022, time elapsed(min) 0.03---
2026-10-01 11:33:08,598 - INFO - --- validation at epoch 141, val_loss 0.0070, val_mae 0.0830, val_rmse 0.1179, val_r2 0.8204, val_pearson 0.9098, lr 2.70e-05 ---
2026-10-01 11:33:08,598 - INFO - 
****************************************************************************************************
2026-10-01 11:33:10,542 - INFO - --- training epoch 142, loss 0.0052, mae 0.0757, rmse 0.1021, time elapsed(min) 0.03---
2026-10-01 11:33:10,949 - INFO - --- validation at epoch 142, val_loss 0.0070, val_mae 0.0837, val_rmse 0.1186, val_r2 0.8182, val_pearson 0.9096, lr 2.70e-05 ---
2026-10-01 11:33:10,949 - INFO - 
****************************************************************************************************
2026-10-01 11:33:12,947 - INFO - --- training epoch 143, loss 0.0053, mae 0.0766, rmse 0.1029, time elapsed(min) 0.03---
2026-10-01 11:33:13,181 - INFO - --- validation at epoch 143, val_loss 0.0070, val_mae 0.0837, val_rmse 0.1185, val_r2 0.8185, val_pearson 0.9099, lr 2.70e-05 ---
2026-10-01 11:33:13,181 - INFO - 
****************************************************************************************************
2026-10-01 11:33:15,008 - INFO - --- training epoch 144, loss 0.0053, mae 0.0762, rmse 0.1027, time elapsed(min) 0.03---
2026-10-01 11:33:15,247 - INFO - --- validation at epoch 144, val_loss 0.0070, val_mae 0.0831, val_rmse 0.1182, val_r2 0.8195, val_pearson 0.9096, lr 2.70e-05 ---
2026-10-01 11:33:15,247 - INFO - 
****************************************************************************************************
2026-10-01 11:33:17,149 - INFO - --- training epoch 145, loss 0.0052, mae 0.0758, rmse 0.1020, time elapsed(min) 0.03---
2026-10-01 11:33:17,541 - INFO - --- validation at epoch 145, val_loss 0.0070, val_mae 0.0836, val_rmse 0.1186, val_r2 0.8181, val_pearson 0.9084, lr 2.70e-05 ---
2026-10-01 11:33:17,541 - INFO - 
****************************************************************************************************
2026-10-01 11:33:19,593 - INFO - --- training epoch 146, loss 0.0053, mae 0.0768, rmse 0.1033, time elapsed(min) 0.03---
2026-10-01 11:33:19,824 - INFO - --- validation at epoch 146, val_loss 0.0069, val_mae 0.0832, val_rmse 0.1180, val_r2 0.8200, val_pearson 0.9100, lr 2.70e-05 ---
2026-10-01 11:33:19,825 - INFO - 
****************************************************************************************************
2026-10-01 11:33:21,652 - INFO - --- training epoch 147, loss 0.0053, mae 0.0763, rmse 0.1025, time elapsed(min) 0.03---
2026-10-01 11:33:21,890 - INFO - --- validation at epoch 147, val_loss 0.0072, val_mae 0.0841, val_rmse 0.1192, val_r2 0.8163, val_pearson 0.9098, lr 2.70e-05 ---
2026-10-01 11:33:21,890 - INFO - 
****************************************************************************************************
2026-10-01 11:33:23,747 - INFO - --- training epoch 148, loss 0.0052, mae 0.0763, rmse 0.1021, time elapsed(min) 0.03---
2026-10-01 11:33:24,136 - INFO - --- validation at epoch 148, val_loss 0.0068, val_mae 0.0825, val_rmse 0.1172, val_r2 0.8226, val_pearson 0.9099, lr 8.10e-06 ---
2026-10-01 11:33:24,136 - INFO - 
****************************************************************************************************
2026-10-01 11:33:26,277 - INFO - --- training epoch 149, loss 0.0053, mae 0.0760, rmse 0.1028, time elapsed(min) 0.03---
2026-10-01 11:33:26,603 - INFO - --- validation at epoch 149, val_loss 0.0068, val_mae 0.0822, val_rmse 0.1172, val_r2 0.8226, val_pearson 0.9095, lr 8.10e-06 ---
2026-10-01 11:33:26,603 - INFO - 
****************************************************************************************************
2026-10-01 11:33:28,586 - INFO - --- training epoch 150, loss 0.0052, mae 0.0754, rmse 0.1016, time elapsed(min) 0.03---
2026-10-01 11:33:28,819 - INFO - --- validation at epoch 150, val_loss 0.0068, val_mae 0.0821, val_rmse 0.1172, val_r2 0.8225, val_pearson 0.9102, lr 8.10e-06 ---
2026-10-01 11:33:28,819 - INFO - 
****************************************************************************************************
2026-10-01 11:33:30,745 - INFO - --- training epoch 151, loss 0.0052, mae 0.0765, rmse 0.1020, time elapsed(min) 0.03---
2026-10-01 11:33:31,119 - INFO - --- validation at epoch 151, val_loss 0.0068, val_mae 0.0821, val_rmse 0.1170, val_r2 0.8230, val_pearson 0.9099, lr 8.10e-06 ---
2026-10-01 11:33:31,119 - INFO - 
****************************************************************************************************
2026-10-01 11:33:33,304 - INFO - --- training epoch 152, loss 0.0052, mae 0.0765, rmse 0.1024, time elapsed(min) 0.03---
2026-10-01 11:33:33,530 - INFO - --- validation at epoch 152, val_loss 0.0068, val_mae 0.0820, val_rmse 0.1171, val_r2 0.8227, val_pearson 0.9097, lr 8.10e-06 ---
2026-10-01 11:33:33,530 - INFO - 
****************************************************************************************************
2026-10-01 11:33:35,334 - INFO - --- training epoch 153, loss 0.0052, mae 0.0755, rmse 0.1019, time elapsed(min) 0.03---
2026-10-01 11:33:35,568 - INFO - --- validation at epoch 153, val_loss 0.0068, val_mae 0.0824, val_rmse 0.1175, val_r2 0.8217, val_pearson 0.9097, lr 8.10e-06 ---
2026-10-01 11:33:35,568 - INFO - 
****************************************************************************************************
2026-10-01 11:33:37,384 - INFO - --- training epoch 154, loss 0.0052, mae 0.0767, rmse 0.1023, time elapsed(min) 0.03---
2026-10-01 11:33:37,618 - INFO - --- validation at epoch 154, val_loss 0.0068, val_mae 0.0821, val_rmse 0.1174, val_r2 0.8219, val_pearson 0.9098, lr 8.10e-06 ---
2026-10-01 11:33:37,618 - INFO - 
****************************************************************************************************
2026-10-01 11:33:39,523 - INFO - --- training epoch 155, loss 0.0053, mae 0.0762, rmse 0.1027, time elapsed(min) 0.03---
2026-10-01 11:33:39,924 - INFO - --- validation at epoch 155, val_loss 0.0067, val_mae 0.0821, val_rmse 0.1169, val_r2 0.8234, val_pearson 0.9096, lr 8.10e-06 ---
2026-10-01 11:33:39,924 - INFO - 
****************************************************************************************************
2026-10-01 11:33:42,045 - INFO - --- training epoch 156, loss 0.0052, mae 0.0760, rmse 0.1021, time elapsed(min) 0.03---
2026-10-01 11:33:42,283 - INFO - --- validation at epoch 156, val_loss 0.0068, val_mae 0.0822, val_rmse 0.1173, val_r2 0.8221, val_pearson 0.9096, lr 8.10e-06 ---
2026-10-01 11:33:42,283 - INFO - 
****************************************************************************************************
2026-10-01 11:33:44,128 - INFO - --- training epoch 157, loss 0.0052, mae 0.0760, rmse 0.1022, time elapsed(min) 0.03---
2026-10-01 11:33:44,363 - INFO - --- validation at epoch 157, val_loss 0.0068, val_mae 0.0822, val_rmse 0.1171, val_r2 0.8227, val_pearson 0.9101, lr 8.10e-06 ---
2026-10-01 11:33:44,363 - INFO - 
****************************************************************************************************
2026-10-01 11:33:46,240 - INFO - --- training epoch 158, loss 0.0051, mae 0.0748, rmse 0.1007, time elapsed(min) 0.03---
2026-10-01 11:33:46,642 - INFO - --- validation at epoch 158, val_loss 0.0067, val_mae 0.0821, val_rmse 0.1169, val_r2 0.8236, val_pearson 0.9104, lr 8.10e-06 ---
2026-10-01 11:33:46,642 - INFO - 
****************************************************************************************************
2026-10-01 11:33:48,856 - INFO - --- training epoch 159, loss 0.0052, mae 0.0760, rmse 0.1022, time elapsed(min) 0.03---
2026-10-01 11:33:49,091 - INFO - --- validation at epoch 159, val_loss 0.0069, val_mae 0.0825, val_rmse 0.1177, val_r2 0.8212, val_pearson 0.9093, lr 8.10e-06 ---
2026-10-01 11:33:49,092 - INFO - 
****************************************************************************************************
2026-10-01 11:33:51,010 - INFO - --- training epoch 160, loss 0.0052, mae 0.0755, rmse 0.1016, time elapsed(min) 0.03---
2026-10-01 11:33:51,244 - INFO - --- validation at epoch 160, val_loss 0.0069, val_mae 0.0825, val_rmse 0.1175, val_r2 0.8215, val_pearson 0.9097, lr 8.10e-06 ---
2026-10-01 11:33:51,244 - INFO - 
****************************************************************************************************
2026-10-01 11:33:53,065 - INFO - --- training epoch 161, loss 0.0053, mae 0.0763, rmse 0.1027, time elapsed(min) 0.03---
2026-10-01 11:33:53,455 - INFO - --- validation at epoch 161, val_loss 0.0068, val_mae 0.0824, val_rmse 0.1175, val_r2 0.8216, val_pearson 0.9096, lr 8.10e-06 ---
2026-10-01 11:33:53,455 - INFO - 
****************************************************************************************************
2026-10-01 11:33:55,366 - INFO - --- training epoch 162, loss 0.0051, mae 0.0756, rmse 0.1013, time elapsed(min) 0.03---
2026-10-01 11:33:55,759 - INFO - --- validation at epoch 162, val_loss 0.0068, val_mae 0.0821, val_rmse 0.1172, val_r2 0.8226, val_pearson 0.9099, lr 8.10e-06 ---
2026-10-01 11:33:55,759 - INFO - 
****************************************************************************************************
2026-10-01 11:33:57,682 - INFO - --- training epoch 163, loss 0.0052, mae 0.0756, rmse 0.1016, time elapsed(min) 0.02---
2026-10-01 11:33:57,914 - INFO - --- validation at epoch 163, val_loss 0.0068, val_mae 0.0820, val_rmse 0.1173, val_r2 0.8223, val_pearson 0.9098, lr 8.10e-06 ---
2026-10-01 11:33:57,914 - INFO - 
****************************************************************************************************
2026-10-01 11:33:59,756 - INFO - --- training epoch 164, loss 0.0051, mae 0.0744, rmse 0.1006, time elapsed(min) 0.03---
2026-10-01 11:33:59,985 - INFO - --- validation at epoch 164, val_loss 0.0068, val_mae 0.0824, val_rmse 0.1174, val_r2 0.8220, val_pearson 0.9101, lr 8.10e-06 ---
2026-10-01 11:33:59,985 - INFO - 
****************************************************************************************************
2026-10-01 11:34:01,898 - INFO - --- training epoch 165, loss 0.0051, mae 0.0750, rmse 0.1013, time elapsed(min) 0.03---
2026-10-01 11:34:02,318 - INFO - --- validation at epoch 165, val_loss 0.0068, val_mae 0.0824, val_rmse 0.1175, val_r2 0.8217, val_pearson 0.9095, lr 8.10e-06 ---
2026-10-01 11:34:02,318 - INFO - 
****************************************************************************************************
2026-10-01 11:34:04,285 - INFO - --- training epoch 166, loss 0.0052, mae 0.0753, rmse 0.1015, time elapsed(min) 0.03---
2026-10-01 11:34:04,512 - INFO - --- validation at epoch 166, val_loss 0.0068, val_mae 0.0827, val_rmse 0.1177, val_r2 0.8211, val_pearson 0.9092, lr 8.10e-06 ---
2026-10-01 11:34:04,512 - INFO - 
****************************************************************************************************
2026-10-01 11:34:06,336 - INFO - --- training epoch 167, loss 0.0051, mae 0.0754, rmse 0.1015, time elapsed(min) 0.03---
2026-10-01 11:34:06,566 - INFO - --- validation at epoch 167, val_loss 0.0068, val_mae 0.0823, val_rmse 0.1171, val_r2 0.8229, val_pearson 0.9102, lr 8.10e-06 ---
2026-10-01 11:34:06,566 - INFO - 
****************************************************************************************************
2026-10-01 11:34:08,415 - INFO - --- training epoch 168, loss 0.0051, mae 0.0757, rmse 0.1010, time elapsed(min) 0.03---
2026-10-01 11:34:08,809 - INFO - --- validation at epoch 168, val_loss 0.0068, val_mae 0.0822, val_rmse 0.1172, val_r2 0.8225, val_pearson 0.9099, lr 8.10e-06 ---
2026-10-01 11:34:08,809 - INFO - 
****************************************************************************************************
2026-10-01 11:34:10,800 - INFO - --- training epoch 169, loss 0.0051, mae 0.0748, rmse 0.1010, time elapsed(min) 0.03---
2026-10-01 11:34:11,035 - INFO - --- validation at epoch 169, val_loss 0.0068, val_mae 0.0825, val_rmse 0.1171, val_r2 0.8227, val_pearson 0.9105, lr 8.10e-06 ---
2026-10-01 11:34:11,035 - INFO - 
****************************************************************************************************
2026-10-01 11:34:12,868 - INFO - --- training epoch 170, loss 0.0051, mae 0.0754, rmse 0.1012, time elapsed(min) 0.03---
2026-10-01 11:34:13,103 - INFO - --- validation at epoch 170, val_loss 0.0067, val_mae 0.0819, val_rmse 0.1165, val_r2 0.8247, val_pearson 0.9103, lr 2.43e-06 ---
2026-10-01 11:34:13,103 - INFO - 
****************************************************************************************************
2026-10-01 11:34:14,996 - INFO - --- training epoch 171, loss 0.0051, mae 0.0757, rmse 0.1013, time elapsed(min) 0.03---
2026-10-01 11:34:15,378 - INFO - --- validation at epoch 171, val_loss 0.0067, val_mae 0.0819, val_rmse 0.1167, val_r2 0.8240, val_pearson 0.9102, lr 2.43e-06 ---
2026-10-01 11:34:15,378 - INFO - 
****************************************************************************************************
2026-10-01 11:34:17,438 - INFO - --- training epoch 172, loss 0.0052, mae 0.0761, rmse 0.1016, time elapsed(min) 0.03---
2026-10-01 11:34:17,677 - INFO - --- validation at epoch 172, val_loss 0.0067, val_mae 0.0821, val_rmse 0.1168, val_r2 0.8236, val_pearson 0.9099, lr 2.43e-06 ---
2026-10-01 11:34:17,677 - INFO - 
****************************************************************************************************
2026-10-01 11:34:19,522 - INFO - --- training epoch 173, loss 0.0051, mae 0.0751, rmse 0.1012, time elapsed(min) 0.03---
2026-10-01 11:34:19,749 - INFO - --- validation at epoch 173, val_loss 0.0068, val_mae 0.0821, val_rmse 0.1168, val_r2 0.8237, val_pearson 0.9103, lr 2.43e-06 ---
2026-10-01 11:34:19,749 - INFO - 
****************************************************************************************************
2026-10-01 11:34:21,585 - INFO - --- training epoch 174, loss 0.0051, mae 0.0752, rmse 0.1010, time elapsed(min) 0.03---
2026-10-01 11:34:21,969 - INFO - --- validation at epoch 174, val_loss 0.0067, val_mae 0.0819, val_rmse 0.1167, val_r2 0.8242, val_pearson 0.9101, lr 2.43e-06 ---
2026-10-01 11:34:21,969 - INFO - 
****************************************************************************************************
2026-10-01 11:34:23,909 - INFO - --- training epoch 175, loss 0.0051, mae 0.0753, rmse 0.1009, time elapsed(min) 0.03---
2026-10-01 11:34:24,448 - INFO - --- validation at epoch 175, val_loss 0.0067, val_mae 0.0820, val_rmse 0.1168, val_r2 0.8237, val_pearson 0.9098, lr 2.43e-06 ---
2026-10-01 11:34:24,448 - INFO - 
****************************************************************************************************
2026-10-01 11:34:26,267 - INFO - --- training epoch 176, loss 0.0051, mae 0.0752, rmse 0.1011, time elapsed(min) 0.03---
2026-10-01 11:34:26,494 - INFO - --- validation at epoch 176, val_loss 0.0067, val_mae 0.0819, val_rmse 0.1167, val_r2 0.8240, val_pearson 0.9099, lr 2.43e-06 ---
2026-10-01 11:34:26,494 - INFO - 
****************************************************************************************************
2026-10-01 11:34:28,419 - INFO - --- training epoch 177, loss 0.0052, mae 0.0759, rmse 0.1019, time elapsed(min) 0.03---
2026-10-01 11:34:28,773 - INFO - --- validation at epoch 177, val_loss 0.0068, val_mae 0.0821, val_rmse 0.1170, val_r2 0.8232, val_pearson 0.9099, lr 2.43e-06 ---
2026-10-01 11:34:28,773 - INFO - 
****************************************************************************************************
2026-10-01 11:34:30,713 - INFO - --- training epoch 178, loss 0.0050, mae 0.0744, rmse 0.1004, time elapsed(min) 0.03---
2026-10-01 11:34:31,106 - INFO - --- validation at epoch 178, val_loss 0.0068, val_mae 0.0820, val_rmse 0.1168, val_r2 0.8238, val_pearson 0.9099, lr 2.43e-06 ---
2026-10-01 11:34:31,107 - INFO - 
****************************************************************************************************
2026-10-01 11:34:33,064 - INFO - --- training epoch 179, loss 0.0052, mae 0.0757, rmse 0.1016, time elapsed(min) 0.03---
2026-10-01 11:34:33,284 - INFO - --- validation at epoch 179, val_loss 0.0068, val_mae 0.0820, val_rmse 0.1169, val_r2 0.8236, val_pearson 0.9098, lr 2.43e-06 ---
2026-10-01 11:34:33,284 - INFO - 
****************************************************************************************************
2026-10-01 11:34:35,202 - INFO - --- training epoch 180, loss 0.0051, mae 0.0749, rmse 0.1010, time elapsed(min) 0.03---
2026-10-01 11:34:35,424 - INFO - --- validation at epoch 180, val_loss 0.0067, val_mae 0.0821, val_rmse 0.1169, val_r2 0.8233, val_pearson 0.9097, lr 2.43e-06 ---
2026-10-01 11:34:35,424 - INFO - 
****************************************************************************************************
2026-10-01 11:34:37,363 - INFO - --- training epoch 181, loss 0.0051, mae 0.0752, rmse 0.1010, time elapsed(min) 0.03---
2026-10-01 11:34:37,761 - INFO - --- validation at epoch 181, val_loss 0.0067, val_mae 0.0821, val_rmse 0.1169, val_r2 0.8234, val_pearson 0.9099, lr 2.43e-06 ---
2026-10-01 11:34:37,761 - INFO - 
****************************************************************************************************
2026-10-01 11:34:39,732 - INFO - --- training epoch 182, loss 0.0051, mae 0.0754, rmse 0.1010, time elapsed(min) 0.03---
2026-10-01 11:34:39,964 - INFO - --- validation at epoch 182, val_loss 0.0067, val_mae 0.0820, val_rmse 0.1168, val_r2 0.8238, val_pearson 0.9100, lr 1.00e-06 ---
2026-10-01 11:34:39,964 - INFO - 
****************************************************************************************************
2026-10-01 11:34:41,779 - INFO - --- training epoch 183, loss 0.0050, mae 0.0747, rmse 0.1004, time elapsed(min) 0.03---
2026-10-01 11:34:42,013 - INFO - --- validation at epoch 183, val_loss 0.0067, val_mae 0.0821, val_rmse 0.1168, val_r2 0.8236, val_pearson 0.9100, lr 1.00e-06 ---
2026-10-01 11:34:42,013 - INFO - 
****************************************************************************************************
2026-10-01 11:34:43,896 - INFO - --- training epoch 184, loss 0.0051, mae 0.0750, rmse 0.1014, time elapsed(min) 0.03---
2026-10-01 11:34:44,328 - INFO - --- validation at epoch 184, val_loss 0.0067, val_mae 0.0821, val_rmse 0.1168, val_r2 0.8236, val_pearson 0.9099, lr 1.00e-06 ---
2026-10-01 11:34:44,328 - INFO - 
****************************************************************************************************
2026-10-01 11:34:46,249 - INFO - --- training epoch 185, loss 0.0051, mae 0.0754, rmse 0.1008, time elapsed(min) 0.02---
2026-10-01 11:34:46,483 - INFO - --- validation at epoch 185, val_loss 0.0067, val_mae 0.0821, val_rmse 0.1168, val_r2 0.8238, val_pearson 0.9100, lr 1.00e-06 ---
2026-10-01 11:34:46,483 - INFO - 
****************************************************************************************************
2026-10-01 11:34:48,437 - INFO - --- training epoch 186, loss 0.0051, mae 0.0751, rmse 0.1012, time elapsed(min) 0.03---
2026-10-01 11:34:48,672 - INFO - --- validation at epoch 186, val_loss 0.0067, val_mae 0.0821, val_rmse 0.1168, val_r2 0.8237, val_pearson 0.9100, lr 1.00e-06 ---
2026-10-01 11:34:48,672 - INFO - 
****************************************************************************************************
2026-10-01 11:34:50,587 - INFO - --- training epoch 187, loss 0.0051, mae 0.0756, rmse 0.1009, time elapsed(min) 0.03---
2026-10-01 11:34:50,963 - INFO - --- validation at epoch 187, val_loss 0.0068, val_mae 0.0822, val_rmse 0.1169, val_r2 0.8235, val_pearson 0.9100, lr 1.00e-06 ---
2026-10-01 11:34:50,963 - INFO - 
****************************************************************************************************
2026-10-01 11:34:53,112 - INFO - --- training epoch 188, loss 0.0050, mae 0.0750, rmse 0.1002, time elapsed(min) 0.03---
2026-10-01 11:34:53,346 - INFO - --- validation at epoch 188, val_loss 0.0067, val_mae 0.0820, val_rmse 0.1167, val_r2 0.8240, val_pearson 0.9101, lr 1.00e-06 ---
2026-10-01 11:34:53,346 - INFO - 
****************************************************************************************************
2026-10-01 11:34:55,165 - INFO - --- training epoch 189, loss 0.0051, mae 0.0750, rmse 0.1009, time elapsed(min) 0.03---
2026-10-01 11:34:55,400 - INFO - --- validation at epoch 189, val_loss 0.0067, val_mae 0.0820, val_rmse 0.1168, val_r2 0.8238, val_pearson 0.9099, lr 1.00e-06 ---
2026-10-01 11:34:55,400 - INFO - 
****************************************************************************************************
2026-10-01 11:34:57,298 - INFO - --- training epoch 190, loss 0.0051, mae 0.0756, rmse 0.1011, time elapsed(min) 0.03---
2026-10-01 11:34:57,663 - INFO - --- validation at epoch 190, val_loss 0.0067, val_mae 0.0820, val_rmse 0.1168, val_r2 0.8239, val_pearson 0.9099, lr 1.00e-06 ---
2026-10-01 11:34:57,663 - INFO - 
****************************************************************************************************
2026-10-01 11:34:59,716 - INFO - --- training epoch 191, loss 0.0052, mae 0.0754, rmse 0.1015, time elapsed(min) 0.03---
2026-10-01 11:34:59,944 - INFO - --- validation at epoch 191, val_loss 0.0067, val_mae 0.0819, val_rmse 0.1166, val_r2 0.8242, val_pearson 0.9100, lr 1.00e-06 ---
2026-10-01 11:34:59,944 - INFO - 
****************************************************************************************************
2026-10-01 11:35:01,800 - INFO - --- training epoch 192, loss 0.0052, mae 0.0759, rmse 0.1022, time elapsed(min) 0.03---
2026-10-01 11:35:02,025 - INFO - --- validation at epoch 192, val_loss 0.0068, val_mae 0.0821, val_rmse 0.1169, val_r2 0.8235, val_pearson 0.9099, lr 1.00e-06 ---
2026-10-01 11:35:02,025 - INFO - 
****************************************************************************************************
2026-10-01 11:35:03,862 - INFO - --- training epoch 193, loss 0.0052, mae 0.0755, rmse 0.1021, time elapsed(min) 0.03---
2026-10-01 11:35:04,232 - INFO - --- validation at epoch 193, val_loss 0.0068, val_mae 0.0822, val_rmse 0.1169, val_r2 0.8234, val_pearson 0.9098, lr 1.00e-06 ---
2026-10-01 11:35:04,232 - INFO - 
****************************************************************************************************
2026-10-01 11:35:06,283 - INFO - --- training epoch 194, loss 0.0052, mae 0.0761, rmse 0.1017, time elapsed(min) 0.03---
2026-10-01 11:35:06,798 - INFO - --- validation at epoch 194, val_loss 0.0068, val_mae 0.0821, val_rmse 0.1169, val_r2 0.8235, val_pearson 0.9098, lr 1.00e-06 ---
2026-10-01 11:35:06,798 - INFO - 
****************************************************************************************************
2026-10-01 11:35:08,810 - INFO - --- training epoch 195, loss 0.0051, mae 0.0753, rmse 0.1011, time elapsed(min) 0.03---
2026-10-01 11:35:09,039 - INFO - --- validation at epoch 195, val_loss 0.0068, val_mae 0.0820, val_rmse 0.1168, val_r2 0.8236, val_pearson 0.9098, lr 1.00e-06 ---
2026-10-01 11:35:09,039 - INFO - 
****************************************************************************************************
2026-10-01 11:35:11,015 - INFO - --- training epoch 196, loss 0.0050, mae 0.0752, rmse 0.1004, time elapsed(min) 0.03---
2026-10-01 11:35:11,283 - INFO - --- validation at epoch 196, val_loss 0.0068, val_mae 0.0820, val_rmse 0.1169, val_r2 0.8235, val_pearson 0.9098, lr 1.00e-06 ---
2026-10-01 11:35:11,283 - INFO - 
****************************************************************************************************
2026-10-01 11:35:13,272 - INFO - --- training epoch 197, loss 0.0051, mae 0.0758, rmse 0.1014, time elapsed(min) 0.03---
2026-10-01 11:35:13,730 - INFO - --- validation at epoch 197, val_loss 0.0067, val_mae 0.0819, val_rmse 0.1167, val_r2 0.8240, val_pearson 0.9100, lr 1.00e-06 ---
2026-10-01 11:35:13,730 - INFO - 
****************************************************************************************************
2026-10-01 11:35:15,686 - INFO - --- training epoch 198, loss 0.0051, mae 0.0749, rmse 0.1008, time elapsed(min) 0.03---
2026-10-01 11:35:15,913 - INFO - --- validation at epoch 198, val_loss 0.0067, val_mae 0.0820, val_rmse 0.1168, val_r2 0.8239, val_pearson 0.9100, lr 1.00e-06 ---
2026-10-01 11:35:15,913 - INFO - 
****************************************************************************************************
2026-10-01 11:35:17,838 - INFO - --- training epoch 199, loss 0.0052, mae 0.0760, rmse 0.1021, time elapsed(min) 0.03---
2026-10-01 11:35:18,076 - INFO - --- validation at epoch 199, val_loss 0.0067, val_mae 0.0820, val_rmse 0.1167, val_r2 0.8241, val_pearson 0.9101, lr 1.00e-06 ---
2026-10-01 11:35:18,076 - INFO - 
****************************************************************************************************
2026-10-01 11:35:19,968 - INFO - --- training epoch 200, loss 0.0052, mae 0.0764, rmse 0.1016, time elapsed(min) 0.03---
2026-10-01 11:35:20,375 - INFO - --- validation at epoch 200, val_loss 0.0067, val_mae 0.0820, val_rmse 0.1167, val_r2 0.8242, val_pearson 0.9101, lr 1.00e-06 ---
2026-10-01 11:35:20,375 - INFO - 
****************************************************************************************************
2026-10-01 11:35:22,379 - INFO - --- training epoch 201, loss 0.0052, mae 0.0757, rmse 0.1019, time elapsed(min) 0.03---
2026-10-01 11:35:22,610 - INFO - --- validation at epoch 201, val_loss 0.0067, val_mae 0.0820, val_rmse 0.1166, val_r2 0.8243, val_pearson 0.9102, lr 1.00e-06 ---
2026-10-01 11:35:22,610 - INFO - 
****************************************************************************************************
2026-10-01 11:35:24,445 - INFO - --- training epoch 202, loss 0.0051, mae 0.0753, rmse 0.1006, time elapsed(min) 0.03---
2026-10-01 11:35:24,679 - INFO - --- validation at epoch 202, val_loss 0.0067, val_mae 0.0821, val_rmse 0.1167, val_r2 0.8240, val_pearson 0.9102, lr 1.00e-06 ---
2026-10-01 11:35:24,679 - INFO - 
****************************************************************************************************
2026-10-01 11:35:26,569 - INFO - --- training epoch 203, loss 0.0052, mae 0.0760, rmse 0.1015, time elapsed(min) 0.03---
2026-10-01 11:35:26,964 - INFO - --- validation at epoch 203, val_loss 0.0068, val_mae 0.0821, val_rmse 0.1168, val_r2 0.8238, val_pearson 0.9100, lr 1.00e-06 ---
2026-10-01 11:35:26,964 - INFO - 
****************************************************************************************************
2026-10-01 11:35:28,938 - INFO - --- training epoch 204, loss 0.0051, mae 0.0754, rmse 0.1011, time elapsed(min) 0.03---
2026-10-01 11:35:29,167 - INFO - --- validation at epoch 204, val_loss 0.0067, val_mae 0.0821, val_rmse 0.1167, val_r2 0.8239, val_pearson 0.9101, lr 1.00e-06 ---
2026-10-01 11:35:29,167 - INFO - 
****************************************************************************************************
2026-10-01 11:35:31,107 - INFO - --- training epoch 205, loss 0.0051, mae 0.0757, rmse 0.1010, time elapsed(min) 0.03---
2026-10-01 11:35:31,338 - INFO - --- validation at epoch 205, val_loss 0.0068, val_mae 0.0822, val_rmse 0.1168, val_r2 0.8237, val_pearson 0.9101, lr 1.00e-06 ---
2026-10-01 11:35:31,338 - INFO - 
****************************************************************************************************
2026-10-01 11:35:33,266 - INFO - --- training epoch 206, loss 0.0050, mae 0.0747, rmse 0.1001, time elapsed(min) 0.03---
2026-10-01 11:35:33,658 - INFO - --- validation at epoch 206, val_loss 0.0068, val_mae 0.0823, val_rmse 0.1169, val_r2 0.8235, val_pearson 0.9100, lr 1.00e-06 ---
2026-10-01 11:35:33,658 - INFO - 
****************************************************************************************************
2026-10-01 11:35:35,739 - INFO - --- training epoch 207, loss 0.0051, mae 0.0751, rmse 0.1005, time elapsed(min) 0.03---
2026-10-01 11:35:36,002 - INFO - --- validation at epoch 207, val_loss 0.0068, val_mae 0.0823, val_rmse 0.1169, val_r2 0.8235, val_pearson 0.9098, lr 1.00e-06 ---
2026-10-01 11:35:36,002 - INFO - 
****************************************************************************************************
2026-10-01 11:35:37,800 - INFO - --- training epoch 208, loss 0.0051, mae 0.0754, rmse 0.1012, time elapsed(min) 0.03---
2026-10-01 11:35:38,035 - INFO - --- validation at epoch 208, val_loss 0.0068, val_mae 0.0823, val_rmse 0.1170, val_r2 0.8232, val_pearson 0.9097, lr 1.00e-06 ---
2026-10-01 11:35:38,035 - INFO - 
****************************************************************************************************
2026-10-01 11:35:39,882 - INFO - --- training epoch 209, loss 0.0052, mae 0.0763, rmse 0.1022, time elapsed(min) 0.03---
2026-10-01 11:35:40,260 - INFO - --- validation at epoch 209, val_loss 0.0068, val_mae 0.0823, val_rmse 0.1170, val_r2 0.8230, val_pearson 0.9097, lr 1.00e-06 ---
2026-10-01 11:35:40,261 - INFO - 
****************************************************************************************************
2026-10-01 11:35:42,328 - INFO - --- training epoch 210, loss 0.0051, mae 0.0753, rmse 0.1009, time elapsed(min) 0.03---
2026-10-01 11:35:42,555 - INFO - --- validation at epoch 210, val_loss 0.0068, val_mae 0.0822, val_rmse 0.1170, val_r2 0.8232, val_pearson 0.9097, lr 1.00e-06 ---
2026-10-01 11:35:42,555 - INFO - 
****************************************************************************************************
2026-10-01 11:35:44,378 - INFO - --- training epoch 211, loss 0.0050, mae 0.0748, rmse 0.0998, time elapsed(min) 0.03---
2026-10-01 11:35:44,612 - INFO - --- validation at epoch 211, val_loss 0.0068, val_mae 0.0821, val_rmse 0.1169, val_r2 0.8233, val_pearson 0.9098, lr 1.00e-06 ---
2026-10-01 11:35:44,612 - INFO - 
****************************************************************************************************
2026-10-01 11:35:46,450 - INFO - --- training epoch 212, loss 0.0051, mae 0.0754, rmse 0.1013, time elapsed(min) 0.03---
2026-10-01 11:35:46,824 - INFO - --- validation at epoch 212, val_loss 0.0067, val_mae 0.0820, val_rmse 0.1168, val_r2 0.8237, val_pearson 0.9100, lr 1.00e-06 ---
2026-10-01 11:35:46,824 - INFO - 
****************************************************************************************************
2026-10-01 11:35:48,744 - INFO - --- training epoch 213, loss 0.0050, mae 0.0753, rmse 0.1005, time elapsed(min) 0.03---
2026-10-01 11:35:49,312 - INFO - --- validation at epoch 213, val_loss 0.0068, val_mae 0.0821, val_rmse 0.1169, val_r2 0.8233, val_pearson 0.9100, lr 1.00e-06 ---
2026-10-01 11:35:49,312 - INFO - 
****************************************************************************************************
2026-10-01 11:35:51,134 - INFO - --- training epoch 214, loss 0.0052, mae 0.0760, rmse 0.1020, time elapsed(min) 0.03---
2026-10-01 11:35:51,369 - INFO - --- validation at epoch 214, val_loss 0.0068, val_mae 0.0820, val_rmse 0.1168, val_r2 0.8237, val_pearson 0.9100, lr 1.00e-06 ---
2026-10-01 11:35:51,369 - INFO - 
****************************************************************************************************
2026-10-01 11:35:53,200 - INFO - --- training epoch 215, loss 0.0052, mae 0.0762, rmse 0.1019, time elapsed(min) 0.03---
2026-10-01 11:35:53,427 - INFO - --- validation at epoch 215, val_loss 0.0068, val_mae 0.0821, val_rmse 0.1169, val_r2 0.8235, val_pearson 0.9099, lr 1.00e-06 ---
2026-10-01 11:35:53,427 - INFO - 
****************************************************************************************************
2026-10-01 11:35:55,340 - INFO - --- training epoch 216, loss 0.0050, mae 0.0755, rmse 0.1005, time elapsed(min) 0.03---
2026-10-01 11:35:55,752 - INFO - --- validation at epoch 216, val_loss 0.0067, val_mae 0.0820, val_rmse 0.1168, val_r2 0.8237, val_pearson 0.9100, lr 1.00e-06 ---
2026-10-01 11:35:55,752 - INFO - 
****************************************************************************************************
2026-10-01 11:35:57,733 - INFO - --- training epoch 217, loss 0.0052, mae 0.0760, rmse 0.1017, time elapsed(min) 0.03---
2026-10-01 11:35:57,963 - INFO - --- validation at epoch 217, val_loss 0.0067, val_mae 0.0820, val_rmse 0.1167, val_r2 0.8239, val_pearson 0.9100, lr 1.00e-06 ---
2026-10-01 11:35:57,963 - INFO - 
****************************************************************************************************
2026-10-01 11:35:59,859 - INFO - --- training epoch 218, loss 0.0051, mae 0.0755, rmse 0.1012, time elapsed(min) 0.03---
2026-10-01 11:36:00,091 - INFO - --- validation at epoch 218, val_loss 0.0067, val_mae 0.0820, val_rmse 0.1168, val_r2 0.8239, val_pearson 0.9099, lr 1.00e-06 ---
2026-10-01 11:36:00,091 - INFO - 
****************************************************************************************************
2026-10-01 11:36:01,945 - INFO - --- training epoch 219, loss 0.0051, mae 0.0753, rmse 0.1008, time elapsed(min) 0.03---
2026-10-01 11:36:02,350 - INFO - --- validation at epoch 219, val_loss 0.0067, val_mae 0.0820, val_rmse 0.1168, val_r2 0.8238, val_pearson 0.9101, lr 1.00e-06 ---
2026-10-01 11:36:02,350 - INFO - 
****************************************************************************************************
2026-10-01 11:36:04,427 - INFO - --- training epoch 220, loss 0.0051, mae 0.0756, rmse 0.1013, time elapsed(min) 0.03---
2026-10-01 11:36:04,651 - INFO - --- validation at epoch 220, val_loss 0.0067, val_mae 0.0820, val_rmse 0.1167, val_r2 0.8240, val_pearson 0.9102, lr 1.00e-06 ---
2026-10-01 11:36:04,651 - INFO - 
****************************************************************************************************
2026-10-01 11:36:04,948 - INFO - --- early stopping at epoch 220: val_loss did not improve for 50 epochs ---
2026-10-01 11:36:05,223 - INFO - --- selected checkpoint from epoch 170, val_loss 0.0067, val_mae 0.0819, val_rmse 0.1165
2026-10-01 11:36:06,030 - INFO - -- RESULT
2026-10-01 11:36:06,030 - INFO - --- test size: 1728
2026-10-01 11:36:06,030 - INFO - --- MAE: 0.0875 (8.75 pp), RMSE: 0.1232 (12.32 pp), R2: 0.8113, Pearson: 0.9023
2026-10-01 11:36:08,293 - INFO - --- Suzuki-Miyaura | split_8 | approach_3: test R2 0.8113 MAE 0.0875 RMSE 0.1232 | 494.9s (2.2s/epoch)
2026-10-01 11:36:08,296 - INFO - --- Suzuki-Miyaura | split_8 | approach 2 (comb/mlp) (comb/mlp)
