2026-10-01 12:08:42,152 - INFO - device is	cuda:0
2026-10-01 12:08:42,231 - INFO - -- CONFIGURATIONS
2026-10-01 12:08:42,231 - INFO - --- train/valid/test: 2491/277/1187
2026-10-01 12:08:42,231 - INFO - --- max no. reactants_train, valid, test respectively: 6, 6, 6
2026-10-01 12:08:42,231 - INFO - --- max no. products_train, valid, test respectively: 1, 1, 1
2026-10-01 12:08:42,231 - INFO - --- model_path: ../logs/approach1_server/approach_1_mlp/bh/runs/fullcv02_split70/model.pt
2026-10-01 12:08:42,240 - INFO - -- TRAINING
2026-10-01 12:08:42,834 - INFO - --- training epoch 0, loss 24.8381, mae 25.3342, rmse 31.2653, time elapsed(min) 0.01---
2026-10-01 12:08:43,002 - INFO - --- validation at epoch 0, val_loss 21.6349, val_mae 22.8803, val_rmse 27.6817, val_r2 -0.0298, val_pearson -0.3084, lr 1.00e-03 ---
2026-10-01 12:08:43,002 - INFO - 
****************************************************************************************************
2026-10-01 12:08:44,086 - INFO - --- training epoch 1, loss 23.2665, mae 23.7627, rmse 28.6488, time elapsed(min) 0.01---
2026-10-01 12:08:44,250 - INFO - --- validation at epoch 1, val_loss 21.8446, val_mae 22.9534, val_rmse 27.3945, val_r2 -0.0086, val_pearson -0.3365, lr 1.00e-03 ---
2026-10-01 12:08:44,250 - INFO - 
****************************************************************************************************
2026-10-01 12:08:45,248 - INFO - --- training epoch 2, loss 22.7931, mae 23.2896, rmse 27.9185, time elapsed(min) 0.01---
2026-10-01 12:08:45,408 - INFO - --- validation at epoch 2, val_loss 21.4707, val_mae 22.2104, val_rmse 26.6453, val_r2 0.0458, val_pearson 0.2275, lr 1.00e-03 ---
2026-10-01 12:08:45,408 - INFO - 
****************************************************************************************************
2026-10-01 12:08:46,510 - INFO - --- training epoch 3, loss 22.8909, mae 23.3873, rmse 27.9741, time elapsed(min) 0.01---
2026-10-01 12:08:46,822 - INFO - --- validation at epoch 3, val_loss 21.7855, val_mae 22.8490, val_rmse 27.1404, val_r2 0.0101, val_pearson 0.2430, lr 1.00e-03 ---
2026-10-01 12:08:46,822 - INFO - 
****************************************************************************************************
2026-10-01 12:08:47,812 - INFO - --- training epoch 4, loss 23.1508, mae 23.6475, rmse 28.4545, time elapsed(min) 0.01---
2026-10-01 12:08:47,975 - INFO - --- validation at epoch 4, val_loss 21.1562, val_mae 22.5519, val_rmse 27.6864, val_r2 -0.0302, val_pearson 0.2621, lr 1.00e-03 ---
2026-10-01 12:08:47,975 - INFO - 
****************************************************************************************************
2026-10-01 12:08:48,929 - INFO - --- training epoch 5, loss 23.3790, mae 23.8754, rmse 28.8598, time elapsed(min) 0.01---
2026-10-01 12:08:49,065 - INFO - --- validation at epoch 5, val_loss 21.1825, val_mae 22.7116, val_rmse 28.6402, val_r2 -0.1024, val_pearson 0.2844, lr 1.00e-03 ---
2026-10-01 12:08:49,065 - INFO - 
****************************************************************************************************
2026-10-01 12:08:50,100 - INFO - --- training epoch 6, loss 23.5455, mae 24.0426, rmse 28.7528, time elapsed(min) 0.01---
2026-10-01 12:08:50,252 - INFO - --- validation at epoch 6, val_loss 21.1692, val_mae 22.7240, val_rmse 28.6417, val_r2 -0.1025, val_pearson 0.2835, lr 1.00e-03 ---
2026-10-01 12:08:50,252 - INFO - 
****************************************************************************************************
2026-10-01 12:08:51,269 - INFO - --- training epoch 7, loss 23.3760, mae 23.8733, rmse 28.3551, time elapsed(min) 0.01---
2026-10-01 12:08:51,434 - INFO - --- validation at epoch 7, val_loss 21.1456, val_mae 22.6497, val_rmse 28.2813, val_r2 -0.0749, val_pearson 0.2585, lr 1.00e-03 ---
2026-10-01 12:08:51,434 - INFO - 
****************************************************************************************************
2026-10-01 12:08:52,571 - INFO - --- training epoch 8, loss 23.2446, mae 23.7417, rmse 28.0523, time elapsed(min) 0.01---
2026-10-01 12:08:52,880 - INFO - --- validation at epoch 8, val_loss 21.2298, val_mae 22.4770, val_rmse 27.2633, val_r2 0.0011, val_pearson 0.2617, lr 1.00e-03 ---
2026-10-01 12:08:52,880 - INFO - 
****************************************************************************************************
2026-10-01 12:08:53,885 - INFO - --- training epoch 9, loss 22.9476, mae 23.4451, rmse 27.5935, time elapsed(min) 0.01---
2026-10-01 12:08:54,043 - INFO - --- validation at epoch 9, val_loss 21.3998, val_mae 22.4348, val_rmse 27.1769, val_r2 0.0074, val_pearson 0.2566, lr 1.00e-03 ---
2026-10-01 12:08:54,043 - INFO - 
****************************************************************************************************
2026-10-01 12:08:54,930 - INFO - --- training epoch 10, loss 22.9877, mae 23.4853, rmse 27.4670, time elapsed(min) 0.01---
2026-10-01 12:08:55,085 - INFO - --- validation at epoch 10, val_loss 21.4829, val_mae 22.4340, val_rmse 27.0504, val_r2 0.0166, val_pearson 0.2619, lr 1.00e-03 ---
2026-10-01 12:08:55,085 - INFO - 
****************************************************************************************************
2026-10-01 12:08:56,091 - INFO - --- training epoch 11, loss 22.9688, mae 23.4659, rmse 27.4215, time elapsed(min) 0.01---
2026-10-01 12:08:56,253 - INFO - --- validation at epoch 11, val_loss 21.4548, val_mae 22.4683, val_rmse 27.3614, val_r2 -0.0061, val_pearson 0.2723, lr 1.00e-03 ---
2026-10-01 12:08:56,253 - INFO - 
****************************************************************************************************
2026-10-01 12:08:57,279 - INFO - --- training epoch 12, loss 22.9350, mae 23.4323, rmse 27.3811, time elapsed(min) 0.01---
2026-10-01 12:08:57,445 - INFO - --- validation at epoch 12, val_loss 21.3228, val_mae 22.3598, val_rmse 27.2015, val_r2 0.0056, val_pearson 0.2914, lr 1.00e-03 ---
2026-10-01 12:08:57,446 - INFO - 
****************************************************************************************************
2026-10-01 12:08:58,480 - INFO - --- training epoch 13, loss 22.7105, mae 23.2079, rmse 27.1114, time elapsed(min) 0.01---
2026-10-01 12:08:58,642 - INFO - --- validation at epoch 13, val_loss 21.3517, val_mae 22.0102, val_rmse 25.9293, val_r2 0.0964, val_pearson 0.3321, lr 1.00e-03 ---
2026-10-01 12:08:58,642 - INFO - 
****************************************************************************************************
2026-10-01 12:08:59,859 - INFO - --- training epoch 14, loss 22.0883, mae 22.5850, rmse 26.4074, time elapsed(min) 0.02---
2026-10-01 12:09:00,005 - INFO - --- validation at epoch 14, val_loss 21.9914, val_mae 22.5575, val_rmse 26.1746, val_r2 0.0793, val_pearson 0.3302, lr 1.00e-03 ---
2026-10-01 12:09:00,006 - INFO - 
****************************************************************************************************
2026-10-01 12:09:00,904 - INFO - --- training epoch 15, loss 21.8720, mae 22.3693, rmse 26.3331, time elapsed(min) 0.01---
2026-10-01 12:09:01,072 - INFO - --- validation at epoch 15, val_loss 21.1892, val_mae 21.9697, val_rmse 25.6827, val_r2 0.1135, val_pearson 0.3384, lr 1.00e-03 ---
2026-10-01 12:09:01,072 - INFO - 
****************************************************************************************************
2026-10-01 12:09:02,090 - INFO - --- training epoch 16, loss 22.0063, mae 22.5031, rmse 26.4338, time elapsed(min) 0.01---
2026-10-01 12:09:02,248 - INFO - --- validation at epoch 16, val_loss 21.4424, val_mae 21.8696, val_rmse 25.9494, val_r2 0.0950, val_pearson 0.3336, lr 1.00e-03 ---
2026-10-01 12:09:02,248 - INFO - 
****************************************************************************************************
2026-10-01 12:09:03,433 - INFO - --- training epoch 17, loss 22.1317, mae 22.6282, rmse 26.2861, time elapsed(min) 0.01---
2026-10-01 12:09:03,598 - INFO - --- validation at epoch 17, val_loss 21.3051, val_mae 21.8894, val_rmse 25.7345, val_r2 0.1100, val_pearson 0.3384, lr 1.00e-03 ---
2026-10-01 12:09:03,599 - INFO - 
****************************************************************************************************
2026-10-01 12:09:03,902 - INFO - --- early stopping at epoch 17: val_loss did not improve for 10 epochs ---
2026-10-01 12:09:04,094 - INFO - --- selected checkpoint from epoch 7, val_loss 21.1456, val_mae 22.6497, val_rmse 28.2813
2026-10-01 12:09:04,755 - INFO - -- RESULT
2026-10-01 12:09:04,755 - INFO - --- test size: 1187
2026-10-01 12:09:04,755 - INFO - --- MAE: 22.6976 pp, RMSE: 27.8414 pp, R2: -0.0835, Pearson: 0.2585
2026-10-01 12:09:04,756 - INFO - --- fullcv02_split70: MAE 22.697631864986604, RMSE 27.84135857723098, R2 -0.08349787251136243
2026-10-01 12:09:04,768 - INFO - --- training fullcv03_split70 (npz/bh/fullcv03_split70)
