2026-10-01 12:19:41,461 - INFO - device is	cuda:0
2026-10-01 12:19:41,539 - INFO - -- CONFIGURATIONS
2026-10-01 12:19:41,539 - INFO - --- train/valid/test: 2491/277/1187
2026-10-01 12:19:41,539 - INFO - --- max no. reactants_train, valid, test respectively: 6, 6, 6
2026-10-01 12:19:41,539 - INFO - --- max no. products_train, valid, test respectively: 1, 1, 1
2026-10-01 12:19:41,539 - INFO - --- model_path: ../logs/approach1_server/option_b_linear/bh/runs/fullcv03_split70/model.pt
2026-10-01 12:19:41,547 - INFO - -- TRAINING
2026-10-01 12:19:42,121 - INFO - --- training epoch 0, loss 23.6337, mae 24.1309, rmse 29.4529, time elapsed(min) 0.01---
2026-10-01 12:19:42,290 - INFO - --- validation at epoch 0, val_loss 22.3660, val_mae 23.5530, val_rmse 27.5092, val_r2 -0.0275, val_pearson -0.3941, lr 1.00e-03 ---
2026-10-01 12:19:42,290 - INFO - 
****************************************************************************************************
2026-10-01 12:19:43,192 - INFO - --- training epoch 1, loss 22.8983, mae 23.3951, rmse 27.9709, time elapsed(min) 0.01---
2026-10-01 12:19:43,346 - INFO - --- validation at epoch 1, val_loss 22.1446, val_mae 23.3750, val_rmse 27.5674, val_r2 -0.0318, val_pearson 0.2172, lr 1.00e-03 ---
2026-10-01 12:19:43,346 - INFO - 
****************************************************************************************************
2026-10-01 12:19:44,228 - INFO - --- training epoch 2, loss 22.5428, mae 23.0388, rmse 27.5045, time elapsed(min) 0.01---
2026-10-01 12:19:44,395 - INFO - --- validation at epoch 2, val_loss 22.2860, val_mae 23.5879, val_rmse 27.0629, val_r2 0.0056, val_pearson 0.2605, lr 1.00e-03 ---
2026-10-01 12:19:44,395 - INFO - 
****************************************************************************************************
2026-10-01 12:19:45,355 - INFO - --- training epoch 3, loss 22.9963, mae 23.4914, rmse 28.0086, time elapsed(min) 0.01---
2026-10-01 12:19:45,525 - INFO - --- validation at epoch 3, val_loss 22.0566, val_mae 23.3149, val_rmse 27.6179, val_r2 -0.0356, val_pearson 0.2729, lr 1.00e-03 ---
2026-10-01 12:19:45,525 - INFO - 
****************************************************************************************************
2026-10-01 12:19:46,743 - INFO - --- training epoch 4, loss 22.6010, mae 23.0984, rmse 27.5104, time elapsed(min) 0.01---
2026-10-01 12:19:46,897 - INFO - --- validation at epoch 4, val_loss 21.6838, val_mae 23.0367, val_rmse 26.9806, val_r2 0.0116, val_pearson 0.2909, lr 1.00e-03 ---
2026-10-01 12:19:46,897 - INFO - 
****************************************************************************************************
2026-10-01 12:19:48,005 - INFO - --- training epoch 5, loss 22.5348, mae 23.0306, rmse 26.9797, time elapsed(min) 0.01---
2026-10-01 12:19:48,325 - INFO - --- validation at epoch 5, val_loss 21.3710, val_mae 22.9178, val_rmse 27.0300, val_r2 0.0080, val_pearson 0.3167, lr 1.00e-03 ---
2026-10-01 12:19:48,326 - INFO - 
****************************************************************************************************
2026-10-01 12:19:49,391 - INFO - --- training epoch 6, loss 22.4219, mae 22.9189, rmse 26.9322, time elapsed(min) 0.01---
2026-10-01 12:19:49,563 - INFO - --- validation at epoch 6, val_loss 20.5875, val_mae 21.6368, val_rmse 25.7836, val_r2 0.0974, val_pearson 0.4099, lr 1.00e-03 ---
2026-10-01 12:19:49,563 - INFO - 
****************************************************************************************************
2026-10-01 12:19:50,484 - INFO - --- training epoch 7, loss 22.3472, mae 22.8439, rmse 26.8046, time elapsed(min) 0.01---
2026-10-01 12:19:50,640 - INFO - --- validation at epoch 7, val_loss 20.8089, val_mae 21.9225, val_rmse 26.7725, val_r2 0.0268, val_pearson 0.3893, lr 1.00e-03 ---
2026-10-01 12:19:50,640 - INFO - 
****************************************************************************************************
2026-10-01 12:19:51,615 - INFO - --- training epoch 8, loss 21.7928, mae 22.2905, rmse 26.3520, time elapsed(min) 0.01---
2026-10-01 12:19:51,771 - INFO - --- validation at epoch 8, val_loss 20.7313, val_mae 21.6708, val_rmse 25.8222, val_r2 0.0947, val_pearson 0.4217, lr 1.00e-03 ---
2026-10-01 12:19:51,771 - INFO - 
****************************************************************************************************
2026-10-01 12:19:52,768 - INFO - --- training epoch 9, loss 21.4679, mae 21.9645, rmse 25.8575, time elapsed(min) 0.01---
2026-10-01 12:19:52,927 - INFO - --- validation at epoch 9, val_loss 20.8969, val_mae 21.6385, val_rmse 25.1615, val_r2 0.1404, val_pearson 0.4098, lr 1.00e-03 ---
2026-10-01 12:19:52,928 - INFO - 
****************************************************************************************************
2026-10-01 12:19:53,957 - INFO - --- training epoch 10, loss 21.4684, mae 21.9642, rmse 25.9970, time elapsed(min) 0.01---
2026-10-01 12:19:54,108 - INFO - --- validation at epoch 10, val_loss 21.7559, val_mae 22.6460, val_rmse 27.2578, val_r2 -0.0088, val_pearson 0.3346, lr 1.00e-03 ---
2026-10-01 12:19:54,108 - INFO - 
****************************************************************************************************
2026-10-01 12:19:55,106 - INFO - --- training epoch 11, loss 21.7402, mae 22.2368, rmse 26.2746, time elapsed(min) 0.01---
2026-10-01 12:19:55,261 - INFO - --- validation at epoch 11, val_loss 21.4447, val_mae 22.2325, val_rmse 27.2564, val_r2 -0.0087, val_pearson 0.4191, lr 1.00e-03 ---
2026-10-01 12:19:55,261 - INFO - 
****************************************************************************************************
2026-10-01 12:19:56,077 - INFO - --- training epoch 12, loss 21.7419, mae 22.2375, rmse 26.5198, time elapsed(min) 0.01---
2026-10-01 12:19:56,229 - INFO - --- validation at epoch 12, val_loss 20.7361, val_mae 21.9395, val_rmse 26.8122, val_r2 0.0239, val_pearson 0.4270, lr 1.00e-03 ---
2026-10-01 12:19:56,229 - INFO - 
****************************************************************************************************
2026-10-01 12:19:57,194 - INFO - --- training epoch 13, loss 21.6598, mae 22.1553, rmse 25.9532, time elapsed(min) 0.01---
2026-10-01 12:19:57,357 - INFO - --- validation at epoch 13, val_loss 20.7435, val_mae 21.8181, val_rmse 26.7746, val_r2 0.0267, val_pearson 0.4489, lr 1.00e-03 ---
2026-10-01 12:19:57,357 - INFO - 
****************************************************************************************************
2026-10-01 12:19:58,344 - INFO - --- training epoch 14, loss 21.6830, mae 22.1795, rmse 26.3066, time elapsed(min) 0.01---
2026-10-01 12:19:58,503 - INFO - --- validation at epoch 14, val_loss 20.6413, val_mae 21.5998, val_rmse 26.5321, val_r2 0.0442, val_pearson 0.3962, lr 1.00e-03 ---
2026-10-01 12:19:58,503 - INFO - 
****************************************************************************************************
2026-10-01 12:19:59,514 - INFO - --- training epoch 15, loss 21.7532, mae 22.2508, rmse 26.2150, time elapsed(min) 0.01---
2026-10-01 12:19:59,676 - INFO - --- validation at epoch 15, val_loss 20.3618, val_mae 21.4076, val_rmse 26.0840, val_r2 0.0762, val_pearson 0.4331, lr 1.00e-03 ---
2026-10-01 12:19:59,676 - INFO - 
****************************************************************************************************
2026-10-01 12:20:00,799 - INFO - --- training epoch 16, loss 21.6141, mae 22.1121, rmse 25.9564, time elapsed(min) 0.01---
2026-10-01 12:20:01,134 - INFO - --- validation at epoch 16, val_loss 20.6077, val_mae 21.3944, val_rmse 25.4643, val_r2 0.1196, val_pearson 0.4493, lr 1.00e-03 ---
2026-10-01 12:20:01,134 - INFO - 
****************************************************************************************************
2026-10-01 12:20:02,117 - INFO - --- training epoch 17, loss 21.1639, mae 21.6603, rmse 25.6418, time elapsed(min) 0.01---
2026-10-01 12:20:02,279 - INFO - --- validation at epoch 17, val_loss 22.3613, val_mae 23.6402, val_rmse 27.1136, val_r2 0.0019, val_pearson 0.4323, lr 1.00e-03 ---
2026-10-01 12:20:02,279 - INFO - 
****************************************************************************************************
2026-10-01 12:20:03,141 - INFO - --- training epoch 18, loss 22.4092, mae 22.9061, rmse 27.5077, time elapsed(min) 0.01---
2026-10-01 12:20:03,301 - INFO - --- validation at epoch 18, val_loss 22.0621, val_mae 23.0821, val_rmse 27.4084, val_r2 -0.0200, val_pearson 0.2160, lr 1.00e-03 ---
2026-10-01 12:20:03,301 - INFO - 
****************************************************************************************************
2026-10-01 12:20:04,292 - INFO - --- training epoch 19, loss 22.5477, mae 23.0429, rmse 27.7336, time elapsed(min) 0.01---
2026-10-01 12:20:04,452 - INFO - --- validation at epoch 19, val_loss 22.3265, val_mae 23.0217, val_rmse 28.1365, val_r2 -0.0749, val_pearson 0.2585, lr 1.00e-03 ---
2026-10-01 12:20:04,452 - INFO - 
****************************************************************************************************
2026-10-01 12:20:05,445 - INFO - --- training epoch 20, loss 21.4677, mae 21.9641, rmse 26.5305, time elapsed(min) 0.01---
2026-10-01 12:20:05,605 - INFO - --- validation at epoch 20, val_loss 21.3950, val_mae 21.8029, val_rmse 25.6379, val_r2 0.1076, val_pearson 0.3371, lr 1.00e-03 ---
2026-10-01 12:20:05,605 - INFO - 
****************************************************************************************************
2026-10-01 12:20:06,601 - INFO - --- training epoch 21, loss 21.0974, mae 21.5936, rmse 25.9361, time elapsed(min) 0.01---
2026-10-01 12:20:06,945 - INFO - --- validation at epoch 21, val_loss 21.5518, val_mae 22.2710, val_rmse 26.5909, val_r2 0.0400, val_pearson 0.3026, lr 1.00e-03 ---
2026-10-01 12:20:06,945 - INFO - 
****************************************************************************************************
2026-10-01 12:20:07,920 - INFO - --- training epoch 22, loss 20.9379, mae 21.4333, rmse 25.7524, time elapsed(min) 0.01---
2026-10-01 12:20:08,072 - INFO - --- validation at epoch 22, val_loss 20.9942, val_mae 21.7344, val_rmse 25.9941, val_r2 0.0826, val_pearson 0.3552, lr 1.00e-03 ---
2026-10-01 12:20:08,072 - INFO - 
****************************************************************************************************
2026-10-01 12:20:08,913 - INFO - --- training epoch 23, loss 22.5210, mae 23.0173, rmse 27.0909, time elapsed(min) 0.01---
2026-10-01 12:20:09,068 - INFO - --- validation at epoch 23, val_loss 21.6904, val_mae 22.9721, val_rmse 27.3115, val_r2 -0.0128, val_pearson 0.3603, lr 1.00e-03 ---
2026-10-01 12:20:09,069 - INFO - 
****************************************************************************************************
2026-10-01 12:20:10,056 - INFO - --- training epoch 24, loss 22.2488, mae 22.7465, rmse 26.7766, time elapsed(min) 0.01---
2026-10-01 12:20:10,216 - INFO - --- validation at epoch 24, val_loss 21.9485, val_mae 22.9446, val_rmse 27.0227, val_r2 0.0086, val_pearson 0.2324, lr 1.00e-03 ---
2026-10-01 12:20:10,216 - INFO - 
****************************************************************************************************
2026-10-01 12:20:11,227 - INFO - --- training epoch 25, loss 22.3045, mae 22.8017, rmse 27.3204, time elapsed(min) 0.01---
2026-10-01 12:20:11,382 - INFO - --- validation at epoch 25, val_loss 21.9257, val_mae 22.9960, val_rmse 27.6135, val_r2 -0.0353, val_pearson 0.2990, lr 1.00e-03 ---
2026-10-01 12:20:11,382 - INFO - 
****************************************************************************************************
2026-10-01 12:20:11,674 - INFO - --- early stopping at epoch 25: val_loss did not improve for 10 epochs ---
2026-10-01 12:20:11,873 - INFO - --- selected checkpoint from epoch 15, val_loss 20.3618, val_mae 21.4076, val_rmse 26.0840
2026-10-01 12:20:12,421 - INFO - -- RESULT
2026-10-01 12:20:12,422 - INFO - --- test size: 1187
2026-10-01 12:20:12,422 - INFO - --- MAE: 22.0990 pp, RMSE: 26.8441 pp, R2: 0.0177, Pearson: 0.3629
2026-10-01 12:20:12,423 - INFO - --- fullcv03_split70: MAE 22.09901178752958, RMSE 26.8440967824606, R2 0.0176823417669143
2026-10-01 12:20:12,433 - INFO - --- training fullcv04_split70 (npz/bh/fullcv04_split70)
