2026-10-01 16:57:34,668 - INFO - device is	cuda:0
2026-10-01 16:57:34,782 - INFO - -- CONFIGURATIONS
2026-10-01 16:57:34,782 - INFO - --- train/valid/test: 3628/404/1728
2026-10-01 16:57:34,782 - INFO - --- max no. reactants_train, valid, test respectively: 14, 14, 14
2026-10-01 16:57:34,782 - INFO - --- max no. products_train, valid, test respectively: 1, 1, 1
2026-10-01 16:57:34,782 - INFO - --- model_path: ../logs/approach1_server/approach_1_mlp/suzuki/runs/suzuki_split_1_20261001_165734/split_1/model.pt
2026-10-01 16:57:34,881 - INFO - -- TRAINING
2026-10-01 16:57:40,637 - INFO - --- training epoch 0, loss 0.7633, mae 1.0704, rmse 2.5475, time elapsed(min) 0.10---
2026-10-01 16:57:41,066 - INFO - --- validation at epoch 0, val_loss 0.0406, val_mae 0.2285, val_rmse 0.2764, val_r2 -0.0430, val_pearson 0.0654, lr 1.00e-03 ---
2026-10-01 16:57:41,067 - INFO - 
****************************************************************************************************
2026-10-01 16:57:46,678 - INFO - --- training epoch 1, loss 0.0429, mae 0.2509, rmse 0.2930, time elapsed(min) 0.09---
2026-10-01 16:57:47,104 - INFO - --- validation at epoch 1, val_loss 0.0384, val_mae 0.2341, val_rmse 0.2708, val_r2 -0.0015, val_pearson -0.0427, lr 1.00e-03 ---
2026-10-01 16:57:47,104 - INFO - 
****************************************************************************************************
2026-10-01 16:57:52,682 - INFO - --- training epoch 2, loss 0.0409, mae 0.2477, rmse 0.2861, time elapsed(min) 0.09---
2026-10-01 16:57:53,109 - INFO - --- validation at epoch 2, val_loss 0.0407, val_mae 0.2478, val_rmse 0.2815, val_r2 -0.0820, val_pearson 0.1878, lr 1.00e-03 ---
2026-10-01 16:57:53,110 - INFO - 
****************************************************************************************************
2026-10-01 16:57:58,755 - INFO - --- training epoch 3, loss 0.0409, mae 0.2484, rmse 0.2860, time elapsed(min) 0.09---
2026-10-01 16:57:59,356 - INFO - --- validation at epoch 3, val_loss 0.0384, val_mae 0.2350, val_rmse 0.2711, val_r2 -0.0034, val_pearson 0.2118, lr 1.00e-03 ---
2026-10-01 16:57:59,356 - INFO - 
****************************************************************************************************
2026-10-01 16:58:05,150 - INFO - --- training epoch 4, loss 0.0405, mae 0.2476, rmse 0.2846, time elapsed(min) 0.09---
2026-10-01 16:58:05,588 - INFO - --- validation at epoch 4, val_loss 0.0384, val_mae 0.2350, val_rmse 0.2709, val_r2 -0.0026, val_pearson 0.2093, lr 1.00e-03 ---
2026-10-01 16:58:05,588 - INFO - 
****************************************************************************************************
2026-10-01 16:58:11,251 - INFO - --- training epoch 5, loss 0.0399, mae 0.2457, rmse 0.2825, time elapsed(min) 0.09---
2026-10-01 16:58:11,672 - INFO - --- validation at epoch 5, val_loss 0.0382, val_mae 0.2350, val_rmse 0.2706, val_r2 0.0003, val_pearson 0.2083, lr 1.00e-03 ---
2026-10-01 16:58:11,672 - INFO - 
****************************************************************************************************
2026-10-01 16:58:17,289 - INFO - --- training epoch 6, loss 0.0398, mae 0.2449, rmse 0.2820, time elapsed(min) 0.09---
2026-10-01 16:58:17,773 - INFO - --- validation at epoch 6, val_loss 0.0376, val_mae 0.2340, val_rmse 0.2686, val_r2 0.0151, val_pearson 0.2411, lr 1.00e-03 ---
2026-10-01 16:58:17,773 - INFO - 
****************************************************************************************************
2026-10-01 16:58:23,745 - INFO - --- training epoch 7, loss 0.0397, mae 0.2436, rmse 0.2818, time elapsed(min) 0.09---
2026-10-01 16:58:24,161 - INFO - --- validation at epoch 7, val_loss 0.0387, val_mae 0.2402, val_rmse 0.2737, val_r2 -0.0229, val_pearson 0.2285, lr 1.00e-03 ---
2026-10-01 16:58:24,162 - INFO - 
****************************************************************************************************
2026-10-01 16:58:29,705 - INFO - --- training epoch 8, loss 0.0395, mae 0.2433, rmse 0.2810, time elapsed(min) 0.09---
2026-10-01 16:58:30,136 - INFO - --- validation at epoch 8, val_loss 0.0375, val_mae 0.2369, val_rmse 0.2697, val_r2 0.0068, val_pearson 0.2429, lr 1.00e-03 ---
2026-10-01 16:58:30,136 - INFO - 
****************************************************************************************************
2026-10-01 16:58:35,791 - INFO - --- training epoch 9, loss 0.0386, mae 0.2403, rmse 0.2779, time elapsed(min) 0.09---
2026-10-01 16:58:36,217 - INFO - --- validation at epoch 9, val_loss 0.0365, val_mae 0.2349, val_rmse 0.2671, val_r2 0.0259, val_pearson 0.2532, lr 1.00e-03 ---
2026-10-01 16:58:36,217 - INFO - 
****************************************************************************************************
2026-10-01 16:58:42,047 - INFO - --- training epoch 10, loss 0.0383, mae 0.2393, rmse 0.2769, time elapsed(min) 0.09---
2026-10-01 16:58:42,672 - INFO - --- validation at epoch 10, val_loss 0.0366, val_mae 0.2352, val_rmse 0.2674, val_r2 0.0238, val_pearson 0.2547, lr 1.00e-03 ---
2026-10-01 16:58:42,672 - INFO - 
****************************************************************************************************
2026-10-01 16:58:48,371 - INFO - --- training epoch 11, loss 0.0381, mae 0.2377, rmse 0.2759, time elapsed(min) 0.09---
2026-10-01 16:58:48,796 - INFO - --- validation at epoch 11, val_loss 0.0376, val_mae 0.2396, val_rmse 0.2713, val_r2 -0.0052, val_pearson 0.2596, lr 1.00e-03 ---
2026-10-01 16:58:48,796 - INFO - 
****************************************************************************************************
2026-10-01 16:58:54,348 - INFO - --- training epoch 12, loss 0.0383, mae 0.2379, rmse 0.2767, time elapsed(min) 0.09---
2026-10-01 16:58:54,784 - INFO - --- validation at epoch 12, val_loss 0.0374, val_mae 0.2377, val_rmse 0.2697, val_r2 0.0065, val_pearson 0.2595, lr 1.00e-03 ---
2026-10-01 16:58:54,784 - INFO - 
****************************************************************************************************
2026-10-01 16:59:00,418 - INFO - --- training epoch 13, loss 0.0388, mae 0.2396, rmse 0.2784, time elapsed(min) 0.09---
2026-10-01 16:59:01,026 - INFO - --- validation at epoch 13, val_loss 0.0392, val_mae 0.2434, val_rmse 0.2760, val_r2 -0.0400, val_pearson 0.2366, lr 1.00e-03 ---
2026-10-01 16:59:01,026 - INFO - 
****************************************************************************************************
2026-10-01 16:59:06,719 - INFO - --- training epoch 14, loss 0.0392, mae 0.2422, rmse 0.2799, time elapsed(min) 0.09---
2026-10-01 16:59:07,163 - INFO - --- validation at epoch 14, val_loss 0.0365, val_mae 0.2329, val_rmse 0.2658, val_r2 0.0349, val_pearson 0.2677, lr 1.00e-03 ---
2026-10-01 16:59:07,163 - INFO - 
****************************************************************************************************
2026-10-01 16:59:12,747 - INFO - --- training epoch 15, loss 0.0382, mae 0.2371, rmse 0.2764, time elapsed(min) 0.09---
2026-10-01 16:59:13,181 - INFO - --- validation at epoch 15, val_loss 0.0381, val_mae 0.2396, val_rmse 0.2719, val_r2 -0.0095, val_pearson 0.2609, lr 1.00e-03 ---
2026-10-01 16:59:13,181 - INFO - 
****************************************************************************************************
2026-10-01 16:59:18,788 - INFO - --- training epoch 16, loss 0.0380, mae 0.2374, rmse 0.2755, time elapsed(min) 0.09---
2026-10-01 16:59:19,374 - INFO - --- validation at epoch 16, val_loss 0.0375, val_mae 0.2390, val_rmse 0.2712, val_r2 -0.0044, val_pearson 0.2721, lr 1.00e-03 ---
2026-10-01 16:59:19,374 - INFO - 
****************************************************************************************************
2026-10-01 16:59:25,284 - INFO - --- training epoch 17, loss 0.0378, mae 0.2364, rmse 0.2750, time elapsed(min) 0.09---
2026-10-01 16:59:25,708 - INFO - --- validation at epoch 17, val_loss 0.0373, val_mae 0.2377, val_rmse 0.2700, val_r2 0.0044, val_pearson 0.2812, lr 1.00e-03 ---
2026-10-01 16:59:25,708 - INFO - 
****************************************************************************************************
2026-10-01 16:59:31,314 - INFO - --- training epoch 18, loss 0.0375, mae 0.2348, rmse 0.2740, time elapsed(min) 0.09---
2026-10-01 16:59:31,744 - INFO - --- validation at epoch 18, val_loss 0.0382, val_mae 0.2417, val_rmse 0.2738, val_r2 -0.0238, val_pearson 0.2916, lr 1.00e-03 ---
2026-10-01 16:59:31,744 - INFO - 
****************************************************************************************************
2026-10-01 16:59:37,380 - INFO - --- training epoch 19, loss 0.0378, mae 0.2360, rmse 0.2749, time elapsed(min) 0.09---
2026-10-01 16:59:37,863 - INFO - --- validation at epoch 19, val_loss 0.0373, val_mae 0.2379, val_rmse 0.2703, val_r2 0.0021, val_pearson 0.2914, lr 1.00e-03 ---
2026-10-01 16:59:37,864 - INFO - 
****************************************************************************************************
2026-10-01 16:59:38,227 - INFO - --- early stopping at epoch 19: val_loss did not improve for 10 epochs ---
2026-10-01 16:59:38,906 - INFO - --- selected checkpoint from epoch 9, val_loss 0.0365, val_mae 0.2349, val_rmse 0.2671
2026-10-01 16:59:40,549 - INFO - -- RESULT
2026-10-01 16:59:40,549 - INFO - --- test size: 1728
2026-10-01 16:59:40,549 - INFO - --- MAE: 0.2394 (23.94 pp), RMSE: 0.2751 (27.51 pp), R2: 0.0438, Pearson: 0.2289
