2026-10-01 11:50:13,324 - INFO - device is	cuda:0
2026-10-01 11:50:13,409 - INFO - -- CONFIGURATIONS
2026-10-01 11:50:13,409 - INFO - --- train/valid/test: 2491/277/1187
2026-10-01 11:50:13,409 - INFO - --- max no. reactants_train, valid, test respectively: 6, 6, 6
2026-10-01 11:50:13,409 - INFO - --- max no. products_train, valid, test respectively: 1, 1, 1
2026-10-01 11:50:13,409 - INFO - --- model_path: ../logs/approach1_server/approach_2/bh/runs/fullcv07_split70/model.pt
2026-10-01 11:50:13,416 - INFO - -- TRAINING
2026-10-01 11:50:14,139 - INFO - --- training epoch 0, loss 24.8779, mae 25.3733, rmse 31.9680, time elapsed(min) 0.01---
2026-10-01 11:50:14,298 - INFO - --- validation at epoch 0, val_loss 24.6517, val_mae 24.8208, val_rmse 31.4884, val_r2 -0.2866, val_pearson -0.3129, lr 1.00e-03 ---
2026-10-01 11:50:14,298 - INFO - 
****************************************************************************************************
2026-10-01 11:50:15,327 - INFO - --- training epoch 1, loss 22.8515, mae 23.3486, rmse 28.3249, time elapsed(min) 0.01---
2026-10-01 11:50:15,479 - INFO - --- validation at epoch 1, val_loss 23.2294, val_mae 23.2948, val_rmse 28.6712, val_r2 -0.0667, val_pearson 0.2253, lr 1.00e-03 ---
2026-10-01 11:50:15,479 - INFO - 
****************************************************************************************************
2026-10-01 11:50:16,666 - INFO - --- training epoch 2, loss 22.6838, mae 23.1793, rmse 27.9213, time elapsed(min) 0.01---
2026-10-01 11:50:16,831 - INFO - --- validation at epoch 2, val_loss 23.3868, val_mae 23.5699, val_rmse 29.5440, val_r2 -0.1326, val_pearson 0.2426, lr 1.00e-03 ---
2026-10-01 11:50:16,831 - INFO - 
****************************************************************************************************
2026-10-01 11:50:17,811 - INFO - --- training epoch 3, loss 22.1967, mae 22.6937, rmse 27.8038, time elapsed(min) 0.01---
2026-10-01 11:50:17,975 - INFO - --- validation at epoch 3, val_loss 22.6610, val_mae 22.8767, val_rmse 28.4998, val_r2 -0.0540, val_pearson 0.2548, lr 1.00e-03 ---
2026-10-01 11:50:17,975 - INFO - 
****************************************************************************************************
2026-10-01 11:50:19,013 - INFO - --- training epoch 4, loss 22.3624, mae 22.8577, rmse 27.8478, time elapsed(min) 0.01---
2026-10-01 11:50:19,176 - INFO - --- validation at epoch 4, val_loss 22.5433, val_mae 22.8188, val_rmse 28.3729, val_r2 -0.0446, val_pearson 0.2519, lr 1.00e-03 ---
2026-10-01 11:50:19,177 - INFO - 
****************************************************************************************************
2026-10-01 11:50:20,058 - INFO - --- training epoch 5, loss 22.0468, mae 22.5420, rmse 27.7070, time elapsed(min) 0.01---
2026-10-01 11:50:20,215 - INFO - --- validation at epoch 5, val_loss 22.3644, val_mae 22.6954, val_rmse 28.2935, val_r2 -0.0388, val_pearson 0.2515, lr 1.00e-03 ---
2026-10-01 11:50:20,215 - INFO - 
****************************************************************************************************
2026-10-01 11:50:21,255 - INFO - --- training epoch 6, loss 22.0838, mae 22.5795, rmse 27.6669, time elapsed(min) 0.01---
2026-10-01 11:50:21,407 - INFO - --- validation at epoch 6, val_loss 22.2701, val_mae 22.5929, val_rmse 28.0750, val_r2 -0.0228, val_pearson 0.2490, lr 1.00e-03 ---
2026-10-01 11:50:21,407 - INFO - 
****************************************************************************************************
2026-10-01 11:50:22,480 - INFO - --- training epoch 7, loss 22.0619, mae 22.5563, rmse 27.6385, time elapsed(min) 0.01---
2026-10-01 11:50:22,622 - INFO - --- validation at epoch 7, val_loss 22.2736, val_mae 22.5532, val_rmse 27.9538, val_r2 -0.0140, val_pearson 0.2516, lr 1.00e-03 ---
2026-10-01 11:50:22,622 - INFO - 
****************************************************************************************************
2026-10-01 11:50:23,630 - INFO - --- training epoch 8, loss 21.9736, mae 22.4694, rmse 27.5870, time elapsed(min) 0.01---
2026-10-01 11:50:23,779 - INFO - --- validation at epoch 8, val_loss 22.2351, val_mae 22.5430, val_rmse 28.0310, val_r2 -0.0196, val_pearson 0.2556, lr 1.00e-03 ---
2026-10-01 11:50:23,779 - INFO - 
****************************************************************************************************
2026-10-01 11:50:24,849 - INFO - --- training epoch 9, loss 22.0169, mae 22.5142, rmse 27.5216, time elapsed(min) 0.01---
2026-10-01 11:50:25,020 - INFO - --- validation at epoch 9, val_loss 22.2220, val_mae 22.4851, val_rmse 27.8071, val_r2 -0.0034, val_pearson 0.2557, lr 1.00e-03 ---
2026-10-01 11:50:25,020 - INFO - 
****************************************************************************************************
2026-10-01 11:50:25,939 - INFO - --- training epoch 10, loss 21.8832, mae 22.3795, rmse 27.4445, time elapsed(min) 0.01---
2026-10-01 11:50:26,109 - INFO - --- validation at epoch 10, val_loss 22.4144, val_mae 22.7551, val_rmse 28.3823, val_r2 -0.0453, val_pearson 0.2632, lr 1.00e-03 ---
2026-10-01 11:50:26,109 - INFO - 
****************************************************************************************************
2026-10-01 11:50:26,950 - INFO - --- training epoch 11, loss 22.0098, mae 22.5057, rmse 27.5589, time elapsed(min) 0.01---
2026-10-01 11:50:27,112 - INFO - --- validation at epoch 11, val_loss 21.8837, val_mae 22.1445, val_rmse 27.2541, val_r2 0.0361, val_pearson 0.2913, lr 1.00e-03 ---
2026-10-01 11:50:27,112 - INFO - 
****************************************************************************************************
2026-10-01 11:50:28,187 - INFO - --- training epoch 12, loss 21.6164, mae 22.1116, rmse 26.8738, time elapsed(min) 0.01---
2026-10-01 11:50:28,343 - INFO - --- validation at epoch 12, val_loss 22.0168, val_mae 22.5215, val_rmse 28.1668, val_r2 -0.0295, val_pearson 0.4018, lr 1.00e-03 ---
2026-10-01 11:50:28,343 - INFO - 
****************************************************************************************************
2026-10-01 11:50:29,349 - INFO - --- training epoch 13, loss 23.2712, mae 23.7672, rmse 29.6781, time elapsed(min) 0.01---
2026-10-01 11:50:29,504 - INFO - --- validation at epoch 13, val_loss 23.1042, val_mae 23.4899, val_rmse 29.6339, val_r2 -0.1395, val_pearson 0.2536, lr 1.00e-03 ---
2026-10-01 11:50:29,504 - INFO - 
****************************************************************************************************
2026-10-01 11:50:30,538 - INFO - --- training epoch 14, loss 22.2198, mae 22.7157, rmse 27.8194, time elapsed(min) 0.01---
2026-10-01 11:50:30,899 - INFO - --- validation at epoch 14, val_loss 22.3500, val_mae 22.6581, val_rmse 28.1770, val_r2 -0.0302, val_pearson 0.2522, lr 1.00e-03 ---
2026-10-01 11:50:30,900 - INFO - 
****************************************************************************************************
2026-10-01 11:50:31,888 - INFO - --- training epoch 15, loss 22.1133, mae 22.6098, rmse 27.6941, time elapsed(min) 0.01---
2026-10-01 11:50:32,056 - INFO - --- validation at epoch 15, val_loss 22.4592, val_mae 22.8131, val_rmse 28.4811, val_r2 -0.0526, val_pearson 0.2522, lr 1.00e-03 ---
2026-10-01 11:50:32,056 - INFO - 
****************************************************************************************************
2026-10-01 11:50:32,906 - INFO - --- training epoch 16, loss 22.1274, mae 22.6241, rmse 27.7156, time elapsed(min) 0.01---
2026-10-01 11:50:33,073 - INFO - --- validation at epoch 16, val_loss 22.1507, val_mae 22.4364, val_rmse 27.7915, val_r2 -0.0023, val_pearson 0.2497, lr 1.00e-03 ---
2026-10-01 11:50:33,073 - INFO - 
****************************************************************************************************
2026-10-01 11:50:34,092 - INFO - --- training epoch 17, loss 21.9319, mae 22.4280, rmse 27.5833, time elapsed(min) 0.01---
2026-10-01 11:50:34,235 - INFO - --- validation at epoch 17, val_loss 22.1781, val_mae 22.4586, val_rmse 27.8120, val_r2 -0.0037, val_pearson 0.2530, lr 1.00e-03 ---
2026-10-01 11:50:34,235 - INFO - 
****************************************************************************************************
2026-10-01 11:50:35,420 - INFO - --- training epoch 18, loss 21.8155, mae 22.3101, rmse 27.4305, time elapsed(min) 0.01---
2026-10-01 11:50:35,580 - INFO - --- validation at epoch 18, val_loss 22.1723, val_mae 22.4636, val_rmse 27.8584, val_r2 -0.0071, val_pearson 0.2572, lr 1.00e-03 ---
2026-10-01 11:50:35,580 - INFO - 
****************************************************************************************************
2026-10-01 11:50:36,771 - INFO - --- training epoch 19, loss 21.9965, mae 22.4920, rmse 27.6544, time elapsed(min) 0.01---
2026-10-01 11:50:36,928 - INFO - --- validation at epoch 19, val_loss 22.1170, val_mae 22.3565, val_rmse 27.5798, val_r2 0.0130, val_pearson 0.2575, lr 1.00e-03 ---
2026-10-01 11:50:36,928 - INFO - 
****************************************************************************************************
2026-10-01 11:50:37,775 - INFO - --- training epoch 20, loss 21.8807, mae 22.3756, rmse 27.3643, time elapsed(min) 0.01---
2026-10-01 11:50:37,933 - INFO - --- validation at epoch 20, val_loss 22.2260, val_mae 22.5652, val_rmse 28.0431, val_r2 -0.0205, val_pearson 0.2597, lr 1.00e-03 ---
2026-10-01 11:50:37,933 - INFO - 
****************************************************************************************************
2026-10-01 11:50:38,793 - INFO - --- training epoch 21, loss 21.8711, mae 22.3665, rmse 27.4323, time elapsed(min) 0.01---
2026-10-01 11:50:38,965 - INFO - --- validation at epoch 21, val_loss 22.1402, val_mae 22.3753, val_rmse 27.6214, val_r2 0.0100, val_pearson 0.2652, lr 1.00e-03 ---
2026-10-01 11:50:38,965 - INFO - 
****************************************************************************************************
2026-10-01 11:50:39,264 - INFO - --- early stopping at epoch 21: val_loss did not improve for 10 epochs ---
2026-10-01 11:50:39,453 - INFO - --- selected checkpoint from epoch 11, val_loss 21.8837, val_mae 22.1445, val_rmse 27.2541
2026-10-01 11:50:39,833 - INFO - -- RESULT
2026-10-01 11:50:39,833 - INFO - --- test size: 1187
2026-10-01 11:50:39,833 - INFO - --- MAE: 22.2827 pp, RMSE: 27.1176 pp, R2: 0.0084, Pearson: 0.2422
2026-10-01 11:50:39,834 - INFO - --- fullcv07_split70: MAE 22.282668583879676, RMSE 27.11756116787288, R2 0.00837830127326955
2026-10-01 11:50:39,845 - INFO - --- training fullcv08_split70 (npz/bh/fullcv08_split70)
