2026-10-01 17:14:26,092 - INFO - device is	cuda:0
2026-10-01 17:14:26,204 - INFO - -- CONFIGURATIONS
2026-10-01 17:14:26,204 - INFO - --- train/valid/test: 3628/404/1728
2026-10-01 17:14:26,204 - INFO - --- max no. reactants_train, valid, test respectively: 14, 14, 14
2026-10-01 17:14:26,204 - INFO - --- max no. products_train, valid, test respectively: 1, 1, 1
2026-10-01 17:14:26,204 - INFO - --- model_path: ../logs/approach1_server/approach_1_mlp/suzuki/runs/suzuki_split_4_20261001_171426/split_4/model.pt
2026-10-01 17:14:26,305 - INFO - -- TRAINING
2026-10-01 17:14:32,024 - INFO - --- training epoch 0, loss 0.9329, mae 1.2237, rmse 3.4929, time elapsed(min) 0.10---
2026-10-01 17:14:32,483 - INFO - --- validation at epoch 0, val_loss 0.0402, val_mae 0.2332, val_rmse 0.2738, val_r2 -0.0121, val_pearson -0.1924, lr 1.00e-03 ---
2026-10-01 17:14:32,483 - INFO - 
****************************************************************************************************
2026-10-01 17:14:38,175 - INFO - --- training epoch 1, loss 0.0422, mae 0.2495, rmse 0.2905, time elapsed(min) 0.09---
2026-10-01 17:14:38,604 - INFO - --- validation at epoch 1, val_loss 0.0398, val_mae 0.2377, val_rmse 0.2722, val_r2 0.0002, val_pearson 0.1208, lr 1.00e-03 ---
2026-10-01 17:14:38,604 - INFO - 
****************************************************************************************************
2026-10-01 17:14:44,207 - INFO - --- training epoch 2, loss 0.0403, mae 0.2454, rmse 0.2841, time elapsed(min) 0.09---
2026-10-01 17:14:44,625 - INFO - --- validation at epoch 2, val_loss 0.0388, val_mae 0.2356, val_rmse 0.2700, val_r2 0.0162, val_pearson 0.1797, lr 1.00e-03 ---
2026-10-01 17:14:44,625 - INFO - 
****************************************************************************************************
2026-10-01 17:14:50,487 - INFO - --- training epoch 3, loss 0.0398, mae 0.2427, rmse 0.2823, time elapsed(min) 0.09---
2026-10-01 17:14:51,098 - INFO - --- validation at epoch 3, val_loss 0.0375, val_mae 0.2341, val_rmse 0.2678, val_r2 0.0319, val_pearson 0.1956, lr 1.00e-03 ---
2026-10-01 17:14:51,098 - INFO - 
****************************************************************************************************
2026-10-01 17:14:56,864 - INFO - --- training epoch 4, loss 0.0393, mae 0.2403, rmse 0.2802, time elapsed(min) 0.09---
2026-10-01 17:14:57,292 - INFO - --- validation at epoch 4, val_loss 0.0368, val_mae 0.2321, val_rmse 0.2664, val_r2 0.0418, val_pearson 0.2152, lr 1.00e-03 ---
2026-10-01 17:14:57,292 - INFO - 
****************************************************************************************************
2026-10-01 17:15:02,911 - INFO - --- training epoch 5, loss 0.0393, mae 0.2404, rmse 0.2804, time elapsed(min) 0.09---
2026-10-01 17:15:03,340 - INFO - --- validation at epoch 5, val_loss 0.0366, val_mae 0.2282, val_rmse 0.2652, val_r2 0.0506, val_pearson 0.2329, lr 1.00e-03 ---
2026-10-01 17:15:03,340 - INFO - 
****************************************************************************************************
2026-10-01 17:15:08,968 - INFO - --- training epoch 6, loss 0.0384, mae 0.2373, rmse 0.2771, time elapsed(min) 0.09---
2026-10-01 17:15:09,587 - INFO - --- validation at epoch 6, val_loss 0.0360, val_mae 0.2277, val_rmse 0.2659, val_r2 0.0460, val_pearson 0.2241, lr 1.00e-03 ---
2026-10-01 17:15:09,587 - INFO - 
****************************************************************************************************
2026-10-01 17:15:15,484 - INFO - --- training epoch 7, loss 0.0387, mae 0.2385, rmse 0.2783, time elapsed(min) 0.09---
2026-10-01 17:15:15,910 - INFO - --- validation at epoch 7, val_loss 0.0368, val_mae 0.2339, val_rmse 0.2677, val_r2 0.0325, val_pearson 0.1991, lr 1.00e-03 ---
2026-10-01 17:15:15,910 - INFO - 
****************************************************************************************************
2026-10-01 17:15:21,429 - INFO - --- training epoch 8, loss 0.0381, mae 0.2367, rmse 0.2759, time elapsed(min) 0.09---
2026-10-01 17:15:21,852 - INFO - --- validation at epoch 8, val_loss 0.0362, val_mae 0.2295, val_rmse 0.2639, val_r2 0.0599, val_pearson 0.2575, lr 1.00e-03 ---
2026-10-01 17:15:21,852 - INFO - 
****************************************************************************************************
2026-10-01 17:15:27,484 - INFO - --- training epoch 9, loss 0.0368, mae 0.2316, rmse 0.2714, time elapsed(min) 0.09---
2026-10-01 17:15:27,966 - INFO - --- validation at epoch 9, val_loss 0.0354, val_mae 0.2260, val_rmse 0.2614, val_r2 0.0777, val_pearson 0.2907, lr 1.00e-03 ---
2026-10-01 17:15:27,966 - INFO - 
****************************************************************************************************
2026-10-01 17:15:33,852 - INFO - --- training epoch 10, loss 0.0407, mae 0.2430, rmse 0.2853, time elapsed(min) 0.09---
2026-10-01 17:15:34,453 - INFO - --- validation at epoch 10, val_loss 0.0393, val_mae 0.2311, val_rmse 0.2730, val_r2 -0.0062, val_pearson 0.1194, lr 1.00e-03 ---
2026-10-01 17:15:34,453 - INFO - 
****************************************************************************************************
2026-10-01 17:15:40,147 - INFO - --- training epoch 11, loss 0.0385, mae 0.2380, rmse 0.2776, time elapsed(min) 0.09---
2026-10-01 17:15:40,577 - INFO - --- validation at epoch 11, val_loss 0.0382, val_mae 0.2384, val_rmse 0.2729, val_r2 -0.0055, val_pearson 0.1580, lr 1.00e-03 ---
2026-10-01 17:15:40,577 - INFO - 
****************************************************************************************************
2026-10-01 17:15:46,143 - INFO - --- training epoch 12, loss 0.0363, mae 0.2269, rmse 0.2693, time elapsed(min) 0.09---
2026-10-01 17:15:46,570 - INFO - --- validation at epoch 12, val_loss 0.0340, val_mae 0.2084, val_rmse 0.2581, val_r2 0.1006, val_pearson 0.4215, lr 1.00e-03 ---
2026-10-01 17:15:46,570 - INFO - 
****************************************************************************************************
2026-10-01 17:15:52,411 - INFO - --- training epoch 13, loss 0.0337, mae 0.2152, rmse 0.2597, time elapsed(min) 0.09---
2026-10-01 17:15:53,041 - INFO - --- validation at epoch 13, val_loss 0.0320, val_mae 0.1991, val_rmse 0.2471, val_r2 0.1757, val_pearson 0.4245, lr 1.00e-03 ---
2026-10-01 17:15:53,041 - INFO - 
****************************************************************************************************
2026-10-01 17:15:58,820 - INFO - --- training epoch 14, loss 0.0333, mae 0.2124, rmse 0.2581, time elapsed(min) 0.09---
2026-10-01 17:15:59,257 - INFO - --- validation at epoch 14, val_loss 0.0319, val_mae 0.1980, val_rmse 0.2462, val_r2 0.1815, val_pearson 0.4280, lr 1.00e-03 ---
2026-10-01 17:15:59,258 - INFO - 
****************************************************************************************************
2026-10-01 17:16:04,972 - INFO - --- training epoch 15, loss 0.0349, mae 0.2189, rmse 0.2642, time elapsed(min) 0.09---
2026-10-01 17:16:05,392 - INFO - --- validation at epoch 15, val_loss 0.0318, val_mae 0.1993, val_rmse 0.2460, val_r2 0.1832, val_pearson 0.4300, lr 1.00e-03 ---
2026-10-01 17:16:05,392 - INFO - 
****************************************************************************************************
2026-10-01 17:16:11,056 - INFO - --- training epoch 16, loss 0.0335, mae 0.2126, rmse 0.2587, time elapsed(min) 0.09---
2026-10-01 17:16:11,650 - INFO - --- validation at epoch 16, val_loss 0.0318, val_mae 0.2004, val_rmse 0.2471, val_r2 0.1761, val_pearson 0.4207, lr 1.00e-03 ---
2026-10-01 17:16:11,650 - INFO - 
****************************************************************************************************
2026-10-01 17:16:17,513 - INFO - --- training epoch 17, loss 0.0334, mae 0.2123, rmse 0.2585, time elapsed(min) 0.09---
2026-10-01 17:16:17,946 - INFO - --- validation at epoch 17, val_loss 0.0314, val_mae 0.1975, val_rmse 0.2448, val_r2 0.1908, val_pearson 0.4376, lr 1.00e-03 ---
2026-10-01 17:16:17,946 - INFO - 
****************************************************************************************************
2026-10-01 17:16:23,612 - INFO - --- training epoch 18, loss 0.0330, mae 0.2102, rmse 0.2568, time elapsed(min) 0.09---
2026-10-01 17:16:24,037 - INFO - --- validation at epoch 18, val_loss 0.0326, val_mae 0.2025, val_rmse 0.2494, val_r2 0.1601, val_pearson 0.4072, lr 1.00e-03 ---
2026-10-01 17:16:24,037 - INFO - 
****************************************************************************************************
2026-10-01 17:16:29,657 - INFO - --- training epoch 19, loss 0.0332, mae 0.2116, rmse 0.2576, time elapsed(min) 0.09---
2026-10-01 17:16:30,129 - INFO - --- validation at epoch 19, val_loss 0.0314, val_mae 0.1967, val_rmse 0.2442, val_r2 0.1951, val_pearson 0.4447, lr 1.00e-03 ---
2026-10-01 17:16:30,129 - INFO - 
****************************************************************************************************
2026-10-01 17:16:36,080 - INFO - --- training epoch 20, loss 0.0326, mae 0.2086, rmse 0.2552, time elapsed(min) 0.09---
2026-10-01 17:16:36,507 - INFO - --- validation at epoch 20, val_loss 0.0307, val_mae 0.1942, val_rmse 0.2425, val_r2 0.2061, val_pearson 0.4579, lr 1.00e-03 ---
2026-10-01 17:16:36,507 - INFO - 
****************************************************************************************************
2026-10-01 17:16:42,191 - INFO - --- training epoch 21, loss 0.0321, mae 0.2072, rmse 0.2536, time elapsed(min) 0.09---
2026-10-01 17:16:42,623 - INFO - --- validation at epoch 21, val_loss 0.0305, val_mae 0.1957, val_rmse 0.2412, val_r2 0.2150, val_pearson 0.4651, lr 1.00e-03 ---
2026-10-01 17:16:42,623 - INFO - 
****************************************************************************************************
2026-10-01 17:16:48,293 - INFO - --- training epoch 22, loss 0.0317, mae 0.2050, rmse 0.2519, time elapsed(min) 0.09---
2026-10-01 17:16:48,724 - INFO - --- validation at epoch 22, val_loss 0.0316, val_mae 0.1948, val_rmse 0.2444, val_r2 0.1937, val_pearson 0.4572, lr 1.00e-03 ---
2026-10-01 17:16:48,724 - INFO - 
****************************************************************************************************
2026-10-01 17:16:54,476 - INFO - --- training epoch 23, loss 0.0317, mae 0.2055, rmse 0.2519, time elapsed(min) 0.09---
2026-10-01 17:16:55,094 - INFO - --- validation at epoch 23, val_loss 0.0305, val_mae 0.1927, val_rmse 0.2413, val_r2 0.2142, val_pearson 0.4713, lr 1.00e-03 ---
2026-10-01 17:16:55,094 - INFO - 
****************************************************************************************************
2026-10-01 17:17:00,800 - INFO - --- training epoch 24, loss 0.0312, mae 0.2032, rmse 0.2499, time elapsed(min) 0.09---
2026-10-01 17:17:01,227 - INFO - --- validation at epoch 24, val_loss 0.0299, val_mae 0.1914, val_rmse 0.2382, val_r2 0.2339, val_pearson 0.4853, lr 1.00e-03 ---
2026-10-01 17:17:01,227 - INFO - 
****************************************************************************************************
2026-10-01 17:17:06,987 - INFO - --- training epoch 25, loss 0.0315, mae 0.2046, rmse 0.2509, time elapsed(min) 0.09---
2026-10-01 17:17:07,411 - INFO - --- validation at epoch 25, val_loss 0.0293, val_mae 0.1948, val_rmse 0.2389, val_r2 0.2294, val_pearson 0.4865, lr 1.00e-03 ---
2026-10-01 17:17:07,411 - INFO - 
****************************************************************************************************
2026-10-01 17:17:13,179 - INFO - --- training epoch 26, loss 0.0302, mae 0.2001, rmse 0.2459, time elapsed(min) 0.09---
2026-10-01 17:17:13,832 - INFO - --- validation at epoch 26, val_loss 0.0380, val_mae 0.2011, val_rmse 0.2644, val_r2 0.0566, val_pearson 0.5422, lr 1.00e-03 ---
2026-10-01 17:17:13,832 - INFO - 
****************************************************************************************************
2026-10-01 17:17:19,745 - INFO - --- training epoch 27, loss 0.0305, mae 0.1990, rmse 0.2471, time elapsed(min) 0.09---
2026-10-01 17:17:20,172 - INFO - --- validation at epoch 27, val_loss 0.0354, val_mae 0.2183, val_rmse 0.2609, val_r2 0.0813, val_pearson 0.2980, lr 1.00e-03 ---
2026-10-01 17:17:20,172 - INFO - 
****************************************************************************************************
2026-10-01 17:17:25,751 - INFO - --- training epoch 28, loss 0.0342, mae 0.2145, rmse 0.2615, time elapsed(min) 0.09---
2026-10-01 17:17:26,185 - INFO - --- validation at epoch 28, val_loss 0.0337, val_mae 0.2027, val_rmse 0.2518, val_r2 0.1440, val_pearson 0.4245, lr 1.00e-03 ---
2026-10-01 17:17:26,185 - INFO - 
****************************************************************************************************
2026-10-01 17:17:31,812 - INFO - --- training epoch 29, loss 0.0327, mae 0.2075, rmse 0.2557, time elapsed(min) 0.09---
2026-10-01 17:17:32,285 - INFO - --- validation at epoch 29, val_loss 0.0294, val_mae 0.1898, val_rmse 0.2376, val_r2 0.2380, val_pearson 0.4881, lr 1.00e-03 ---
2026-10-01 17:17:32,285 - INFO - 
****************************************************************************************************
2026-10-01 17:17:38,174 - INFO - --- training epoch 30, loss 0.0288, mae 0.1940, rmse 0.2398, time elapsed(min) 0.09---
2026-10-01 17:17:38,603 - INFO - --- validation at epoch 30, val_loss 0.0263, val_mae 0.1770, val_rmse 0.2221, val_r2 0.3343, val_pearson 0.5852, lr 1.00e-03 ---
2026-10-01 17:17:38,603 - INFO - 
****************************************************************************************************
2026-10-01 17:17:44,300 - INFO - --- training epoch 31, loss 0.0276, mae 0.1877, rmse 0.2348, time elapsed(min) 0.09---
2026-10-01 17:17:44,736 - INFO - --- validation at epoch 31, val_loss 0.0306, val_mae 0.1842, val_rmse 0.2376, val_r2 0.2378, val_pearson 0.5390, lr 1.00e-03 ---
2026-10-01 17:17:44,736 - INFO - 
****************************************************************************************************
2026-10-01 17:17:50,354 - INFO - --- training epoch 32, loss 0.0268, mae 0.1860, rmse 0.2314, time elapsed(min) 0.09---
2026-10-01 17:17:50,831 - INFO - --- validation at epoch 32, val_loss 0.0265, val_mae 0.1834, val_rmse 0.2277, val_r2 0.3002, val_pearson 0.5841, lr 1.00e-03 ---
2026-10-01 17:17:50,831 - INFO - 
****************************************************************************************************
2026-10-01 17:17:56,641 - INFO - --- training epoch 33, loss 0.0267, mae 0.1844, rmse 0.2311, time elapsed(min) 0.09---
2026-10-01 17:17:57,253 - INFO - --- validation at epoch 33, val_loss 0.0282, val_mae 0.1822, val_rmse 0.2326, val_r2 0.2695, val_pearson 0.5309, lr 1.00e-03 ---
2026-10-01 17:17:57,253 - INFO - 
****************************************************************************************************
2026-10-01 17:18:03,043 - INFO - --- training epoch 34, loss 0.0261, mae 0.1838, rmse 0.2285, time elapsed(min) 0.09---
2026-10-01 17:18:03,478 - INFO - --- validation at epoch 34, val_loss 0.0246, val_mae 0.1705, val_rmse 0.2142, val_r2 0.3805, val_pearson 0.6307, lr 1.00e-03 ---
2026-10-01 17:18:03,478 - INFO - 
****************************************************************************************************
2026-10-01 17:18:09,181 - INFO - --- training epoch 35, loss 0.0246, mae 0.1778, rmse 0.2219, time elapsed(min) 0.09---
2026-10-01 17:18:09,616 - INFO - --- validation at epoch 35, val_loss 0.0236, val_mae 0.1645, val_rmse 0.2121, val_r2 0.3928, val_pearson 0.6379, lr 1.00e-03 ---
2026-10-01 17:18:09,616 - INFO - 
****************************************************************************************************
2026-10-01 17:18:15,392 - INFO - --- training epoch 36, loss 0.0233, mae 0.1716, rmse 0.2161, time elapsed(min) 0.09---
2026-10-01 17:18:16,018 - INFO - --- validation at epoch 36, val_loss 0.0249, val_mae 0.1648, val_rmse 0.2161, val_r2 0.3694, val_pearson 0.6493, lr 1.00e-03 ---
2026-10-01 17:18:16,019 - INFO - 
****************************************************************************************************
2026-10-01 17:18:21,770 - INFO - --- training epoch 37, loss 0.0223, mae 0.1670, rmse 0.2112, time elapsed(min) 0.09---
2026-10-01 17:18:22,196 - INFO - --- validation at epoch 37, val_loss 0.0232, val_mae 0.1588, val_rmse 0.2106, val_r2 0.4015, val_pearson 0.6938, lr 1.00e-03 ---
2026-10-01 17:18:22,196 - INFO - 
****************************************************************************************************
2026-10-01 17:18:27,905 - INFO - --- training epoch 38, loss 0.0205, mae 0.1586, rmse 0.2023, time elapsed(min) 0.09---
2026-10-01 17:18:28,335 - INFO - --- validation at epoch 38, val_loss 0.0204, val_mae 0.1549, val_rmse 0.2014, val_r2 0.4523, val_pearson 0.6782, lr 1.00e-03 ---
2026-10-01 17:18:28,335 - INFO - 
****************************************************************************************************
2026-10-01 17:18:34,048 - INFO - --- training epoch 39, loss 0.0228, mae 0.1677, rmse 0.2134, time elapsed(min) 0.09---
2026-10-01 17:18:34,666 - INFO - --- validation at epoch 39, val_loss 0.0199, val_mae 0.1551, val_rmse 0.2063, val_r2 0.4254, val_pearson 0.6714, lr 1.00e-03 ---
2026-10-01 17:18:34,666 - INFO - 
****************************************************************************************************
2026-10-01 17:18:40,664 - INFO - --- training epoch 40, loss 0.0200, mae 0.1562, rmse 0.1998, time elapsed(min) 0.09---
2026-10-01 17:18:41,088 - INFO - --- validation at epoch 40, val_loss 0.0200, val_mae 0.1489, val_rmse 0.2011, val_r2 0.4542, val_pearson 0.6855, lr 1.00e-03 ---
2026-10-01 17:18:41,088 - INFO - 
****************************************************************************************************
2026-10-01 17:18:46,697 - INFO - --- training epoch 41, loss 0.0199, mae 0.1555, rmse 0.1994, time elapsed(min) 0.09---
2026-10-01 17:18:47,125 - INFO - --- validation at epoch 41, val_loss 0.0203, val_mae 0.1481, val_rmse 0.2000, val_r2 0.4598, val_pearson 0.6992, lr 1.00e-03 ---
2026-10-01 17:18:47,125 - INFO - 
****************************************************************************************************
2026-10-01 17:18:52,799 - INFO - --- training epoch 42, loss 0.0193, mae 0.1531, rmse 0.1965, time elapsed(min) 0.09---
2026-10-01 17:18:53,420 - INFO - --- validation at epoch 42, val_loss 0.0195, val_mae 0.1524, val_rmse 0.1977, val_r2 0.4726, val_pearson 0.6933, lr 1.00e-03 ---
2026-10-01 17:18:53,420 - INFO - 
****************************************************************************************************
2026-10-01 17:18:59,420 - INFO - --- training epoch 43, loss 0.0194, mae 0.1534, rmse 0.1970, time elapsed(min) 0.09---
2026-10-01 17:18:59,844 - INFO - --- validation at epoch 43, val_loss 0.0207, val_mae 0.1464, val_rmse 0.1989, val_r2 0.4661, val_pearson 0.7118, lr 1.00e-03 ---
2026-10-01 17:18:59,844 - INFO - 
****************************************************************************************************
2026-10-01 17:19:05,476 - INFO - --- training epoch 44, loss 0.0203, mae 0.1570, rmse 0.2014, time elapsed(min) 0.09---
2026-10-01 17:19:05,908 - INFO - --- validation at epoch 44, val_loss 0.0187, val_mae 0.1472, val_rmse 0.1935, val_r2 0.4948, val_pearson 0.7063, lr 1.00e-03 ---
2026-10-01 17:19:05,908 - INFO - 
****************************************************************************************************
2026-10-01 17:19:11,612 - INFO - --- training epoch 45, loss 0.0192, mae 0.1519, rmse 0.1961, time elapsed(min) 0.09---
2026-10-01 17:19:12,211 - INFO - --- validation at epoch 45, val_loss 0.0216, val_mae 0.1470, val_rmse 0.2041, val_r2 0.4375, val_pearson 0.7059, lr 1.00e-03 ---
2026-10-01 17:19:12,211 - INFO - 
****************************************************************************************************
2026-10-01 17:19:18,138 - INFO - --- training epoch 46, loss 0.0202, mae 0.1560, rmse 0.2010, time elapsed(min) 0.09---
2026-10-01 17:19:18,565 - INFO - --- validation at epoch 46, val_loss 0.0230, val_mae 0.1562, val_rmse 0.2104, val_r2 0.4024, val_pearson 0.6908, lr 1.00e-03 ---
2026-10-01 17:19:18,565 - INFO - 
****************************************************************************************************
2026-10-01 17:19:24,122 - INFO - --- training epoch 47, loss 0.0197, mae 0.1547, rmse 0.1987, time elapsed(min) 0.09---
2026-10-01 17:19:24,547 - INFO - --- validation at epoch 47, val_loss 0.0198, val_mae 0.1446, val_rmse 0.1979, val_r2 0.4714, val_pearson 0.7246, lr 1.00e-03 ---
2026-10-01 17:19:24,547 - INFO - 
****************************************************************************************************
2026-10-01 17:19:30,145 - INFO - --- training epoch 48, loss 0.0209, mae 0.1576, rmse 0.2042, time elapsed(min) 0.09---
2026-10-01 17:19:30,577 - INFO - --- validation at epoch 48, val_loss 0.0302, val_mae 0.1783, val_rmse 0.2397, val_r2 0.2248, val_pearson 0.5826, lr 1.00e-03 ---
2026-10-01 17:19:30,577 - INFO - 
****************************************************************************************************
2026-10-01 17:19:36,246 - INFO - --- training epoch 49, loss 0.0214, mae 0.1622, rmse 0.2068, time elapsed(min) 0.09---
2026-10-01 17:19:36,864 - INFO - --- validation at epoch 49, val_loss 0.0249, val_mae 0.1586, val_rmse 0.2194, val_r2 0.3503, val_pearson 0.6708, lr 1.00e-03 ---
2026-10-01 17:19:36,864 - INFO - 
****************************************************************************************************
2026-10-01 17:19:42,599 - INFO - --- training epoch 50, loss 0.0209, mae 0.1586, rmse 0.2045, time elapsed(min) 0.09---
2026-10-01 17:19:43,038 - INFO - --- validation at epoch 50, val_loss 0.0195, val_mae 0.1514, val_rmse 0.1964, val_r2 0.4793, val_pearson 0.6932, lr 1.00e-03 ---
2026-10-01 17:19:43,038 - INFO - 
****************************************************************************************************
2026-10-01 17:19:48,674 - INFO - --- training epoch 51, loss 0.0213, mae 0.1609, rmse 0.2063, time elapsed(min) 0.09---
2026-10-01 17:19:49,127 - INFO - --- validation at epoch 51, val_loss 0.0197, val_mae 0.1531, val_rmse 0.2010, val_r2 0.4546, val_pearson 0.6784, lr 1.00e-03 ---
2026-10-01 17:19:49,127 - INFO - 
****************************************************************************************************
2026-10-01 17:19:54,776 - INFO - --- training epoch 52, loss 0.0196, mae 0.1555, rmse 0.1981, time elapsed(min) 0.09---
2026-10-01 17:19:55,401 - INFO - --- validation at epoch 52, val_loss 0.0230, val_mae 0.1538, val_rmse 0.2093, val_r2 0.4086, val_pearson 0.6798, lr 1.00e-03 ---
2026-10-01 17:19:55,401 - INFO - 
****************************************************************************************************
2026-10-01 17:20:01,165 - INFO - --- training epoch 53, loss 0.0188, mae 0.1489, rmse 0.1939, time elapsed(min) 0.09---
2026-10-01 17:20:01,599 - INFO - --- validation at epoch 53, val_loss 0.0181, val_mae 0.1398, val_rmse 0.1893, val_r2 0.5165, val_pearson 0.7256, lr 1.00e-03 ---
2026-10-01 17:20:01,599 - INFO - 
****************************************************************************************************
2026-10-01 17:20:07,349 - INFO - --- training epoch 54, loss 0.0189, mae 0.1499, rmse 0.1943, time elapsed(min) 0.09---
2026-10-01 17:20:07,777 - INFO - --- validation at epoch 54, val_loss 0.0179, val_mae 0.1418, val_rmse 0.1877, val_r2 0.5246, val_pearson 0.7248, lr 1.00e-03 ---
2026-10-01 17:20:07,777 - INFO - 
****************************************************************************************************
2026-10-01 17:20:13,531 - INFO - --- training epoch 55, loss 0.0180, mae 0.1456, rmse 0.1899, time elapsed(min) 0.09---
2026-10-01 17:20:14,134 - INFO - --- validation at epoch 55, val_loss 0.0190, val_mae 0.1416, val_rmse 0.1917, val_r2 0.5042, val_pearson 0.7256, lr 1.00e-03 ---
2026-10-01 17:20:14,134 - INFO - 
****************************************************************************************************
2026-10-01 17:20:20,053 - INFO - --- training epoch 56, loss 0.0187, mae 0.1490, rmse 0.1931, time elapsed(min) 0.09---
2026-10-01 17:20:20,498 - INFO - --- validation at epoch 56, val_loss 0.0201, val_mae 0.1413, val_rmse 0.1971, val_r2 0.4757, val_pearson 0.7202, lr 1.00e-03 ---
2026-10-01 17:20:20,498 - INFO - 
****************************************************************************************************
2026-10-01 17:20:26,103 - INFO - --- training epoch 57, loss 0.0187, mae 0.1483, rmse 0.1934, time elapsed(min) 0.09---
2026-10-01 17:20:26,532 - INFO - --- validation at epoch 57, val_loss 0.0195, val_mae 0.1428, val_rmse 0.1954, val_r2 0.4848, val_pearson 0.7303, lr 1.00e-03 ---
2026-10-01 17:20:26,532 - INFO - 
****************************************************************************************************
2026-10-01 17:20:32,156 - INFO - --- training epoch 58, loss 0.0189, mae 0.1506, rmse 0.1944, time elapsed(min) 0.09---
2026-10-01 17:20:32,637 - INFO - --- validation at epoch 58, val_loss 0.0187, val_mae 0.1399, val_rmse 0.1928, val_r2 0.4980, val_pearson 0.7221, lr 1.00e-03 ---
2026-10-01 17:20:32,637 - INFO - 
****************************************************************************************************
2026-10-01 17:20:38,546 - INFO - --- training epoch 59, loss 0.0185, mae 0.1480, rmse 0.1926, time elapsed(min) 0.09---
2026-10-01 17:20:38,970 - INFO - --- validation at epoch 59, val_loss 0.0184, val_mae 0.1380, val_rmse 0.1898, val_r2 0.5138, val_pearson 0.7365, lr 1.00e-03 ---
2026-10-01 17:20:38,970 - INFO - 
****************************************************************************************************
2026-10-01 17:20:44,568 - INFO - --- training epoch 60, loss 0.0179, mae 0.1449, rmse 0.1894, time elapsed(min) 0.09---
2026-10-01 17:20:44,997 - INFO - --- validation at epoch 60, val_loss 0.0178, val_mae 0.1367, val_rmse 0.1871, val_r2 0.5275, val_pearson 0.7314, lr 1.00e-03 ---
2026-10-01 17:20:44,997 - INFO - 
****************************************************************************************************
2026-10-01 17:20:50,692 - INFO - --- training epoch 61, loss 0.0180, mae 0.1456, rmse 0.1900, time elapsed(min) 0.09---
2026-10-01 17:20:51,115 - INFO - --- validation at epoch 61, val_loss 0.0179, val_mae 0.1368, val_rmse 0.1881, val_r2 0.5227, val_pearson 0.7389, lr 1.00e-03 ---
2026-10-01 17:20:51,115 - INFO - 
****************************************************************************************************
2026-10-01 17:20:56,785 - INFO - --- training epoch 62, loss 0.0193, mae 0.1521, rmse 0.1964, time elapsed(min) 0.09---
2026-10-01 17:20:57,433 - INFO - --- validation at epoch 62, val_loss 0.0193, val_mae 0.1420, val_rmse 0.1937, val_r2 0.4938, val_pearson 0.7257, lr 1.00e-03 ---
2026-10-01 17:20:57,433 - INFO - 
****************************************************************************************************
2026-10-01 17:21:03,171 - INFO - --- training epoch 63, loss 0.0187, mae 0.1479, rmse 0.1933, time elapsed(min) 0.09---
2026-10-01 17:21:03,602 - INFO - --- validation at epoch 63, val_loss 0.0180, val_mae 0.1404, val_rmse 0.1890, val_r2 0.5178, val_pearson 0.7282, lr 1.00e-03 ---
2026-10-01 17:21:03,602 - INFO - 
****************************************************************************************************
2026-10-01 17:21:09,181 - INFO - --- training epoch 64, loss 0.0183, mae 0.1464, rmse 0.1912, time elapsed(min) 0.09---
2026-10-01 17:21:09,612 - INFO - --- validation at epoch 64, val_loss 0.0178, val_mae 0.1398, val_rmse 0.1898, val_r2 0.5137, val_pearson 0.7201, lr 1.00e-03 ---
2026-10-01 17:21:09,612 - INFO - 
****************************************************************************************************
2026-10-01 17:21:15,282 - INFO - --- training epoch 65, loss 0.0178, mae 0.1450, rmse 0.1887, time elapsed(min) 0.09---
2026-10-01 17:21:15,902 - INFO - --- validation at epoch 65, val_loss 0.0195, val_mae 0.1424, val_rmse 0.1965, val_r2 0.4789, val_pearson 0.7368, lr 1.00e-03 ---
2026-10-01 17:21:15,902 - INFO - 
****************************************************************************************************
2026-10-01 17:21:21,827 - INFO - --- training epoch 66, loss 0.0222, mae 0.1641, rmse 0.2105, time elapsed(min) 0.09---
2026-10-01 17:21:22,258 - INFO - --- validation at epoch 66, val_loss 0.0224, val_mae 0.1570, val_rmse 0.2125, val_r2 0.3904, val_pearson 0.7073, lr 1.00e-03 ---
2026-10-01 17:21:22,258 - INFO - 
****************************************************************************************************
2026-10-01 17:21:27,871 - INFO - --- training epoch 67, loss 0.0193, mae 0.1507, rmse 0.1965, time elapsed(min) 0.09---
2026-10-01 17:21:28,298 - INFO - --- validation at epoch 67, val_loss 0.0175, val_mae 0.1415, val_rmse 0.1905, val_r2 0.5099, val_pearson 0.7173, lr 1.00e-03 ---
2026-10-01 17:21:28,299 - INFO - 
****************************************************************************************************
2026-10-01 17:21:33,963 - INFO - --- training epoch 68, loss 0.0178, mae 0.1452, rmse 0.1884, time elapsed(min) 0.09---
2026-10-01 17:21:34,444 - INFO - --- validation at epoch 68, val_loss 0.0179, val_mae 0.1368, val_rmse 0.1881, val_r2 0.5226, val_pearson 0.7422, lr 1.00e-03 ---
2026-10-01 17:21:34,444 - INFO - 
****************************************************************************************************
2026-10-01 17:21:40,203 - INFO - --- training epoch 69, loss 0.0175, mae 0.1431, rmse 0.1871, time elapsed(min) 0.09---
2026-10-01 17:21:40,969 - INFO - --- validation at epoch 69, val_loss 0.0186, val_mae 0.1410, val_rmse 0.1917, val_r2 0.5040, val_pearson 0.7462, lr 1.00e-03 ---
2026-10-01 17:21:40,969 - INFO - 
****************************************************************************************************
2026-10-01 17:21:46,560 - INFO - --- training epoch 70, loss 0.0177, mae 0.1444, rmse 0.1883, time elapsed(min) 0.09---
2026-10-01 17:21:46,981 - INFO - --- validation at epoch 70, val_loss 0.0183, val_mae 0.1404, val_rmse 0.1909, val_r2 0.5079, val_pearson 0.7419, lr 1.00e-03 ---
2026-10-01 17:21:46,981 - INFO - 
****************************************************************************************************
2026-10-01 17:21:52,601 - INFO - --- training epoch 71, loss 0.0176, mae 0.1435, rmse 0.1875, time elapsed(min) 0.09---
2026-10-01 17:21:53,034 - INFO - --- validation at epoch 71, val_loss 0.0183, val_mae 0.1385, val_rmse 0.1914, val_r2 0.5057, val_pearson 0.7467, lr 1.00e-03 ---
2026-10-01 17:21:53,034 - INFO - 
****************************************************************************************************
2026-10-01 17:21:58,883 - INFO - --- training epoch 72, loss 0.0180, mae 0.1456, rmse 0.1896, time elapsed(min) 0.09---
2026-10-01 17:21:59,521 - INFO - --- validation at epoch 72, val_loss 0.0168, val_mae 0.1411, val_rmse 0.1862, val_r2 0.5320, val_pearson 0.7314, lr 1.00e-03 ---
2026-10-01 17:21:59,521 - INFO - 
****************************************************************************************************
2026-10-01 17:22:05,363 - INFO - --- training epoch 73, loss 0.0179, mae 0.1462, rmse 0.1892, time elapsed(min) 0.09---
2026-10-01 17:22:05,788 - INFO - --- validation at epoch 73, val_loss 0.0181, val_mae 0.1398, val_rmse 0.1919, val_r2 0.5029, val_pearson 0.7314, lr 1.00e-03 ---
2026-10-01 17:22:05,788 - INFO - 
****************************************************************************************************
2026-10-01 17:22:11,471 - INFO - --- training epoch 74, loss 0.0166, mae 0.1392, rmse 0.1822, time elapsed(min) 0.09---
2026-10-01 17:22:11,899 - INFO - --- validation at epoch 74, val_loss 0.0198, val_mae 0.1452, val_rmse 0.1984, val_r2 0.4687, val_pearson 0.7360, lr 1.00e-03 ---
2026-10-01 17:22:11,899 - INFO - 
****************************************************************************************************
2026-10-01 17:22:17,572 - INFO - --- training epoch 75, loss 0.0175, mae 0.1429, rmse 0.1869, time elapsed(min) 0.09---
2026-10-01 17:22:18,201 - INFO - --- validation at epoch 75, val_loss 0.0162, val_mae 0.1346, val_rmse 0.1802, val_r2 0.5615, val_pearson 0.7530, lr 1.00e-03 ---
2026-10-01 17:22:18,202 - INFO - 
****************************************************************************************************
2026-10-01 17:22:23,985 - INFO - --- training epoch 76, loss 0.0168, mae 0.1406, rmse 0.1835, time elapsed(min) 0.09---
2026-10-01 17:22:24,404 - INFO - --- validation at epoch 76, val_loss 0.0154, val_mae 0.1342, val_rmse 0.1786, val_r2 0.5696, val_pearson 0.7549, lr 1.00e-03 ---
2026-10-01 17:22:24,404 - INFO - 
****************************************************************************************************
2026-10-01 17:22:30,117 - INFO - --- training epoch 77, loss 0.0163, mae 0.1382, rmse 0.1805, time elapsed(min) 0.09---
2026-10-01 17:22:30,546 - INFO - --- validation at epoch 77, val_loss 0.0191, val_mae 0.1421, val_rmse 0.1936, val_r2 0.4939, val_pearson 0.7413, lr 1.00e-03 ---
2026-10-01 17:22:30,546 - INFO - 
****************************************************************************************************
2026-10-01 17:22:36,159 - INFO - --- training epoch 78, loss 0.0171, mae 0.1419, rmse 0.1852, time elapsed(min) 0.09---
2026-10-01 17:22:36,641 - INFO - --- validation at epoch 78, val_loss 0.0175, val_mae 0.1394, val_rmse 0.1879, val_r2 0.5236, val_pearson 0.7505, lr 1.00e-03 ---
2026-10-01 17:22:36,641 - INFO - 
****************************************************************************************************
2026-10-01 17:22:42,589 - INFO - --- training epoch 79, loss 0.0174, mae 0.1431, rmse 0.1865, time elapsed(min) 0.09---
2026-10-01 17:22:43,017 - INFO - --- validation at epoch 79, val_loss 0.0181, val_mae 0.1403, val_rmse 0.1912, val_r2 0.5063, val_pearson 0.7343, lr 1.00e-03 ---
2026-10-01 17:22:43,017 - INFO - 
****************************************************************************************************
2026-10-01 17:22:48,660 - INFO - --- training epoch 80, loss 0.0161, mae 0.1373, rmse 0.1794, time elapsed(min) 0.09---
2026-10-01 17:22:49,091 - INFO - --- validation at epoch 80, val_loss 0.0179, val_mae 0.1379, val_rmse 0.1878, val_r2 0.5239, val_pearson 0.7565, lr 1.00e-03 ---
2026-10-01 17:22:49,091 - INFO - 
****************************************************************************************************
2026-10-01 17:22:54,751 - INFO - --- training epoch 81, loss 0.0169, mae 0.1413, rmse 0.1840, time elapsed(min) 0.09---
2026-10-01 17:22:55,173 - INFO - --- validation at epoch 81, val_loss 0.0182, val_mae 0.1413, val_rmse 0.1898, val_r2 0.5138, val_pearson 0.7529, lr 1.00e-03 ---
2026-10-01 17:22:55,173 - INFO - 
****************************************************************************************************
2026-10-01 17:23:01,001 - INFO - --- training epoch 82, loss 0.0167, mae 0.1400, rmse 0.1828, time elapsed(min) 0.09---
2026-10-01 17:23:01,629 - INFO - --- validation at epoch 82, val_loss 0.0181, val_mae 0.1390, val_rmse 0.1889, val_r2 0.5182, val_pearson 0.7462, lr 1.00e-03 ---
2026-10-01 17:23:01,629 - INFO - 
****************************************************************************************************
2026-10-01 17:23:07,358 - INFO - --- training epoch 83, loss 0.0160, mae 0.1365, rmse 0.1791, time elapsed(min) 0.09---
2026-10-01 17:23:07,788 - INFO - --- validation at epoch 83, val_loss 0.0168, val_mae 0.1345, val_rmse 0.1817, val_r2 0.5542, val_pearson 0.7600, lr 1.00e-03 ---
2026-10-01 17:23:07,789 - INFO - 
****************************************************************************************************
2026-10-01 17:23:13,402 - INFO - --- training epoch 84, loss 0.0160, mae 0.1367, rmse 0.1791, time elapsed(min) 0.09---
2026-10-01 17:23:13,831 - INFO - --- validation at epoch 84, val_loss 0.0178, val_mae 0.1378, val_rmse 0.1863, val_r2 0.5315, val_pearson 0.7556, lr 1.00e-03 ---
2026-10-01 17:23:13,831 - INFO - 
****************************************************************************************************
2026-10-01 17:23:19,447 - INFO - --- training epoch 85, loss 0.0159, mae 0.1375, rmse 0.1785, time elapsed(min) 0.09---
2026-10-01 17:23:20,078 - INFO - --- validation at epoch 85, val_loss 0.0184, val_mae 0.1407, val_rmse 0.1907, val_r2 0.5091, val_pearson 0.7566, lr 1.00e-03 ---
2026-10-01 17:23:20,078 - INFO - 
****************************************************************************************************
2026-10-01 17:23:25,968 - INFO - --- training epoch 86, loss 0.0162, mae 0.1375, rmse 0.1802, time elapsed(min) 0.09---
2026-10-01 17:23:26,392 - INFO - --- validation at epoch 86, val_loss 0.0163, val_mae 0.1341, val_rmse 0.1808, val_r2 0.5588, val_pearson 0.7643, lr 1.00e-03 ---
2026-10-01 17:23:26,392 - INFO - 
****************************************************************************************************
2026-10-01 17:23:26,776 - INFO - --- early stopping at epoch 86: val_loss did not improve for 10 epochs ---
2026-10-01 17:23:27,324 - INFO - --- selected checkpoint from epoch 76, val_loss 0.0154, val_mae 0.1342, val_rmse 0.1786
2026-10-01 17:23:28,845 - INFO - -- RESULT
2026-10-01 17:23:28,845 - INFO - --- test size: 1728
2026-10-01 17:23:28,845 - INFO - --- MAE: 0.1313 (13.13 pp), RMSE: 0.1735 (17.35 pp), R2: 0.6140, Pearson: 0.7840
