2026-10-01 12:15:05,040 - INFO - device is	cuda:0
2026-10-01 12:15:05,167 - INFO - -- CONFIGURATIONS
2026-10-01 12:15:05,167 - INFO - --- train/valid/test: 2491/277/1187
2026-10-01 12:15:05,167 - INFO - --- max no. reactants_train, valid, test respectively: 6, 6, 6
2026-10-01 12:15:05,167 - INFO - --- max no. products_train, valid, test respectively: 1, 1, 1
2026-10-01 12:15:05,167 - INFO - --- model_path: ../logs/bh_approach1_grid/runs/bh/fullcv08_split70/current_model/model.pt
2026-10-01 12:15:05,175 - INFO - -- TRAINING
2026-10-01 12:15:05,842 - INFO - --- training epoch 0, loss 25.1541, mae 25.6503, rmse 31.6458, time elapsed(min) 0.01---
2026-10-01 12:15:06,008 - INFO - --- validation at epoch 0, val_loss 23.2360, val_mae 24.9504, val_rmse 30.3707, val_r2 -0.1273, val_pearson -0.3360, lr 1.00e-03 ---
2026-10-01 12:15:06,008 - INFO - 
****************************************************************************************************
2026-10-01 12:15:07,308 - INFO - --- training epoch 1, loss 22.8943, mae 23.3918, rmse 28.0830, time elapsed(min) 0.01---
2026-10-01 12:15:07,468 - INFO - --- validation at epoch 1, val_loss 23.6942, val_mae 25.3226, val_rmse 31.3008, val_r2 -0.1974, val_pearson -0.0975, lr 1.00e-03 ---
2026-10-01 12:15:07,468 - INFO - 
****************************************************************************************************
2026-10-01 12:15:08,640 - INFO - --- training epoch 2, loss 22.9364, mae 23.4340, rmse 28.1560, time elapsed(min) 0.01---
2026-10-01 12:15:08,794 - INFO - --- validation at epoch 2, val_loss 23.8007, val_mae 25.4206, val_rmse 31.5102, val_r2 -0.2135, val_pearson 0.1370, lr 1.00e-03 ---
2026-10-01 12:15:08,794 - INFO - 
****************************************************************************************************
2026-10-01 12:15:09,987 - INFO - --- training epoch 3, loss 22.3885, mae 22.8846, rmse 27.9100, time elapsed(min) 0.01---
2026-10-01 12:15:10,151 - INFO - --- validation at epoch 3, val_loss 21.1455, val_mae 23.2376, val_rmse 27.2858, val_r2 0.0901, val_pearson 0.3284, lr 1.00e-03 ---
2026-10-01 12:15:10,151 - INFO - 
****************************************************************************************************
2026-10-01 12:15:11,436 - INFO - --- training epoch 4, loss 22.0167, mae 22.5145, rmse 26.9365, time elapsed(min) 0.01---
2026-10-01 12:15:11,601 - INFO - --- validation at epoch 4, val_loss 21.1994, val_mae 23.2462, val_rmse 27.8282, val_r2 0.0536, val_pearson 0.3469, lr 1.00e-03 ---
2026-10-01 12:15:11,601 - INFO - 
****************************************************************************************************
2026-10-01 12:15:12,839 - INFO - --- training epoch 5, loss 21.8656, mae 22.3632, rmse 26.8697, time elapsed(min) 0.01---
2026-10-01 12:15:13,008 - INFO - --- validation at epoch 5, val_loss 21.0230, val_mae 23.0467, val_rmse 27.2554, val_r2 0.0921, val_pearson 0.3651, lr 1.00e-03 ---
2026-10-01 12:15:13,008 - INFO - 
****************************************************************************************************
2026-10-01 12:15:14,241 - INFO - --- training epoch 6, loss 22.3191, mae 22.8151, rmse 27.6370, time elapsed(min) 0.01---
2026-10-01 12:15:14,395 - INFO - --- validation at epoch 6, val_loss 22.1130, val_mae 24.0205, val_rmse 30.1492, val_r2 -0.1109, val_pearson 0.3264, lr 1.00e-03 ---
2026-10-01 12:15:14,395 - INFO - 
****************************************************************************************************
2026-10-01 12:15:15,430 - INFO - --- training epoch 7, loss 21.7903, mae 22.2865, rmse 27.0747, time elapsed(min) 0.01---
2026-10-01 12:15:15,588 - INFO - --- validation at epoch 7, val_loss 20.8833, val_mae 22.9779, val_rmse 27.0604, val_r2 0.1051, val_pearson 0.3448, lr 1.00e-03 ---
2026-10-01 12:15:15,588 - INFO - 
****************************************************************************************************
2026-10-01 12:15:16,689 - INFO - --- training epoch 8, loss 21.8192, mae 22.3146, rmse 26.7001, time elapsed(min) 0.01---
2026-10-01 12:15:16,853 - INFO - --- validation at epoch 8, val_loss 21.1475, val_mae 23.1762, val_rmse 28.2283, val_r2 0.0262, val_pearson 0.3538, lr 1.00e-03 ---
2026-10-01 12:15:16,853 - INFO - 
****************************************************************************************************
2026-10-01 12:15:18,089 - INFO - --- training epoch 9, loss 21.5324, mae 22.0280, rmse 26.6304, time elapsed(min) 0.01---
2026-10-01 12:15:18,272 - INFO - --- validation at epoch 9, val_loss 20.4631, val_mae 22.5592, val_rmse 27.2721, val_r2 0.0910, val_pearson 0.3358, lr 1.00e-03 ---
2026-10-01 12:15:18,273 - INFO - 
****************************************************************************************************
2026-10-01 12:15:19,591 - INFO - --- training epoch 10, loss 21.6531, mae 22.1496, rmse 26.7634, time elapsed(min) 0.01---
2026-10-01 12:15:19,750 - INFO - --- validation at epoch 10, val_loss 20.7669, val_mae 22.7796, val_rmse 27.8459, val_r2 0.0524, val_pearson 0.3512, lr 1.00e-03 ---
2026-10-01 12:15:19,751 - INFO - 
****************************************************************************************************
2026-10-01 12:15:20,999 - INFO - --- training epoch 11, loss 21.5961, mae 22.0925, rmse 26.5360, time elapsed(min) 0.01---
2026-10-01 12:15:21,372 - INFO - --- validation at epoch 11, val_loss 20.7202, val_mae 22.6833, val_rmse 27.4048, val_r2 0.0821, val_pearson 0.3787, lr 1.00e-03 ---
2026-10-01 12:15:21,372 - INFO - 
****************************************************************************************************
2026-10-01 12:15:22,573 - INFO - --- training epoch 12, loss 21.6716, mae 22.1681, rmse 26.7754, time elapsed(min) 0.01---
2026-10-01 12:15:22,738 - INFO - --- validation at epoch 12, val_loss 20.9168, val_mae 22.8255, val_rmse 27.7162, val_r2 0.0612, val_pearson 0.3803, lr 1.00e-03 ---
2026-10-01 12:15:22,738 - INFO - 
****************************************************************************************************
2026-10-01 12:15:23,789 - INFO - --- training epoch 13, loss 21.5559, mae 22.0526, rmse 26.2684, time elapsed(min) 0.01---
2026-10-01 12:15:23,953 - INFO - --- validation at epoch 13, val_loss 20.7605, val_mae 22.7176, val_rmse 27.2218, val_r2 0.0944, val_pearson 0.3965, lr 1.00e-03 ---
2026-10-01 12:15:23,953 - INFO - 
****************************************************************************************************
2026-10-01 12:15:25,171 - INFO - --- training epoch 14, loss 21.2314, mae 21.7266, rmse 26.1381, time elapsed(min) 0.01---
2026-10-01 12:15:25,348 - INFO - --- validation at epoch 14, val_loss 20.1410, val_mae 22.1416, val_rmse 26.8051, val_r2 0.1219, val_pearson 0.3898, lr 1.00e-03 ---
2026-10-01 12:15:25,348 - INFO - 
****************************************************************************************************
2026-10-01 12:15:26,664 - INFO - --- training epoch 15, loss 21.1210, mae 21.6172, rmse 26.1068, time elapsed(min) 0.01---
2026-10-01 12:15:26,829 - INFO - --- validation at epoch 15, val_loss 20.0068, val_mae 21.8993, val_rmse 26.3110, val_r2 0.1539, val_pearson 0.3992, lr 1.00e-03 ---
2026-10-01 12:15:26,829 - INFO - 
****************************************************************************************************
2026-10-01 12:15:28,145 - INFO - --- training epoch 16, loss 21.2620, mae 21.7574, rmse 26.1599, time elapsed(min) 0.01---
2026-10-01 12:15:28,309 - INFO - --- validation at epoch 16, val_loss 20.3954, val_mae 22.1888, val_rmse 26.5123, val_r2 0.1409, val_pearson 0.4428, lr 1.00e-03 ---
2026-10-01 12:15:28,309 - INFO - 
****************************************************************************************************
2026-10-01 12:15:29,514 - INFO - --- training epoch 17, loss 21.0738, mae 21.5692, rmse 25.8938, time elapsed(min) 0.01---
2026-10-01 12:15:29,687 - INFO - --- validation at epoch 17, val_loss 20.1847, val_mae 21.9335, val_rmse 27.0865, val_r2 0.1033, val_pearson 0.4002, lr 1.00e-03 ---
2026-10-01 12:15:29,688 - INFO - 
****************************************************************************************************
2026-10-01 12:15:30,769 - INFO - --- training epoch 18, loss 20.8312, mae 21.3262, rmse 26.0938, time elapsed(min) 0.01---
2026-10-01 12:15:30,933 - INFO - --- validation at epoch 18, val_loss 19.9325, val_mae 21.6563, val_rmse 26.5860, val_r2 0.1362, val_pearson 0.4106, lr 1.00e-03 ---
2026-10-01 12:15:30,933 - INFO - 
****************************************************************************************************
2026-10-01 12:15:32,242 - INFO - --- training epoch 19, loss 20.6201, mae 21.1155, rmse 25.5370, time elapsed(min) 0.01---
2026-10-01 12:15:32,408 - INFO - --- validation at epoch 19, val_loss 19.6321, val_mae 21.1205, val_rmse 25.5228, val_r2 0.2039, val_pearson 0.4526, lr 1.00e-03 ---
2026-10-01 12:15:32,408 - INFO - 
****************************************************************************************************
2026-10-01 12:15:33,705 - INFO - --- training epoch 20, loss 22.1366, mae 22.6323, rmse 27.2955, time elapsed(min) 0.01---
2026-10-01 12:15:33,874 - INFO - --- validation at epoch 20, val_loss 21.3760, val_mae 23.1851, val_rmse 27.1233, val_r2 0.1009, val_pearson 0.3808, lr 1.00e-03 ---
2026-10-01 12:15:33,874 - INFO - 
****************************************************************************************************
2026-10-01 12:15:35,116 - INFO - --- training epoch 21, loss 21.5931, mae 22.0893, rmse 26.0670, time elapsed(min) 0.01---
2026-10-01 12:15:35,289 - INFO - --- validation at epoch 21, val_loss 20.6306, val_mae 22.4814, val_rmse 26.6992, val_r2 0.1288, val_pearson 0.4391, lr 1.00e-03 ---
2026-10-01 12:15:35,289 - INFO - 
****************************************************************************************************
2026-10-01 12:15:36,715 - INFO - --- training epoch 22, loss 21.3211, mae 21.8170, rmse 26.2191, time elapsed(min) 0.02---
2026-10-01 12:15:36,864 - INFO - --- validation at epoch 22, val_loss 20.2470, val_mae 22.2353, val_rmse 27.0781, val_r2 0.1039, val_pearson 0.4100, lr 1.00e-03 ---
2026-10-01 12:15:36,864 - INFO - 
****************************************************************************************************
2026-10-01 12:15:37,905 - INFO - --- training epoch 23, loss 21.0525, mae 21.5488, rmse 25.9025, time elapsed(min) 0.01---
2026-10-01 12:15:38,076 - INFO - --- validation at epoch 23, val_loss 20.1832, val_mae 22.0857, val_rmse 26.7250, val_r2 0.1271, val_pearson 0.4352, lr 1.00e-03 ---
2026-10-01 12:15:38,076 - INFO - 
****************************************************************************************************
2026-10-01 12:15:39,323 - INFO - --- training epoch 24, loss 20.8286, mae 21.3240, rmse 25.7551, time elapsed(min) 0.01---
2026-10-01 12:15:39,494 - INFO - --- validation at epoch 24, val_loss 19.8972, val_mae 21.7233, val_rmse 26.4192, val_r2 0.1470, val_pearson 0.4414, lr 1.00e-03 ---
2026-10-01 12:15:39,494 - INFO - 
****************************************************************************************************
2026-10-01 12:15:40,854 - INFO - --- training epoch 25, loss 20.5895, mae 21.0851, rmse 25.5815, time elapsed(min) 0.02---
2026-10-01 12:15:41,021 - INFO - --- validation at epoch 25, val_loss 19.7572, val_mae 21.4866, val_rmse 26.4031, val_r2 0.1480, val_pearson 0.4412, lr 1.00e-03 ---
2026-10-01 12:15:41,021 - INFO - 
****************************************************************************************************
2026-10-01 12:15:42,396 - INFO - --- training epoch 26, loss 20.5847, mae 21.0786, rmse 25.8543, time elapsed(min) 0.02---
2026-10-01 12:15:42,557 - INFO - --- validation at epoch 26, val_loss 19.5982, val_mae 21.2461, val_rmse 25.9630, val_r2 0.1762, val_pearson 0.4493, lr 1.00e-03 ---
2026-10-01 12:15:42,557 - INFO - 
****************************************************************************************************
2026-10-01 12:15:44,047 - INFO - --- training epoch 27, loss 20.7915, mae 21.2863, rmse 25.9386, time elapsed(min) 0.02---
2026-10-01 12:15:44,219 - INFO - --- validation at epoch 27, val_loss 19.6760, val_mae 21.2495, val_rmse 25.9063, val_r2 0.1798, val_pearson 0.4652, lr 1.00e-03 ---
2026-10-01 12:15:44,220 - INFO - 
****************************************************************************************************
2026-10-01 12:15:45,292 - INFO - --- training epoch 28, loss 20.7629, mae 21.2583, rmse 25.8002, time elapsed(min) 0.01---
2026-10-01 12:15:45,457 - INFO - --- validation at epoch 28, val_loss 20.2676, val_mae 21.9876, val_rmse 26.9948, val_r2 0.1094, val_pearson 0.4715, lr 1.00e-03 ---
2026-10-01 12:15:45,457 - INFO - 
****************************************************************************************************
2026-10-01 12:15:46,661 - INFO - --- training epoch 29, loss 20.6322, mae 21.1278, rmse 25.4222, time elapsed(min) 0.01---
2026-10-01 12:15:46,817 - INFO - --- validation at epoch 29, val_loss 19.4142, val_mae 21.2216, val_rmse 25.7392, val_r2 0.1903, val_pearson 0.4805, lr 1.00e-03 ---
2026-10-01 12:15:46,817 - INFO - 
****************************************************************************************************
2026-10-01 12:15:48,084 - INFO - --- training epoch 30, loss 20.0692, mae 20.5647, rmse 25.1089, time elapsed(min) 0.01---
2026-10-01 12:15:48,254 - INFO - --- validation at epoch 30, val_loss 19.1156, val_mae 20.8459, val_rmse 24.9216, val_r2 0.2409, val_pearson 0.5111, lr 1.00e-03 ---
2026-10-01 12:15:48,254 - INFO - 
****************************************************************************************************
2026-10-01 12:15:49,539 - INFO - --- training epoch 31, loss 19.8811, mae 20.3757, rmse 24.6777, time elapsed(min) 0.01---
2026-10-01 12:15:49,687 - INFO - --- validation at epoch 31, val_loss 19.0116, val_mae 20.4399, val_rmse 24.5033, val_r2 0.2662, val_pearson 0.5195, lr 1.00e-03 ---
2026-10-01 12:15:49,687 - INFO - 
****************************************************************************************************
2026-10-01 12:15:51,005 - INFO - --- training epoch 32, loss 20.1052, mae 20.6012, rmse 25.1812, time elapsed(min) 0.01---
2026-10-01 12:15:51,395 - INFO - --- validation at epoch 32, val_loss 19.6576, val_mae 20.7301, val_rmse 24.9144, val_r2 0.2414, val_pearson 0.4942, lr 1.00e-03 ---
2026-10-01 12:15:51,395 - INFO - 
****************************************************************************************************
2026-10-01 12:15:52,639 - INFO - --- training epoch 33, loss 20.2830, mae 20.7792, rmse 25.3489, time elapsed(min) 0.01---
2026-10-01 12:15:52,806 - INFO - --- validation at epoch 33, val_loss 19.3718, val_mae 20.5813, val_rmse 24.5675, val_r2 0.2624, val_pearson 0.5126, lr 1.00e-03 ---
2026-10-01 12:15:52,806 - INFO - 
****************************************************************************************************
2026-10-01 12:15:53,860 - INFO - --- training epoch 34, loss 20.2205, mae 20.7152, rmse 25.1150, time elapsed(min) 0.01---
2026-10-01 12:15:54,030 - INFO - --- validation at epoch 34, val_loss 20.0018, val_mae 21.4229, val_rmse 25.6705, val_r2 0.1946, val_pearson 0.5103, lr 1.00e-03 ---
2026-10-01 12:15:54,030 - INFO - 
****************************************************************************************************
2026-10-01 12:15:55,268 - INFO - --- training epoch 35, loss 19.8047, mae 20.3005, rmse 24.6763, time elapsed(min) 0.01---
2026-10-01 12:15:55,433 - INFO - --- validation at epoch 35, val_loss 19.1486, val_mae 20.3423, val_rmse 24.6631, val_r2 0.2566, val_pearson 0.5141, lr 1.00e-03 ---
2026-10-01 12:15:55,433 - INFO - 
****************************************************************************************************
2026-10-01 12:15:56,729 - INFO - --- training epoch 36, loss 20.0322, mae 20.5273, rmse 25.2795, time elapsed(min) 0.02---
2026-10-01 12:15:56,891 - INFO - --- validation at epoch 36, val_loss 19.2736, val_mae 20.4905, val_rmse 24.7915, val_r2 0.2488, val_pearson 0.5092, lr 1.00e-03 ---
2026-10-01 12:15:56,891 - INFO - 
****************************************************************************************************
2026-10-01 12:15:58,182 - INFO - --- training epoch 37, loss 19.9215, mae 20.4167, rmse 24.9098, time elapsed(min) 0.02---
2026-10-01 12:15:58,565 - INFO - --- validation at epoch 37, val_loss 19.3312, val_mae 20.5396, val_rmse 24.8620, val_r2 0.2446, val_pearson 0.5131, lr 1.00e-03 ---
2026-10-01 12:15:58,565 - INFO - 
****************************************************************************************************
2026-10-01 12:15:59,746 - INFO - --- training epoch 38, loss 20.1224, mae 20.6175, rmse 25.0087, time elapsed(min) 0.01---
2026-10-01 12:15:59,913 - INFO - --- validation at epoch 38, val_loss 19.5512, val_mae 20.7998, val_rmse 25.1867, val_r2 0.2247, val_pearson 0.4922, lr 1.00e-03 ---
2026-10-01 12:15:59,914 - INFO - 
****************************************************************************************************
2026-10-01 12:16:01,111 - INFO - --- training epoch 39, loss 20.0142, mae 20.5100, rmse 25.0886, time elapsed(min) 0.01---
2026-10-01 12:16:01,279 - INFO - --- validation at epoch 39, val_loss 19.1212, val_mae 20.4809, val_rmse 24.7829, val_r2 0.2494, val_pearson 0.5028, lr 1.00e-03 ---
2026-10-01 12:16:01,279 - INFO - 
****************************************************************************************************
2026-10-01 12:16:02,519 - INFO - --- training epoch 40, loss 19.7160, mae 20.2107, rmse 24.7162, time elapsed(min) 0.01---
2026-10-01 12:16:02,684 - INFO - --- validation at epoch 40, val_loss 19.1495, val_mae 20.2415, val_rmse 24.5334, val_r2 0.2644, val_pearson 0.5144, lr 1.00e-03 ---
2026-10-01 12:16:02,684 - INFO - 
****************************************************************************************************
2026-10-01 12:16:03,945 - INFO - --- training epoch 41, loss 19.7666, mae 20.2607, rmse 24.8865, time elapsed(min) 0.01---
2026-10-01 12:16:04,115 - INFO - --- validation at epoch 41, val_loss 19.1734, val_mae 20.2227, val_rmse 24.6701, val_r2 0.2562, val_pearson 0.5071, lr 1.00e-03 ---
2026-10-01 12:16:04,115 - INFO - 
****************************************************************************************************
2026-10-01 12:16:04,494 - INFO - --- early stopping at epoch 41: val_loss did not improve for 10 epochs ---
2026-10-01 12:16:04,682 - INFO - --- selected checkpoint from epoch 31, val_loss 19.0116, val_mae 20.4399, val_rmse 24.5033
2026-10-01 12:16:05,332 - INFO - -- RESULT
2026-10-01 12:16:05,332 - INFO - --- test size: 1187
2026-10-01 12:16:05,332 - INFO - --- MAE: 20.1255 pp, RMSE: 24.3745 pp, R2: 0.1832, Pearson: 0.4367
2026-10-01 12:16:06,486 - INFO - --- Cell current_model DONE: test MAE=20.1255 RMSE=24.3745 R2=0.1832 | sec/epoch=1.41
2026-10-01 12:16:06,500 - INFO - === RUNNING: dataset=bh split=fullcv08_split70 cell=approach_3 (tokens=comb, pooling=mean, head=linear) ===
