2026-10-01 11:49:13,542 - INFO - device is	cuda:0
2026-10-01 11:49:13,624 - INFO - -- CONFIGURATIONS
2026-10-01 11:49:13,624 - INFO - --- train/valid/test: 2491/277/1187
2026-10-01 11:49:13,624 - INFO - --- max no. reactants_train, valid, test respectively: 6, 6, 6
2026-10-01 11:49:13,624 - INFO - --- max no. products_train, valid, test respectively: 1, 1, 1
2026-10-01 11:49:13,624 - INFO - --- model_path: ../logs/approach1_server/approach_2/bh/runs/fullcv05_split70/model.pt
2026-10-01 11:49:13,632 - INFO - -- TRAINING
2026-10-01 11:49:14,385 - INFO - --- training epoch 0, loss 25.0689, mae 25.5645, rmse 31.9463, time elapsed(min) 0.01---
2026-10-01 11:49:14,555 - INFO - --- validation at epoch 0, val_loss 24.6818, val_mae 23.2554, val_rmse 28.3304, val_r2 -0.1171, val_pearson -0.2110, lr 1.00e-03 ---
2026-10-01 11:49:14,555 - INFO - 
****************************************************************************************************
2026-10-01 11:49:15,584 - INFO - --- training epoch 1, loss 22.4735, mae 22.9690, rmse 27.9075, time elapsed(min) 0.01---
2026-10-01 11:49:15,741 - INFO - --- validation at epoch 1, val_loss 24.0398, val_mae 22.5798, val_rmse 26.5680, val_r2 0.0175, val_pearson 0.1829, lr 1.00e-03 ---
2026-10-01 11:49:15,741 - INFO - 
****************************************************************************************************
2026-10-01 11:49:16,618 - INFO - --- training epoch 2, loss 22.1872, mae 22.6832, rmse 27.8053, time elapsed(min) 0.01---
2026-10-01 11:49:16,770 - INFO - --- validation at epoch 2, val_loss 23.9854, val_mae 22.6997, val_rmse 26.3281, val_r2 0.0352, val_pearson 0.2000, lr 1.00e-03 ---
2026-10-01 11:49:16,771 - INFO - 
****************************************************************************************************
2026-10-01 11:49:17,630 - INFO - --- training epoch 3, loss 22.1200, mae 22.6152, rmse 27.4572, time elapsed(min) 0.01---
2026-10-01 11:49:17,784 - INFO - --- validation at epoch 3, val_loss 23.9320, val_mae 22.0427, val_rmse 27.2389, val_r2 -0.0327, val_pearson 0.2112, lr 1.00e-03 ---
2026-10-01 11:49:17,785 - INFO - 
****************************************************************************************************
2026-10-01 11:49:18,970 - INFO - --- training epoch 4, loss 21.8467, mae 22.3409, rmse 27.4290, time elapsed(min) 0.01---
2026-10-01 11:49:19,125 - INFO - --- validation at epoch 4, val_loss 23.6760, val_mae 22.0003, val_rmse 26.3250, val_r2 0.0354, val_pearson 0.2132, lr 1.00e-03 ---
2026-10-01 11:49:19,125 - INFO - 
****************************************************************************************************
2026-10-01 11:49:20,185 - INFO - --- training epoch 5, loss 21.7972, mae 22.2927, rmse 27.1530, time elapsed(min) 0.01---
2026-10-01 11:49:20,340 - INFO - --- validation at epoch 5, val_loss 23.7156, val_mae 21.8411, val_rmse 26.6014, val_r2 0.0151, val_pearson 0.2220, lr 1.00e-03 ---
2026-10-01 11:49:20,340 - INFO - 
****************************************************************************************************
2026-10-01 11:49:21,343 - INFO - --- training epoch 6, loss 21.7212, mae 22.2161, rmse 27.0677, time elapsed(min) 0.01---
2026-10-01 11:49:21,489 - INFO - --- validation at epoch 6, val_loss 23.8436, val_mae 21.9134, val_rmse 26.8714, val_r2 -0.0050, val_pearson 0.2229, lr 1.00e-03 ---
2026-10-01 11:49:21,489 - INFO - 
****************************************************************************************************
2026-10-01 11:49:22,449 - INFO - --- training epoch 7, loss 21.6726, mae 22.1687, rmse 27.0772, time elapsed(min) 0.01---
2026-10-01 11:49:22,617 - INFO - --- validation at epoch 7, val_loss 23.7205, val_mae 21.8868, val_rmse 26.2705, val_r2 0.0394, val_pearson 0.2310, lr 1.00e-03 ---
2026-10-01 11:49:22,617 - INFO - 
****************************************************************************************************
2026-10-01 11:49:23,442 - INFO - --- training epoch 8, loss 21.5276, mae 22.0233, rmse 26.6226, time elapsed(min) 0.01---
2026-10-01 11:49:23,603 - INFO - --- validation at epoch 8, val_loss 23.8271, val_mae 21.7511, val_rmse 26.8678, val_r2 -0.0047, val_pearson 0.2372, lr 1.00e-03 ---
2026-10-01 11:49:23,603 - INFO - 
****************************************************************************************************
2026-10-01 11:49:24,430 - INFO - --- training epoch 9, loss 21.4840, mae 21.9796, rmse 26.9192, time elapsed(min) 0.01---
2026-10-01 11:49:24,580 - INFO - --- validation at epoch 9, val_loss 23.8052, val_mae 21.9395, val_rmse 26.0686, val_r2 0.0541, val_pearson 0.2465, lr 1.00e-03 ---
2026-10-01 11:49:24,580 - INFO - 
****************************************************************************************************
2026-10-01 11:49:25,573 - INFO - --- training epoch 10, loss 21.4379, mae 21.9325, rmse 26.5798, time elapsed(min) 0.01---
2026-10-01 11:49:25,717 - INFO - --- validation at epoch 10, val_loss 23.8639, val_mae 21.9571, val_rmse 26.2095, val_r2 0.0439, val_pearson 0.2455, lr 1.00e-03 ---
2026-10-01 11:49:25,717 - INFO - 
****************************************************************************************************
2026-10-01 11:49:26,734 - INFO - --- training epoch 11, loss 21.2965, mae 21.7916, rmse 26.4810, time elapsed(min) 0.01---
2026-10-01 11:49:26,887 - INFO - --- validation at epoch 11, val_loss 23.9887, val_mae 21.7047, val_rmse 27.1403, val_r2 -0.0252, val_pearson 0.2796, lr 1.00e-03 ---
2026-10-01 11:49:26,888 - INFO - 
****************************************************************************************************
2026-10-01 11:49:28,027 - INFO - --- training epoch 12, loss 20.9523, mae 21.4485, rmse 25.9309, time elapsed(min) 0.01---
2026-10-01 11:49:28,195 - INFO - --- validation at epoch 12, val_loss 25.0112, val_mae 22.3768, val_rmse 28.3214, val_r2 -0.1164, val_pearson 0.3070, lr 1.00e-03 ---
2026-10-01 11:49:28,195 - INFO - 
****************************************************************************************************
2026-10-01 11:49:29,016 - INFO - --- training epoch 13, loss 20.8784, mae 21.3745, rmse 25.8596, time elapsed(min) 0.01---
2026-10-01 11:49:29,173 - INFO - --- validation at epoch 13, val_loss 24.0023, val_mae 21.7371, val_rmse 26.5358, val_r2 0.0199, val_pearson 0.3200, lr 1.00e-03 ---
2026-10-01 11:49:29,173 - INFO - 
****************************************************************************************************
2026-10-01 11:49:29,983 - INFO - --- training epoch 14, loss 20.4436, mae 20.9379, rmse 25.6701, time elapsed(min) 0.01---
2026-10-01 11:49:30,142 - INFO - --- validation at epoch 14, val_loss 23.9970, val_mae 21.8268, val_rmse 26.7474, val_r2 0.0042, val_pearson 0.3324, lr 1.00e-03 ---
2026-10-01 11:49:30,142 - INFO - 
****************************************************************************************************
2026-10-01 11:49:30,421 - INFO - --- early stopping at epoch 14: val_loss did not improve for 10 epochs ---
2026-10-01 11:49:30,605 - INFO - --- selected checkpoint from epoch 4, val_loss 23.6760, val_mae 22.0003, val_rmse 26.3250
2026-10-01 11:49:30,963 - INFO - -- RESULT
2026-10-01 11:49:30,963 - INFO - --- test size: 1187
2026-10-01 11:49:30,963 - INFO - --- MAE: 22.6970 pp, RMSE: 27.2656 pp, R2: 0.0344, Pearson: 0.2452
2026-10-01 11:49:30,964 - INFO - --- fullcv05_split70: MAE 22.696980059874992, RMSE 27.265573832831272, R2 0.03441698547076011
2026-10-01 11:49:30,975 - INFO - --- training fullcv06_split70 (npz/bh/fullcv06_split70)
