2026-10-01 18:03:34,107 - INFO - device is	cuda:0
2026-10-01 18:03:34,218 - INFO - -- CONFIGURATIONS
2026-10-01 18:03:34,218 - INFO - --- train/valid/test: 3628/404/1728
2026-10-01 18:03:34,218 - INFO - --- max no. reactants_train, valid, test respectively: 14, 14, 14
2026-10-01 18:03:34,218 - INFO - --- max no. products_train, valid, test respectively: 1, 1, 1
2026-10-01 18:03:34,218 - INFO - --- model_path: ../logs/approach1_server/option_b_linear/suzuki/runs/suzuki_split_7_20261001_180334/split_7/model.pt
2026-10-01 18:03:34,322 - INFO - -- TRAINING
2026-10-01 18:03:36,629 - INFO - --- training epoch 0, loss 2.7365, mae 3.1003, rmse 7.5142, time elapsed(min) 0.04---
2026-10-01 18:03:36,898 - INFO - --- validation at epoch 0, val_loss 0.0559, val_mae 0.2468, val_rmse 0.3262, val_r2 -0.4991, val_pearson 0.1336, lr 1.00e-03 ---
2026-10-01 18:03:36,898 - INFO - 
****************************************************************************************************
2026-10-01 18:03:39,130 - INFO - --- training epoch 1, loss 0.0447, mae 0.2555, rmse 0.2989, time elapsed(min) 0.03---
2026-10-01 18:03:39,376 - INFO - --- validation at epoch 1, val_loss 0.0356, val_mae 0.2367, val_rmse 0.2692, val_r2 -0.0210, val_pearson 0.1389, lr 1.00e-03 ---
2026-10-01 18:03:39,377 - INFO - 
****************************************************************************************************
2026-10-01 18:03:41,592 - INFO - --- training epoch 2, loss 0.0404, mae 0.2476, rmse 0.2844, time elapsed(min) 0.03---
2026-10-01 18:03:41,840 - INFO - --- validation at epoch 2, val_loss 0.0353, val_mae 0.2349, val_rmse 0.2676, val_r2 -0.0087, val_pearson 0.1425, lr 1.00e-03 ---
2026-10-01 18:03:41,840 - INFO - 
****************************************************************************************************
2026-10-01 18:03:44,193 - INFO - --- training epoch 3, loss 0.0404, mae 0.2479, rmse 0.2844, time elapsed(min) 0.03---
2026-10-01 18:03:44,648 - INFO - --- validation at epoch 3, val_loss 0.0352, val_mae 0.2343, val_rmse 0.2671, val_r2 -0.0051, val_pearson 0.1464, lr 1.00e-03 ---
2026-10-01 18:03:44,648 - INFO - 
****************************************************************************************************
2026-10-01 18:03:47,026 - INFO - --- training epoch 4, loss 0.0406, mae 0.2479, rmse 0.2850, time elapsed(min) 0.03---
2026-10-01 18:03:47,279 - INFO - --- validation at epoch 4, val_loss 0.0350, val_mae 0.2331, val_rmse 0.2662, val_r2 0.0017, val_pearson 0.1538, lr 1.00e-03 ---
2026-10-01 18:03:47,279 - INFO - 
****************************************************************************************************
2026-10-01 18:03:49,615 - INFO - --- training epoch 5, loss 0.0408, mae 0.2486, rmse 0.2855, time elapsed(min) 0.03---
2026-10-01 18:03:49,862 - INFO - --- validation at epoch 5, val_loss 0.0357, val_mae 0.2287, val_rmse 0.2663, val_r2 0.0011, val_pearson 0.1658, lr 1.00e-03 ---
2026-10-01 18:03:49,862 - INFO - 
****************************************************************************************************
2026-10-01 18:03:52,198 - INFO - --- training epoch 6, loss 0.0408, mae 0.2482, rmse 0.2857, time elapsed(min) 0.03---
2026-10-01 18:03:52,598 - INFO - --- validation at epoch 6, val_loss 0.0351, val_mae 0.2357, val_rmse 0.2681, val_r2 -0.0125, val_pearson 0.1633, lr 1.00e-03 ---
2026-10-01 18:03:52,598 - INFO - 
****************************************************************************************************
2026-10-01 18:03:55,203 - INFO - --- training epoch 7, loss 0.0407, mae 0.2483, rmse 0.2855, time elapsed(min) 0.04---
2026-10-01 18:03:55,450 - INFO - --- validation at epoch 7, val_loss 0.0347, val_mae 0.2311, val_rmse 0.2646, val_r2 0.0133, val_pearson 0.1671, lr 1.00e-03 ---
2026-10-01 18:03:55,450 - INFO - 
****************************************************************************************************
2026-10-01 18:03:57,793 - INFO - --- training epoch 8, loss 0.0407, mae 0.2479, rmse 0.2853, time elapsed(min) 0.03---
2026-10-01 18:03:58,049 - INFO - --- validation at epoch 8, val_loss 0.0356, val_mae 0.2382, val_rmse 0.2709, val_r2 -0.0339, val_pearson 0.1714, lr 1.00e-03 ---
2026-10-01 18:03:58,049 - INFO - 
****************************************************************************************************
2026-10-01 18:04:00,492 - INFO - --- training epoch 9, loss 0.0407, mae 0.2475, rmse 0.2855, time elapsed(min) 0.03---
2026-10-01 18:04:00,898 - INFO - --- validation at epoch 9, val_loss 0.0369, val_mae 0.2435, val_rmse 0.2772, val_r2 -0.0829, val_pearson 0.1750, lr 1.00e-03 ---
2026-10-01 18:04:00,898 - INFO - 
****************************************************************************************************
2026-10-01 18:04:03,354 - INFO - --- training epoch 10, loss 0.0409, mae 0.2480, rmse 0.2860, time elapsed(min) 0.03---
2026-10-01 18:04:03,610 - INFO - --- validation at epoch 10, val_loss 0.0371, val_mae 0.2443, val_rmse 0.2782, val_r2 -0.0906, val_pearson 0.1762, lr 1.00e-03 ---
2026-10-01 18:04:03,610 - INFO - 
****************************************************************************************************
2026-10-01 18:04:05,835 - INFO - --- training epoch 11, loss 0.0409, mae 0.2481, rmse 0.2862, time elapsed(min) 0.03---
2026-10-01 18:04:06,098 - INFO - --- validation at epoch 11, val_loss 0.0368, val_mae 0.2431, val_rmse 0.2768, val_r2 -0.0800, val_pearson 0.1781, lr 1.00e-03 ---
2026-10-01 18:04:06,098 - INFO - 
****************************************************************************************************
2026-10-01 18:04:08,281 - INFO - --- training epoch 12, loss 0.0406, mae 0.2473, rmse 0.2851, time elapsed(min) 0.03---
2026-10-01 18:04:08,685 - INFO - --- validation at epoch 12, val_loss 0.0366, val_mae 0.2426, val_rmse 0.2764, val_r2 -0.0769, val_pearson 0.1829, lr 1.00e-03 ---
2026-10-01 18:04:08,685 - INFO - 
****************************************************************************************************
2026-10-01 18:04:11,187 - INFO - --- training epoch 13, loss 0.0405, mae 0.2470, rmse 0.2847, time elapsed(min) 0.04---
2026-10-01 18:04:11,621 - INFO - --- validation at epoch 13, val_loss 0.0359, val_mae 0.2399, val_rmse 0.2734, val_r2 -0.0532, val_pearson 0.1877, lr 1.00e-03 ---
2026-10-01 18:04:11,622 - INFO - 
****************************************************************************************************
2026-10-01 18:04:14,009 - INFO - --- training epoch 14, loss 0.0407, mae 0.2472, rmse 0.2852, time elapsed(min) 0.03---
2026-10-01 18:04:14,260 - INFO - --- validation at epoch 14, val_loss 0.0356, val_mae 0.2391, val_rmse 0.2726, val_r2 -0.0469, val_pearson 0.1922, lr 1.00e-03 ---
2026-10-01 18:04:14,260 - INFO - 
****************************************************************************************************
2026-10-01 18:04:16,525 - INFO - --- training epoch 15, loss 0.0408, mae 0.2474, rmse 0.2856, time elapsed(min) 0.03---
2026-10-01 18:04:16,774 - INFO - --- validation at epoch 15, val_loss 0.0359, val_mae 0.2401, val_rmse 0.2738, val_r2 -0.0562, val_pearson 0.1941, lr 1.00e-03 ---
2026-10-01 18:04:16,774 - INFO - 
****************************************************************************************************
2026-10-01 18:04:19,117 - INFO - --- training epoch 16, loss 0.0405, mae 0.2468, rmse 0.2847, time elapsed(min) 0.03---
2026-10-01 18:04:19,598 - INFO - --- validation at epoch 16, val_loss 0.0345, val_mae 0.2349, val_rmse 0.2678, val_r2 -0.0109, val_pearson 0.1988, lr 1.00e-03 ---
2026-10-01 18:04:19,598 - INFO - 
****************************************************************************************************
2026-10-01 18:04:22,062 - INFO - --- training epoch 17, loss 0.0413, mae 0.2488, rmse 0.2875, time elapsed(min) 0.03---
2026-10-01 18:04:22,318 - INFO - --- validation at epoch 17, val_loss 0.0352, val_mae 0.2375, val_rmse 0.2709, val_r2 -0.0340, val_pearson 0.2003, lr 1.00e-03 ---
2026-10-01 18:04:22,318 - INFO - 
****************************************************************************************************
2026-10-01 18:04:24,566 - INFO - --- training epoch 18, loss 0.0411, mae 0.2482, rmse 0.2867, time elapsed(min) 0.03---
2026-10-01 18:04:24,832 - INFO - --- validation at epoch 18, val_loss 0.0348, val_mae 0.2362, val_rmse 0.2695, val_r2 -0.0236, val_pearson 0.2032, lr 1.00e-03 ---
2026-10-01 18:04:24,832 - INFO - 
****************************************************************************************************
2026-10-01 18:04:27,268 - INFO - --- training epoch 19, loss 0.0411, mae 0.2481, rmse 0.2866, time elapsed(min) 0.03---
2026-10-01 18:04:27,686 - INFO - --- validation at epoch 19, val_loss 0.0351, val_mae 0.2375, val_rmse 0.2712, val_r2 -0.0362, val_pearson 0.2048, lr 1.00e-03 ---
2026-10-01 18:04:27,686 - INFO - 
****************************************************************************************************
2026-10-01 18:04:30,248 - INFO - --- training epoch 20, loss 0.0411, mae 0.2484, rmse 0.2868, time elapsed(min) 0.04---
2026-10-01 18:04:30,497 - INFO - --- validation at epoch 20, val_loss 0.0343, val_mae 0.2342, val_rmse 0.2673, val_r2 -0.0070, val_pearson 0.2069, lr 1.00e-03 ---
2026-10-01 18:04:30,497 - INFO - 
****************************************************************************************************
2026-10-01 18:04:32,817 - INFO - --- training epoch 21, loss 0.0412, mae 0.2482, rmse 0.2869, time elapsed(min) 0.03---
2026-10-01 18:04:33,078 - INFO - --- validation at epoch 21, val_loss 0.0350, val_mae 0.2368, val_rmse 0.2704, val_r2 -0.0305, val_pearson 0.2069, lr 1.00e-03 ---
2026-10-01 18:04:33,078 - INFO - 
****************************************************************************************************
2026-10-01 18:04:35,546 - INFO - --- training epoch 22, loss 0.0413, mae 0.2482, rmse 0.2873, time elapsed(min) 0.03---
2026-10-01 18:04:36,002 - INFO - --- validation at epoch 22, val_loss 0.0348, val_mae 0.2359, val_rmse 0.2694, val_r2 -0.0227, val_pearson 0.2090, lr 1.00e-03 ---
2026-10-01 18:04:36,002 - INFO - 
****************************************************************************************************
2026-10-01 18:04:38,566 - INFO - --- training epoch 23, loss 0.0413, mae 0.2486, rmse 0.2873, time elapsed(min) 0.04---
2026-10-01 18:04:38,817 - INFO - --- validation at epoch 23, val_loss 0.0340, val_mae 0.2324, val_rmse 0.2655, val_r2 0.0065, val_pearson 0.2129, lr 1.00e-03 ---
2026-10-01 18:04:38,817 - INFO - 
****************************************************************************************************
2026-10-01 18:04:41,167 - INFO - --- training epoch 24, loss 0.0414, mae 0.2487, rmse 0.2877, time elapsed(min) 0.03---
2026-10-01 18:04:41,417 - INFO - --- validation at epoch 24, val_loss 0.0347, val_mae 0.2355, val_rmse 0.2688, val_r2 -0.0182, val_pearson 0.2082, lr 1.00e-03 ---
2026-10-01 18:04:41,417 - INFO - 
****************************************************************************************************
2026-10-01 18:04:43,716 - INFO - --- training epoch 25, loss 0.0415, mae 0.2493, rmse 0.2880, time elapsed(min) 0.03---
2026-10-01 18:04:44,129 - INFO - --- validation at epoch 25, val_loss 0.0345, val_mae 0.2346, val_rmse 0.2680, val_r2 -0.0121, val_pearson 0.2107, lr 1.00e-03 ---
2026-10-01 18:04:44,129 - INFO - 
****************************************************************************************************
2026-10-01 18:04:46,680 - INFO - --- training epoch 26, loss 0.0418, mae 0.2497, rmse 0.2890, time elapsed(min) 0.04---
2026-10-01 18:04:46,936 - INFO - --- validation at epoch 26, val_loss 0.0345, val_mae 0.2346, val_rmse 0.2677, val_r2 -0.0102, val_pearson 0.2108, lr 1.00e-03 ---
2026-10-01 18:04:46,936 - INFO - 
****************************************************************************************************
2026-10-01 18:04:49,199 - INFO - --- training epoch 27, loss 0.0414, mae 0.2491, rmse 0.2877, time elapsed(min) 0.03---
2026-10-01 18:04:49,453 - INFO - --- validation at epoch 27, val_loss 0.0346, val_mae 0.2349, val_rmse 0.2686, val_r2 -0.0167, val_pearson 0.2147, lr 1.00e-03 ---
2026-10-01 18:04:49,453 - INFO - 
****************************************************************************************************
2026-10-01 18:04:51,707 - INFO - --- training epoch 28, loss 0.0411, mae 0.2481, rmse 0.2868, time elapsed(min) 0.03---
2026-10-01 18:04:52,125 - INFO - --- validation at epoch 28, val_loss 0.0337, val_mae 0.2309, val_rmse 0.2640, val_r2 0.0178, val_pearson 0.2167, lr 1.00e-03 ---
2026-10-01 18:04:52,125 - INFO - 
****************************************************************************************************
2026-10-01 18:04:54,575 - INFO - --- training epoch 29, loss 0.0418, mae 0.2493, rmse 0.2890, time elapsed(min) 0.03---
2026-10-01 18:04:55,027 - INFO - --- validation at epoch 29, val_loss 0.0345, val_mae 0.2343, val_rmse 0.2681, val_r2 -0.0125, val_pearson 0.2192, lr 1.00e-03 ---
2026-10-01 18:04:55,027 - INFO - 
****************************************************************************************************
2026-10-01 18:04:57,523 - INFO - --- training epoch 30, loss 0.0414, mae 0.2483, rmse 0.2877, time elapsed(min) 0.03---
2026-10-01 18:04:57,780 - INFO - --- validation at epoch 30, val_loss 0.0339, val_mae 0.2317, val_rmse 0.2648, val_r2 0.0119, val_pearson 0.2162, lr 1.00e-03 ---
2026-10-01 18:04:57,780 - INFO - 
****************************************************************************************************
2026-10-01 18:05:00,028 - INFO - --- training epoch 31, loss 0.0418, mae 0.2492, rmse 0.2890, time elapsed(min) 0.03---
2026-10-01 18:05:00,279 - INFO - --- validation at epoch 31, val_loss 0.0349, val_mae 0.2359, val_rmse 0.2697, val_r2 -0.0247, val_pearson 0.2180, lr 1.00e-03 ---
2026-10-01 18:05:00,279 - INFO - 
****************************************************************************************************
2026-10-01 18:05:02,667 - INFO - --- training epoch 32, loss 0.0411, mae 0.2481, rmse 0.2869, time elapsed(min) 0.03---
2026-10-01 18:05:03,082 - INFO - --- validation at epoch 32, val_loss 0.0338, val_mae 0.2307, val_rmse 0.2642, val_r2 0.0167, val_pearson 0.2221, lr 1.00e-03 ---
2026-10-01 18:05:03,082 - INFO - 
****************************************************************************************************
2026-10-01 18:05:05,608 - INFO - --- training epoch 33, loss 0.0418, mae 0.2486, rmse 0.2893, time elapsed(min) 0.04---
2026-10-01 18:05:05,867 - INFO - --- validation at epoch 33, val_loss 0.0342, val_mae 0.2313, val_rmse 0.2647, val_r2 0.0124, val_pearson 0.2269, lr 1.00e-03 ---
2026-10-01 18:05:05,867 - INFO - 
****************************************************************************************************
2026-10-01 18:05:08,092 - INFO - --- training epoch 34, loss 0.0414, mae 0.2480, rmse 0.2876, time elapsed(min) 0.03---
2026-10-01 18:05:08,346 - INFO - --- validation at epoch 34, val_loss 0.0355, val_mae 0.2358, val_rmse 0.2712, val_r2 -0.0367, val_pearson 0.2321, lr 1.00e-03 ---
2026-10-01 18:05:08,346 - INFO - 
****************************************************************************************************
2026-10-01 18:05:10,656 - INFO - --- training epoch 35, loss 0.0405, mae 0.2459, rmse 0.2846, time elapsed(min) 0.03---
2026-10-01 18:05:11,065 - INFO - --- validation at epoch 35, val_loss 0.0352, val_mae 0.2346, val_rmse 0.2696, val_r2 -0.0238, val_pearson 0.2312, lr 1.00e-03 ---
2026-10-01 18:05:11,065 - INFO - 
****************************************************************************************************
2026-10-01 18:05:13,618 - INFO - --- training epoch 36, loss 0.0405, mae 0.2463, rmse 0.2845, time elapsed(min) 0.04---
2026-10-01 18:05:13,886 - INFO - --- validation at epoch 36, val_loss 0.0352, val_mae 0.2347, val_rmse 0.2698, val_r2 -0.0257, val_pearson 0.2311, lr 1.00e-03 ---
2026-10-01 18:05:13,886 - INFO - 
****************************************************************************************************
2026-10-01 18:05:16,141 - INFO - --- training epoch 37, loss 0.0405, mae 0.2461, rmse 0.2845, time elapsed(min) 0.03---
2026-10-01 18:05:16,400 - INFO - --- validation at epoch 37, val_loss 0.0350, val_mae 0.2340, val_rmse 0.2691, val_r2 -0.0201, val_pearson 0.2341, lr 1.00e-03 ---
2026-10-01 18:05:16,400 - INFO - 
****************************************************************************************************
2026-10-01 18:05:18,652 - INFO - --- training epoch 38, loss 0.0407, mae 0.2464, rmse 0.2853, time elapsed(min) 0.03---
2026-10-01 18:05:18,917 - INFO - --- validation at epoch 38, val_loss 0.0356, val_mae 0.2361, val_rmse 0.2714, val_r2 -0.0381, val_pearson 0.2303, lr 1.00e-03 ---
2026-10-01 18:05:18,917 - INFO - 
****************************************************************************************************
2026-10-01 18:05:19,285 - INFO - --- early stopping at epoch 38: val_loss did not improve for 10 epochs ---
2026-10-01 18:05:19,782 - INFO - --- selected checkpoint from epoch 28, val_loss 0.0337, val_mae 0.2309, val_rmse 0.2640
2026-10-01 18:05:20,840 - INFO - -- RESULT
2026-10-01 18:05:20,840 - INFO - --- test size: 1728
2026-10-01 18:05:20,840 - INFO - --- MAE: 0.2393 (23.93 pp), RMSE: 0.2741 (27.41 pp), R2: 0.0277, Pearson: 0.2068
