2026-10-01 17:42:51,353 - INFO - device is	cuda:0
2026-10-01 17:42:51,462 - INFO - -- CONFIGURATIONS
2026-10-01 17:42:51,462 - INFO - --- train/valid/test: 3628/404/1728
2026-10-01 17:42:51,462 - INFO - --- max no. reactants_train, valid, test respectively: 14, 14, 14
2026-10-01 17:42:51,462 - INFO - --- max no. products_train, valid, test respectively: 1, 1, 1
2026-10-01 17:42:51,462 - INFO - --- model_path: ../logs/suzuki_approach1_grid/runs/suzuki/split_9/approach_1_linear/model.pt
2026-10-01 17:42:51,470 - INFO - -- TRAINING
2026-10-01 17:42:55,085 - INFO - --- training epoch 0, loss 2.4530, mae 2.8005, rmse 7.2431, time elapsed(min) 0.06---
2026-10-01 17:42:55,410 - INFO - --- validation at epoch 0, val_loss 0.0600, val_mae 0.2626, val_rmse 0.3482, val_r2 -0.6368, val_pearson 0.0753, lr 1.00e-03 ---
2026-10-01 17:42:55,410 - INFO - 
****************************************************************************************************
2026-10-01 17:42:59,330 - INFO - --- training epoch 1, loss 0.0435, mae 0.2515, rmse 0.2951, time elapsed(min) 0.06---
2026-10-01 17:42:59,655 - INFO - --- validation at epoch 1, val_loss 0.0376, val_mae 0.2357, val_rmse 0.2721, val_r2 0.0000, val_pearson 0.1135, lr 1.00e-03 ---
2026-10-01 17:42:59,656 - INFO - 
****************************************************************************************************
2026-10-01 17:43:03,648 - INFO - --- training epoch 2, loss 0.0405, mae 0.2463, rmse 0.2848, time elapsed(min) 0.06---
2026-10-01 17:43:04,026 - INFO - --- validation at epoch 2, val_loss 0.0376, val_mae 0.2342, val_rmse 0.2727, val_r2 -0.0043, val_pearson 0.1295, lr 1.00e-03 ---
2026-10-01 17:43:04,027 - INFO - 
****************************************************************************************************
2026-10-01 17:43:08,064 - INFO - --- training epoch 3, loss 0.0401, mae 0.2452, rmse 0.2831, time elapsed(min) 0.06---
2026-10-01 17:43:08,600 - INFO - --- validation at epoch 3, val_loss 0.0376, val_mae 0.2334, val_rmse 0.2730, val_r2 -0.0067, val_pearson 0.1407, lr 1.00e-03 ---
2026-10-01 17:43:08,600 - INFO - 
****************************************************************************************************
2026-10-01 17:43:12,570 - INFO - --- training epoch 4, loss 0.0402, mae 0.2450, rmse 0.2835, time elapsed(min) 0.06---
2026-10-01 17:43:12,893 - INFO - --- validation at epoch 4, val_loss 0.0370, val_mae 0.2330, val_rmse 0.2707, val_r2 0.0106, val_pearson 0.1526, lr 1.00e-03 ---
2026-10-01 17:43:12,893 - INFO - 
****************************************************************************************************
2026-10-01 17:43:16,842 - INFO - --- training epoch 5, loss 0.0396, mae 0.2435, rmse 0.2814, time elapsed(min) 0.06---
2026-10-01 17:43:17,166 - INFO - --- validation at epoch 5, val_loss 0.0375, val_mae 0.2316, val_rmse 0.2729, val_r2 -0.0054, val_pearson 0.1633, lr 1.00e-03 ---
2026-10-01 17:43:17,166 - INFO - 
****************************************************************************************************
2026-10-01 17:43:21,079 - INFO - --- training epoch 6, loss 0.0394, mae 0.2427, rmse 0.2808, time elapsed(min) 0.06---
2026-10-01 17:43:21,556 - INFO - --- validation at epoch 6, val_loss 0.0378, val_mae 0.2307, val_rmse 0.2746, val_r2 -0.0183, val_pearson 0.1737, lr 1.00e-03 ---
2026-10-01 17:43:21,556 - INFO - 
****************************************************************************************************
2026-10-01 17:43:25,677 - INFO - --- training epoch 7, loss 0.0396, mae 0.2421, rmse 0.2812, time elapsed(min) 0.06---
2026-10-01 17:43:26,003 - INFO - --- validation at epoch 7, val_loss 0.0375, val_mae 0.2299, val_rmse 0.2735, val_r2 -0.0099, val_pearson 0.1900, lr 1.00e-03 ---
2026-10-01 17:43:26,003 - INFO - 
****************************************************************************************************
2026-10-01 17:43:29,924 - INFO - --- training epoch 8, loss 0.0390, mae 0.2400, rmse 0.2791, time elapsed(min) 0.06---
2026-10-01 17:43:30,246 - INFO - --- validation at epoch 8, val_loss 0.0365, val_mae 0.2290, val_rmse 0.2696, val_r2 0.0186, val_pearson 0.2054, lr 1.00e-03 ---
2026-10-01 17:43:30,246 - INFO - 
****************************************************************************************************
2026-10-01 17:43:34,261 - INFO - --- training epoch 9, loss 0.0396, mae 0.2412, rmse 0.2814, time elapsed(min) 0.06---
2026-10-01 17:43:34,707 - INFO - --- validation at epoch 9, val_loss 0.0361, val_mae 0.2289, val_rmse 0.2682, val_r2 0.0286, val_pearson 0.2222, lr 1.00e-03 ---
2026-10-01 17:43:34,707 - INFO - 
****************************************************************************************************
2026-10-01 17:43:38,926 - INFO - --- training epoch 10, loss 0.0392, mae 0.2397, rmse 0.2800, time elapsed(min) 0.06---
2026-10-01 17:43:39,259 - INFO - --- validation at epoch 10, val_loss 0.0355, val_mae 0.2289, val_rmse 0.2655, val_r2 0.0481, val_pearson 0.2414, lr 1.00e-03 ---
2026-10-01 17:43:39,259 - INFO - 
****************************************************************************************************
2026-10-01 17:43:43,243 - INFO - --- training epoch 11, loss 0.0393, mae 0.2393, rmse 0.2802, time elapsed(min) 0.06---
2026-10-01 17:43:43,565 - INFO - --- validation at epoch 11, val_loss 0.0352, val_mae 0.2278, val_rmse 0.2642, val_r2 0.0577, val_pearson 0.2705, lr 1.00e-03 ---
2026-10-01 17:43:43,565 - INFO - 
****************************************************************************************************
2026-10-01 17:43:47,526 - INFO - --- training epoch 12, loss 0.0402, mae 0.2419, rmse 0.2835, time elapsed(min) 0.06---
2026-10-01 17:43:47,904 - INFO - --- validation at epoch 12, val_loss 0.0352, val_mae 0.2282, val_rmse 0.2631, val_r2 0.0656, val_pearson 0.2878, lr 1.00e-03 ---
2026-10-01 17:43:47,904 - INFO - 
****************************************************************************************************
2026-10-01 17:43:52,041 - INFO - --- training epoch 13, loss 0.0391, mae 0.2383, rmse 0.2795, time elapsed(min) 0.06---
2026-10-01 17:43:52,524 - INFO - --- validation at epoch 13, val_loss 0.0348, val_mae 0.2273, val_rmse 0.2614, val_r2 0.0773, val_pearson 0.3048, lr 1.00e-03 ---
2026-10-01 17:43:52,524 - INFO - 
****************************************************************************************************
2026-10-01 17:43:56,618 - INFO - --- training epoch 14, loss 0.0376, mae 0.2348, rmse 0.2742, time elapsed(min) 0.06---
2026-10-01 17:43:56,939 - INFO - --- validation at epoch 14, val_loss 0.0344, val_mae 0.2217, val_rmse 0.2610, val_r2 0.0798, val_pearson 0.3112, lr 1.00e-03 ---
2026-10-01 17:43:56,939 - INFO - 
****************************************************************************************************
2026-10-01 17:44:00,901 - INFO - --- training epoch 15, loss 0.0391, mae 0.2366, rmse 0.2795, time elapsed(min) 0.06---
2026-10-01 17:44:01,223 - INFO - --- validation at epoch 15, val_loss 0.0340, val_mae 0.2234, val_rmse 0.2580, val_r2 0.1014, val_pearson 0.3353, lr 1.00e-03 ---
2026-10-01 17:44:01,224 - INFO - 
****************************************************************************************************
2026-10-01 17:44:05,232 - INFO - --- training epoch 16, loss 0.0364, mae 0.2275, rmse 0.2700, time elapsed(min) 0.06---
2026-10-01 17:44:05,710 - INFO - --- validation at epoch 16, val_loss 0.0305, val_mae 0.2044, val_rmse 0.2477, val_r2 0.1714, val_pearson 0.4491, lr 1.00e-03 ---
2026-10-01 17:44:05,710 - INFO - 
****************************************************************************************************
2026-10-01 17:44:09,812 - INFO - --- training epoch 17, loss 0.0440, mae 0.2471, rmse 0.2965, time elapsed(min) 0.06---
2026-10-01 17:44:10,177 - INFO - --- validation at epoch 17, val_loss 0.0379, val_mae 0.2297, val_rmse 0.2746, val_r2 -0.0181, val_pearson 0.2420, lr 1.00e-03 ---
2026-10-01 17:44:10,177 - INFO - 
****************************************************************************************************
2026-10-01 17:44:14,070 - INFO - --- training epoch 18, loss 0.0411, mae 0.2410, rmse 0.2869, time elapsed(min) 0.06---
2026-10-01 17:44:14,418 - INFO - --- validation at epoch 18, val_loss 0.0336, val_mae 0.2187, val_rmse 0.2568, val_r2 0.1097, val_pearson 0.4193, lr 1.00e-03 ---
2026-10-01 17:44:14,418 - INFO - 
****************************************************************************************************
2026-10-01 17:44:18,364 - INFO - --- training epoch 19, loss 0.0461, mae 0.2476, rmse 0.3037, time elapsed(min) 0.06---
2026-10-01 17:44:18,843 - INFO - --- validation at epoch 19, val_loss 0.0322, val_mae 0.2134, val_rmse 0.2518, val_r2 0.1438, val_pearson 0.4360, lr 1.00e-03 ---
2026-10-01 17:44:18,843 - INFO - 
****************************************************************************************************
2026-10-01 17:44:22,832 - INFO - --- training epoch 20, loss 0.0352, mae 0.2197, rmse 0.2654, time elapsed(min) 0.06---
2026-10-01 17:44:23,155 - INFO - --- validation at epoch 20, val_loss 0.0354, val_mae 0.2152, val_rmse 0.2670, val_r2 0.0375, val_pearson 0.4639, lr 1.00e-03 ---
2026-10-01 17:44:23,155 - INFO - 
****************************************************************************************************
2026-10-01 17:44:27,045 - INFO - --- training epoch 21, loss 0.0333, mae 0.2127, rmse 0.2581, time elapsed(min) 0.06---
2026-10-01 17:44:27,369 - INFO - --- validation at epoch 21, val_loss 0.0275, val_mae 0.1929, val_rmse 0.2359, val_r2 0.2482, val_pearson 0.5329, lr 1.00e-03 ---
2026-10-01 17:44:27,369 - INFO - 
****************************************************************************************************
2026-10-01 17:44:31,352 - INFO - --- training epoch 22, loss 0.0281, mae 0.1914, rmse 0.2369, time elapsed(min) 0.06---
2026-10-01 17:44:31,730 - INFO - --- validation at epoch 22, val_loss 0.0251, val_mae 0.1751, val_rmse 0.2256, val_r2 0.3126, val_pearson 0.5885, lr 1.00e-03 ---
2026-10-01 17:44:31,730 - INFO - 
****************************************************************************************************
2026-10-01 17:44:36,029 - INFO - --- training epoch 23, loss 0.0263, mae 0.1842, rmse 0.2294, time elapsed(min) 0.06---
2026-10-01 17:44:36,351 - INFO - --- validation at epoch 23, val_loss 0.0311, val_mae 0.1935, val_rmse 0.2543, val_r2 0.1268, val_pearson 0.5821, lr 1.00e-03 ---
2026-10-01 17:44:36,352 - INFO - 
****************************************************************************************************
2026-10-01 17:44:40,257 - INFO - --- training epoch 24, loss 0.0258, mae 0.1808, rmse 0.2273, time elapsed(min) 0.06---
2026-10-01 17:44:40,582 - INFO - --- validation at epoch 24, val_loss 0.0240, val_mae 0.1671, val_rmse 0.2198, val_r2 0.3475, val_pearson 0.6107, lr 1.00e-03 ---
2026-10-01 17:44:40,582 - INFO - 
****************************************************************************************************
2026-10-01 17:44:44,558 - INFO - --- training epoch 25, loss 0.0256, mae 0.1803, rmse 0.2263, time elapsed(min) 0.06---
2026-10-01 17:44:44,938 - INFO - --- validation at epoch 25, val_loss 0.0217, val_mae 0.1746, val_rmse 0.2114, val_r2 0.3965, val_pearson 0.6337, lr 1.00e-03 ---
2026-10-01 17:44:44,939 - INFO - 
****************************************************************************************************
2026-10-01 17:44:49,079 - INFO - --- training epoch 26, loss 0.0257, mae 0.1793, rmse 0.2269, time elapsed(min) 0.06---
2026-10-01 17:44:49,568 - INFO - --- validation at epoch 26, val_loss 0.0228, val_mae 0.1732, val_rmse 0.2149, val_r2 0.3764, val_pearson 0.6366, lr 1.00e-03 ---
2026-10-01 17:44:49,568 - INFO - 
****************************************************************************************************
2026-10-01 17:44:53,567 - INFO - --- training epoch 27, loss 0.0242, mae 0.1741, rmse 0.2200, time elapsed(min) 0.06---
2026-10-01 17:44:53,890 - INFO - --- validation at epoch 27, val_loss 0.0222, val_mae 0.1709, val_rmse 0.2116, val_r2 0.3953, val_pearson 0.6551, lr 1.00e-03 ---
2026-10-01 17:44:53,890 - INFO - 
****************************************************************************************************
2026-10-01 17:44:57,840 - INFO - --- training epoch 28, loss 0.0231, mae 0.1702, rmse 0.2149, time elapsed(min) 0.06---
2026-10-01 17:44:58,165 - INFO - --- validation at epoch 28, val_loss 0.0199, val_mae 0.1636, val_rmse 0.2037, val_r2 0.4398, val_pearson 0.6723, lr 1.00e-03 ---
2026-10-01 17:44:58,165 - INFO - 
****************************************************************************************************
2026-10-01 17:45:02,354 - INFO - --- training epoch 29, loss 0.0231, mae 0.1703, rmse 0.2150, time elapsed(min) 0.06---
2026-10-01 17:45:02,831 - INFO - --- validation at epoch 29, val_loss 0.0207, val_mae 0.1660, val_rmse 0.2053, val_r2 0.4306, val_pearson 0.6762, lr 1.00e-03 ---
2026-10-01 17:45:02,831 - INFO - 
****************************************************************************************************
2026-10-01 17:45:06,827 - INFO - --- training epoch 30, loss 0.0232, mae 0.1702, rmse 0.2156, time elapsed(min) 0.06---
2026-10-01 17:45:07,149 - INFO - --- validation at epoch 30, val_loss 0.0211, val_mae 0.1631, val_rmse 0.2056, val_r2 0.4290, val_pearson 0.6648, lr 1.00e-03 ---
2026-10-01 17:45:07,149 - INFO - 
****************************************************************************************************
2026-10-01 17:45:11,088 - INFO - --- training epoch 31, loss 0.0230, mae 0.1703, rmse 0.2145, time elapsed(min) 0.06---
2026-10-01 17:45:11,411 - INFO - --- validation at epoch 31, val_loss 0.0233, val_mae 0.1761, val_rmse 0.2135, val_r2 0.3846, val_pearson 0.6514, lr 1.00e-03 ---
2026-10-01 17:45:11,411 - INFO - 
****************************************************************************************************
2026-10-01 17:45:15,356 - INFO - --- training epoch 32, loss 0.0236, mae 0.1738, rmse 0.2171, time elapsed(min) 0.06---
2026-10-01 17:45:15,813 - INFO - --- validation at epoch 32, val_loss 0.0221, val_mae 0.1698, val_rmse 0.2105, val_r2 0.4018, val_pearson 0.6346, lr 1.00e-03 ---
2026-10-01 17:45:15,814 - INFO - 
****************************************************************************************************
2026-10-01 17:45:19,978 - INFO - --- training epoch 33, loss 0.0234, mae 0.1711, rmse 0.2164, time elapsed(min) 0.06---
2026-10-01 17:45:20,299 - INFO - --- validation at epoch 33, val_loss 0.0212, val_mae 0.1677, val_rmse 0.2066, val_r2 0.4236, val_pearson 0.6631, lr 1.00e-03 ---
2026-10-01 17:45:20,300 - INFO - 
****************************************************************************************************
2026-10-01 17:45:24,195 - INFO - --- training epoch 34, loss 0.0230, mae 0.1697, rmse 0.2146, time elapsed(min) 0.06---
2026-10-01 17:45:24,523 - INFO - --- validation at epoch 34, val_loss 0.0214, val_mae 0.1634, val_rmse 0.2058, val_r2 0.4282, val_pearson 0.6715, lr 1.00e-03 ---
2026-10-01 17:45:24,523 - INFO - 
****************************************************************************************************
2026-10-01 17:45:28,429 - INFO - --- training epoch 35, loss 0.0220, mae 0.1656, rmse 0.2099, time elapsed(min) 0.06---
2026-10-01 17:45:28,802 - INFO - --- validation at epoch 35, val_loss 0.0207, val_mae 0.1627, val_rmse 0.2041, val_r2 0.4374, val_pearson 0.6788, lr 1.00e-03 ---
2026-10-01 17:45:28,802 - INFO - 
****************************************************************************************************
2026-10-01 17:45:32,881 - INFO - --- training epoch 36, loss 0.0220, mae 0.1653, rmse 0.2097, time elapsed(min) 0.06---
2026-10-01 17:45:33,462 - INFO - --- validation at epoch 36, val_loss 0.0198, val_mae 0.1580, val_rmse 0.1999, val_r2 0.4604, val_pearson 0.6844, lr 1.00e-03 ---
2026-10-01 17:45:33,462 - INFO - 
****************************************************************************************************
2026-10-01 17:45:37,449 - INFO - --- training epoch 37, loss 0.0215, mae 0.1635, rmse 0.2073, time elapsed(min) 0.06---
2026-10-01 17:45:37,770 - INFO - --- validation at epoch 37, val_loss 0.0205, val_mae 0.1619, val_rmse 0.2034, val_r2 0.4414, val_pearson 0.6651, lr 1.00e-03 ---
2026-10-01 17:45:37,770 - INFO - 
****************************************************************************************************
2026-10-01 17:45:41,677 - INFO - --- training epoch 38, loss 0.0227, mae 0.1681, rmse 0.2131, time elapsed(min) 0.06---
2026-10-01 17:45:42,055 - INFO - --- validation at epoch 38, val_loss 0.0196, val_mae 0.1559, val_rmse 0.1989, val_r2 0.4659, val_pearson 0.6832, lr 1.00e-03 ---
2026-10-01 17:45:42,055 - INFO - 
****************************************************************************************************
2026-10-01 17:45:46,211 - INFO - --- training epoch 39, loss 0.0224, mae 0.1660, rmse 0.2118, time elapsed(min) 0.06---
2026-10-01 17:45:46,729 - INFO - --- validation at epoch 39, val_loss 0.0192, val_mae 0.1540, val_rmse 0.1976, val_r2 0.4728, val_pearson 0.6888, lr 1.00e-03 ---
2026-10-01 17:45:46,729 - INFO - 
****************************************************************************************************
2026-10-01 17:45:50,821 - INFO - --- training epoch 40, loss 0.0218, mae 0.1651, rmse 0.2090, time elapsed(min) 0.06---
2026-10-01 17:45:51,145 - INFO - --- validation at epoch 40, val_loss 0.0213, val_mae 0.1699, val_rmse 0.2065, val_r2 0.4242, val_pearson 0.6755, lr 1.00e-03 ---
2026-10-01 17:45:51,145 - INFO - 
****************************************************************************************************
2026-10-01 17:45:55,041 - INFO - --- training epoch 41, loss 0.0213, mae 0.1625, rmse 0.2064, time elapsed(min) 0.06---
2026-10-01 17:45:55,421 - INFO - --- validation at epoch 41, val_loss 0.0195, val_mae 0.1616, val_rmse 0.1993, val_r2 0.4635, val_pearson 0.6880, lr 1.00e-03 ---
2026-10-01 17:45:55,421 - INFO - 
****************************************************************************************************
2026-10-01 17:45:59,352 - INFO - --- training epoch 42, loss 0.0211, mae 0.1616, rmse 0.2054, time elapsed(min) 0.06---
2026-10-01 17:45:59,831 - INFO - --- validation at epoch 42, val_loss 0.0201, val_mae 0.1639, val_rmse 0.2018, val_r2 0.4499, val_pearson 0.6910, lr 1.00e-03 ---
2026-10-01 17:45:59,831 - INFO - 
****************************************************************************************************
2026-10-01 17:46:03,880 - INFO - --- training epoch 43, loss 0.0215, mae 0.1636, rmse 0.2074, time elapsed(min) 0.06---
2026-10-01 17:46:04,205 - INFO - --- validation at epoch 43, val_loss 0.0190, val_mae 0.1581, val_rmse 0.1970, val_r2 0.4759, val_pearson 0.6943, lr 1.00e-03 ---
2026-10-01 17:46:04,205 - INFO - 
****************************************************************************************************
2026-10-01 17:46:08,186 - INFO - --- training epoch 44, loss 0.0209, mae 0.1608, rmse 0.2046, time elapsed(min) 0.06---
2026-10-01 17:46:08,512 - INFO - --- validation at epoch 44, val_loss 0.0186, val_mae 0.1561, val_rmse 0.1953, val_r2 0.4847, val_pearson 0.6965, lr 1.00e-03 ---
2026-10-01 17:46:08,512 - INFO - 
****************************************************************************************************
2026-10-01 17:46:12,661 - INFO - --- training epoch 45, loss 0.0215, mae 0.1632, rmse 0.2072, time elapsed(min) 0.06---
2026-10-01 17:46:13,142 - INFO - --- validation at epoch 45, val_loss 0.0208, val_mae 0.1650, val_rmse 0.2040, val_r2 0.4382, val_pearson 0.6910, lr 1.00e-03 ---
2026-10-01 17:46:13,142 - INFO - 
****************************************************************************************************
2026-10-01 17:46:17,209 - INFO - --- training epoch 46, loss 0.0208, mae 0.1597, rmse 0.2039, time elapsed(min) 0.06---
2026-10-01 17:46:17,533 - INFO - --- validation at epoch 46, val_loss 0.0192, val_mae 0.1598, val_rmse 0.1979, val_r2 0.4711, val_pearson 0.6892, lr 1.00e-03 ---
2026-10-01 17:46:17,534 - INFO - 
****************************************************************************************************
2026-10-01 17:46:21,439 - INFO - --- training epoch 47, loss 0.0214, mae 0.1627, rmse 0.2069, time elapsed(min) 0.06---
2026-10-01 17:46:21,762 - INFO - --- validation at epoch 47, val_loss 0.0191, val_mae 0.1591, val_rmse 0.1976, val_r2 0.4726, val_pearson 0.6884, lr 1.00e-03 ---
2026-10-01 17:46:21,762 - INFO - 
****************************************************************************************************
2026-10-01 17:46:25,670 - INFO - --- training epoch 48, loss 0.0209, mae 0.1615, rmse 0.2047, time elapsed(min) 0.06---
2026-10-01 17:46:26,128 - INFO - --- validation at epoch 48, val_loss 0.0218, val_mae 0.1678, val_rmse 0.2069, val_r2 0.4217, val_pearson 0.6687, lr 1.00e-03 ---
2026-10-01 17:46:26,129 - INFO - 
****************************************************************************************************
2026-10-01 17:46:30,319 - INFO - --- training epoch 49, loss 0.0215, mae 0.1638, rmse 0.2075, time elapsed(min) 0.06---
2026-10-01 17:46:30,645 - INFO - --- validation at epoch 49, val_loss 0.0195, val_mae 0.1619, val_rmse 0.1988, val_r2 0.4663, val_pearson 0.6865, lr 1.00e-03 ---
2026-10-01 17:46:30,645 - INFO - 
****************************************************************************************************
2026-10-01 17:46:34,577 - INFO - --- training epoch 50, loss 0.0213, mae 0.1626, rmse 0.2065, time elapsed(min) 0.06---
2026-10-01 17:46:34,898 - INFO - --- validation at epoch 50, val_loss 0.0188, val_mae 0.1537, val_rmse 0.1960, val_r2 0.4813, val_pearson 0.6961, lr 1.00e-03 ---
2026-10-01 17:46:34,899 - INFO - 
****************************************************************************************************
2026-10-01 17:46:38,825 - INFO - --- training epoch 51, loss 0.0213, mae 0.1618, rmse 0.2062, time elapsed(min) 0.06---
2026-10-01 17:46:39,205 - INFO - --- validation at epoch 51, val_loss 0.0220, val_mae 0.1710, val_rmse 0.2084, val_r2 0.4136, val_pearson 0.6688, lr 1.00e-03 ---
2026-10-01 17:46:39,205 - INFO - 
****************************************************************************************************
2026-10-01 17:46:43,379 - INFO - --- training epoch 52, loss 0.0219, mae 0.1650, rmse 0.2094, time elapsed(min) 0.06---
2026-10-01 17:46:43,702 - INFO - --- validation at epoch 52, val_loss 0.0207, val_mae 0.1629, val_rmse 0.2011, val_r2 0.4536, val_pearson 0.6817, lr 1.00e-03 ---
2026-10-01 17:46:43,702 - INFO - 
****************************************************************************************************
2026-10-01 17:46:47,606 - INFO - --- training epoch 53, loss 0.0216, mae 0.1635, rmse 0.2077, time elapsed(min) 0.06---
2026-10-01 17:46:47,929 - INFO - --- validation at epoch 53, val_loss 0.0192, val_mae 0.1591, val_rmse 0.1968, val_r2 0.4768, val_pearson 0.6955, lr 1.00e-03 ---
2026-10-01 17:46:47,929 - INFO - 
****************************************************************************************************
2026-10-01 17:46:51,881 - INFO - --- training epoch 54, loss 0.0207, mae 0.1599, rmse 0.2033, time elapsed(min) 0.06---
2026-10-01 17:46:52,259 - INFO - --- validation at epoch 54, val_loss 0.0191, val_mae 0.1579, val_rmse 0.1970, val_r2 0.4760, val_pearson 0.7006, lr 1.00e-03 ---
2026-10-01 17:46:52,259 - INFO - 
****************************************************************************************************
2026-10-01 17:46:52,542 - INFO - --- early stopping at epoch 54: val_loss did not improve for 10 epochs ---
2026-10-01 17:46:53,075 - INFO - --- selected checkpoint from epoch 44, val_loss 0.0186, val_mae 0.1561, val_rmse 0.1953
2026-10-01 17:46:54,314 - INFO - -- RESULT
2026-10-01 17:46:54,314 - INFO - --- test size: 1728
2026-10-01 17:46:54,314 - INFO - --- MAE: 0.1589 (15.89 pp), RMSE: 0.2004 (20.04 pp), R2: 0.4901, Pearson: 0.7007
2026-10-01 17:46:56,738 - INFO - --- Cell approach_1_linear DONE: test MAE=0.1589 RMSE=0.2004 R2=0.4901 | sec/epoch=4.38
2026-10-01 17:46:56,804 - INFO - === RUNNING: dataset=suzuki split=split_9 cell=approach_1_mlp (tokens=comb, pooling=rn, head=mlp) ===
