2026-10-01 18:20:48,200 - INFO - device is	cuda:0
2026-10-01 18:20:48,311 - INFO - -- CONFIGURATIONS
2026-10-01 18:20:48,311 - INFO - --- train/valid/test: 3628/404/1728
2026-10-01 18:20:48,311 - INFO - --- max no. reactants_train, valid, test respectively: 14, 14, 14
2026-10-01 18:20:48,311 - INFO - --- max no. products_train, valid, test respectively: 1, 1, 1
2026-10-01 18:20:48,311 - INFO - --- model_path: ../logs/approach1_server/option_b_mlp/suzuki/runs/suzuki_split_3_20261001_182048/split_3/model.pt
2026-10-01 18:20:48,416 - INFO - -- TRAINING
2026-10-01 18:20:50,693 - INFO - --- training epoch 0, loss 1.1545, mae 1.4666, rmse 3.7316, time elapsed(min) 0.04---
2026-10-01 18:20:50,951 - INFO - --- validation at epoch 0, val_loss 0.0577, val_mae 0.2643, val_rmse 0.3388, val_r2 -0.4298, val_pearson 0.0577, lr 1.00e-03 ---
2026-10-01 18:20:50,951 - INFO - 
****************************************************************************************************
2026-10-01 18:20:53,220 - INFO - --- training epoch 1, loss 0.0431, mae 0.2495, rmse 0.2936, time elapsed(min) 0.03---
2026-10-01 18:20:53,466 - INFO - --- validation at epoch 1, val_loss 0.0409, val_mae 0.2487, val_rmse 0.2889, val_r2 -0.0396, val_pearson 0.1559, lr 1.00e-03 ---
2026-10-01 18:20:53,466 - INFO - 
****************************************************************************************************
2026-10-01 18:20:55,734 - INFO - --- training epoch 2, loss 0.0405, mae 0.2448, rmse 0.2846, time elapsed(min) 0.03---
2026-10-01 18:20:56,137 - INFO - --- validation at epoch 2, val_loss 0.0405, val_mae 0.2484, val_rmse 0.2876, val_r2 -0.0301, val_pearson 0.1939, lr 1.00e-03 ---
2026-10-01 18:20:56,138 - INFO - 
****************************************************************************************************
2026-10-01 18:20:58,504 - INFO - --- training epoch 3, loss 0.0404, mae 0.2447, rmse 0.2841, time elapsed(min) 0.03---
2026-10-01 18:20:58,970 - INFO - --- validation at epoch 3, val_loss 0.0400, val_mae 0.2482, val_rmse 0.2862, val_r2 -0.0203, val_pearson 0.1993, lr 1.00e-03 ---
2026-10-01 18:20:58,970 - INFO - 
****************************************************************************************************
2026-10-01 18:21:01,522 - INFO - --- training epoch 4, loss 0.0405, mae 0.2460, rmse 0.2845, time elapsed(min) 0.03---
2026-10-01 18:21:01,772 - INFO - --- validation at epoch 4, val_loss 0.0400, val_mae 0.2479, val_rmse 0.2860, val_r2 -0.0187, val_pearson 0.2012, lr 1.00e-03 ---
2026-10-01 18:21:01,772 - INFO - 
****************************************************************************************************
2026-10-01 18:21:04,013 - INFO - --- training epoch 5, loss 0.0399, mae 0.2436, rmse 0.2824, time elapsed(min) 0.03---
2026-10-01 18:21:04,274 - INFO - --- validation at epoch 5, val_loss 0.0392, val_mae 0.2474, val_rmse 0.2838, val_r2 -0.0030, val_pearson 0.1881, lr 1.00e-03 ---
2026-10-01 18:21:04,274 - INFO - 
****************************************************************************************************
2026-10-01 18:21:06,682 - INFO - --- training epoch 6, loss 0.0401, mae 0.2447, rmse 0.2833, time elapsed(min) 0.03---
2026-10-01 18:21:07,119 - INFO - --- validation at epoch 6, val_loss 0.0391, val_mae 0.2466, val_rmse 0.2831, val_r2 0.0014, val_pearson 0.1735, lr 1.00e-03 ---
2026-10-01 18:21:07,120 - INFO - 
****************************************************************************************************
2026-10-01 18:21:09,544 - INFO - --- training epoch 7, loss 0.0402, mae 0.2443, rmse 0.2837, time elapsed(min) 0.03---
2026-10-01 18:21:09,797 - INFO - --- validation at epoch 7, val_loss 0.0397, val_mae 0.2453, val_rmse 0.2843, val_r2 -0.0067, val_pearson 0.1818, lr 1.00e-03 ---
2026-10-01 18:21:09,797 - INFO - 
****************************************************************************************************
2026-10-01 18:21:12,030 - INFO - --- training epoch 8, loss 0.0399, mae 0.2432, rmse 0.2823, time elapsed(min) 0.03---
2026-10-01 18:21:12,284 - INFO - --- validation at epoch 8, val_loss 0.0392, val_mae 0.2446, val_rmse 0.2825, val_r2 0.0059, val_pearson 0.2291, lr 1.00e-03 ---
2026-10-01 18:21:12,284 - INFO - 
****************************************************************************************************
2026-10-01 18:21:14,622 - INFO - --- training epoch 9, loss 0.0397, mae 0.2429, rmse 0.2819, time elapsed(min) 0.03---
2026-10-01 18:21:15,039 - INFO - --- validation at epoch 9, val_loss 0.0408, val_mae 0.2451, val_rmse 0.2874, val_r2 -0.0286, val_pearson 0.2442, lr 1.00e-03 ---
2026-10-01 18:21:15,039 - INFO - 
****************************************************************************************************
2026-10-01 18:21:17,539 - INFO - --- training epoch 10, loss 0.0396, mae 0.2426, rmse 0.2815, time elapsed(min) 0.04---
2026-10-01 18:21:17,790 - INFO - --- validation at epoch 10, val_loss 0.0407, val_mae 0.2450, val_rmse 0.2871, val_r2 -0.0268, val_pearson 0.2478, lr 1.00e-03 ---
2026-10-01 18:21:17,790 - INFO - 
****************************************************************************************************
2026-10-01 18:21:19,949 - INFO - --- training epoch 11, loss 0.0401, mae 0.2435, rmse 0.2831, time elapsed(min) 0.03---
2026-10-01 18:21:20,203 - INFO - --- validation at epoch 11, val_loss 0.0401, val_mae 0.2444, val_rmse 0.2851, val_r2 -0.0126, val_pearson 0.2490, lr 1.00e-03 ---
2026-10-01 18:21:20,203 - INFO - 
****************************************************************************************************
2026-10-01 18:21:22,409 - INFO - --- training epoch 12, loss 0.0401, mae 0.2433, rmse 0.2833, time elapsed(min) 0.03---
2026-10-01 18:21:22,819 - INFO - --- validation at epoch 12, val_loss 0.0427, val_mae 0.2468, val_rmse 0.2932, val_r2 -0.0708, val_pearson 0.2489, lr 1.00e-03 ---
2026-10-01 18:21:22,819 - INFO - 
****************************************************************************************************
2026-10-01 18:21:25,297 - INFO - --- training epoch 13, loss 0.0396, mae 0.2422, rmse 0.2815, time elapsed(min) 0.04---
2026-10-01 18:21:25,549 - INFO - --- validation at epoch 13, val_loss 0.0386, val_mae 0.2417, val_rmse 0.2805, val_r2 0.0198, val_pearson 0.2450, lr 1.00e-03 ---
2026-10-01 18:21:25,549 - INFO - 
****************************************************************************************************
2026-10-01 18:21:27,856 - INFO - --- training epoch 14, loss 0.0389, mae 0.2402, rmse 0.2788, time elapsed(min) 0.03---
2026-10-01 18:21:28,106 - INFO - --- validation at epoch 14, val_loss 0.0394, val_mae 0.2413, val_rmse 0.2827, val_r2 0.0044, val_pearson 0.2435, lr 1.00e-03 ---
2026-10-01 18:21:28,106 - INFO - 
****************************************************************************************************
2026-10-01 18:21:30,482 - INFO - --- training epoch 15, loss 0.0388, mae 0.2396, rmse 0.2786, time elapsed(min) 0.03---
2026-10-01 18:21:30,899 - INFO - --- validation at epoch 15, val_loss 0.0407, val_mae 0.2434, val_rmse 0.2867, val_r2 -0.0239, val_pearson 0.2517, lr 1.00e-03 ---
2026-10-01 18:21:30,899 - INFO - 
****************************************************************************************************
2026-10-01 18:21:33,605 - INFO - --- training epoch 16, loss 0.0384, mae 0.2384, rmse 0.2771, time elapsed(min) 0.04---
2026-10-01 18:21:33,862 - INFO - --- validation at epoch 16, val_loss 0.0377, val_mae 0.2391, val_rmse 0.2780, val_r2 0.0376, val_pearson 0.2673, lr 1.00e-03 ---
2026-10-01 18:21:33,863 - INFO - 
****************************************************************************************************
2026-10-01 18:21:36,159 - INFO - --- training epoch 17, loss 0.0377, mae 0.2361, rmse 0.2747, time elapsed(min) 0.03---
2026-10-01 18:21:36,412 - INFO - --- validation at epoch 17, val_loss 0.0368, val_mae 0.2399, val_rmse 0.2757, val_r2 0.0533, val_pearson 0.2495, lr 1.00e-03 ---
2026-10-01 18:21:36,412 - INFO - 
****************************************************************************************************
2026-10-01 18:21:38,783 - INFO - --- training epoch 18, loss 0.0380, mae 0.2373, rmse 0.2758, time elapsed(min) 0.03---
2026-10-01 18:21:39,032 - INFO - --- validation at epoch 18, val_loss 0.0365, val_mae 0.2390, val_rmse 0.2745, val_r2 0.0618, val_pearson 0.2953, lr 1.00e-03 ---
2026-10-01 18:21:39,032 - INFO - 
****************************************************************************************************
2026-10-01 18:21:41,496 - INFO - --- training epoch 19, loss 0.0370, mae 0.2330, rmse 0.2722, time elapsed(min) 0.03---
2026-10-01 18:21:41,958 - INFO - --- validation at epoch 19, val_loss 0.0348, val_mae 0.2345, val_rmse 0.2682, val_r2 0.1041, val_pearson 0.3456, lr 1.00e-03 ---
2026-10-01 18:21:41,958 - INFO - 
****************************************************************************************************
2026-10-01 18:21:44,449 - INFO - --- training epoch 20, loss 0.0372, mae 0.2326, rmse 0.2729, time elapsed(min) 0.03---
2026-10-01 18:21:44,698 - INFO - --- validation at epoch 20, val_loss 0.0348, val_mae 0.2296, val_rmse 0.2671, val_r2 0.1110, val_pearson 0.3596, lr 1.00e-03 ---
2026-10-01 18:21:44,698 - INFO - 
****************************************************************************************************
2026-10-01 18:21:47,008 - INFO - --- training epoch 21, loss 0.0372, mae 0.2326, rmse 0.2727, time elapsed(min) 0.03---
2026-10-01 18:21:47,260 - INFO - --- validation at epoch 21, val_loss 0.0343, val_mae 0.2310, val_rmse 0.2660, val_r2 0.1189, val_pearson 0.3641, lr 1.00e-03 ---
2026-10-01 18:21:47,260 - INFO - 
****************************************************************************************************
2026-10-01 18:21:49,719 - INFO - --- training epoch 22, loss 0.0372, mae 0.2328, rmse 0.2726, time elapsed(min) 0.03---
2026-10-01 18:21:50,132 - INFO - --- validation at epoch 22, val_loss 0.0362, val_mae 0.2399, val_rmse 0.2732, val_r2 0.0701, val_pearson 0.2729, lr 1.00e-03 ---
2026-10-01 18:21:50,132 - INFO - 
****************************************************************************************************
2026-10-01 18:21:52,702 - INFO - --- training epoch 23, loss 0.0383, mae 0.2384, rmse 0.2769, time elapsed(min) 0.04---
2026-10-01 18:21:52,959 - INFO - --- validation at epoch 23, val_loss 0.0382, val_mae 0.2372, val_rmse 0.2785, val_r2 0.0340, val_pearson 0.3286, lr 1.00e-03 ---
2026-10-01 18:21:52,960 - INFO - 
****************************************************************************************************
2026-10-01 18:21:55,222 - INFO - --- training epoch 24, loss 0.0371, mae 0.2330, rmse 0.2726, time elapsed(min) 0.03---
2026-10-01 18:21:55,484 - INFO - --- validation at epoch 24, val_loss 0.0338, val_mae 0.2298, val_rmse 0.2643, val_r2 0.1295, val_pearson 0.3721, lr 1.00e-03 ---
2026-10-01 18:21:55,484 - INFO - 
****************************************************************************************************
2026-10-01 18:21:57,872 - INFO - --- training epoch 25, loss 0.0372, mae 0.2325, rmse 0.2729, time elapsed(min) 0.03---
2026-10-01 18:21:58,297 - INFO - --- validation at epoch 25, val_loss 0.0361, val_mae 0.2414, val_rmse 0.2738, val_r2 0.0663, val_pearson 0.2830, lr 1.00e-03 ---
2026-10-01 18:21:58,297 - INFO - 
****************************************************************************************************
2026-10-01 18:22:00,906 - INFO - --- training epoch 26, loss 0.0372, mae 0.2328, rmse 0.2727, time elapsed(min) 0.04---
2026-10-01 18:22:01,165 - INFO - --- validation at epoch 26, val_loss 0.0342, val_mae 0.2292, val_rmse 0.2644, val_r2 0.1293, val_pearson 0.3659, lr 1.00e-03 ---
2026-10-01 18:22:01,165 - INFO - 
****************************************************************************************************
2026-10-01 18:22:03,418 - INFO - --- training epoch 27, loss 0.0365, mae 0.2303, rmse 0.2701, time elapsed(min) 0.03---
2026-10-01 18:22:03,674 - INFO - --- validation at epoch 27, val_loss 0.0365, val_mae 0.2299, val_rmse 0.2710, val_r2 0.0849, val_pearson 0.3722, lr 1.00e-03 ---
2026-10-01 18:22:03,674 - INFO - 
****************************************************************************************************
2026-10-01 18:22:05,952 - INFO - --- training epoch 28, loss 0.0381, mae 0.2355, rmse 0.2759, time elapsed(min) 0.03---
2026-10-01 18:22:06,212 - INFO - --- validation at epoch 28, val_loss 0.0383, val_mae 0.2330, val_rmse 0.2781, val_r2 0.0364, val_pearson 0.4011, lr 1.00e-03 ---
2026-10-01 18:22:06,212 - INFO - 
****************************************************************************************************
2026-10-01 18:22:08,639 - INFO - --- training epoch 29, loss 0.0377, mae 0.2329, rmse 0.2745, time elapsed(min) 0.03---
2026-10-01 18:22:09,110 - INFO - --- validation at epoch 29, val_loss 0.0349, val_mae 0.2366, val_rmse 0.2695, val_r2 0.0953, val_pearson 0.3220, lr 1.00e-03 ---
2026-10-01 18:22:09,110 - INFO - 
****************************************************************************************************
2026-10-01 18:22:11,478 - INFO - --- training epoch 30, loss 0.0369, mae 0.2304, rmse 0.2718, time elapsed(min) 0.03---
2026-10-01 18:22:11,737 - INFO - --- validation at epoch 30, val_loss 0.0324, val_mae 0.2217, val_rmse 0.2596, val_r2 0.1604, val_pearson 0.4027, lr 1.00e-03 ---
2026-10-01 18:22:11,737 - INFO - 
****************************************************************************************************
2026-10-01 18:22:14,071 - INFO - --- training epoch 31, loss 0.0333, mae 0.2139, rmse 0.2581, time elapsed(min) 0.03---
2026-10-01 18:22:14,325 - INFO - --- validation at epoch 31, val_loss 0.0273, val_mae 0.2050, val_rmse 0.2395, val_r2 0.2854, val_pearson 0.5501, lr 1.00e-03 ---
2026-10-01 18:22:14,325 - INFO - 
****************************************************************************************************
2026-10-01 18:22:16,779 - INFO - --- training epoch 32, loss 0.0277, mae 0.1894, rmse 0.2356, time elapsed(min) 0.03---
2026-10-01 18:22:17,250 - INFO - --- validation at epoch 32, val_loss 0.0219, val_mae 0.1707, val_rmse 0.2122, val_r2 0.4390, val_pearson 0.6774, lr 1.00e-03 ---
2026-10-01 18:22:17,250 - INFO - 
****************************************************************************************************
2026-10-01 18:22:19,766 - INFO - --- training epoch 33, loss 0.0250, mae 0.1756, rmse 0.2235, time elapsed(min) 0.03---
2026-10-01 18:22:20,019 - INFO - --- validation at epoch 33, val_loss 0.0225, val_mae 0.1650, val_rmse 0.2136, val_r2 0.4318, val_pearson 0.6838, lr 1.00e-03 ---
2026-10-01 18:22:20,020 - INFO - 
****************************************************************************************************
2026-10-01 18:22:22,444 - INFO - --- training epoch 34, loss 0.0233, mae 0.1691, rmse 0.2161, time elapsed(min) 0.03---
2026-10-01 18:22:22,699 - INFO - --- validation at epoch 34, val_loss 0.0196, val_mae 0.1569, val_rmse 0.2014, val_r2 0.4949, val_pearson 0.7049, lr 1.00e-03 ---
2026-10-01 18:22:22,699 - INFO - 
****************************************************************************************************
2026-10-01 18:22:25,062 - INFO - --- training epoch 35, loss 0.0236, mae 0.1682, rmse 0.2172, time elapsed(min) 0.03---
2026-10-01 18:22:25,495 - INFO - --- validation at epoch 35, val_loss 0.0227, val_mae 0.1670, val_rmse 0.2129, val_r2 0.4354, val_pearson 0.7131, lr 1.00e-03 ---
2026-10-01 18:22:25,495 - INFO - 
****************************************************************************************************
2026-10-01 18:22:28,037 - INFO - --- training epoch 36, loss 0.0234, mae 0.1685, rmse 0.2161, time elapsed(min) 0.04---
2026-10-01 18:22:28,287 - INFO - --- validation at epoch 36, val_loss 0.0195, val_mae 0.1556, val_rmse 0.1986, val_r2 0.5085, val_pearson 0.7184, lr 1.00e-03 ---
2026-10-01 18:22:28,288 - INFO - 
****************************************************************************************************
2026-10-01 18:22:30,748 - INFO - --- training epoch 37, loss 0.0240, mae 0.1705, rmse 0.2190, time elapsed(min) 0.03---
2026-10-01 18:22:31,006 - INFO - --- validation at epoch 37, val_loss 0.0217, val_mae 0.1593, val_rmse 0.2089, val_r2 0.4563, val_pearson 0.6766, lr 1.00e-03 ---
2026-10-01 18:22:31,007 - INFO - 
****************************************************************************************************
2026-10-01 18:22:33,330 - INFO - --- training epoch 38, loss 0.0233, mae 0.1675, rmse 0.2159, time elapsed(min) 0.03---
2026-10-01 18:22:33,744 - INFO - --- validation at epoch 38, val_loss 0.0193, val_mae 0.1573, val_rmse 0.1981, val_r2 0.5110, val_pearson 0.7165, lr 1.00e-03 ---
2026-10-01 18:22:33,744 - INFO - 
****************************************************************************************************
2026-10-01 18:22:36,405 - INFO - --- training epoch 39, loss 0.0220, mae 0.1619, rmse 0.2100, time elapsed(min) 0.04---
2026-10-01 18:22:36,671 - INFO - --- validation at epoch 39, val_loss 0.0178, val_mae 0.1477, val_rmse 0.1889, val_r2 0.5554, val_pearson 0.7456, lr 1.00e-03 ---
2026-10-01 18:22:36,671 - INFO - 
****************************************************************************************************
2026-10-01 18:22:39,095 - INFO - --- training epoch 40, loss 0.0211, mae 0.1581, rmse 0.2052, time elapsed(min) 0.03---
2026-10-01 18:22:39,348 - INFO - --- validation at epoch 40, val_loss 0.0167, val_mae 0.1465, val_rmse 0.1846, val_r2 0.5753, val_pearson 0.7620, lr 1.00e-03 ---
2026-10-01 18:22:39,348 - INFO - 
****************************************************************************************************
2026-10-01 18:22:41,740 - INFO - --- training epoch 41, loss 0.0209, mae 0.1564, rmse 0.2044, time elapsed(min) 0.03---
2026-10-01 18:22:42,156 - INFO - --- validation at epoch 41, val_loss 0.0183, val_mae 0.1558, val_rmse 0.1919, val_r2 0.5412, val_pearson 0.7409, lr 1.00e-03 ---
2026-10-01 18:22:42,156 - INFO - 
****************************************************************************************************
2026-10-01 18:22:44,694 - INFO - --- training epoch 42, loss 0.0216, mae 0.1603, rmse 0.2080, time elapsed(min) 0.04---
2026-10-01 18:22:45,168 - INFO - --- validation at epoch 42, val_loss 0.0177, val_mae 0.1568, val_rmse 0.1954, val_r2 0.5244, val_pearson 0.7303, lr 1.00e-03 ---
2026-10-01 18:22:45,168 - INFO - 
****************************************************************************************************
2026-10-01 18:22:47,641 - INFO - --- training epoch 43, loss 0.0211, mae 0.1578, rmse 0.2053, time elapsed(min) 0.03---
2026-10-01 18:22:47,896 - INFO - --- validation at epoch 43, val_loss 0.0161, val_mae 0.1448, val_rmse 0.1830, val_r2 0.5829, val_pearson 0.7655, lr 1.00e-03 ---
2026-10-01 18:22:47,896 - INFO - 
****************************************************************************************************
2026-10-01 18:22:50,291 - INFO - --- training epoch 44, loss 0.0204, mae 0.1542, rmse 0.2019, time elapsed(min) 0.03---
2026-10-01 18:22:50,547 - INFO - --- validation at epoch 44, val_loss 0.0165, val_mae 0.1421, val_rmse 0.1829, val_r2 0.5834, val_pearson 0.7639, lr 1.00e-03 ---
2026-10-01 18:22:50,548 - INFO - 
****************************************************************************************************
2026-10-01 18:22:52,897 - INFO - --- training epoch 45, loss 0.0206, mae 0.1552, rmse 0.2028, time elapsed(min) 0.03---
2026-10-01 18:22:53,381 - INFO - --- validation at epoch 45, val_loss 0.0209, val_mae 0.1609, val_rmse 0.2079, val_r2 0.4616, val_pearson 0.7045, lr 1.00e-03 ---
2026-10-01 18:22:53,381 - INFO - 
****************************************************************************************************
2026-10-01 18:22:55,921 - INFO - --- training epoch 46, loss 0.0218, mae 0.1602, rmse 0.2086, time elapsed(min) 0.04---
2026-10-01 18:22:56,203 - INFO - --- validation at epoch 46, val_loss 0.0170, val_mae 0.1438, val_rmse 0.1854, val_r2 0.5717, val_pearson 0.7570, lr 1.00e-03 ---
2026-10-01 18:22:56,204 - INFO - 
****************************************************************************************************
2026-10-01 18:22:58,458 - INFO - --- training epoch 47, loss 0.0211, mae 0.1574, rmse 0.2056, time elapsed(min) 0.03---
2026-10-01 18:22:58,713 - INFO - --- validation at epoch 47, val_loss 0.0175, val_mae 0.1468, val_rmse 0.1875, val_r2 0.5622, val_pearson 0.7518, lr 1.00e-03 ---
2026-10-01 18:22:58,713 - INFO - 
****************************************************************************************************
2026-10-01 18:23:01,017 - INFO - --- training epoch 48, loss 0.0206, mae 0.1562, rmse 0.2032, time elapsed(min) 0.03---
2026-10-01 18:23:01,434 - INFO - --- validation at epoch 48, val_loss 0.0172, val_mae 0.1469, val_rmse 0.1862, val_r2 0.5683, val_pearson 0.7659, lr 1.00e-03 ---
2026-10-01 18:23:01,434 - INFO - 
****************************************************************************************************
2026-10-01 18:23:03,976 - INFO - --- training epoch 49, loss 0.0206, mae 0.1557, rmse 0.2028, time elapsed(min) 0.04---
2026-10-01 18:23:04,227 - INFO - --- validation at epoch 49, val_loss 0.0166, val_mae 0.1455, val_rmse 0.1834, val_r2 0.5811, val_pearson 0.7648, lr 1.00e-03 ---
2026-10-01 18:23:04,228 - INFO - 
****************************************************************************************************
2026-10-01 18:23:06,479 - INFO - --- training epoch 50, loss 0.0204, mae 0.1544, rmse 0.2021, time elapsed(min) 0.03---
2026-10-01 18:23:06,734 - INFO - --- validation at epoch 50, val_loss 0.0167, val_mae 0.1436, val_rmse 0.1831, val_r2 0.5825, val_pearson 0.7653, lr 1.00e-03 ---
2026-10-01 18:23:06,734 - INFO - 
****************************************************************************************************
2026-10-01 18:23:09,001 - INFO - --- training epoch 51, loss 0.0199, mae 0.1532, rmse 0.1995, time elapsed(min) 0.03---
2026-10-01 18:23:09,269 - INFO - --- validation at epoch 51, val_loss 0.0160, val_mae 0.1411, val_rmse 0.1803, val_r2 0.5950, val_pearson 0.7723, lr 1.00e-03 ---
2026-10-01 18:23:09,269 - INFO - 
****************************************************************************************************
2026-10-01 18:23:11,803 - INFO - --- training epoch 52, loss 0.0195, mae 0.1509, rmse 0.1973, time elapsed(min) 0.03---
2026-10-01 18:23:12,281 - INFO - --- validation at epoch 52, val_loss 0.0160, val_mae 0.1434, val_rmse 0.1815, val_r2 0.5897, val_pearson 0.7729, lr 1.00e-03 ---
2026-10-01 18:23:12,281 - INFO - 
****************************************************************************************************
2026-10-01 18:23:14,764 - INFO - --- training epoch 53, loss 0.0195, mae 0.1512, rmse 0.1974, time elapsed(min) 0.03---
2026-10-01 18:23:15,044 - INFO - --- validation at epoch 53, val_loss 0.0159, val_mae 0.1446, val_rmse 0.1819, val_r2 0.5879, val_pearson 0.7696, lr 1.00e-03 ---
2026-10-01 18:23:15,044 - INFO - 
****************************************************************************************************
2026-10-01 18:23:17,456 - INFO - --- training epoch 54, loss 0.0198, mae 0.1533, rmse 0.1992, time elapsed(min) 0.03---
2026-10-01 18:23:17,713 - INFO - --- validation at epoch 54, val_loss 0.0161, val_mae 0.1426, val_rmse 0.1823, val_r2 0.5860, val_pearson 0.7700, lr 1.00e-03 ---
2026-10-01 18:23:17,713 - INFO - 
****************************************************************************************************
2026-10-01 18:23:20,133 - INFO - --- training epoch 55, loss 0.0193, mae 0.1502, rmse 0.1964, time elapsed(min) 0.03---
2026-10-01 18:23:20,590 - INFO - --- validation at epoch 55, val_loss 0.0157, val_mae 0.1380, val_rmse 0.1796, val_r2 0.5981, val_pearson 0.7737, lr 1.00e-03 ---
2026-10-01 18:23:20,590 - INFO - 
****************************************************************************************************
2026-10-01 18:23:23,163 - INFO - --- training epoch 56, loss 0.0197, mae 0.1509, rmse 0.1984, time elapsed(min) 0.03---
2026-10-01 18:23:23,417 - INFO - --- validation at epoch 56, val_loss 0.0166, val_mae 0.1436, val_rmse 0.1841, val_r2 0.5777, val_pearson 0.7724, lr 1.00e-03 ---
2026-10-01 18:23:23,417 - INFO - 
****************************************************************************************************
2026-10-01 18:23:25,753 - INFO - --- training epoch 57, loss 0.0207, mae 0.1567, rmse 0.2036, time elapsed(min) 0.03---
2026-10-01 18:23:26,004 - INFO - --- validation at epoch 57, val_loss 0.0173, val_mae 0.1579, val_rmse 0.1912, val_r2 0.5448, val_pearson 0.7569, lr 1.00e-03 ---
2026-10-01 18:23:26,004 - INFO - 
****************************************************************************************************
2026-10-01 18:23:28,402 - INFO - --- training epoch 58, loss 0.0199, mae 0.1532, rmse 0.1994, time elapsed(min) 0.03---
2026-10-01 18:23:28,885 - INFO - --- validation at epoch 58, val_loss 0.0157, val_mae 0.1408, val_rmse 0.1778, val_r2 0.6064, val_pearson 0.7825, lr 1.00e-03 ---
2026-10-01 18:23:28,885 - INFO - 
****************************************************************************************************
2026-10-01 18:23:31,396 - INFO - --- training epoch 59, loss 0.0201, mae 0.1535, rmse 0.2004, time elapsed(min) 0.04---
2026-10-01 18:23:31,652 - INFO - --- validation at epoch 59, val_loss 0.0158, val_mae 0.1400, val_rmse 0.1775, val_r2 0.6076, val_pearson 0.7844, lr 1.00e-03 ---
2026-10-01 18:23:31,652 - INFO - 
****************************************************************************************************
2026-10-01 18:23:33,948 - INFO - --- training epoch 60, loss 0.0201, mae 0.1536, rmse 0.2004, time elapsed(min) 0.03---
2026-10-01 18:23:34,206 - INFO - --- validation at epoch 60, val_loss 0.0174, val_mae 0.1473, val_rmse 0.1869, val_r2 0.5647, val_pearson 0.7802, lr 1.00e-03 ---
2026-10-01 18:23:34,207 - INFO - 
****************************************************************************************************
2026-10-01 18:23:36,492 - INFO - --- training epoch 61, loss 0.0202, mae 0.1549, rmse 0.2010, time elapsed(min) 0.03---
2026-10-01 18:23:36,908 - INFO - --- validation at epoch 61, val_loss 0.0175, val_mae 0.1450, val_rmse 0.1847, val_r2 0.5753, val_pearson 0.7707, lr 1.00e-03 ---
2026-10-01 18:23:36,909 - INFO - 
****************************************************************************************************
2026-10-01 18:23:39,453 - INFO - --- training epoch 62, loss 0.0209, mae 0.1576, rmse 0.2047, time elapsed(min) 0.04---
2026-10-01 18:23:39,706 - INFO - --- validation at epoch 62, val_loss 0.0176, val_mae 0.1473, val_rmse 0.1847, val_r2 0.5749, val_pearson 0.7739, lr 1.00e-03 ---
2026-10-01 18:23:39,706 - INFO - 
****************************************************************************************************
2026-10-01 18:23:41,981 - INFO - --- training epoch 63, loss 0.0211, mae 0.1591, rmse 0.2055, time elapsed(min) 0.03---
2026-10-01 18:23:42,240 - INFO - --- validation at epoch 63, val_loss 0.0175, val_mae 0.1507, val_rmse 0.1872, val_r2 0.5635, val_pearson 0.7660, lr 1.00e-03 ---
2026-10-01 18:23:42,241 - INFO - 
****************************************************************************************************
2026-10-01 18:23:44,574 - INFO - --- training epoch 64, loss 0.0196, mae 0.1520, rmse 0.1979, time elapsed(min) 0.03---
2026-10-01 18:23:44,992 - INFO - --- validation at epoch 64, val_loss 0.0151, val_mae 0.1338, val_rmse 0.1728, val_r2 0.6279, val_pearson 0.7927, lr 1.00e-03 ---
2026-10-01 18:23:44,992 - INFO - 
****************************************************************************************************
2026-10-01 18:23:47,636 - INFO - --- training epoch 65, loss 0.0196, mae 0.1510, rmse 0.1978, time elapsed(min) 0.04---
2026-10-01 18:23:47,896 - INFO - --- validation at epoch 65, val_loss 0.0166, val_mae 0.1406, val_rmse 0.1794, val_r2 0.5993, val_pearson 0.7914, lr 1.00e-03 ---
2026-10-01 18:23:47,897 - INFO - 
****************************************************************************************************
2026-10-01 18:23:50,181 - INFO - --- training epoch 66, loss 0.0191, mae 0.1498, rmse 0.1956, time elapsed(min) 0.03---
2026-10-01 18:23:50,450 - INFO - --- validation at epoch 66, val_loss 0.0173, val_mae 0.1467, val_rmse 0.1852, val_r2 0.5728, val_pearson 0.7909, lr 1.00e-03 ---
2026-10-01 18:23:50,450 - INFO - 
****************************************************************************************************
2026-10-01 18:23:52,728 - INFO - --- training epoch 67, loss 0.0190, mae 0.1503, rmse 0.1952, time elapsed(min) 0.03---
2026-10-01 18:23:53,152 - INFO - --- validation at epoch 67, val_loss 0.0155, val_mae 0.1375, val_rmse 0.1749, val_r2 0.6191, val_pearson 0.7965, lr 1.00e-03 ---
2026-10-01 18:23:53,153 - INFO - 
****************************************************************************************************
2026-10-01 18:23:55,738 - INFO - --- training epoch 68, loss 0.0190, mae 0.1494, rmse 0.1951, time elapsed(min) 0.04---
2026-10-01 18:23:55,994 - INFO - --- validation at epoch 68, val_loss 0.0181, val_mae 0.1438, val_rmse 0.1885, val_r2 0.5576, val_pearson 0.7614, lr 1.00e-03 ---
2026-10-01 18:23:55,994 - INFO - 
****************************************************************************************************
2026-10-01 18:23:58,233 - INFO - --- training epoch 69, loss 0.0193, mae 0.1506, rmse 0.1966, time elapsed(min) 0.03---
2026-10-01 18:23:58,491 - INFO - --- validation at epoch 69, val_loss 0.0179, val_mae 0.1462, val_rmse 0.1887, val_r2 0.5567, val_pearson 0.7844, lr 1.00e-03 ---
2026-10-01 18:23:58,491 - INFO - 
****************************************************************************************************
2026-10-01 18:24:00,862 - INFO - --- training epoch 70, loss 0.0191, mae 0.1500, rmse 0.1953, time elapsed(min) 0.03---
2026-10-01 18:24:01,134 - INFO - --- validation at epoch 70, val_loss 0.0161, val_mae 0.1425, val_rmse 0.1802, val_r2 0.5953, val_pearson 0.7870, lr 1.00e-03 ---
2026-10-01 18:24:01,134 - INFO - 
****************************************************************************************************
2026-10-01 18:24:03,546 - INFO - --- training epoch 71, loss 0.0188, mae 0.1480, rmse 0.1941, time elapsed(min) 0.03---
2026-10-01 18:24:04,013 - INFO - --- validation at epoch 71, val_loss 0.0149, val_mae 0.1316, val_rmse 0.1716, val_r2 0.6333, val_pearson 0.7987, lr 1.00e-03 ---
2026-10-01 18:24:04,013 - INFO - 
****************************************************************************************************
2026-10-01 18:24:06,532 - INFO - --- training epoch 72, loss 0.0187, mae 0.1482, rmse 0.1935, time elapsed(min) 0.03---
2026-10-01 18:24:06,790 - INFO - --- validation at epoch 72, val_loss 0.0184, val_mae 0.1464, val_rmse 0.1906, val_r2 0.5475, val_pearson 0.7695, lr 1.00e-03 ---
2026-10-01 18:24:06,791 - INFO - 
****************************************************************************************************
2026-10-01 18:24:09,094 - INFO - --- training epoch 73, loss 0.0187, mae 0.1487, rmse 0.1933, time elapsed(min) 0.03---
2026-10-01 18:24:09,349 - INFO - --- validation at epoch 73, val_loss 0.0181, val_mae 0.1449, val_rmse 0.1878, val_r2 0.5605, val_pearson 0.7954, lr 1.00e-03 ---
2026-10-01 18:24:09,349 - INFO - 
****************************************************************************************************
2026-10-01 18:24:11,602 - INFO - --- training epoch 74, loss 0.0182, mae 0.1452, rmse 0.1907, time elapsed(min) 0.03---
2026-10-01 18:24:12,063 - INFO - --- validation at epoch 74, val_loss 0.0152, val_mae 0.1344, val_rmse 0.1726, val_r2 0.6288, val_pearson 0.8007, lr 1.00e-03 ---
2026-10-01 18:24:12,063 - INFO - 
****************************************************************************************************
2026-10-01 18:24:14,499 - INFO - --- training epoch 75, loss 0.0184, mae 0.1466, rmse 0.1917, time elapsed(min) 0.03---
2026-10-01 18:24:14,753 - INFO - --- validation at epoch 75, val_loss 0.0158, val_mae 0.1371, val_rmse 0.1775, val_r2 0.6075, val_pearson 0.7901, lr 1.00e-03 ---
2026-10-01 18:24:14,753 - INFO - 
****************************************************************************************************
2026-10-01 18:24:17,039 - INFO - --- training epoch 76, loss 0.0190, mae 0.1494, rmse 0.1951, time elapsed(min) 0.03---
2026-10-01 18:24:17,315 - INFO - --- validation at epoch 76, val_loss 0.0153, val_mae 0.1414, val_rmse 0.1770, val_r2 0.6099, val_pearson 0.7874, lr 1.00e-03 ---
2026-10-01 18:24:17,315 - INFO - 
****************************************************************************************************
2026-10-01 18:24:19,746 - INFO - --- training epoch 77, loss 0.0188, mae 0.1487, rmse 0.1938, time elapsed(min) 0.03---
2026-10-01 18:24:20,178 - INFO - --- validation at epoch 77, val_loss 0.0167, val_mae 0.1410, val_rmse 0.1818, val_r2 0.5883, val_pearson 0.7828, lr 1.00e-03 ---
2026-10-01 18:24:20,179 - INFO - 
****************************************************************************************************
2026-10-01 18:24:22,721 - INFO - --- training epoch 78, loss 0.0182, mae 0.1455, rmse 0.1909, time elapsed(min) 0.04---
2026-10-01 18:24:22,983 - INFO - --- validation at epoch 78, val_loss 0.0155, val_mae 0.1352, val_rmse 0.1749, val_r2 0.6188, val_pearson 0.7901, lr 1.00e-03 ---
2026-10-01 18:24:22,983 - INFO - 
****************************************************************************************************
2026-10-01 18:24:25,237 - INFO - --- training epoch 79, loss 0.0181, mae 0.1455, rmse 0.1903, time elapsed(min) 0.03---
2026-10-01 18:24:25,494 - INFO - --- validation at epoch 79, val_loss 0.0164, val_mae 0.1399, val_rmse 0.1803, val_r2 0.5949, val_pearson 0.7964, lr 1.00e-03 ---
2026-10-01 18:24:25,494 - INFO - 
****************************************************************************************************
2026-10-01 18:24:27,786 - INFO - --- training epoch 80, loss 0.0181, mae 0.1452, rmse 0.1904, time elapsed(min) 0.03---
2026-10-01 18:24:28,205 - INFO - --- validation at epoch 80, val_loss 0.0148, val_mae 0.1344, val_rmse 0.1713, val_r2 0.6344, val_pearson 0.8032, lr 1.00e-03 ---
2026-10-01 18:24:28,205 - INFO - 
****************************************************************************************************
2026-10-01 18:24:30,862 - INFO - --- training epoch 81, loss 0.0186, mae 0.1465, rmse 0.1927, time elapsed(min) 0.04---
2026-10-01 18:24:31,115 - INFO - --- validation at epoch 81, val_loss 0.0183, val_mae 0.1464, val_rmse 0.1900, val_r2 0.5502, val_pearson 0.7783, lr 1.00e-03 ---
2026-10-01 18:24:31,115 - INFO - 
****************************************************************************************************
2026-10-01 18:24:33,357 - INFO - --- training epoch 82, loss 0.0180, mae 0.1452, rmse 0.1900, time elapsed(min) 0.03---
2026-10-01 18:24:33,656 - INFO - --- validation at epoch 82, val_loss 0.0160, val_mae 0.1379, val_rmse 0.1790, val_r2 0.6010, val_pearson 0.7875, lr 1.00e-03 ---
2026-10-01 18:24:33,656 - INFO - 
****************************************************************************************************
2026-10-01 18:24:35,915 - INFO - --- training epoch 83, loss 0.0183, mae 0.1457, rmse 0.1913, time elapsed(min) 0.03---
2026-10-01 18:24:36,331 - INFO - --- validation at epoch 83, val_loss 0.0149, val_mae 0.1330, val_rmse 0.1702, val_r2 0.6391, val_pearson 0.8138, lr 1.00e-03 ---
2026-10-01 18:24:36,331 - INFO - 
****************************************************************************************************
2026-10-01 18:24:38,758 - INFO - --- training epoch 84, loss 0.0184, mae 0.1482, rmse 0.1919, time elapsed(min) 0.03---
2026-10-01 18:24:39,220 - INFO - --- validation at epoch 84, val_loss 0.0144, val_mae 0.1305, val_rmse 0.1664, val_r2 0.6552, val_pearson 0.8163, lr 1.00e-03 ---
2026-10-01 18:24:39,220 - INFO - 
****************************************************************************************************
2026-10-01 18:24:41,698 - INFO - --- training epoch 85, loss 0.0190, mae 0.1492, rmse 0.1950, time elapsed(min) 0.03---
2026-10-01 18:24:41,948 - INFO - --- validation at epoch 85, val_loss 0.0152, val_mae 0.1356, val_rmse 0.1727, val_r2 0.6287, val_pearson 0.8118, lr 1.00e-03 ---
2026-10-01 18:24:41,949 - INFO - 
****************************************************************************************************
2026-10-01 18:24:44,285 - INFO - --- training epoch 86, loss 0.0174, mae 0.1423, rmse 0.1864, time elapsed(min) 0.03---
2026-10-01 18:24:44,537 - INFO - --- validation at epoch 86, val_loss 0.0150, val_mae 0.1326, val_rmse 0.1716, val_r2 0.6332, val_pearson 0.8037, lr 1.00e-03 ---
2026-10-01 18:24:44,537 - INFO - 
****************************************************************************************************
2026-10-01 18:24:46,839 - INFO - --- training epoch 87, loss 0.0174, mae 0.1436, rmse 0.1867, time elapsed(min) 0.03---
2026-10-01 18:24:47,286 - INFO - --- validation at epoch 87, val_loss 0.0144, val_mae 0.1311, val_rmse 0.1690, val_r2 0.6441, val_pearson 0.8078, lr 1.00e-03 ---
2026-10-01 18:24:47,286 - INFO - 
****************************************************************************************************
2026-10-01 18:24:49,756 - INFO - --- training epoch 88, loss 0.0172, mae 0.1404, rmse 0.1853, time elapsed(min) 0.03---
2026-10-01 18:24:50,012 - INFO - --- validation at epoch 88, val_loss 0.0155, val_mae 0.1337, val_rmse 0.1742, val_r2 0.6222, val_pearson 0.8050, lr 1.00e-03 ---
2026-10-01 18:24:50,012 - INFO - 
****************************************************************************************************
2026-10-01 18:24:52,333 - INFO - --- training epoch 89, loss 0.0179, mae 0.1442, rmse 0.1892, time elapsed(min) 0.03---
2026-10-01 18:24:52,587 - INFO - --- validation at epoch 89, val_loss 0.0139, val_mae 0.1325, val_rmse 0.1680, val_r2 0.6485, val_pearson 0.8135, lr 1.00e-03 ---
2026-10-01 18:24:52,588 - INFO - 
****************************************************************************************************
2026-10-01 18:24:55,054 - INFO - --- training epoch 90, loss 0.0176, mae 0.1430, rmse 0.1879, time elapsed(min) 0.03---
2026-10-01 18:24:55,518 - INFO - --- validation at epoch 90, val_loss 0.0143, val_mae 0.1303, val_rmse 0.1678, val_r2 0.6493, val_pearson 0.8179, lr 1.00e-03 ---
2026-10-01 18:24:55,518 - INFO - 
****************************************************************************************************
2026-10-01 18:24:58,083 - INFO - --- training epoch 91, loss 0.0178, mae 0.1435, rmse 0.1884, time elapsed(min) 0.03---
2026-10-01 18:24:58,340 - INFO - --- validation at epoch 91, val_loss 0.0156, val_mae 0.1323, val_rmse 0.1722, val_r2 0.6305, val_pearson 0.8137, lr 1.00e-03 ---
2026-10-01 18:24:58,341 - INFO - 
****************************************************************************************************
2026-10-01 18:25:00,725 - INFO - --- training epoch 92, loss 0.0174, mae 0.1420, rmse 0.1865, time elapsed(min) 0.03---
2026-10-01 18:25:00,990 - INFO - --- validation at epoch 92, val_loss 0.0151, val_mae 0.1330, val_rmse 0.1724, val_r2 0.6296, val_pearson 0.8039, lr 1.00e-03 ---
2026-10-01 18:25:00,990 - INFO - 
****************************************************************************************************
2026-10-01 18:25:03,241 - INFO - --- training epoch 93, loss 0.0173, mae 0.1416, rmse 0.1862, time elapsed(min) 0.03---
2026-10-01 18:25:03,668 - INFO - --- validation at epoch 93, val_loss 0.0159, val_mae 0.1348, val_rmse 0.1774, val_r2 0.6080, val_pearson 0.7993, lr 1.00e-03 ---
2026-10-01 18:25:03,668 - INFO - 
****************************************************************************************************
2026-10-01 18:25:06,250 - INFO - --- training epoch 94, loss 0.0175, mae 0.1419, rmse 0.1870, time elapsed(min) 0.04---
2026-10-01 18:25:06,507 - INFO - --- validation at epoch 94, val_loss 0.0157, val_mae 0.1356, val_rmse 0.1753, val_r2 0.6173, val_pearson 0.8161, lr 1.00e-03 ---
2026-10-01 18:25:06,507 - INFO - 
****************************************************************************************************
2026-10-01 18:25:08,750 - INFO - --- training epoch 95, loss 0.0175, mae 0.1424, rmse 0.1870, time elapsed(min) 0.03---
2026-10-01 18:25:09,007 - INFO - --- validation at epoch 95, val_loss 0.0145, val_mae 0.1298, val_rmse 0.1693, val_r2 0.6429, val_pearson 0.8097, lr 1.00e-03 ---
2026-10-01 18:25:09,007 - INFO - 
****************************************************************************************************
2026-10-01 18:25:11,302 - INFO - --- training epoch 96, loss 0.0173, mae 0.1410, rmse 0.1861, time elapsed(min) 0.03---
2026-10-01 18:25:11,553 - INFO - --- validation at epoch 96, val_loss 0.0160, val_mae 0.1358, val_rmse 0.1765, val_r2 0.6120, val_pearson 0.8110, lr 1.00e-03 ---
2026-10-01 18:25:11,553 - INFO - 
****************************************************************************************************
2026-10-01 18:25:13,927 - INFO - --- training epoch 97, loss 0.0175, mae 0.1416, rmse 0.1871, time elapsed(min) 0.03---
2026-10-01 18:25:14,563 - INFO - --- validation at epoch 97, val_loss 0.0161, val_mae 0.1402, val_rmse 0.1804, val_r2 0.5945, val_pearson 0.7821, lr 1.00e-03 ---
2026-10-01 18:25:14,563 - INFO - 
****************************************************************************************************
2026-10-01 18:25:16,851 - INFO - --- training epoch 98, loss 0.0177, mae 0.1423, rmse 0.1880, time elapsed(min) 0.03---
2026-10-01 18:25:17,115 - INFO - --- validation at epoch 98, val_loss 0.0156, val_mae 0.1341, val_rmse 0.1732, val_r2 0.6262, val_pearson 0.8076, lr 1.00e-03 ---
2026-10-01 18:25:17,115 - INFO - 
****************************************************************************************************
2026-10-01 18:25:19,391 - INFO - --- training epoch 99, loss 0.0174, mae 0.1415, rmse 0.1865, time elapsed(min) 0.03---
2026-10-01 18:25:19,653 - INFO - --- validation at epoch 99, val_loss 0.0142, val_mae 0.1270, val_rmse 0.1648, val_r2 0.6615, val_pearson 0.8209, lr 1.00e-03 ---
2026-10-01 18:25:19,653 - INFO - 
****************************************************************************************************
2026-10-01 18:25:20,024 - INFO - --- early stopping at epoch 99: val_loss did not improve for 10 epochs ---
2026-10-01 18:25:20,486 - INFO - --- selected checkpoint from epoch 89, val_loss 0.0139, val_mae 0.1325, val_rmse 0.1680
2026-10-01 18:25:21,582 - INFO - -- RESULT
2026-10-01 18:25:21,582 - INFO - --- test size: 1728
2026-10-01 18:25:21,582 - INFO - --- MAE: 0.1375 (13.75 pp), RMSE: 0.1791 (17.91 pp), R2: 0.5905, Pearson: 0.7726
