2026-10-01 12:38:18,114 - INFO - device is	cuda:0
2026-10-01 12:38:18,207 - INFO - -- CONFIGURATIONS
2026-10-01 12:38:18,207 - INFO - --- train/valid/test: 2491/277/1187
2026-10-01 12:38:18,207 - INFO - --- max no. reactants_train, valid, test respectively: 6, 6, 6
2026-10-01 12:38:18,207 - INFO - --- max no. products_train, valid, test respectively: 1, 1, 1
2026-10-01 12:38:18,207 - INFO - --- model_path: ../logs/bh_approach1_grid/runs/bh/fullcv10_split70/ind_mean_mlp/model.pt
2026-10-01 12:38:18,216 - INFO - -- TRAINING
2026-10-01 12:38:18,882 - INFO - --- training epoch 0, loss 24.7713, mae 25.2672, rmse 31.5838, time elapsed(min) 0.01---
2026-10-01 12:38:19,049 - INFO - --- validation at epoch 0, val_loss 22.2811, val_mae 23.5831, val_rmse 28.4943, val_r2 -0.1020, val_pearson -0.2790, lr 1.00e-03 ---
2026-10-01 12:38:19,049 - INFO - 
****************************************************************************************************
2026-10-01 12:38:20,137 - INFO - --- training epoch 1, loss 22.8671, mae 23.3616, rmse 27.9491, time elapsed(min) 0.01---
2026-10-01 12:38:20,289 - INFO - --- validation at epoch 1, val_loss 22.4143, val_mae 23.4462, val_rmse 27.3680, val_r2 -0.0166, val_pearson -0.3037, lr 1.00e-03 ---
2026-10-01 12:38:20,289 - INFO - 
****************************************************************************************************
2026-10-01 12:38:21,428 - INFO - --- training epoch 2, loss 22.7851, mae 23.2811, rmse 27.9163, time elapsed(min) 0.01---
2026-10-01 12:38:21,597 - INFO - --- validation at epoch 2, val_loss 22.2168, val_mae 23.4515, val_rmse 28.1889, val_r2 -0.0785, val_pearson -0.0774, lr 1.00e-03 ---
2026-10-01 12:38:21,598 - INFO - 
****************************************************************************************************
2026-10-01 12:38:22,875 - INFO - --- training epoch 3, loss 22.6274, mae 23.1243, rmse 27.9487, time elapsed(min) 0.01---
2026-10-01 12:38:23,046 - INFO - --- validation at epoch 3, val_loss 22.4097, val_mae 23.1822, val_rmse 27.1949, val_r2 -0.0038, val_pearson 0.1005, lr 1.00e-03 ---
2026-10-01 12:38:23,046 - INFO - 
****************************************************************************************************
2026-10-01 12:38:24,274 - INFO - --- training epoch 4, loss 22.5437, mae 23.0393, rmse 27.3920, time elapsed(min) 0.01---
2026-10-01 12:38:24,442 - INFO - --- validation at epoch 4, val_loss 22.8642, val_mae 24.3578, val_rmse 30.5964, val_r2 -0.2706, val_pearson 0.1300, lr 1.00e-03 ---
2026-10-01 12:38:24,442 - INFO - 
****************************************************************************************************
2026-10-01 12:38:25,665 - INFO - --- training epoch 5, loss 22.8194, mae 23.3156, rmse 28.1037, time elapsed(min) 0.01---
2026-10-01 12:38:25,825 - INFO - --- validation at epoch 5, val_loss 22.5441, val_mae 23.2722, val_rmse 26.9090, val_r2 0.0172, val_pearson 0.1479, lr 1.00e-03 ---
2026-10-01 12:38:25,825 - INFO - 
****************************************************************************************************
2026-10-01 12:38:27,020 - INFO - --- training epoch 6, loss 22.3314, mae 22.8277, rmse 27.0386, time elapsed(min) 0.01---
2026-10-01 12:38:27,178 - INFO - --- validation at epoch 6, val_loss 22.4353, val_mae 23.1976, val_rmse 27.1710, val_r2 -0.0020, val_pearson 0.1504, lr 1.00e-03 ---
2026-10-01 12:38:27,178 - INFO - 
****************************************************************************************************
2026-10-01 12:38:28,225 - INFO - --- training epoch 7, loss 23.3204, mae 23.8162, rmse 29.0126, time elapsed(min) 0.01---
2026-10-01 12:38:28,396 - INFO - --- validation at epoch 7, val_loss 24.6307, val_mae 25.8203, val_rmse 31.9706, val_r2 -0.3873, val_pearson 0.1937, lr 1.00e-03 ---
2026-10-01 12:38:28,396 - INFO - 
****************************************************************************************************
2026-10-01 12:38:29,650 - INFO - --- training epoch 8, loss 23.1232, mae 23.6198, rmse 28.8102, time elapsed(min) 0.01---
2026-10-01 12:38:29,813 - INFO - --- validation at epoch 8, val_loss 22.2332, val_mae 23.0845, val_rmse 27.0681, val_r2 0.0056, val_pearson 0.2398, lr 1.00e-03 ---
2026-10-01 12:38:29,813 - INFO - 
****************************************************************************************************
2026-10-01 12:38:31,088 - INFO - --- training epoch 9, loss 22.1067, mae 22.6033, rmse 26.5756, time elapsed(min) 0.01---
2026-10-01 12:38:31,258 - INFO - --- validation at epoch 9, val_loss 22.2769, val_mae 22.9568, val_rmse 26.5576, val_r2 0.0427, val_pearson 0.2422, lr 1.00e-03 ---
2026-10-01 12:38:31,259 - INFO - 
****************************************************************************************************
2026-10-01 12:38:32,525 - INFO - --- training epoch 10, loss 22.0255, mae 22.5218, rmse 26.3923, time elapsed(min) 0.01---
2026-10-01 12:38:32,694 - INFO - --- validation at epoch 10, val_loss 22.3986, val_mae 22.9739, val_rmse 26.5575, val_r2 0.0427, val_pearson 0.2367, lr 1.00e-03 ---
2026-10-01 12:38:32,694 - INFO - 
****************************************************************************************************
2026-10-01 12:38:33,885 - INFO - --- training epoch 11, loss 22.0565, mae 22.5547, rmse 26.5781, time elapsed(min) 0.01---
2026-10-01 12:38:34,038 - INFO - --- validation at epoch 11, val_loss 22.3651, val_mae 22.9112, val_rmse 26.5111, val_r2 0.0461, val_pearson 0.2478, lr 1.00e-03 ---
2026-10-01 12:38:34,038 - INFO - 
****************************************************************************************************
2026-10-01 12:38:35,076 - INFO - --- training epoch 12, loss 22.0493, mae 22.5457, rmse 26.6558, time elapsed(min) 0.01---
2026-10-01 12:38:35,241 - INFO - --- validation at epoch 12, val_loss 22.3341, val_mae 23.0079, val_rmse 26.9213, val_r2 0.0163, val_pearson 0.2490, lr 1.00e-03 ---
2026-10-01 12:38:35,241 - INFO - 
****************************************************************************************************
2026-10-01 12:38:35,609 - INFO - --- early stopping at epoch 12: val_loss did not improve for 10 epochs ---
2026-10-01 12:38:35,799 - INFO - --- selected checkpoint from epoch 2, val_loss 22.2168, val_mae 23.4515, val_rmse 28.1889
2026-10-01 12:38:36,259 - INFO - -- RESULT
2026-10-01 12:38:36,259 - INFO - --- test size: 1187
2026-10-01 12:38:36,259 - INFO - --- MAE: 23.3919 pp, RMSE: 28.3542 pp, R2: -0.0600, Pearson: -0.0349
2026-10-01 12:38:37,258 - INFO - --- Cell ind_mean_mlp DONE: test MAE=23.3919 RMSE=28.3542 R2=-0.0600 | sec/epoch=1.34
2026-10-01 12:38:37,271 - INFO - === RUNNING: dataset=bh split=test1 cell=current_model (tokens=ind, pooling=mean, head=linear) ===
