2026-10-01 11:57:02,575 - INFO - device is	cuda:0
2026-10-01 11:57:02,662 - INFO - -- CONFIGURATIONS
2026-10-01 11:57:02,663 - INFO - --- train/valid/test: 2491/277/1187
2026-10-01 11:57:02,663 - INFO - --- max no. reactants_train, valid, test respectively: 6, 6, 6
2026-10-01 11:57:02,663 - INFO - --- max no. products_train, valid, test respectively: 1, 1, 1
2026-10-01 11:57:02,663 - INFO - --- model_path: ../logs/approach1_server/approach_1_linear/bh/runs/fullcv01_split70/model.pt
2026-10-01 11:57:02,775 - INFO - -- TRAINING
2026-10-01 11:57:03,598 - INFO - --- training epoch 0, loss 24.3067, mae 24.8014, rmse 30.7286, time elapsed(min) 0.01---
2026-10-01 11:57:03,896 - INFO - --- validation at epoch 0, val_loss 22.3242, val_mae 23.2545, val_rmse 28.6890, val_r2 -0.1060, val_pearson -0.3244, lr 1.00e-03 ---
2026-10-01 11:57:03,896 - INFO - 
****************************************************************************************************
2026-10-01 11:57:04,967 - INFO - --- training epoch 1, loss 22.7680, mae 23.2642, rmse 28.0556, time elapsed(min) 0.01---
2026-10-01 11:57:05,123 - INFO - --- validation at epoch 1, val_loss 22.1723, val_mae 23.1073, val_rmse 27.7387, val_r2 -0.0340, val_pearson -0.3388, lr 1.00e-03 ---
2026-10-01 11:57:05,123 - INFO - 
****************************************************************************************************
2026-10-01 11:57:06,036 - INFO - --- training epoch 2, loss 22.6595, mae 23.1562, rmse 27.7489, time elapsed(min) 0.01---
2026-10-01 11:57:06,198 - INFO - --- validation at epoch 2, val_loss 22.0884, val_mae 22.9947, val_rmse 27.4498, val_r2 -0.0126, val_pearson 0.1994, lr 1.00e-03 ---
2026-10-01 11:57:06,198 - INFO - 
****************************************************************************************************
2026-10-01 11:57:07,260 - INFO - --- training epoch 3, loss 22.4040, mae 22.9010, rmse 27.5107, time elapsed(min) 0.01---
2026-10-01 11:57:07,424 - INFO - --- validation at epoch 3, val_loss 20.6002, val_mae 21.8817, val_rmse 26.0995, val_r2 0.0846, val_pearson 0.3328, lr 1.00e-03 ---
2026-10-01 11:57:07,424 - INFO - 
****************************************************************************************************
2026-10-01 11:57:08,511 - INFO - --- training epoch 4, loss 21.8567, mae 22.3531, rmse 26.9953, time elapsed(min) 0.01---
2026-10-01 11:57:08,669 - INFO - --- validation at epoch 4, val_loss 19.4537, val_mae 21.0576, val_rmse 26.0636, val_r2 0.0871, val_pearson 0.3518, lr 1.00e-03 ---
2026-10-01 11:57:08,669 - INFO - 
****************************************************************************************************
2026-10-01 11:57:09,736 - INFO - --- training epoch 5, loss 21.6836, mae 22.1800, rmse 27.1174, time elapsed(min) 0.01---
2026-10-01 11:57:09,894 - INFO - --- validation at epoch 5, val_loss 19.3161, val_mae 20.9284, val_rmse 26.1063, val_r2 0.0841, val_pearson 0.3563, lr 1.00e-03 ---
2026-10-01 11:57:09,894 - INFO - 
****************************************************************************************************
2026-10-01 11:57:11,145 - INFO - --- training epoch 6, loss 21.5758, mae 22.0719, rmse 27.0424, time elapsed(min) 0.01---
2026-10-01 11:57:11,308 - INFO - --- validation at epoch 6, val_loss 19.2988, val_mae 20.8625, val_rmse 26.1558, val_r2 0.0807, val_pearson 0.3660, lr 1.00e-03 ---
2026-10-01 11:57:11,308 - INFO - 
****************************************************************************************************
2026-10-01 11:57:12,269 - INFO - --- training epoch 7, loss 21.5558, mae 22.0511, rmse 26.8625, time elapsed(min) 0.01---
2026-10-01 11:57:12,423 - INFO - --- validation at epoch 7, val_loss 19.3501, val_mae 20.8596, val_rmse 26.3198, val_r2 0.0691, val_pearson 0.3770, lr 1.00e-03 ---
2026-10-01 11:57:12,423 - INFO - 
****************************************************************************************************
2026-10-01 11:57:13,426 - INFO - --- training epoch 8, loss 21.4362, mae 21.9330, rmse 26.7564, time elapsed(min) 0.01---
2026-10-01 11:57:13,578 - INFO - --- validation at epoch 8, val_loss 18.9779, val_mae 20.5279, val_rmse 25.5380, val_r2 0.1236, val_pearson 0.3996, lr 1.00e-03 ---
2026-10-01 11:57:13,578 - INFO - 
****************************************************************************************************
2026-10-01 11:57:14,781 - INFO - --- training epoch 9, loss 21.1468, mae 21.6408, rmse 26.1790, time elapsed(min) 0.01---
2026-10-01 11:57:14,926 - INFO - --- validation at epoch 9, val_loss 18.4787, val_mae 19.8517, val_rmse 24.7523, val_r2 0.1767, val_pearson 0.4823, lr 1.00e-03 ---
2026-10-01 11:57:14,927 - INFO - 
****************************************************************************************************
2026-10-01 11:57:16,035 - INFO - --- training epoch 10, loss 21.1912, mae 21.6860, rmse 26.1628, time elapsed(min) 0.01---
2026-10-01 11:57:16,192 - INFO - --- validation at epoch 10, val_loss 19.6565, val_mae 21.0408, val_rmse 24.7912, val_r2 0.1741, val_pearson 0.4446, lr 1.00e-03 ---
2026-10-01 11:57:16,192 - INFO - 
****************************************************************************************************
2026-10-01 11:57:17,232 - INFO - --- training epoch 11, loss 21.1039, mae 21.6000, rmse 26.0726, time elapsed(min) 0.01---
2026-10-01 11:57:17,570 - INFO - --- validation at epoch 11, val_loss 19.3280, val_mae 20.4695, val_rmse 24.2560, val_r2 0.2094, val_pearson 0.4694, lr 1.00e-03 ---
2026-10-01 11:57:17,570 - INFO - 
****************************************************************************************************
2026-10-01 11:57:18,556 - INFO - --- training epoch 12, loss 20.9730, mae 21.4680, rmse 25.6861, time elapsed(min) 0.01---
2026-10-01 11:57:18,715 - INFO - --- validation at epoch 12, val_loss 18.4953, val_mae 19.8172, val_rmse 24.2518, val_r2 0.2096, val_pearson 0.4922, lr 1.00e-03 ---
2026-10-01 11:57:18,715 - INFO - 
****************************************************************************************************
2026-10-01 11:57:19,574 - INFO - --- training epoch 13, loss 20.9665, mae 21.4616, rmse 25.7633, time elapsed(min) 0.01---
2026-10-01 11:57:19,729 - INFO - --- validation at epoch 13, val_loss 20.2002, val_mae 20.9956, val_rmse 24.3275, val_r2 0.2047, val_pearson 0.4824, lr 1.00e-03 ---
2026-10-01 11:57:19,730 - INFO - 
****************************************************************************************************
2026-10-01 11:57:20,576 - INFO - --- training epoch 14, loss 21.0946, mae 21.5918, rmse 25.6901, time elapsed(min) 0.01---
2026-10-01 11:57:20,734 - INFO - --- validation at epoch 14, val_loss 20.1635, val_mae 21.2807, val_rmse 24.3870, val_r2 0.2008, val_pearson 0.5058, lr 1.00e-03 ---
2026-10-01 11:57:20,734 - INFO - 
****************************************************************************************************
2026-10-01 11:57:21,750 - INFO - --- training epoch 15, loss 20.9356, mae 21.4318, rmse 25.5744, time elapsed(min) 0.01---
2026-10-01 11:57:21,911 - INFO - --- validation at epoch 15, val_loss 19.4138, val_mae 20.3094, val_rmse 23.8163, val_r2 0.2378, val_pearson 0.4987, lr 1.00e-03 ---
2026-10-01 11:57:21,911 - INFO - 
****************************************************************************************************
2026-10-01 11:57:22,917 - INFO - --- training epoch 16, loss 20.7027, mae 21.1988, rmse 25.3236, time elapsed(min) 0.01---
2026-10-01 11:57:23,071 - INFO - --- validation at epoch 16, val_loss 19.5868, val_mae 20.9638, val_rmse 24.5199, val_r2 0.1921, val_pearson 0.4655, lr 1.00e-03 ---
2026-10-01 11:57:23,071 - INFO - 
****************************************************************************************************
2026-10-01 11:57:24,080 - INFO - --- training epoch 17, loss 20.9241, mae 21.4191, rmse 25.8392, time elapsed(min) 0.01---
2026-10-01 11:57:24,240 - INFO - --- validation at epoch 17, val_loss 18.0400, val_mae 19.7469, val_rmse 24.0277, val_r2 0.2242, val_pearson 0.4809, lr 1.00e-03 ---
2026-10-01 11:57:24,240 - INFO - 
****************************************************************************************************
2026-10-01 11:57:25,233 - INFO - --- training epoch 18, loss 20.5732, mae 21.0694, rmse 25.2576, time elapsed(min) 0.01---
2026-10-01 11:57:25,385 - INFO - --- validation at epoch 18, val_loss 18.5930, val_mae 20.0489, val_rmse 23.8396, val_r2 0.2363, val_pearson 0.4965, lr 1.00e-03 ---
2026-10-01 11:57:25,385 - INFO - 
****************************************************************************************************
2026-10-01 11:57:26,406 - INFO - --- training epoch 19, loss 20.5017, mae 20.9988, rmse 25.2126, time elapsed(min) 0.01---
2026-10-01 11:57:26,566 - INFO - --- validation at epoch 19, val_loss 18.2087, val_mae 19.7971, val_rmse 23.7449, val_r2 0.2423, val_pearson 0.4923, lr 1.00e-03 ---
2026-10-01 11:57:26,566 - INFO - 
****************************************************************************************************
2026-10-01 11:57:27,599 - INFO - --- training epoch 20, loss 20.3676, mae 20.8631, rmse 25.0776, time elapsed(min) 0.01---
2026-10-01 11:57:27,769 - INFO - --- validation at epoch 20, val_loss 18.2401, val_mae 19.8835, val_rmse 23.7076, val_r2 0.2447, val_pearson 0.4964, lr 1.00e-03 ---
2026-10-01 11:57:27,769 - INFO - 
****************************************************************************************************
2026-10-01 11:57:28,792 - INFO - --- training epoch 21, loss 20.2576, mae 20.7539, rmse 24.9810, time elapsed(min) 0.01---
2026-10-01 11:57:28,957 - INFO - --- validation at epoch 21, val_loss 18.1599, val_mae 19.7143, val_rmse 23.6513, val_r2 0.2483, val_pearson 0.4984, lr 1.00e-03 ---
2026-10-01 11:57:28,957 - INFO - 
****************************************************************************************************
2026-10-01 11:57:29,968 - INFO - --- training epoch 22, loss 20.1943, mae 20.6900, rmse 24.9766, time elapsed(min) 0.01---
2026-10-01 11:57:30,125 - INFO - --- validation at epoch 22, val_loss 18.1185, val_mae 19.6660, val_rmse 23.6327, val_r2 0.2495, val_pearson 0.5010, lr 1.00e-03 ---
2026-10-01 11:57:30,125 - INFO - 
****************************************************************************************************
2026-10-01 11:57:30,985 - INFO - --- training epoch 23, loss 20.1601, mae 20.6566, rmse 24.9724, time elapsed(min) 0.01---
2026-10-01 11:57:31,153 - INFO - --- validation at epoch 23, val_loss 18.1311, val_mae 19.6149, val_rmse 23.5852, val_r2 0.2525, val_pearson 0.5037, lr 1.00e-03 ---
2026-10-01 11:57:31,153 - INFO - 
****************************************************************************************************
2026-10-01 11:57:32,028 - INFO - --- training epoch 24, loss 20.1271, mae 20.6224, rmse 24.9779, time elapsed(min) 0.01---
2026-10-01 11:57:32,193 - INFO - --- validation at epoch 24, val_loss 18.0155, val_mae 19.4719, val_rmse 23.6212, val_r2 0.2502, val_pearson 0.5028, lr 1.00e-03 ---
2026-10-01 11:57:32,193 - INFO - 
****************************************************************************************************
2026-10-01 11:57:33,319 - INFO - --- training epoch 25, loss 20.0149, mae 20.5105, rmse 24.8736, time elapsed(min) 0.01---
2026-10-01 11:57:33,484 - INFO - --- validation at epoch 25, val_loss 18.5861, val_mae 19.8351, val_rmse 24.1129, val_r2 0.2187, val_pearson 0.4817, lr 1.00e-03 ---
2026-10-01 11:57:33,484 - INFO - 
****************************************************************************************************
2026-10-01 11:57:34,522 - INFO - --- training epoch 26, loss 20.1956, mae 20.6905, rmse 24.9868, time elapsed(min) 0.01---
2026-10-01 11:57:34,669 - INFO - --- validation at epoch 26, val_loss 18.0557, val_mae 19.5519, val_rmse 23.5759, val_r2 0.2531, val_pearson 0.5038, lr 1.00e-03 ---
2026-10-01 11:57:34,669 - INFO - 
****************************************************************************************************
2026-10-01 11:57:35,757 - INFO - --- training epoch 27, loss 20.0345, mae 20.5296, rmse 24.9215, time elapsed(min) 0.01---
2026-10-01 11:57:36,089 - INFO - --- validation at epoch 27, val_loss 18.2381, val_mae 19.5145, val_rmse 23.5830, val_r2 0.2526, val_pearson 0.5077, lr 1.00e-03 ---
2026-10-01 11:57:36,089 - INFO - 
****************************************************************************************************
2026-10-01 11:57:37,128 - INFO - --- training epoch 28, loss 19.9079, mae 20.4024, rmse 24.7632, time elapsed(min) 0.01---
2026-10-01 11:57:37,287 - INFO - --- validation at epoch 28, val_loss 17.5734, val_mae 18.9934, val_rmse 23.2573, val_r2 0.2731, val_pearson 0.5289, lr 1.00e-03 ---
2026-10-01 11:57:37,287 - INFO - 
****************************************************************************************************
2026-10-01 11:57:38,256 - INFO - --- training epoch 29, loss 19.9537, mae 20.4492, rmse 24.9717, time elapsed(min) 0.01---
2026-10-01 11:57:38,406 - INFO - --- validation at epoch 29, val_loss 17.9314, val_mae 18.8979, val_rmse 22.9705, val_r2 0.2909, val_pearson 0.5399, lr 1.00e-03 ---
2026-10-01 11:57:38,406 - INFO - 
****************************************************************************************************
2026-10-01 11:57:39,490 - INFO - --- training epoch 30, loss 20.4176, mae 20.9136, rmse 25.3906, time elapsed(min) 0.01---
2026-10-01 11:57:39,657 - INFO - --- validation at epoch 30, val_loss 18.9982, val_mae 20.0020, val_rmse 23.8044, val_r2 0.2385, val_pearson 0.5009, lr 1.00e-03 ---
2026-10-01 11:57:39,657 - INFO - 
****************************************************************************************************
2026-10-01 11:57:40,675 - INFO - --- training epoch 31, loss 20.2320, mae 20.7275, rmse 25.0935, time elapsed(min) 0.01---
2026-10-01 11:57:40,837 - INFO - --- validation at epoch 31, val_loss 19.2318, val_mae 20.4265, val_rmse 23.7911, val_r2 0.2394, val_pearson 0.5022, lr 1.00e-03 ---
2026-10-01 11:57:40,837 - INFO - 
****************************************************************************************************
2026-10-01 11:57:41,938 - INFO - --- training epoch 32, loss 20.1460, mae 20.6418, rmse 25.0457, time elapsed(min) 0.01---
2026-10-01 11:57:42,256 - INFO - --- validation at epoch 32, val_loss 18.6586, val_mae 19.8863, val_rmse 23.4812, val_r2 0.2591, val_pearson 0.5130, lr 1.00e-03 ---
2026-10-01 11:57:42,256 - INFO - 
****************************************************************************************************
2026-10-01 11:57:43,265 - INFO - --- training epoch 33, loss 19.8269, mae 20.3221, rmse 24.8390, time elapsed(min) 0.01---
2026-10-01 11:57:43,417 - INFO - --- validation at epoch 33, val_loss 17.8558, val_mae 19.2017, val_rmse 23.9456, val_r2 0.2295, val_pearson 0.5221, lr 1.00e-03 ---
2026-10-01 11:57:43,417 - INFO - 
****************************************************************************************************
2026-10-01 11:57:44,301 - INFO - --- training epoch 34, loss 19.6804, mae 20.1760, rmse 24.6991, time elapsed(min) 0.01---
2026-10-01 11:57:44,464 - INFO - --- validation at epoch 34, val_loss 16.9488, val_mae 18.3924, val_rmse 23.0335, val_r2 0.2870, val_pearson 0.5436, lr 1.00e-03 ---
2026-10-01 11:57:44,464 - INFO - 
****************************************************************************************************
2026-10-01 11:57:45,584 - INFO - --- training epoch 35, loss 19.6750, mae 20.1707, rmse 24.7316, time elapsed(min) 0.01---
2026-10-01 11:57:45,729 - INFO - --- validation at epoch 35, val_loss 17.1411, val_mae 18.3343, val_rmse 22.9383, val_r2 0.2929, val_pearson 0.5471, lr 1.00e-03 ---
2026-10-01 11:57:45,729 - INFO - 
****************************************************************************************************
2026-10-01 11:57:46,753 - INFO - --- training epoch 36, loss 19.8135, mae 20.3098, rmse 24.9109, time elapsed(min) 0.01---
2026-10-01 11:57:46,905 - INFO - --- validation at epoch 36, val_loss 18.4958, val_mae 19.5458, val_rmse 23.0804, val_r2 0.2841, val_pearson 0.5416, lr 1.00e-03 ---
2026-10-01 11:57:46,905 - INFO - 
****************************************************************************************************
2026-10-01 11:57:47,970 - INFO - --- training epoch 37, loss 19.8221, mae 20.3168, rmse 25.0785, time elapsed(min) 0.01---
2026-10-01 11:57:48,326 - INFO - --- validation at epoch 37, val_loss 18.9006, val_mae 19.9430, val_rmse 23.3427, val_r2 0.2678, val_pearson 0.5214, lr 1.00e-03 ---
2026-10-01 11:57:48,326 - INFO - 
****************************************************************************************************
2026-10-01 11:57:49,343 - INFO - --- training epoch 38, loss 20.1043, mae 20.5993, rmse 25.2294, time elapsed(min) 0.01---
2026-10-01 11:57:49,506 - INFO - --- validation at epoch 38, val_loss 18.6866, val_mae 19.7650, val_rmse 23.6805, val_r2 0.2464, val_pearson 0.4972, lr 1.00e-03 ---
2026-10-01 11:57:49,506 - INFO - 
****************************************************************************************************
2026-10-01 11:57:50,387 - INFO - --- training epoch 39, loss 19.5921, mae 20.0861, rmse 24.6445, time elapsed(min) 0.01---
2026-10-01 11:57:50,541 - INFO - --- validation at epoch 39, val_loss 18.2213, val_mae 19.6867, val_rmse 23.7636, val_r2 0.2411, val_pearson 0.5046, lr 1.00e-03 ---
2026-10-01 11:57:50,541 - INFO - 
****************************************************************************************************
2026-10-01 11:57:51,562 - INFO - --- training epoch 40, loss 19.8210, mae 20.3170, rmse 24.8022, time elapsed(min) 0.01---
2026-10-01 11:57:51,714 - INFO - --- validation at epoch 40, val_loss 17.9903, val_mae 19.0584, val_rmse 23.0127, val_r2 0.2883, val_pearson 0.5427, lr 1.00e-03 ---
2026-10-01 11:57:51,714 - INFO - 
****************************************************************************************************
2026-10-01 11:57:52,886 - INFO - --- training epoch 41, loss 19.8083, mae 20.3036, rmse 24.8748, time elapsed(min) 0.01---
2026-10-01 11:57:53,044 - INFO - --- validation at epoch 41, val_loss 18.0668, val_mae 19.3071, val_rmse 23.1550, val_r2 0.2795, val_pearson 0.5365, lr 1.00e-03 ---
2026-10-01 11:57:53,044 - INFO - 
****************************************************************************************************
2026-10-01 11:57:54,090 - INFO - --- training epoch 42, loss 20.2288, mae 20.7254, rmse 25.1378, time elapsed(min) 0.01---
2026-10-01 11:57:54,262 - INFO - --- validation at epoch 42, val_loss 18.2235, val_mae 19.3554, val_rmse 23.3124, val_r2 0.2697, val_pearson 0.5266, lr 1.00e-03 ---
2026-10-01 11:57:54,262 - INFO - 
****************************************************************************************************
2026-10-01 11:57:55,453 - INFO - --- training epoch 43, loss 19.8533, mae 20.3485, rmse 24.6596, time elapsed(min) 0.01---
2026-10-01 11:57:55,616 - INFO - --- validation at epoch 43, val_loss 18.0495, val_mae 19.2789, val_rmse 23.3933, val_r2 0.2646, val_pearson 0.5183, lr 1.00e-03 ---
2026-10-01 11:57:55,616 - INFO - 
****************************************************************************************************
2026-10-01 11:57:56,503 - INFO - --- training epoch 44, loss 19.7154, mae 20.2117, rmse 24.6295, time elapsed(min) 0.01---
2026-10-01 11:57:56,671 - INFO - --- validation at epoch 44, val_loss 17.8413, val_mae 19.0897, val_rmse 22.9624, val_r2 0.2914, val_pearson 0.5420, lr 1.00e-03 ---
2026-10-01 11:57:56,671 - INFO - 
****************************************************************************************************
2026-10-01 11:57:56,970 - INFO - --- early stopping at epoch 44: val_loss did not improve for 10 epochs ---
2026-10-01 11:57:57,164 - INFO - --- selected checkpoint from epoch 34, val_loss 16.9488, val_mae 18.3924, val_rmse 23.0335
2026-10-01 11:57:57,524 - INFO - -- RESULT
2026-10-01 11:57:57,524 - INFO - --- test size: 1187
2026-10-01 11:57:57,524 - INFO - --- MAE: 20.0871 pp, RMSE: 24.4626 pp, R2: 0.2133, Pearson: 0.4953
2026-10-01 11:57:57,526 - INFO - --- fullcv01_split70: MAE 20.087070317432072, RMSE 24.462605823501587, R2 0.21328915707576024
2026-10-01 11:57:57,537 - INFO - --- training fullcv02_split70 (npz/bh/fullcv02_split70)
