2026-10-01 14:49:08,183 - INFO - device is	cuda:0
2026-10-01 14:49:08,320 - INFO - -- CONFIGURATIONS
2026-10-01 14:49:08,320 - INFO - --- train/valid/test: 3628/404/1728
2026-10-01 14:49:08,320 - INFO - --- max no. reactants_train, valid, test respectively: 14, 14, 14
2026-10-01 14:49:08,320 - INFO - --- max no. products_train, valid, test respectively: 1, 1, 1
2026-10-01 14:49:08,320 - INFO - --- model_path: ../logs/suzuki_approach1_grid/runs/suzuki/split_1/current_model/model.pt
2026-10-01 14:49:08,326 - INFO - -- TRAINING
2026-10-01 14:49:09,613 - INFO - --- training epoch 0, loss 2.1923, mae 2.5231, rmse 7.8686, time elapsed(min) 0.02---
2026-10-01 14:49:09,819 - INFO - --- validation at epoch 0, val_loss 0.0443, val_mae 0.2258, val_rmse 0.2871, val_r2 -0.1255, val_pearson 0.1611, lr 1.00e-03 ---
2026-10-01 14:49:09,819 - INFO - 
****************************************************************************************************
2026-10-01 14:49:11,420 - INFO - --- training epoch 1, loss 0.0412, mae 0.2448, rmse 0.2870, time elapsed(min) 0.02---
2026-10-01 14:49:11,625 - INFO - --- validation at epoch 1, val_loss 0.0440, val_mae 0.2616, val_rmse 0.2948, val_r2 -0.1872, val_pearson 0.1970, lr 1.00e-03 ---
2026-10-01 14:49:11,625 - INFO - 
****************************************************************************************************
2026-10-01 14:49:13,238 - INFO - --- training epoch 2, loss 0.0396, mae 0.2439, rmse 0.2816, time elapsed(min) 0.02---
2026-10-01 14:49:13,573 - INFO - --- validation at epoch 2, val_loss 0.0376, val_mae 0.2357, val_rmse 0.2688, val_r2 0.0136, val_pearson 0.2197, lr 1.00e-03 ---
2026-10-01 14:49:13,573 - INFO - 
****************************************************************************************************
2026-10-01 14:49:15,366 - INFO - --- training epoch 3, loss 0.0394, mae 0.2424, rmse 0.2808, time elapsed(min) 0.02---
2026-10-01 14:49:15,572 - INFO - --- validation at epoch 3, val_loss 0.0392, val_mae 0.2447, val_rmse 0.2770, val_r2 -0.0481, val_pearson 0.2764, lr 1.00e-03 ---
2026-10-01 14:49:15,572 - INFO - 
****************************************************************************************************
2026-10-01 14:49:17,119 - INFO - --- training epoch 4, loss 0.0386, mae 0.2396, rmse 0.2779, time elapsed(min) 0.02---
2026-10-01 14:49:17,327 - INFO - --- validation at epoch 4, val_loss 0.0361, val_mae 0.2326, val_rmse 0.2649, val_r2 0.0418, val_pearson 0.3051, lr 1.00e-03 ---
2026-10-01 14:49:17,327 - INFO - 
****************************************************************************************************
2026-10-01 14:49:18,907 - INFO - --- training epoch 5, loss 0.0380, mae 0.2365, rmse 0.2757, time elapsed(min) 0.02---
2026-10-01 14:49:19,116 - INFO - --- validation at epoch 5, val_loss 0.0354, val_mae 0.2293, val_rmse 0.2623, val_r2 0.0601, val_pearson 0.3129, lr 1.00e-03 ---
2026-10-01 14:49:19,116 - INFO - 
****************************************************************************************************
2026-10-01 14:49:20,789 - INFO - --- training epoch 6, loss 0.0382, mae 0.2368, rmse 0.2762, time elapsed(min) 0.02---
2026-10-01 14:49:21,147 - INFO - --- validation at epoch 6, val_loss 0.0351, val_mae 0.2276, val_rmse 0.2612, val_r2 0.0680, val_pearson 0.3172, lr 1.00e-03 ---
2026-10-01 14:49:21,147 - INFO - 
****************************************************************************************************
2026-10-01 14:49:22,860 - INFO - --- training epoch 7, loss 0.0382, mae 0.2362, rmse 0.2765, time elapsed(min) 0.02---
2026-10-01 14:49:23,067 - INFO - --- validation at epoch 7, val_loss 0.0346, val_mae 0.2253, val_rmse 0.2591, val_r2 0.0835, val_pearson 0.3269, lr 1.00e-03 ---
2026-10-01 14:49:23,067 - INFO - 
****************************************************************************************************
2026-10-01 14:49:24,813 - INFO - --- training epoch 8, loss 0.0384, mae 0.2362, rmse 0.2770, time elapsed(min) 0.02---
2026-10-01 14:49:25,021 - INFO - --- validation at epoch 8, val_loss 0.0345, val_mae 0.2229, val_rmse 0.2577, val_r2 0.0933, val_pearson 0.3257, lr 1.00e-03 ---
2026-10-01 14:49:25,021 - INFO - 
****************************************************************************************************
2026-10-01 14:49:26,764 - INFO - --- training epoch 9, loss 0.0381, mae 0.2363, rmse 0.2760, time elapsed(min) 0.02---
2026-10-01 14:49:27,102 - INFO - --- validation at epoch 9, val_loss 0.0352, val_mae 0.2296, val_rmse 0.2630, val_r2 0.0554, val_pearson 0.3323, lr 1.00e-03 ---
2026-10-01 14:49:27,102 - INFO - 
****************************************************************************************************
2026-10-01 14:49:28,872 - INFO - --- training epoch 10, loss 0.0380, mae 0.2352, rmse 0.2758, time elapsed(min) 0.02---
2026-10-01 14:49:29,079 - INFO - --- validation at epoch 10, val_loss 0.0338, val_mae 0.2218, val_rmse 0.2563, val_r2 0.1027, val_pearson 0.3431, lr 1.00e-03 ---
2026-10-01 14:49:29,079 - INFO - 
****************************************************************************************************
2026-10-01 14:49:30,705 - INFO - --- training epoch 11, loss 0.0374, mae 0.2330, rmse 0.2735, time elapsed(min) 0.02---
2026-10-01 14:49:30,910 - INFO - --- validation at epoch 11, val_loss 0.0333, val_mae 0.2142, val_rmse 0.2538, val_r2 0.1201, val_pearson 0.3516, lr 1.00e-03 ---
2026-10-01 14:49:30,911 - INFO - 
****************************************************************************************************
2026-10-01 14:49:32,612 - INFO - --- training epoch 12, loss 0.0372, mae 0.2322, rmse 0.2729, time elapsed(min) 0.02---
2026-10-01 14:49:32,945 - INFO - --- validation at epoch 12, val_loss 0.0321, val_mae 0.2100, val_rmse 0.2524, val_r2 0.1297, val_pearson 0.3716, lr 1.00e-03 ---
2026-10-01 14:49:32,945 - INFO - 
****************************************************************************************************
2026-10-01 14:49:34,787 - INFO - --- training epoch 13, loss 0.0380, mae 0.2329, rmse 0.2755, time elapsed(min) 0.03---
2026-10-01 14:49:34,993 - INFO - --- validation at epoch 13, val_loss 0.0308, val_mae 0.2143, val_rmse 0.2516, val_r2 0.1357, val_pearson 0.3812, lr 1.00e-03 ---
2026-10-01 14:49:34,993 - INFO - 
****************************************************************************************************
2026-10-01 14:49:36,673 - INFO - --- training epoch 14, loss 0.0361, mae 0.2261, rmse 0.2688, time elapsed(min) 0.02---
2026-10-01 14:49:36,882 - INFO - --- validation at epoch 14, val_loss 0.0300, val_mae 0.2041, val_rmse 0.2481, val_r2 0.1596, val_pearson 0.4028, lr 1.00e-03 ---
2026-10-01 14:49:36,882 - INFO - 
****************************************************************************************************
2026-10-01 14:49:38,576 - INFO - --- training epoch 15, loss 0.0363, mae 0.2256, rmse 0.2694, time elapsed(min) 0.02---
2026-10-01 14:49:38,902 - INFO - --- validation at epoch 15, val_loss 0.0295, val_mae 0.2077, val_rmse 0.2476, val_r2 0.1628, val_pearson 0.4157, lr 1.00e-03 ---
2026-10-01 14:49:38,902 - INFO - 
****************************************************************************************************
2026-10-01 14:49:40,724 - INFO - --- training epoch 16, loss 0.0359, mae 0.2229, rmse 0.2678, time elapsed(min) 0.02---
2026-10-01 14:49:40,947 - INFO - --- validation at epoch 16, val_loss 0.0287, val_mae 0.1984, val_rmse 0.2423, val_r2 0.1984, val_pearson 0.4456, lr 1.00e-03 ---
2026-10-01 14:49:40,947 - INFO - 
****************************************************************************************************
2026-10-01 14:49:42,635 - INFO - --- training epoch 17, loss 0.0354, mae 0.2220, rmse 0.2663, time elapsed(min) 0.02---
2026-10-01 14:49:42,842 - INFO - --- validation at epoch 17, val_loss 0.0294, val_mae 0.2032, val_rmse 0.2452, val_r2 0.1791, val_pearson 0.4570, lr 1.00e-03 ---
2026-10-01 14:49:42,842 - INFO - 
****************************************************************************************************
2026-10-01 14:49:44,408 - INFO - --- training epoch 18, loss 0.0346, mae 0.2183, rmse 0.2630, time elapsed(min) 0.02---
2026-10-01 14:49:44,735 - INFO - --- validation at epoch 18, val_loss 0.0283, val_mae 0.1955, val_rmse 0.2402, val_r2 0.2119, val_pearson 0.4610, lr 1.00e-03 ---
2026-10-01 14:49:44,736 - INFO - 
****************************************************************************************************
2026-10-01 14:49:46,579 - INFO - --- training epoch 19, loss 0.0345, mae 0.2187, rmse 0.2625, time elapsed(min) 0.02---
2026-10-01 14:49:46,785 - INFO - --- validation at epoch 19, val_loss 0.0288, val_mae 0.2001, val_rmse 0.2420, val_r2 0.2005, val_pearson 0.4631, lr 1.00e-03 ---
2026-10-01 14:49:46,785 - INFO - 
****************************************************************************************************
2026-10-01 14:49:48,352 - INFO - --- training epoch 20, loss 0.0348, mae 0.2201, rmse 0.2637, time elapsed(min) 0.02---
2026-10-01 14:49:48,563 - INFO - --- validation at epoch 20, val_loss 0.0283, val_mae 0.2011, val_rmse 0.2406, val_r2 0.2097, val_pearson 0.4697, lr 1.00e-03 ---
2026-10-01 14:49:48,563 - INFO - 
****************************************************************************************************
2026-10-01 14:49:50,183 - INFO - --- training epoch 21, loss 0.0343, mae 0.2174, rmse 0.2619, time elapsed(min) 0.02---
2026-10-01 14:49:50,506 - INFO - --- validation at epoch 21, val_loss 0.0273, val_mae 0.1889, val_rmse 0.2376, val_r2 0.2289, val_pearson 0.4861, lr 1.00e-03 ---
2026-10-01 14:49:50,506 - INFO - 
****************************************************************************************************
2026-10-01 14:49:52,234 - INFO - --- training epoch 22, loss 0.0343, mae 0.2188, rmse 0.2619, time elapsed(min) 0.02---
2026-10-01 14:49:52,702 - INFO - --- validation at epoch 22, val_loss 0.0274, val_mae 0.1958, val_rmse 0.2379, val_r2 0.2274, val_pearson 0.4801, lr 1.00e-03 ---
2026-10-01 14:49:52,702 - INFO - 
****************************************************************************************************
2026-10-01 14:49:54,352 - INFO - --- training epoch 23, loss 0.0343, mae 0.2183, rmse 0.2621, time elapsed(min) 0.02---
2026-10-01 14:49:54,562 - INFO - --- validation at epoch 23, val_loss 0.0274, val_mae 0.1896, val_rmse 0.2388, val_r2 0.2214, val_pearson 0.4781, lr 1.00e-03 ---
2026-10-01 14:49:54,562 - INFO - 
****************************************************************************************************
2026-10-01 14:49:56,184 - INFO - --- training epoch 24, loss 0.0337, mae 0.2162, rmse 0.2595, time elapsed(min) 0.02---
2026-10-01 14:49:56,387 - INFO - --- validation at epoch 24, val_loss 0.0270, val_mae 0.1920, val_rmse 0.2368, val_r2 0.2339, val_pearson 0.4883, lr 1.00e-03 ---
2026-10-01 14:49:56,387 - INFO - 
****************************************************************************************************
2026-10-01 14:49:58,077 - INFO - --- training epoch 25, loss 0.0335, mae 0.2150, rmse 0.2587, time elapsed(min) 0.02---
2026-10-01 14:49:58,436 - INFO - --- validation at epoch 25, val_loss 0.0272, val_mae 0.1915, val_rmse 0.2379, val_r2 0.2273, val_pearson 0.4796, lr 1.00e-03 ---
2026-10-01 14:49:58,436 - INFO - 
****************************************************************************************************
2026-10-01 14:50:00,103 - INFO - --- training epoch 26, loss 0.0343, mae 0.2180, rmse 0.2618, time elapsed(min) 0.02---
2026-10-01 14:50:00,314 - INFO - --- validation at epoch 26, val_loss 0.0275, val_mae 0.1909, val_rmse 0.2401, val_r2 0.2127, val_pearson 0.4695, lr 1.00e-03 ---
2026-10-01 14:50:00,314 - INFO - 
****************************************************************************************************
2026-10-01 14:50:01,900 - INFO - --- training epoch 27, loss 0.0346, mae 0.2190, rmse 0.2632, time elapsed(min) 0.02---
2026-10-01 14:50:02,112 - INFO - --- validation at epoch 27, val_loss 0.0277, val_mae 0.1983, val_rmse 0.2399, val_r2 0.2137, val_pearson 0.4917, lr 1.00e-03 ---
2026-10-01 14:50:02,112 - INFO - 
****************************************************************************************************
2026-10-01 14:50:03,762 - INFO - --- training epoch 28, loss 0.0332, mae 0.2141, rmse 0.2578, time elapsed(min) 0.02---
2026-10-01 14:50:04,158 - INFO - --- validation at epoch 28, val_loss 0.0275, val_mae 0.1949, val_rmse 0.2375, val_r2 0.2298, val_pearson 0.4938, lr 1.00e-03 ---
2026-10-01 14:50:04,158 - INFO - 
****************************************************************************************************
2026-10-01 14:50:06,012 - INFO - --- training epoch 29, loss 0.0335, mae 0.2153, rmse 0.2590, time elapsed(min) 0.03---
2026-10-01 14:50:06,224 - INFO - --- validation at epoch 29, val_loss 0.0275, val_mae 0.1968, val_rmse 0.2364, val_r2 0.2371, val_pearson 0.5004, lr 1.00e-03 ---
2026-10-01 14:50:06,224 - INFO - 
****************************************************************************************************
2026-10-01 14:50:07,768 - INFO - --- training epoch 30, loss 0.0331, mae 0.2141, rmse 0.2571, time elapsed(min) 0.02---
2026-10-01 14:50:07,991 - INFO - --- validation at epoch 30, val_loss 0.0271, val_mae 0.1931, val_rmse 0.2372, val_r2 0.2315, val_pearson 0.4922, lr 1.00e-03 ---
2026-10-01 14:50:07,992 - INFO - 
****************************************************************************************************
2026-10-01 14:50:09,629 - INFO - --- training epoch 31, loss 0.0333, mae 0.2148, rmse 0.2582, time elapsed(min) 0.02---
2026-10-01 14:50:09,954 - INFO - --- validation at epoch 31, val_loss 0.0273, val_mae 0.1930, val_rmse 0.2358, val_r2 0.2409, val_pearson 0.4934, lr 1.00e-03 ---
2026-10-01 14:50:09,954 - INFO - 
****************************************************************************************************
2026-10-01 14:50:11,736 - INFO - --- training epoch 32, loss 0.0325, mae 0.2118, rmse 0.2549, time elapsed(min) 0.03---
2026-10-01 14:50:11,939 - INFO - --- validation at epoch 32, val_loss 0.0268, val_mae 0.1912, val_rmse 0.2346, val_r2 0.2483, val_pearson 0.5002, lr 1.00e-03 ---
2026-10-01 14:50:11,939 - INFO - 
****************************************************************************************************
2026-10-01 14:50:13,642 - INFO - --- training epoch 33, loss 0.0327, mae 0.2121, rmse 0.2558, time elapsed(min) 0.02---
2026-10-01 14:50:13,849 - INFO - --- validation at epoch 33, val_loss 0.0268, val_mae 0.1909, val_rmse 0.2364, val_r2 0.2366, val_pearson 0.4882, lr 1.00e-03 ---
2026-10-01 14:50:13,849 - INFO - 
****************************************************************************************************
2026-10-01 14:50:15,622 - INFO - --- training epoch 34, loss 0.0332, mae 0.2144, rmse 0.2577, time elapsed(min) 0.02---
2026-10-01 14:50:15,949 - INFO - --- validation at epoch 34, val_loss 0.0269, val_mae 0.1926, val_rmse 0.2350, val_r2 0.2461, val_pearson 0.5036, lr 1.00e-03 ---
2026-10-01 14:50:15,949 - INFO - 
****************************************************************************************************
2026-10-01 14:50:17,731 - INFO - --- training epoch 35, loss 0.0323, mae 0.2118, rmse 0.2541, time elapsed(min) 0.03---
2026-10-01 14:50:17,938 - INFO - --- validation at epoch 35, val_loss 0.0280, val_mae 0.1880, val_rmse 0.2347, val_r2 0.2479, val_pearson 0.5269, lr 1.00e-03 ---
2026-10-01 14:50:17,938 - INFO - 
****************************************************************************************************
2026-10-01 14:50:19,521 - INFO - --- training epoch 36, loss 0.0309, mae 0.2036, rmse 0.2487, time elapsed(min) 0.02---
2026-10-01 14:50:19,732 - INFO - --- validation at epoch 36, val_loss 0.0234, val_mae 0.1720, val_rmse 0.2102, val_r2 0.3965, val_pearson 0.6389, lr 1.00e-03 ---
2026-10-01 14:50:19,732 - INFO - 
****************************************************************************************************
2026-10-01 14:50:21,405 - INFO - --- training epoch 37, loss 0.0298, mae 0.1998, rmse 0.2439, time elapsed(min) 0.02---
2026-10-01 14:50:21,730 - INFO - --- validation at epoch 37, val_loss 0.0310, val_mae 0.1813, val_rmse 0.2383, val_r2 0.2248, val_pearson 0.5793, lr 1.00e-03 ---
2026-10-01 14:50:21,730 - INFO - 
****************************************************************************************************
2026-10-01 14:50:23,405 - INFO - --- training epoch 38, loss 0.0266, mae 0.1858, rmse 0.2308, time elapsed(min) 0.02---
2026-10-01 14:50:23,877 - INFO - --- validation at epoch 38, val_loss 0.0220, val_mae 0.1562, val_rmse 0.2039, val_r2 0.4322, val_pearson 0.6707, lr 1.00e-03 ---
2026-10-01 14:50:23,878 - INFO - 
****************************************************************************************************
2026-10-01 14:50:25,570 - INFO - --- training epoch 39, loss 0.0237, mae 0.1716, rmse 0.2176, time elapsed(min) 0.02---
2026-10-01 14:50:25,777 - INFO - --- validation at epoch 39, val_loss 0.0210, val_mae 0.1529, val_rmse 0.1994, val_r2 0.4570, val_pearson 0.6763, lr 1.00e-03 ---
2026-10-01 14:50:25,777 - INFO - 
****************************************************************************************************
2026-10-01 14:50:27,409 - INFO - --- training epoch 40, loss 0.0235, mae 0.1719, rmse 0.2167, time elapsed(min) 0.02---
2026-10-01 14:50:27,614 - INFO - --- validation at epoch 40, val_loss 0.0213, val_mae 0.1543, val_rmse 0.1992, val_r2 0.4579, val_pearson 0.6882, lr 1.00e-03 ---
2026-10-01 14:50:27,614 - INFO - 
****************************************************************************************************
2026-10-01 14:50:29,292 - INFO - --- training epoch 41, loss 0.0225, mae 0.1683, rmse 0.2122, time elapsed(min) 0.02---
2026-10-01 14:50:29,651 - INFO - --- validation at epoch 41, val_loss 0.0206, val_mae 0.1500, val_rmse 0.1940, val_r2 0.4862, val_pearson 0.6985, lr 1.00e-03 ---
2026-10-01 14:50:29,651 - INFO - 
****************************************************************************************************
2026-10-01 14:50:31,401 - INFO - --- training epoch 42, loss 0.0226, mae 0.1681, rmse 0.2127, time elapsed(min) 0.02---
2026-10-01 14:50:31,608 - INFO - --- validation at epoch 42, val_loss 0.0212, val_mae 0.1520, val_rmse 0.1971, val_r2 0.4696, val_pearson 0.7018, lr 1.00e-03 ---
2026-10-01 14:50:31,608 - INFO - 
****************************************************************************************************
2026-10-01 14:50:33,222 - INFO - --- training epoch 43, loss 0.0220, mae 0.1652, rmse 0.2097, time elapsed(min) 0.02---
2026-10-01 14:50:33,430 - INFO - --- validation at epoch 43, val_loss 0.0195, val_mae 0.1493, val_rmse 0.1908, val_r2 0.5030, val_pearson 0.7123, lr 1.00e-03 ---
2026-10-01 14:50:33,430 - INFO - 
****************************************************************************************************
2026-10-01 14:50:35,141 - INFO - --- training epoch 44, loss 0.0224, mae 0.1669, rmse 0.2116, time elapsed(min) 0.02---
2026-10-01 14:50:35,477 - INFO - --- validation at epoch 44, val_loss 0.0202, val_mae 0.1499, val_rmse 0.1948, val_r2 0.4815, val_pearson 0.7169, lr 1.00e-03 ---
2026-10-01 14:50:35,477 - INFO - 
****************************************************************************************************
2026-10-01 14:50:37,329 - INFO - --- training epoch 45, loss 0.0217, mae 0.1647, rmse 0.2083, time elapsed(min) 0.03---
2026-10-01 14:50:37,554 - INFO - --- validation at epoch 45, val_loss 0.0192, val_mae 0.1493, val_rmse 0.1894, val_r2 0.5101, val_pearson 0.7168, lr 1.00e-03 ---
2026-10-01 14:50:37,554 - INFO - 
****************************************************************************************************
2026-10-01 14:50:39,184 - INFO - --- training epoch 46, loss 0.0216, mae 0.1651, rmse 0.2080, time elapsed(min) 0.02---
2026-10-01 14:50:39,393 - INFO - --- validation at epoch 46, val_loss 0.0184, val_mae 0.1455, val_rmse 0.1859, val_r2 0.5282, val_pearson 0.7274, lr 1.00e-03 ---
2026-10-01 14:50:39,394 - INFO - 
****************************************************************************************************
2026-10-01 14:50:41,037 - INFO - --- training epoch 47, loss 0.0208, mae 0.1609, rmse 0.2042, time elapsed(min) 0.02---
2026-10-01 14:50:41,366 - INFO - --- validation at epoch 47, val_loss 0.0183, val_mae 0.1521, val_rmse 0.1888, val_r2 0.5133, val_pearson 0.7290, lr 1.00e-03 ---
2026-10-01 14:50:41,366 - INFO - 
****************************************************************************************************
2026-10-01 14:50:43,204 - INFO - --- training epoch 48, loss 0.0236, mae 0.1721, rmse 0.2174, time elapsed(min) 0.02---
2026-10-01 14:50:43,412 - INFO - --- validation at epoch 48, val_loss 0.0231, val_mae 0.1687, val_rmse 0.2066, val_r2 0.4171, val_pearson 0.6709, lr 1.00e-03 ---
2026-10-01 14:50:43,412 - INFO - 
****************************************************************************************************
2026-10-01 14:50:45,058 - INFO - --- training epoch 49, loss 0.0229, mae 0.1714, rmse 0.2141, time elapsed(min) 0.02---
2026-10-01 14:50:45,267 - INFO - --- validation at epoch 49, val_loss 0.0201, val_mae 0.1529, val_rmse 0.1924, val_r2 0.4943, val_pearson 0.7097, lr 1.00e-03 ---
2026-10-01 14:50:45,267 - INFO - 
****************************************************************************************************
2026-10-01 14:50:46,849 - INFO - --- training epoch 50, loss 0.0214, mae 0.1635, rmse 0.2070, time elapsed(min) 0.02---
2026-10-01 14:50:47,172 - INFO - --- validation at epoch 50, val_loss 0.0182, val_mae 0.1467, val_rmse 0.1856, val_r2 0.5298, val_pearson 0.7341, lr 1.00e-03 ---
2026-10-01 14:50:47,172 - INFO - 
****************************************************************************************************
2026-10-01 14:50:48,993 - INFO - --- training epoch 51, loss 0.0204, mae 0.1590, rmse 0.2018, time elapsed(min) 0.02---
2026-10-01 14:50:49,199 - INFO - --- validation at epoch 51, val_loss 0.0183, val_mae 0.1456, val_rmse 0.1854, val_r2 0.5306, val_pearson 0.7292, lr 1.00e-03 ---
2026-10-01 14:50:49,199 - INFO - 
****************************************************************************************************
2026-10-01 14:50:50,777 - INFO - --- training epoch 52, loss 0.0202, mae 0.1576, rmse 0.2010, time elapsed(min) 0.02---
2026-10-01 14:50:50,989 - INFO - --- validation at epoch 52, val_loss 0.0183, val_mae 0.1458, val_rmse 0.1849, val_r2 0.5332, val_pearson 0.7345, lr 1.00e-03 ---
2026-10-01 14:50:50,989 - INFO - 
****************************************************************************************************
2026-10-01 14:50:52,588 - INFO - --- training epoch 53, loss 0.0204, mae 0.1593, rmse 0.2021, time elapsed(min) 0.02---
2026-10-01 14:50:52,917 - INFO - --- validation at epoch 53, val_loss 0.0185, val_mae 0.1461, val_rmse 0.1859, val_r2 0.5282, val_pearson 0.7410, lr 1.00e-03 ---
2026-10-01 14:50:52,917 - INFO - 
****************************************************************************************************
2026-10-01 14:50:54,577 - INFO - --- training epoch 54, loss 0.0204, mae 0.1597, rmse 0.2022, time elapsed(min) 0.02---
2026-10-01 14:50:54,937 - INFO - --- validation at epoch 54, val_loss 0.0193, val_mae 0.1474, val_rmse 0.1912, val_r2 0.5008, val_pearson 0.7354, lr 1.00e-03 ---
2026-10-01 14:50:54,937 - INFO - 
****************************************************************************************************
2026-10-01 14:50:56,684 - INFO - --- training epoch 55, loss 0.0204, mae 0.1590, rmse 0.2022, time elapsed(min) 0.02---
2026-10-01 14:50:56,889 - INFO - --- validation at epoch 55, val_loss 0.0186, val_mae 0.1440, val_rmse 0.1866, val_r2 0.5243, val_pearson 0.7384, lr 1.00e-03 ---
2026-10-01 14:50:56,889 - INFO - 
****************************************************************************************************
2026-10-01 14:50:58,494 - INFO - --- training epoch 56, loss 0.0206, mae 0.1616, rmse 0.2031, time elapsed(min) 0.02---
2026-10-01 14:50:58,697 - INFO - --- validation at epoch 56, val_loss 0.0182, val_mae 0.1431, val_rmse 0.1845, val_r2 0.5353, val_pearson 0.7355, lr 1.00e-03 ---
2026-10-01 14:50:58,697 - INFO - 
****************************************************************************************************
2026-10-01 14:51:00,403 - INFO - --- training epoch 57, loss 0.0198, mae 0.1571, rmse 0.1992, time elapsed(min) 0.02---
2026-10-01 14:51:00,760 - INFO - --- validation at epoch 57, val_loss 0.0179, val_mae 0.1446, val_rmse 0.1844, val_r2 0.5354, val_pearson 0.7446, lr 1.00e-03 ---
2026-10-01 14:51:00,760 - INFO - 
****************************************************************************************************
2026-10-01 14:51:02,579 - INFO - --- training epoch 58, loss 0.0200, mae 0.1571, rmse 0.2002, time elapsed(min) 0.02---
2026-10-01 14:51:02,785 - INFO - --- validation at epoch 58, val_loss 0.0183, val_mae 0.1433, val_rmse 0.1848, val_r2 0.5336, val_pearson 0.7450, lr 1.00e-03 ---
2026-10-01 14:51:02,785 - INFO - 
****************************************************************************************************
2026-10-01 14:51:04,388 - INFO - --- training epoch 59, loss 0.0202, mae 0.1582, rmse 0.2011, time elapsed(min) 0.02---
2026-10-01 14:51:04,592 - INFO - --- validation at epoch 59, val_loss 0.0184, val_mae 0.1431, val_rmse 0.1853, val_r2 0.5313, val_pearson 0.7412, lr 1.00e-03 ---
2026-10-01 14:51:04,592 - INFO - 
****************************************************************************************************
2026-10-01 14:51:06,174 - INFO - --- training epoch 60, loss 0.0202, mae 0.1588, rmse 0.2010, time elapsed(min) 0.02---
2026-10-01 14:51:06,554 - INFO - --- validation at epoch 60, val_loss 0.0173, val_mae 0.1427, val_rmse 0.1826, val_r2 0.5448, val_pearson 0.7412, lr 1.00e-03 ---
2026-10-01 14:51:06,554 - INFO - 
****************************************************************************************************
2026-10-01 14:51:08,384 - INFO - --- training epoch 61, loss 0.0198, mae 0.1563, rmse 0.1992, time elapsed(min) 0.02---
2026-10-01 14:51:08,591 - INFO - --- validation at epoch 61, val_loss 0.0178, val_mae 0.1417, val_rmse 0.1827, val_r2 0.5439, val_pearson 0.7425, lr 1.00e-03 ---
2026-10-01 14:51:08,591 - INFO - 
****************************************************************************************************
2026-10-01 14:51:10,232 - INFO - --- training epoch 62, loss 0.0202, mae 0.1583, rmse 0.2012, time elapsed(min) 0.02---
2026-10-01 14:51:10,439 - INFO - --- validation at epoch 62, val_loss 0.0170, val_mae 0.1425, val_rmse 0.1800, val_r2 0.5576, val_pearson 0.7495, lr 1.00e-03 ---
2026-10-01 14:51:10,439 - INFO - 
****************************************************************************************************
2026-10-01 14:51:12,092 - INFO - --- training epoch 63, loss 0.0193, mae 0.1539, rmse 0.1966, time elapsed(min) 0.02---
2026-10-01 14:51:12,430 - INFO - --- validation at epoch 63, val_loss 0.0177, val_mae 0.1421, val_rmse 0.1820, val_r2 0.5478, val_pearson 0.7477, lr 1.00e-03 ---
2026-10-01 14:51:12,430 - INFO - 
****************************************************************************************************
2026-10-01 14:51:14,312 - INFO - --- training epoch 64, loss 0.0192, mae 0.1548, rmse 0.1961, time elapsed(min) 0.03---
2026-10-01 14:51:14,518 - INFO - --- validation at epoch 64, val_loss 0.0175, val_mae 0.1414, val_rmse 0.1809, val_r2 0.5531, val_pearson 0.7450, lr 1.00e-03 ---
2026-10-01 14:51:14,519 - INFO - 
****************************************************************************************************
2026-10-01 14:51:16,088 - INFO - --- training epoch 65, loss 0.0194, mae 0.1548, rmse 0.1970, time elapsed(min) 0.02---
2026-10-01 14:51:16,292 - INFO - --- validation at epoch 65, val_loss 0.0174, val_mae 0.1421, val_rmse 0.1807, val_r2 0.5541, val_pearson 0.7485, lr 1.00e-03 ---
2026-10-01 14:51:16,292 - INFO - 
****************************************************************************************************
2026-10-01 14:51:17,971 - INFO - --- training epoch 66, loss 0.0190, mae 0.1537, rmse 0.1948, time elapsed(min) 0.02---
2026-10-01 14:51:18,297 - INFO - --- validation at epoch 66, val_loss 0.0181, val_mae 0.1452, val_rmse 0.1844, val_r2 0.5356, val_pearson 0.7382, lr 1.00e-03 ---
2026-10-01 14:51:18,297 - INFO - 
****************************************************************************************************
2026-10-01 14:51:20,084 - INFO - --- training epoch 67, loss 0.0196, mae 0.1566, rmse 0.1981, time elapsed(min) 0.02---
2026-10-01 14:51:20,291 - INFO - --- validation at epoch 67, val_loss 0.0178, val_mae 0.1424, val_rmse 0.1814, val_r2 0.5506, val_pearson 0.7467, lr 1.00e-03 ---
2026-10-01 14:51:20,291 - INFO - 
****************************************************************************************************
2026-10-01 14:51:21,892 - INFO - --- training epoch 68, loss 0.0199, mae 0.1579, rmse 0.1993, time elapsed(min) 0.02---
2026-10-01 14:51:22,100 - INFO - --- validation at epoch 68, val_loss 0.0186, val_mae 0.1435, val_rmse 0.1862, val_r2 0.5266, val_pearson 0.7439, lr 1.00e-03 ---
2026-10-01 14:51:22,100 - INFO - 
****************************************************************************************************
2026-10-01 14:51:23,680 - INFO - --- training epoch 69, loss 0.0200, mae 0.1582, rmse 0.2001, time elapsed(min) 0.02---
2026-10-01 14:51:23,892 - INFO - --- validation at epoch 69, val_loss 0.0187, val_mae 0.1447, val_rmse 0.1848, val_r2 0.5337, val_pearson 0.7398, lr 1.00e-03 ---
2026-10-01 14:51:23,892 - INFO - 
****************************************************************************************************
2026-10-01 14:51:25,607 - INFO - --- training epoch 70, loss 0.0196, mae 0.1557, rmse 0.1980, time elapsed(min) 0.02---
2026-10-01 14:51:25,984 - INFO - --- validation at epoch 70, val_loss 0.0181, val_mae 0.1425, val_rmse 0.1815, val_r2 0.5503, val_pearson 0.7433, lr 1.00e-03 ---
2026-10-01 14:51:25,984 - INFO - 
****************************************************************************************************
2026-10-01 14:51:27,679 - INFO - --- training epoch 71, loss 0.0199, mae 0.1578, rmse 0.1996, time elapsed(min) 0.02---
2026-10-01 14:51:27,888 - INFO - --- validation at epoch 71, val_loss 0.0196, val_mae 0.1530, val_rmse 0.1893, val_r2 0.5104, val_pearson 0.7216, lr 1.00e-03 ---
2026-10-01 14:51:27,888 - INFO - 
****************************************************************************************************
2026-10-01 14:51:29,478 - INFO - --- training epoch 72, loss 0.0198, mae 0.1569, rmse 0.1989, time elapsed(min) 0.02---
2026-10-01 14:51:29,707 - INFO - --- validation at epoch 72, val_loss 0.0181, val_mae 0.1405, val_rmse 0.1820, val_r2 0.5476, val_pearson 0.7480, lr 1.00e-03 ---
2026-10-01 14:51:29,707 - INFO - 
****************************************************************************************************
2026-10-01 14:51:30,005 - INFO - --- early stopping at epoch 72: val_loss did not improve for 10 epochs ---
2026-10-01 14:51:30,362 - INFO - --- selected checkpoint from epoch 62, val_loss 0.0170, val_mae 0.1425, val_rmse 0.1800
2026-10-01 14:51:31,094 - INFO - -- RESULT
2026-10-01 14:51:31,094 - INFO - --- test size: 1728
2026-10-01 14:51:31,094 - INFO - --- MAE: 0.1497 (14.97 pp), RMSE: 0.1911 (19.11 pp), R2: 0.5383, Pearson: 0.7393
2026-10-01 14:51:32,605 - INFO - --- Cell current_model DONE: test MAE=0.1497 RMSE=0.1911 R2=0.5383 | sec/epoch=1.94
2026-10-01 14:51:32,620 - INFO - === RUNNING: dataset=suzuki split=split_1 cell=approach_3 (tokens=comb, pooling=mean, head=linear) ===
