2026-10-01 12:13:22,946 - INFO - device is	cuda:0
2026-10-01 12:13:23,035 - INFO - -- CONFIGURATIONS
2026-10-01 12:13:23,035 - INFO - --- train/valid/test: 2491/277/1187
2026-10-01 12:13:23,036 - INFO - --- max no. reactants_train, valid, test respectively: 6, 6, 6
2026-10-01 12:13:23,036 - INFO - --- max no. products_train, valid, test respectively: 1, 1, 1
2026-10-01 12:13:23,036 - INFO - --- model_path: ../logs/bh_approach1_grid/runs/bh/fullcv07_split70/option_b_mlp/model.pt
2026-10-01 12:13:23,046 - INFO - -- TRAINING
2026-10-01 12:13:23,716 - INFO - --- training epoch 0, loss 24.4430, mae 24.9387, rmse 31.1582, time elapsed(min) 0.01---
2026-10-01 12:13:23,881 - INFO - --- validation at epoch 0, val_loss 24.7908, val_mae 24.9748, val_rmse 31.8042, val_r2 -0.3126, val_pearson -0.3674, lr 1.00e-03 ---
2026-10-01 12:13:23,881 - INFO - 
****************************************************************************************************
2026-10-01 12:13:25,026 - INFO - --- training epoch 1, loss 22.9946, mae 23.4914, rmse 28.4256, time elapsed(min) 0.01---
2026-10-01 12:13:25,189 - INFO - --- validation at epoch 1, val_loss 24.0258, val_mae 24.1436, val_rmse 29.8675, val_r2 -0.1576, val_pearson -0.3794, lr 1.00e-03 ---
2026-10-01 12:13:25,189 - INFO - 
****************************************************************************************************
2026-10-01 12:13:26,309 - INFO - --- training epoch 2, loss 22.8820, mae 23.3798, rmse 28.1304, time elapsed(min) 0.01---
2026-10-01 12:13:26,472 - INFO - --- validation at epoch 2, val_loss 23.8379, val_mae 23.9572, val_rmse 29.5235, val_r2 -0.1311, val_pearson 0.1074, lr 1.00e-03 ---
2026-10-01 12:13:26,473 - INFO - 
****************************************************************************************************
2026-10-01 12:13:27,797 - INFO - --- training epoch 3, loss 22.7181, mae 23.2157, rmse 28.0008, time elapsed(min) 0.01---
2026-10-01 12:13:27,958 - INFO - --- validation at epoch 3, val_loss 23.2055, val_mae 23.2554, val_rmse 28.5715, val_r2 -0.0593, val_pearson 0.2633, lr 1.00e-03 ---
2026-10-01 12:13:27,958 - INFO - 
****************************************************************************************************
2026-10-01 12:13:29,290 - INFO - --- training epoch 4, loss 22.5768, mae 23.0731, rmse 27.7233, time elapsed(min) 0.01---
2026-10-01 12:13:29,465 - INFO - --- validation at epoch 4, val_loss 22.9574, val_mae 22.9370, val_rmse 27.8299, val_r2 -0.0050, val_pearson 0.2775, lr 1.00e-03 ---
2026-10-01 12:13:29,465 - INFO - 
****************************************************************************************************
2026-10-01 12:13:30,844 - INFO - --- training epoch 5, loss 22.1718, mae 22.6684, rmse 27.1954, time elapsed(min) 0.02---
2026-10-01 12:13:31,029 - INFO - --- validation at epoch 5, val_loss 23.2406, val_mae 23.2569, val_rmse 28.8288, val_r2 -0.0785, val_pearson 0.2543, lr 1.00e-03 ---
2026-10-01 12:13:31,029 - INFO - 
****************************************************************************************************
2026-10-01 12:13:32,216 - INFO - --- training epoch 6, loss 22.5296, mae 23.0267, rmse 27.5145, time elapsed(min) 0.01---
2026-10-01 12:13:32,380 - INFO - --- validation at epoch 6, val_loss 23.0860, val_mae 23.0946, val_rmse 28.4213, val_r2 -0.0482, val_pearson 0.2633, lr 1.00e-03 ---
2026-10-01 12:13:32,380 - INFO - 
****************************************************************************************************
2026-10-01 12:13:33,426 - INFO - --- training epoch 7, loss 22.2079, mae 22.7049, rmse 27.2920, time elapsed(min) 0.01---
2026-10-01 12:13:33,591 - INFO - --- validation at epoch 7, val_loss 22.9761, val_mae 22.9878, val_rmse 28.2254, val_r2 -0.0338, val_pearson 0.2833, lr 1.00e-03 ---
2026-10-01 12:13:33,591 - INFO - 
****************************************************************************************************
2026-10-01 12:13:34,817 - INFO - --- training epoch 8, loss 22.2073, mae 22.7053, rmse 27.0403, time elapsed(min) 0.01---
2026-10-01 12:13:34,978 - INFO - --- validation at epoch 8, val_loss 23.1682, val_mae 23.2409, val_rmse 28.8532, val_r2 -0.0803, val_pearson 0.2697, lr 1.00e-03 ---
2026-10-01 12:13:34,978 - INFO - 
****************************************************************************************************
2026-10-01 12:13:36,240 - INFO - --- training epoch 9, loss 22.2156, mae 22.7115, rmse 27.2109, time elapsed(min) 0.01---
2026-10-01 12:13:36,409 - INFO - --- validation at epoch 9, val_loss 22.9682, val_mae 22.9508, val_rmse 28.1298, val_r2 -0.0268, val_pearson 0.2775, lr 1.00e-03 ---
2026-10-01 12:13:36,409 - INFO - 
****************************************************************************************************
2026-10-01 12:13:37,707 - INFO - --- training epoch 10, loss 22.1108, mae 22.6081, rmse 27.0467, time elapsed(min) 0.02---
2026-10-01 12:13:37,864 - INFO - --- validation at epoch 10, val_loss 22.9062, val_mae 22.9353, val_rmse 28.2691, val_r2 -0.0370, val_pearson 0.3156, lr 1.00e-03 ---
2026-10-01 12:13:37,864 - INFO - 
****************************************************************************************************
2026-10-01 12:13:39,169 - INFO - --- training epoch 11, loss 22.3273, mae 22.8229, rmse 26.9720, time elapsed(min) 0.01---
2026-10-01 12:13:39,329 - INFO - --- validation at epoch 11, val_loss 23.1210, val_mae 23.2763, val_rmse 29.0353, val_r2 -0.0940, val_pearson 0.3015, lr 1.00e-03 ---
2026-10-01 12:13:39,329 - INFO - 
****************************************************************************************************
2026-10-01 12:13:40,382 - INFO - --- training epoch 12, loss 22.2687, mae 22.7651, rmse 27.4953, time elapsed(min) 0.01---
2026-10-01 12:13:40,550 - INFO - --- validation at epoch 12, val_loss 23.3144, val_mae 23.4974, val_rmse 29.4695, val_r2 -0.1269, val_pearson 0.2868, lr 1.00e-03 ---
2026-10-01 12:13:40,550 - INFO - 
****************************************************************************************************
2026-10-01 12:13:41,618 - INFO - --- training epoch 13, loss 22.2152, mae 22.7117, rmse 27.2261, time elapsed(min) 0.01---
2026-10-01 12:13:41,780 - INFO - --- validation at epoch 13, val_loss 22.7511, val_mae 22.7146, val_rmse 27.6574, val_r2 0.0074, val_pearson 0.3115, lr 1.00e-03 ---
2026-10-01 12:13:41,780 - INFO - 
****************************************************************************************************
2026-10-01 12:13:43,248 - INFO - --- training epoch 14, loss 22.0625, mae 22.5600, rmse 26.8030, time elapsed(min) 0.02---
2026-10-01 12:13:43,405 - INFO - --- validation at epoch 14, val_loss 22.8423, val_mae 22.8601, val_rmse 28.5630, val_r2 -0.0587, val_pearson 0.3430, lr 1.00e-03 ---
2026-10-01 12:13:43,405 - INFO - 
****************************************************************************************************
2026-10-01 12:13:44,658 - INFO - --- training epoch 15, loss 21.5467, mae 22.0424, rmse 26.4785, time elapsed(min) 0.01---
2026-10-01 12:13:44,824 - INFO - --- validation at epoch 15, val_loss 21.9425, val_mae 21.8682, val_rmse 27.2863, val_r2 0.0339, val_pearson 0.4244, lr 1.00e-03 ---
2026-10-01 12:13:44,824 - INFO - 
****************************************************************************************************
2026-10-01 12:13:46,183 - INFO - --- training epoch 16, loss 21.3038, mae 21.7988, rmse 26.2111, time elapsed(min) 0.01---
2026-10-01 12:13:46,568 - INFO - --- validation at epoch 16, val_loss 21.4478, val_mae 21.5831, val_rmse 26.7394, val_r2 0.0722, val_pearson 0.4518, lr 1.00e-03 ---
2026-10-01 12:13:46,568 - INFO - 
****************************************************************************************************
2026-10-01 12:13:47,916 - INFO - --- training epoch 17, loss 21.4485, mae 21.9449, rmse 26.1356, time elapsed(min) 0.01---
2026-10-01 12:13:48,092 - INFO - --- validation at epoch 17, val_loss 22.0620, val_mae 21.9966, val_rmse 27.6558, val_r2 0.0075, val_pearson 0.4413, lr 1.00e-03 ---
2026-10-01 12:13:48,092 - INFO - 
****************************************************************************************************
2026-10-01 12:13:49,172 - INFO - --- training epoch 18, loss 20.8757, mae 21.3718, rmse 25.9581, time elapsed(min) 0.01---
2026-10-01 12:13:49,336 - INFO - --- validation at epoch 18, val_loss 20.2528, val_mae 20.3949, val_rmse 25.2579, val_r2 0.1722, val_pearson 0.5238, lr 1.00e-03 ---
2026-10-01 12:13:49,337 - INFO - 
****************************************************************************************************
2026-10-01 12:13:50,658 - INFO - --- training epoch 19, loss 20.9400, mae 21.4363, rmse 25.7654, time elapsed(min) 0.01---
2026-10-01 12:13:50,814 - INFO - --- validation at epoch 19, val_loss 20.2678, val_mae 20.2090, val_rmse 24.2464, val_r2 0.2371, val_pearson 0.5270, lr 1.00e-03 ---
2026-10-01 12:13:50,814 - INFO - 
****************************************************************************************************
2026-10-01 12:13:52,062 - INFO - --- training epoch 20, loss 20.3994, mae 20.8938, rmse 25.4352, time elapsed(min) 0.01---
2026-10-01 12:13:52,233 - INFO - --- validation at epoch 20, val_loss 19.9036, val_mae 19.8540, val_rmse 24.4919, val_r2 0.2216, val_pearson 0.5202, lr 1.00e-03 ---
2026-10-01 12:13:52,233 - INFO - 
****************************************************************************************************
2026-10-01 12:13:53,595 - INFO - --- training epoch 21, loss 20.3634, mae 20.8598, rmse 25.3179, time elapsed(min) 0.01---
2026-10-01 12:13:53,756 - INFO - --- validation at epoch 21, val_loss 20.0796, val_mae 20.1553, val_rmse 25.0896, val_r2 0.1832, val_pearson 0.5322, lr 1.00e-03 ---
2026-10-01 12:13:53,756 - INFO - 
****************************************************************************************************
2026-10-01 12:13:55,191 - INFO - --- training epoch 22, loss 20.3233, mae 20.8189, rmse 25.2777, time elapsed(min) 0.02---
2026-10-01 12:13:55,357 - INFO - --- validation at epoch 22, val_loss 19.7849, val_mae 19.7570, val_rmse 24.4948, val_r2 0.2214, val_pearson 0.5333, lr 1.00e-03 ---
2026-10-01 12:13:55,357 - INFO - 
****************************************************************************************************
2026-10-01 12:13:56,513 - INFO - --- training epoch 23, loss 22.3305, mae 22.8265, rmse 27.9768, time elapsed(min) 0.01---
2026-10-01 12:13:56,686 - INFO - --- validation at epoch 23, val_loss 23.0980, val_mae 23.2811, val_rmse 29.0372, val_r2 -0.0941, val_pearson 0.3535, lr 1.00e-03 ---
2026-10-01 12:13:56,686 - INFO - 
****************************************************************************************************
2026-10-01 12:13:57,748 - INFO - --- training epoch 24, loss 21.8150, mae 22.3108, rmse 26.9585, time elapsed(min) 0.01---
2026-10-01 12:13:57,923 - INFO - --- validation at epoch 24, val_loss 22.4810, val_mae 22.2627, val_rmse 27.5574, val_r2 0.0146, val_pearson 0.3525, lr 1.00e-03 ---
2026-10-01 12:13:57,923 - INFO - 
****************************************************************************************************
2026-10-01 12:13:59,198 - INFO - --- training epoch 25, loss 21.4884, mae 21.9846, rmse 26.6343, time elapsed(min) 0.01---
2026-10-01 12:13:59,364 - INFO - --- validation at epoch 25, val_loss 22.0285, val_mae 21.6891, val_rmse 26.7732, val_r2 0.0698, val_pearson 0.3969, lr 1.00e-03 ---
2026-10-01 12:13:59,364 - INFO - 
****************************************************************************************************
2026-10-01 12:14:00,629 - INFO - --- training epoch 26, loss 21.7198, mae 22.2160, rmse 26.4695, time elapsed(min) 0.01---
2026-10-01 12:14:00,793 - INFO - --- validation at epoch 26, val_loss 23.6452, val_mae 23.5457, val_rmse 29.6393, val_r2 -0.1400, val_pearson 0.3619, lr 1.00e-03 ---
2026-10-01 12:14:00,793 - INFO - 
****************************************************************************************************
2026-10-01 12:14:02,103 - INFO - --- training epoch 27, loss 21.7679, mae 22.2637, rmse 27.1467, time elapsed(min) 0.02---
2026-10-01 12:14:02,483 - INFO - --- validation at epoch 27, val_loss 22.3550, val_mae 22.1872, val_rmse 27.0498, val_r2 0.0505, val_pearson 0.3918, lr 1.00e-03 ---
2026-10-01 12:14:02,483 - INFO - 
****************************************************************************************************
2026-10-01 12:14:03,756 - INFO - --- training epoch 28, loss 21.2210, mae 21.7173, rmse 26.1820, time elapsed(min) 0.01---
2026-10-01 12:14:03,920 - INFO - --- validation at epoch 28, val_loss 21.7602, val_mae 21.9921, val_rmse 27.1482, val_r2 0.0436, val_pearson 0.4157, lr 1.00e-03 ---
2026-10-01 12:14:03,920 - INFO - 
****************************************************************************************************
2026-10-01 12:14:04,958 - INFO - --- training epoch 29, loss 21.1952, mae 21.6908, rmse 26.0947, time elapsed(min) 0.01---
2026-10-01 12:14:05,114 - INFO - --- validation at epoch 29, val_loss 21.7806, val_mae 21.3702, val_rmse 26.0418, val_r2 0.1200, val_pearson 0.4125, lr 1.00e-03 ---
2026-10-01 12:14:05,114 - INFO - 
****************************************************************************************************
2026-10-01 12:14:06,372 - INFO - --- training epoch 30, loss 21.0162, mae 21.5116, rmse 25.9141, time elapsed(min) 0.01---
2026-10-01 12:14:06,544 - INFO - --- validation at epoch 30, val_loss 22.0391, val_mae 21.9739, val_rmse 27.0777, val_r2 0.0486, val_pearson 0.4565, lr 1.00e-03 ---
2026-10-01 12:14:06,544 - INFO - 
****************************************************************************************************
2026-10-01 12:14:07,798 - INFO - --- training epoch 31, loss 21.0676, mae 21.5635, rmse 26.0652, time elapsed(min) 0.01---
2026-10-01 12:14:07,971 - INFO - --- validation at epoch 31, val_loss 21.6671, val_mae 21.3114, val_rmse 26.0675, val_r2 0.1182, val_pearson 0.4585, lr 1.00e-03 ---
2026-10-01 12:14:07,971 - INFO - 
****************************************************************************************************
2026-10-01 12:14:09,242 - INFO - --- training epoch 32, loss 20.9020, mae 21.3985, rmse 26.0729, time elapsed(min) 0.01---
2026-10-01 12:14:09,618 - INFO - --- validation at epoch 32, val_loss 21.3251, val_mae 20.9024, val_rmse 25.9396, val_r2 0.1269, val_pearson 0.4430, lr 1.00e-03 ---
2026-10-01 12:14:09,618 - INFO - 
****************************************************************************************************
2026-10-01 12:14:10,137 - INFO - --- early stopping at epoch 32: val_loss did not improve for 10 epochs ---
2026-10-01 12:14:10,353 - INFO - --- selected checkpoint from epoch 22, val_loss 19.7849, val_mae 19.7570, val_rmse 24.4948
2026-10-01 12:14:10,785 - INFO - -- RESULT
2026-10-01 12:14:10,785 - INFO - --- test size: 1187
2026-10-01 12:14:10,785 - INFO - --- MAE: 20.7380 pp, RMSE: 25.7480 pp, R2: 0.1060, Pearson: 0.4454
2026-10-01 12:14:11,626 - INFO - --- Cell option_b_mlp DONE: test MAE=20.7380 RMSE=25.7480 R2=0.1060 | sec/epoch=1.43
2026-10-01 12:14:11,640 - INFO - === RUNNING: dataset=bh split=fullcv07_split70 cell=ind_mean_mlp (tokens=ind, pooling=mean, head=mlp) ===
