2026-10-01 17:55:42,867 - INFO - device is	cuda:0
2026-10-01 17:55:42,981 - INFO - -- CONFIGURATIONS
2026-10-01 17:55:42,982 - INFO - --- train/valid/test: 3628/404/1728
2026-10-01 17:55:42,982 - INFO - --- max no. reactants_train, valid, test respectively: 14, 14, 14
2026-10-01 17:55:42,982 - INFO - --- max no. products_train, valid, test respectively: 1, 1, 1
2026-10-01 17:55:42,982 - INFO - --- model_path: ../logs/approach1_server/option_b_linear/suzuki/runs/suzuki_split_4_20261001_175542/split_4/model.pt
2026-10-01 17:55:43,084 - INFO - -- TRAINING
2026-10-01 17:55:45,408 - INFO - --- training epoch 0, loss 2.2260, mae 2.5394, rmse 7.7793, time elapsed(min) 0.04---
2026-10-01 17:55:45,678 - INFO - --- validation at epoch 0, val_loss 0.0475, val_mae 0.2317, val_rmse 0.3003, val_r2 -0.2174, val_pearson -0.0154, lr 1.00e-03 ---
2026-10-01 17:55:45,678 - INFO - 
****************************************************************************************************
2026-10-01 17:55:47,913 - INFO - --- training epoch 1, loss 0.0426, mae 0.2494, rmse 0.2918, time elapsed(min) 0.03---
2026-10-01 17:55:48,165 - INFO - --- validation at epoch 1, val_loss 0.0404, val_mae 0.2420, val_rmse 0.2740, val_r2 -0.0136, val_pearson -0.0261, lr 1.00e-03 ---
2026-10-01 17:55:48,166 - INFO - 
****************************************************************************************************
2026-10-01 17:55:50,473 - INFO - --- training epoch 2, loss 0.0400, mae 0.2451, rmse 0.2829, time elapsed(min) 0.03---
2026-10-01 17:55:50,726 - INFO - --- validation at epoch 2, val_loss 0.0399, val_mae 0.2376, val_rmse 0.2723, val_r2 -0.0012, val_pearson -0.0095, lr 1.00e-03 ---
2026-10-01 17:55:50,726 - INFO - 
****************************************************************************************************
2026-10-01 17:55:53,111 - INFO - --- training epoch 3, loss 0.0401, mae 0.2454, rmse 0.2832, time elapsed(min) 0.03---
2026-10-01 17:55:53,543 - INFO - --- validation at epoch 3, val_loss 0.0398, val_mae 0.2365, val_rmse 0.2723, val_r2 -0.0009, val_pearson 0.0040, lr 1.00e-03 ---
2026-10-01 17:55:53,544 - INFO - 
****************************************************************************************************
2026-10-01 17:55:55,939 - INFO - --- training epoch 4, loss 0.0399, mae 0.2442, rmse 0.2824, time elapsed(min) 0.03---
2026-10-01 17:55:56,188 - INFO - --- validation at epoch 4, val_loss 0.0399, val_mae 0.2350, val_rmse 0.2728, val_r2 -0.0042, val_pearson 0.0021, lr 1.00e-03 ---
2026-10-01 17:55:56,188 - INFO - 
****************************************************************************************************
2026-10-01 17:55:58,368 - INFO - --- training epoch 5, loss 0.0420, mae 0.2484, rmse 0.2899, time elapsed(min) 0.03---
2026-10-01 17:55:58,623 - INFO - --- validation at epoch 5, val_loss 0.0407, val_mae 0.2317, val_rmse 0.2757, val_r2 -0.0262, val_pearson -0.0021, lr 1.00e-03 ---
2026-10-01 17:55:58,623 - INFO - 
****************************************************************************************************
2026-10-01 17:56:00,933 - INFO - --- training epoch 6, loss 0.0400, mae 0.2445, rmse 0.2829, time elapsed(min) 0.03---
2026-10-01 17:56:01,380 - INFO - --- validation at epoch 6, val_loss 0.0401, val_mae 0.2394, val_rmse 0.2730, val_r2 -0.0058, val_pearson 0.0264, lr 1.00e-03 ---
2026-10-01 17:56:01,380 - INFO - 
****************************************************************************************************
2026-10-01 17:56:03,885 - INFO - --- training epoch 7, loss 0.0396, mae 0.2438, rmse 0.2813, time elapsed(min) 0.04---
2026-10-01 17:56:04,146 - INFO - --- validation at epoch 7, val_loss 0.0464, val_mae 0.2615, val_rmse 0.2946, val_r2 -0.1717, val_pearson 0.0640, lr 1.00e-03 ---
2026-10-01 17:56:04,147 - INFO - 
****************************************************************************************************
2026-10-01 17:56:06,508 - INFO - --- training epoch 8, loss 0.0399, mae 0.2436, rmse 0.2825, time elapsed(min) 0.03---
2026-10-01 17:56:06,768 - INFO - --- validation at epoch 8, val_loss 0.0397, val_mae 0.2387, val_rmse 0.2718, val_r2 0.0027, val_pearson 0.0890, lr 1.00e-03 ---
2026-10-01 17:56:06,768 - INFO - 
****************************************************************************************************
2026-10-01 17:56:09,235 - INFO - --- training epoch 9, loss 0.0393, mae 0.2415, rmse 0.2802, time elapsed(min) 0.03---
2026-10-01 17:56:09,656 - INFO - --- validation at epoch 9, val_loss 0.0384, val_mae 0.2371, val_rmse 0.2705, val_r2 0.0126, val_pearson 0.1500, lr 1.00e-03 ---
2026-10-01 17:56:09,657 - INFO - 
****************************************************************************************************
2026-10-01 17:56:12,163 - INFO - --- training epoch 10, loss 0.0390, mae 0.2402, rmse 0.2794, time elapsed(min) 0.03---
2026-10-01 17:56:12,421 - INFO - --- validation at epoch 10, val_loss 0.0393, val_mae 0.2419, val_rmse 0.2738, val_r2 -0.0116, val_pearson 0.1477, lr 1.00e-03 ---
2026-10-01 17:56:12,421 - INFO - 
****************************************************************************************************
2026-10-01 17:56:14,705 - INFO - --- training epoch 11, loss 0.0382, mae 0.2387, rmse 0.2765, time elapsed(min) 0.03---
2026-10-01 17:56:14,962 - INFO - --- validation at epoch 11, val_loss 0.0385, val_mae 0.2374, val_rmse 0.2709, val_r2 0.0094, val_pearson 0.1639, lr 1.00e-03 ---
2026-10-01 17:56:14,962 - INFO - 
****************************************************************************************************
2026-10-01 17:56:17,290 - INFO - --- training epoch 12, loss 0.0387, mae 0.2395, rmse 0.2783, time elapsed(min) 0.03---
2026-10-01 17:56:17,703 - INFO - --- validation at epoch 12, val_loss 0.0391, val_mae 0.2405, val_rmse 0.2730, val_r2 -0.0060, val_pearson 0.1649, lr 1.00e-03 ---
2026-10-01 17:56:17,703 - INFO - 
****************************************************************************************************
2026-10-01 17:56:20,276 - INFO - --- training epoch 13, loss 0.0383, mae 0.2390, rmse 0.2769, time elapsed(min) 0.04---
2026-10-01 17:56:20,525 - INFO - --- validation at epoch 13, val_loss 0.0379, val_mae 0.2320, val_rmse 0.2681, val_r2 0.0296, val_pearson 0.1805, lr 1.00e-03 ---
2026-10-01 17:56:20,525 - INFO - 
****************************************************************************************************
2026-10-01 17:56:22,826 - INFO - --- training epoch 14, loss 0.0437, mae 0.2508, rmse 0.2955, time elapsed(min) 0.03---
2026-10-01 17:56:23,080 - INFO - --- validation at epoch 14, val_loss 0.0426, val_mae 0.2287, val_rmse 0.2829, val_r2 -0.0803, val_pearson 0.1223, lr 1.00e-03 ---
2026-10-01 17:56:23,081 - INFO - 
****************************************************************************************************
2026-10-01 17:56:25,422 - INFO - --- training epoch 15, loss 0.0398, mae 0.2429, rmse 0.2823, time elapsed(min) 0.03---
2026-10-01 17:56:25,843 - INFO - --- validation at epoch 15, val_loss 0.0381, val_mae 0.2333, val_rmse 0.2684, val_r2 0.0280, val_pearson 0.1674, lr 1.00e-03 ---
2026-10-01 17:56:25,843 - INFO - 
****************************************************************************************************
2026-10-01 17:56:28,184 - INFO - --- training epoch 16, loss 0.0386, mae 0.2395, rmse 0.2777, time elapsed(min) 0.03---
2026-10-01 17:56:28,634 - INFO - --- validation at epoch 16, val_loss 0.0385, val_mae 0.2377, val_rmse 0.2706, val_r2 0.0118, val_pearson 0.1787, lr 1.00e-03 ---
2026-10-01 17:56:28,634 - INFO - 
****************************************************************************************************
2026-10-01 17:56:31,112 - INFO - --- training epoch 17, loss 0.0379, mae 0.2372, rmse 0.2752, time elapsed(min) 0.03---
2026-10-01 17:56:31,364 - INFO - --- validation at epoch 17, val_loss 0.0379, val_mae 0.2313, val_rmse 0.2680, val_r2 0.0306, val_pearson 0.1859, lr 1.00e-03 ---
2026-10-01 17:56:31,364 - INFO - 
****************************************************************************************************
2026-10-01 17:56:33,571 - INFO - --- training epoch 18, loss 0.0383, mae 0.2381, rmse 0.2769, time elapsed(min) 0.03---
2026-10-01 17:56:33,825 - INFO - --- validation at epoch 18, val_loss 0.0377, val_mae 0.2312, val_rmse 0.2676, val_r2 0.0332, val_pearson 0.1954, lr 1.00e-03 ---
2026-10-01 17:56:33,825 - INFO - 
****************************************************************************************************
2026-10-01 17:56:36,250 - INFO - --- training epoch 19, loss 0.0577, mae 0.2802, rmse 0.3398, time elapsed(min) 0.03---
2026-10-01 17:56:36,656 - INFO - --- validation at epoch 19, val_loss 0.0406, val_mae 0.2316, val_rmse 0.2754, val_r2 -0.0234, val_pearson 0.0002, lr 1.00e-03 ---
2026-10-01 17:56:36,656 - INFO - 
****************************************************************************************************
2026-10-01 17:56:39,105 - INFO - --- training epoch 20, loss 0.0403, mae 0.2458, rmse 0.2841, time elapsed(min) 0.03---
2026-10-01 17:56:39,360 - INFO - --- validation at epoch 20, val_loss 0.0400, val_mae 0.2339, val_rmse 0.2731, val_r2 -0.0069, val_pearson 0.0050, lr 1.00e-03 ---
2026-10-01 17:56:39,360 - INFO - 
****************************************************************************************************
2026-10-01 17:56:41,632 - INFO - --- training epoch 21, loss 0.0398, mae 0.2441, rmse 0.2820, time elapsed(min) 0.03---
2026-10-01 17:56:41,893 - INFO - --- validation at epoch 21, val_loss 0.0455, val_mae 0.2593, val_rmse 0.2917, val_r2 -0.1481, val_pearson 0.0067, lr 1.00e-03 ---
2026-10-01 17:56:41,893 - INFO - 
****************************************************************************************************
2026-10-01 17:56:44,248 - INFO - --- training epoch 22, loss 0.0405, mae 0.2455, rmse 0.2846, time elapsed(min) 0.03---
2026-10-01 17:56:44,657 - INFO - --- validation at epoch 22, val_loss 0.0401, val_mae 0.2397, val_rmse 0.2730, val_r2 -0.0063, val_pearson 0.0111, lr 1.00e-03 ---
2026-10-01 17:56:44,657 - INFO - 
****************************************************************************************************
2026-10-01 17:56:47,125 - INFO - --- training epoch 23, loss 0.0413, mae 0.2466, rmse 0.2875, time elapsed(min) 0.03---
2026-10-01 17:56:47,384 - INFO - --- validation at epoch 23, val_loss 0.0403, val_mae 0.2328, val_rmse 0.2743, val_r2 -0.0158, val_pearson 0.0148, lr 1.00e-03 ---
2026-10-01 17:56:47,385 - INFO - 
****************************************************************************************************
2026-10-01 17:56:49,603 - INFO - --- training epoch 24, loss 0.0400, mae 0.2444, rmse 0.2829, time elapsed(min) 0.03---
2026-10-01 17:56:49,857 - INFO - --- validation at epoch 24, val_loss 0.0399, val_mae 0.2355, val_rmse 0.2729, val_r2 -0.0051, val_pearson 0.0185, lr 1.00e-03 ---
2026-10-01 17:56:49,857 - INFO - 
****************************************************************************************************
2026-10-01 17:56:52,085 - INFO - --- training epoch 25, loss 0.0407, mae 0.2440, rmse 0.2852, time elapsed(min) 0.03---
2026-10-01 17:56:52,510 - INFO - --- validation at epoch 25, val_loss 0.0404, val_mae 0.2417, val_rmse 0.2743, val_r2 -0.0155, val_pearson 0.0240, lr 1.00e-03 ---
2026-10-01 17:56:52,510 - INFO - 
****************************************************************************************************
2026-10-01 17:56:54,980 - INFO - --- training epoch 26, loss 0.0394, mae 0.2428, rmse 0.2807, time elapsed(min) 0.03---
2026-10-01 17:56:55,428 - INFO - --- validation at epoch 26, val_loss 0.0399, val_mae 0.2361, val_rmse 0.2729, val_r2 -0.0050, val_pearson 0.0338, lr 1.00e-03 ---
2026-10-01 17:56:55,428 - INFO - 
****************************************************************************************************
2026-10-01 17:56:57,832 - INFO - --- training epoch 27, loss 0.0394, mae 0.2423, rmse 0.2808, time elapsed(min) 0.03---
2026-10-01 17:56:58,087 - INFO - --- validation at epoch 27, val_loss 0.0421, val_mae 0.2488, val_rmse 0.2806, val_r2 -0.0630, val_pearson 0.0485, lr 1.00e-03 ---
2026-10-01 17:56:58,087 - INFO - 
****************************************************************************************************
2026-10-01 17:57:00,332 - INFO - --- training epoch 28, loss 0.0390, mae 0.2416, rmse 0.2793, time elapsed(min) 0.03---
2026-10-01 17:57:00,595 - INFO - --- validation at epoch 28, val_loss 0.0398, val_mae 0.2382, val_rmse 0.2728, val_r2 -0.0046, val_pearson 0.0743, lr 1.00e-03 ---
2026-10-01 17:57:00,595 - INFO - 
****************************************************************************************************
2026-10-01 17:57:01,006 - INFO - --- early stopping at epoch 28: val_loss did not improve for 10 epochs ---
2026-10-01 17:57:01,473 - INFO - --- selected checkpoint from epoch 18, val_loss 0.0377, val_mae 0.2312, val_rmse 0.2676
2026-10-01 17:57:02,633 - INFO - -- RESULT
2026-10-01 17:57:02,633 - INFO - --- test size: 1728
2026-10-01 17:57:02,634 - INFO - --- MAE: 0.2321 (23.21 pp), RMSE: 0.2716 (27.16 pp), R2: 0.0537, Pearson: 0.2351
