2026-10-01 15:12:34,693 - INFO - device is	cuda:0
2026-10-01 15:12:34,799 - INFO - -- CONFIGURATIONS
2026-10-01 15:12:34,799 - INFO - --- train/valid/test: 3628/404/1728
2026-10-01 15:12:34,799 - INFO - --- max no. reactants_train, valid, test respectively: 14, 14, 14
2026-10-01 15:12:34,799 - INFO - --- max no. products_train, valid, test respectively: 1, 1, 1
2026-10-01 15:12:34,799 - INFO - --- model_path: ../logs/suzuki_approach1_grid/runs/suzuki/split_2/approach_2/model.pt
2026-10-01 15:12:34,806 - INFO - -- TRAINING
2026-10-01 15:12:36,151 - INFO - --- training epoch 0, loss 0.8946, mae 1.1862, rmse 2.8373, time elapsed(min) 0.02---
2026-10-01 15:12:36,362 - INFO - --- validation at epoch 0, val_loss 0.0461, val_mae 0.2413, val_rmse 0.3003, val_r2 -0.1583, val_pearson 0.2811, lr 1.00e-03 ---
2026-10-01 15:12:36,362 - INFO - 
****************************************************************************************************
2026-10-01 15:12:38,015 - INFO - --- training epoch 1, loss 0.0436, mae 0.2513, rmse 0.2951, time elapsed(min) 0.02---
2026-10-01 15:12:38,227 - INFO - --- validation at epoch 1, val_loss 0.0392, val_mae 0.2371, val_rmse 0.2794, val_r2 -0.0025, val_pearson 0.2184, lr 1.00e-03 ---
2026-10-01 15:12:38,227 - INFO - 
****************************************************************************************************
2026-10-01 15:12:39,873 - INFO - --- training epoch 2, loss 0.0402, mae 0.2442, rmse 0.2837, time elapsed(min) 0.02---
2026-10-01 15:12:40,202 - INFO - --- validation at epoch 2, val_loss 0.0372, val_mae 0.2367, val_rmse 0.2737, val_r2 0.0377, val_pearson 0.2459, lr 1.00e-03 ---
2026-10-01 15:12:40,202 - INFO - 
****************************************************************************************************
2026-10-01 15:12:42,037 - INFO - --- training epoch 3, loss 0.0392, mae 0.2417, rmse 0.2799, time elapsed(min) 0.03---
2026-10-01 15:12:42,247 - INFO - --- validation at epoch 3, val_loss 0.0378, val_mae 0.2348, val_rmse 0.2750, val_r2 0.0284, val_pearson 0.2575, lr 1.00e-03 ---
2026-10-01 15:12:42,247 - INFO - 
****************************************************************************************************
2026-10-01 15:12:43,829 - INFO - --- training epoch 4, loss 0.0392, mae 0.2413, rmse 0.2800, time elapsed(min) 0.02---
2026-10-01 15:12:44,059 - INFO - --- validation at epoch 4, val_loss 0.0392, val_mae 0.2327, val_rmse 0.2790, val_r2 0.0004, val_pearson 0.2731, lr 1.00e-03 ---
2026-10-01 15:12:44,060 - INFO - 
****************************************************************************************************
2026-10-01 15:12:45,674 - INFO - --- training epoch 5, loss 0.0394, mae 0.2408, rmse 0.2807, time elapsed(min) 0.02---
2026-10-01 15:12:45,934 - INFO - --- validation at epoch 5, val_loss 0.0369, val_mae 0.2336, val_rmse 0.2718, val_r2 0.0508, val_pearson 0.2915, lr 1.00e-03 ---
2026-10-01 15:12:45,934 - INFO - 
****************************************************************************************************
2026-10-01 15:12:47,687 - INFO - --- training epoch 6, loss 0.0391, mae 0.2406, rmse 0.2798, time elapsed(min) 0.02---
2026-10-01 15:12:48,063 - INFO - --- validation at epoch 6, val_loss 0.0367, val_mae 0.2329, val_rmse 0.2709, val_r2 0.0572, val_pearson 0.2965, lr 1.00e-03 ---
2026-10-01 15:12:48,063 - INFO - 
****************************************************************************************************
2026-10-01 15:12:49,840 - INFO - --- training epoch 7, loss 0.0390, mae 0.2402, rmse 0.2791, time elapsed(min) 0.02---
2026-10-01 15:12:50,054 - INFO - --- validation at epoch 7, val_loss 0.0374, val_mae 0.2309, val_rmse 0.2724, val_r2 0.0468, val_pearson 0.3035, lr 1.00e-03 ---
2026-10-01 15:12:50,054 - INFO - 
****************************************************************************************************
2026-10-01 15:12:51,651 - INFO - --- training epoch 8, loss 0.0383, mae 0.2375, rmse 0.2767, time elapsed(min) 0.02---
2026-10-01 15:12:51,867 - INFO - --- validation at epoch 8, val_loss 0.0363, val_mae 0.2301, val_rmse 0.2691, val_r2 0.0698, val_pearson 0.3188, lr 1.00e-03 ---
2026-10-01 15:12:51,867 - INFO - 
****************************************************************************************************
2026-10-01 15:12:53,698 - INFO - --- training epoch 9, loss 0.0382, mae 0.2362, rmse 0.2766, time elapsed(min) 0.02---
2026-10-01 15:12:54,070 - INFO - --- validation at epoch 9, val_loss 0.0402, val_mae 0.2278, val_rmse 0.2817, val_r2 -0.0193, val_pearson 0.3224, lr 1.00e-03 ---
2026-10-01 15:12:54,070 - INFO - 
****************************************************************************************************
2026-10-01 15:12:55,923 - INFO - --- training epoch 10, loss 0.0386, mae 0.2371, rmse 0.2777, time elapsed(min) 0.03---
2026-10-01 15:12:56,133 - INFO - --- validation at epoch 10, val_loss 0.0358, val_mae 0.2289, val_rmse 0.2667, val_r2 0.0864, val_pearson 0.3243, lr 1.00e-03 ---
2026-10-01 15:12:56,133 - INFO - 
****************************************************************************************************
2026-10-01 15:12:57,782 - INFO - --- training epoch 11, loss 0.0374, mae 0.2343, rmse 0.2735, time elapsed(min) 0.02---
2026-10-01 15:12:57,991 - INFO - --- validation at epoch 11, val_loss 0.0361, val_mae 0.2252, val_rmse 0.2673, val_r2 0.0823, val_pearson 0.3293, lr 1.00e-03 ---
2026-10-01 15:12:57,991 - INFO - 
****************************************************************************************************
2026-10-01 15:12:59,667 - INFO - --- training epoch 12, loss 0.0367, mae 0.2313, rmse 0.2708, time elapsed(min) 0.02---
2026-10-01 15:12:59,996 - INFO - --- validation at epoch 12, val_loss 0.0366, val_mae 0.2224, val_rmse 0.2686, val_r2 0.0734, val_pearson 0.3605, lr 1.00e-03 ---
2026-10-01 15:12:59,996 - INFO - 
****************************************************************************************************
2026-10-01 15:13:01,971 - INFO - --- training epoch 13, loss 0.0361, mae 0.2268, rmse 0.2687, time elapsed(min) 0.03---
2026-10-01 15:13:02,187 - INFO - --- validation at epoch 13, val_loss 0.0318, val_mae 0.2186, val_rmse 0.2534, val_r2 0.1748, val_pearson 0.4610, lr 1.00e-03 ---
2026-10-01 15:13:02,187 - INFO - 
****************************************************************************************************
2026-10-01 15:13:03,841 - INFO - --- training epoch 14, loss 0.0326, mae 0.2103, rmse 0.2553, time elapsed(min) 0.02---
2026-10-01 15:13:04,056 - INFO - --- validation at epoch 14, val_loss 0.0283, val_mae 0.1978, val_rmse 0.2425, val_r2 0.2443, val_pearson 0.5148, lr 1.00e-03 ---
2026-10-01 15:13:04,056 - INFO - 
****************************************************************************************************
2026-10-01 15:13:05,734 - INFO - --- training epoch 15, loss 0.0303, mae 0.1992, rmse 0.2463, time elapsed(min) 0.02---
2026-10-01 15:13:05,946 - INFO - --- validation at epoch 15, val_loss 0.0228, val_mae 0.1709, val_rmse 0.2141, val_r2 0.4113, val_pearson 0.6604, lr 1.00e-03 ---
2026-10-01 15:13:05,946 - INFO - 
****************************************************************************************************
2026-10-01 15:13:07,684 - INFO - --- training epoch 16, loss 0.0274, mae 0.1872, rmse 0.2339, time elapsed(min) 0.02---
2026-10-01 15:13:08,080 - INFO - --- validation at epoch 16, val_loss 0.0261, val_mae 0.1826, val_rmse 0.2220, val_r2 0.3672, val_pearson 0.6655, lr 1.00e-03 ---
2026-10-01 15:13:08,080 - INFO - 
****************************************************************************************************
2026-10-01 15:13:09,807 - INFO - --- training epoch 17, loss 0.0275, mae 0.1871, rmse 0.2343, time elapsed(min) 0.02---
2026-10-01 15:13:10,035 - INFO - --- validation at epoch 17, val_loss 0.0288, val_mae 0.1923, val_rmse 0.2419, val_r2 0.2485, val_pearson 0.5676, lr 1.00e-03 ---
2026-10-01 15:13:10,035 - INFO - 
****************************************************************************************************
2026-10-01 15:13:11,673 - INFO - --- training epoch 18, loss 0.0311, mae 0.2040, rmse 0.2496, time elapsed(min) 0.02---
2026-10-01 15:13:11,885 - INFO - --- validation at epoch 18, val_loss 0.0214, val_mae 0.1612, val_rmse 0.2099, val_r2 0.4340, val_pearson 0.6600, lr 1.00e-03 ---
2026-10-01 15:13:11,885 - INFO - 
****************************************************************************************************
2026-10-01 15:13:13,644 - INFO - --- training epoch 19, loss 0.0256, mae 0.1799, rmse 0.2265, time elapsed(min) 0.02---
2026-10-01 15:13:14,016 - INFO - --- validation at epoch 19, val_loss 0.0216, val_mae 0.1643, val_rmse 0.2070, val_r2 0.4498, val_pearson 0.6854, lr 1.00e-03 ---
2026-10-01 15:13:14,016 - INFO - 
****************************************************************************************************
2026-10-01 15:13:15,882 - INFO - --- training epoch 20, loss 0.0257, mae 0.1807, rmse 0.2269, time elapsed(min) 0.03---
2026-10-01 15:13:16,095 - INFO - --- validation at epoch 20, val_loss 0.0207, val_mae 0.1565, val_rmse 0.2017, val_r2 0.4772, val_pearson 0.6940, lr 1.00e-03 ---
2026-10-01 15:13:16,095 - INFO - 
****************************************************************************************************
2026-10-01 15:13:17,787 - INFO - --- training epoch 21, loss 0.0252, mae 0.1779, rmse 0.2243, time elapsed(min) 0.02---
2026-10-01 15:13:18,002 - INFO - --- validation at epoch 21, val_loss 0.0224, val_mae 0.1629, val_rmse 0.2087, val_r2 0.4403, val_pearson 0.6863, lr 1.00e-03 ---
2026-10-01 15:13:18,003 - INFO - 
****************************************************************************************************
2026-10-01 15:13:19,714 - INFO - --- training epoch 22, loss 0.0249, mae 0.1765, rmse 0.2230, time elapsed(min) 0.02---
2026-10-01 15:13:20,051 - INFO - --- validation at epoch 22, val_loss 0.0209, val_mae 0.1580, val_rmse 0.2034, val_r2 0.4683, val_pearson 0.6993, lr 1.00e-03 ---
2026-10-01 15:13:20,051 - INFO - 
****************************************************************************************************
2026-10-01 15:13:21,878 - INFO - --- training epoch 23, loss 0.0244, mae 0.1743, rmse 0.2208, time elapsed(min) 0.03---
2026-10-01 15:13:22,088 - INFO - --- validation at epoch 23, val_loss 0.0216, val_mae 0.1644, val_rmse 0.2091, val_r2 0.4384, val_pearson 0.7108, lr 1.00e-03 ---
2026-10-01 15:13:22,088 - INFO - 
****************************************************************************************************
2026-10-01 15:13:23,768 - INFO - --- training epoch 24, loss 0.0238, mae 0.1709, rmse 0.2182, time elapsed(min) 0.02---
2026-10-01 15:13:24,011 - INFO - --- validation at epoch 24, val_loss 0.0208, val_mae 0.1582, val_rmse 0.2008, val_r2 0.4821, val_pearson 0.7089, lr 1.00e-03 ---
2026-10-01 15:13:24,012 - INFO - 
****************************************************************************************************
2026-10-01 15:13:25,751 - INFO - --- training epoch 25, loss 0.0233, mae 0.1685, rmse 0.2157, time elapsed(min) 0.02---
2026-10-01 15:13:25,961 - INFO - --- validation at epoch 25, val_loss 0.0195, val_mae 0.1522, val_rmse 0.1964, val_r2 0.5046, val_pearson 0.7225, lr 1.00e-03 ---
2026-10-01 15:13:25,961 - INFO - 
****************************************************************************************************
2026-10-01 15:13:27,709 - INFO - --- training epoch 26, loss 0.0237, mae 0.1701, rmse 0.2179, time elapsed(min) 0.02---
2026-10-01 15:13:28,071 - INFO - --- validation at epoch 26, val_loss 0.0201, val_mae 0.1535, val_rmse 0.1978, val_r2 0.4975, val_pearson 0.7236, lr 1.00e-03 ---
2026-10-01 15:13:28,071 - INFO - 
****************************************************************************************************
2026-10-01 15:13:29,818 - INFO - --- training epoch 27, loss 0.0231, mae 0.1653, rmse 0.2148, time elapsed(min) 0.02---
2026-10-01 15:13:30,029 - INFO - --- validation at epoch 27, val_loss 0.0183, val_mae 0.1534, val_rmse 0.1927, val_r2 0.5231, val_pearson 0.7439, lr 1.00e-03 ---
2026-10-01 15:13:30,029 - INFO - 
****************************************************************************************************
2026-10-01 15:13:31,809 - INFO - --- training epoch 28, loss 0.0219, mae 0.1622, rmse 0.2092, time elapsed(min) 0.02---
2026-10-01 15:13:32,020 - INFO - --- validation at epoch 28, val_loss 0.0192, val_mae 0.1522, val_rmse 0.1941, val_r2 0.5162, val_pearson 0.7311, lr 1.00e-03 ---
2026-10-01 15:13:32,021 - INFO - 
****************************************************************************************************
2026-10-01 15:13:33,639 - INFO - --- training epoch 29, loss 0.0224, mae 0.1642, rmse 0.2117, time elapsed(min) 0.02---
2026-10-01 15:13:33,978 - INFO - --- validation at epoch 29, val_loss 0.0218, val_mae 0.1558, val_rmse 0.2007, val_r2 0.4824, val_pearson 0.6950, lr 1.00e-03 ---
2026-10-01 15:13:33,978 - INFO - 
****************************************************************************************************
2026-10-01 15:13:35,782 - INFO - --- training epoch 30, loss 0.0239, mae 0.1709, rmse 0.2185, time elapsed(min) 0.03---
2026-10-01 15:13:36,016 - INFO - --- validation at epoch 30, val_loss 0.0185, val_mae 0.1512, val_rmse 0.1932, val_r2 0.5207, val_pearson 0.7304, lr 1.00e-03 ---
2026-10-01 15:13:36,016 - INFO - 
****************************************************************************************************
2026-10-01 15:13:37,617 - INFO - --- training epoch 31, loss 0.0221, mae 0.1624, rmse 0.2103, time elapsed(min) 0.02---
2026-10-01 15:13:37,830 - INFO - --- validation at epoch 31, val_loss 0.0189, val_mae 0.1517, val_rmse 0.1916, val_r2 0.5286, val_pearson 0.7564, lr 1.00e-03 ---
2026-10-01 15:13:37,830 - INFO - 
****************************************************************************************************
2026-10-01 15:13:39,460 - INFO - --- training epoch 32, loss 0.0221, mae 0.1619, rmse 0.2104, time elapsed(min) 0.02---
2026-10-01 15:13:39,797 - INFO - --- validation at epoch 32, val_loss 0.0197, val_mae 0.1511, val_rmse 0.1947, val_r2 0.5132, val_pearson 0.7407, lr 1.00e-03 ---
2026-10-01 15:13:39,797 - INFO - 
****************************************************************************************************
2026-10-01 15:13:41,616 - INFO - --- training epoch 33, loss 0.0225, mae 0.1645, rmse 0.2122, time elapsed(min) 0.03---
2026-10-01 15:13:41,831 - INFO - --- validation at epoch 33, val_loss 0.0191, val_mae 0.1515, val_rmse 0.1933, val_r2 0.5202, val_pearson 0.7298, lr 1.00e-03 ---
2026-10-01 15:13:41,831 - INFO - 
****************************************************************************************************
2026-10-01 15:13:43,450 - INFO - --- training epoch 34, loss 0.0223, mae 0.1635, rmse 0.2114, time elapsed(min) 0.02---
2026-10-01 15:13:43,680 - INFO - --- validation at epoch 34, val_loss 0.0202, val_mae 0.1534, val_rmse 0.1976, val_r2 0.4984, val_pearson 0.7444, lr 1.00e-03 ---
2026-10-01 15:13:43,680 - INFO - 
****************************************************************************************************
2026-10-01 15:13:45,336 - INFO - --- training epoch 35, loss 0.0213, mae 0.1595, rmse 0.2066, time elapsed(min) 0.02---
2026-10-01 15:13:45,664 - INFO - --- validation at epoch 35, val_loss 0.0173, val_mae 0.1402, val_rmse 0.1820, val_r2 0.5745, val_pearson 0.7590, lr 1.00e-03 ---
2026-10-01 15:13:45,664 - INFO - 
****************************************************************************************************
2026-10-01 15:13:47,533 - INFO - --- training epoch 36, loss 0.0216, mae 0.1606, rmse 0.2077, time elapsed(min) 0.03---
2026-10-01 15:13:48,050 - INFO - --- validation at epoch 36, val_loss 0.0202, val_mae 0.1542, val_rmse 0.1959, val_r2 0.5069, val_pearson 0.7552, lr 1.00e-03 ---
2026-10-01 15:13:48,050 - INFO - 
****************************************************************************************************
2026-10-01 15:13:49,746 - INFO - --- training epoch 37, loss 0.0216, mae 0.1603, rmse 0.2078, time elapsed(min) 0.02---
2026-10-01 15:13:49,956 - INFO - --- validation at epoch 37, val_loss 0.0219, val_mae 0.1575, val_rmse 0.2034, val_r2 0.4688, val_pearson 0.7066, lr 1.00e-03 ---
2026-10-01 15:13:49,956 - INFO - 
****************************************************************************************************
2026-10-01 15:13:51,572 - INFO - --- training epoch 38, loss 0.0236, mae 0.1697, rmse 0.2171, time elapsed(min) 0.02---
2026-10-01 15:13:51,921 - INFO - --- validation at epoch 38, val_loss 0.0179, val_mae 0.1452, val_rmse 0.1859, val_r2 0.5563, val_pearson 0.7565, lr 1.00e-03 ---
2026-10-01 15:13:51,921 - INFO - 
****************************************************************************************************
2026-10-01 15:13:53,648 - INFO - --- training epoch 39, loss 0.0210, mae 0.1583, rmse 0.2048, time elapsed(min) 0.02---
2026-10-01 15:13:54,011 - INFO - --- validation at epoch 39, val_loss 0.0193, val_mae 0.1489, val_rmse 0.1904, val_r2 0.5341, val_pearson 0.7685, lr 1.00e-03 ---
2026-10-01 15:13:54,011 - INFO - 
****************************************************************************************************
2026-10-01 15:13:55,882 - INFO - --- training epoch 40, loss 0.0211, mae 0.1594, rmse 0.2054, time elapsed(min) 0.02---
2026-10-01 15:13:56,094 - INFO - --- validation at epoch 40, val_loss 0.0184, val_mae 0.1451, val_rmse 0.1874, val_r2 0.5489, val_pearson 0.7781, lr 1.00e-03 ---
2026-10-01 15:13:56,094 - INFO - 
****************************************************************************************************
2026-10-01 15:13:57,716 - INFO - --- training epoch 41, loss 0.0209, mae 0.1582, rmse 0.2043, time elapsed(min) 0.02---
2026-10-01 15:13:57,926 - INFO - --- validation at epoch 41, val_loss 0.0165, val_mae 0.1408, val_rmse 0.1780, val_r2 0.5929, val_pearson 0.7798, lr 1.00e-03 ---
2026-10-01 15:13:57,926 - INFO - 
****************************************************************************************************
2026-10-01 15:13:59,712 - INFO - --- training epoch 42, loss 0.0200, mae 0.1546, rmse 0.2001, time elapsed(min) 0.02---
2026-10-01 15:14:00,055 - INFO - --- validation at epoch 42, val_loss 0.0167, val_mae 0.1382, val_rmse 0.1780, val_r2 0.5928, val_pearson 0.7861, lr 1.00e-03 ---
2026-10-01 15:14:00,055 - INFO - 
****************************************************************************************************
2026-10-01 15:14:01,923 - INFO - --- training epoch 43, loss 0.0200, mae 0.1538, rmse 0.1999, time elapsed(min) 0.03---
2026-10-01 15:14:02,158 - INFO - --- validation at epoch 43, val_loss 0.0176, val_mae 0.1427, val_rmse 0.1824, val_r2 0.5724, val_pearson 0.7733, lr 1.00e-03 ---
2026-10-01 15:14:02,158 - INFO - 
****************************************************************************************************
2026-10-01 15:14:03,766 - INFO - --- training epoch 44, loss 0.0200, mae 0.1546, rmse 0.2001, time elapsed(min) 0.02---
2026-10-01 15:14:03,978 - INFO - --- validation at epoch 44, val_loss 0.0175, val_mae 0.1424, val_rmse 0.1818, val_r2 0.5756, val_pearson 0.7633, lr 1.00e-03 ---
2026-10-01 15:14:03,979 - INFO - 
****************************************************************************************************
2026-10-01 15:14:05,660 - INFO - --- training epoch 45, loss 0.0199, mae 0.1544, rmse 0.1995, time elapsed(min) 0.02---
2026-10-01 15:14:05,988 - INFO - --- validation at epoch 45, val_loss 0.0159, val_mae 0.1341, val_rmse 0.1720, val_r2 0.6198, val_pearson 0.7908, lr 1.00e-03 ---
2026-10-01 15:14:05,988 - INFO - 
****************************************************************************************************
2026-10-01 15:14:07,913 - INFO - --- training epoch 46, loss 0.0198, mae 0.1534, rmse 0.1992, time elapsed(min) 0.03---
2026-10-01 15:14:08,169 - INFO - --- validation at epoch 46, val_loss 0.0155, val_mae 0.1370, val_rmse 0.1722, val_r2 0.6190, val_pearson 0.8008, lr 1.00e-03 ---
2026-10-01 15:14:08,170 - INFO - 
****************************************************************************************************
2026-10-01 15:14:09,846 - INFO - --- training epoch 47, loss 0.0199, mae 0.1543, rmse 0.1994, time elapsed(min) 0.02---
2026-10-01 15:14:10,057 - INFO - --- validation at epoch 47, val_loss 0.0191, val_mae 0.1488, val_rmse 0.1923, val_r2 0.5249, val_pearson 0.8028, lr 1.00e-03 ---
2026-10-01 15:14:10,058 - INFO - 
****************************************************************************************************
2026-10-01 15:14:11,764 - INFO - --- training epoch 48, loss 0.0195, mae 0.1524, rmse 0.1972, time elapsed(min) 0.02---
2026-10-01 15:14:12,102 - INFO - --- validation at epoch 48, val_loss 0.0176, val_mae 0.1415, val_rmse 0.1800, val_r2 0.5839, val_pearson 0.7673, lr 1.00e-03 ---
2026-10-01 15:14:12,103 - INFO - 
****************************************************************************************************
2026-10-01 15:14:13,908 - INFO - --- training epoch 49, loss 0.0202, mae 0.1546, rmse 0.2009, time elapsed(min) 0.03---
2026-10-01 15:14:14,123 - INFO - --- validation at epoch 49, val_loss 0.0178, val_mae 0.1408, val_rmse 0.1853, val_r2 0.5588, val_pearson 0.7946, lr 1.00e-03 ---
2026-10-01 15:14:14,123 - INFO - 
****************************************************************************************************
2026-10-01 15:14:15,728 - INFO - --- training epoch 50, loss 0.0194, mae 0.1512, rmse 0.1968, time elapsed(min) 0.02---
2026-10-01 15:14:15,943 - INFO - --- validation at epoch 50, val_loss 0.0173, val_mae 0.1389, val_rmse 0.1810, val_r2 0.5793, val_pearson 0.7991, lr 1.00e-03 ---
2026-10-01 15:14:15,943 - INFO - 
****************************************************************************************************
2026-10-01 15:14:17,577 - INFO - --- training epoch 51, loss 0.0189, mae 0.1495, rmse 0.1942, time elapsed(min) 0.02---
2026-10-01 15:14:17,792 - INFO - --- validation at epoch 51, val_loss 0.0158, val_mae 0.1360, val_rmse 0.1732, val_r2 0.6145, val_pearson 0.7888, lr 1.00e-03 ---
2026-10-01 15:14:17,792 - INFO - 
****************************************************************************************************
2026-10-01 15:14:19,521 - INFO - --- training epoch 52, loss 0.0200, mae 0.1544, rmse 0.1999, time elapsed(min) 0.02---
2026-10-01 15:14:19,995 - INFO - --- validation at epoch 52, val_loss 0.0167, val_mae 0.1340, val_rmse 0.1763, val_r2 0.6009, val_pearson 0.7755, lr 1.00e-03 ---
2026-10-01 15:14:19,995 - INFO - 
****************************************************************************************************
2026-10-01 15:14:21,616 - INFO - --- training epoch 53, loss 0.0194, mae 0.1518, rmse 0.1971, time elapsed(min) 0.02---
2026-10-01 15:14:21,827 - INFO - --- validation at epoch 53, val_loss 0.0157, val_mae 0.1350, val_rmse 0.1725, val_r2 0.6177, val_pearson 0.8068, lr 1.00e-03 ---
2026-10-01 15:14:21,827 - INFO - 
****************************************************************************************************
2026-10-01 15:14:23,513 - INFO - --- training epoch 54, loss 0.0189, mae 0.1497, rmse 0.1943, time elapsed(min) 0.02---
2026-10-01 15:14:23,725 - INFO - --- validation at epoch 54, val_loss 0.0155, val_mae 0.1340, val_rmse 0.1743, val_r2 0.6099, val_pearson 0.8094, lr 1.00e-03 ---
2026-10-01 15:14:23,726 - INFO - 
****************************************************************************************************
2026-10-01 15:14:25,509 - INFO - --- training epoch 55, loss 0.0192, mae 0.1505, rmse 0.1958, time elapsed(min) 0.02---
2026-10-01 15:14:25,916 - INFO - --- validation at epoch 55, val_loss 0.0159, val_mae 0.1376, val_rmse 0.1760, val_r2 0.6022, val_pearson 0.7994, lr 1.00e-03 ---
2026-10-01 15:14:25,917 - INFO - 
****************************************************************************************************
2026-10-01 15:14:27,638 - INFO - --- training epoch 56, loss 0.0188, mae 0.1492, rmse 0.1938, time elapsed(min) 0.02---
2026-10-01 15:14:27,884 - INFO - --- validation at epoch 56, val_loss 0.0167, val_mae 0.1361, val_rmse 0.1783, val_r2 0.5918, val_pearson 0.8029, lr 1.00e-03 ---
2026-10-01 15:14:27,885 - INFO - 
****************************************************************************************************
2026-10-01 15:14:29,579 - INFO - --- training epoch 57, loss 0.0181, mae 0.1461, rmse 0.1904, time elapsed(min) 0.02---
2026-10-01 15:14:29,793 - INFO - --- validation at epoch 57, val_loss 0.0169, val_mae 0.1361, val_rmse 0.1765, val_r2 0.6000, val_pearson 0.8012, lr 1.00e-03 ---
2026-10-01 15:14:29,793 - INFO - 
****************************************************************************************************
2026-10-01 15:14:31,400 - INFO - --- training epoch 58, loss 0.0187, mae 0.1492, rmse 0.1935, time elapsed(min) 0.02---
2026-10-01 15:14:31,733 - INFO - --- validation at epoch 58, val_loss 0.0171, val_mae 0.1369, val_rmse 0.1799, val_r2 0.5845, val_pearson 0.7998, lr 1.00e-03 ---
2026-10-01 15:14:31,733 - INFO - 
****************************************************************************************************
2026-10-01 15:14:33,599 - INFO - --- training epoch 59, loss 0.0193, mae 0.1510, rmse 0.1965, time elapsed(min) 0.03---
2026-10-01 15:14:33,815 - INFO - --- validation at epoch 59, val_loss 0.0165, val_mae 0.1375, val_rmse 0.1775, val_r2 0.5954, val_pearson 0.7794, lr 1.00e-03 ---
2026-10-01 15:14:33,815 - INFO - 
****************************************************************************************************
2026-10-01 15:14:35,462 - INFO - --- training epoch 60, loss 0.0193, mae 0.1503, rmse 0.1966, time elapsed(min) 0.02---
2026-10-01 15:14:35,673 - INFO - --- validation at epoch 60, val_loss 0.0156, val_mae 0.1356, val_rmse 0.1731, val_r2 0.6153, val_pearson 0.8068, lr 1.00e-03 ---
2026-10-01 15:14:35,673 - INFO - 
****************************************************************************************************
2026-10-01 15:14:37,283 - INFO - --- training epoch 61, loss 0.0183, mae 0.1467, rmse 0.1912, time elapsed(min) 0.02---
2026-10-01 15:14:37,494 - INFO - --- validation at epoch 61, val_loss 0.0175, val_mae 0.1403, val_rmse 0.1807, val_r2 0.5803, val_pearson 0.7965, lr 1.00e-03 ---
2026-10-01 15:14:37,494 - INFO - 
****************************************************************************************************
2026-10-01 15:14:39,259 - INFO - --- training epoch 62, loss 0.0185, mae 0.1469, rmse 0.1921, time elapsed(min) 0.02---
2026-10-01 15:14:39,724 - INFO - --- validation at epoch 62, val_loss 0.0169, val_mae 0.1418, val_rmse 0.1786, val_r2 0.5903, val_pearson 0.7770, lr 1.00e-03 ---
2026-10-01 15:14:39,725 - INFO - 
****************************************************************************************************
2026-10-01 15:14:41,488 - INFO - --- training epoch 63, loss 0.0190, mae 0.1502, rmse 0.1950, time elapsed(min) 0.02---
2026-10-01 15:14:41,700 - INFO - --- validation at epoch 63, val_loss 0.0153, val_mae 0.1311, val_rmse 0.1719, val_r2 0.6204, val_pearson 0.8102, lr 1.00e-03 ---
2026-10-01 15:14:41,700 - INFO - 
****************************************************************************************************
2026-10-01 15:14:43,384 - INFO - --- training epoch 64, loss 0.0184, mae 0.1485, rmse 0.1920, time elapsed(min) 0.02---
2026-10-01 15:14:43,593 - INFO - --- validation at epoch 64, val_loss 0.0166, val_mae 0.1379, val_rmse 0.1739, val_r2 0.6114, val_pearson 0.7941, lr 1.00e-03 ---
2026-10-01 15:14:43,593 - INFO - 
****************************************************************************************************
2026-10-01 15:14:45,300 - INFO - --- training epoch 65, loss 0.0186, mae 0.1486, rmse 0.1930, time elapsed(min) 0.02---
2026-10-01 15:14:45,690 - INFO - --- validation at epoch 65, val_loss 0.0158, val_mae 0.1329, val_rmse 0.1728, val_r2 0.6164, val_pearson 0.8105, lr 1.00e-03 ---
2026-10-01 15:14:45,690 - INFO - 
****************************************************************************************************
2026-10-01 15:14:47,530 - INFO - --- training epoch 66, loss 0.0180, mae 0.1463, rmse 0.1899, time elapsed(min) 0.03---
2026-10-01 15:14:47,742 - INFO - --- validation at epoch 66, val_loss 0.0153, val_mae 0.1336, val_rmse 0.1700, val_r2 0.6286, val_pearson 0.8005, lr 1.00e-03 ---
2026-10-01 15:14:47,742 - INFO - 
****************************************************************************************************
2026-10-01 15:14:49,346 - INFO - --- training epoch 67, loss 0.0178, mae 0.1449, rmse 0.1888, time elapsed(min) 0.02---
2026-10-01 15:14:49,558 - INFO - --- validation at epoch 67, val_loss 0.0163, val_mae 0.1335, val_rmse 0.1765, val_r2 0.5997, val_pearson 0.8030, lr 1.00e-03 ---
2026-10-01 15:14:49,559 - INFO - 
****************************************************************************************************
2026-10-01 15:14:51,207 - INFO - --- training epoch 68, loss 0.0177, mae 0.1450, rmse 0.1879, time elapsed(min) 0.02---
2026-10-01 15:14:51,536 - INFO - --- validation at epoch 68, val_loss 0.0164, val_mae 0.1347, val_rmse 0.1731, val_r2 0.6152, val_pearson 0.8123, lr 1.00e-03 ---
2026-10-01 15:14:51,536 - INFO - 
****************************************************************************************************
2026-10-01 15:14:53,482 - INFO - --- training epoch 69, loss 0.0177, mae 0.1456, rmse 0.1884, time elapsed(min) 0.03---
2026-10-01 15:14:53,697 - INFO - --- validation at epoch 69, val_loss 0.0169, val_mae 0.1411, val_rmse 0.1791, val_r2 0.5879, val_pearson 0.7706, lr 1.00e-03 ---
2026-10-01 15:14:53,697 - INFO - 
****************************************************************************************************
2026-10-01 15:14:55,421 - INFO - --- training epoch 70, loss 0.0193, mae 0.1523, rmse 0.1962, time elapsed(min) 0.02---
2026-10-01 15:14:55,636 - INFO - --- validation at epoch 70, val_loss 0.0169, val_mae 0.1356, val_rmse 0.1775, val_r2 0.5952, val_pearson 0.7831, lr 1.00e-03 ---
2026-10-01 15:14:55,636 - INFO - 
****************************************************************************************************
2026-10-01 15:14:57,256 - INFO - --- training epoch 71, loss 0.0189, mae 0.1488, rmse 0.1942, time elapsed(min) 0.02---
2026-10-01 15:14:57,472 - INFO - --- validation at epoch 71, val_loss 0.0139, val_mae 0.1252, val_rmse 0.1597, val_r2 0.6723, val_pearson 0.8235, lr 1.00e-03 ---
2026-10-01 15:14:57,472 - INFO - 
****************************************************************************************************
2026-10-01 15:14:59,383 - INFO - --- training epoch 72, loss 0.0175, mae 0.1442, rmse 0.1870, time elapsed(min) 0.03---
2026-10-01 15:14:59,752 - INFO - --- validation at epoch 72, val_loss 0.0150, val_mae 0.1292, val_rmse 0.1659, val_r2 0.6466, val_pearson 0.8149, lr 1.00e-03 ---
2026-10-01 15:14:59,752 - INFO - 
****************************************************************************************************
2026-10-01 15:15:01,447 - INFO - --- training epoch 73, loss 0.0178, mae 0.1449, rmse 0.1888, time elapsed(min) 0.02---
2026-10-01 15:15:01,660 - INFO - --- validation at epoch 73, val_loss 0.0160, val_mae 0.1405, val_rmse 0.1771, val_r2 0.5973, val_pearson 0.7749, lr 1.00e-03 ---
2026-10-01 15:15:01,660 - INFO - 
****************************************************************************************************
2026-10-01 15:15:03,306 - INFO - --- training epoch 74, loss 0.0192, mae 0.1519, rmse 0.1960, time elapsed(min) 0.02---
2026-10-01 15:15:03,520 - INFO - --- validation at epoch 74, val_loss 0.0171, val_mae 0.1393, val_rmse 0.1761, val_r2 0.6018, val_pearson 0.7884, lr 1.00e-03 ---
2026-10-01 15:15:03,520 - INFO - 
****************************************************************************************************
2026-10-01 15:15:05,184 - INFO - --- training epoch 75, loss 0.0194, mae 0.1507, rmse 0.1970, time elapsed(min) 0.02---
2026-10-01 15:15:05,570 - INFO - --- validation at epoch 75, val_loss 0.0179, val_mae 0.1388, val_rmse 0.1840, val_r2 0.5653, val_pearson 0.8086, lr 1.00e-03 ---
2026-10-01 15:15:05,570 - INFO - 
****************************************************************************************************
2026-10-01 15:15:07,483 - INFO - --- training epoch 76, loss 0.0178, mae 0.1451, rmse 0.1887, time elapsed(min) 0.03---
2026-10-01 15:15:07,694 - INFO - --- validation at epoch 76, val_loss 0.0165, val_mae 0.1323, val_rmse 0.1701, val_r2 0.6282, val_pearson 0.8013, lr 1.00e-03 ---
2026-10-01 15:15:07,694 - INFO - 
****************************************************************************************************
2026-10-01 15:15:09,371 - INFO - --- training epoch 77, loss 0.0179, mae 0.1454, rmse 0.1892, time elapsed(min) 0.02---
2026-10-01 15:15:09,579 - INFO - --- validation at epoch 77, val_loss 0.0151, val_mae 0.1311, val_rmse 0.1666, val_r2 0.6436, val_pearson 0.8119, lr 1.00e-03 ---
2026-10-01 15:15:09,579 - INFO - 
****************************************************************************************************
2026-10-01 15:15:11,244 - INFO - --- training epoch 78, loss 0.0173, mae 0.1437, rmse 0.1858, time elapsed(min) 0.02---
2026-10-01 15:15:11,571 - INFO - --- validation at epoch 78, val_loss 0.0162, val_mae 0.1309, val_rmse 0.1729, val_r2 0.6159, val_pearson 0.8126, lr 1.00e-03 ---
2026-10-01 15:15:11,571 - INFO - 
****************************************************************************************************
2026-10-01 15:15:13,314 - INFO - --- training epoch 79, loss 0.0171, mae 0.1421, rmse 0.1852, time elapsed(min) 0.02---
2026-10-01 15:15:13,782 - INFO - --- validation at epoch 79, val_loss 0.0145, val_mae 0.1290, val_rmse 0.1642, val_r2 0.6534, val_pearson 0.8172, lr 1.00e-03 ---
2026-10-01 15:15:13,782 - INFO - 
****************************************************************************************************
2026-10-01 15:15:15,405 - INFO - --- training epoch 80, loss 0.0174, mae 0.1435, rmse 0.1865, time elapsed(min) 0.02---
2026-10-01 15:15:15,615 - INFO - --- validation at epoch 80, val_loss 0.0146, val_mae 0.1280, val_rmse 0.1657, val_r2 0.6475, val_pearson 0.8199, lr 1.00e-03 ---
2026-10-01 15:15:15,615 - INFO - 
****************************************************************************************************
2026-10-01 15:15:17,235 - INFO - --- training epoch 81, loss 0.0169, mae 0.1408, rmse 0.1839, time elapsed(min) 0.02---
2026-10-01 15:15:17,448 - INFO - --- validation at epoch 81, val_loss 0.0167, val_mae 0.1358, val_rmse 0.1756, val_r2 0.6038, val_pearson 0.7857, lr 1.00e-03 ---
2026-10-01 15:15:17,448 - INFO - 
****************************************************************************************************
2026-10-01 15:15:17,720 - INFO - --- early stopping at epoch 81: val_loss did not improve for 10 epochs ---
2026-10-01 15:15:18,085 - INFO - --- selected checkpoint from epoch 71, val_loss 0.0139, val_mae 0.1252, val_rmse 0.1597
2026-10-01 15:15:18,857 - INFO - -- RESULT
2026-10-01 15:15:18,858 - INFO - --- test size: 1728
2026-10-01 15:15:18,858 - INFO - --- MAE: 0.1345 (13.45 pp), RMSE: 0.1763 (17.63 pp), R2: 0.6068, Pearson: 0.7803
2026-10-01 15:15:20,480 - INFO - --- Cell approach_2 DONE: test MAE=0.1345 RMSE=0.1763 R2=0.6068 | sec/epoch=1.99
2026-10-01 15:15:20,497 - INFO - === RUNNING: dataset=suzuki split=split_2 cell=approach_1_linear (tokens=comb, pooling=rn, head=linear) ===
