2026-10-01 15:15:20,499 - INFO - device is	cuda:0
2026-10-01 15:15:20,605 - INFO - -- CONFIGURATIONS
2026-10-01 15:15:20,605 - INFO - --- train/valid/test: 3628/404/1728
2026-10-01 15:15:20,605 - INFO - --- max no. reactants_train, valid, test respectively: 14, 14, 14
2026-10-01 15:15:20,605 - INFO - --- max no. products_train, valid, test respectively: 1, 1, 1
2026-10-01 15:15:20,605 - INFO - --- model_path: ../logs/suzuki_approach1_grid/runs/suzuki/split_2/approach_1_linear/model.pt
2026-10-01 15:15:20,613 - INFO - -- TRAINING
2026-10-01 15:15:24,222 - INFO - --- training epoch 0, loss 2.4717, mae 2.8299, rmse 7.2421, time elapsed(min) 0.06---
2026-10-01 15:15:24,547 - INFO - --- validation at epoch 0, val_loss 0.0719, val_mae 0.2801, val_rmse 0.3738, val_r2 -0.7945, val_pearson 0.1859, lr 1.00e-03 ---
2026-10-01 15:15:24,547 - INFO - 
****************************************************************************************************
2026-10-01 15:15:28,479 - INFO - --- training epoch 1, loss 0.0438, mae 0.2514, rmse 0.2958, time elapsed(min) 0.06---
2026-10-01 15:15:28,801 - INFO - --- validation at epoch 1, val_loss 0.0393, val_mae 0.2400, val_rmse 0.2797, val_r2 -0.0051, val_pearson 0.2219, lr 1.00e-03 ---
2026-10-01 15:15:28,802 - INFO - 
****************************************************************************************************
2026-10-01 15:15:32,774 - INFO - --- training epoch 2, loss 0.0399, mae 0.2448, rmse 0.2826, time elapsed(min) 0.06---
2026-10-01 15:15:33,149 - INFO - --- validation at epoch 2, val_loss 0.0398, val_mae 0.2379, val_rmse 0.2817, val_r2 -0.0194, val_pearson 0.2212, lr 1.00e-03 ---
2026-10-01 15:15:33,149 - INFO - 
****************************************************************************************************
2026-10-01 15:15:37,133 - INFO - --- training epoch 3, loss 0.0400, mae 0.2451, rmse 0.2829, time elapsed(min) 0.06---
2026-10-01 15:15:37,607 - INFO - --- validation at epoch 3, val_loss 0.0406, val_mae 0.2364, val_rmse 0.2845, val_r2 -0.0397, val_pearson 0.2199, lr 1.00e-03 ---
2026-10-01 15:15:37,607 - INFO - 
****************************************************************************************************
2026-10-01 15:15:41,586 - INFO - --- training epoch 4, loss 0.0403, mae 0.2438, rmse 0.2840, time elapsed(min) 0.06---
2026-10-01 15:15:41,959 - INFO - --- validation at epoch 4, val_loss 0.0380, val_mae 0.2360, val_rmse 0.2766, val_r2 0.0172, val_pearson 0.2389, lr 1.00e-03 ---
2026-10-01 15:15:41,959 - INFO - 
****************************************************************************************************
2026-10-01 15:15:45,892 - INFO - --- training epoch 5, loss 0.0396, mae 0.2433, rmse 0.2815, time elapsed(min) 0.06---
2026-10-01 15:15:46,220 - INFO - --- validation at epoch 5, val_loss 0.0393, val_mae 0.2346, val_rmse 0.2802, val_r2 -0.0088, val_pearson 0.2505, lr 1.00e-03 ---
2026-10-01 15:15:46,220 - INFO - 
****************************************************************************************************
2026-10-01 15:15:50,125 - INFO - --- training epoch 6, loss 0.0392, mae 0.2417, rmse 0.2799, time elapsed(min) 0.06---
2026-10-01 15:15:50,618 - INFO - --- validation at epoch 6, val_loss 0.0374, val_mae 0.2340, val_rmse 0.2740, val_r2 0.0358, val_pearson 0.2636, lr 1.00e-03 ---
2026-10-01 15:15:50,618 - INFO - 
****************************************************************************************************
2026-10-01 15:15:54,839 - INFO - --- training epoch 7, loss 0.0390, mae 0.2407, rmse 0.2792, time elapsed(min) 0.06---
2026-10-01 15:15:55,171 - INFO - --- validation at epoch 7, val_loss 0.0382, val_mae 0.2330, val_rmse 0.2761, val_r2 0.0208, val_pearson 0.2725, lr 1.00e-03 ---
2026-10-01 15:15:55,171 - INFO - 
****************************************************************************************************
2026-10-01 15:15:59,081 - INFO - --- training epoch 8, loss 0.0392, mae 0.2409, rmse 0.2799, time elapsed(min) 0.06---
2026-10-01 15:15:59,409 - INFO - --- validation at epoch 8, val_loss 0.0375, val_mae 0.2333, val_rmse 0.2734, val_r2 0.0395, val_pearson 0.2801, lr 1.00e-03 ---
2026-10-01 15:15:59,409 - INFO - 
****************************************************************************************************
2026-10-01 15:16:03,287 - INFO - --- training epoch 9, loss 0.0395, mae 0.2409, rmse 0.2812, time elapsed(min) 0.06---
2026-10-01 15:16:03,661 - INFO - --- validation at epoch 9, val_loss 0.0387, val_mae 0.2333, val_rmse 0.2773, val_r2 0.0120, val_pearson 0.2602, lr 1.00e-03 ---
2026-10-01 15:16:03,661 - INFO - 
****************************************************************************************************
2026-10-01 15:16:07,801 - INFO - --- training epoch 10, loss 0.0389, mae 0.2395, rmse 0.2788, time elapsed(min) 0.06---
2026-10-01 15:16:08,129 - INFO - --- validation at epoch 10, val_loss 0.0397, val_mae 0.2325, val_rmse 0.2801, val_r2 -0.0076, val_pearson 0.2751, lr 1.00e-03 ---
2026-10-01 15:16:08,129 - INFO - 
****************************************************************************************************
2026-10-01 15:16:11,998 - INFO - --- training epoch 11, loss 0.0393, mae 0.2402, rmse 0.2802, time elapsed(min) 0.06---
2026-10-01 15:16:12,322 - INFO - --- validation at epoch 11, val_loss 0.0394, val_mae 0.2315, val_rmse 0.2786, val_r2 0.0026, val_pearson 0.2946, lr 1.00e-03 ---
2026-10-01 15:16:12,322 - INFO - 
****************************************************************************************************
2026-10-01 15:16:16,235 - INFO - --- training epoch 12, loss 0.0388, mae 0.2373, rmse 0.2787, time elapsed(min) 0.06---
2026-10-01 15:16:16,609 - INFO - --- validation at epoch 12, val_loss 0.0421, val_mae 0.2310, val_rmse 0.2875, val_r2 -0.0621, val_pearson 0.3336, lr 1.00e-03 ---
2026-10-01 15:16:16,609 - INFO - 
****************************************************************************************************
2026-10-01 15:16:20,627 - INFO - --- training epoch 13, loss 0.0388, mae 0.2385, rmse 0.2785, time elapsed(min) 0.06---
2026-10-01 15:16:21,101 - INFO - --- validation at epoch 13, val_loss 0.0374, val_mae 0.2275, val_rmse 0.2716, val_r2 0.0527, val_pearson 0.3279, lr 1.00e-03 ---
2026-10-01 15:16:21,101 - INFO - 
****************************************************************************************************
2026-10-01 15:16:25,137 - INFO - --- training epoch 14, loss 0.0380, mae 0.2348, rmse 0.2756, time elapsed(min) 0.06---
2026-10-01 15:16:25,465 - INFO - --- validation at epoch 14, val_loss 0.0399, val_mae 0.2287, val_rmse 0.2793, val_r2 -0.0023, val_pearson 0.3284, lr 1.00e-03 ---
2026-10-01 15:16:25,465 - INFO - 
****************************************************************************************************
2026-10-01 15:16:29,339 - INFO - --- training epoch 15, loss 0.0377, mae 0.2349, rmse 0.2748, time elapsed(min) 0.06---
2026-10-01 15:16:29,665 - INFO - --- validation at epoch 15, val_loss 0.0380, val_mae 0.2250, val_rmse 0.2730, val_r2 0.0428, val_pearson 0.3399, lr 1.00e-03 ---
2026-10-01 15:16:29,665 - INFO - 
****************************************************************************************************
2026-10-01 15:16:33,587 - INFO - --- training epoch 16, loss 0.0368, mae 0.2314, rmse 0.2713, time elapsed(min) 0.06---
2026-10-01 15:16:34,064 - INFO - --- validation at epoch 16, val_loss 0.0354, val_mae 0.2271, val_rmse 0.2640, val_r2 0.1050, val_pearson 0.3327, lr 1.00e-03 ---
2026-10-01 15:16:34,064 - INFO - 
****************************************************************************************************
2026-10-01 15:16:38,331 - INFO - --- training epoch 17, loss 0.0359, mae 0.2277, rmse 0.2679, time elapsed(min) 0.06---
2026-10-01 15:16:38,652 - INFO - --- validation at epoch 17, val_loss 0.0343, val_mae 0.2251, val_rmse 0.2612, val_r2 0.1237, val_pearson 0.3896, lr 1.00e-03 ---
2026-10-01 15:16:38,652 - INFO - 
****************************************************************************************************
2026-10-01 15:16:42,685 - INFO - --- training epoch 18, loss 0.0339, mae 0.2173, rmse 0.2604, time elapsed(min) 0.06---
2026-10-01 15:16:43,010 - INFO - --- validation at epoch 18, val_loss 0.0361, val_mae 0.2301, val_rmse 0.2718, val_r2 0.0510, val_pearson 0.4717, lr 1.00e-03 ---
2026-10-01 15:16:43,010 - INFO - 
****************************************************************************************************
2026-10-01 15:16:46,933 - INFO - --- training epoch 19, loss 0.0323, mae 0.2098, rmse 0.2543, time elapsed(min) 0.06---
2026-10-01 15:16:47,312 - INFO - --- validation at epoch 19, val_loss 0.0279, val_mae 0.1996, val_rmse 0.2395, val_r2 0.2634, val_pearson 0.5416, lr 1.00e-03 ---
2026-10-01 15:16:47,312 - INFO - 
****************************************************************************************************
2026-10-01 15:16:51,526 - INFO - --- training epoch 20, loss 0.0365, mae 0.2218, rmse 0.2702, time elapsed(min) 0.06---
2026-10-01 15:16:51,849 - INFO - --- validation at epoch 20, val_loss 0.0303, val_mae 0.2143, val_rmse 0.2494, val_r2 0.2013, val_pearson 0.5241, lr 1.00e-03 ---
2026-10-01 15:16:51,849 - INFO - 
****************************************************************************************************
2026-10-01 15:16:55,726 - INFO - --- training epoch 21, loss 0.0319, mae 0.2061, rmse 0.2527, time elapsed(min) 0.06---
2026-10-01 15:16:56,054 - INFO - --- validation at epoch 21, val_loss 0.0315, val_mae 0.2129, val_rmse 0.2507, val_r2 0.1929, val_pearson 0.5865, lr 1.00e-03 ---
2026-10-01 15:16:56,055 - INFO - 
****************************************************************************************************
2026-10-01 15:16:59,981 - INFO - --- training epoch 22, loss 0.0301, mae 0.1976, rmse 0.2452, time elapsed(min) 0.06---
2026-10-01 15:17:00,360 - INFO - --- validation at epoch 22, val_loss 0.0230, val_mae 0.1660, val_rmse 0.2141, val_r2 0.4110, val_pearson 0.6718, lr 1.00e-03 ---
2026-10-01 15:17:00,360 - INFO - 
****************************************************************************************************
2026-10-01 15:17:04,636 - INFO - --- training epoch 23, loss 0.0264, mae 0.1833, rmse 0.2300, time elapsed(min) 0.06---
2026-10-01 15:17:04,959 - INFO - --- validation at epoch 23, val_loss 0.0223, val_mae 0.1668, val_rmse 0.2113, val_r2 0.4263, val_pearson 0.6564, lr 1.00e-03 ---
2026-10-01 15:17:04,959 - INFO - 
****************************************************************************************************
2026-10-01 15:17:08,933 - INFO - --- training epoch 24, loss 0.0353, mae 0.2159, rmse 0.2657, time elapsed(min) 0.06---
2026-10-01 15:17:09,265 - INFO - --- validation at epoch 24, val_loss 0.0248, val_mae 0.1699, val_rmse 0.2233, val_r2 0.3594, val_pearson 0.6704, lr 1.00e-03 ---
2026-10-01 15:17:09,265 - INFO - 
****************************************************************************************************
2026-10-01 15:17:13,288 - INFO - --- training epoch 25, loss 0.0258, mae 0.1793, rmse 0.2270, time elapsed(min) 0.06---
2026-10-01 15:17:13,665 - INFO - --- validation at epoch 25, val_loss 0.0217, val_mae 0.1602, val_rmse 0.2061, val_r2 0.4541, val_pearson 0.6778, lr 1.00e-03 ---
2026-10-01 15:17:13,665 - INFO - 
****************************************************************************************************
2026-10-01 15:17:17,818 - INFO - --- training epoch 26, loss 0.0251, mae 0.1772, rmse 0.2240, time elapsed(min) 0.06---
2026-10-01 15:17:18,294 - INFO - --- validation at epoch 26, val_loss 0.0220, val_mae 0.1718, val_rmse 0.2075, val_r2 0.4472, val_pearson 0.6839, lr 1.00e-03 ---
2026-10-01 15:17:18,295 - INFO - 
****************************************************************************************************
2026-10-01 15:17:22,293 - INFO - --- training epoch 27, loss 0.0252, mae 0.1789, rmse 0.2245, time elapsed(min) 0.06---
2026-10-01 15:17:22,615 - INFO - --- validation at epoch 27, val_loss 0.0208, val_mae 0.1590, val_rmse 0.2033, val_r2 0.4692, val_pearson 0.6939, lr 1.00e-03 ---
2026-10-01 15:17:22,615 - INFO - 
****************************************************************************************************
2026-10-01 15:17:26,626 - INFO - --- training epoch 28, loss 0.0247, mae 0.1760, rmse 0.2222, time elapsed(min) 0.06---
2026-10-01 15:17:27,006 - INFO - --- validation at epoch 28, val_loss 0.0206, val_mae 0.1651, val_rmse 0.2025, val_r2 0.4730, val_pearson 0.6943, lr 1.00e-03 ---
2026-10-01 15:17:27,006 - INFO - 
****************************************************************************************************
2026-10-01 15:17:31,133 - INFO - --- training epoch 29, loss 0.0252, mae 0.1782, rmse 0.2246, time elapsed(min) 0.06---
2026-10-01 15:17:31,609 - INFO - --- validation at epoch 29, val_loss 0.0216, val_mae 0.1702, val_rmse 0.2066, val_r2 0.4519, val_pearson 0.6915, lr 1.00e-03 ---
2026-10-01 15:17:31,609 - INFO - 
****************************************************************************************************
2026-10-01 15:17:35,596 - INFO - --- training epoch 30, loss 0.0260, mae 0.1817, rmse 0.2280, time elapsed(min) 0.06---
2026-10-01 15:17:35,924 - INFO - --- validation at epoch 30, val_loss 0.0214, val_mae 0.1601, val_rmse 0.2067, val_r2 0.4511, val_pearson 0.6886, lr 1.00e-03 ---
2026-10-01 15:17:35,924 - INFO - 
****************************************************************************************************
2026-10-01 15:17:39,861 - INFO - --- training epoch 31, loss 0.0244, mae 0.1757, rmse 0.2211, time elapsed(min) 0.06---
2026-10-01 15:17:40,184 - INFO - --- validation at epoch 31, val_loss 0.0219, val_mae 0.1695, val_rmse 0.2072, val_r2 0.4486, val_pearson 0.6825, lr 1.00e-03 ---
2026-10-01 15:17:40,184 - INFO - 
****************************************************************************************************
2026-10-01 15:17:44,112 - INFO - --- training epoch 32, loss 0.0258, mae 0.1815, rmse 0.2271, time elapsed(min) 0.06---
2026-10-01 15:17:44,592 - INFO - --- validation at epoch 32, val_loss 0.0211, val_mae 0.1589, val_rmse 0.2037, val_r2 0.4667, val_pearson 0.6942, lr 1.00e-03 ---
2026-10-01 15:17:44,592 - INFO - 
****************************************************************************************************
2026-10-01 15:17:48,592 - INFO - --- training epoch 33, loss 0.0253, mae 0.1786, rmse 0.2249, time elapsed(min) 0.06---
2026-10-01 15:17:48,916 - INFO - --- validation at epoch 33, val_loss 0.0224, val_mae 0.1630, val_rmse 0.2068, val_r2 0.4505, val_pearson 0.6952, lr 1.00e-03 ---
2026-10-01 15:17:48,916 - INFO - 
****************************************************************************************************
2026-10-01 15:17:52,811 - INFO - --- training epoch 34, loss 0.0255, mae 0.1791, rmse 0.2257, time elapsed(min) 0.06---
2026-10-01 15:17:53,131 - INFO - --- validation at epoch 34, val_loss 0.0213, val_mae 0.1689, val_rmse 0.2057, val_r2 0.4565, val_pearson 0.6892, lr 1.00e-03 ---
2026-10-01 15:17:53,131 - INFO - 
****************************************************************************************************
2026-10-01 15:17:57,072 - INFO - --- training epoch 35, loss 0.0255, mae 0.1800, rmse 0.2257, time elapsed(min) 0.06---
2026-10-01 15:17:57,579 - INFO - --- validation at epoch 35, val_loss 0.0205, val_mae 0.1626, val_rmse 0.2020, val_r2 0.4756, val_pearson 0.6981, lr 1.00e-03 ---
2026-10-01 15:17:57,579 - INFO - 
****************************************************************************************************
2026-10-01 15:18:01,855 - INFO - --- training epoch 36, loss 0.0249, mae 0.1778, rmse 0.2233, time elapsed(min) 0.07---
2026-10-01 15:18:02,188 - INFO - --- validation at epoch 36, val_loss 0.0215, val_mae 0.1680, val_rmse 0.2055, val_r2 0.4577, val_pearson 0.6972, lr 1.00e-03 ---
2026-10-01 15:18:02,188 - INFO - 
****************************************************************************************************
2026-10-01 15:18:06,082 - INFO - --- training epoch 37, loss 0.0253, mae 0.1786, rmse 0.2247, time elapsed(min) 0.06---
2026-10-01 15:18:06,409 - INFO - --- validation at epoch 37, val_loss 0.0205, val_mae 0.1568, val_rmse 0.1996, val_r2 0.4884, val_pearson 0.7012, lr 1.00e-03 ---
2026-10-01 15:18:06,409 - INFO - 
****************************************************************************************************
2026-10-01 15:18:10,382 - INFO - --- training epoch 38, loss 0.0245, mae 0.1746, rmse 0.2212, time elapsed(min) 0.06---
2026-10-01 15:18:10,760 - INFO - --- validation at epoch 38, val_loss 0.0202, val_mae 0.1581, val_rmse 0.1996, val_r2 0.4883, val_pearson 0.7031, lr 1.00e-03 ---
2026-10-01 15:18:10,760 - INFO - 
****************************************************************************************************
2026-10-01 15:18:14,998 - INFO - --- training epoch 39, loss 0.0245, mae 0.1750, rmse 0.2212, time elapsed(min) 0.06---
2026-10-01 15:18:15,321 - INFO - --- validation at epoch 39, val_loss 0.0204, val_mae 0.1607, val_rmse 0.2007, val_r2 0.4824, val_pearson 0.7009, lr 1.00e-03 ---
2026-10-01 15:18:15,321 - INFO - 
****************************************************************************************************
2026-10-01 15:18:19,246 - INFO - --- training epoch 40, loss 0.0241, mae 0.1747, rmse 0.2195, time elapsed(min) 0.06---
2026-10-01 15:18:19,573 - INFO - --- validation at epoch 40, val_loss 0.0215, val_mae 0.1678, val_rmse 0.2054, val_r2 0.4579, val_pearson 0.6973, lr 1.00e-03 ---
2026-10-01 15:18:19,573 - INFO - 
****************************************************************************************************
2026-10-01 15:18:23,481 - INFO - --- training epoch 41, loss 0.0256, mae 0.1798, rmse 0.2263, time elapsed(min) 0.06---
2026-10-01 15:18:23,937 - INFO - --- validation at epoch 41, val_loss 0.0206, val_mae 0.1576, val_rmse 0.2041, val_r2 0.4649, val_pearson 0.7024, lr 1.00e-03 ---
2026-10-01 15:18:23,937 - INFO - 
****************************************************************************************************
2026-10-01 15:18:27,989 - INFO - --- training epoch 42, loss 0.0238, mae 0.1730, rmse 0.2181, time elapsed(min) 0.06---
2026-10-01 15:18:28,491 - INFO - --- validation at epoch 42, val_loss 0.0221, val_mae 0.1689, val_rmse 0.2068, val_r2 0.4508, val_pearson 0.6874, lr 1.00e-03 ---
2026-10-01 15:18:28,491 - INFO - 
****************************************************************************************************
2026-10-01 15:18:32,477 - INFO - --- training epoch 43, loss 0.0292, mae 0.1915, rmse 0.2415, time elapsed(min) 0.06---
2026-10-01 15:18:32,821 - INFO - --- validation at epoch 43, val_loss 0.0215, val_mae 0.1707, val_rmse 0.2070, val_r2 0.4496, val_pearson 0.6879, lr 1.00e-03 ---
2026-10-01 15:18:32,821 - INFO - 
****************************************************************************************************
2026-10-01 15:18:36,725 - INFO - --- training epoch 44, loss 0.0307, mae 0.1984, rmse 0.2476, time elapsed(min) 0.06---
2026-10-01 15:18:37,054 - INFO - --- validation at epoch 44, val_loss 0.0259, val_mae 0.1896, val_rmse 0.2271, val_r2 0.3373, val_pearson 0.6335, lr 1.00e-03 ---
2026-10-01 15:18:37,054 - INFO - 
****************************************************************************************************
2026-10-01 15:18:40,993 - INFO - --- training epoch 45, loss 0.0268, mae 0.1848, rmse 0.2317, time elapsed(min) 0.06---
2026-10-01 15:18:41,445 - INFO - --- validation at epoch 45, val_loss 0.0198, val_mae 0.1571, val_rmse 0.1997, val_r2 0.4875, val_pearson 0.7018, lr 1.00e-03 ---
2026-10-01 15:18:41,445 - INFO - 
****************************************************************************************************
2026-10-01 15:18:45,751 - INFO - --- training epoch 46, loss 0.0243, mae 0.1741, rmse 0.2204, time elapsed(min) 0.06---
2026-10-01 15:18:46,076 - INFO - --- validation at epoch 46, val_loss 0.0192, val_mae 0.1562, val_rmse 0.1952, val_r2 0.5105, val_pearson 0.7195, lr 1.00e-03 ---
2026-10-01 15:18:46,076 - INFO - 
****************************************************************************************************
2026-10-01 15:18:50,050 - INFO - --- training epoch 47, loss 0.0231, mae 0.1684, rmse 0.2148, time elapsed(min) 0.06---
2026-10-01 15:18:50,375 - INFO - --- validation at epoch 47, val_loss 0.0190, val_mae 0.1535, val_rmse 0.1955, val_r2 0.5091, val_pearson 0.7277, lr 1.00e-03 ---
2026-10-01 15:18:50,375 - INFO - 
****************************************************************************************************
2026-10-01 15:18:54,352 - INFO - --- training epoch 48, loss 0.0224, mae 0.1660, rmse 0.2117, time elapsed(min) 0.06---
2026-10-01 15:18:54,727 - INFO - --- validation at epoch 48, val_loss 0.0188, val_mae 0.1524, val_rmse 0.1924, val_r2 0.5245, val_pearson 0.7286, lr 1.00e-03 ---
2026-10-01 15:18:54,727 - INFO - 
****************************************************************************************************
2026-10-01 15:18:59,011 - INFO - --- training epoch 49, loss 0.0224, mae 0.1654, rmse 0.2115, time elapsed(min) 0.06---
2026-10-01 15:18:59,335 - INFO - --- validation at epoch 49, val_loss 0.0188, val_mae 0.1536, val_rmse 0.1928, val_r2 0.5224, val_pearson 0.7305, lr 1.00e-03 ---
2026-10-01 15:18:59,335 - INFO - 
****************************************************************************************************
2026-10-01 15:19:03,304 - INFO - --- training epoch 50, loss 0.0222, mae 0.1638, rmse 0.2106, time elapsed(min) 0.06---
2026-10-01 15:19:03,630 - INFO - --- validation at epoch 50, val_loss 0.0187, val_mae 0.1520, val_rmse 0.1913, val_r2 0.5297, val_pearson 0.7330, lr 1.00e-03 ---
2026-10-01 15:19:03,631 - INFO - 
****************************************************************************************************
2026-10-01 15:19:07,605 - INFO - --- training epoch 51, loss 0.0223, mae 0.1647, rmse 0.2111, time elapsed(min) 0.06---
2026-10-01 15:19:08,062 - INFO - --- validation at epoch 51, val_loss 0.0186, val_mae 0.1498, val_rmse 0.1910, val_r2 0.5312, val_pearson 0.7351, lr 1.00e-03 ---
2026-10-01 15:19:08,062 - INFO - 
****************************************************************************************************
2026-10-01 15:19:12,208 - INFO - --- training epoch 52, loss 0.0220, mae 0.1632, rmse 0.2095, time elapsed(min) 0.06---
2026-10-01 15:19:12,725 - INFO - --- validation at epoch 52, val_loss 0.0184, val_mae 0.1520, val_rmse 0.1910, val_r2 0.5312, val_pearson 0.7390, lr 1.00e-03 ---
2026-10-01 15:19:12,725 - INFO - 
****************************************************************************************************
2026-10-01 15:19:16,864 - INFO - --- training epoch 53, loss 0.0219, mae 0.1620, rmse 0.2092, time elapsed(min) 0.06---
2026-10-01 15:19:17,194 - INFO - --- validation at epoch 53, val_loss 0.0205, val_mae 0.1638, val_rmse 0.1989, val_r2 0.4919, val_pearson 0.7283, lr 1.00e-03 ---
2026-10-01 15:19:17,194 - INFO - 
****************************************************************************************************
2026-10-01 15:19:21,081 - INFO - --- training epoch 54, loss 0.0226, mae 0.1665, rmse 0.2127, time elapsed(min) 0.06---
2026-10-01 15:19:21,407 - INFO - --- validation at epoch 54, val_loss 0.0206, val_mae 0.1683, val_rmse 0.2004, val_r2 0.4842, val_pearson 0.7371, lr 1.00e-03 ---
2026-10-01 15:19:21,407 - INFO - 
****************************************************************************************************
2026-10-01 15:19:25,361 - INFO - --- training epoch 55, loss 0.0230, mae 0.1689, rmse 0.2144, time elapsed(min) 0.06---
2026-10-01 15:19:25,888 - INFO - --- validation at epoch 55, val_loss 0.0186, val_mae 0.1489, val_rmse 0.1903, val_r2 0.5348, val_pearson 0.7372, lr 1.00e-03 ---
2026-10-01 15:19:25,888 - INFO - 
****************************************************************************************************
2026-10-01 15:19:29,892 - INFO - --- training epoch 56, loss 0.0215, mae 0.1609, rmse 0.2074, time elapsed(min) 0.06---
2026-10-01 15:19:30,220 - INFO - --- validation at epoch 56, val_loss 0.0182, val_mae 0.1505, val_rmse 0.1892, val_r2 0.5401, val_pearson 0.7434, lr 1.00e-03 ---
2026-10-01 15:19:30,220 - INFO - 
****************************************************************************************************
2026-10-01 15:19:34,191 - INFO - --- training epoch 57, loss 0.0220, mae 0.1632, rmse 0.2098, time elapsed(min) 0.06---
2026-10-01 15:19:34,518 - INFO - --- validation at epoch 57, val_loss 0.0189, val_mae 0.1516, val_rmse 0.1904, val_r2 0.5341, val_pearson 0.7387, lr 1.00e-03 ---
2026-10-01 15:19:34,518 - INFO - 
****************************************************************************************************
2026-10-01 15:19:38,459 - INFO - --- training epoch 58, loss 0.0221, mae 0.1634, rmse 0.2101, time elapsed(min) 0.06---
2026-10-01 15:19:38,910 - INFO - --- validation at epoch 58, val_loss 0.0187, val_mae 0.1508, val_rmse 0.1910, val_r2 0.5313, val_pearson 0.7394, lr 1.00e-03 ---
2026-10-01 15:19:38,910 - INFO - 
****************************************************************************************************
2026-10-01 15:19:43,070 - INFO - --- training epoch 59, loss 0.0213, mae 0.1601, rmse 0.2064, time elapsed(min) 0.06---
2026-10-01 15:19:43,391 - INFO - --- validation at epoch 59, val_loss 0.0182, val_mae 0.1498, val_rmse 0.1888, val_r2 0.5421, val_pearson 0.7405, lr 1.00e-03 ---
2026-10-01 15:19:43,391 - INFO - 
****************************************************************************************************
2026-10-01 15:19:47,382 - INFO - --- training epoch 60, loss 0.0206, mae 0.1565, rmse 0.2030, time elapsed(min) 0.06---
2026-10-01 15:19:47,709 - INFO - --- validation at epoch 60, val_loss 0.0179, val_mae 0.1499, val_rmse 0.1880, val_r2 0.5459, val_pearson 0.7414, lr 1.00e-03 ---
2026-10-01 15:19:47,709 - INFO - 
****************************************************************************************************
2026-10-01 15:19:51,675 - INFO - --- training epoch 61, loss 0.0208, mae 0.1575, rmse 0.2039, time elapsed(min) 0.06---
2026-10-01 15:19:52,000 - INFO - --- validation at epoch 61, val_loss 0.0181, val_mae 0.1502, val_rmse 0.1876, val_r2 0.5479, val_pearson 0.7449, lr 1.00e-03 ---
2026-10-01 15:19:52,000 - INFO - 
****************************************************************************************************
2026-10-01 15:19:56,046 - INFO - --- training epoch 62, loss 0.0215, mae 0.1604, rmse 0.2073, time elapsed(min) 0.06---
2026-10-01 15:19:56,520 - INFO - --- validation at epoch 62, val_loss 0.0180, val_mae 0.1486, val_rmse 0.1865, val_r2 0.5531, val_pearson 0.7453, lr 1.00e-03 ---
2026-10-01 15:19:56,520 - INFO - 
****************************************************************************************************
2026-10-01 15:20:00,510 - INFO - --- training epoch 63, loss 0.0217, mae 0.1609, rmse 0.2082, time elapsed(min) 0.06---
2026-10-01 15:20:00,830 - INFO - --- validation at epoch 63, val_loss 0.0178, val_mae 0.1478, val_rmse 0.1866, val_r2 0.5525, val_pearson 0.7489, lr 1.00e-03 ---
2026-10-01 15:20:00,830 - INFO - 
****************************************************************************************************
2026-10-01 15:20:04,808 - INFO - --- training epoch 64, loss 0.0209, mae 0.1574, rmse 0.2043, time elapsed(min) 0.06---
2026-10-01 15:20:05,131 - INFO - --- validation at epoch 64, val_loss 0.0191, val_mae 0.1527, val_rmse 0.1918, val_r2 0.5272, val_pearson 0.7471, lr 1.00e-03 ---
2026-10-01 15:20:05,131 - INFO - 
****************************************************************************************************
2026-10-01 15:20:09,086 - INFO - --- training epoch 65, loss 0.0207, mae 0.1573, rmse 0.2037, time elapsed(min) 0.06---
2026-10-01 15:20:09,566 - INFO - --- validation at epoch 65, val_loss 0.0172, val_mae 0.1458, val_rmse 0.1843, val_r2 0.5636, val_pearson 0.7567, lr 1.00e-03 ---
2026-10-01 15:20:09,566 - INFO - 
****************************************************************************************************
2026-10-01 15:20:13,675 - INFO - --- training epoch 66, loss 0.0209, mae 0.1579, rmse 0.2043, time elapsed(min) 0.06---
2026-10-01 15:20:13,997 - INFO - --- validation at epoch 66, val_loss 0.0174, val_mae 0.1454, val_rmse 0.1855, val_r2 0.5581, val_pearson 0.7512, lr 1.00e-03 ---
2026-10-01 15:20:13,997 - INFO - 
****************************************************************************************************
2026-10-01 15:20:17,893 - INFO - --- training epoch 67, loss 0.0207, mae 0.1571, rmse 0.2036, time elapsed(min) 0.06---
2026-10-01 15:20:18,217 - INFO - --- validation at epoch 67, val_loss 0.0182, val_mae 0.1466, val_rmse 0.1895, val_r2 0.5387, val_pearson 0.7437, lr 1.00e-03 ---
2026-10-01 15:20:18,218 - INFO - 
****************************************************************************************************
2026-10-01 15:20:22,160 - INFO - --- training epoch 68, loss 0.0205, mae 0.1566, rmse 0.2026, time elapsed(min) 0.06---
2026-10-01 15:20:22,545 - INFO - --- validation at epoch 68, val_loss 0.0171, val_mae 0.1446, val_rmse 0.1833, val_r2 0.5683, val_pearson 0.7542, lr 1.00e-03 ---
2026-10-01 15:20:22,546 - INFO - 
****************************************************************************************************
2026-10-01 15:20:26,820 - INFO - --- training epoch 69, loss 0.0203, mae 0.1546, rmse 0.2013, time elapsed(min) 0.07---
2026-10-01 15:20:27,190 - INFO - --- validation at epoch 69, val_loss 0.0171, val_mae 0.1451, val_rmse 0.1842, val_r2 0.5640, val_pearson 0.7560, lr 1.00e-03 ---
2026-10-01 15:20:27,190 - INFO - 
****************************************************************************************************
2026-10-01 15:20:31,088 - INFO - --- training epoch 70, loss 0.0224, mae 0.1631, rmse 0.2117, time elapsed(min) 0.06---
2026-10-01 15:20:31,412 - INFO - --- validation at epoch 70, val_loss 0.0393, val_mae 0.2313, val_rmse 0.2823, val_r2 -0.0238, val_pearson 0.7489, lr 1.00e-03 ---
2026-10-01 15:20:31,412 - INFO - 
****************************************************************************************************
2026-10-01 15:20:35,359 - INFO - --- training epoch 71, loss 0.0229, mae 0.1676, rmse 0.2141, time elapsed(min) 0.06---
2026-10-01 15:20:35,737 - INFO - --- validation at epoch 71, val_loss 0.0171, val_mae 0.1455, val_rmse 0.1827, val_r2 0.5714, val_pearson 0.7620, lr 1.00e-03 ---
2026-10-01 15:20:35,737 - INFO - 
****************************************************************************************************
2026-10-01 15:20:39,913 - INFO - --- training epoch 72, loss 0.0194, mae 0.1517, rmse 0.1971, time elapsed(min) 0.06---
2026-10-01 15:20:40,240 - INFO - --- validation at epoch 72, val_loss 0.0168, val_mae 0.1411, val_rmse 0.1808, val_r2 0.5799, val_pearson 0.7638, lr 1.00e-03 ---
2026-10-01 15:20:40,240 - INFO - 
****************************************************************************************************
2026-10-01 15:20:44,220 - INFO - --- training epoch 73, loss 0.0217, mae 0.1624, rmse 0.2084, time elapsed(min) 0.06---
2026-10-01 15:20:44,543 - INFO - --- validation at epoch 73, val_loss 0.0170, val_mae 0.1455, val_rmse 0.1845, val_r2 0.5629, val_pearson 0.7516, lr 1.00e-03 ---
2026-10-01 15:20:44,543 - INFO - 
****************************************************************************************************
2026-10-01 15:20:48,442 - INFO - --- training epoch 74, loss 0.0212, mae 0.1590, rmse 0.2061, time elapsed(min) 0.06---
2026-10-01 15:20:48,815 - INFO - --- validation at epoch 74, val_loss 0.0163, val_mae 0.1436, val_rmse 0.1814, val_r2 0.5773, val_pearson 0.7616, lr 1.00e-03 ---
2026-10-01 15:20:48,816 - INFO - 
****************************************************************************************************
2026-10-01 15:20:53,067 - INFO - --- training epoch 75, loss 0.0206, mae 0.1576, rmse 0.2032, time elapsed(min) 0.06---
2026-10-01 15:20:53,395 - INFO - --- validation at epoch 75, val_loss 0.0187, val_mae 0.1492, val_rmse 0.1927, val_r2 0.5231, val_pearson 0.7414, lr 1.00e-03 ---
2026-10-01 15:20:53,395 - INFO - 
****************************************************************************************************
2026-10-01 15:20:57,286 - INFO - --- training epoch 76, loss 0.0197, mae 0.1534, rmse 0.1986, time elapsed(min) 0.06---
2026-10-01 15:20:57,608 - INFO - --- validation at epoch 76, val_loss 0.0178, val_mae 0.1473, val_rmse 0.1832, val_r2 0.5691, val_pearson 0.7642, lr 1.00e-03 ---
2026-10-01 15:20:57,609 - INFO - 
****************************************************************************************************
2026-10-01 15:21:01,517 - INFO - --- training epoch 77, loss 0.0197, mae 0.1520, rmse 0.1987, time elapsed(min) 0.06---
2026-10-01 15:21:01,902 - INFO - --- validation at epoch 77, val_loss 0.0194, val_mae 0.1525, val_rmse 0.1952, val_r2 0.5106, val_pearson 0.7280, lr 1.00e-03 ---
2026-10-01 15:21:01,902 - INFO - 
****************************************************************************************************
2026-10-01 15:21:06,062 - INFO - --- training epoch 78, loss 0.0202, mae 0.1560, rmse 0.2011, time elapsed(min) 0.06---
2026-10-01 15:21:06,405 - INFO - --- validation at epoch 78, val_loss 0.0191, val_mae 0.1478, val_rmse 0.1960, val_r2 0.5067, val_pearson 0.7552, lr 1.00e-03 ---
2026-10-01 15:21:06,405 - INFO - 
****************************************************************************************************
2026-10-01 15:21:10,297 - INFO - --- training epoch 79, loss 0.0191, mae 0.1503, rmse 0.1952, time elapsed(min) 0.06---
2026-10-01 15:21:10,619 - INFO - --- validation at epoch 79, val_loss 0.0180, val_mae 0.1481, val_rmse 0.1862, val_r2 0.5546, val_pearson 0.7574, lr 1.00e-03 ---
2026-10-01 15:21:10,619 - INFO - 
****************************************************************************************************
2026-10-01 15:21:14,566 - INFO - --- training epoch 80, loss 0.0196, mae 0.1519, rmse 0.1981, time elapsed(min) 0.06---
2026-10-01 15:21:14,945 - INFO - --- validation at epoch 80, val_loss 0.0179, val_mae 0.1415, val_rmse 0.1863, val_r2 0.5541, val_pearson 0.7572, lr 1.00e-03 ---
2026-10-01 15:21:14,945 - INFO - 
****************************************************************************************************
2026-10-01 15:21:19,089 - INFO - --- training epoch 81, loss 0.0185, mae 0.1476, rmse 0.1923, time elapsed(min) 0.06---
2026-10-01 15:21:19,411 - INFO - --- validation at epoch 81, val_loss 0.0173, val_mae 0.1416, val_rmse 0.1829, val_r2 0.5702, val_pearson 0.7602, lr 1.00e-03 ---
2026-10-01 15:21:19,411 - INFO - 
****************************************************************************************************
2026-10-01 15:21:23,347 - INFO - --- training epoch 82, loss 0.0188, mae 0.1491, rmse 0.1941, time elapsed(min) 0.06---
2026-10-01 15:21:23,687 - INFO - --- validation at epoch 82, val_loss 0.0169, val_mae 0.1398, val_rmse 0.1802, val_r2 0.5828, val_pearson 0.7715, lr 1.00e-03 ---
2026-10-01 15:21:23,687 - INFO - 
****************************************************************************************************
2026-10-01 15:21:27,680 - INFO - --- training epoch 83, loss 0.0185, mae 0.1473, rmse 0.1923, time elapsed(min) 0.06---
2026-10-01 15:21:28,129 - INFO - --- validation at epoch 83, val_loss 0.0171, val_mae 0.1408, val_rmse 0.1797, val_r2 0.5852, val_pearson 0.7664, lr 1.00e-03 ---
2026-10-01 15:21:28,129 - INFO - 
****************************************************************************************************
2026-10-01 15:21:32,280 - INFO - --- training epoch 84, loss 0.0186, mae 0.1481, rmse 0.1930, time elapsed(min) 0.06---
2026-10-01 15:21:32,607 - INFO - --- validation at epoch 84, val_loss 0.0175, val_mae 0.1423, val_rmse 0.1837, val_r2 0.5665, val_pearson 0.7556, lr 1.00e-03 ---
2026-10-01 15:21:32,607 - INFO - 
****************************************************************************************************
2026-10-01 15:21:32,888 - INFO - --- early stopping at epoch 84: val_loss did not improve for 10 epochs ---
2026-10-01 15:21:33,241 - INFO - --- selected checkpoint from epoch 74, val_loss 0.0163, val_mae 0.1436, val_rmse 0.1814
2026-10-01 15:21:34,356 - INFO - -- RESULT
2026-10-01 15:21:34,356 - INFO - --- test size: 1728
2026-10-01 15:21:34,356 - INFO - --- MAE: 0.1515 (15.15 pp), RMSE: 0.1952 (19.52 pp), R2: 0.5179, Pearson: 0.7231
2026-10-01 15:21:36,657 - INFO - --- Cell approach_1_linear DONE: test MAE=0.1515 RMSE=0.1952 R2=0.5179 | sec/epoch=4.38
2026-10-01 15:21:36,672 - INFO - === RUNNING: dataset=suzuki split=split_2 cell=approach_1_mlp (tokens=comb, pooling=rn, head=mlp) ===
