2026-10-01 12:25:15,904 - INFO - device is	cuda:0
2026-10-01 12:25:15,997 - INFO - -- CONFIGURATIONS
2026-10-01 12:25:15,997 - INFO - --- train/valid/test: 2491/277/1187
2026-10-01 12:25:15,997 - INFO - --- max no. reactants_train, valid, test respectively: 6, 6, 6
2026-10-01 12:25:15,997 - INFO - --- max no. products_train, valid, test respectively: 1, 1, 1
2026-10-01 12:25:15,997 - INFO - --- model_path: ../logs/bh_approach1_grid/runs/bh/fullcv09_split70/approach_2/model.pt
2026-10-01 12:25:16,006 - INFO - -- TRAINING
2026-10-01 12:25:16,694 - INFO - --- training epoch 0, loss 24.5736, mae 25.0707, rmse 30.9416, time elapsed(min) 0.01---
2026-10-01 12:25:16,861 - INFO - --- validation at epoch 0, val_loss 23.1055, val_mae 23.4553, val_rmse 28.7340, val_r2 -0.0984, val_pearson -0.2177, lr 1.00e-03 ---
2026-10-01 12:25:16,861 - INFO - 
****************************************************************************************************
2026-10-01 12:25:17,962 - INFO - --- training epoch 1, loss 22.5294, mae 23.0254, rmse 27.6156, time elapsed(min) 0.01---
2026-10-01 12:25:18,127 - INFO - --- validation at epoch 1, val_loss 23.1696, val_mae 23.2794, val_rmse 29.2033, val_r2 -0.1346, val_pearson 0.1265, lr 1.00e-03 ---
2026-10-01 12:25:18,127 - INFO - 
****************************************************************************************************
2026-10-01 12:25:19,145 - INFO - --- training epoch 2, loss 22.4908, mae 22.9871, rmse 28.1107, time elapsed(min) 0.01---
2026-10-01 12:25:19,320 - INFO - --- validation at epoch 2, val_loss 22.8382, val_mae 23.1470, val_rmse 27.8037, val_r2 -0.0285, val_pearson 0.1225, lr 1.00e-03 ---
2026-10-01 12:25:19,320 - INFO - 
****************************************************************************************************
2026-10-01 12:25:20,618 - INFO - --- training epoch 3, loss 22.0946, mae 22.5908, rmse 27.4065, time elapsed(min) 0.01---
2026-10-01 12:25:20,787 - INFO - --- validation at epoch 3, val_loss 22.8150, val_mae 23.0903, val_rmse 27.6948, val_r2 -0.0204, val_pearson 0.1226, lr 1.00e-03 ---
2026-10-01 12:25:20,787 - INFO - 
****************************************************************************************************
2026-10-01 12:25:22,092 - INFO - --- training epoch 4, loss 22.0396, mae 22.5348, rmse 27.4089, time elapsed(min) 0.01---
2026-10-01 12:25:22,247 - INFO - --- validation at epoch 4, val_loss 22.9627, val_mae 23.0922, val_rmse 28.3912, val_r2 -0.0724, val_pearson 0.1318, lr 1.00e-03 ---
2026-10-01 12:25:22,247 - INFO - 
****************************************************************************************************
2026-10-01 12:25:23,613 - INFO - --- training epoch 5, loss 21.8768, mae 22.3725, rmse 27.2178, time elapsed(min) 0.02---
2026-10-01 12:25:23,777 - INFO - --- validation at epoch 5, val_loss 22.8553, val_mae 23.1134, val_rmse 27.7575, val_r2 -0.0250, val_pearson 0.1301, lr 1.00e-03 ---
2026-10-01 12:25:23,777 - INFO - 
****************************************************************************************************
2026-10-01 12:25:24,962 - INFO - --- training epoch 6, loss 21.9467, mae 22.4423, rmse 27.2229, time elapsed(min) 0.01---
2026-10-01 12:25:25,131 - INFO - --- validation at epoch 6, val_loss 23.0094, val_mae 23.0890, val_rmse 28.5463, val_r2 -0.0841, val_pearson 0.1367, lr 1.00e-03 ---
2026-10-01 12:25:25,131 - INFO - 
****************************************************************************************************
2026-10-01 12:25:26,180 - INFO - --- training epoch 7, loss 21.9582, mae 22.4536, rmse 27.3409, time elapsed(min) 0.01---
2026-10-01 12:25:26,342 - INFO - --- validation at epoch 7, val_loss 22.7906, val_mae 23.1034, val_rmse 27.5531, val_r2 -0.0100, val_pearson 0.1329, lr 1.00e-03 ---
2026-10-01 12:25:26,342 - INFO - 
****************************************************************************************************
2026-10-01 12:25:27,618 - INFO - --- training epoch 8, loss 21.8635, mae 22.3599, rmse 27.1495, time elapsed(min) 0.01---
2026-10-01 12:25:27,780 - INFO - --- validation at epoch 8, val_loss 22.9039, val_mae 22.9861, val_rmse 28.2158, val_r2 -0.0592, val_pearson 0.1391, lr 1.00e-03 ---
2026-10-01 12:25:27,780 - INFO - 
****************************************************************************************************
2026-10-01 12:25:29,058 - INFO - --- training epoch 9, loss 21.8547, mae 22.3501, rmse 27.1445, time elapsed(min) 0.01---
2026-10-01 12:25:29,220 - INFO - --- validation at epoch 9, val_loss 22.7553, val_mae 22.9886, val_rmse 27.6039, val_r2 -0.0137, val_pearson 0.1519, lr 1.00e-03 ---
2026-10-01 12:25:29,220 - INFO - 
****************************************************************************************************
2026-10-01 12:25:30,608 - INFO - --- training epoch 10, loss 21.8923, mae 22.3876, rmse 27.0167, time elapsed(min) 0.02---
2026-10-01 12:25:30,767 - INFO - --- validation at epoch 10, val_loss 22.5747, val_mae 23.0240, val_rmse 27.1155, val_r2 0.0218, val_pearson 0.1686, lr 1.00e-03 ---
2026-10-01 12:25:30,767 - INFO - 
****************************************************************************************************
2026-10-01 12:25:32,080 - INFO - --- training epoch 11, loss 21.8124, mae 22.3083, rmse 26.9733, time elapsed(min) 0.01---
2026-10-01 12:25:32,494 - INFO - --- validation at epoch 11, val_loss 22.7213, val_mae 22.8503, val_rmse 27.9795, val_r2 -0.0415, val_pearson 0.1630, lr 1.00e-03 ---
2026-10-01 12:25:32,494 - INFO - 
****************************************************************************************************
2026-10-01 12:25:33,695 - INFO - --- training epoch 12, loss 21.8986, mae 22.3939, rmse 27.0146, time elapsed(min) 0.01---
2026-10-01 12:25:33,853 - INFO - --- validation at epoch 12, val_loss 23.0023, val_mae 23.0261, val_rmse 29.0666, val_r2 -0.1240, val_pearson 0.1739, lr 1.00e-03 ---
2026-10-01 12:25:33,853 - INFO - 
****************************************************************************************************
2026-10-01 12:25:34,911 - INFO - --- training epoch 13, loss 22.3189, mae 22.8152, rmse 27.3736, time elapsed(min) 0.01---
2026-10-01 12:25:35,071 - INFO - --- validation at epoch 13, val_loss 23.3739, val_mae 23.1927, val_rmse 29.6261, val_r2 -0.1677, val_pearson 0.3578, lr 1.00e-03 ---
2026-10-01 12:25:35,071 - INFO - 
****************************************************************************************************
2026-10-01 12:25:36,305 - INFO - --- training epoch 14, loss 22.1105, mae 22.6062, rmse 27.3195, time elapsed(min) 0.01---
2026-10-01 12:25:36,467 - INFO - --- validation at epoch 14, val_loss 22.0829, val_mae 22.2588, val_rmse 26.4953, val_r2 0.0661, val_pearson 0.2808, lr 1.00e-03 ---
2026-10-01 12:25:36,468 - INFO - 
****************************************************************************************************
2026-10-01 12:25:37,787 - INFO - --- training epoch 15, loss 21.4742, mae 21.9700, rmse 26.4697, time elapsed(min) 0.01---
2026-10-01 12:25:37,951 - INFO - --- validation at epoch 15, val_loss 22.5602, val_mae 22.3423, val_rmse 28.0714, val_r2 -0.0484, val_pearson 0.2727, lr 1.00e-03 ---
2026-10-01 12:25:37,951 - INFO - 
****************************************************************************************************
2026-10-01 12:25:39,233 - INFO - --- training epoch 16, loss 21.8205, mae 22.3167, rmse 26.8683, time elapsed(min) 0.02---
2026-10-01 12:25:39,398 - INFO - --- validation at epoch 16, val_loss 22.0251, val_mae 21.8025, val_rmse 26.8643, val_r2 0.0399, val_pearson 0.3140, lr 1.00e-03 ---
2026-10-01 12:25:39,398 - INFO - 
****************************************************************************************************
2026-10-01 12:25:40,678 - INFO - --- training epoch 17, loss 21.2164, mae 21.7132, rmse 26.2438, time elapsed(min) 0.01---
2026-10-01 12:25:40,832 - INFO - --- validation at epoch 17, val_loss 22.2789, val_mae 22.3302, val_rmse 26.4120, val_r2 0.0719, val_pearson 0.2898, lr 1.00e-03 ---
2026-10-01 12:25:40,832 - INFO - 
****************************************************************************************************
2026-10-01 12:25:41,907 - INFO - --- training epoch 18, loss 21.0161, mae 21.5111, rmse 25.5777, time elapsed(min) 0.01---
2026-10-01 12:25:42,070 - INFO - --- validation at epoch 18, val_loss 22.0828, val_mae 21.6378, val_rmse 25.9845, val_r2 0.1017, val_pearson 0.3381, lr 1.00e-03 ---
2026-10-01 12:25:42,070 - INFO - 
****************************************************************************************************
2026-10-01 12:25:43,329 - INFO - --- training epoch 19, loss 21.0728, mae 21.5692, rmse 25.9210, time elapsed(min) 0.01---
2026-10-01 12:25:43,495 - INFO - --- validation at epoch 19, val_loss 22.2832, val_mae 21.9310, val_rmse 27.1730, val_r2 0.0177, val_pearson 0.3013, lr 1.00e-03 ---
2026-10-01 12:25:43,496 - INFO - 
****************************************************************************************************
2026-10-01 12:25:44,890 - INFO - --- training epoch 20, loss 20.8474, mae 21.3425, rmse 25.3772, time elapsed(min) 0.02---
2026-10-01 12:25:45,055 - INFO - --- validation at epoch 20, val_loss 21.7525, val_mae 21.6323, val_rmse 26.1244, val_r2 0.0920, val_pearson 0.3443, lr 1.00e-03 ---
2026-10-01 12:25:45,055 - INFO - 
****************************************************************************************************
2026-10-01 12:25:46,419 - INFO - --- training epoch 21, loss 20.7390, mae 21.2346, rmse 25.5228, time elapsed(min) 0.02---
2026-10-01 12:25:46,574 - INFO - --- validation at epoch 21, val_loss 22.1857, val_mae 21.9529, val_rmse 26.9281, val_r2 0.0353, val_pearson 0.3269, lr 1.00e-03 ---
2026-10-01 12:25:46,574 - INFO - 
****************************************************************************************************
2026-10-01 12:25:47,991 - INFO - --- training epoch 22, loss 21.2646, mae 21.7611, rmse 26.3597, time elapsed(min) 0.02---
2026-10-01 12:25:48,166 - INFO - --- validation at epoch 22, val_loss 22.5215, val_mae 22.0917, val_rmse 26.8703, val_r2 0.0394, val_pearson 0.2383, lr 1.00e-03 ---
2026-10-01 12:25:48,167 - INFO - 
****************************************************************************************************
2026-10-01 12:25:49,226 - INFO - --- training epoch 23, loss 20.9087, mae 21.4044, rmse 25.8528, time elapsed(min) 0.01---
2026-10-01 12:25:49,386 - INFO - --- validation at epoch 23, val_loss 22.0991, val_mae 21.6641, val_rmse 26.4288, val_r2 0.0707, val_pearson 0.3296, lr 1.00e-03 ---
2026-10-01 12:25:49,386 - INFO - 
****************************************************************************************************
2026-10-01 12:25:50,497 - INFO - --- training epoch 24, loss 20.4917, mae 20.9881, rmse 24.8369, time elapsed(min) 0.01---
2026-10-01 12:25:50,654 - INFO - --- validation at epoch 24, val_loss 21.7768, val_mae 21.6115, val_rmse 25.6440, val_r2 0.1251, val_pearson 0.3575, lr 1.00e-03 ---
2026-10-01 12:25:50,655 - INFO - 
****************************************************************************************************
2026-10-01 12:25:52,030 - INFO - --- training epoch 25, loss 20.6496, mae 21.1448, rmse 25.5489, time elapsed(min) 0.02---
2026-10-01 12:25:52,182 - INFO - --- validation at epoch 25, val_loss 22.4026, val_mae 22.1461, val_rmse 27.1905, val_r2 0.0164, val_pearson 0.2273, lr 1.00e-03 ---
2026-10-01 12:25:52,182 - INFO - 
****************************************************************************************************
2026-10-01 12:25:53,586 - INFO - --- training epoch 26, loss 21.0477, mae 21.5449, rmse 25.5007, time elapsed(min) 0.02---
2026-10-01 12:25:53,754 - INFO - --- validation at epoch 26, val_loss 21.8640, val_mae 21.6100, val_rmse 26.3394, val_r2 0.0770, val_pearson 0.3460, lr 1.00e-03 ---
2026-10-01 12:25:53,754 - INFO - 
****************************************************************************************************
2026-10-01 12:25:55,202 - INFO - --- training epoch 27, loss 21.3365, mae 21.8326, rmse 26.1375, time elapsed(min) 0.02---
2026-10-01 12:25:55,370 - INFO - --- validation at epoch 27, val_loss 21.8510, val_mae 21.4137, val_rmse 26.1858, val_r2 0.0877, val_pearson 0.3560, lr 1.00e-03 ---
2026-10-01 12:25:55,371 - INFO - 
****************************************************************************************************
2026-10-01 12:25:56,447 - INFO - --- training epoch 28, loss 20.7445, mae 21.2414, rmse 25.6230, time elapsed(min) 0.01---
2026-10-01 12:25:56,610 - INFO - --- validation at epoch 28, val_loss 22.5573, val_mae 21.9417, val_rmse 26.9221, val_r2 0.0357, val_pearson 0.2951, lr 1.00e-03 ---
2026-10-01 12:25:56,610 - INFO - 
****************************************************************************************************
2026-10-01 12:25:57,827 - INFO - --- training epoch 29, loss 20.6486, mae 21.1434, rmse 25.5474, time elapsed(min) 0.01---
2026-10-01 12:25:57,989 - INFO - --- validation at epoch 29, val_loss 22.2110, val_mae 21.4883, val_rmse 26.6925, val_r2 0.0521, val_pearson 0.3177, lr 1.00e-03 ---
2026-10-01 12:25:57,989 - INFO - 
****************************************************************************************************
2026-10-01 12:25:59,254 - INFO - --- training epoch 30, loss 20.5869, mae 21.0822, rmse 25.4976, time elapsed(min) 0.01---
2026-10-01 12:25:59,421 - INFO - --- validation at epoch 30, val_loss 22.0764, val_mae 21.4731, val_rmse 26.4277, val_r2 0.0708, val_pearson 0.3313, lr 1.00e-03 ---
2026-10-01 12:25:59,421 - INFO - 
****************************************************************************************************
2026-10-01 12:25:59,806 - INFO - --- early stopping at epoch 30: val_loss did not improve for 10 epochs ---
2026-10-01 12:26:00,004 - INFO - --- selected checkpoint from epoch 20, val_loss 21.7525, val_mae 21.6323, val_rmse 26.1244
2026-10-01 12:26:00,665 - INFO - -- RESULT
2026-10-01 12:26:00,665 - INFO - --- test size: 1187
2026-10-01 12:26:00,666 - INFO - --- MAE: 20.9706 pp, RMSE: 24.9879 pp, R2: 0.1714, Pearson: 0.4623
2026-10-01 12:26:01,707 - INFO - --- Cell approach_2 DONE: test MAE=20.9706 RMSE=24.9879 R2=0.1714 | sec/epoch=1.41
2026-10-01 12:26:01,722 - INFO - === RUNNING: dataset=bh split=fullcv09_split70 cell=approach_1_linear (tokens=comb, pooling=rn, head=linear) ===
