2026-10-01 17:33:27,532 - INFO - device is	cuda:0
2026-10-01 17:33:27,639 - INFO - -- CONFIGURATIONS
2026-10-01 17:33:27,639 - INFO - --- train/valid/test: 3628/404/1728
2026-10-01 17:33:27,639 - INFO - --- max no. reactants_train, valid, test respectively: 14, 14, 14
2026-10-01 17:33:27,639 - INFO - --- max no. products_train, valid, test respectively: 1, 1, 1
2026-10-01 17:33:27,639 - INFO - --- model_path: ../logs/suzuki_approach1_grid/runs/suzuki/split_8/ind_mean_mlp/model.pt
2026-10-01 17:33:27,645 - INFO - -- TRAINING
2026-10-01 17:33:29,005 - INFO - --- training epoch 0, loss 0.8071, mae 1.0946, rmse 2.6702, time elapsed(min) 0.02---
2026-10-01 17:33:29,230 - INFO - --- validation at epoch 0, val_loss 0.0378, val_mae 0.2396, val_rmse 0.2787, val_r2 -0.0033, val_pearson 0.0053, lr 1.00e-03 ---
2026-10-01 17:33:29,230 - INFO - 
****************************************************************************************************
2026-10-01 17:33:30,872 - INFO - --- training epoch 1, loss 0.0409, mae 0.2455, rmse 0.2859, time elapsed(min) 0.02---
2026-10-01 17:33:31,081 - INFO - --- validation at epoch 1, val_loss 0.0369, val_mae 0.2406, val_rmse 0.2767, val_r2 0.0105, val_pearson 0.1220, lr 1.00e-03 ---
2026-10-01 17:33:31,081 - INFO - 
****************************************************************************************************
2026-10-01 17:33:32,850 - INFO - --- training epoch 2, loss 0.0394, mae 0.2411, rmse 0.2806, time elapsed(min) 0.02---
2026-10-01 17:33:33,175 - INFO - --- validation at epoch 2, val_loss 0.0364, val_mae 0.2417, val_rmse 0.2769, val_r2 0.0094, val_pearson 0.1688, lr 1.00e-03 ---
2026-10-01 17:33:33,175 - INFO - 
****************************************************************************************************
2026-10-01 17:33:35,075 - INFO - --- training epoch 3, loss 0.0391, mae 0.2398, rmse 0.2797, time elapsed(min) 0.03---
2026-10-01 17:33:35,286 - INFO - --- validation at epoch 3, val_loss 0.0358, val_mae 0.2385, val_rmse 0.2748, val_r2 0.0247, val_pearson 0.1793, lr 1.00e-03 ---
2026-10-01 17:33:35,286 - INFO - 
****************************************************************************************************
2026-10-01 17:33:36,889 - INFO - --- training epoch 4, loss 0.0387, mae 0.2385, rmse 0.2781, time elapsed(min) 0.02---
2026-10-01 17:33:37,100 - INFO - --- validation at epoch 4, val_loss 0.0356, val_mae 0.2325, val_rmse 0.2738, val_r2 0.0317, val_pearson 0.2092, lr 1.00e-03 ---
2026-10-01 17:33:37,100 - INFO - 
****************************************************************************************************
2026-10-01 17:33:38,728 - INFO - --- training epoch 5, loss 0.0388, mae 0.2383, rmse 0.2787, time elapsed(min) 0.02---
2026-10-01 17:33:38,937 - INFO - --- validation at epoch 5, val_loss 0.0390, val_mae 0.2339, val_rmse 0.2841, val_r2 -0.0424, val_pearson 0.2316, lr 1.00e-03 ---
2026-10-01 17:33:38,937 - INFO - 
****************************************************************************************************
2026-10-01 17:33:40,666 - INFO - --- training epoch 6, loss 0.0381, mae 0.2367, rmse 0.2761, time elapsed(min) 0.02---
2026-10-01 17:33:41,065 - INFO - --- validation at epoch 6, val_loss 0.0350, val_mae 0.2318, val_rmse 0.2718, val_r2 0.0455, val_pearson 0.2242, lr 1.00e-03 ---
2026-10-01 17:33:41,065 - INFO - 
****************************************************************************************************
2026-10-01 17:33:42,788 - INFO - --- training epoch 7, loss 0.0384, mae 0.2379, rmse 0.2771, time elapsed(min) 0.02---
2026-10-01 17:33:42,996 - INFO - --- validation at epoch 7, val_loss 0.0382, val_mae 0.2331, val_rmse 0.2810, val_r2 -0.0203, val_pearson 0.2382, lr 1.00e-03 ---
2026-10-01 17:33:42,996 - INFO - 
****************************************************************************************************
2026-10-01 17:33:44,595 - INFO - --- training epoch 8, loss 0.0368, mae 0.2331, rmse 0.2711, time elapsed(min) 0.02---
2026-10-01 17:33:44,806 - INFO - --- validation at epoch 8, val_loss 0.0355, val_mae 0.2307, val_rmse 0.2722, val_r2 0.0426, val_pearson 0.2548, lr 1.00e-03 ---
2026-10-01 17:33:44,806 - INFO - 
****************************************************************************************************
2026-10-01 17:33:46,378 - INFO - --- training epoch 9, loss 0.0367, mae 0.2324, rmse 0.2710, time elapsed(min) 0.02---
2026-10-01 17:33:46,716 - INFO - --- validation at epoch 9, val_loss 0.0350, val_mae 0.2353, val_rmse 0.2712, val_r2 0.0497, val_pearson 0.2824, lr 1.00e-03 ---
2026-10-01 17:33:46,716 - INFO - 
****************************************************************************************************
2026-10-01 17:33:48,640 - INFO - --- training epoch 10, loss 0.0358, mae 0.2294, rmse 0.2675, time elapsed(min) 0.03---
2026-10-01 17:33:48,847 - INFO - --- validation at epoch 10, val_loss 0.0333, val_mae 0.2287, val_rmse 0.2648, val_r2 0.0938, val_pearson 0.3699, lr 1.00e-03 ---
2026-10-01 17:33:48,847 - INFO - 
****************************************************************************************************
2026-10-01 17:33:50,510 - INFO - --- training epoch 11, loss 0.0332, mae 0.2173, rmse 0.2578, time elapsed(min) 0.02---
2026-10-01 17:33:50,713 - INFO - --- validation at epoch 11, val_loss 0.0295, val_mae 0.2115, val_rmse 0.2487, val_r2 0.2008, val_pearson 0.4682, lr 1.00e-03 ---
2026-10-01 17:33:50,713 - INFO - 
****************************************************************************************************
2026-10-01 17:33:52,353 - INFO - --- training epoch 12, loss 0.0301, mae 0.2028, rmse 0.2453, time elapsed(min) 0.02---
2026-10-01 17:33:52,559 - INFO - --- validation at epoch 12, val_loss 0.0232, val_mae 0.1783, val_rmse 0.2198, val_r2 0.3758, val_pearson 0.6234, lr 1.00e-03 ---
2026-10-01 17:33:52,559 - INFO - 
****************************************************************************************************
2026-10-01 17:33:54,285 - INFO - --- training epoch 13, loss 0.0272, mae 0.1888, rmse 0.2330, time elapsed(min) 0.02---
2026-10-01 17:33:54,686 - INFO - --- validation at epoch 13, val_loss 0.0242, val_mae 0.1815, val_rmse 0.2222, val_r2 0.3624, val_pearson 0.6153, lr 1.00e-03 ---
2026-10-01 17:33:54,686 - INFO - 
****************************************************************************************************
2026-10-01 17:33:56,362 - INFO - --- training epoch 14, loss 0.0245, mae 0.1772, rmse 0.2213, time elapsed(min) 0.02---
2026-10-01 17:33:56,568 - INFO - --- validation at epoch 14, val_loss 0.0209, val_mae 0.1620, val_rmse 0.2063, val_r2 0.4503, val_pearson 0.6716, lr 1.00e-03 ---
2026-10-01 17:33:56,568 - INFO - 
****************************************************************************************************
2026-10-01 17:33:58,225 - INFO - --- training epoch 15, loss 0.0236, mae 0.1733, rmse 0.2172, time elapsed(min) 0.02---
2026-10-01 17:33:58,434 - INFO - --- validation at epoch 15, val_loss 0.0251, val_mae 0.1817, val_rmse 0.2260, val_r2 0.3399, val_pearson 0.6187, lr 1.00e-03 ---
2026-10-01 17:33:58,434 - INFO - 
****************************************************************************************************
2026-10-01 17:34:00,072 - INFO - --- training epoch 16, loss 0.0248, mae 0.1788, rmse 0.2226, time elapsed(min) 0.02---
2026-10-01 17:34:00,443 - INFO - --- validation at epoch 16, val_loss 0.0233, val_mae 0.1786, val_rmse 0.2202, val_r2 0.3733, val_pearson 0.6266, lr 1.00e-03 ---
2026-10-01 17:34:00,443 - INFO - 
****************************************************************************************************
2026-10-01 17:34:02,194 - INFO - --- training epoch 17, loss 0.0244, mae 0.1763, rmse 0.2211, time elapsed(min) 0.02---
2026-10-01 17:34:02,402 - INFO - --- validation at epoch 17, val_loss 0.0201, val_mae 0.1640, val_rmse 0.2025, val_r2 0.4700, val_pearson 0.6989, lr 1.00e-03 ---
2026-10-01 17:34:02,402 - INFO - 
****************************************************************************************************
2026-10-01 17:34:04,063 - INFO - --- training epoch 18, loss 0.0242, mae 0.1754, rmse 0.2201, time elapsed(min) 0.02---
2026-10-01 17:34:04,271 - INFO - --- validation at epoch 18, val_loss 0.0218, val_mae 0.1766, val_rmse 0.2129, val_r2 0.4143, val_pearson 0.6606, lr 1.00e-03 ---
2026-10-01 17:34:04,271 - INFO - 
****************************************************************************************************
2026-10-01 17:34:05,914 - INFO - --- training epoch 19, loss 0.0235, mae 0.1739, rmse 0.2166, time elapsed(min) 0.02---
2026-10-01 17:34:06,246 - INFO - --- validation at epoch 19, val_loss 0.0193, val_mae 0.1591, val_rmse 0.1982, val_r2 0.4924, val_pearson 0.7021, lr 1.00e-03 ---
2026-10-01 17:34:06,247 - INFO - 
****************************************************************************************************
2026-10-01 17:34:08,081 - INFO - --- training epoch 20, loss 0.0234, mae 0.1711, rmse 0.2165, time elapsed(min) 0.03---
2026-10-01 17:34:08,287 - INFO - --- validation at epoch 20, val_loss 0.0211, val_mae 0.1718, val_rmse 0.2092, val_r2 0.4346, val_pearson 0.6882, lr 1.00e-03 ---
2026-10-01 17:34:08,287 - INFO - 
****************************************************************************************************
2026-10-01 17:34:09,928 - INFO - --- training epoch 21, loss 0.0232, mae 0.1710, rmse 0.2153, time elapsed(min) 0.02---
2026-10-01 17:34:10,135 - INFO - --- validation at epoch 21, val_loss 0.0195, val_mae 0.1588, val_rmse 0.2008, val_r2 0.4793, val_pearson 0.6947, lr 1.00e-03 ---
2026-10-01 17:34:10,135 - INFO - 
****************************************************************************************************
2026-10-01 17:34:11,711 - INFO - --- training epoch 22, loss 0.0230, mae 0.1703, rmse 0.2146, time elapsed(min) 0.02---
2026-10-01 17:34:12,038 - INFO - --- validation at epoch 22, val_loss 0.0185, val_mae 0.1560, val_rmse 0.1932, val_r2 0.5177, val_pearson 0.7235, lr 1.00e-03 ---
2026-10-01 17:34:12,039 - INFO - 
****************************************************************************************************
2026-10-01 17:34:14,005 - INFO - --- training epoch 23, loss 0.0240, mae 0.1753, rmse 0.2192, time elapsed(min) 0.03---
2026-10-01 17:34:14,254 - INFO - --- validation at epoch 23, val_loss 0.0206, val_mae 0.1628, val_rmse 0.2064, val_r2 0.4494, val_pearson 0.6748, lr 1.00e-03 ---
2026-10-01 17:34:14,254 - INFO - 
****************************************************************************************************
2026-10-01 17:34:15,818 - INFO - --- training epoch 24, loss 0.0245, mae 0.1759, rmse 0.2216, time elapsed(min) 0.02---
2026-10-01 17:34:16,066 - INFO - --- validation at epoch 24, val_loss 0.0205, val_mae 0.1692, val_rmse 0.2066, val_r2 0.4485, val_pearson 0.6798, lr 1.00e-03 ---
2026-10-01 17:34:16,066 - INFO - 
****************************************************************************************************
2026-10-01 17:34:17,689 - INFO - --- training epoch 25, loss 0.0232, mae 0.1706, rmse 0.2153, time elapsed(min) 0.02---
2026-10-01 17:34:17,899 - INFO - --- validation at epoch 25, val_loss 0.0208, val_mae 0.1705, val_rmse 0.2071, val_r2 0.4456, val_pearson 0.6727, lr 1.00e-03 ---
2026-10-01 17:34:17,899 - INFO - 
****************************************************************************************************
2026-10-01 17:34:19,585 - INFO - --- training epoch 26, loss 0.0232, mae 0.1717, rmse 0.2154, time elapsed(min) 0.02---
2026-10-01 17:34:19,970 - INFO - --- validation at epoch 26, val_loss 0.0221, val_mae 0.1629, val_rmse 0.2123, val_r2 0.4177, val_pearson 0.6801, lr 1.00e-03 ---
2026-10-01 17:34:19,970 - INFO - 
****************************************************************************************************
2026-10-01 17:34:21,660 - INFO - --- training epoch 27, loss 0.0231, mae 0.1701, rmse 0.2151, time elapsed(min) 0.02---
2026-10-01 17:34:21,872 - INFO - --- validation at epoch 27, val_loss 0.0198, val_mae 0.1638, val_rmse 0.2028, val_r2 0.4685, val_pearson 0.7007, lr 1.00e-03 ---
2026-10-01 17:34:21,873 - INFO - 
****************************************************************************************************
2026-10-01 17:34:23,479 - INFO - --- training epoch 28, loss 0.0233, mae 0.1702, rmse 0.2158, time elapsed(min) 0.02---
2026-10-01 17:34:23,682 - INFO - --- validation at epoch 28, val_loss 0.0193, val_mae 0.1570, val_rmse 0.1983, val_r2 0.4920, val_pearson 0.7059, lr 1.00e-03 ---
2026-10-01 17:34:23,682 - INFO - 
****************************************************************************************************
2026-10-01 17:34:25,347 - INFO - --- training epoch 29, loss 0.0223, mae 0.1667, rmse 0.2112, time elapsed(min) 0.02---
2026-10-01 17:34:25,714 - INFO - --- validation at epoch 29, val_loss 0.0204, val_mae 0.1623, val_rmse 0.2039, val_r2 0.4631, val_pearson 0.6965, lr 1.00e-03 ---
2026-10-01 17:34:25,714 - INFO - 
****************************************************************************************************
2026-10-01 17:34:27,399 - INFO - --- training epoch 30, loss 0.0233, mae 0.1711, rmse 0.2161, time elapsed(min) 0.02---
2026-10-01 17:34:27,606 - INFO - --- validation at epoch 30, val_loss 0.0198, val_mae 0.1643, val_rmse 0.2018, val_r2 0.4736, val_pearson 0.7190, lr 1.00e-03 ---
2026-10-01 17:34:27,606 - INFO - 
****************************************************************************************************
2026-10-01 17:34:29,178 - INFO - --- training epoch 31, loss 0.0231, mae 0.1706, rmse 0.2150, time elapsed(min) 0.02---
2026-10-01 17:34:29,383 - INFO - --- validation at epoch 31, val_loss 0.0191, val_mae 0.1593, val_rmse 0.1987, val_r2 0.4900, val_pearson 0.7223, lr 1.00e-03 ---
2026-10-01 17:34:29,383 - INFO - 
****************************************************************************************************
2026-10-01 17:34:31,048 - INFO - --- training epoch 32, loss 0.0222, mae 0.1671, rmse 0.2109, time elapsed(min) 0.02---
2026-10-01 17:34:31,406 - INFO - --- validation at epoch 32, val_loss 0.0184, val_mae 0.1537, val_rmse 0.1937, val_r2 0.5153, val_pearson 0.7306, lr 1.00e-03 ---
2026-10-01 17:34:31,406 - INFO - 
****************************************************************************************************
2026-10-01 17:34:33,245 - INFO - --- training epoch 33, loss 0.0229, mae 0.1693, rmse 0.2139, time elapsed(min) 0.02---
2026-10-01 17:34:33,474 - INFO - --- validation at epoch 33, val_loss 0.0197, val_mae 0.1585, val_rmse 0.2002, val_r2 0.4821, val_pearson 0.7247, lr 1.00e-03 ---
2026-10-01 17:34:33,474 - INFO - 
****************************************************************************************************
2026-10-01 17:34:35,065 - INFO - --- training epoch 34, loss 0.0225, mae 0.1676, rmse 0.2123, time elapsed(min) 0.02---
2026-10-01 17:34:35,269 - INFO - --- validation at epoch 34, val_loss 0.0194, val_mae 0.1610, val_rmse 0.2002, val_r2 0.4822, val_pearson 0.7194, lr 1.00e-03 ---
2026-10-01 17:34:35,269 - INFO - 
****************************************************************************************************
2026-10-01 17:34:36,840 - INFO - --- training epoch 35, loss 0.0218, mae 0.1645, rmse 0.2086, time elapsed(min) 0.02---
2026-10-01 17:34:37,165 - INFO - --- validation at epoch 35, val_loss 0.0184, val_mae 0.1574, val_rmse 0.1943, val_r2 0.5123, val_pearson 0.7291, lr 1.00e-03 ---
2026-10-01 17:34:37,165 - INFO - 
****************************************************************************************************
2026-10-01 17:34:38,991 - INFO - --- training epoch 36, loss 0.0221, mae 0.1662, rmse 0.2103, time elapsed(min) 0.02---
2026-10-01 17:34:39,201 - INFO - --- validation at epoch 36, val_loss 0.0182, val_mae 0.1560, val_rmse 0.1925, val_r2 0.5211, val_pearson 0.7286, lr 1.00e-03 ---
2026-10-01 17:34:39,201 - INFO - 
****************************************************************************************************
2026-10-01 17:34:40,853 - INFO - --- training epoch 37, loss 0.0216, mae 0.1640, rmse 0.2079, time elapsed(min) 0.02---
2026-10-01 17:34:41,063 - INFO - --- validation at epoch 37, val_loss 0.0179, val_mae 0.1535, val_rmse 0.1902, val_r2 0.5325, val_pearson 0.7353, lr 1.00e-03 ---
2026-10-01 17:34:41,063 - INFO - 
****************************************************************************************************
2026-10-01 17:34:42,775 - INFO - --- training epoch 38, loss 0.0215, mae 0.1627, rmse 0.2074, time elapsed(min) 0.02---
2026-10-01 17:34:43,101 - INFO - --- validation at epoch 38, val_loss 0.0199, val_mae 0.1669, val_rmse 0.2003, val_r2 0.4816, val_pearson 0.7135, lr 1.00e-03 ---
2026-10-01 17:34:43,101 - INFO - 
****************************************************************************************************
2026-10-01 17:34:44,875 - INFO - --- training epoch 39, loss 0.0221, mae 0.1666, rmse 0.2104, time elapsed(min) 0.03---
2026-10-01 17:34:45,085 - INFO - --- validation at epoch 39, val_loss 0.0187, val_mae 0.1569, val_rmse 0.1948, val_r2 0.5096, val_pearson 0.7305, lr 1.00e-03 ---
2026-10-01 17:34:45,085 - INFO - 
****************************************************************************************************
2026-10-01 17:34:46,643 - INFO - --- training epoch 40, loss 0.0215, mae 0.1637, rmse 0.2074, time elapsed(min) 0.02---
2026-10-01 17:34:46,857 - INFO - --- validation at epoch 40, val_loss 0.0193, val_mae 0.1569, val_rmse 0.1972, val_r2 0.4977, val_pearson 0.7282, lr 1.00e-03 ---
2026-10-01 17:34:46,857 - INFO - 
****************************************************************************************************
2026-10-01 17:34:48,454 - INFO - --- training epoch 41, loss 0.0210, mae 0.1612, rmse 0.2048, time elapsed(min) 0.02---
2026-10-01 17:34:48,782 - INFO - --- validation at epoch 41, val_loss 0.0190, val_mae 0.1588, val_rmse 0.1956, val_r2 0.5059, val_pearson 0.7327, lr 1.00e-03 ---
2026-10-01 17:34:48,782 - INFO - 
****************************************************************************************************
2026-10-01 17:34:50,433 - INFO - --- training epoch 42, loss 0.0210, mae 0.1619, rmse 0.2051, time elapsed(min) 0.02---
2026-10-01 17:34:50,902 - INFO - --- validation at epoch 42, val_loss 0.0188, val_mae 0.1547, val_rmse 0.1950, val_r2 0.5088, val_pearson 0.7315, lr 1.00e-03 ---
2026-10-01 17:34:50,902 - INFO - 
****************************************************************************************************
2026-10-01 17:34:52,455 - INFO - --- training epoch 43, loss 0.0207, mae 0.1598, rmse 0.2035, time elapsed(min) 0.02---
2026-10-01 17:34:52,665 - INFO - --- validation at epoch 43, val_loss 0.0185, val_mae 0.1515, val_rmse 0.1923, val_r2 0.5224, val_pearson 0.7461, lr 1.00e-03 ---
2026-10-01 17:34:52,665 - INFO - 
****************************************************************************************************
2026-10-01 17:34:54,269 - INFO - --- training epoch 44, loss 0.0211, mae 0.1618, rmse 0.2056, time elapsed(min) 0.02---
2026-10-01 17:34:54,478 - INFO - --- validation at epoch 44, val_loss 0.0172, val_mae 0.1494, val_rmse 0.1869, val_r2 0.5488, val_pearson 0.7460, lr 1.00e-03 ---
2026-10-01 17:34:54,478 - INFO - 
****************************************************************************************************
2026-10-01 17:34:56,213 - INFO - --- training epoch 45, loss 0.0203, mae 0.1579, rmse 0.2014, time elapsed(min) 0.02---
2026-10-01 17:34:56,590 - INFO - --- validation at epoch 45, val_loss 0.0177, val_mae 0.1502, val_rmse 0.1865, val_r2 0.5506, val_pearson 0.7473, lr 1.00e-03 ---
2026-10-01 17:34:56,590 - INFO - 
****************************************************************************************************
2026-10-01 17:34:58,263 - INFO - --- training epoch 46, loss 0.0203, mae 0.1584, rmse 0.2017, time elapsed(min) 0.02---
2026-10-01 17:34:58,469 - INFO - --- validation at epoch 46, val_loss 0.0173, val_mae 0.1500, val_rmse 0.1866, val_r2 0.5501, val_pearson 0.7532, lr 1.00e-03 ---
2026-10-01 17:34:58,469 - INFO - 
****************************************************************************************************
2026-10-01 17:35:00,056 - INFO - --- training epoch 47, loss 0.0210, mae 0.1599, rmse 0.2049, time elapsed(min) 0.02---
2026-10-01 17:35:00,265 - INFO - --- validation at epoch 47, val_loss 0.0186, val_mae 0.1562, val_rmse 0.1932, val_r2 0.5175, val_pearson 0.7414, lr 1.00e-03 ---
2026-10-01 17:35:00,266 - INFO - 
****************************************************************************************************
2026-10-01 17:35:01,958 - INFO - --- training epoch 48, loss 0.0206, mae 0.1594, rmse 0.2031, time elapsed(min) 0.02---
2026-10-01 17:35:02,327 - INFO - --- validation at epoch 48, val_loss 0.0175, val_mae 0.1480, val_rmse 0.1879, val_r2 0.5440, val_pearson 0.7477, lr 1.00e-03 ---
2026-10-01 17:35:02,327 - INFO - 
****************************************************************************************************
2026-10-01 17:35:04,145 - INFO - --- training epoch 49, loss 0.0208, mae 0.1610, rmse 0.2039, time elapsed(min) 0.03---
2026-10-01 17:35:04,350 - INFO - --- validation at epoch 49, val_loss 0.0177, val_mae 0.1506, val_rmse 0.1879, val_r2 0.5438, val_pearson 0.7432, lr 1.00e-03 ---
2026-10-01 17:35:04,350 - INFO - 
****************************************************************************************************
2026-10-01 17:35:05,938 - INFO - --- training epoch 50, loss 0.0208, mae 0.1591, rmse 0.2040, time elapsed(min) 0.02---
2026-10-01 17:35:06,148 - INFO - --- validation at epoch 50, val_loss 0.0174, val_mae 0.1504, val_rmse 0.1867, val_r2 0.5497, val_pearson 0.7453, lr 1.00e-03 ---
2026-10-01 17:35:06,148 - INFO - 
****************************************************************************************************
2026-10-01 17:35:07,734 - INFO - --- training epoch 51, loss 0.0203, mae 0.1585, rmse 0.2013, time elapsed(min) 0.02---
2026-10-01 17:35:08,069 - INFO - --- validation at epoch 51, val_loss 0.0175, val_mae 0.1526, val_rmse 0.1872, val_r2 0.5473, val_pearson 0.7433, lr 1.00e-03 ---
2026-10-01 17:35:08,069 - INFO - 
****************************************************************************************************
2026-10-01 17:35:09,861 - INFO - --- training epoch 52, loss 0.0200, mae 0.1559, rmse 0.2001, time elapsed(min) 0.03---
2026-10-01 17:35:10,066 - INFO - --- validation at epoch 52, val_loss 0.0177, val_mae 0.1550, val_rmse 0.1888, val_r2 0.5394, val_pearson 0.7443, lr 1.00e-03 ---
2026-10-01 17:35:10,067 - INFO - 
****************************************************************************************************
2026-10-01 17:35:11,662 - INFO - --- training epoch 53, loss 0.0210, mae 0.1615, rmse 0.2048, time elapsed(min) 0.02---
2026-10-01 17:35:11,889 - INFO - --- validation at epoch 53, val_loss 0.0181, val_mae 0.1549, val_rmse 0.1914, val_r2 0.5267, val_pearson 0.7364, lr 1.00e-03 ---
2026-10-01 17:35:11,889 - INFO - 
****************************************************************************************************
2026-10-01 17:35:13,554 - INFO - --- training epoch 54, loss 0.0206, mae 0.1599, rmse 0.2029, time elapsed(min) 0.02---
2026-10-01 17:35:13,890 - INFO - --- validation at epoch 54, val_loss 0.0187, val_mae 0.1509, val_rmse 0.1923, val_r2 0.5223, val_pearson 0.7240, lr 1.00e-03 ---
2026-10-01 17:35:13,890 - INFO - 
****************************************************************************************************
2026-10-01 17:35:14,171 - INFO - --- early stopping at epoch 54: val_loss did not improve for 10 epochs ---
2026-10-01 17:35:14,669 - INFO - --- selected checkpoint from epoch 44, val_loss 0.0172, val_mae 0.1494, val_rmse 0.1869
2026-10-01 17:35:15,406 - INFO - -- RESULT
2026-10-01 17:35:15,406 - INFO - --- test size: 1728
2026-10-01 17:35:15,406 - INFO - --- MAE: 0.1609 (16.09 pp), RMSE: 0.2005 (20.05 pp), R2: 0.4998, Pearson: 0.7106
2026-10-01 17:35:16,808 - INFO - --- Cell ind_mean_mlp DONE: test MAE=0.1609 RMSE=0.2005 R2=0.4998 | sec/epoch=1.94
2026-10-01 17:35:16,840 - INFO - === RUNNING: dataset=suzuki split=split_9 cell=current_model (tokens=ind, pooling=mean, head=linear) ===
