2026-10-01 12:22:28,314 - INFO - device is	cuda:0
2026-10-01 12:22:28,399 - INFO - -- CONFIGURATIONS
2026-10-01 12:22:28,399 - INFO - --- train/valid/test: 2491/277/1187
2026-10-01 12:22:28,399 - INFO - --- max no. reactants_train, valid, test respectively: 6, 6, 6
2026-10-01 12:22:28,399 - INFO - --- max no. products_train, valid, test respectively: 1, 1, 1
2026-10-01 12:22:28,399 - INFO - --- model_path: ../logs/approach1_server/option_b_linear/bh/runs/fullcv08_split70/model.pt
2026-10-01 12:22:28,408 - INFO - -- TRAINING
2026-10-01 12:22:29,280 - INFO - --- training epoch 0, loss 23.6403, mae 24.1360, rmse 29.7247, time elapsed(min) 0.01---
2026-10-01 12:22:29,653 - INFO - --- validation at epoch 0, val_loss 23.1782, val_mae 24.8964, val_rmse 30.2091, val_r2 -0.1153, val_pearson -0.3533, lr 1.00e-03 ---
2026-10-01 12:22:29,653 - INFO - 
****************************************************************************************************
2026-10-01 12:22:30,725 - INFO - --- training epoch 1, loss 22.7078, mae 23.2040, rmse 27.9406, time elapsed(min) 0.01---
2026-10-01 12:22:30,884 - INFO - --- validation at epoch 1, val_loss 23.2696, val_mae 24.9156, val_rmse 30.2816, val_r2 -0.1207, val_pearson 0.2340, lr 1.00e-03 ---
2026-10-01 12:22:30,884 - INFO - 
****************************************************************************************************
2026-10-01 12:22:31,693 - INFO - --- training epoch 2, loss 22.5627, mae 23.0599, rmse 27.6997, time elapsed(min) 0.01---
2026-10-01 12:22:31,848 - INFO - --- validation at epoch 2, val_loss 22.9480, val_mae 24.5831, val_rmse 29.3357, val_r2 -0.0518, val_pearson 0.2789, lr 1.00e-03 ---
2026-10-01 12:22:31,848 - INFO - 
****************************************************************************************************
2026-10-01 12:22:32,777 - INFO - --- training epoch 3, loss 22.4583, mae 22.9554, rmse 27.3576, time elapsed(min) 0.01---
2026-10-01 12:22:32,946 - INFO - --- validation at epoch 3, val_loss 23.1102, val_mae 24.6567, val_rmse 29.3559, val_r2 -0.0532, val_pearson 0.2673, lr 1.00e-03 ---
2026-10-01 12:22:32,946 - INFO - 
****************************************************************************************************
2026-10-01 12:22:33,943 - INFO - --- training epoch 4, loss 22.3191, mae 22.8160, rmse 26.9655, time elapsed(min) 0.01---
2026-10-01 12:22:34,094 - INFO - --- validation at epoch 4, val_loss 22.8305, val_mae 24.3581, val_rmse 28.4841, val_r2 0.0084, val_pearson 0.2810, lr 1.00e-03 ---
2026-10-01 12:22:34,094 - INFO - 
****************************************************************************************************
2026-10-01 12:22:35,329 - INFO - --- training epoch 5, loss 22.2403, mae 22.7368, rmse 26.8410, time elapsed(min) 0.01---
2026-10-01 12:22:35,493 - INFO - --- validation at epoch 5, val_loss 22.4726, val_mae 24.0345, val_rmse 28.0026, val_r2 0.0417, val_pearson 0.3586, lr 1.00e-03 ---
2026-10-01 12:22:35,494 - INFO - 
****************************************************************************************************
2026-10-01 12:22:36,582 - INFO - --- training epoch 6, loss 21.9081, mae 22.4054, rmse 26.4964, time elapsed(min) 0.01---
2026-10-01 12:22:36,737 - INFO - --- validation at epoch 6, val_loss 21.1092, val_mae 23.0300, val_rmse 26.1354, val_r2 0.1652, val_pearson 0.4574, lr 1.00e-03 ---
2026-10-01 12:22:36,737 - INFO - 
****************************************************************************************************
2026-10-01 12:22:38,018 - INFO - --- training epoch 7, loss 21.7418, mae 22.2388, rmse 26.0914, time elapsed(min) 0.02---
2026-10-01 12:22:38,184 - INFO - --- validation at epoch 7, val_loss 22.2895, val_mae 23.4822, val_rmse 26.9828, val_r2 0.1102, val_pearson 0.3717, lr 1.00e-03 ---
2026-10-01 12:22:38,184 - INFO - 
****************************************************************************************************
2026-10-01 12:22:39,028 - INFO - --- training epoch 8, loss 21.7475, mae 22.2451, rmse 26.0825, time elapsed(min) 0.01---
2026-10-01 12:22:39,197 - INFO - --- validation at epoch 8, val_loss 22.1960, val_mae 23.4801, val_rmse 26.9355, val_r2 0.1133, val_pearson 0.3732, lr 1.00e-03 ---
2026-10-01 12:22:39,197 - INFO - 
****************************************************************************************************
2026-10-01 12:22:40,160 - INFO - --- training epoch 9, loss 21.8013, mae 22.2982, rmse 26.2119, time elapsed(min) 0.01---
2026-10-01 12:22:40,324 - INFO - --- validation at epoch 9, val_loss 22.2562, val_mae 23.5475, val_rmse 27.0527, val_r2 0.1056, val_pearson 0.3736, lr 1.00e-03 ---
2026-10-01 12:22:40,325 - INFO - 
****************************************************************************************************
2026-10-01 12:22:41,482 - INFO - --- training epoch 10, loss 21.8733, mae 22.3685, rmse 26.2946, time elapsed(min) 0.01---
2026-10-01 12:22:41,647 - INFO - --- validation at epoch 10, val_loss 22.3681, val_mae 23.5666, val_rmse 27.2091, val_r2 0.0952, val_pearson 0.3716, lr 1.00e-03 ---
2026-10-01 12:22:41,647 - INFO - 
****************************************************************************************************
2026-10-01 12:22:42,793 - INFO - --- training epoch 11, loss 21.8296, mae 22.3265, rmse 26.2134, time elapsed(min) 0.01---
2026-10-01 12:22:42,952 - INFO - --- validation at epoch 11, val_loss 22.7200, val_mae 23.7891, val_rmse 27.6629, val_r2 0.0648, val_pearson 0.3660, lr 1.00e-03 ---
2026-10-01 12:22:42,952 - INFO - 
****************************************************************************************************
2026-10-01 12:22:43,971 - INFO - --- training epoch 12, loss 21.6708, mae 22.1687, rmse 26.0910, time elapsed(min) 0.01---
2026-10-01 12:22:44,279 - INFO - --- validation at epoch 12, val_loss 22.6901, val_mae 23.6795, val_rmse 27.6895, val_r2 0.0630, val_pearson 0.3673, lr 1.00e-03 ---
2026-10-01 12:22:44,279 - INFO - 
****************************************************************************************************
2026-10-01 12:22:45,269 - INFO - --- training epoch 13, loss 21.7461, mae 22.2424, rmse 26.2366, time elapsed(min) 0.01---
2026-10-01 12:22:45,427 - INFO - --- validation at epoch 13, val_loss 22.2582, val_mae 23.3349, val_rmse 26.9798, val_r2 0.1104, val_pearson 0.3707, lr 1.00e-03 ---
2026-10-01 12:22:45,427 - INFO - 
****************************************************************************************************
2026-10-01 12:22:46,247 - INFO - --- training epoch 14, loss 21.7992, mae 22.2960, rmse 26.3610, time elapsed(min) 0.01---
2026-10-01 12:22:46,398 - INFO - --- validation at epoch 14, val_loss 22.5879, val_mae 23.6978, val_rmse 27.9938, val_r2 0.0423, val_pearson 0.3496, lr 1.00e-03 ---
2026-10-01 12:22:46,398 - INFO - 
****************************************************************************************************
2026-10-01 12:22:47,382 - INFO - --- training epoch 15, loss 21.6095, mae 22.1072, rmse 26.2422, time elapsed(min) 0.01---
2026-10-01 12:22:47,550 - INFO - --- validation at epoch 15, val_loss 22.3416, val_mae 23.1845, val_rmse 27.2242, val_r2 0.0942, val_pearson 0.3674, lr 1.00e-03 ---
2026-10-01 12:22:47,550 - INFO - 
****************************************************************************************************
2026-10-01 12:22:48,574 - INFO - --- training epoch 16, loss 21.1408, mae 21.6356, rmse 25.4852, time elapsed(min) 0.01---
2026-10-01 12:22:48,720 - INFO - --- validation at epoch 16, val_loss 24.2841, val_mae 24.5852, val_rmse 28.6289, val_r2 -0.0017, val_pearson 0.4033, lr 1.00e-03 ---
2026-10-01 12:22:48,720 - INFO - 
****************************************************************************************************
2026-10-01 12:22:49,013 - INFO - --- early stopping at epoch 16: val_loss did not improve for 10 epochs ---
2026-10-01 12:22:49,222 - INFO - --- selected checkpoint from epoch 6, val_loss 21.1092, val_mae 23.0300, val_rmse 26.1354
2026-10-01 12:22:49,766 - INFO - -- RESULT
2026-10-01 12:22:49,766 - INFO - --- test size: 1187
2026-10-01 12:22:49,766 - INFO - --- MAE: 21.8522 pp, RMSE: 24.9403 pp, R2: 0.1449, Pearson: 0.4222
2026-10-01 12:22:49,767 - INFO - --- fullcv08_split70: MAE 21.85220177491096, RMSE 24.940306647686317, R2 0.1448841037063736
2026-10-01 12:22:49,777 - INFO - --- training fullcv09_split70 (npz/bh/fullcv09_split70)
