2026-10-01 12:40:00,290 - INFO - device is	cuda:0
2026-10-01 12:40:00,372 - INFO - -- CONFIGURATIONS
2026-10-01 12:40:00,373 - INFO - --- train/valid/test: 2491/277/1187
2026-10-01 12:40:00,373 - INFO - --- max no. reactants_train, valid, test respectively: 6, 6, 6
2026-10-01 12:40:00,373 - INFO - --- max no. products_train, valid, test respectively: 1, 1, 1
2026-10-01 12:40:00,373 - INFO - --- model_path: ../logs/approach1_server/ind_mean_mlp/bh/runs/fullcv08_split70/model.pt
2026-10-01 12:40:00,380 - INFO - -- TRAINING
2026-10-01 12:40:00,880 - INFO - --- training epoch 0, loss 25.2369, mae 25.7326, rmse 32.1772, time elapsed(min) 0.01---
2026-10-01 12:40:01,027 - INFO - --- validation at epoch 0, val_loss 24.2072, val_mae 25.8150, val_rmse 32.4811, val_r2 -0.2894, val_pearson -0.3313, lr 1.00e-03 ---
2026-10-01 12:40:01,027 - INFO - 
****************************************************************************************************
2026-10-01 12:40:01,978 - INFO - --- training epoch 1, loss 22.9463, mae 23.4430, rmse 28.5298, time elapsed(min) 0.01---
2026-10-01 12:40:02,119 - INFO - --- validation at epoch 1, val_loss 23.4372, val_mae 25.1031, val_rmse 30.7831, val_r2 -0.1581, val_pearson -0.3502, lr 1.00e-03 ---
2026-10-01 12:40:02,119 - INFO - 
****************************************************************************************************
2026-10-01 12:40:03,103 - INFO - --- training epoch 2, loss 22.4482, mae 22.9448, rmse 27.7216, time elapsed(min) 0.01---
2026-10-01 12:40:03,250 - INFO - --- validation at epoch 2, val_loss 21.6752, val_mae 23.6892, val_rmse 27.8990, val_r2 0.0487, val_pearson 0.2697, lr 1.00e-03 ---
2026-10-01 12:40:03,250 - INFO - 
****************************************************************************************************
2026-10-01 12:40:04,256 - INFO - --- training epoch 3, loss 21.9564, mae 22.4520, rmse 27.1776, time elapsed(min) 0.01---
2026-10-01 12:40:04,398 - INFO - --- validation at epoch 3, val_loss 20.9479, val_mae 23.0745, val_rmse 28.0315, val_r2 0.0397, val_pearson 0.2728, lr 1.00e-03 ---
2026-10-01 12:40:04,398 - INFO - 
****************************************************************************************************
2026-10-01 12:40:05,412 - INFO - --- training epoch 4, loss 21.8102, mae 22.3057, rmse 27.0469, time elapsed(min) 0.01---
2026-10-01 12:40:05,698 - INFO - --- validation at epoch 4, val_loss 20.6887, val_mae 22.8406, val_rmse 27.6549, val_r2 0.0653, val_pearson 0.2921, lr 1.00e-03 ---
2026-10-01 12:40:05,698 - INFO - 
****************************************************************************************************
2026-10-01 12:40:06,666 - INFO - --- training epoch 5, loss 21.8079, mae 22.3035, rmse 27.1049, time elapsed(min) 0.01---
2026-10-01 12:40:06,803 - INFO - --- validation at epoch 5, val_loss 20.9398, val_mae 22.9963, val_rmse 27.8660, val_r2 0.0510, val_pearson 0.2662, lr 1.00e-03 ---
2026-10-01 12:40:06,803 - INFO - 
****************************************************************************************************
2026-10-01 12:40:07,569 - INFO - --- training epoch 6, loss 21.8358, mae 22.3325, rmse 27.1610, time elapsed(min) 0.01---
2026-10-01 12:40:07,700 - INFO - --- validation at epoch 6, val_loss 20.6272, val_mae 22.7724, val_rmse 27.6755, val_r2 0.0639, val_pearson 0.2984, lr 1.00e-03 ---
2026-10-01 12:40:07,700 - INFO - 
****************************************************************************************************
2026-10-01 12:40:08,534 - INFO - --- training epoch 7, loss 21.9541, mae 22.4496, rmse 27.1012, time elapsed(min) 0.01---
2026-10-01 12:40:08,687 - INFO - --- validation at epoch 7, val_loss 20.9906, val_mae 23.1529, val_rmse 28.2635, val_r2 0.0237, val_pearson 0.3332, lr 1.00e-03 ---
2026-10-01 12:40:08,687 - INFO - 
****************************************************************************************************
2026-10-01 12:40:09,720 - INFO - --- training epoch 8, loss 21.6386, mae 22.1337, rmse 26.9856, time elapsed(min) 0.01---
2026-10-01 12:40:09,869 - INFO - --- validation at epoch 8, val_loss 20.3570, val_mae 22.4982, val_rmse 27.9601, val_r2 0.0446, val_pearson 0.3306, lr 1.00e-03 ---
2026-10-01 12:40:09,869 - INFO - 
****************************************************************************************************
2026-10-01 12:40:11,001 - INFO - --- training epoch 9, loss 21.4308, mae 21.9267, rmse 26.5059, time elapsed(min) 0.01---
2026-10-01 12:40:11,147 - INFO - --- validation at epoch 9, val_loss 20.3919, val_mae 22.1986, val_rmse 26.2621, val_r2 0.1571, val_pearson 0.4491, lr 1.00e-03 ---
2026-10-01 12:40:11,147 - INFO - 
****************************************************************************************************
2026-10-01 12:40:12,167 - INFO - --- training epoch 10, loss 22.1172, mae 22.6127, rmse 27.5847, time elapsed(min) 0.01---
2026-10-01 12:40:12,587 - INFO - --- validation at epoch 10, val_loss 22.1912, val_mae 23.7911, val_rmse 27.4141, val_r2 0.0815, val_pearson 0.3025, lr 1.00e-03 ---
2026-10-01 12:40:12,588 - INFO - 
****************************************************************************************************
2026-10-01 12:40:13,366 - INFO - --- training epoch 11, loss 23.0183, mae 23.5155, rmse 28.4254, time elapsed(min) 0.01---
2026-10-01 12:40:13,503 - INFO - --- validation at epoch 11, val_loss 23.1385, val_mae 24.6868, val_rmse 29.6104, val_r2 -0.0715, val_pearson 0.3009, lr 1.00e-03 ---
2026-10-01 12:40:13,503 - INFO - 
****************************************************************************************************
2026-10-01 12:40:14,274 - INFO - --- training epoch 12, loss 22.5117, mae 23.0078, rmse 27.5287, time elapsed(min) 0.01---
2026-10-01 12:40:14,427 - INFO - --- validation at epoch 12, val_loss 22.9334, val_mae 24.5746, val_rmse 29.2630, val_r2 -0.0465, val_pearson 0.2455, lr 1.00e-03 ---
2026-10-01 12:40:14,427 - INFO - 
****************************************************************************************************
2026-10-01 12:40:15,368 - INFO - --- training epoch 13, loss 22.4034, mae 22.9001, rmse 27.5050, time elapsed(min) 0.01---
2026-10-01 12:40:15,522 - INFO - --- validation at epoch 13, val_loss 22.8701, val_mae 24.4507, val_rmse 28.8826, val_r2 -0.0195, val_pearson 0.2773, lr 1.00e-03 ---
2026-10-01 12:40:15,522 - INFO - 
****************************************************************************************************
2026-10-01 12:40:16,461 - INFO - --- training epoch 14, loss 22.4340, mae 22.9310, rmse 27.3155, time elapsed(min) 0.01---
2026-10-01 12:40:16,614 - INFO - --- validation at epoch 14, val_loss 23.0631, val_mae 24.7304, val_rmse 29.6180, val_r2 -0.0721, val_pearson 0.2121, lr 1.00e-03 ---
2026-10-01 12:40:16,614 - INFO - 
****************************************************************************************************
2026-10-01 12:40:17,560 - INFO - --- training epoch 15, loss 22.3542, mae 22.8506, rmse 27.3229, time elapsed(min) 0.01---
2026-10-01 12:40:17,704 - INFO - --- validation at epoch 15, val_loss 23.1030, val_mae 24.6568, val_rmse 29.3489, val_r2 -0.0527, val_pearson 0.2703, lr 1.00e-03 ---
2026-10-01 12:40:17,704 - INFO - 
****************************************************************************************************
2026-10-01 12:40:18,610 - INFO - --- training epoch 16, loss 22.3991, mae 22.8968, rmse 27.5230, time elapsed(min) 0.01---
2026-10-01 12:40:18,747 - INFO - --- validation at epoch 16, val_loss 23.1761, val_mae 24.7267, val_rmse 29.6017, val_r2 -0.0709, val_pearson 0.2670, lr 1.00e-03 ---
2026-10-01 12:40:18,747 - INFO - 
****************************************************************************************************
2026-10-01 12:40:19,535 - INFO - --- training epoch 17, loss 22.2198, mae 22.7172, rmse 27.1327, time elapsed(min) 0.01---
2026-10-01 12:40:19,673 - INFO - --- validation at epoch 17, val_loss 23.1262, val_mae 24.5828, val_rmse 29.1835, val_r2 -0.0409, val_pearson 0.2926, lr 1.00e-03 ---
2026-10-01 12:40:19,673 - INFO - 
****************************************************************************************************
2026-10-01 12:40:20,610 - INFO - --- training epoch 18, loss 22.1972, mae 22.6942, rmse 26.9651, time elapsed(min) 0.01---
2026-10-01 12:40:20,763 - INFO - --- validation at epoch 18, val_loss 22.8248, val_mae 24.3122, val_rmse 28.7174, val_r2 -0.0079, val_pearson 0.3053, lr 1.00e-03 ---
2026-10-01 12:40:20,763 - INFO - 
****************************************************************************************************
2026-10-01 12:40:21,053 - INFO - --- early stopping at epoch 18: val_loss did not improve for 10 epochs ---
2026-10-01 12:40:21,235 - INFO - --- selected checkpoint from epoch 8, val_loss 20.3570, val_mae 22.4982, val_rmse 27.9601
2026-10-01 12:40:21,746 - INFO - -- RESULT
2026-10-01 12:40:21,746 - INFO - --- test size: 1187
2026-10-01 12:40:21,746 - INFO - --- MAE: 21.8873 pp, RMSE: 27.0211 pp, R2: -0.0038, Pearson: 0.2264
2026-10-01 12:40:21,747 - INFO - --- fullcv08_split70: MAE 21.887303444531, RMSE 27.021085477909388, R2 -0.0037532965515254535
2026-10-01 12:40:21,756 - INFO - --- training fullcv09_split70 (npz/bh/fullcv09_split70)
