2026-10-01 16:50:38,593 - INFO - device is	cuda:0
2026-10-01 16:50:38,700 - INFO - -- CONFIGURATIONS
2026-10-01 16:50:38,700 - INFO - --- train/valid/test: 3628/404/1728
2026-10-01 16:50:38,700 - INFO - --- max no. reactants_train, valid, test respectively: 14, 14, 14
2026-10-01 16:50:38,700 - INFO - --- max no. products_train, valid, test respectively: 1, 1, 1
2026-10-01 16:50:38,700 - INFO - --- model_path: ../logs/suzuki_approach1_grid/runs/suzuki/split_6/ind_mean_mlp/model.pt
2026-10-01 16:50:38,706 - INFO - -- TRAINING
2026-10-01 16:50:40,070 - INFO - --- training epoch 0, loss 0.8284, mae 1.1182, rmse 2.7331, time elapsed(min) 0.02---
2026-10-01 16:50:40,281 - INFO - --- validation at epoch 0, val_loss 0.0367, val_mae 0.2413, val_rmse 0.2744, val_r2 -0.0291, val_pearson -0.0819, lr 1.00e-03 ---
2026-10-01 16:50:40,281 - INFO - 
****************************************************************************************************
2026-10-01 16:50:42,020 - INFO - --- training epoch 1, loss 0.0405, mae 0.2446, rmse 0.2847, time elapsed(min) 0.02---
2026-10-01 16:50:42,229 - INFO - --- validation at epoch 1, val_loss 0.0355, val_mae 0.2265, val_rmse 0.2683, val_r2 0.0166, val_pearson 0.1956, lr 1.00e-03 ---
2026-10-01 16:50:42,229 - INFO - 
****************************************************************************************************
2026-10-01 16:50:43,822 - INFO - --- training epoch 2, loss 0.0392, mae 0.2412, rmse 0.2799, time elapsed(min) 0.02---
2026-10-01 16:50:44,148 - INFO - --- validation at epoch 2, val_loss 0.0347, val_mae 0.2257, val_rmse 0.2654, val_r2 0.0379, val_pearson 0.2200, lr 1.00e-03 ---
2026-10-01 16:50:44,148 - INFO - 
****************************************************************************************************
2026-10-01 16:50:46,089 - INFO - --- training epoch 3, loss 0.0385, mae 0.2393, rmse 0.2776, time elapsed(min) 0.03---
2026-10-01 16:50:46,297 - INFO - --- validation at epoch 3, val_loss 0.0345, val_mae 0.2205, val_rmse 0.2641, val_r2 0.0472, val_pearson 0.2773, lr 1.00e-03 ---
2026-10-01 16:50:46,297 - INFO - 
****************************************************************************************************
2026-10-01 16:50:47,903 - INFO - --- training epoch 4, loss 0.0381, mae 0.2376, rmse 0.2762, time elapsed(min) 0.02---
2026-10-01 16:50:48,111 - INFO - --- validation at epoch 4, val_loss 0.0344, val_mae 0.2213, val_rmse 0.2636, val_r2 0.0509, val_pearson 0.3092, lr 1.00e-03 ---
2026-10-01 16:50:48,111 - INFO - 
****************************************************************************************************
2026-10-01 16:50:49,899 - INFO - --- training epoch 5, loss 0.0387, mae 0.2394, rmse 0.2783, time elapsed(min) 0.02---
2026-10-01 16:50:50,110 - INFO - --- validation at epoch 5, val_loss 0.0339, val_mae 0.2202, val_rmse 0.2614, val_r2 0.0661, val_pearson 0.3056, lr 1.00e-03 ---
2026-10-01 16:50:50,110 - INFO - 
****************************************************************************************************
2026-10-01 16:50:51,820 - INFO - --- training epoch 6, loss 0.0380, mae 0.2368, rmse 0.2758, time elapsed(min) 0.02---
2026-10-01 16:50:52,182 - INFO - --- validation at epoch 6, val_loss 0.0333, val_mae 0.2219, val_rmse 0.2599, val_r2 0.0774, val_pearson 0.3314, lr 1.00e-03 ---
2026-10-01 16:50:52,183 - INFO - 
****************************************************************************************************
2026-10-01 16:50:53,988 - INFO - --- training epoch 7, loss 0.0377, mae 0.2356, rmse 0.2747, time elapsed(min) 0.02---
2026-10-01 16:50:54,202 - INFO - --- validation at epoch 7, val_loss 0.0347, val_mae 0.2162, val_rmse 0.2642, val_r2 0.0465, val_pearson 0.3452, lr 1.00e-03 ---
2026-10-01 16:50:54,202 - INFO - 
****************************************************************************************************
2026-10-01 16:50:55,766 - INFO - --- training epoch 8, loss 0.0381, mae 0.2366, rmse 0.2759, time elapsed(min) 0.02---
2026-10-01 16:50:55,976 - INFO - --- validation at epoch 8, val_loss 0.0330, val_mae 0.2181, val_rmse 0.2581, val_r2 0.0895, val_pearson 0.3506, lr 1.00e-03 ---
2026-10-01 16:50:55,976 - INFO - 
****************************************************************************************************
2026-10-01 16:50:57,616 - INFO - --- training epoch 9, loss 0.0372, mae 0.2343, rmse 0.2726, time elapsed(min) 0.02---
2026-10-01 16:50:57,954 - INFO - --- validation at epoch 9, val_loss 0.0325, val_mae 0.2194, val_rmse 0.2565, val_r2 0.1008, val_pearson 0.3555, lr 1.00e-03 ---
2026-10-01 16:50:57,954 - INFO - 
****************************************************************************************************
2026-10-01 16:50:59,810 - INFO - --- training epoch 10, loss 0.0374, mae 0.2338, rmse 0.2735, time elapsed(min) 0.03---
2026-10-01 16:51:00,019 - INFO - --- validation at epoch 10, val_loss 0.0328, val_mae 0.2160, val_rmse 0.2575, val_r2 0.0943, val_pearson 0.3705, lr 1.00e-03 ---
2026-10-01 16:51:00,019 - INFO - 
****************************************************************************************************
2026-10-01 16:51:01,569 - INFO - --- training epoch 11, loss 0.0364, mae 0.2293, rmse 0.2698, time elapsed(min) 0.02---
2026-10-01 16:51:01,777 - INFO - --- validation at epoch 11, val_loss 0.0308, val_mae 0.2029, val_rmse 0.2492, val_r2 0.1516, val_pearson 0.4185, lr 1.00e-03 ---
2026-10-01 16:51:01,777 - INFO - 
****************************************************************************************************
2026-10-01 16:51:03,463 - INFO - --- training epoch 12, loss 0.0341, mae 0.2185, rmse 0.2613, time elapsed(min) 0.02---
2026-10-01 16:51:03,670 - INFO - --- validation at epoch 12, val_loss 0.0280, val_mae 0.2001, val_rmse 0.2405, val_r2 0.2100, val_pearson 0.4614, lr 1.00e-03 ---
2026-10-01 16:51:03,670 - INFO - 
****************************************************************************************************
2026-10-01 16:51:05,391 - INFO - --- training epoch 13, loss 0.0308, mae 0.2037, rmse 0.2481, time elapsed(min) 0.02---
2026-10-01 16:51:05,792 - INFO - --- validation at epoch 13, val_loss 0.0238, val_mae 0.1886, val_rmse 0.2255, val_r2 0.3051, val_pearson 0.5751, lr 1.00e-03 ---
2026-10-01 16:51:05,792 - INFO - 
****************************************************************************************************
2026-10-01 16:51:07,529 - INFO - --- training epoch 14, loss 0.0269, mae 0.1862, rmse 0.2320, time elapsed(min) 0.02---
2026-10-01 16:51:07,763 - INFO - --- validation at epoch 14, val_loss 0.0247, val_mae 0.1930, val_rmse 0.2311, val_r2 0.2701, val_pearson 0.5769, lr 1.00e-03 ---
2026-10-01 16:51:07,763 - INFO - 
****************************************************************************************************
2026-10-01 16:51:09,429 - INFO - --- training epoch 15, loss 0.0255, mae 0.1795, rmse 0.2259, time elapsed(min) 0.02---
2026-10-01 16:51:09,636 - INFO - --- validation at epoch 15, val_loss 0.0211, val_mae 0.1693, val_rmse 0.2156, val_r2 0.3649, val_pearson 0.6042, lr 1.00e-03 ---
2026-10-01 16:51:09,637 - INFO - 
****************************************************************************************************
2026-10-01 16:51:11,301 - INFO - --- training epoch 16, loss 0.0247, mae 0.1775, rmse 0.2221, time elapsed(min) 0.02---
2026-10-01 16:51:11,688 - INFO - --- validation at epoch 16, val_loss 0.0228, val_mae 0.1761, val_rmse 0.2213, val_r2 0.3311, val_pearson 0.6224, lr 1.00e-03 ---
2026-10-01 16:51:11,688 - INFO - 
****************************************************************************************************
2026-10-01 16:51:13,437 - INFO - --- training epoch 17, loss 0.0235, mae 0.1719, rmse 0.2167, time elapsed(min) 0.02---
2026-10-01 16:51:13,648 - INFO - --- validation at epoch 17, val_loss 0.0200, val_mae 0.1650, val_rmse 0.2076, val_r2 0.4114, val_pearson 0.6425, lr 1.00e-03 ---
2026-10-01 16:51:13,648 - INFO - 
****************************************************************************************************
2026-10-01 16:51:15,332 - INFO - --- training epoch 18, loss 0.0235, mae 0.1727, rmse 0.2166, time elapsed(min) 0.02---
2026-10-01 16:51:15,542 - INFO - --- validation at epoch 18, val_loss 0.0203, val_mae 0.1717, val_rmse 0.2095, val_r2 0.4001, val_pearson 0.6426, lr 1.00e-03 ---
2026-10-01 16:51:15,542 - INFO - 
****************************************************************************************************
2026-10-01 16:51:17,204 - INFO - --- training epoch 19, loss 0.0236, mae 0.1723, rmse 0.2172, time elapsed(min) 0.02---
2026-10-01 16:51:17,544 - INFO - --- validation at epoch 19, val_loss 0.0214, val_mae 0.1638, val_rmse 0.2130, val_r2 0.3798, val_pearson 0.6235, lr 1.00e-03 ---
2026-10-01 16:51:17,544 - INFO - 
****************************************************************************************************
2026-10-01 16:51:19,370 - INFO - --- training epoch 20, loss 0.0236, mae 0.1719, rmse 0.2171, time elapsed(min) 0.03---
2026-10-01 16:51:19,581 - INFO - --- validation at epoch 20, val_loss 0.0193, val_mae 0.1618, val_rmse 0.2031, val_r2 0.4365, val_pearson 0.6631, lr 1.00e-03 ---
2026-10-01 16:51:19,581 - INFO - 
****************************************************************************************************
2026-10-01 16:51:21,276 - INFO - --- training epoch 21, loss 0.0228, mae 0.1694, rmse 0.2135, time elapsed(min) 0.02---
2026-10-01 16:51:21,484 - INFO - --- validation at epoch 21, val_loss 0.0203, val_mae 0.1598, val_rmse 0.2059, val_r2 0.4209, val_pearson 0.6650, lr 1.00e-03 ---
2026-10-01 16:51:21,484 - INFO - 
****************************************************************************************************
2026-10-01 16:51:23,076 - INFO - --- training epoch 22, loss 0.0231, mae 0.1710, rmse 0.2150, time elapsed(min) 0.02---
2026-10-01 16:51:23,287 - INFO - --- validation at epoch 22, val_loss 0.0208, val_mae 0.1640, val_rmse 0.2096, val_r2 0.3997, val_pearson 0.6345, lr 1.00e-03 ---
2026-10-01 16:51:23,287 - INFO - 
****************************************************************************************************
2026-10-01 16:51:24,956 - INFO - --- training epoch 23, loss 0.0225, mae 0.1668, rmse 0.2121, time elapsed(min) 0.02---
2026-10-01 16:51:25,332 - INFO - --- validation at epoch 23, val_loss 0.0201, val_mae 0.1587, val_rmse 0.2028, val_r2 0.4381, val_pearson 0.6660, lr 1.00e-03 ---
2026-10-01 16:51:25,332 - INFO - 
****************************************************************************************************
2026-10-01 16:51:27,066 - INFO - --- training epoch 24, loss 0.0224, mae 0.1689, rmse 0.2117, time elapsed(min) 0.02---
2026-10-01 16:51:27,272 - INFO - --- validation at epoch 24, val_loss 0.0189, val_mae 0.1564, val_rmse 0.1984, val_r2 0.4623, val_pearson 0.6811, lr 1.00e-03 ---
2026-10-01 16:51:27,272 - INFO - 
****************************************************************************************************
2026-10-01 16:51:28,931 - INFO - --- training epoch 25, loss 0.0221, mae 0.1667, rmse 0.2105, time elapsed(min) 0.02---
2026-10-01 16:51:29,139 - INFO - --- validation at epoch 25, val_loss 0.0189, val_mae 0.1563, val_rmse 0.1988, val_r2 0.4598, val_pearson 0.6792, lr 1.00e-03 ---
2026-10-01 16:51:29,139 - INFO - 
****************************************************************************************************
2026-10-01 16:51:30,724 - INFO - --- training epoch 26, loss 0.0220, mae 0.1647, rmse 0.2096, time elapsed(min) 0.02---
2026-10-01 16:51:31,109 - INFO - --- validation at epoch 26, val_loss 0.0203, val_mae 0.1608, val_rmse 0.2045, val_r2 0.4287, val_pearson 0.6599, lr 1.00e-03 ---
2026-10-01 16:51:31,109 - INFO - 
****************************************************************************************************
2026-10-01 16:51:32,813 - INFO - --- training epoch 27, loss 0.0224, mae 0.1672, rmse 0.2116, time elapsed(min) 0.02---
2026-10-01 16:51:33,022 - INFO - --- validation at epoch 27, val_loss 0.0210, val_mae 0.1617, val_rmse 0.2079, val_r2 0.4095, val_pearson 0.6556, lr 1.00e-03 ---
2026-10-01 16:51:33,022 - INFO - 
****************************************************************************************************
2026-10-01 16:51:34,610 - INFO - --- training epoch 28, loss 0.0228, mae 0.1690, rmse 0.2134, time elapsed(min) 0.02---
2026-10-01 16:51:34,832 - INFO - --- validation at epoch 28, val_loss 0.0193, val_mae 0.1598, val_rmse 0.1998, val_r2 0.4547, val_pearson 0.6776, lr 1.00e-03 ---
2026-10-01 16:51:34,832 - INFO - 
****************************************************************************************************
2026-10-01 16:51:36,413 - INFO - --- training epoch 29, loss 0.0220, mae 0.1667, rmse 0.2097, time elapsed(min) 0.02---
2026-10-01 16:51:36,782 - INFO - --- validation at epoch 29, val_loss 0.0189, val_mae 0.1547, val_rmse 0.1976, val_r2 0.4664, val_pearson 0.6870, lr 1.00e-03 ---
2026-10-01 16:51:36,782 - INFO - 
****************************************************************************************************
2026-10-01 16:51:38,611 - INFO - --- training epoch 30, loss 0.0222, mae 0.1668, rmse 0.2109, time elapsed(min) 0.02---
2026-10-01 16:51:38,839 - INFO - --- validation at epoch 30, val_loss 0.0209, val_mae 0.1614, val_rmse 0.2078, val_r2 0.4099, val_pearson 0.6440, lr 1.00e-03 ---
2026-10-01 16:51:38,839 - INFO - 
****************************************************************************************************
2026-10-01 16:51:40,398 - INFO - --- training epoch 31, loss 0.0222, mae 0.1660, rmse 0.2106, time elapsed(min) 0.02---
2026-10-01 16:51:40,606 - INFO - --- validation at epoch 31, val_loss 0.0193, val_mae 0.1573, val_rmse 0.1995, val_r2 0.4562, val_pearson 0.6778, lr 1.00e-03 ---
2026-10-01 16:51:40,606 - INFO - 
****************************************************************************************************
2026-10-01 16:51:42,184 - INFO - --- training epoch 32, loss 0.0218, mae 0.1648, rmse 0.2088, time elapsed(min) 0.02---
2026-10-01 16:51:42,513 - INFO - --- validation at epoch 32, val_loss 0.0206, val_mae 0.1579, val_rmse 0.2039, val_r2 0.4318, val_pearson 0.6894, lr 1.00e-03 ---
2026-10-01 16:51:42,513 - INFO - 
****************************************************************************************************
2026-10-01 16:51:44,301 - INFO - --- training epoch 33, loss 0.0218, mae 0.1665, rmse 0.2089, time elapsed(min) 0.02---
2026-10-01 16:51:44,526 - INFO - --- validation at epoch 33, val_loss 0.0199, val_mae 0.1553, val_rmse 0.2017, val_r2 0.4441, val_pearson 0.6711, lr 1.00e-03 ---
2026-10-01 16:51:44,526 - INFO - 
****************************************************************************************************
2026-10-01 16:51:46,117 - INFO - --- training epoch 34, loss 0.0206, mae 0.1595, rmse 0.2031, time elapsed(min) 0.02---
2026-10-01 16:51:46,327 - INFO - --- validation at epoch 34, val_loss 0.0207, val_mae 0.1562, val_rmse 0.2063, val_r2 0.4184, val_pearson 0.6610, lr 1.00e-03 ---
2026-10-01 16:51:46,327 - INFO - 
****************************************************************************************************
2026-10-01 16:51:47,905 - INFO - --- training epoch 35, loss 0.0207, mae 0.1604, rmse 0.2035, time elapsed(min) 0.02---
2026-10-01 16:51:48,237 - INFO - --- validation at epoch 35, val_loss 0.0189, val_mae 0.1535, val_rmse 0.1960, val_r2 0.4752, val_pearson 0.6922, lr 1.00e-03 ---
2026-10-01 16:51:48,238 - INFO - 
****************************************************************************************************
2026-10-01 16:51:50,030 - INFO - --- training epoch 36, loss 0.0215, mae 0.1640, rmse 0.2075, time elapsed(min) 0.03---
2026-10-01 16:51:50,238 - INFO - --- validation at epoch 36, val_loss 0.0189, val_mae 0.1552, val_rmse 0.1981, val_r2 0.4635, val_pearson 0.7013, lr 1.00e-03 ---
2026-10-01 16:51:50,238 - INFO - 
****************************************************************************************************
2026-10-01 16:51:51,795 - INFO - --- training epoch 37, loss 0.0216, mae 0.1642, rmse 0.2079, time elapsed(min) 0.02---
2026-10-01 16:51:52,003 - INFO - --- validation at epoch 37, val_loss 0.0209, val_mae 0.1589, val_rmse 0.2088, val_r2 0.4041, val_pearson 0.6542, lr 1.00e-03 ---
2026-10-01 16:51:52,004 - INFO - 
****************************************************************************************************
2026-10-01 16:51:53,653 - INFO - --- training epoch 38, loss 0.0205, mae 0.1599, rmse 0.2026, time elapsed(min) 0.02---
2026-10-01 16:51:53,862 - INFO - --- validation at epoch 38, val_loss 0.0178, val_mae 0.1510, val_rmse 0.1914, val_r2 0.4996, val_pearson 0.7091, lr 1.00e-03 ---
2026-10-01 16:51:53,862 - INFO - 
****************************************************************************************************
2026-10-01 16:51:55,659 - INFO - --- training epoch 39, loss 0.0201, mae 0.1587, rmse 0.2005, time elapsed(min) 0.02---
2026-10-01 16:51:56,148 - INFO - --- validation at epoch 39, val_loss 0.0184, val_mae 0.1484, val_rmse 0.1931, val_r2 0.4904, val_pearson 0.7113, lr 1.00e-03 ---
2026-10-01 16:51:56,148 - INFO - 
****************************************************************************************************
2026-10-01 16:51:57,737 - INFO - --- training epoch 40, loss 0.0202, mae 0.1580, rmse 0.2009, time elapsed(min) 0.02---
2026-10-01 16:51:57,944 - INFO - --- validation at epoch 40, val_loss 0.0183, val_mae 0.1548, val_rmse 0.1954, val_r2 0.4781, val_pearson 0.7024, lr 1.00e-03 ---
2026-10-01 16:51:57,944 - INFO - 
****************************************************************************************************
2026-10-01 16:51:59,531 - INFO - --- training epoch 41, loss 0.0200, mae 0.1574, rmse 0.2000, time elapsed(min) 0.02---
2026-10-01 16:51:59,738 - INFO - --- validation at epoch 41, val_loss 0.0165, val_mae 0.1463, val_rmse 0.1860, val_r2 0.5275, val_pearson 0.7286, lr 1.00e-03 ---
2026-10-01 16:51:59,738 - INFO - 
****************************************************************************************************
2026-10-01 16:52:01,487 - INFO - --- training epoch 42, loss 0.0197, mae 0.1560, rmse 0.1984, time elapsed(min) 0.02---
2026-10-01 16:52:01,868 - INFO - --- validation at epoch 42, val_loss 0.0174, val_mae 0.1482, val_rmse 0.1889, val_r2 0.5122, val_pearson 0.7170, lr 1.00e-03 ---
2026-10-01 16:52:01,869 - INFO - 
****************************************************************************************************
2026-10-01 16:52:03,520 - INFO - --- training epoch 43, loss 0.0204, mae 0.1582, rmse 0.2019, time elapsed(min) 0.02---
2026-10-01 16:52:03,729 - INFO - --- validation at epoch 43, val_loss 0.0179, val_mae 0.1530, val_rmse 0.1917, val_r2 0.4978, val_pearson 0.7096, lr 1.00e-03 ---
2026-10-01 16:52:03,729 - INFO - 
****************************************************************************************************
2026-10-01 16:52:05,329 - INFO - --- training epoch 44, loss 0.0206, mae 0.1591, rmse 0.2029, time elapsed(min) 0.02---
2026-10-01 16:52:05,540 - INFO - --- validation at epoch 44, val_loss 0.0191, val_mae 0.1572, val_rmse 0.1989, val_r2 0.4594, val_pearson 0.6978, lr 1.00e-03 ---
2026-10-01 16:52:05,540 - INFO - 
****************************************************************************************************
2026-10-01 16:52:07,189 - INFO - --- training epoch 45, loss 0.0203, mae 0.1581, rmse 0.2015, time elapsed(min) 0.02---
2026-10-01 16:52:07,552 - INFO - --- validation at epoch 45, val_loss 0.0172, val_mae 0.1514, val_rmse 0.1889, val_r2 0.5125, val_pearson 0.7183, lr 1.00e-03 ---
2026-10-01 16:52:07,552 - INFO - 
****************************************************************************************************
2026-10-01 16:52:09,504 - INFO - --- training epoch 46, loss 0.0200, mae 0.1573, rmse 0.2002, time elapsed(min) 0.03---
2026-10-01 16:52:09,711 - INFO - --- validation at epoch 46, val_loss 0.0171, val_mae 0.1501, val_rmse 0.1889, val_r2 0.5127, val_pearson 0.7190, lr 1.00e-03 ---
2026-10-01 16:52:09,711 - INFO - 
****************************************************************************************************
2026-10-01 16:52:11,291 - INFO - --- training epoch 47, loss 0.0195, mae 0.1549, rmse 0.1977, time elapsed(min) 0.02---
2026-10-01 16:52:11,519 - INFO - --- validation at epoch 47, val_loss 0.0180, val_mae 0.1532, val_rmse 0.1932, val_r2 0.4900, val_pearson 0.7033, lr 1.00e-03 ---
2026-10-01 16:52:11,519 - INFO - 
****************************************************************************************************
2026-10-01 16:52:13,095 - INFO - --- training epoch 48, loss 0.0197, mae 0.1564, rmse 0.1986, time elapsed(min) 0.02---
2026-10-01 16:52:13,428 - INFO - --- validation at epoch 48, val_loss 0.0173, val_mae 0.1485, val_rmse 0.1922, val_r2 0.4954, val_pearson 0.7325, lr 1.00e-03 ---
2026-10-01 16:52:13,428 - INFO - 
****************************************************************************************************
2026-10-01 16:52:15,196 - INFO - --- training epoch 49, loss 0.0199, mae 0.1564, rmse 0.1995, time elapsed(min) 0.02---
2026-10-01 16:52:15,420 - INFO - --- validation at epoch 49, val_loss 0.0162, val_mae 0.1405, val_rmse 0.1837, val_r2 0.5387, val_pearson 0.7382, lr 1.00e-03 ---
2026-10-01 16:52:15,420 - INFO - 
****************************************************************************************************
2026-10-01 16:52:17,037 - INFO - --- training epoch 50, loss 0.0187, mae 0.1512, rmse 0.1931, time elapsed(min) 0.02---
2026-10-01 16:52:17,247 - INFO - --- validation at epoch 50, val_loss 0.0158, val_mae 0.1401, val_rmse 0.1810, val_r2 0.5522, val_pearson 0.7525, lr 1.00e-03 ---
2026-10-01 16:52:17,247 - INFO - 
****************************************************************************************************
2026-10-01 16:52:18,876 - INFO - --- training epoch 51, loss 0.0207, mae 0.1594, rmse 0.2034, time elapsed(min) 0.02---
2026-10-01 16:52:19,206 - INFO - --- validation at epoch 51, val_loss 0.0175, val_mae 0.1476, val_rmse 0.1886, val_r2 0.5140, val_pearson 0.7183, lr 1.00e-03 ---
2026-10-01 16:52:19,206 - INFO - 
****************************************************************************************************
2026-10-01 16:52:20,859 - INFO - --- training epoch 52, loss 0.0216, mae 0.1636, rmse 0.2080, time elapsed(min) 0.02---
2026-10-01 16:52:21,244 - INFO - --- validation at epoch 52, val_loss 0.0176, val_mae 0.1526, val_rmse 0.1913, val_r2 0.4999, val_pearson 0.7099, lr 1.00e-03 ---
2026-10-01 16:52:21,244 - INFO - 
****************************************************************************************************
2026-10-01 16:52:22,925 - INFO - --- training epoch 53, loss 0.0201, mae 0.1577, rmse 0.2005, time elapsed(min) 0.02---
2026-10-01 16:52:23,131 - INFO - --- validation at epoch 53, val_loss 0.0186, val_mae 0.1488, val_rmse 0.1975, val_r2 0.4670, val_pearson 0.7014, lr 1.00e-03 ---
2026-10-01 16:52:23,131 - INFO - 
****************************************************************************************************
2026-10-01 16:52:24,710 - INFO - --- training epoch 54, loss 0.0196, mae 0.1548, rmse 0.1978, time elapsed(min) 0.02---
2026-10-01 16:52:24,917 - INFO - --- validation at epoch 54, val_loss 0.0167, val_mae 0.1490, val_rmse 0.1859, val_r2 0.5276, val_pearson 0.7312, lr 1.00e-03 ---
2026-10-01 16:52:24,917 - INFO - 
****************************************************************************************************
2026-10-01 16:52:26,632 - INFO - --- training epoch 55, loss 0.0196, mae 0.1542, rmse 0.1981, time elapsed(min) 0.02---
2026-10-01 16:52:27,031 - INFO - --- validation at epoch 55, val_loss 0.0161, val_mae 0.1421, val_rmse 0.1820, val_r2 0.5476, val_pearson 0.7403, lr 1.00e-03 ---
2026-10-01 16:52:27,031 - INFO - 
****************************************************************************************************
2026-10-01 16:52:28,706 - INFO - --- training epoch 56, loss 0.0197, mae 0.1558, rmse 0.1986, time elapsed(min) 0.02---
2026-10-01 16:52:28,919 - INFO - --- validation at epoch 56, val_loss 0.0190, val_mae 0.1606, val_rmse 0.1964, val_r2 0.4731, val_pearson 0.7009, lr 1.00e-03 ---
2026-10-01 16:52:28,919 - INFO - 
****************************************************************************************************
2026-10-01 16:52:30,495 - INFO - --- training epoch 57, loss 0.0201, mae 0.1568, rmse 0.2006, time elapsed(min) 0.02---
2026-10-01 16:52:30,706 - INFO - --- validation at epoch 57, val_loss 0.0174, val_mae 0.1471, val_rmse 0.1897, val_r2 0.5084, val_pearson 0.7156, lr 1.00e-03 ---
2026-10-01 16:52:30,706 - INFO - 
****************************************************************************************************
2026-10-01 16:52:32,346 - INFO - --- training epoch 58, loss 0.0201, mae 0.1578, rmse 0.2006, time elapsed(min) 0.02---
2026-10-01 16:52:32,682 - INFO - --- validation at epoch 58, val_loss 0.0178, val_mae 0.1505, val_rmse 0.1909, val_r2 0.5019, val_pearson 0.7420, lr 1.00e-03 ---
2026-10-01 16:52:32,682 - INFO - 
****************************************************************************************************
2026-10-01 16:52:34,496 - INFO - --- training epoch 59, loss 0.0195, mae 0.1543, rmse 0.1973, time elapsed(min) 0.03---
2026-10-01 16:52:34,720 - INFO - --- validation at epoch 59, val_loss 0.0160, val_mae 0.1401, val_rmse 0.1811, val_r2 0.5518, val_pearson 0.7553, lr 1.00e-03 ---
2026-10-01 16:52:34,720 - INFO - 
****************************************************************************************************
2026-10-01 16:52:36,367 - INFO - --- training epoch 60, loss 0.0197, mae 0.1564, rmse 0.1986, time elapsed(min) 0.02---
2026-10-01 16:52:36,586 - INFO - --- validation at epoch 60, val_loss 0.0163, val_mae 0.1424, val_rmse 0.1825, val_r2 0.5450, val_pearson 0.7494, lr 1.00e-03 ---
2026-10-01 16:52:36,586 - INFO - 
****************************************************************************************************
2026-10-01 16:52:36,849 - INFO - --- early stopping at epoch 60: val_loss did not improve for 10 epochs ---
2026-10-01 16:52:37,094 - INFO - --- selected checkpoint from epoch 50, val_loss 0.0158, val_mae 0.1401, val_rmse 0.1810
2026-10-01 16:52:37,866 - INFO - -- RESULT
2026-10-01 16:52:37,866 - INFO - --- test size: 1728
2026-10-01 16:52:37,866 - INFO - --- MAE: 0.1531 (15.31 pp), RMSE: 0.1952 (19.52 pp), R2: 0.5349, Pearson: 0.7418
2026-10-01 16:52:39,298 - INFO - --- Cell ind_mean_mlp DONE: test MAE=0.1531 RMSE=0.1952 R2=0.5349 | sec/epoch=1.94
2026-10-01 16:52:39,328 - INFO - === RUNNING: dataset=suzuki split=split_7 cell=current_model (tokens=ind, pooling=mean, head=linear) ===
