2026-09-30 20:55:51,505 - INFO - device is	cuda:0
2026-09-30 20:55:51,627 - INFO - -- CONFIGURATIONS
2026-09-30 20:55:51,627 - INFO - --- train/valid/test: 2491/277/1187
2026-09-30 20:55:51,627 - INFO - --- max no. reactants_train, valid, test respectively: 6, 6, 6
2026-09-30 20:55:51,627 - INFO - --- max no. products_train, valid, test respectively: 1, 1, 1
2026-09-30 20:55:51,627 - INFO - --- model_path: ../logs/approach2_grid_bh/e400/runs/Buchwald-Hartwig_fullcv01_split70_approach_2/model.pt
2026-09-30 20:55:51,639 - INFO - -- TRAINING
2026-09-30 20:55:53,130 - INFO - --- training epoch 0, loss 23.7630, mae 24.2581, rmse 29.7770, time elapsed(min) 0.02---
2026-09-30 20:55:53,363 - INFO - --- validation at epoch 0, val_loss 22.1935, val_mae 23.1383, val_rmse 27.8454, val_r2 -0.0420, val_pearson -0.3266, lr 1.00e-03 ---
2026-09-30 20:55:53,364 - INFO - 
****************************************************************************************************
2026-09-30 20:55:55,163 - INFO - --- training epoch 1, loss 22.9550, mae 23.4505, rmse 28.4392, time elapsed(min) 0.02---
2026-09-30 20:55:55,400 - INFO - --- validation at epoch 1, val_loss 22.4439, val_mae 23.3661, val_rmse 27.2647, val_r2 0.0011, val_pearson 0.2285, lr 1.00e-03 ---
2026-09-30 20:55:55,400 - INFO - 
****************************************************************************************************
2026-09-30 20:55:57,063 - INFO - --- training epoch 2, loss 22.4461, mae 22.9414, rmse 27.6170, time elapsed(min) 0.02---
2026-09-30 20:55:57,635 - INFO - --- validation at epoch 2, val_loss 20.8951, val_mae 22.0740, val_rmse 26.1328, val_r2 0.0823, val_pearson 0.3743, lr 1.00e-03 ---
2026-09-30 20:55:57,635 - INFO - 
****************************************************************************************************
2026-09-30 20:55:59,332 - INFO - --- training epoch 3, loss 21.9596, mae 22.4563, rmse 27.2594, time elapsed(min) 0.02---
2026-09-30 20:55:59,591 - INFO - --- validation at epoch 3, val_loss 20.3756, val_mae 21.7023, val_rmse 25.9413, val_r2 0.0957, val_pearson 0.3661, lr 1.00e-03 ---
2026-09-30 20:55:59,591 - INFO - 
****************************************************************************************************
2026-09-30 20:56:01,096 - INFO - --- training epoch 4, loss 21.7092, mae 22.2042, rmse 26.8472, time elapsed(min) 0.02---
2026-09-30 20:56:01,325 - INFO - --- validation at epoch 4, val_loss 20.7291, val_mae 21.7878, val_rmse 25.8331, val_r2 0.1032, val_pearson 0.4684, lr 1.00e-03 ---
2026-09-30 20:56:01,325 - INFO - 
****************************************************************************************************
2026-09-30 20:56:02,719 - INFO - --- training epoch 5, loss 21.2513, mae 21.7468, rmse 26.2817, time elapsed(min) 0.02---
2026-09-30 20:56:02,979 - INFO - --- validation at epoch 5, val_loss 19.6094, val_mae 20.6706, val_rmse 25.0909, val_r2 0.1540, val_pearson 0.5090, lr 1.00e-03 ---
2026-09-30 20:56:02,980 - INFO - 
****************************************************************************************************
2026-09-30 20:56:04,943 - INFO - --- training epoch 6, loss 21.0959, mae 21.5913, rmse 26.0566, time elapsed(min) 0.02---
2026-09-30 20:56:05,188 - INFO - --- validation at epoch 6, val_loss 19.3516, val_mae 20.2235, val_rmse 23.9440, val_r2 0.2296, val_pearson 0.4937, lr 1.00e-03 ---
2026-09-30 20:56:05,188 - INFO - 
****************************************************************************************************
2026-09-30 20:56:07,002 - INFO - --- training epoch 7, loss 20.8883, mae 21.3838, rmse 25.9137, time elapsed(min) 0.02---
2026-09-30 20:56:07,241 - INFO - --- validation at epoch 7, val_loss 19.5946, val_mae 20.6990, val_rmse 25.2012, val_r2 0.1465, val_pearson 0.4828, lr 1.00e-03 ---
2026-09-30 20:56:07,241 - INFO - 
****************************************************************************************************
2026-09-30 20:56:08,987 - INFO - --- training epoch 8, loss 20.5270, mae 21.0238, rmse 25.5041, time elapsed(min) 0.02---
2026-09-30 20:56:09,847 - INFO - --- validation at epoch 8, val_loss 18.9929, val_mae 20.1702, val_rmse 25.1291, val_r2 0.1514, val_pearson 0.4992, lr 1.00e-03 ---
2026-09-30 20:56:09,847 - INFO - 
****************************************************************************************************
2026-09-30 20:56:11,343 - INFO - --- training epoch 9, loss 20.2399, mae 20.7368, rmse 25.5545, time elapsed(min) 0.02---
2026-09-30 20:56:11,598 - INFO - --- validation at epoch 9, val_loss 17.9675, val_mae 19.0983, val_rmse 23.2445, val_r2 0.2739, val_pearson 0.5387, lr 1.00e-03 ---
2026-09-30 20:56:11,598 - INFO - 
****************************************************************************************************
2026-09-30 20:56:13,082 - INFO - --- training epoch 10, loss 19.7105, mae 20.2056, rmse 24.9691, time elapsed(min) 0.02---
2026-09-30 20:56:13,326 - INFO - --- validation at epoch 10, val_loss 16.5563, val_mae 18.0861, val_rmse 23.1777, val_r2 0.2781, val_pearson 0.5490, lr 1.00e-03 ---
2026-09-30 20:56:13,326 - INFO - 
****************************************************************************************************
2026-09-30 20:56:15,247 - INFO - --- training epoch 11, loss 18.4883, mae 18.9823, rmse 23.9469, time elapsed(min) 0.02---
2026-09-30 20:56:15,493 - INFO - --- validation at epoch 11, val_loss 14.8480, val_mae 16.9010, val_rmse 21.2033, val_r2 0.3958, val_pearson 0.6587, lr 1.00e-03 ---
2026-09-30 20:56:15,493 - INFO - 
****************************************************************************************************
2026-09-30 20:56:17,245 - INFO - --- training epoch 12, loss 17.8604, mae 18.3536, rmse 23.5342, time elapsed(min) 0.02---
2026-09-30 20:56:17,504 - INFO - --- validation at epoch 12, val_loss 14.7204, val_mae 16.6250, val_rmse 22.0335, val_r2 0.3476, val_pearson 0.6069, lr 1.00e-03 ---
2026-09-30 20:56:17,504 - INFO - 
****************************************************************************************************
2026-09-30 20:56:19,385 - INFO - --- training epoch 13, loss 16.6490, mae 17.1394, rmse 22.4014, time elapsed(min) 0.02---
2026-09-30 20:56:19,956 - INFO - --- validation at epoch 13, val_loss 13.1349, val_mae 15.3160, val_rmse 19.9523, val_r2 0.4650, val_pearson 0.6838, lr 1.00e-03 ---
2026-09-30 20:56:19,956 - INFO - 
****************************************************************************************************
2026-09-30 20:56:21,720 - INFO - --- training epoch 14, loss 15.9920, mae 16.4819, rmse 21.7936, time elapsed(min) 0.02---
2026-09-30 20:56:21,975 - INFO - --- validation at epoch 14, val_loss 13.5979, val_mae 15.2368, val_rmse 20.1827, val_r2 0.4526, val_pearson 0.6997, lr 1.00e-03 ---
2026-09-30 20:56:21,975 - INFO - 
****************************************************************************************************
2026-09-30 20:56:23,369 - INFO - --- training epoch 15, loss 15.9061, mae 16.3975, rmse 21.6790, time elapsed(min) 0.02---
2026-09-30 20:56:23,616 - INFO - --- validation at epoch 15, val_loss 13.4744, val_mae 15.2520, val_rmse 19.7235, val_r2 0.4772, val_pearson 0.6923, lr 1.00e-03 ---
2026-09-30 20:56:23,616 - INFO - 
****************************************************************************************************
2026-09-30 20:56:24,998 - INFO - --- training epoch 16, loss 15.7497, mae 16.2366, rmse 21.6355, time elapsed(min) 0.02---
2026-09-30 20:56:25,245 - INFO - --- validation at epoch 16, val_loss 13.2938, val_mae 15.0747, val_rmse 19.4780, val_r2 0.4902, val_pearson 0.7022, lr 1.00e-03 ---
2026-09-30 20:56:25,245 - INFO - 
****************************************************************************************************
2026-09-30 20:56:26,961 - INFO - --- training epoch 17, loss 15.2571, mae 15.7465, rmse 21.0450, time elapsed(min) 0.02---
2026-09-30 20:56:27,241 - INFO - --- validation at epoch 17, val_loss 13.1772, val_mae 14.9489, val_rmse 19.9379, val_r2 0.4658, val_pearson 0.7136, lr 1.00e-03 ---
2026-09-30 20:56:27,242 - INFO - 
****************************************************************************************************
2026-09-30 20:56:28,962 - INFO - --- training epoch 18, loss 15.6508, mae 16.1423, rmse 21.6880, time elapsed(min) 0.02---
2026-09-30 20:56:29,222 - INFO - --- validation at epoch 18, val_loss 14.7082, val_mae 16.3932, val_rmse 21.7981, val_r2 0.3615, val_pearson 0.7232, lr 1.00e-03 ---
2026-09-30 20:56:29,222 - INFO - 
****************************************************************************************************
2026-09-30 20:56:30,964 - INFO - --- training epoch 19, loss 15.6905, mae 16.1800, rmse 21.5418, time elapsed(min) 0.02---
2026-09-30 20:56:31,855 - INFO - --- validation at epoch 19, val_loss 13.3357, val_mae 14.9450, val_rmse 19.1360, val_r2 0.5079, val_pearson 0.7256, lr 1.00e-03 ---
2026-09-30 20:56:31,855 - INFO - 
****************************************************************************************************
2026-09-30 20:56:33,271 - INFO - --- training epoch 20, loss 14.8600, mae 15.3461, rmse 20.5339, time elapsed(min) 0.02---
2026-09-30 20:56:33,516 - INFO - --- validation at epoch 20, val_loss 12.5579, val_mae 14.4556, val_rmse 18.9354, val_r2 0.5182, val_pearson 0.7292, lr 1.00e-03 ---
2026-09-30 20:56:33,517 - INFO - 
****************************************************************************************************
2026-09-30 20:56:34,977 - INFO - --- training epoch 21, loss 14.7907, mae 15.2783, rmse 20.5604, time elapsed(min) 0.02---
2026-09-30 20:56:35,259 - INFO - --- validation at epoch 21, val_loss 12.9522, val_mae 14.6543, val_rmse 19.5105, val_r2 0.4885, val_pearson 0.7328, lr 1.00e-03 ---
2026-09-30 20:56:35,259 - INFO - 
****************************************************************************************************
2026-09-30 20:56:37,088 - INFO - --- training epoch 22, loss 14.6208, mae 15.1049, rmse 20.3245, time elapsed(min) 0.02---
2026-09-30 20:56:37,355 - INFO - --- validation at epoch 22, val_loss 12.7165, val_mae 14.3817, val_rmse 18.8753, val_r2 0.5212, val_pearson 0.7367, lr 1.00e-03 ---
2026-09-30 20:56:37,355 - INFO - 
****************************************************************************************************
2026-09-30 20:56:39,067 - INFO - --- training epoch 23, loss 14.5574, mae 15.0411, rmse 20.3269, time elapsed(min) 0.02---
2026-09-30 20:56:39,294 - INFO - --- validation at epoch 23, val_loss 12.1592, val_mae 13.9664, val_rmse 18.6359, val_r2 0.5333, val_pearson 0.7433, lr 1.00e-03 ---
2026-09-30 20:56:39,294 - INFO - 
****************************************************************************************************
2026-09-30 20:56:41,203 - INFO - --- training epoch 24, loss 14.4495, mae 14.9332, rmse 20.3460, time elapsed(min) 0.02---
2026-09-30 20:56:41,817 - INFO - --- validation at epoch 24, val_loss 13.0365, val_mae 14.6455, val_rmse 19.3812, val_r2 0.4952, val_pearson 0.7158, lr 1.00e-03 ---
2026-09-30 20:56:41,817 - INFO - 
****************************************************************************************************
2026-09-30 20:56:43,482 - INFO - --- training epoch 25, loss 14.7846, mae 15.2699, rmse 20.4792, time elapsed(min) 0.02---
2026-09-30 20:56:43,720 - INFO - --- validation at epoch 25, val_loss 12.8738, val_mae 14.4251, val_rmse 19.1681, val_r2 0.5063, val_pearson 0.7354, lr 1.00e-03 ---
2026-09-30 20:56:43,720 - INFO - 
****************************************************************************************************
2026-09-30 20:56:45,110 - INFO - --- training epoch 26, loss 14.4913, mae 14.9763, rmse 20.0684, time elapsed(min) 0.02---
2026-09-30 20:56:45,350 - INFO - --- validation at epoch 26, val_loss 12.4962, val_mae 14.0879, val_rmse 18.4915, val_r2 0.5405, val_pearson 0.7498, lr 1.00e-03 ---
2026-09-30 20:56:45,351 - INFO - 
****************************************************************************************************
2026-09-30 20:56:47,219 - INFO - --- training epoch 27, loss 14.3428, mae 14.8267, rmse 19.9486, time elapsed(min) 0.02---
2026-09-30 20:56:47,497 - INFO - --- validation at epoch 27, val_loss 12.1589, val_mae 13.6449, val_rmse 18.3075, val_r2 0.5496, val_pearson 0.7583, lr 1.00e-03 ---
2026-09-30 20:56:47,498 - INFO - 
****************************************************************************************************
2026-09-30 20:56:49,351 - INFO - --- training epoch 28, loss 14.2051, mae 14.6892, rmse 19.8740, time elapsed(min) 0.02---
2026-09-30 20:56:49,603 - INFO - --- validation at epoch 28, val_loss 11.5318, val_mae 13.1056, val_rmse 17.8407, val_r2 0.5723, val_pearson 0.7632, lr 1.00e-03 ---
2026-09-30 20:56:49,603 - INFO - 
****************************************************************************************************
2026-09-30 20:56:51,481 - INFO - --- training epoch 29, loss 14.3426, mae 14.8271, rmse 19.9641, time elapsed(min) 0.02---
2026-09-30 20:56:52,131 - INFO - --- validation at epoch 29, val_loss 12.4837, val_mae 13.9560, val_rmse 19.2812, val_r2 0.5004, val_pearson 0.7528, lr 1.00e-03 ---
2026-09-30 20:56:52,132 - INFO - 
****************************************************************************************************
2026-09-30 20:56:53,728 - INFO - --- training epoch 30, loss 14.2532, mae 14.7378, rmse 19.9017, time elapsed(min) 0.02---
2026-09-30 20:56:53,968 - INFO - --- validation at epoch 30, val_loss 11.1129, val_mae 12.6446, val_rmse 17.1688, val_r2 0.6039, val_pearson 0.7858, lr 1.00e-03 ---
2026-09-30 20:56:53,968 - INFO - 
****************************************************************************************************
2026-09-30 20:56:55,443 - INFO - --- training epoch 31, loss 13.9715, mae 14.4550, rmse 19.6824, time elapsed(min) 0.02---
2026-09-30 20:56:55,710 - INFO - --- validation at epoch 31, val_loss 11.4627, val_mae 13.1252, val_rmse 18.0496, val_r2 0.5622, val_pearson 0.7635, lr 1.00e-03 ---
2026-09-30 20:56:55,711 - INFO - 
****************************************************************************************************
2026-09-30 20:56:57,415 - INFO - --- training epoch 32, loss 14.3736, mae 14.8585, rmse 20.1454, time elapsed(min) 0.02---
2026-09-30 20:56:57,658 - INFO - --- validation at epoch 32, val_loss 12.1834, val_mae 13.7520, val_rmse 18.4329, val_r2 0.5434, val_pearson 0.7624, lr 1.00e-03 ---
2026-09-30 20:56:57,658 - INFO - 
****************************************************************************************************
2026-09-30 20:56:59,382 - INFO - --- training epoch 33, loss 14.7426, mae 15.2281, rmse 20.3888, time elapsed(min) 0.02---
2026-09-30 20:56:59,626 - INFO - --- validation at epoch 33, val_loss 13.2340, val_mae 14.7572, val_rmse 18.9283, val_r2 0.5185, val_pearson 0.7459, lr 1.00e-03 ---
2026-09-30 20:56:59,627 - INFO - 
****************************************************************************************************
2026-09-30 20:57:01,411 - INFO - --- training epoch 34, loss 14.5955, mae 15.0794, rmse 20.2600, time elapsed(min) 0.02---
2026-09-30 20:57:01,705 - INFO - --- validation at epoch 34, val_loss 12.8555, val_mae 14.4483, val_rmse 19.0791, val_r2 0.5108, val_pearson 0.7452, lr 1.00e-03 ---
2026-09-30 20:57:01,705 - INFO - 
****************************************************************************************************
2026-09-30 20:57:03,742 - INFO - --- training epoch 35, loss 14.1851, mae 14.6702, rmse 19.6569, time elapsed(min) 0.03---
2026-09-30 20:57:04,015 - INFO - --- validation at epoch 35, val_loss 11.7401, val_mae 13.1897, val_rmse 17.6609, val_r2 0.5809, val_pearson 0.7724, lr 1.00e-03 ---
2026-09-30 20:57:04,015 - INFO - 
****************************************************************************************************
2026-09-30 20:57:05,428 - INFO - --- training epoch 36, loss 13.9204, mae 14.4020, rmse 19.5511, time elapsed(min) 0.02---
2026-09-30 20:57:05,669 - INFO - --- validation at epoch 36, val_loss 11.6421, val_mae 13.0653, val_rmse 17.7191, val_r2 0.5781, val_pearson 0.7752, lr 1.00e-03 ---
2026-09-30 20:57:05,669 - INFO - 
****************************************************************************************************
2026-09-30 20:57:07,067 - INFO - --- training epoch 37, loss 14.0892, mae 14.5749, rmse 19.6879, time elapsed(min) 0.02---
2026-09-30 20:57:07,301 - INFO - --- validation at epoch 37, val_loss 11.9397, val_mae 13.3182, val_rmse 17.8927, val_r2 0.5698, val_pearson 0.7771, lr 1.00e-03 ---
2026-09-30 20:57:07,301 - INFO - 
****************************************************************************************************
2026-09-30 20:57:08,972 - INFO - --- training epoch 38, loss 13.9423, mae 14.4237, rmse 19.6843, time elapsed(min) 0.02---
2026-09-30 20:57:09,261 - INFO - --- validation at epoch 38, val_loss 12.0199, val_mae 13.2905, val_rmse 17.6021, val_r2 0.5836, val_pearson 0.7928, lr 1.00e-03 ---
2026-09-30 20:57:09,261 - INFO - 
****************************************************************************************************
2026-09-30 20:57:10,975 - INFO - --- training epoch 39, loss 13.9221, mae 14.4058, rmse 19.4784, time elapsed(min) 0.02---
2026-09-30 20:57:11,233 - INFO - --- validation at epoch 39, val_loss 10.8485, val_mae 12.5807, val_rmse 17.2573, val_r2 0.5998, val_pearson 0.7836, lr 1.00e-03 ---
2026-09-30 20:57:11,233 - INFO - 
****************************************************************************************************
2026-09-30 20:57:13,347 - INFO - --- training epoch 40, loss 13.9926, mae 14.4792, rmse 19.6263, time elapsed(min) 0.03---
2026-09-30 20:57:13,599 - INFO - --- validation at epoch 40, val_loss 11.6503, val_mae 13.1018, val_rmse 17.9984, val_r2 0.5647, val_pearson 0.7839, lr 1.00e-03 ---
2026-09-30 20:57:13,600 - INFO - 
****************************************************************************************************
2026-09-30 20:57:15,000 - INFO - --- training epoch 41, loss 13.7041, mae 14.1876, rmse 19.3308, time elapsed(min) 0.02---
2026-09-30 20:57:15,289 - INFO - --- validation at epoch 41, val_loss 10.7042, val_mae 12.3481, val_rmse 16.7958, val_r2 0.6209, val_pearson 0.8030, lr 1.00e-03 ---
2026-09-30 20:57:15,289 - INFO - 
****************************************************************************************************
2026-09-30 20:57:16,818 - INFO - --- training epoch 42, loss 13.4844, mae 13.9674, rmse 18.9797, time elapsed(min) 0.02---
2026-09-30 20:57:17,064 - INFO - --- validation at epoch 42, val_loss 11.2256, val_mae 12.2832, val_rmse 16.6707, val_r2 0.6265, val_pearson 0.8231, lr 1.00e-03 ---
2026-09-30 20:57:17,064 - INFO - 
****************************************************************************************************
2026-09-30 20:57:18,812 - INFO - --- training epoch 43, loss 14.3648, mae 14.8489, rmse 20.0069, time elapsed(min) 0.02---
2026-09-30 20:57:19,027 - INFO - --- validation at epoch 43, val_loss 13.2085, val_mae 14.6785, val_rmse 19.7732, val_r2 0.4746, val_pearson 0.7603, lr 1.00e-03 ---
2026-09-30 20:57:19,028 - INFO - 
****************************************************************************************************
2026-09-30 20:57:20,793 - INFO - --- training epoch 44, loss 13.9803, mae 14.4632, rmse 19.5752, time elapsed(min) 0.02---
2026-09-30 20:57:21,047 - INFO - --- validation at epoch 44, val_loss 12.6581, val_mae 13.6985, val_rmse 18.0628, val_r2 0.5616, val_pearson 0.7622, lr 1.00e-03 ---
2026-09-30 20:57:21,047 - INFO - 
****************************************************************************************************
2026-09-30 20:57:23,122 - INFO - --- training epoch 45, loss 14.2206, mae 14.7070, rmse 19.8714, time elapsed(min) 0.03---
2026-09-30 20:57:23,363 - INFO - --- validation at epoch 45, val_loss 12.2820, val_mae 13.7462, val_rmse 17.9729, val_r2 0.5659, val_pearson 0.7652, lr 1.00e-03 ---
2026-09-30 20:57:23,363 - INFO - 
****************************************************************************************************
2026-09-30 20:57:24,760 - INFO - --- training epoch 46, loss 14.0458, mae 14.5259, rmse 19.5475, time elapsed(min) 0.02---
2026-09-30 20:57:24,988 - INFO - --- validation at epoch 46, val_loss 11.8724, val_mae 13.1791, val_rmse 17.4099, val_r2 0.5927, val_pearson 0.7790, lr 1.00e-03 ---
2026-09-30 20:57:24,988 - INFO - 
****************************************************************************************************
2026-09-30 20:57:26,580 - INFO - --- training epoch 47, loss 13.4124, mae 13.8985, rmse 18.7998, time elapsed(min) 0.02---
2026-09-30 20:57:26,832 - INFO - --- validation at epoch 47, val_loss 11.2076, val_mae 12.4779, val_rmse 16.4554, val_r2 0.6361, val_pearson 0.8121, lr 1.00e-03 ---
2026-09-30 20:57:26,832 - INFO - 
****************************************************************************************************
2026-09-30 20:57:28,516 - INFO - --- training epoch 48, loss 13.1412, mae 13.6221, rmse 18.4734, time elapsed(min) 0.02---
2026-09-30 20:57:28,766 - INFO - --- validation at epoch 48, val_loss 10.9409, val_mae 12.2548, val_rmse 16.4139, val_r2 0.6380, val_pearson 0.8007, lr 1.00e-03 ---
2026-09-30 20:57:28,766 - INFO - 
****************************************************************************************************
2026-09-30 20:57:30,476 - INFO - --- training epoch 49, loss 13.2910, mae 13.7743, rmse 18.5149, time elapsed(min) 0.02---
2026-09-30 20:57:30,729 - INFO - --- validation at epoch 49, val_loss 10.6808, val_mae 12.1589, val_rmse 15.8607, val_r2 0.6619, val_pearson 0.8149, lr 1.00e-03 ---
2026-09-30 20:57:30,729 - INFO - 
****************************************************************************************************
2026-09-30 20:57:32,796 - INFO - --- training epoch 50, loss 13.0658, mae 13.5479, rmse 18.2743, time elapsed(min) 0.03---
2026-09-30 20:57:33,076 - INFO - --- validation at epoch 50, val_loss 12.4549, val_mae 13.7447, val_rmse 17.6975, val_r2 0.5791, val_pearson 0.7792, lr 1.00e-03 ---
2026-09-30 20:57:33,077 - INFO - 
****************************************************************************************************
2026-09-30 20:57:34,445 - INFO - --- training epoch 51, loss 12.9484, mae 13.4290, rmse 18.2422, time elapsed(min) 0.01---
2026-09-30 20:57:34,739 - INFO - --- validation at epoch 51, val_loss 10.4319, val_mae 11.7510, val_rmse 15.9887, val_r2 0.6565, val_pearson 0.8125, lr 1.00e-03 ---
2026-09-30 20:57:34,739 - INFO - 
****************************************************************************************************
2026-09-30 20:57:36,241 - INFO - --- training epoch 52, loss 12.5678, mae 13.0501, rmse 17.7451, time elapsed(min) 0.02---
2026-09-30 20:57:36,498 - INFO - --- validation at epoch 52, val_loss 10.5646, val_mae 11.8470, val_rmse 16.1984, val_r2 0.6474, val_pearson 0.8111, lr 1.00e-03 ---
2026-09-30 20:57:36,499 - INFO - 
****************************************************************************************************
2026-09-30 20:57:38,425 - INFO - --- training epoch 53, loss 12.7066, mae 13.1903, rmse 18.0342, time elapsed(min) 0.02---
2026-09-30 20:57:38,661 - INFO - --- validation at epoch 53, val_loss 11.4481, val_mae 12.6447, val_rmse 17.5151, val_r2 0.5877, val_pearson 0.8255, lr 1.00e-03 ---
2026-09-30 20:57:38,661 - INFO - 
****************************************************************************************************
2026-09-30 20:57:40,609 - INFO - --- training epoch 54, loss 12.7753, mae 13.2575, rmse 18.1431, time elapsed(min) 0.02---
2026-09-30 20:57:40,891 - INFO - --- validation at epoch 54, val_loss 9.7595, val_mae 10.9538, val_rmse 14.4607, val_r2 0.7190, val_pearson 0.8504, lr 1.00e-03 ---
2026-09-30 20:57:40,891 - INFO - 
****************************************************************************************************
2026-09-30 20:57:42,952 - INFO - --- training epoch 55, loss 11.8804, mae 12.3616, rmse 16.9603, time elapsed(min) 0.03---
2026-09-30 20:57:43,235 - INFO - --- validation at epoch 55, val_loss 9.7076, val_mae 10.9233, val_rmse 14.7218, val_r2 0.7088, val_pearson 0.8461, lr 1.00e-03 ---
2026-09-30 20:57:43,236 - INFO - 
****************************************************************************************************
2026-09-30 20:57:44,713 - INFO - --- training epoch 56, loss 12.1646, mae 12.6450, rmse 17.2573, time elapsed(min) 0.02---
2026-09-30 20:57:44,950 - INFO - --- validation at epoch 56, val_loss 10.2762, val_mae 11.3507, val_rmse 15.1235, val_r2 0.6926, val_pearson 0.8345, lr 1.00e-03 ---
2026-09-30 20:57:44,950 - INFO - 
****************************************************************************************************
2026-09-30 20:57:46,302 - INFO - --- training epoch 57, loss 11.4195, mae 11.8993, rmse 16.3727, time elapsed(min) 0.01---
2026-09-30 20:57:46,546 - INFO - --- validation at epoch 57, val_loss 9.2783, val_mae 10.4162, val_rmse 14.2030, val_r2 0.7289, val_pearson 0.8627, lr 1.00e-03 ---
2026-09-30 20:57:46,546 - INFO - 
****************************************************************************************************
2026-09-30 20:57:48,306 - INFO - --- training epoch 58, loss 10.8505, mae 11.3312, rmse 15.7079, time elapsed(min) 0.02---
2026-09-30 20:57:48,547 - INFO - --- validation at epoch 58, val_loss 8.6287, val_mae 9.5416, val_rmse 13.1492, val_r2 0.7677, val_pearson 0.8766, lr 1.00e-03 ---
2026-09-30 20:57:48,547 - INFO - 
****************************************************************************************************
2026-09-30 20:57:50,396 - INFO - --- training epoch 59, loss 10.4943, mae 10.9729, rmse 15.4020, time elapsed(min) 0.02---
2026-09-30 20:57:50,627 - INFO - --- validation at epoch 59, val_loss 8.5807, val_mae 9.4794, val_rmse 13.0047, val_r2 0.7727, val_pearson 0.8791, lr 1.00e-03 ---
2026-09-30 20:57:50,627 - INFO - 
****************************************************************************************************
2026-09-30 20:57:52,670 - INFO - --- training epoch 60, loss 10.5539, mae 11.0357, rmse 15.5837, time elapsed(min) 0.02---
2026-09-30 20:57:52,939 - INFO - --- validation at epoch 60, val_loss 9.3680, val_mae 10.1781, val_rmse 13.9614, val_r2 0.7381, val_pearson 0.8632, lr 1.00e-03 ---
2026-09-30 20:57:52,939 - INFO - 
****************************************************************************************************
2026-09-30 20:57:54,335 - INFO - --- training epoch 61, loss 10.3115, mae 10.7915, rmse 15.0953, time elapsed(min) 0.02---
2026-09-30 20:57:54,613 - INFO - --- validation at epoch 61, val_loss 8.7929, val_mae 9.5630, val_rmse 13.0344, val_r2 0.7717, val_pearson 0.8801, lr 1.00e-03 ---
2026-09-30 20:57:54,613 - INFO - 
****************************************************************************************************
2026-09-30 20:57:56,003 - INFO - --- training epoch 62, loss 9.8572, mae 10.3387, rmse 14.6007, time elapsed(min) 0.02---
2026-09-30 20:57:56,265 - INFO - --- validation at epoch 62, val_loss 9.2078, val_mae 9.7208, val_rmse 13.4883, val_r2 0.7555, val_pearson 0.8754, lr 1.00e-03 ---
2026-09-30 20:57:56,265 - INFO - 
****************************************************************************************************
2026-09-30 20:57:58,145 - INFO - --- training epoch 63, loss 10.0020, mae 10.4805, rmse 14.7876, time elapsed(min) 0.02---
2026-09-30 20:57:58,417 - INFO - --- validation at epoch 63, val_loss 9.2135, val_mae 9.6700, val_rmse 13.3663, val_r2 0.7599, val_pearson 0.9010, lr 1.00e-03 ---
2026-09-30 20:57:58,417 - INFO - 
****************************************************************************************************
2026-09-30 20:58:00,155 - INFO - --- training epoch 64, loss 10.1870, mae 10.6664, rmse 15.1357, time elapsed(min) 0.02---
2026-09-30 20:58:00,393 - INFO - --- validation at epoch 64, val_loss 8.0584, val_mae 8.7601, val_rmse 12.3845, val_r2 0.7939, val_pearson 0.8969, lr 1.00e-03 ---
2026-09-30 20:58:00,394 - INFO - 
****************************************************************************************************
2026-09-30 20:58:02,269 - INFO - --- training epoch 65, loss 9.2250, mae 9.6971, rmse 13.9271, time elapsed(min) 0.02---
2026-09-30 20:58:02,859 - INFO - --- validation at epoch 65, val_loss 8.4102, val_mae 8.7908, val_rmse 12.4047, val_r2 0.7932, val_pearson 0.8954, lr 1.00e-03 ---
2026-09-30 20:58:02,859 - INFO - 
****************************************************************************************************
2026-09-30 20:58:04,574 - INFO - --- training epoch 66, loss 9.1418, mae 9.6250, rmse 13.5920, time elapsed(min) 0.02---
2026-09-30 20:58:04,800 - INFO - --- validation at epoch 66, val_loss 8.3604, val_mae 8.8284, val_rmse 12.9473, val_r2 0.7747, val_pearson 0.8837, lr 1.00e-03 ---
2026-09-30 20:58:04,800 - INFO - 
****************************************************************************************************
2026-09-30 20:58:06,243 - INFO - --- training epoch 67, loss 9.9250, mae 10.4049, rmse 14.6435, time elapsed(min) 0.02---
2026-09-30 20:58:06,472 - INFO - --- validation at epoch 67, val_loss 8.7192, val_mae 9.4523, val_rmse 12.8072, val_r2 0.7796, val_pearson 0.8863, lr 1.00e-03 ---
2026-09-30 20:58:06,473 - INFO - 
****************************************************************************************************
2026-09-30 20:58:08,186 - INFO - --- training epoch 68, loss 9.7530, mae 10.2307, rmse 14.2174, time elapsed(min) 0.02---
2026-09-30 20:58:08,449 - INFO - --- validation at epoch 68, val_loss 8.3701, val_mae 8.6266, val_rmse 11.6920, val_r2 0.8163, val_pearson 0.9038, lr 1.00e-03 ---
2026-09-30 20:58:08,450 - INFO - 
****************************************************************************************************
2026-09-30 20:58:10,221 - INFO - --- training epoch 69, loss 9.0670, mae 9.5447, rmse 13.5926, time elapsed(min) 0.02---
2026-09-30 20:58:10,451 - INFO - --- validation at epoch 69, val_loss 8.2634, val_mae 8.5325, val_rmse 12.0844, val_r2 0.8038, val_pearson 0.8984, lr 1.00e-03 ---
2026-09-30 20:58:10,452 - INFO - 
****************************************************************************************************
2026-09-30 20:58:12,379 - INFO - --- training epoch 70, loss 8.8074, mae 9.2862, rmse 13.2008, time elapsed(min) 0.02---
2026-09-30 20:58:13,012 - INFO - --- validation at epoch 70, val_loss 8.2803, val_mae 8.5430, val_rmse 11.9861, val_r2 0.8069, val_pearson 0.9015, lr 1.00e-03 ---
2026-09-30 20:58:13,012 - INFO - 
****************************************************************************************************
2026-09-30 20:58:14,710 - INFO - --- training epoch 71, loss 8.6481, mae 9.1262, rmse 13.1123, time elapsed(min) 0.02---
2026-09-30 20:58:14,945 - INFO - --- validation at epoch 71, val_loss 9.6087, val_mae 9.4303, val_rmse 13.2217, val_r2 0.7651, val_pearson 0.8816, lr 1.00e-03 ---
2026-09-30 20:58:14,945 - INFO - 
****************************************************************************************************
2026-09-30 20:58:16,355 - INFO - --- training epoch 72, loss 8.6719, mae 9.1463, rmse 13.0636, time elapsed(min) 0.02---
2026-09-30 20:58:16,594 - INFO - --- validation at epoch 72, val_loss 8.1057, val_mae 8.4571, val_rmse 11.9430, val_r2 0.8083, val_pearson 0.9020, lr 1.00e-03 ---
2026-09-30 20:58:16,594 - INFO - 
****************************************************************************************************
2026-09-30 20:58:18,318 - INFO - --- training epoch 73, loss 8.4676, mae 8.9404, rmse 12.8625, time elapsed(min) 0.02---
2026-09-30 20:58:18,548 - INFO - --- validation at epoch 73, val_loss 7.8934, val_mae 8.2270, val_rmse 11.7687, val_r2 0.8139, val_pearson 0.9100, lr 1.00e-03 ---
2026-09-30 20:58:18,548 - INFO - 
****************************************************************************************************
2026-09-30 20:58:20,328 - INFO - --- training epoch 74, loss 8.0120, mae 8.4871, rmse 12.3603, time elapsed(min) 0.02---
2026-09-30 20:58:20,567 - INFO - --- validation at epoch 74, val_loss 7.6090, val_mae 7.6785, val_rmse 11.1827, val_r2 0.8320, val_pearson 0.9129, lr 1.00e-03 ---
2026-09-30 20:58:20,567 - INFO - 
****************************************************************************************************
2026-09-30 20:58:22,392 - INFO - --- training epoch 75, loss 7.9615, mae 8.4335, rmse 12.2308, time elapsed(min) 0.02---
2026-09-30 20:58:22,963 - INFO - --- validation at epoch 75, val_loss 7.1545, val_mae 7.4779, val_rmse 11.0926, val_r2 0.8346, val_pearson 0.9145, lr 1.00e-03 ---
2026-09-30 20:58:22,963 - INFO - 
****************************************************************************************************
2026-09-30 20:58:24,733 - INFO - --- training epoch 76, loss 8.2199, mae 8.6934, rmse 12.5897, time elapsed(min) 0.02---
2026-09-30 20:58:24,976 - INFO - --- validation at epoch 76, val_loss 7.7770, val_mae 7.9472, val_rmse 11.6085, val_r2 0.8189, val_pearson 0.9106, lr 1.00e-03 ---
2026-09-30 20:58:24,976 - INFO - 
****************************************************************************************************
2026-09-30 20:58:26,364 - INFO - --- training epoch 77, loss 8.1278, mae 8.6026, rmse 12.5426, time elapsed(min) 0.02---
2026-09-30 20:58:26,603 - INFO - --- validation at epoch 77, val_loss 8.9668, val_mae 8.8774, val_rmse 12.8491, val_r2 0.7781, val_pearson 0.8933, lr 1.00e-03 ---
2026-09-30 20:58:26,603 - INFO - 
****************************************************************************************************
2026-09-30 20:58:28,323 - INFO - --- training epoch 78, loss 8.7555, mae 9.2318, rmse 13.2835, time elapsed(min) 0.02---
2026-09-30 20:58:28,550 - INFO - --- validation at epoch 78, val_loss 8.0858, val_mae 8.4736, val_rmse 11.8866, val_r2 0.8101, val_pearson 0.9028, lr 1.00e-03 ---
2026-09-30 20:58:28,550 - INFO - 
****************************************************************************************************
2026-09-30 20:58:30,317 - INFO - --- training epoch 79, loss 8.3109, mae 8.7853, rmse 12.5944, time elapsed(min) 0.02---
2026-09-30 20:58:30,575 - INFO - --- validation at epoch 79, val_loss 7.8151, val_mae 7.8141, val_rmse 11.4249, val_r2 0.8246, val_pearson 0.9120, lr 1.00e-03 ---
2026-09-30 20:58:30,575 - INFO - 
****************************************************************************************************
2026-09-30 20:58:32,348 - INFO - --- training epoch 80, loss 7.9054, mae 8.3755, rmse 12.2492, time elapsed(min) 0.02---
2026-09-30 20:58:32,582 - INFO - --- validation at epoch 80, val_loss 8.0516, val_mae 8.2982, val_rmse 11.9330, val_r2 0.8086, val_pearson 0.9091, lr 1.00e-03 ---
2026-09-30 20:58:32,582 - INFO - 
****************************************************************************************************
2026-09-30 20:58:34,231 - INFO - --- training epoch 81, loss 8.1760, mae 8.6512, rmse 12.4703, time elapsed(min) 0.02---
2026-09-30 20:58:34,473 - INFO - --- validation at epoch 81, val_loss 7.5021, val_mae 7.8012, val_rmse 11.2358, val_r2 0.8304, val_pearson 0.9119, lr 1.00e-03 ---
2026-09-30 20:58:34,473 - INFO - 
****************************************************************************************************
2026-09-30 20:58:35,879 - INFO - --- training epoch 82, loss 7.9367, mae 8.4086, rmse 12.2030, time elapsed(min) 0.02---
2026-09-30 20:58:36,122 - INFO - --- validation at epoch 82, val_loss 8.7898, val_mae 8.9075, val_rmse 12.4447, val_r2 0.7919, val_pearson 0.8936, lr 1.00e-03 ---
2026-09-30 20:58:36,122 - INFO - 
****************************************************************************************************
2026-09-30 20:58:37,846 - INFO - --- training epoch 83, loss 7.8217, mae 8.2948, rmse 12.0327, time elapsed(min) 0.02---
2026-09-30 20:58:38,092 - INFO - --- validation at epoch 83, val_loss 7.7417, val_mae 8.0941, val_rmse 11.7682, val_r2 0.8139, val_pearson 0.9048, lr 1.00e-03 ---
2026-09-30 20:58:38,092 - INFO - 
****************************************************************************************************
2026-09-30 20:58:40,037 - INFO - --- training epoch 84, loss 8.2289, mae 8.7061, rmse 12.5654, time elapsed(min) 0.02---
2026-09-30 20:58:40,282 - INFO - --- validation at epoch 84, val_loss 8.9798, val_mae 9.1803, val_rmse 13.0764, val_r2 0.7702, val_pearson 0.8967, lr 1.00e-03 ---
2026-09-30 20:58:40,282 - INFO - 
****************************************************************************************************
2026-09-30 20:58:42,031 - INFO - --- training epoch 85, loss 7.8886, mae 8.3606, rmse 12.0100, time elapsed(min) 0.02---
2026-09-30 20:58:42,286 - INFO - --- validation at epoch 85, val_loss 7.5941, val_mae 7.7298, val_rmse 11.1081, val_r2 0.8342, val_pearson 0.9144, lr 1.00e-03 ---
2026-09-30 20:58:42,286 - INFO - 
****************************************************************************************************
2026-09-30 20:58:44,406 - INFO - --- training epoch 86, loss 7.6940, mae 8.1662, rmse 11.8512, time elapsed(min) 0.03---
2026-09-30 20:58:44,656 - INFO - --- validation at epoch 86, val_loss 7.5515, val_mae 7.6520, val_rmse 11.1922, val_r2 0.8317, val_pearson 0.9154, lr 1.00e-03 ---
2026-09-30 20:58:44,656 - INFO - 
****************************************************************************************************
2026-09-30 20:58:46,048 - INFO - --- training epoch 87, loss 7.1273, mae 7.5946, rmse 11.1134, time elapsed(min) 0.02---
2026-09-30 20:58:46,289 - INFO - --- validation at epoch 87, val_loss 7.0632, val_mae 7.2454, val_rmse 10.7711, val_r2 0.8441, val_pearson 0.9221, lr 3.00e-04 ---
2026-09-30 20:58:46,290 - INFO - 
****************************************************************************************************
2026-09-30 20:58:47,824 - INFO - --- training epoch 88, loss 6.9946, mae 7.4643, rmse 11.1009, time elapsed(min) 0.02---
2026-09-30 20:58:48,084 - INFO - --- validation at epoch 88, val_loss 6.9966, val_mae 7.1785, val_rmse 10.7251, val_r2 0.8454, val_pearson 0.9222, lr 3.00e-04 ---
2026-09-30 20:58:48,085 - INFO - 
****************************************************************************************************
2026-09-30 20:58:50,124 - INFO - --- training epoch 89, loss 7.0031, mae 7.4716, rmse 11.1219, time elapsed(min) 0.02---
2026-09-30 20:58:50,381 - INFO - --- validation at epoch 89, val_loss 6.6013, val_mae 6.9955, val_rmse 10.4668, val_r2 0.8528, val_pearson 0.9239, lr 3.00e-04 ---
2026-09-30 20:58:50,381 - INFO - 
****************************************************************************************************
2026-09-30 20:58:52,192 - INFO - --- training epoch 90, loss 7.0204, mae 7.4887, rmse 11.1338, time elapsed(min) 0.02---
2026-09-30 20:58:52,429 - INFO - --- validation at epoch 90, val_loss 7.1755, val_mae 7.4573, val_rmse 10.8612, val_r2 0.8415, val_pearson 0.9235, lr 3.00e-04 ---
2026-09-30 20:58:52,429 - INFO - 
****************************************************************************************************
2026-09-30 20:58:54,145 - INFO - --- training epoch 91, loss 6.8406, mae 7.3088, rmse 10.8648, time elapsed(min) 0.02---
2026-09-30 20:58:54,414 - INFO - --- validation at epoch 91, val_loss 7.1367, val_mae 7.3393, val_rmse 10.6052, val_r2 0.8489, val_pearson 0.9224, lr 3.00e-04 ---
2026-09-30 20:58:54,414 - INFO - 
****************************************************************************************************
2026-09-30 20:58:55,833 - INFO - --- training epoch 92, loss 6.8267, mae 7.2944, rmse 10.9203, time elapsed(min) 0.02---
2026-09-30 20:58:56,070 - INFO - --- validation at epoch 92, val_loss 6.4703, val_mae 6.8663, val_rmse 10.2807, val_r2 0.8580, val_pearson 0.9264, lr 3.00e-04 ---
2026-09-30 20:58:56,070 - INFO - 
****************************************************************************************************
2026-09-30 20:58:57,572 - INFO - --- training epoch 93, loss 6.7643, mae 7.2333, rmse 10.8283, time elapsed(min) 0.02---
2026-09-30 20:58:57,819 - INFO - --- validation at epoch 93, val_loss 6.3094, val_mae 6.7026, val_rmse 10.1180, val_r2 0.8624, val_pearson 0.9290, lr 3.00e-04 ---
2026-09-30 20:58:57,820 - INFO - 
****************************************************************************************************
2026-09-30 20:58:59,618 - INFO - --- training epoch 94, loss 6.8430, mae 7.3096, rmse 10.8034, time elapsed(min) 0.02---
2026-09-30 20:58:59,839 - INFO - --- validation at epoch 94, val_loss 6.8707, val_mae 7.1559, val_rmse 10.5420, val_r2 0.8507, val_pearson 0.9264, lr 3.00e-04 ---
2026-09-30 20:58:59,839 - INFO - 
****************************************************************************************************
2026-09-30 20:59:01,561 - INFO - --- training epoch 95, loss 6.8812, mae 7.3498, rmse 10.8473, time elapsed(min) 0.02---
2026-09-30 20:59:01,797 - INFO - --- validation at epoch 95, val_loss 6.2693, val_mae 6.8196, val_rmse 10.4272, val_r2 0.8539, val_pearson 0.9254, lr 3.00e-04 ---
2026-09-30 20:59:01,797 - INFO - 
****************************************************************************************************
2026-09-30 20:59:03,668 - INFO - --- training epoch 96, loss 6.8953, mae 7.3635, rmse 11.0181, time elapsed(min) 0.02---
2026-09-30 20:59:04,280 - INFO - --- validation at epoch 96, val_loss 6.8413, val_mae 7.0596, val_rmse 10.4486, val_r2 0.8533, val_pearson 0.9274, lr 3.00e-04 ---
2026-09-30 20:59:04,281 - INFO - 
****************************************************************************************************
2026-09-30 20:59:05,974 - INFO - --- training epoch 97, loss 6.8540, mae 7.3219, rmse 10.9835, time elapsed(min) 0.02---
2026-09-30 20:59:06,199 - INFO - --- validation at epoch 97, val_loss 6.6353, val_mae 7.0641, val_rmse 10.5661, val_r2 0.8500, val_pearson 0.9262, lr 3.00e-04 ---
2026-09-30 20:59:06,199 - INFO - 
****************************************************************************************************
2026-09-30 20:59:07,601 - INFO - --- training epoch 98, loss 6.6941, mae 7.1601, rmse 10.9166, time elapsed(min) 0.02---
2026-09-30 20:59:07,857 - INFO - --- validation at epoch 98, val_loss 6.2429, val_mae 6.6957, val_rmse 10.1973, val_r2 0.8603, val_pearson 0.9279, lr 3.00e-04 ---
2026-09-30 20:59:07,857 - INFO - 
****************************************************************************************************
2026-09-30 20:59:09,845 - INFO - --- training epoch 99, loss 6.6601, mae 7.1268, rmse 10.6909, time elapsed(min) 0.02---
2026-09-30 20:59:10,080 - INFO - --- validation at epoch 99, val_loss 6.6781, val_mae 7.0519, val_rmse 10.5595, val_r2 0.8502, val_pearson 0.9263, lr 3.00e-04 ---
2026-09-30 20:59:10,080 - INFO - 
****************************************************************************************************
2026-09-30 20:59:11,811 - INFO - --- training epoch 100, loss 6.7564, mae 7.2226, rmse 10.8266, time elapsed(min) 0.02---
2026-09-30 20:59:12,040 - INFO - --- validation at epoch 100, val_loss 6.2697, val_mae 6.7470, val_rmse 10.1873, val_r2 0.8605, val_pearson 0.9283, lr 3.00e-04 ---
2026-09-30 20:59:12,040 - INFO - 
****************************************************************************************************
2026-09-30 20:59:13,862 - INFO - --- training epoch 101, loss 6.5805, mae 7.0456, rmse 10.7037, time elapsed(min) 0.02---
2026-09-30 20:59:14,097 - INFO - --- validation at epoch 101, val_loss 6.7548, val_mae 7.0169, val_rmse 10.3930, val_r2 0.8548, val_pearson 0.9255, lr 3.00e-04 ---
2026-09-30 20:59:14,097 - INFO - 
****************************************************************************************************
2026-09-30 20:59:16,199 - INFO - --- training epoch 102, loss 6.8431, mae 7.3104, rmse 11.0070, time elapsed(min) 0.03---
2026-09-30 20:59:16,446 - INFO - --- validation at epoch 102, val_loss 6.5520, val_mae 6.8807, val_rmse 10.3008, val_r2 0.8574, val_pearson 0.9276, lr 3.00e-04 ---
2026-09-30 20:59:16,446 - INFO - 
****************************************************************************************************
2026-09-30 20:59:17,833 - INFO - --- training epoch 103, loss 6.6538, mae 7.1201, rmse 10.7274, time elapsed(min) 0.02---
2026-09-30 20:59:18,056 - INFO - --- validation at epoch 103, val_loss 6.3639, val_mae 6.7701, val_rmse 10.1817, val_r2 0.8607, val_pearson 0.9282, lr 3.00e-04 ---
2026-09-30 20:59:18,056 - INFO - 
****************************************************************************************************
2026-09-30 20:59:19,695 - INFO - --- training epoch 104, loss 6.6039, mae 7.0694, rmse 10.6688, time elapsed(min) 0.02---
2026-09-30 20:59:19,945 - INFO - --- validation at epoch 104, val_loss 6.4885, val_mae 6.9043, val_rmse 10.4234, val_r2 0.8540, val_pearson 0.9304, lr 3.00e-04 ---
2026-09-30 20:59:19,945 - INFO - 
****************************************************************************************************
2026-09-30 20:59:21,620 - INFO - --- training epoch 105, loss 6.5499, mae 7.0143, rmse 10.5512, time elapsed(min) 0.02---
2026-09-30 20:59:21,872 - INFO - --- validation at epoch 105, val_loss 6.8039, val_mae 7.0333, val_rmse 10.5680, val_r2 0.8499, val_pearson 0.9247, lr 3.00e-04 ---
2026-09-30 20:59:21,872 - INFO - 
****************************************************************************************************
2026-09-30 20:59:23,650 - INFO - --- training epoch 106, loss 6.4795, mae 6.9445, rmse 10.4239, time elapsed(min) 0.02---
2026-09-30 20:59:23,887 - INFO - --- validation at epoch 106, val_loss 6.2834, val_mae 6.5830, val_rmse 9.9541, val_r2 0.8668, val_pearson 0.9320, lr 3.00e-04 ---
2026-09-30 20:59:23,887 - INFO - 
****************************************************************************************************
2026-09-30 20:59:25,936 - INFO - --- training epoch 107, loss 6.5617, mae 7.0274, rmse 10.5973, time elapsed(min) 0.03---
2026-09-30 20:59:26,174 - INFO - --- validation at epoch 107, val_loss 5.9560, val_mae 6.4060, val_rmse 9.8125, val_r2 0.8706, val_pearson 0.9336, lr 3.00e-04 ---
2026-09-30 20:59:26,174 - INFO - 
****************************************************************************************************
2026-09-30 20:59:27,679 - INFO - --- training epoch 108, loss 6.5523, mae 7.0223, rmse 10.4575, time elapsed(min) 0.02---
2026-09-30 20:59:27,938 - INFO - --- validation at epoch 108, val_loss 6.5328, val_mae 6.7471, val_rmse 10.0831, val_r2 0.8634, val_pearson 0.9293, lr 3.00e-04 ---
2026-09-30 20:59:27,938 - INFO - 
****************************************************************************************************
2026-09-30 20:59:29,541 - INFO - --- training epoch 109, loss 6.4729, mae 6.9392, rmse 10.5435, time elapsed(min) 0.02---
2026-09-30 20:59:29,828 - INFO - --- validation at epoch 109, val_loss 6.3220, val_mae 6.6680, val_rmse 9.9457, val_r2 0.8671, val_pearson 0.9321, lr 3.00e-04 ---
2026-09-30 20:59:29,828 - INFO - 
****************************************************************************************************
2026-09-30 20:59:31,637 - INFO - --- training epoch 110, loss 6.5317, mae 6.9979, rmse 10.5689, time elapsed(min) 0.02---
2026-09-30 20:59:31,875 - INFO - --- validation at epoch 110, val_loss 6.1089, val_mae 6.4948, val_rmse 9.7406, val_r2 0.8725, val_pearson 0.9348, lr 3.00e-04 ---
2026-09-30 20:59:31,875 - INFO - 
****************************************************************************************************
2026-09-30 20:59:33,590 - INFO - --- training epoch 111, loss 6.3551, mae 6.8204, rmse 10.3313, time elapsed(min) 0.02---
2026-09-30 20:59:33,833 - INFO - --- validation at epoch 111, val_loss 5.9877, val_mae 6.5299, val_rmse 9.9688, val_r2 0.8665, val_pearson 0.9328, lr 3.00e-04 ---
2026-09-30 20:59:33,833 - INFO - 
****************************************************************************************************
2026-09-30 20:59:35,876 - INFO - --- training epoch 112, loss 6.3693, mae 6.8375, rmse 10.3322, time elapsed(min) 0.03---
2026-09-30 20:59:36,104 - INFO - --- validation at epoch 112, val_loss 6.6626, val_mae 6.9684, val_rmse 10.3663, val_r2 0.8556, val_pearson 0.9253, lr 3.00e-04 ---
2026-09-30 20:59:36,104 - INFO - 
****************************************************************************************************
2026-09-30 20:59:37,559 - INFO - --- training epoch 113, loss 6.5497, mae 7.0162, rmse 10.5645, time elapsed(min) 0.02---
2026-09-30 20:59:37,799 - INFO - --- validation at epoch 113, val_loss 6.7595, val_mae 7.1157, val_rmse 10.5119, val_r2 0.8515, val_pearson 0.9267, lr 3.00e-04 ---
2026-09-30 20:59:37,799 - INFO - 
****************************************************************************************************
2026-09-30 20:59:39,194 - INFO - --- training epoch 114, loss 6.2986, mae 6.7637, rmse 10.3286, time elapsed(min) 0.02---
2026-09-30 20:59:39,425 - INFO - --- validation at epoch 114, val_loss 6.1615, val_mae 6.7664, val_rmse 9.9172, val_r2 0.8678, val_pearson 0.9316, lr 3.00e-04 ---
2026-09-30 20:59:39,425 - INFO - 
****************************************************************************************************
2026-09-30 20:59:41,166 - INFO - --- training epoch 115, loss 6.4229, mae 6.8902, rmse 10.4231, time elapsed(min) 0.02---
2026-09-30 20:59:41,399 - INFO - --- validation at epoch 115, val_loss 6.0954, val_mae 6.7121, val_rmse 10.0999, val_r2 0.8629, val_pearson 0.9316, lr 3.00e-04 ---
2026-09-30 20:59:41,399 - INFO - 
****************************************************************************************************
2026-09-30 20:59:43,092 - INFO - --- training epoch 116, loss 6.3704, mae 6.8358, rmse 10.2417, time elapsed(min) 0.02---
2026-09-30 20:59:43,370 - INFO - --- validation at epoch 116, val_loss 5.9906, val_mae 6.5652, val_rmse 9.9640, val_r2 0.8666, val_pearson 0.9321, lr 3.00e-04 ---
2026-09-30 20:59:43,371 - INFO - 
****************************************************************************************************
2026-09-30 20:59:45,384 - INFO - --- training epoch 117, loss 6.4241, mae 6.8897, rmse 10.3774, time elapsed(min) 0.03---
2026-09-30 20:59:45,630 - INFO - --- validation at epoch 117, val_loss 5.8611, val_mae 6.5633, val_rmse 9.8326, val_r2 0.8701, val_pearson 0.9332, lr 3.00e-04 ---
2026-09-30 20:59:45,630 - INFO - 
****************************************************************************************************
2026-09-30 20:59:47,125 - INFO - --- training epoch 118, loss 6.8126, mae 7.2797, rmse 10.8401, time elapsed(min) 0.02---
2026-09-30 20:59:47,358 - INFO - --- validation at epoch 118, val_loss 7.2078, val_mae 7.7005, val_rmse 11.5755, val_r2 0.8199, val_pearson 0.9244, lr 3.00e-04 ---
2026-09-30 20:59:47,359 - INFO - 
****************************************************************************************************
2026-09-30 20:59:48,779 - INFO - --- training epoch 119, loss 6.6398, mae 7.1060, rmse 10.6016, time elapsed(min) 0.02---
2026-09-30 20:59:48,992 - INFO - --- validation at epoch 119, val_loss 6.7210, val_mae 7.1080, val_rmse 10.5166, val_r2 0.8514, val_pearson 0.9307, lr 3.00e-04 ---
2026-09-30 20:59:48,992 - INFO - 
****************************************************************************************************
2026-09-30 20:59:50,841 - INFO - --- training epoch 120, loss 6.2902, mae 6.7575, rmse 10.0991, time elapsed(min) 0.02---
2026-09-30 20:59:51,088 - INFO - --- validation at epoch 120, val_loss 6.1324, val_mae 6.7044, val_rmse 9.8831, val_r2 0.8687, val_pearson 0.9338, lr 3.00e-04 ---
2026-09-30 20:59:51,088 - INFO - 
****************************************************************************************************
2026-09-30 20:59:53,040 - INFO - --- training epoch 121, loss 6.1295, mae 6.5925, rmse 9.9980, time elapsed(min) 0.02---
2026-09-30 20:59:53,275 - INFO - --- validation at epoch 121, val_loss 5.8278, val_mae 6.4268, val_rmse 10.0178, val_r2 0.8651, val_pearson 0.9308, lr 3.00e-04 ---
2026-09-30 20:59:53,275 - INFO - 
****************************************************************************************************
2026-09-30 20:59:55,368 - INFO - --- training epoch 122, loss 6.2479, mae 6.7142, rmse 10.2624, time elapsed(min) 0.03---
2026-09-30 20:59:55,592 - INFO - --- validation at epoch 122, val_loss 6.3198, val_mae 6.9509, val_rmse 10.6237, val_r2 0.8483, val_pearson 0.9350, lr 3.00e-04 ---
2026-09-30 20:59:55,593 - INFO - 
****************************************************************************************************
2026-09-30 20:59:57,002 - INFO - --- training epoch 123, loss 6.1449, mae 6.6107, rmse 10.0130, time elapsed(min) 0.02---
2026-09-30 20:59:57,236 - INFO - --- validation at epoch 123, val_loss 5.7714, val_mae 6.4165, val_rmse 9.9893, val_r2 0.8659, val_pearson 0.9335, lr 3.00e-04 ---
2026-09-30 20:59:57,236 - INFO - 
****************************************************************************************************
2026-09-30 20:59:58,948 - INFO - --- training epoch 124, loss 6.1701, mae 6.6365, rmse 10.0869, time elapsed(min) 0.02---
2026-09-30 20:59:59,206 - INFO - --- validation at epoch 124, val_loss 6.0991, val_mae 6.6151, val_rmse 10.3231, val_r2 0.8568, val_pearson 0.9314, lr 3.00e-04 ---
2026-09-30 20:59:59,206 - INFO - 
****************************************************************************************************
2026-09-30 21:00:00,903 - INFO - --- training epoch 125, loss 6.2481, mae 6.7151, rmse 10.3190, time elapsed(min) 0.02---
2026-09-30 21:00:01,153 - INFO - --- validation at epoch 125, val_loss 6.3350, val_mae 6.7133, val_rmse 10.1962, val_r2 0.8603, val_pearson 0.9358, lr 3.00e-04 ---
2026-09-30 21:00:01,153 - INFO - 
****************************************************************************************************
2026-09-30 21:00:02,892 - INFO - --- training epoch 126, loss 6.0867, mae 6.5550, rmse 10.0771, time elapsed(min) 0.02---
2026-09-30 21:00:03,134 - INFO - --- validation at epoch 126, val_loss 6.8221, val_mae 7.0871, val_rmse 11.0076, val_r2 0.8372, val_pearson 0.9270, lr 3.00e-04 ---
2026-09-30 21:00:03,134 - INFO - 
****************************************************************************************************
2026-09-30 21:00:04,816 - INFO - --- training epoch 127, loss 6.0377, mae 6.5015, rmse 10.0144, time elapsed(min) 0.02---
2026-09-30 21:00:05,058 - INFO - --- validation at epoch 127, val_loss 5.7132, val_mae 6.2662, val_rmse 9.7073, val_r2 0.8734, val_pearson 0.9349, lr 3.00e-04 ---
2026-09-30 21:00:05,058 - INFO - 
****************************************************************************************************
2026-09-30 21:00:06,584 - INFO - --- training epoch 128, loss 6.0668, mae 6.5331, rmse 9.8905, time elapsed(min) 0.02---
2026-09-30 21:00:06,831 - INFO - --- validation at epoch 128, val_loss 5.8377, val_mae 6.4338, val_rmse 10.0754, val_r2 0.8636, val_pearson 0.9331, lr 3.00e-04 ---
2026-09-30 21:00:06,832 - INFO - 
****************************************************************************************************
2026-09-30 21:00:08,225 - INFO - --- training epoch 129, loss 5.9409, mae 6.4057, rmse 9.7124, time elapsed(min) 0.02---
2026-09-30 21:00:08,475 - INFO - --- validation at epoch 129, val_loss 6.1825, val_mae 6.5251, val_rmse 9.9326, val_r2 0.8674, val_pearson 0.9342, lr 3.00e-04 ---
2026-09-30 21:00:08,476 - INFO - 
****************************************************************************************************
2026-09-30 21:00:10,448 - INFO - --- training epoch 130, loss 6.0146, mae 6.4815, rmse 9.9290, time elapsed(min) 0.02---
2026-09-30 21:00:10,683 - INFO - --- validation at epoch 130, val_loss 6.4461, val_mae 6.8632, val_rmse 10.3546, val_r2 0.8559, val_pearson 0.9339, lr 3.00e-04 ---
2026-09-30 21:00:10,683 - INFO - 
****************************************************************************************************
2026-09-30 21:00:12,530 - INFO - --- training epoch 131, loss 6.0113, mae 6.4748, rmse 9.9102, time elapsed(min) 0.02---
2026-09-30 21:00:12,761 - INFO - --- validation at epoch 131, val_loss 6.1245, val_mae 6.4569, val_rmse 9.7580, val_r2 0.8720, val_pearson 0.9371, lr 3.00e-04 ---
2026-09-30 21:00:12,761 - INFO - 
****************************************************************************************************
2026-09-30 21:00:14,843 - INFO - --- training epoch 132, loss 5.9151, mae 6.3813, rmse 9.8041, time elapsed(min) 0.03---
2026-09-30 21:00:15,082 - INFO - --- validation at epoch 132, val_loss 5.6040, val_mae 6.2466, val_rmse 9.9222, val_r2 0.8677, val_pearson 0.9321, lr 3.00e-04 ---
2026-09-30 21:00:15,083 - INFO - 
****************************************************************************************************
2026-09-30 21:00:16,652 - INFO - --- training epoch 133, loss 5.9667, mae 6.4328, rmse 9.9153, time elapsed(min) 0.02---
2026-09-30 21:00:16,926 - INFO - --- validation at epoch 133, val_loss 5.6514, val_mae 6.1708, val_rmse 9.6859, val_r2 0.8739, val_pearson 0.9367, lr 3.00e-04 ---
2026-09-30 21:00:16,927 - INFO - 
****************************************************************************************************
2026-09-30 21:00:18,375 - INFO - --- training epoch 134, loss 6.0111, mae 6.4759, rmse 9.8372, time elapsed(min) 0.02---
2026-09-30 21:00:18,636 - INFO - --- validation at epoch 134, val_loss 6.3097, val_mae 6.8243, val_rmse 10.5450, val_r2 0.8506, val_pearson 0.9309, lr 3.00e-04 ---
2026-09-30 21:00:18,636 - INFO - 
****************************************************************************************************
2026-09-30 21:00:20,520 - INFO - --- training epoch 135, loss 5.8224, mae 6.2822, rmse 9.6986, time elapsed(min) 0.02---
2026-09-30 21:00:20,751 - INFO - --- validation at epoch 135, val_loss 5.6701, val_mae 6.2575, val_rmse 9.9897, val_r2 0.8659, val_pearson 0.9335, lr 3.00e-04 ---
2026-09-30 21:00:20,751 - INFO - 
****************************************************************************************************
2026-09-30 21:00:22,566 - INFO - --- training epoch 136, loss 5.9025, mae 6.3690, rmse 9.7216, time elapsed(min) 0.02---
2026-09-30 21:00:22,799 - INFO - --- validation at epoch 136, val_loss 5.4557, val_mae 6.0903, val_rmse 9.5849, val_r2 0.8765, val_pearson 0.9373, lr 3.00e-04 ---
2026-09-30 21:00:22,799 - INFO - 
****************************************************************************************************
2026-09-30 21:00:24,892 - INFO - --- training epoch 137, loss 5.9928, mae 6.4553, rmse 9.8857, time elapsed(min) 0.03---
2026-09-30 21:00:25,105 - INFO - --- validation at epoch 137, val_loss 6.0519, val_mae 6.5316, val_rmse 10.1308, val_r2 0.8621, val_pearson 0.9337, lr 3.00e-04 ---
2026-09-30 21:00:25,105 - INFO - 
****************************************************************************************************
2026-09-30 21:00:26,520 - INFO - --- training epoch 138, loss 5.8715, mae 6.3368, rmse 9.7022, time elapsed(min) 0.02---
2026-09-30 21:00:26,758 - INFO - --- validation at epoch 138, val_loss 6.1076, val_mae 6.5511, val_rmse 9.9720, val_r2 0.8664, val_pearson 0.9337, lr 3.00e-04 ---
2026-09-30 21:00:26,758 - INFO - 
****************************************************************************************************
2026-09-30 21:00:28,139 - INFO - --- training epoch 139, loss 5.8017, mae 6.2674, rmse 9.6216, time elapsed(min) 0.02---
2026-09-30 21:00:28,361 - INFO - --- validation at epoch 139, val_loss 5.5860, val_mae 6.1258, val_rmse 9.6062, val_r2 0.8760, val_pearson 0.9392, lr 3.00e-04 ---
2026-09-30 21:00:28,361 - INFO - 
****************************************************************************************************
2026-09-30 21:00:30,233 - INFO - --- training epoch 140, loss 5.7244, mae 6.1845, rmse 9.4868, time elapsed(min) 0.02---
2026-09-30 21:00:30,485 - INFO - --- validation at epoch 140, val_loss 5.6014, val_mae 6.1775, val_rmse 9.5588, val_r2 0.8772, val_pearson 0.9391, lr 3.00e-04 ---
2026-09-30 21:00:30,485 - INFO - 
****************************************************************************************************
2026-09-30 21:00:32,381 - INFO - --- training epoch 141, loss 5.7812, mae 6.2461, rmse 9.5985, time elapsed(min) 0.02---
2026-09-30 21:00:32,622 - INFO - --- validation at epoch 141, val_loss 5.9301, val_mae 6.4280, val_rmse 9.7373, val_r2 0.8726, val_pearson 0.9370, lr 3.00e-04 ---
2026-09-30 21:00:32,622 - INFO - 
****************************************************************************************************
2026-09-30 21:00:34,602 - INFO - --- training epoch 142, loss 5.7792, mae 6.2437, rmse 9.6594, time elapsed(min) 0.03---
2026-09-30 21:00:34,820 - INFO - --- validation at epoch 142, val_loss 5.6430, val_mae 6.1020, val_rmse 9.5560, val_r2 0.8773, val_pearson 0.9383, lr 3.00e-04 ---
2026-09-30 21:00:34,821 - INFO - 
****************************************************************************************************
2026-09-30 21:00:36,208 - INFO - --- training epoch 143, loss 5.7766, mae 6.2410, rmse 9.5978, time elapsed(min) 0.02---
2026-09-30 21:00:36,432 - INFO - --- validation at epoch 143, val_loss 5.7944, val_mae 6.3700, val_rmse 9.8483, val_r2 0.8697, val_pearson 0.9326, lr 3.00e-04 ---
2026-09-30 21:00:36,432 - INFO - 
****************************************************************************************************
2026-09-30 21:00:37,848 - INFO - --- training epoch 144, loss 6.0688, mae 6.5343, rmse 9.7721, time elapsed(min) 0.02---
2026-09-30 21:00:38,091 - INFO - --- validation at epoch 144, val_loss 5.7375, val_mae 6.3683, val_rmse 10.1818, val_r2 0.8607, val_pearson 0.9300, lr 3.00e-04 ---
2026-09-30 21:00:38,091 - INFO - 
****************************************************************************************************
2026-09-30 21:00:39,820 - INFO - --- training epoch 145, loss 5.9515, mae 6.4158, rmse 9.6623, time elapsed(min) 0.02---
2026-09-30 21:00:40,059 - INFO - --- validation at epoch 145, val_loss 5.5157, val_mae 6.1653, val_rmse 9.5474, val_r2 0.8775, val_pearson 0.9381, lr 3.00e-04 ---
2026-09-30 21:00:40,059 - INFO - 
****************************************************************************************************
2026-09-30 21:00:42,012 - INFO - --- training epoch 146, loss 5.7465, mae 6.2100, rmse 9.5688, time elapsed(min) 0.02---
2026-09-30 21:00:42,263 - INFO - --- validation at epoch 146, val_loss 5.4351, val_mae 6.0696, val_rmse 9.5661, val_r2 0.8770, val_pearson 0.9393, lr 3.00e-04 ---
2026-09-30 21:00:42,263 - INFO - 
****************************************************************************************************
2026-09-30 21:00:44,129 - INFO - --- training epoch 147, loss 5.6971, mae 6.1585, rmse 9.4221, time elapsed(min) 0.02---
2026-09-30 21:00:44,804 - INFO - --- validation at epoch 147, val_loss 5.2519, val_mae 5.9433, val_rmse 9.5957, val_r2 0.8763, val_pearson 0.9379, lr 3.00e-04 ---
2026-09-30 21:00:44,804 - INFO - 
****************************************************************************************************
2026-09-30 21:00:46,552 - INFO - --- training epoch 148, loss 5.5207, mae 5.9855, rmse 9.2142, time elapsed(min) 0.02---
2026-09-30 21:00:46,798 - INFO - --- validation at epoch 148, val_loss 5.3453, val_mae 6.1338, val_rmse 9.5788, val_r2 0.8767, val_pearson 0.9373, lr 3.00e-04 ---
2026-09-30 21:00:46,798 - INFO - 
****************************************************************************************************
2026-09-30 21:00:48,230 - INFO - --- training epoch 149, loss 5.7476, mae 6.2126, rmse 9.5272, time elapsed(min) 0.02---
2026-09-30 21:00:48,489 - INFO - --- validation at epoch 149, val_loss 5.2013, val_mae 5.8832, val_rmse 9.5251, val_r2 0.8781, val_pearson 0.9386, lr 3.00e-04 ---
2026-09-30 21:00:48,489 - INFO - 
****************************************************************************************************
2026-09-30 21:00:50,303 - INFO - --- training epoch 150, loss 5.6976, mae 6.1621, rmse 9.5405, time elapsed(min) 0.02---
2026-09-30 21:00:50,555 - INFO - --- validation at epoch 150, val_loss 5.2985, val_mae 5.9450, val_rmse 9.2452, val_r2 0.8851, val_pearson 0.9427, lr 3.00e-04 ---
2026-09-30 21:00:50,555 - INFO - 
****************************************************************************************************
2026-09-30 21:00:52,406 - INFO - --- training epoch 151, loss 5.3776, mae 5.8366, rmse 9.1711, time elapsed(min) 0.02---
2026-09-30 21:00:52,675 - INFO - --- validation at epoch 151, val_loss 5.6131, val_mae 6.2942, val_rmse 9.8947, val_r2 0.8684, val_pearson 0.9429, lr 3.00e-04 ---
2026-09-30 21:00:52,675 - INFO - 
****************************************************************************************************
2026-09-30 21:00:54,434 - INFO - --- training epoch 152, loss 5.6083, mae 6.0713, rmse 9.4692, time elapsed(min) 0.02---
2026-09-30 21:00:55,057 - INFO - --- validation at epoch 152, val_loss 5.7280, val_mae 6.2159, val_rmse 9.7000, val_r2 0.8736, val_pearson 0.9399, lr 3.00e-04 ---
2026-09-30 21:00:55,057 - INFO - 
****************************************************************************************************
2026-09-30 21:00:56,717 - INFO - --- training epoch 153, loss 5.4920, mae 5.9541, rmse 9.1927, time elapsed(min) 0.02---
2026-09-30 21:00:56,966 - INFO - --- validation at epoch 153, val_loss 5.7159, val_mae 6.2435, val_rmse 9.8670, val_r2 0.8692, val_pearson 0.9359, lr 3.00e-04 ---
2026-09-30 21:00:56,966 - INFO - 
****************************************************************************************************
2026-09-30 21:00:58,418 - INFO - --- training epoch 154, loss 5.5905, mae 6.0555, rmse 9.2303, time elapsed(min) 0.02---
2026-09-30 21:00:58,645 - INFO - --- validation at epoch 154, val_loss 5.0354, val_mae 5.7126, val_rmse 9.1083, val_r2 0.8885, val_pearson 0.9444, lr 3.00e-04 ---
2026-09-30 21:00:58,646 - INFO - 
****************************************************************************************************
2026-09-30 21:01:00,381 - INFO - --- training epoch 155, loss 5.4952, mae 5.9562, rmse 9.3237, time elapsed(min) 0.02---
2026-09-30 21:01:00,628 - INFO - --- validation at epoch 155, val_loss 5.3401, val_mae 5.8691, val_rmse 9.3818, val_r2 0.8817, val_pearson 0.9403, lr 3.00e-04 ---
2026-09-30 21:01:00,629 - INFO - 
****************************************************************************************************
2026-09-30 21:01:02,416 - INFO - --- training epoch 156, loss 5.4550, mae 5.9167, rmse 9.1843, time elapsed(min) 0.02---
2026-09-30 21:01:02,648 - INFO - --- validation at epoch 156, val_loss 4.9587, val_mae 5.6695, val_rmse 9.2030, val_r2 0.8862, val_pearson 0.9419, lr 3.00e-04 ---
2026-09-30 21:01:02,648 - INFO - 
****************************************************************************************************
2026-09-30 21:01:04,775 - INFO - --- training epoch 157, loss 5.7488, mae 6.2099, rmse 9.5046, time elapsed(min) 0.03---
2026-09-30 21:01:05,058 - INFO - --- validation at epoch 157, val_loss 5.4549, val_mae 5.9718, val_rmse 9.5537, val_r2 0.8773, val_pearson 0.9377, lr 3.00e-04 ---
2026-09-30 21:01:05,058 - INFO - 
****************************************************************************************************
2026-09-30 21:01:07,158 - INFO - --- training epoch 158, loss 5.6529, mae 6.1124, rmse 9.4596, time elapsed(min) 0.03---
2026-09-30 21:01:07,397 - INFO - --- validation at epoch 158, val_loss 5.4255, val_mae 5.8292, val_rmse 9.4859, val_r2 0.8791, val_pearson 0.9381, lr 3.00e-04 ---
2026-09-30 21:01:07,397 - INFO - 
****************************************************************************************************
2026-09-30 21:01:08,802 - INFO - --- training epoch 159, loss 5.6062, mae 6.0674, rmse 9.3849, time elapsed(min) 0.02---
2026-09-30 21:01:09,046 - INFO - --- validation at epoch 159, val_loss 5.3531, val_mae 5.7982, val_rmse 9.3462, val_r2 0.8826, val_pearson 0.9407, lr 3.00e-04 ---
2026-09-30 21:01:09,046 - INFO - 
****************************************************************************************************
2026-09-30 21:01:10,496 - INFO - --- training epoch 160, loss 5.3288, mae 5.7910, rmse 9.0954, time elapsed(min) 0.02---
2026-09-30 21:01:10,731 - INFO - --- validation at epoch 160, val_loss 5.4215, val_mae 5.8901, val_rmse 9.4683, val_r2 0.8795, val_pearson 0.9415, lr 3.00e-04 ---
2026-09-30 21:01:10,731 - INFO - 
****************************************************************************************************
2026-09-30 21:01:12,447 - INFO - --- training epoch 161, loss 5.4593, mae 5.9216, rmse 9.2202, time elapsed(min) 0.02---
2026-09-30 21:01:12,692 - INFO - --- validation at epoch 161, val_loss 5.8301, val_mae 6.2958, val_rmse 9.9576, val_r2 0.8668, val_pearson 0.9378, lr 3.00e-04 ---
2026-09-30 21:01:12,692 - INFO - 
****************************************************************************************************
2026-09-30 21:01:14,468 - INFO - --- training epoch 162, loss 5.3553, mae 5.8159, rmse 9.0893, time elapsed(min) 0.02---
2026-09-30 21:01:14,735 - INFO - --- validation at epoch 162, val_loss 5.2494, val_mae 5.7716, val_rmse 9.3232, val_r2 0.8832, val_pearson 0.9426, lr 3.00e-04 ---
2026-09-30 21:01:14,735 - INFO - 
****************************************************************************************************
2026-09-30 21:01:16,781 - INFO - --- training epoch 163, loss 5.2941, mae 5.7551, rmse 9.0662, time elapsed(min) 0.03---
2026-09-30 21:01:17,065 - INFO - --- validation at epoch 163, val_loss 5.7763, val_mae 6.2546, val_rmse 9.7232, val_r2 0.8730, val_pearson 0.9416, lr 3.00e-04 ---
2026-09-30 21:01:17,065 - INFO - 
****************************************************************************************************
2026-09-30 21:01:18,506 - INFO - --- training epoch 164, loss 5.4255, mae 5.8855, rmse 9.2553, time elapsed(min) 0.02---
2026-09-30 21:01:18,769 - INFO - --- validation at epoch 164, val_loss 5.6016, val_mae 6.0873, val_rmse 9.7205, val_r2 0.8730, val_pearson 0.9425, lr 3.00e-04 ---
2026-09-30 21:01:18,769 - INFO - 
****************************************************************************************************
2026-09-30 21:01:20,463 - INFO - --- training epoch 165, loss 5.2446, mae 5.7075, rmse 8.8401, time elapsed(min) 0.02---
2026-09-30 21:01:20,700 - INFO - --- validation at epoch 165, val_loss 5.2408, val_mae 5.7573, val_rmse 9.3252, val_r2 0.8831, val_pearson 0.9417, lr 3.00e-04 ---
2026-09-30 21:01:20,700 - INFO - 
****************************************************************************************************
2026-09-30 21:01:22,468 - INFO - --- training epoch 166, loss 5.2201, mae 5.6776, rmse 8.9713, time elapsed(min) 0.02---
2026-09-30 21:01:22,721 - INFO - --- validation at epoch 166, val_loss 5.5147, val_mae 6.0229, val_rmse 9.6425, val_r2 0.8751, val_pearson 0.9381, lr 3.00e-04 ---
2026-09-30 21:01:22,721 - INFO - 
****************************************************************************************************
2026-09-30 21:01:24,453 - INFO - --- training epoch 167, loss 5.3137, mae 5.7749, rmse 8.9218, time elapsed(min) 0.02---
2026-09-30 21:01:24,704 - INFO - --- validation at epoch 167, val_loss 5.9574, val_mae 6.3414, val_rmse 10.1876, val_r2 0.8605, val_pearson 0.9380, lr 3.00e-04 ---
2026-09-30 21:01:24,704 - INFO - 
****************************************************************************************************
2026-09-30 21:01:26,362 - INFO - --- training epoch 168, loss 5.1338, mae 5.5931, rmse 8.7601, time elapsed(min) 0.02---
2026-09-30 21:01:26,599 - INFO - --- validation at epoch 168, val_loss 5.6480, val_mae 5.9724, val_rmse 9.6459, val_r2 0.8750, val_pearson 0.9378, lr 9.00e-05 ---
2026-09-30 21:01:26,599 - INFO - 
****************************************************************************************************
2026-09-30 21:01:27,997 - INFO - --- training epoch 169, loss 4.9933, mae 5.4517, rmse 8.6180, time elapsed(min) 0.02---
2026-09-30 21:01:28,244 - INFO - --- validation at epoch 169, val_loss 5.4066, val_mae 5.8144, val_rmse 9.3550, val_r2 0.8824, val_pearson 0.9405, lr 9.00e-05 ---
2026-09-30 21:01:28,244 - INFO - 
****************************************************************************************************
2026-09-30 21:01:29,988 - INFO - --- training epoch 170, loss 4.8943, mae 5.3518, rmse 8.6053, time elapsed(min) 0.02---
2026-09-30 21:01:30,219 - INFO - --- validation at epoch 170, val_loss 5.2730, val_mae 5.6779, val_rmse 9.2762, val_r2 0.8844, val_pearson 0.9410, lr 9.00e-05 ---
2026-09-30 21:01:30,219 - INFO - 
****************************************************************************************************
2026-09-30 21:01:32,172 - INFO - --- training epoch 171, loss 5.0247, mae 5.4848, rmse 8.6356, time elapsed(min) 0.02---
2026-09-30 21:01:32,408 - INFO - --- validation at epoch 171, val_loss 5.0609, val_mae 5.5491, val_rmse 9.0277, val_r2 0.8905, val_pearson 0.9448, lr 9.00e-05 ---
2026-09-30 21:01:32,408 - INFO - 
****************************************************************************************************
2026-09-30 21:01:34,448 - INFO - --- training epoch 172, loss 4.9648, mae 5.4215, rmse 8.5572, time elapsed(min) 0.03---
2026-09-30 21:01:34,679 - INFO - --- validation at epoch 172, val_loss 5.3065, val_mae 5.7013, val_rmse 9.2583, val_r2 0.8848, val_pearson 0.9416, lr 9.00e-05 ---
2026-09-30 21:01:34,679 - INFO - 
****************************************************************************************************
2026-09-30 21:01:36,703 - INFO - --- training epoch 173, loss 4.9284, mae 5.3868, rmse 8.6495, time elapsed(min) 0.03---
2026-09-30 21:01:36,951 - INFO - --- validation at epoch 173, val_loss 5.2842, val_mae 5.6553, val_rmse 9.2317, val_r2 0.8855, val_pearson 0.9425, lr 9.00e-05 ---
2026-09-30 21:01:36,951 - INFO - 
****************************************************************************************************
2026-09-30 21:01:38,384 - INFO - --- training epoch 174, loss 4.9109, mae 5.3685, rmse 8.5547, time elapsed(min) 0.02---
2026-09-30 21:01:38,626 - INFO - --- validation at epoch 174, val_loss 5.2574, val_mae 5.7087, val_rmse 9.2534, val_r2 0.8849, val_pearson 0.9416, lr 9.00e-05 ---
2026-09-30 21:01:38,626 - INFO - 
****************************************************************************************************
2026-09-30 21:01:40,040 - INFO - --- training epoch 175, loss 4.9323, mae 5.3932, rmse 8.5029, time elapsed(min) 0.02---
2026-09-30 21:01:40,292 - INFO - --- validation at epoch 175, val_loss 5.2575, val_mae 5.7454, val_rmse 9.2973, val_r2 0.8838, val_pearson 0.9424, lr 9.00e-05 ---
2026-09-30 21:01:40,293 - INFO - 
****************************************************************************************************
2026-09-30 21:01:41,973 - INFO - --- training epoch 176, loss 5.0328, mae 5.4916, rmse 8.6016, time elapsed(min) 0.02---
2026-09-30 21:01:42,223 - INFO - --- validation at epoch 176, val_loss 5.2225, val_mae 5.6754, val_rmse 9.2649, val_r2 0.8846, val_pearson 0.9441, lr 9.00e-05 ---
2026-09-30 21:01:42,224 - INFO - 
****************************************************************************************************
2026-09-30 21:01:43,973 - INFO - --- training epoch 177, loss 4.9264, mae 5.3835, rmse 8.5780, time elapsed(min) 0.02---
2026-09-30 21:01:44,202 - INFO - --- validation at epoch 177, val_loss 5.1460, val_mae 5.5715, val_rmse 9.1299, val_r2 0.8880, val_pearson 0.9436, lr 9.00e-05 ---
2026-09-30 21:01:44,202 - INFO - 
****************************************************************************************************
2026-09-30 21:01:46,170 - INFO - --- training epoch 178, loss 4.9297, mae 5.3837, rmse 8.5980, time elapsed(min) 0.02---
2026-09-30 21:01:46,423 - INFO - --- validation at epoch 178, val_loss 5.2429, val_mae 5.6298, val_rmse 9.2660, val_r2 0.8846, val_pearson 0.9418, lr 9.00e-05 ---
2026-09-30 21:01:46,423 - INFO - 
****************************************************************************************************
2026-09-30 21:01:47,806 - INFO - --- training epoch 179, loss 4.7900, mae 5.2466, rmse 8.3465, time elapsed(min) 0.01---
2026-09-30 21:01:48,055 - INFO - --- validation at epoch 179, val_loss 5.1964, val_mae 5.6092, val_rmse 9.2264, val_r2 0.8856, val_pearson 0.9433, lr 2.70e-05 ---
2026-09-30 21:01:48,055 - INFO - 
****************************************************************************************************
2026-09-30 21:01:49,482 - INFO - --- training epoch 180, loss 4.8131, mae 5.2725, rmse 8.4244, time elapsed(min) 0.02---
2026-09-30 21:01:49,734 - INFO - --- validation at epoch 180, val_loss 5.1873, val_mae 5.5935, val_rmse 9.1930, val_r2 0.8864, val_pearson 0.9427, lr 2.70e-05 ---
2026-09-30 21:01:49,734 - INFO - 
****************************************************************************************************
2026-09-30 21:01:51,572 - INFO - --- training epoch 181, loss 4.8345, mae 5.2931, rmse 8.3527, time elapsed(min) 0.02---
2026-09-30 21:01:51,807 - INFO - --- validation at epoch 181, val_loss 5.2042, val_mae 5.6140, val_rmse 9.1837, val_r2 0.8867, val_pearson 0.9429, lr 2.70e-05 ---
2026-09-30 21:01:51,807 - INFO - 
****************************************************************************************************
2026-09-30 21:01:53,606 - INFO - --- training epoch 182, loss 4.9187, mae 5.3789, rmse 8.4699, time elapsed(min) 0.02---
2026-09-30 21:01:53,858 - INFO - --- validation at epoch 182, val_loss 5.0642, val_mae 5.4898, val_rmse 9.0634, val_r2 0.8896, val_pearson 0.9446, lr 2.70e-05 ---
2026-09-30 21:01:53,858 - INFO - 
****************************************************************************************************
2026-09-30 21:01:55,850 - INFO - --- training epoch 183, loss 4.7675, mae 5.2265, rmse 8.3157, time elapsed(min) 0.03---
2026-09-30 21:01:56,115 - INFO - --- validation at epoch 183, val_loss 5.1552, val_mae 5.5804, val_rmse 9.1423, val_r2 0.8877, val_pearson 0.9444, lr 2.70e-05 ---
2026-09-30 21:01:56,115 - INFO - 
****************************************************************************************************
2026-09-30 21:01:57,494 - INFO - --- training epoch 184, loss 4.8198, mae 5.2777, rmse 8.4379, time elapsed(min) 0.02---
2026-09-30 21:01:57,741 - INFO - --- validation at epoch 184, val_loss 5.0535, val_mae 5.4979, val_rmse 8.9865, val_r2 0.8915, val_pearson 0.9452, lr 2.70e-05 ---
2026-09-30 21:01:57,741 - INFO - 
****************************************************************************************************
2026-09-30 21:01:59,184 - INFO - --- training epoch 185, loss 4.8283, mae 5.2835, rmse 8.4171, time elapsed(min) 0.02---
2026-09-30 21:01:59,444 - INFO - --- validation at epoch 185, val_loss 5.0884, val_mae 5.5245, val_rmse 8.9944, val_r2 0.8913, val_pearson 0.9456, lr 2.70e-05 ---
2026-09-30 21:01:59,444 - INFO - 
****************************************************************************************************
2026-09-30 21:02:01,081 - INFO - --- training epoch 186, loss 4.7829, mae 5.2386, rmse 8.3797, time elapsed(min) 0.02---
2026-09-30 21:02:01,328 - INFO - --- validation at epoch 186, val_loss 5.1150, val_mae 5.5606, val_rmse 9.0287, val_r2 0.8905, val_pearson 0.9448, lr 2.70e-05 ---
2026-09-30 21:02:01,328 - INFO - 
****************************************************************************************************
2026-09-30 21:02:03,057 - INFO - --- training epoch 187, loss 4.8013, mae 5.2587, rmse 8.3432, time elapsed(min) 0.02---
2026-09-30 21:02:03,330 - INFO - --- validation at epoch 187, val_loss 5.1618, val_mae 5.5859, val_rmse 9.0679, val_r2 0.8895, val_pearson 0.9451, lr 2.70e-05 ---
2026-09-30 21:02:03,330 - INFO - 
****************************************************************************************************
2026-09-30 21:02:05,147 - INFO - --- training epoch 188, loss 4.7203, mae 5.1788, rmse 8.2872, time elapsed(min) 0.02---
2026-09-30 21:02:05,711 - INFO - --- validation at epoch 188, val_loss 5.1243, val_mae 5.5651, val_rmse 9.0828, val_r2 0.8891, val_pearson 0.9444, lr 2.70e-05 ---
2026-09-30 21:02:05,712 - INFO - 
****************************************************************************************************
2026-09-30 21:02:07,390 - INFO - --- training epoch 189, loss 4.7369, mae 5.1946, rmse 8.3324, time elapsed(min) 0.02---
2026-09-30 21:02:07,641 - INFO - --- validation at epoch 189, val_loss 5.0881, val_mae 5.5340, val_rmse 9.1381, val_r2 0.8878, val_pearson 0.9439, lr 2.70e-05 ---
2026-09-30 21:02:07,641 - INFO - 
****************************************************************************************************
2026-09-30 21:02:09,046 - INFO - --- training epoch 190, loss 4.6972, mae 5.1524, rmse 8.2567, time elapsed(min) 0.02---
2026-09-30 21:02:09,295 - INFO - --- validation at epoch 190, val_loss 5.0512, val_mae 5.5080, val_rmse 9.0950, val_r2 0.8888, val_pearson 0.9443, lr 8.10e-06 ---
2026-09-30 21:02:09,296 - INFO - 
****************************************************************************************************
2026-09-30 21:02:10,942 - INFO - --- training epoch 191, loss 4.7093, mae 5.1669, rmse 8.3022, time elapsed(min) 0.02---
2026-09-30 21:02:11,195 - INFO - --- validation at epoch 191, val_loss 5.0726, val_mae 5.5163, val_rmse 9.0997, val_r2 0.8887, val_pearson 0.9443, lr 8.10e-06 ---
2026-09-30 21:02:11,195 - INFO - 
****************************************************************************************************
2026-09-30 21:02:13,167 - INFO - --- training epoch 192, loss 4.7585, mae 5.2139, rmse 8.4718, time elapsed(min) 0.02---
2026-09-30 21:02:13,425 - INFO - --- validation at epoch 192, val_loss 5.0814, val_mae 5.5180, val_rmse 9.0969, val_r2 0.8888, val_pearson 0.9446, lr 8.10e-06 ---
2026-09-30 21:02:13,425 - INFO - 
****************************************************************************************************
2026-09-30 21:02:15,199 - INFO - --- training epoch 193, loss 4.6141, mae 5.0721, rmse 8.1392, time elapsed(min) 0.02---
2026-09-30 21:02:15,807 - INFO - --- validation at epoch 193, val_loss 5.0851, val_mae 5.5218, val_rmse 9.0869, val_r2 0.8890, val_pearson 0.9446, lr 8.10e-06 ---
2026-09-30 21:02:15,808 - INFO - 
****************************************************************************************************
2026-09-30 21:02:17,550 - INFO - --- training epoch 194, loss 4.7402, mae 5.1975, rmse 8.3437, time elapsed(min) 0.02---
2026-09-30 21:02:17,790 - INFO - --- validation at epoch 194, val_loss 5.1139, val_mae 5.5496, val_rmse 9.0882, val_r2 0.8890, val_pearson 0.9445, lr 8.10e-06 ---
2026-09-30 21:02:17,790 - INFO - 
****************************************************************************************************
2026-09-30 21:02:19,218 - INFO - --- training epoch 195, loss 4.7362, mae 5.1932, rmse 8.3485, time elapsed(min) 0.02---
2026-09-30 21:02:19,490 - INFO - --- validation at epoch 195, val_loss 5.0871, val_mae 5.5277, val_rmse 9.0681, val_r2 0.8895, val_pearson 0.9449, lr 8.10e-06 ---
2026-09-30 21:02:19,490 - INFO - 
****************************************************************************************************
2026-09-30 21:02:20,886 - INFO - --- training epoch 196, loss 4.6914, mae 5.1482, rmse 8.2818, time elapsed(min) 0.02---
2026-09-30 21:02:21,117 - INFO - --- validation at epoch 196, val_loss 5.0713, val_mae 5.5188, val_rmse 9.0542, val_r2 0.8898, val_pearson 0.9452, lr 8.10e-06 ---
2026-09-30 21:02:21,117 - INFO - 
****************************************************************************************************
2026-09-30 21:02:22,879 - INFO - --- training epoch 197, loss 4.7342, mae 5.1917, rmse 8.3085, time elapsed(min) 0.02---
2026-09-30 21:02:23,115 - INFO - --- validation at epoch 197, val_loss 5.0167, val_mae 5.4733, val_rmse 9.0028, val_r2 0.8911, val_pearson 0.9454, lr 8.10e-06 ---
2026-09-30 21:02:23,115 - INFO - 
****************************************************************************************************
2026-09-30 21:02:24,850 - INFO - --- training epoch 198, loss 4.7231, mae 5.1796, rmse 8.3120, time elapsed(min) 0.02---
2026-09-30 21:02:25,086 - INFO - --- validation at epoch 198, val_loss 5.0878, val_mae 5.5235, val_rmse 9.0501, val_r2 0.8899, val_pearson 0.9450, lr 8.10e-06 ---
2026-09-30 21:02:25,087 - INFO - 
****************************************************************************************************
2026-09-30 21:02:26,763 - INFO - --- training epoch 199, loss 4.8010, mae 5.2590, rmse 8.4073, time elapsed(min) 0.02---
2026-09-30 21:02:27,025 - INFO - --- validation at epoch 199, val_loss 5.1045, val_mae 5.5323, val_rmse 9.0706, val_r2 0.8894, val_pearson 0.9449, lr 8.10e-06 ---
2026-09-30 21:02:27,026 - INFO - 
****************************************************************************************************
2026-09-30 21:02:28,449 - INFO - --- training epoch 200, loss 4.7510, mae 5.2074, rmse 8.3332, time elapsed(min) 0.02---
2026-09-30 21:02:28,703 - INFO - --- validation at epoch 200, val_loss 5.1633, val_mae 5.5693, val_rmse 9.1304, val_r2 0.8880, val_pearson 0.9445, lr 8.10e-06 ---
2026-09-30 21:02:28,703 - INFO - 
****************************************************************************************************
2026-09-30 21:02:30,107 - INFO - --- training epoch 201, loss 4.7594, mae 5.2159, rmse 8.3644, time elapsed(min) 0.02---
2026-09-30 21:02:30,377 - INFO - --- validation at epoch 201, val_loss 5.1513, val_mae 5.5627, val_rmse 9.1246, val_r2 0.8881, val_pearson 0.9443, lr 2.43e-06 ---
2026-09-30 21:02:30,378 - INFO - 
****************************************************************************************************
2026-09-30 21:02:32,114 - INFO - --- training epoch 202, loss 4.7417, mae 5.1981, rmse 8.3253, time elapsed(min) 0.02---
2026-09-30 21:02:32,369 - INFO - --- validation at epoch 202, val_loss 5.1523, val_mae 5.5655, val_rmse 9.1307, val_r2 0.8880, val_pearson 0.9442, lr 2.43e-06 ---
2026-09-30 21:02:32,369 - INFO - 
****************************************************************************************************
2026-09-30 21:02:34,116 - INFO - --- training epoch 203, loss 4.7969, mae 5.2554, rmse 8.3738, time elapsed(min) 0.02---
2026-09-30 21:02:34,374 - INFO - --- validation at epoch 203, val_loss 5.1404, val_mae 5.5514, val_rmse 9.1132, val_r2 0.8884, val_pearson 0.9445, lr 2.43e-06 ---
2026-09-30 21:02:34,374 - INFO - 
****************************************************************************************************
2026-09-30 21:02:36,205 - INFO - --- training epoch 204, loss 4.7963, mae 5.2529, rmse 8.3906, time elapsed(min) 0.02---
2026-09-30 21:02:37,184 - INFO - --- validation at epoch 204, val_loss 5.1272, val_mae 5.5386, val_rmse 9.0993, val_r2 0.8887, val_pearson 0.9446, lr 2.43e-06 ---
2026-09-30 21:02:37,184 - INFO - 
****************************************************************************************************
2026-09-30 21:02:38,586 - INFO - --- training epoch 205, loss 4.7060, mae 5.1632, rmse 8.2663, time elapsed(min) 0.02---
2026-09-30 21:02:38,842 - INFO - --- validation at epoch 205, val_loss 5.1335, val_mae 5.5418, val_rmse 9.1005, val_r2 0.8887, val_pearson 0.9445, lr 2.43e-06 ---
2026-09-30 21:02:38,843 - INFO - 
****************************************************************************************************
2026-09-30 21:02:40,228 - INFO - --- training epoch 206, loss 4.7887, mae 5.2466, rmse 8.3588, time elapsed(min) 0.02---
2026-09-30 21:02:40,480 - INFO - --- validation at epoch 206, val_loss 5.1215, val_mae 5.5354, val_rmse 9.0926, val_r2 0.8889, val_pearson 0.9447, lr 2.43e-06 ---
2026-09-30 21:02:40,481 - INFO - 
****************************************************************************************************
2026-09-30 21:02:40,956 - INFO - --- early stopping at epoch 206: val_loss did not improve for 50 epochs ---
2026-09-30 21:02:41,294 - INFO - --- selected checkpoint from epoch 156, val_loss 4.9587, val_mae 5.6695, val_rmse 9.2030
2026-09-30 21:02:41,922 - INFO - -- RESULT
2026-09-30 21:02:41,922 - INFO - --- test size: 1187
2026-09-30 21:02:41,922 - INFO - --- MAE: 5.9775 pp, RMSE: 9.2560 pp, R2: 0.8874, Pearson: 0.9437
2026-09-30 21:02:43,733 - INFO - --- Buchwald-Hartwig | fullcv01_split70 | approach_2: test R2 0.8874 MAE 5.9775 RMSE 9.2560 | 409.3s (2.0s/epoch)
2026-09-30 21:02:43,737 - INFO - --- Buchwald-Hartwig | fullcv01_split70 | MLP control (ind/mlp) (ind/mlp)
