2026-10-01 12:28:52,096 - INFO - device is	cuda:0
2026-10-01 12:28:52,172 - INFO - -- CONFIGURATIONS
2026-10-01 12:28:52,172 - INFO - --- train/valid/test: 2491/277/1187
2026-10-01 12:28:52,172 - INFO - --- max no. reactants_train, valid, test respectively: 6, 6, 6
2026-10-01 12:28:52,172 - INFO - --- max no. products_train, valid, test respectively: 1, 1, 1
2026-10-01 12:28:52,172 - INFO - --- model_path: ../logs/approach1_server/option_b_mlp/bh/runs/fullcv05_split70/model.pt
2026-10-01 12:28:52,181 - INFO - -- TRAINING
2026-10-01 12:28:52,704 - INFO - --- training epoch 0, loss 24.5626, mae 25.0587, rmse 31.2800, time elapsed(min) 0.01---
2026-10-01 12:28:52,867 - INFO - --- validation at epoch 0, val_loss 24.8606, val_mae 23.3807, val_rmse 29.0010, val_r2 -0.1706, val_pearson -0.2109, lr 1.00e-03 ---
2026-10-01 12:28:52,867 - INFO - 
****************************************************************************************************
2026-10-01 12:28:53,993 - INFO - --- training epoch 1, loss 22.6959, mae 23.1918, rmse 28.1467, time elapsed(min) 0.01---
2026-10-01 12:28:54,155 - INFO - --- validation at epoch 1, val_loss 24.7326, val_mae 23.2637, val_rmse 28.4553, val_r2 -0.1270, val_pearson -0.2319, lr 1.00e-03 ---
2026-10-01 12:28:54,155 - INFO - 
****************************************************************************************************
2026-10-01 12:28:55,176 - INFO - --- training epoch 2, loss 22.6037, mae 23.0987, rmse 28.0109, time elapsed(min) 0.01---
2026-10-01 12:28:55,319 - INFO - --- validation at epoch 2, val_loss 24.6781, val_mae 23.1646, val_rmse 28.3116, val_r2 -0.1156, val_pearson 0.1807, lr 1.00e-03 ---
2026-10-01 12:28:55,319 - INFO - 
****************************************************************************************************
2026-10-01 12:28:56,344 - INFO - --- training epoch 3, loss 22.3605, mae 22.8575, rmse 27.8123, time elapsed(min) 0.01---
2026-10-01 12:28:56,489 - INFO - --- validation at epoch 3, val_loss 24.0917, val_mae 22.4252, val_rmse 26.5895, val_r2 0.0160, val_pearson 0.2108, lr 1.00e-03 ---
2026-10-01 12:28:56,490 - INFO - 
****************************************************************************************************
2026-10-01 12:28:57,646 - INFO - --- training epoch 4, loss 22.0339, mae 22.5301, rmse 27.2176, time elapsed(min) 0.01---
2026-10-01 12:28:57,790 - INFO - --- validation at epoch 4, val_loss 24.3108, val_mae 22.3154, val_rmse 27.7526, val_r2 -0.0720, val_pearson 0.2145, lr 1.00e-03 ---
2026-10-01 12:28:57,790 - INFO - 
****************************************************************************************************
2026-10-01 12:28:58,563 - INFO - --- training epoch 5, loss 22.0032, mae 22.4992, rmse 27.2354, time elapsed(min) 0.01---
2026-10-01 12:28:58,709 - INFO - --- validation at epoch 5, val_loss 24.2504, val_mae 22.3194, val_rmse 27.4408, val_r2 -0.0481, val_pearson 0.2202, lr 1.00e-03 ---
2026-10-01 12:28:58,709 - INFO - 
****************************************************************************************************
2026-10-01 12:28:59,507 - INFO - --- training epoch 6, loss 21.9488, mae 22.4444, rmse 27.0775, time elapsed(min) 0.01---
2026-10-01 12:28:59,657 - INFO - --- validation at epoch 6, val_loss 24.1532, val_mae 22.2997, val_rmse 26.7802, val_r2 0.0018, val_pearson 0.2416, lr 1.00e-03 ---
2026-10-01 12:28:59,657 - INFO - 
****************************************************************************************************
2026-10-01 12:29:00,547 - INFO - --- training epoch 7, loss 21.9537, mae 22.4504, rmse 26.9449, time elapsed(min) 0.01---
2026-10-01 12:29:00,697 - INFO - --- validation at epoch 7, val_loss 23.9576, val_mae 22.0504, val_rmse 26.4188, val_r2 0.0285, val_pearson 0.2355, lr 1.00e-03 ---
2026-10-01 12:29:00,697 - INFO - 
****************************************************************************************************
2026-10-01 12:29:01,744 - INFO - --- training epoch 8, loss 21.8026, mae 22.2990, rmse 27.0063, time elapsed(min) 0.01---
2026-10-01 12:29:01,901 - INFO - --- validation at epoch 8, val_loss 23.9617, val_mae 22.1488, val_rmse 26.1699, val_r2 0.0468, val_pearson 0.2402, lr 1.00e-03 ---
2026-10-01 12:29:01,901 - INFO - 
****************************************************************************************************
2026-10-01 12:29:02,860 - INFO - --- training epoch 9, loss 21.8568, mae 22.3531, rmse 26.8338, time elapsed(min) 0.01---
2026-10-01 12:29:03,205 - INFO - --- validation at epoch 9, val_loss 24.0705, val_mae 22.1226, val_rmse 26.6456, val_r2 0.0118, val_pearson 0.2491, lr 1.00e-03 ---
2026-10-01 12:29:03,205 - INFO - 
****************************************************************************************************
2026-10-01 12:29:04,133 - INFO - --- training epoch 10, loss 21.7215, mae 22.2172, rmse 26.6615, time elapsed(min) 0.01---
2026-10-01 12:29:04,282 - INFO - --- validation at epoch 10, val_loss 23.9773, val_mae 21.9996, val_rmse 26.2494, val_r2 0.0410, val_pearson 0.2611, lr 1.00e-03 ---
2026-10-01 12:29:04,282 - INFO - 
****************************************************************************************************
2026-10-01 12:29:05,065 - INFO - --- training epoch 11, loss 21.6702, mae 22.1665, rmse 26.4208, time elapsed(min) 0.01---
2026-10-01 12:29:05,216 - INFO - --- validation at epoch 11, val_loss 24.0155, val_mae 21.9916, val_rmse 26.1813, val_r2 0.0459, val_pearson 0.2714, lr 1.00e-03 ---
2026-10-01 12:29:05,216 - INFO - 
****************************************************************************************************
2026-10-01 12:29:06,143 - INFO - --- training epoch 12, loss 21.5831, mae 22.0796, rmse 26.3438, time elapsed(min) 0.01---
2026-10-01 12:29:06,297 - INFO - --- validation at epoch 12, val_loss 24.0028, val_mae 21.9462, val_rmse 25.8359, val_r2 0.0709, val_pearson 0.2871, lr 1.00e-03 ---
2026-10-01 12:29:06,297 - INFO - 
****************************************************************************************************
2026-10-01 12:29:07,236 - INFO - --- training epoch 13, loss 21.4868, mae 21.9833, rmse 26.0026, time elapsed(min) 0.01---
2026-10-01 12:29:07,385 - INFO - --- validation at epoch 13, val_loss 23.9525, val_mae 21.8663, val_rmse 25.7376, val_r2 0.0780, val_pearson 0.2981, lr 1.00e-03 ---
2026-10-01 12:29:07,385 - INFO - 
****************************************************************************************************
2026-10-01 12:29:08,533 - INFO - --- training epoch 14, loss 21.2805, mae 21.7765, rmse 26.1002, time elapsed(min) 0.01---
2026-10-01 12:29:08,679 - INFO - --- validation at epoch 14, val_loss 23.9825, val_mae 21.6352, val_rmse 26.1677, val_r2 0.0469, val_pearson 0.3076, lr 1.00e-03 ---
2026-10-01 12:29:08,679 - INFO - 
****************************************************************************************************
2026-10-01 12:29:09,762 - INFO - --- training epoch 15, loss 20.8949, mae 21.3910, rmse 25.2326, time elapsed(min) 0.01---
2026-10-01 12:29:09,910 - INFO - --- validation at epoch 15, val_loss 24.1428, val_mae 21.9157, val_rmse 25.8390, val_r2 0.0707, val_pearson 0.3219, lr 1.00e-03 ---
2026-10-01 12:29:09,911 - INFO - 
****************************************************************************************************
2026-10-01 12:29:10,715 - INFO - --- training epoch 16, loss 20.5969, mae 21.0922, rmse 25.6288, time elapsed(min) 0.01---
2026-10-01 12:29:10,859 - INFO - --- validation at epoch 16, val_loss 27.7974, val_mae 25.9883, val_rmse 34.2241, val_r2 -0.6303, val_pearson 0.2183, lr 1.00e-03 ---
2026-10-01 12:29:10,859 - INFO - 
****************************************************************************************************
2026-10-01 12:29:11,654 - INFO - --- training epoch 17, loss 22.8329, mae 23.3286, rmse 28.6950, time elapsed(min) 0.01---
2026-10-01 12:29:11,801 - INFO - --- validation at epoch 17, val_loss 24.1724, val_mae 22.4933, val_rmse 26.3296, val_r2 0.0351, val_pearson 0.2535, lr 1.00e-03 ---
2026-10-01 12:29:11,801 - INFO - 
****************************************************************************************************
2026-10-01 12:29:12,740 - INFO - --- training epoch 18, loss 21.1952, mae 21.6908, rmse 25.9805, time elapsed(min) 0.01---
2026-10-01 12:29:12,882 - INFO - --- validation at epoch 18, val_loss 24.0907, val_mae 21.7542, val_rmse 26.8612, val_r2 -0.0043, val_pearson 0.2872, lr 1.00e-03 ---
2026-10-01 12:29:12,882 - INFO - 
****************************************************************************************************
2026-10-01 12:29:13,851 - INFO - --- training epoch 19, loss 20.9487, mae 21.4451, rmse 25.4895, time elapsed(min) 0.01---
2026-10-01 12:29:14,002 - INFO - --- validation at epoch 19, val_loss 23.8337, val_mae 21.2591, val_rmse 25.6562, val_r2 0.0838, val_pearson 0.3555, lr 1.00e-03 ---
2026-10-01 12:29:14,002 - INFO - 
****************************************************************************************************
2026-10-01 12:29:15,200 - INFO - --- training epoch 20, loss 20.8340, mae 21.3306, rmse 25.6896, time elapsed(min) 0.01---
2026-10-01 12:29:15,347 - INFO - --- validation at epoch 20, val_loss 23.6089, val_mae 21.8213, val_rmse 25.5209, val_r2 0.0935, val_pearson 0.3443, lr 1.00e-03 ---
2026-10-01 12:29:15,347 - INFO - 
****************************************************************************************************
2026-10-01 12:29:16,243 - INFO - --- training epoch 21, loss 20.8926, mae 21.3886, rmse 25.4821, time elapsed(min) 0.01---
2026-10-01 12:29:16,392 - INFO - --- validation at epoch 21, val_loss 23.7231, val_mae 21.6228, val_rmse 25.6741, val_r2 0.0825, val_pearson 0.3585, lr 1.00e-03 ---
2026-10-01 12:29:16,392 - INFO - 
****************************************************************************************************
2026-10-01 12:29:17,184 - INFO - --- training epoch 22, loss 20.2039, mae 20.6995, rmse 24.9106, time elapsed(min) 0.01---
2026-10-01 12:29:17,338 - INFO - --- validation at epoch 22, val_loss 23.7201, val_mae 21.2656, val_rmse 25.9616, val_r2 0.0619, val_pearson 0.3777, lr 1.00e-03 ---
2026-10-01 12:29:17,338 - INFO - 
****************************************************************************************************
2026-10-01 12:29:18,302 - INFO - --- training epoch 23, loss 20.3735, mae 20.8690, rmse 25.1256, time elapsed(min) 0.01---
2026-10-01 12:29:18,455 - INFO - --- validation at epoch 23, val_loss 23.6145, val_mae 21.0418, val_rmse 26.0814, val_r2 0.0532, val_pearson 0.3757, lr 1.00e-03 ---
2026-10-01 12:29:18,455 - INFO - 
****************************************************************************************************
2026-10-01 12:29:19,415 - INFO - --- training epoch 24, loss 19.5943, mae 20.0902, rmse 24.7440, time elapsed(min) 0.01---
2026-10-01 12:29:19,553 - INFO - --- validation at epoch 24, val_loss 23.4884, val_mae 21.0871, val_rmse 25.8604, val_r2 0.0692, val_pearson 0.3867, lr 1.00e-03 ---
2026-10-01 12:29:19,553 - INFO - 
****************************************************************************************************
2026-10-01 12:29:20,745 - INFO - --- training epoch 25, loss 19.7649, mae 20.2601, rmse 24.9429, time elapsed(min) 0.01---
2026-10-01 12:29:20,889 - INFO - --- validation at epoch 25, val_loss 23.4093, val_mae 20.8857, val_rmse 26.0548, val_r2 0.0551, val_pearson 0.3890, lr 1.00e-03 ---
2026-10-01 12:29:20,890 - INFO - 
****************************************************************************************************
2026-10-01 12:29:21,785 - INFO - --- training epoch 26, loss 19.7266, mae 20.2229, rmse 24.9850, time elapsed(min) 0.01---
2026-10-01 12:29:21,934 - INFO - --- validation at epoch 26, val_loss 23.6013, val_mae 20.9036, val_rmse 26.5006, val_r2 0.0225, val_pearson 0.3772, lr 1.00e-03 ---
2026-10-01 12:29:21,934 - INFO - 
****************************************************************************************************
2026-10-01 12:29:22,860 - INFO - --- training epoch 27, loss 19.7601, mae 20.2553, rmse 24.9442, time elapsed(min) 0.01---
2026-10-01 12:29:23,006 - INFO - --- validation at epoch 27, val_loss 23.3468, val_mae 21.2270, val_rmse 26.5822, val_r2 0.0165, val_pearson 0.3784, lr 1.00e-03 ---
2026-10-01 12:29:23,006 - INFO - 
****************************************************************************************************
2026-10-01 12:29:24,054 - INFO - --- training epoch 28, loss 19.4781, mae 19.9709, rmse 24.8957, time elapsed(min) 0.01---
2026-10-01 12:29:24,206 - INFO - --- validation at epoch 28, val_loss 23.2503, val_mae 20.7555, val_rmse 26.6154, val_r2 0.0140, val_pearson 0.3871, lr 1.00e-03 ---
2026-10-01 12:29:24,206 - INFO - 
****************************************************************************************************
2026-10-01 12:29:25,268 - INFO - --- training epoch 29, loss 19.4784, mae 19.9737, rmse 24.8515, time elapsed(min) 0.01---
2026-10-01 12:29:25,406 - INFO - --- validation at epoch 29, val_loss 23.5130, val_mae 20.9749, val_rmse 25.8618, val_r2 0.0691, val_pearson 0.3659, lr 1.00e-03 ---
2026-10-01 12:29:25,406 - INFO - 
****************************************************************************************************
2026-10-01 12:29:26,527 - INFO - --- training epoch 30, loss 19.9048, mae 20.4014, rmse 24.7844, time elapsed(min) 0.01---
2026-10-01 12:29:26,676 - INFO - --- validation at epoch 30, val_loss 23.4138, val_mae 20.9253, val_rmse 26.0245, val_r2 0.0573, val_pearson 0.3895, lr 1.00e-03 ---
2026-10-01 12:29:26,676 - INFO - 
****************************************************************************************************
2026-10-01 12:29:27,485 - INFO - --- training epoch 31, loss 19.6593, mae 20.1535, rmse 25.2161, time elapsed(min) 0.01---
2026-10-01 12:29:27,628 - INFO - --- validation at epoch 31, val_loss 23.2309, val_mae 20.9802, val_rmse 26.7165, val_r2 0.0065, val_pearson 0.3859, lr 1.00e-03 ---
2026-10-01 12:29:27,628 - INFO - 
****************************************************************************************************
2026-10-01 12:29:28,543 - INFO - --- training epoch 32, loss 19.4235, mae 19.9175, rmse 24.8643, time elapsed(min) 0.01---
2026-10-01 12:29:28,689 - INFO - --- validation at epoch 32, val_loss 23.2524, val_mae 20.7430, val_rmse 26.6348, val_r2 0.0126, val_pearson 0.3895, lr 1.00e-03 ---
2026-10-01 12:29:28,689 - INFO - 
****************************************************************************************************
2026-10-01 12:29:29,638 - INFO - --- training epoch 33, loss 19.2856, mae 19.7796, rmse 25.0593, time elapsed(min) 0.01---
2026-10-01 12:29:29,796 - INFO - --- validation at epoch 33, val_loss 23.0429, val_mae 20.6670, val_rmse 26.4638, val_r2 0.0252, val_pearson 0.3908, lr 1.00e-03 ---
2026-10-01 12:29:29,796 - INFO - 
****************************************************************************************************
2026-10-01 12:29:30,975 - INFO - --- training epoch 34, loss 19.3002, mae 19.7952, rmse 24.9177, time elapsed(min) 0.01---
2026-10-01 12:29:31,122 - INFO - --- validation at epoch 34, val_loss 23.1699, val_mae 20.7506, val_rmse 26.6959, val_r2 0.0081, val_pearson 0.3911, lr 1.00e-03 ---
2026-10-01 12:29:31,123 - INFO - 
****************************************************************************************************
2026-10-01 12:29:32,092 - INFO - --- training epoch 35, loss 19.3688, mae 19.8633, rmse 24.9787, time elapsed(min) 0.01---
2026-10-01 12:29:32,432 - INFO - --- validation at epoch 35, val_loss 22.9372, val_mae 20.5098, val_rmse 25.7110, val_r2 0.0799, val_pearson 0.3932, lr 1.00e-03 ---
2026-10-01 12:29:32,432 - INFO - 
****************************************************************************************************
2026-10-01 12:29:33,445 - INFO - --- training epoch 36, loss 19.1323, mae 19.6265, rmse 24.7131, time elapsed(min) 0.01---
2026-10-01 12:29:33,585 - INFO - --- validation at epoch 36, val_loss 23.1006, val_mae 20.6628, val_rmse 26.3408, val_r2 0.0343, val_pearson 0.3935, lr 1.00e-03 ---
2026-10-01 12:29:33,585 - INFO - 
****************************************************************************************************
2026-10-01 12:29:34,504 - INFO - --- training epoch 37, loss 19.2433, mae 19.7383, rmse 24.9372, time elapsed(min) 0.01---
2026-10-01 12:29:34,646 - INFO - --- validation at epoch 37, val_loss 22.9301, val_mae 20.4706, val_rmse 26.0460, val_r2 0.0558, val_pearson 0.3914, lr 1.00e-03 ---
2026-10-01 12:29:34,646 - INFO - 
****************************************************************************************************
2026-10-01 12:29:35,682 - INFO - --- training epoch 38, loss 19.1236, mae 19.6178, rmse 24.8497, time elapsed(min) 0.01---
2026-10-01 12:29:35,833 - INFO - --- validation at epoch 38, val_loss 23.0172, val_mae 20.5256, val_rmse 26.1641, val_r2 0.0472, val_pearson 0.3918, lr 1.00e-03 ---
2026-10-01 12:29:35,834 - INFO - 
****************************************************************************************************
2026-10-01 12:29:36,808 - INFO - --- training epoch 39, loss 19.1013, mae 19.5970, rmse 24.7802, time elapsed(min) 0.01---
2026-10-01 12:29:36,955 - INFO - --- validation at epoch 39, val_loss 22.9620, val_mae 20.4078, val_rmse 26.1768, val_r2 0.0463, val_pearson 0.3892, lr 1.00e-03 ---
2026-10-01 12:29:36,955 - INFO - 
****************************************************************************************************
2026-10-01 12:29:37,926 - INFO - --- training epoch 40, loss 19.0173, mae 19.5127, rmse 24.7628, time elapsed(min) 0.01---
2026-10-01 12:29:38,385 - INFO - --- validation at epoch 40, val_loss 22.9344, val_mae 20.4623, val_rmse 26.2143, val_r2 0.0435, val_pearson 0.3908, lr 1.00e-03 ---
2026-10-01 12:29:38,385 - INFO - 
****************************************************************************************************
2026-10-01 12:29:39,194 - INFO - --- training epoch 41, loss 19.0937, mae 19.5883, rmse 24.8675, time elapsed(min) 0.01---
2026-10-01 12:29:39,344 - INFO - --- validation at epoch 41, val_loss 22.8359, val_mae 20.3601, val_rmse 25.8827, val_r2 0.0676, val_pearson 0.3909, lr 1.00e-03 ---
2026-10-01 12:29:39,344 - INFO - 
****************************************************************************************************
2026-10-01 12:29:40,251 - INFO - --- training epoch 42, loss 19.0493, mae 19.5452, rmse 24.7255, time elapsed(min) 0.01---
2026-10-01 12:29:40,395 - INFO - --- validation at epoch 42, val_loss 23.0897, val_mae 20.5042, val_rmse 26.6416, val_r2 0.0121, val_pearson 0.3887, lr 1.00e-03 ---
2026-10-01 12:29:40,395 - INFO - 
****************************************************************************************************
2026-10-01 12:29:41,461 - INFO - --- training epoch 43, loss 19.3513, mae 19.8472, rmse 24.9557, time elapsed(min) 0.01---
2026-10-01 12:29:41,611 - INFO - --- validation at epoch 43, val_loss 22.9931, val_mae 20.6298, val_rmse 26.4384, val_r2 0.0271, val_pearson 0.3914, lr 1.00e-03 ---
2026-10-01 12:29:41,611 - INFO - 
****************************************************************************************************
2026-10-01 12:29:42,581 - INFO - --- training epoch 44, loss 20.5638, mae 21.0608, rmse 25.8558, time elapsed(min) 0.01---
2026-10-01 12:29:42,715 - INFO - --- validation at epoch 44, val_loss 23.1755, val_mae 20.8138, val_rmse 25.6257, val_r2 0.0860, val_pearson 0.3865, lr 1.00e-03 ---
2026-10-01 12:29:42,716 - INFO - 
****************************************************************************************************
2026-10-01 12:29:43,690 - INFO - --- training epoch 45, loss 19.7549, mae 20.2501, rmse 25.1905, time elapsed(min) 0.01---
2026-10-01 12:29:44,012 - INFO - --- validation at epoch 45, val_loss 22.9669, val_mae 20.4636, val_rmse 25.6157, val_r2 0.0867, val_pearson 0.3835, lr 1.00e-03 ---
2026-10-01 12:29:44,012 - INFO - 
****************************************************************************************************
2026-10-01 12:29:44,927 - INFO - --- training epoch 46, loss 19.6625, mae 20.1585, rmse 24.9573, time elapsed(min) 0.01---
2026-10-01 12:29:45,076 - INFO - --- validation at epoch 46, val_loss 23.1535, val_mae 20.9099, val_rmse 26.5717, val_r2 0.0173, val_pearson 0.3882, lr 1.00e-03 ---
2026-10-01 12:29:45,076 - INFO - 
****************************************************************************************************
2026-10-01 12:29:45,874 - INFO - --- training epoch 47, loss 19.5914, mae 20.0878, rmse 25.1080, time elapsed(min) 0.01---
2026-10-01 12:29:46,023 - INFO - --- validation at epoch 47, val_loss 22.9089, val_mae 20.6299, val_rmse 25.8218, val_r2 0.0720, val_pearson 0.3876, lr 1.00e-03 ---
2026-10-01 12:29:46,024 - INFO - 
****************************************************************************************************
2026-10-01 12:29:47,076 - INFO - --- training epoch 48, loss 19.1188, mae 19.6138, rmse 24.6588, time elapsed(min) 0.01---
2026-10-01 12:29:47,210 - INFO - --- validation at epoch 48, val_loss 23.2614, val_mae 20.5887, val_rmse 26.4077, val_r2 0.0294, val_pearson 0.3879, lr 1.00e-03 ---
2026-10-01 12:29:47,210 - INFO - 
****************************************************************************************************
2026-10-01 12:29:48,164 - INFO - --- training epoch 49, loss 19.2297, mae 19.7241, rmse 25.1441, time elapsed(min) 0.01---
2026-10-01 12:29:48,311 - INFO - --- validation at epoch 49, val_loss 23.0213, val_mae 20.5585, val_rmse 26.4617, val_r2 0.0254, val_pearson 0.3907, lr 1.00e-03 ---
2026-10-01 12:29:48,311 - INFO - 
****************************************************************************************************
2026-10-01 12:29:49,282 - INFO - --- training epoch 50, loss 19.2715, mae 19.7665, rmse 24.7887, time elapsed(min) 0.01---
2026-10-01 12:29:49,614 - INFO - --- validation at epoch 50, val_loss 23.1224, val_mae 20.5503, val_rmse 26.5802, val_r2 0.0166, val_pearson 0.3838, lr 1.00e-03 ---
2026-10-01 12:29:49,614 - INFO - 
****************************************************************************************************
2026-10-01 12:29:50,545 - INFO - --- training epoch 51, loss 19.0823, mae 19.5768, rmse 24.6337, time elapsed(min) 0.01---
2026-10-01 12:29:50,680 - INFO - --- validation at epoch 51, val_loss 23.0453, val_mae 20.4450, val_rmse 26.4865, val_r2 0.0236, val_pearson 0.3853, lr 1.00e-03 ---
2026-10-01 12:29:50,680 - INFO - 
****************************************************************************************************
2026-10-01 12:29:50,968 - INFO - --- early stopping at epoch 51: val_loss did not improve for 10 epochs ---
2026-10-01 12:29:51,143 - INFO - --- selected checkpoint from epoch 41, val_loss 22.8359, val_mae 20.3601, val_rmse 25.8827
2026-10-01 12:29:51,483 - INFO - -- RESULT
2026-10-01 12:29:51,483 - INFO - --- test size: 1187
2026-10-01 12:29:51,483 - INFO - --- MAE: 19.4514 pp, RMSE: 24.7506 pp, R2: 0.2043, Pearson: 0.5100
2026-10-01 12:29:51,484 - INFO - --- fullcv05_split70: MAE 19.451435057451068, RMSE 24.750602381837012, R2 0.20433202301693787
2026-10-01 12:29:51,493 - INFO - --- training fullcv06_split70 (npz/bh/fullcv06_split70)
