2026-10-01 11:26:02,735 - INFO - device is	cuda:0
2026-10-01 11:26:02,863 - INFO - -- CONFIGURATIONS
2026-10-01 11:26:02,864 - INFO - --- train/valid/test: 2491/277/1187
2026-10-01 11:26:02,864 - INFO - --- max no. reactants_train, valid, test respectively: 6, 6, 6
2026-10-01 11:26:02,864 - INFO - --- max no. products_train, valid, test respectively: 1, 1, 1
2026-10-01 11:26:02,864 - INFO - --- model_path: ../logs/approach1_server/current_model/bh/runs/fullcv01_split70/model.pt
2026-10-01 11:26:02,976 - INFO - -- TRAINING
2026-10-01 11:26:03,812 - INFO - --- training epoch 0, loss 24.5786, mae 25.0729, rmse 31.0900, time elapsed(min) 0.01---
2026-10-01 11:26:04,094 - INFO - --- validation at epoch 0, val_loss 22.2024, val_mae 23.1254, val_rmse 28.0839, val_r2 -0.0599, val_pearson -0.3269, lr 1.00e-03 ---
2026-10-01 11:26:04,094 - INFO - 
****************************************************************************************************
2026-10-01 11:26:05,029 - INFO - --- training epoch 1, loss 22.7977, mae 23.2945, rmse 28.1036, time elapsed(min) 0.01---
2026-10-01 11:26:05,173 - INFO - --- validation at epoch 1, val_loss 22.1602, val_mae 23.0848, val_rmse 27.5430, val_r2 -0.0194, val_pearson -0.3285, lr 1.00e-03 ---
2026-10-01 11:26:05,173 - INFO - 
****************************************************************************************************
2026-10-01 11:26:05,996 - INFO - --- training epoch 2, loss 22.6175, mae 23.1147, rmse 27.7800, time elapsed(min) 0.01---
2026-10-01 11:26:06,143 - INFO - --- validation at epoch 2, val_loss 20.8384, val_mae 22.0285, val_rmse 26.6737, val_r2 0.0439, val_pearson 0.3339, lr 1.00e-03 ---
2026-10-01 11:26:06,143 - INFO - 
****************************************************************************************************
2026-10-01 11:26:06,947 - INFO - --- training epoch 3, loss 21.9593, mae 22.4551, rmse 27.2396, time elapsed(min) 0.01---
2026-10-01 11:26:07,087 - INFO - --- validation at epoch 3, val_loss 19.8965, val_mae 21.3631, val_rmse 27.2582, val_r2 0.0015, val_pearson 0.3288, lr 1.00e-03 ---
2026-10-01 11:26:07,087 - INFO - 
****************************************************************************************************
2026-10-01 11:26:08,058 - INFO - --- training epoch 4, loss 21.8567, mae 22.3515, rmse 27.2187, time elapsed(min) 0.01---
2026-10-01 11:26:08,210 - INFO - --- validation at epoch 4, val_loss 19.5785, val_mae 21.1674, val_rmse 26.3244, val_r2 0.0688, val_pearson 0.3421, lr 1.00e-03 ---
2026-10-01 11:26:08,210 - INFO - 
****************************************************************************************************
2026-10-01 11:26:09,228 - INFO - --- training epoch 5, loss 21.6762, mae 22.1702, rmse 27.0675, time elapsed(min) 0.01---
2026-10-01 11:26:09,382 - INFO - --- validation at epoch 5, val_loss 19.7143, val_mae 21.3066, val_rmse 25.6917, val_r2 0.1130, val_pearson 0.3627, lr 1.00e-03 ---
2026-10-01 11:26:09,383 - INFO - 
****************************************************************************************************
2026-10-01 11:26:10,475 - INFO - --- training epoch 6, loss 21.6281, mae 22.1231, rmse 27.0753, time elapsed(min) 0.01---
2026-10-01 11:26:10,625 - INFO - --- validation at epoch 6, val_loss 20.2504, val_mae 21.6889, val_rmse 25.5409, val_r2 0.1234, val_pearson 0.3894, lr 1.00e-03 ---
2026-10-01 11:26:10,625 - INFO - 
****************************************************************************************************
2026-10-01 11:26:11,409 - INFO - --- training epoch 7, loss 21.5638, mae 22.0580, rmse 26.8731, time elapsed(min) 0.01---
2026-10-01 11:26:11,567 - INFO - --- validation at epoch 7, val_loss 19.4757, val_mae 21.0496, val_rmse 25.4211, val_r2 0.1316, val_pearson 0.4119, lr 1.00e-03 ---
2026-10-01 11:26:11,567 - INFO - 
****************************************************************************************************
2026-10-01 11:26:12,426 - INFO - --- training epoch 8, loss 21.4731, mae 21.9701, rmse 26.7117, time elapsed(min) 0.01---
2026-10-01 11:26:12,576 - INFO - --- validation at epoch 8, val_loss 19.6388, val_mae 21.1197, val_rmse 25.5282, val_r2 0.1242, val_pearson 0.4130, lr 1.00e-03 ---
2026-10-01 11:26:12,576 - INFO - 
****************************************************************************************************
2026-10-01 11:26:13,529 - INFO - --- training epoch 9, loss 21.4841, mae 21.9796, rmse 26.6967, time elapsed(min) 0.01---
2026-10-01 11:26:13,681 - INFO - --- validation at epoch 9, val_loss 19.6216, val_mae 21.1448, val_rmse 25.1600, val_r2 0.1493, val_pearson 0.4191, lr 1.00e-03 ---
2026-10-01 11:26:13,682 - INFO - 
****************************************************************************************************
2026-10-01 11:26:14,671 - INFO - --- training epoch 10, loss 21.3926, mae 21.8884, rmse 26.6214, time elapsed(min) 0.01---
2026-10-01 11:26:14,816 - INFO - --- validation at epoch 10, val_loss 19.9506, val_mae 21.4214, val_rmse 25.1432, val_r2 0.1505, val_pearson 0.4080, lr 1.00e-03 ---
2026-10-01 11:26:14,817 - INFO - 
****************************************************************************************************
2026-10-01 11:26:15,771 - INFO - --- training epoch 11, loss 21.3353, mae 21.8306, rmse 26.5430, time elapsed(min) 0.01---
2026-10-01 11:26:16,094 - INFO - --- validation at epoch 11, val_loss 19.7148, val_mae 21.1830, val_rmse 24.9492, val_r2 0.1635, val_pearson 0.4290, lr 1.00e-03 ---
2026-10-01 11:26:16,094 - INFO - 
****************************************************************************************************
2026-10-01 11:26:16,997 - INFO - --- training epoch 12, loss 21.3313, mae 21.8288, rmse 26.5615, time elapsed(min) 0.01---
2026-10-01 11:26:17,161 - INFO - --- validation at epoch 12, val_loss 19.3178, val_mae 20.9048, val_rmse 24.6800, val_r2 0.1815, val_pearson 0.4358, lr 1.00e-03 ---
2026-10-01 11:26:17,161 - INFO - 
****************************************************************************************************
2026-10-01 11:26:18,005 - INFO - --- training epoch 13, loss 21.2188, mae 21.7140, rmse 26.3762, time elapsed(min) 0.01---
2026-10-01 11:26:18,151 - INFO - --- validation at epoch 13, val_loss 19.6521, val_mae 21.1280, val_rmse 24.7177, val_r2 0.1790, val_pearson 0.4352, lr 1.00e-03 ---
2026-10-01 11:26:18,152 - INFO - 
****************************************************************************************************
2026-10-01 11:26:19,061 - INFO - --- training epoch 14, loss 21.3211, mae 21.8167, rmse 26.5283, time elapsed(min) 0.01---
2026-10-01 11:26:19,206 - INFO - --- validation at epoch 14, val_loss 19.4599, val_mae 21.0118, val_rmse 24.6403, val_r2 0.1841, val_pearson 0.4397, lr 1.00e-03 ---
2026-10-01 11:26:19,206 - INFO - 
****************************************************************************************************
2026-10-01 11:26:20,171 - INFO - --- training epoch 15, loss 21.1256, mae 21.6218, rmse 26.3008, time elapsed(min) 0.01---
2026-10-01 11:26:20,316 - INFO - --- validation at epoch 15, val_loss 19.3012, val_mae 20.8578, val_rmse 24.4533, val_r2 0.1964, val_pearson 0.4502, lr 1.00e-03 ---
2026-10-01 11:26:20,316 - INFO - 
****************************************************************************************************
2026-10-01 11:26:21,340 - INFO - --- training epoch 16, loss 21.5507, mae 22.0472, rmse 26.3760, time elapsed(min) 0.01---
2026-10-01 11:26:21,659 - INFO - --- validation at epoch 16, val_loss 21.9894, val_mae 22.6266, val_rmse 26.8039, val_r2 0.0345, val_pearson 0.3424, lr 1.00e-03 ---
2026-10-01 11:26:21,659 - INFO - 
****************************************************************************************************
2026-10-01 11:26:22,596 - INFO - --- training epoch 17, loss 21.8109, mae 22.3069, rmse 26.1374, time elapsed(min) 0.01---
2026-10-01 11:26:22,742 - INFO - --- validation at epoch 17, val_loss 20.3769, val_mae 21.0366, val_rmse 24.3917, val_r2 0.2005, val_pearson 0.4636, lr 1.00e-03 ---
2026-10-01 11:26:22,742 - INFO - 
****************************************************************************************************
2026-10-01 11:26:23,549 - INFO - --- training epoch 18, loss 21.3426, mae 21.8393, rmse 25.8753, time elapsed(min) 0.01---
2026-10-01 11:26:23,696 - INFO - --- validation at epoch 18, val_loss 19.1398, val_mae 20.4323, val_rmse 25.2632, val_r2 0.1423, val_pearson 0.4754, lr 1.00e-03 ---
2026-10-01 11:26:23,696 - INFO - 
****************************************************************************************************
2026-10-01 11:26:24,577 - INFO - --- training epoch 19, loss 21.9740, mae 22.4699, rmse 26.8672, time elapsed(min) 0.01---
2026-10-01 11:26:24,739 - INFO - --- validation at epoch 19, val_loss 20.1706, val_mae 21.3038, val_rmse 25.9406, val_r2 0.0957, val_pearson 0.4860, lr 1.00e-03 ---
2026-10-01 11:26:24,739 - INFO - 
****************************************************************************************************
2026-10-01 11:26:25,674 - INFO - --- training epoch 20, loss 21.1545, mae 21.6514, rmse 25.8491, time elapsed(min) 0.01---
2026-10-01 11:26:25,823 - INFO - --- validation at epoch 20, val_loss 19.3339, val_mae 20.6089, val_rmse 25.3742, val_r2 0.1348, val_pearson 0.4849, lr 1.00e-03 ---
2026-10-01 11:26:25,823 - INFO - 
****************************************************************************************************
2026-10-01 11:26:26,776 - INFO - --- training epoch 21, loss 20.9982, mae 21.4943, rmse 25.8396, time elapsed(min) 0.01---
2026-10-01 11:26:26,925 - INFO - --- validation at epoch 21, val_loss 19.5477, val_mae 20.6877, val_rmse 25.2946, val_r2 0.1402, val_pearson 0.4446, lr 1.00e-03 ---
2026-10-01 11:26:26,925 - INFO - 
****************************************************************************************************
2026-10-01 11:26:28,071 - INFO - --- training epoch 22, loss 21.8284, mae 22.3246, rmse 26.9205, time elapsed(min) 0.01---
2026-10-01 11:26:28,222 - INFO - --- validation at epoch 22, val_loss 21.1930, val_mae 22.2028, val_rmse 27.0579, val_r2 0.0161, val_pearson 0.3400, lr 1.00e-03 ---
2026-10-01 11:26:28,222 - INFO - 
****************************************************************************************************
2026-10-01 11:26:29,012 - INFO - --- training epoch 23, loss 22.2889, mae 22.7856, rmse 27.7622, time elapsed(min) 0.01---
2026-10-01 11:26:29,162 - INFO - --- validation at epoch 23, val_loss 22.3088, val_mae 22.8800, val_rmse 26.2929, val_r2 0.0710, val_pearson 0.3488, lr 1.00e-03 ---
2026-10-01 11:26:29,162 - INFO - 
****************************************************************************************************
2026-10-01 11:26:30,103 - INFO - --- training epoch 24, loss 21.7871, mae 22.2827, rmse 26.7548, time elapsed(min) 0.01---
2026-10-01 11:26:30,258 - INFO - --- validation at epoch 24, val_loss 21.4047, val_mae 22.3311, val_rmse 26.5160, val_r2 0.0552, val_pearson 0.3093, lr 1.00e-03 ---
2026-10-01 11:26:30,258 - INFO - 
****************************************************************************************************
2026-10-01 11:26:31,226 - INFO - --- training epoch 25, loss 21.5517, mae 22.0477, rmse 26.2507, time elapsed(min) 0.01---
2026-10-01 11:26:31,387 - INFO - --- validation at epoch 25, val_loss 21.1497, val_mae 21.7492, val_rmse 25.4308, val_r2 0.1309, val_pearson 0.3625, lr 1.00e-03 ---
2026-10-01 11:26:31,387 - INFO - 
****************************************************************************************************
2026-10-01 11:26:32,537 - INFO - --- training epoch 26, loss 21.1510, mae 21.6475, rmse 25.9659, time elapsed(min) 0.01---
2026-10-01 11:26:32,688 - INFO - --- validation at epoch 26, val_loss 21.0007, val_mae 21.7805, val_rmse 25.6855, val_r2 0.1134, val_pearson 0.3510, lr 1.00e-03 ---
2026-10-01 11:26:32,688 - INFO - 
****************************************************************************************************
2026-10-01 11:26:33,826 - INFO - --- training epoch 27, loss 20.8990, mae 21.3953, rmse 25.5571, time elapsed(min) 0.01---
2026-10-01 11:26:33,956 - INFO - --- validation at epoch 27, val_loss 20.7216, val_mae 21.2523, val_rmse 25.2824, val_r2 0.1410, val_pearson 0.4026, lr 1.00e-03 ---
2026-10-01 11:26:33,956 - INFO - 
****************************************************************************************************
2026-10-01 11:26:34,767 - INFO - --- training epoch 28, loss 20.4331, mae 20.9279, rmse 25.3743, time elapsed(min) 0.01---
2026-10-01 11:26:34,918 - INFO - --- validation at epoch 28, val_loss 20.7745, val_mae 20.9990, val_rmse 25.0001, val_r2 0.1601, val_pearson 0.4033, lr 1.00e-03 ---
2026-10-01 11:26:34,918 - INFO - 
****************************************************************************************************
2026-10-01 11:26:35,190 - INFO - --- early stopping at epoch 28: val_loss did not improve for 10 epochs ---
2026-10-01 11:26:35,370 - INFO - --- selected checkpoint from epoch 18, val_loss 19.1398, val_mae 20.4323, val_rmse 25.2632
2026-10-01 11:26:35,735 - INFO - -- RESULT
2026-10-01 11:26:35,735 - INFO - --- test size: 1187
2026-10-01 11:26:35,735 - INFO - --- MAE: 22.4570 pp, RMSE: 27.1240 pp, R2: 0.0328, Pearson: 0.3568
2026-10-01 11:26:35,737 - INFO - --- fullcv01_split70: MAE 22.457049521836495, RMSE 27.123977197423713, R2 0.03279965596992229
2026-10-01 11:26:35,749 - INFO - --- training fullcv02_split70 (npz/bh/fullcv02_split70)
