2026-10-01 12:00:26,279 - INFO - device is	cuda:0
2026-10-01 12:00:26,366 - INFO - -- CONFIGURATIONS
2026-10-01 12:00:26,366 - INFO - --- train/valid/test: 2491/277/1187
2026-10-01 12:00:26,366 - INFO - --- max no. reactants_train, valid, test respectively: 6, 6, 6
2026-10-01 12:00:26,366 - INFO - --- max no. products_train, valid, test respectively: 1, 1, 1
2026-10-01 12:00:26,366 - INFO - --- model_path: ../logs/approach1_server/approach_1_linear/bh/runs/fullcv06_split70/model.pt
2026-10-01 12:00:26,375 - INFO - -- TRAINING
2026-10-01 12:00:27,125 - INFO - --- training epoch 0, loss 23.7633, mae 24.2601, rmse 29.5517, time elapsed(min) 0.01---
2026-10-01 12:00:27,292 - INFO - --- validation at epoch 0, val_loss 23.7490, val_mae 22.3132, val_rmse 26.8901, val_r2 -0.0240, val_pearson -0.3249, lr 1.00e-03 ---
2026-10-01 12:00:27,292 - INFO - 
****************************************************************************************************
2026-10-01 12:00:28,433 - INFO - --- training epoch 1, loss 22.9445, mae 23.4421, rmse 28.0085, time elapsed(min) 0.01---
2026-10-01 12:00:28,597 - INFO - --- validation at epoch 1, val_loss 23.4247, val_mae 21.8987, val_rmse 26.5916, val_r2 -0.0014, val_pearson 0.2702, lr 1.00e-03 ---
2026-10-01 12:00:28,597 - INFO - 
****************************************************************************************************
2026-10-01 12:00:29,912 - INFO - --- training epoch 2, loss 22.7913, mae 23.2885, rmse 27.5503, time elapsed(min) 0.02---
2026-10-01 12:00:30,078 - INFO - --- validation at epoch 2, val_loss 23.2993, val_mae 21.7449, val_rmse 26.7534, val_r2 -0.0136, val_pearson 0.2890, lr 1.00e-03 ---
2026-10-01 12:00:30,079 - INFO - 
****************************************************************************************************
2026-10-01 12:00:31,020 - INFO - --- training epoch 3, loss 22.6368, mae 23.1344, rmse 27.2313, time elapsed(min) 0.01---
2026-10-01 12:00:31,178 - INFO - --- validation at epoch 3, val_loss 23.1264, val_mae 21.6502, val_rmse 26.4389, val_r2 0.0101, val_pearson 0.2993, lr 1.00e-03 ---
2026-10-01 12:00:31,178 - INFO - 
****************************************************************************************************
2026-10-01 12:00:32,143 - INFO - --- training epoch 4, loss 22.5369, mae 23.0335, rmse 27.0656, time elapsed(min) 0.01---
2026-10-01 12:00:32,293 - INFO - --- validation at epoch 4, val_loss 23.0163, val_mae 21.6593, val_rmse 26.4209, val_r2 0.0114, val_pearson 0.3215, lr 1.00e-03 ---
2026-10-01 12:00:32,293 - INFO - 
****************************************************************************************************
2026-10-01 12:00:33,412 - INFO - --- training epoch 5, loss 22.1437, mae 22.6408, rmse 26.8312, time elapsed(min) 0.01---
2026-10-01 12:00:33,575 - INFO - --- validation at epoch 5, val_loss 22.6561, val_mae 21.9232, val_rmse 25.5151, val_r2 0.0780, val_pearson 0.2891, lr 1.00e-03 ---
2026-10-01 12:00:33,575 - INFO - 
****************************************************************************************************
2026-10-01 12:00:34,696 - INFO - --- training epoch 6, loss 21.8128, mae 22.3095, rmse 26.3194, time elapsed(min) 0.01---
2026-10-01 12:00:34,866 - INFO - --- validation at epoch 6, val_loss 22.4125, val_mae 22.3534, val_rmse 25.7345, val_r2 0.0621, val_pearson 0.2710, lr 1.00e-03 ---
2026-10-01 12:00:34,866 - INFO - 
****************************************************************************************************
2026-10-01 12:00:36,006 - INFO - --- training epoch 7, loss 21.8014, mae 22.2989, rmse 26.2743, time elapsed(min) 0.01---
2026-10-01 12:00:36,150 - INFO - --- validation at epoch 7, val_loss 22.2143, val_mae 21.6622, val_rmse 25.5271, val_r2 0.0772, val_pearson 0.3020, lr 1.00e-03 ---
2026-10-01 12:00:36,150 - INFO - 
****************************************************************************************************
2026-10-01 12:00:37,255 - INFO - --- training epoch 8, loss 21.5408, mae 22.0369, rmse 25.9678, time elapsed(min) 0.01---
2026-10-01 12:00:37,414 - INFO - --- validation at epoch 8, val_loss 22.4922, val_mae 22.4022, val_rmse 25.3918, val_r2 0.0869, val_pearson 0.3270, lr 1.00e-03 ---
2026-10-01 12:00:37,415 - INFO - 
****************************************************************************************************
2026-10-01 12:00:38,301 - INFO - --- training epoch 9, loss 21.7724, mae 22.2686, rmse 26.2351, time elapsed(min) 0.01---
2026-10-01 12:00:38,470 - INFO - --- validation at epoch 9, val_loss 22.5638, val_mae 22.7129, val_rmse 25.9970, val_r2 0.0429, val_pearson 0.2922, lr 1.00e-03 ---
2026-10-01 12:00:38,470 - INFO - 
****************************************************************************************************
2026-10-01 12:00:39,365 - INFO - --- training epoch 10, loss 21.6768, mae 22.1719, rmse 26.1200, time elapsed(min) 0.01---
2026-10-01 12:00:39,508 - INFO - --- validation at epoch 10, val_loss 22.1115, val_mae 21.5752, val_rmse 25.6056, val_r2 0.0715, val_pearson 0.2924, lr 1.00e-03 ---
2026-10-01 12:00:39,508 - INFO - 
****************************************************************************************************
2026-10-01 12:00:40,638 - INFO - --- training epoch 11, loss 21.4473, mae 21.9431, rmse 25.9904, time elapsed(min) 0.01---
2026-10-01 12:00:40,801 - INFO - --- validation at epoch 11, val_loss 22.1330, val_mae 21.5570, val_rmse 25.2205, val_r2 0.0992, val_pearson 0.3267, lr 1.00e-03 ---
2026-10-01 12:00:40,801 - INFO - 
****************************************************************************************************
2026-10-01 12:00:41,841 - INFO - --- training epoch 12, loss 21.2255, mae 21.7221, rmse 25.4505, time elapsed(min) 0.01---
2026-10-01 12:00:42,004 - INFO - --- validation at epoch 12, val_loss 22.2342, val_mae 22.0232, val_rmse 25.2825, val_r2 0.0948, val_pearson 0.3225, lr 1.00e-03 ---
2026-10-01 12:00:42,005 - INFO - 
****************************************************************************************************
2026-10-01 12:00:43,043 - INFO - --- training epoch 13, loss 22.6417, mae 23.1362, rmse 27.8631, time elapsed(min) 0.01---
2026-10-01 12:00:43,392 - INFO - --- validation at epoch 13, val_loss 22.5914, val_mae 21.6701, val_rmse 26.3743, val_r2 0.0149, val_pearson 0.3071, lr 1.00e-03 ---
2026-10-01 12:00:43,392 - INFO - 
****************************************************************************************************
2026-10-01 12:00:44,442 - INFO - --- training epoch 14, loss 22.1545, mae 22.6505, rmse 26.5999, time elapsed(min) 0.01---
2026-10-01 12:00:44,601 - INFO - --- validation at epoch 14, val_loss 23.0171, val_mae 21.7362, val_rmse 26.2281, val_r2 0.0258, val_pearson 0.2980, lr 1.00e-03 ---
2026-10-01 12:00:44,601 - INFO - 
****************************************************************************************************
2026-10-01 12:00:45,510 - INFO - --- training epoch 15, loss 21.7764, mae 22.2731, rmse 26.4612, time elapsed(min) 0.01---
2026-10-01 12:00:45,666 - INFO - --- validation at epoch 15, val_loss 22.5948, val_mae 23.1296, val_rmse 26.5294, val_r2 0.0033, val_pearson 0.2864, lr 1.00e-03 ---
2026-10-01 12:00:45,666 - INFO - 
****************************************************************************************************
2026-10-01 12:00:46,696 - INFO - --- training epoch 16, loss 21.5693, mae 22.0644, rmse 25.9651, time elapsed(min) 0.01---
2026-10-01 12:00:46,855 - INFO - --- validation at epoch 16, val_loss 22.3167, val_mae 22.0345, val_rmse 25.1293, val_r2 0.1057, val_pearson 0.3369, lr 1.00e-03 ---
2026-10-01 12:00:46,855 - INFO - 
****************************************************************************************************
2026-10-01 12:00:48,052 - INFO - --- training epoch 17, loss 21.0454, mae 21.5412, rmse 25.1950, time elapsed(min) 0.02---
2026-10-01 12:00:48,213 - INFO - --- validation at epoch 17, val_loss 22.1262, val_mae 22.0687, val_rmse 25.6322, val_r2 0.0695, val_pearson 0.3147, lr 1.00e-03 ---
2026-10-01 12:00:48,213 - INFO - 
****************************************************************************************************
2026-10-01 12:00:49,267 - INFO - --- training epoch 18, loss 20.9920, mae 21.4878, rmse 25.2850, time elapsed(min) 0.01---
2026-10-01 12:00:49,433 - INFO - --- validation at epoch 18, val_loss 22.1287, val_mae 22.0466, val_rmse 25.4847, val_r2 0.0802, val_pearson 0.3235, lr 1.00e-03 ---
2026-10-01 12:00:49,433 - INFO - 
****************************************************************************************************
2026-10-01 12:00:50,690 - INFO - --- training epoch 19, loss 20.9775, mae 21.4737, rmse 25.2237, time elapsed(min) 0.02---
2026-10-01 12:00:50,829 - INFO - --- validation at epoch 19, val_loss 22.0746, val_mae 21.9833, val_rmse 25.4751, val_r2 0.0809, val_pearson 0.3269, lr 1.00e-03 ---
2026-10-01 12:00:50,829 - INFO - 
****************************************************************************************************
2026-10-01 12:00:51,804 - INFO - --- training epoch 20, loss 21.0212, mae 21.5186, rmse 25.2499, time elapsed(min) 0.01---
2026-10-01 12:00:51,960 - INFO - --- validation at epoch 20, val_loss 22.1455, val_mae 22.0003, val_rmse 25.5003, val_r2 0.0791, val_pearson 0.3225, lr 1.00e-03 ---
2026-10-01 12:00:51,960 - INFO - 
****************************************************************************************************
2026-10-01 12:00:52,846 - INFO - --- training epoch 21, loss 20.9940, mae 21.4896, rmse 25.3026, time elapsed(min) 0.01---
2026-10-01 12:00:53,000 - INFO - --- validation at epoch 21, val_loss 22.1055, val_mae 21.9583, val_rmse 25.4630, val_r2 0.0818, val_pearson 0.3268, lr 1.00e-03 ---
2026-10-01 12:00:53,000 - INFO - 
****************************************************************************************************
2026-10-01 12:00:54,058 - INFO - --- training epoch 22, loss 20.9450, mae 21.4412, rmse 25.2037, time elapsed(min) 0.01---
2026-10-01 12:00:54,224 - INFO - --- validation at epoch 22, val_loss 22.1620, val_mae 22.1032, val_rmse 25.5046, val_r2 0.0788, val_pearson 0.3281, lr 1.00e-03 ---
2026-10-01 12:00:54,224 - INFO - 
****************************************************************************************************
2026-10-01 12:00:55,279 - INFO - --- training epoch 23, loss 20.9733, mae 21.4696, rmse 25.2253, time elapsed(min) 0.01---
2026-10-01 12:00:55,434 - INFO - --- validation at epoch 23, val_loss 22.1462, val_mae 21.8981, val_rmse 25.4981, val_r2 0.0793, val_pearson 0.3227, lr 1.00e-03 ---
2026-10-01 12:00:55,434 - INFO - 
****************************************************************************************************
2026-10-01 12:00:56,525 - INFO - --- training epoch 24, loss 20.9877, mae 21.4838, rmse 25.3315, time elapsed(min) 0.01---
2026-10-01 12:00:56,883 - INFO - --- validation at epoch 24, val_loss 22.1152, val_mae 21.8933, val_rmse 25.6434, val_r2 0.0687, val_pearson 0.3234, lr 1.00e-03 ---
2026-10-01 12:00:56,883 - INFO - 
****************************************************************************************************
2026-10-01 12:00:57,922 - INFO - --- training epoch 25, loss 20.9127, mae 21.4091, rmse 25.2426, time elapsed(min) 0.01---
2026-10-01 12:00:58,079 - INFO - --- validation at epoch 25, val_loss 22.1437, val_mae 21.9244, val_rmse 25.5962, val_r2 0.0722, val_pearson 0.3238, lr 1.00e-03 ---
2026-10-01 12:00:58,080 - INFO - 
****************************************************************************************************
2026-10-01 12:00:58,982 - INFO - --- training epoch 26, loss 20.8989, mae 21.3957, rmse 25.1455, time elapsed(min) 0.01---
2026-10-01 12:00:59,133 - INFO - --- validation at epoch 26, val_loss 22.1378, val_mae 21.9722, val_rmse 25.6835, val_r2 0.0658, val_pearson 0.3241, lr 1.00e-03 ---
2026-10-01 12:00:59,133 - INFO - 
****************************************************************************************************
2026-10-01 12:01:00,192 - INFO - --- training epoch 27, loss 20.9739, mae 21.4689, rmse 25.2687, time elapsed(min) 0.01---
2026-10-01 12:01:00,356 - INFO - --- validation at epoch 27, val_loss 22.1787, val_mae 22.0177, val_rmse 25.5538, val_r2 0.0752, val_pearson 0.3232, lr 1.00e-03 ---
2026-10-01 12:01:00,356 - INFO - 
****************************************************************************************************
2026-10-01 12:01:01,418 - INFO - --- training epoch 28, loss 21.0091, mae 21.5058, rmse 25.2621, time elapsed(min) 0.01---
2026-10-01 12:01:01,566 - INFO - --- validation at epoch 28, val_loss 22.0315, val_mae 21.7791, val_rmse 25.5487, val_r2 0.0756, val_pearson 0.3316, lr 1.00e-03 ---
2026-10-01 12:01:01,566 - INFO - 
****************************************************************************************************
2026-10-01 12:01:02,747 - INFO - --- training epoch 29, loss 21.0043, mae 21.5018, rmse 25.2366, time elapsed(min) 0.01---
2026-10-01 12:01:02,900 - INFO - --- validation at epoch 29, val_loss 22.1686, val_mae 21.8215, val_rmse 25.6166, val_r2 0.0707, val_pearson 0.3185, lr 1.00e-03 ---
2026-10-01 12:01:02,900 - INFO - 
****************************************************************************************************
2026-10-01 12:01:03,951 - INFO - --- training epoch 30, loss 20.8883, mae 21.3853, rmse 25.2392, time elapsed(min) 0.01---
2026-10-01 12:01:04,094 - INFO - --- validation at epoch 30, val_loss 22.0490, val_mae 21.8365, val_rmse 25.8241, val_r2 0.0556, val_pearson 0.3258, lr 1.00e-03 ---
2026-10-01 12:01:04,094 - INFO - 
****************************************************************************************************
2026-10-01 12:01:04,999 - INFO - --- training epoch 31, loss 20.8606, mae 21.3573, rmse 25.1205, time elapsed(min) 0.01---
2026-10-01 12:01:05,163 - INFO - --- validation at epoch 31, val_loss 22.1046, val_mae 22.0064, val_rmse 25.8642, val_r2 0.0526, val_pearson 0.3253, lr 1.00e-03 ---
2026-10-01 12:01:05,163 - INFO - 
****************************************************************************************************
2026-10-01 12:01:06,069 - INFO - --- training epoch 32, loss 20.9916, mae 21.4873, rmse 25.2456, time elapsed(min) 0.01---
2026-10-01 12:01:06,222 - INFO - --- validation at epoch 32, val_loss 22.1972, val_mae 21.8185, val_rmse 25.6053, val_r2 0.0715, val_pearson 0.3198, lr 1.00e-03 ---
2026-10-01 12:01:06,222 - INFO - 
****************************************************************************************************
2026-10-01 12:01:07,270 - INFO - --- training epoch 33, loss 20.9075, mae 21.4032, rmse 25.2084, time elapsed(min) 0.01---
2026-10-01 12:01:07,419 - INFO - --- validation at epoch 33, val_loss 22.2669, val_mae 22.2718, val_rmse 25.6485, val_r2 0.0684, val_pearson 0.3327, lr 1.00e-03 ---
2026-10-01 12:01:07,419 - INFO - 
****************************************************************************************************
2026-10-01 12:01:08,482 - INFO - --- training epoch 34, loss 21.9787, mae 22.4761, rmse 26.3306, time elapsed(min) 0.01---
2026-10-01 12:01:08,641 - INFO - --- validation at epoch 34, val_loss 22.6976, val_mae 21.6231, val_rmse 25.5042, val_r2 0.0788, val_pearson 0.3244, lr 1.00e-03 ---
2026-10-01 12:01:08,641 - INFO - 
****************************************************************************************************
2026-10-01 12:01:09,861 - INFO - --- training epoch 35, loss 21.4144, mae 21.9106, rmse 25.9055, time elapsed(min) 0.02---
2026-10-01 12:01:10,017 - INFO - --- validation at epoch 35, val_loss 22.4921, val_mae 22.7153, val_rmse 25.8719, val_r2 0.0521, val_pearson 0.3015, lr 1.00e-03 ---
2026-10-01 12:01:10,018 - INFO - 
****************************************************************************************************
2026-10-01 12:01:10,927 - INFO - --- training epoch 36, loss 21.2876, mae 21.7831, rmse 25.5356, time elapsed(min) 0.01---
2026-10-01 12:01:11,095 - INFO - --- validation at epoch 36, val_loss 22.4163, val_mae 21.7270, val_rmse 25.5662, val_r2 0.0743, val_pearson 0.2951, lr 1.00e-03 ---
2026-10-01 12:01:11,095 - INFO - 
****************************************************************************************************
2026-10-01 12:01:12,002 - INFO - --- training epoch 37, loss 20.8889, mae 21.3861, rmse 25.2107, time elapsed(min) 0.01---
2026-10-01 12:01:12,161 - INFO - --- validation at epoch 37, val_loss 21.7998, val_mae 21.9428, val_rmse 25.2900, val_r2 0.0942, val_pearson 0.3562, lr 1.00e-03 ---
2026-10-01 12:01:12,161 - INFO - 
****************************************************************************************************
2026-10-01 12:01:13,300 - INFO - --- training epoch 38, loss 21.1757, mae 21.6717, rmse 25.4498, time elapsed(min) 0.01---
2026-10-01 12:01:13,457 - INFO - --- validation at epoch 38, val_loss 23.2229, val_mae 23.1033, val_rmse 26.3588, val_r2 0.0161, val_pearson 0.3102, lr 1.00e-03 ---
2026-10-01 12:01:13,457 - INFO - 
****************************************************************************************************
2026-10-01 12:01:14,673 - INFO - --- training epoch 39, loss 21.1352, mae 21.6307, rmse 25.6455, time elapsed(min) 0.02---
2026-10-01 12:01:14,838 - INFO - --- validation at epoch 39, val_loss 22.2007, val_mae 22.2079, val_rmse 25.2271, val_r2 0.0987, val_pearson 0.3536, lr 1.00e-03 ---
2026-10-01 12:01:14,839 - INFO - 
****************************************************************************************************
2026-10-01 12:01:15,909 - INFO - --- training epoch 40, loss 21.3883, mae 21.8840, rmse 25.8617, time elapsed(min) 0.01---
2026-10-01 12:01:16,254 - INFO - --- validation at epoch 40, val_loss 21.5375, val_mae 21.6620, val_rmse 25.1283, val_r2 0.1058, val_pearson 0.3583, lr 1.00e-03 ---
2026-10-01 12:01:16,254 - INFO - 
****************************************************************************************************
2026-10-01 12:01:17,389 - INFO - --- training epoch 41, loss 20.8675, mae 21.3639, rmse 24.8477, time elapsed(min) 0.01---
2026-10-01 12:01:17,552 - INFO - --- validation at epoch 41, val_loss 22.2633, val_mae 21.7846, val_rmse 24.7298, val_r2 0.1339, val_pearson 0.3924, lr 1.00e-03 ---
2026-10-01 12:01:17,552 - INFO - 
****************************************************************************************************
2026-10-01 12:01:18,469 - INFO - --- training epoch 42, loss 20.7586, mae 21.2556, rmse 25.0234, time elapsed(min) 0.01---
2026-10-01 12:01:18,636 - INFO - --- validation at epoch 42, val_loss 24.0663, val_mae 24.7951, val_rmse 29.9727, val_r2 -0.2723, val_pearson 0.3886, lr 1.00e-03 ---
2026-10-01 12:01:18,636 - INFO - 
****************************************************************************************************
2026-10-01 12:01:19,691 - INFO - --- training epoch 43, loss 21.6333, mae 22.1286, rmse 26.3866, time elapsed(min) 0.01---
2026-10-01 12:01:19,854 - INFO - --- validation at epoch 43, val_loss 22.0711, val_mae 21.7148, val_rmse 25.7753, val_r2 0.0591, val_pearson 0.3004, lr 1.00e-03 ---
2026-10-01 12:01:19,854 - INFO - 
****************************************************************************************************
2026-10-01 12:01:21,067 - INFO - --- training epoch 44, loss 20.8811, mae 21.3772, rmse 25.1574, time elapsed(min) 0.02---
2026-10-01 12:01:21,229 - INFO - --- validation at epoch 44, val_loss 21.3601, val_mae 21.8731, val_rmse 25.4872, val_r2 0.0801, val_pearson 0.3576, lr 1.00e-03 ---
2026-10-01 12:01:21,229 - INFO - 
****************************************************************************************************
2026-10-01 12:01:22,375 - INFO - --- training epoch 45, loss 21.8807, mae 22.3765, rmse 26.3643, time elapsed(min) 0.01---
2026-10-01 12:01:22,712 - INFO - --- validation at epoch 45, val_loss 23.6530, val_mae 23.5616, val_rmse 26.6486, val_r2 -0.0057, val_pearson 0.2801, lr 1.00e-03 ---
2026-10-01 12:01:22,713 - INFO - 
****************************************************************************************************
2026-10-01 12:01:23,775 - INFO - --- training epoch 46, loss 21.2810, mae 21.7774, rmse 25.5288, time elapsed(min) 0.01---
2026-10-01 12:01:23,920 - INFO - --- validation at epoch 46, val_loss 22.1359, val_mae 22.2809, val_rmse 25.5432, val_r2 0.0760, val_pearson 0.3017, lr 1.00e-03 ---
2026-10-01 12:01:23,921 - INFO - 
****************************************************************************************************
2026-10-01 12:01:24,841 - INFO - --- training epoch 47, loss 20.9889, mae 21.4850, rmse 25.1704, time elapsed(min) 0.01---
2026-10-01 12:01:25,006 - INFO - --- validation at epoch 47, val_loss 22.1989, val_mae 22.4272, val_rmse 26.0175, val_r2 0.0414, val_pearson 0.2915, lr 1.00e-03 ---
2026-10-01 12:01:25,006 - INFO - 
****************************************************************************************************
2026-10-01 12:01:26,056 - INFO - --- training epoch 48, loss 20.9799, mae 21.4772, rmse 25.2457, time elapsed(min) 0.01---
2026-10-01 12:01:26,208 - INFO - --- validation at epoch 48, val_loss 22.1138, val_mae 22.5032, val_rmse 25.8811, val_r2 0.0514, val_pearson 0.3149, lr 1.00e-03 ---
2026-10-01 12:01:26,208 - INFO - 
****************************************************************************************************
2026-10-01 12:01:27,412 - INFO - --- training epoch 49, loss 20.9768, mae 21.4738, rmse 25.0867, time elapsed(min) 0.02---
2026-10-01 12:01:27,556 - INFO - --- validation at epoch 49, val_loss 21.8309, val_mae 21.9899, val_rmse 25.4529, val_r2 0.0825, val_pearson 0.3306, lr 1.00e-03 ---
2026-10-01 12:01:27,556 - INFO - 
****************************************************************************************************
2026-10-01 12:01:28,619 - INFO - --- training epoch 50, loss 20.8325, mae 21.3285, rmse 25.1250, time elapsed(min) 0.01---
2026-10-01 12:01:28,777 - INFO - --- validation at epoch 50, val_loss 22.0193, val_mae 22.3980, val_rmse 26.0281, val_r2 0.0406, val_pearson 0.3134, lr 1.00e-03 ---
2026-10-01 12:01:28,777 - INFO - 
****************************************************************************************************
2026-10-01 12:01:30,030 - INFO - --- training epoch 51, loss 20.8516, mae 21.3461, rmse 25.1310, time elapsed(min) 0.02---
2026-10-01 12:01:30,187 - INFO - --- validation at epoch 51, val_loss 21.6043, val_mae 21.7723, val_rmse 25.6041, val_r2 0.0716, val_pearson 0.3328, lr 1.00e-03 ---
2026-10-01 12:01:30,187 - INFO - 
****************************************************************************************************
2026-10-01 12:01:31,106 - INFO - --- training epoch 52, loss 20.7561, mae 21.2529, rmse 25.1157, time elapsed(min) 0.01---
2026-10-01 12:01:31,257 - INFO - --- validation at epoch 52, val_loss 21.8145, val_mae 22.2101, val_rmse 26.0408, val_r2 0.0397, val_pearson 0.3289, lr 1.00e-03 ---
2026-10-01 12:01:31,257 - INFO - 
****************************************************************************************************
2026-10-01 12:01:32,289 - INFO - --- training epoch 53, loss 20.8170, mae 21.3134, rmse 25.2735, time elapsed(min) 0.01---
2026-10-01 12:01:32,453 - INFO - --- validation at epoch 53, val_loss 21.2775, val_mae 21.6224, val_rmse 25.8247, val_r2 0.0555, val_pearson 0.3433, lr 1.00e-03 ---
2026-10-01 12:01:32,453 - INFO - 
****************************************************************************************************
2026-10-01 12:01:33,701 - INFO - --- training epoch 54, loss 20.8817, mae 21.3786, rmse 25.2654, time elapsed(min) 0.01---
2026-10-01 12:01:33,856 - INFO - --- validation at epoch 54, val_loss 21.9790, val_mae 22.0884, val_rmse 25.9107, val_r2 0.0492, val_pearson 0.3213, lr 1.00e-03 ---
2026-10-01 12:01:33,856 - INFO - 
****************************************************************************************************
2026-10-01 12:01:34,933 - INFO - --- training epoch 55, loss 20.7502, mae 21.2462, rmse 25.0799, time elapsed(min) 0.01---
2026-10-01 12:01:35,096 - INFO - --- validation at epoch 55, val_loss 21.6480, val_mae 21.9833, val_rmse 25.8563, val_r2 0.0532, val_pearson 0.3269, lr 1.00e-03 ---
2026-10-01 12:01:35,096 - INFO - 
****************************************************************************************************
2026-10-01 12:01:36,333 - INFO - --- training epoch 56, loss 20.8712, mae 21.3688, rmse 25.2526, time elapsed(min) 0.02---
2026-10-01 12:01:36,500 - INFO - --- validation at epoch 56, val_loss 21.3495, val_mae 21.7175, val_rmse 25.7766, val_r2 0.0590, val_pearson 0.3416, lr 1.00e-03 ---
2026-10-01 12:01:36,500 - INFO - 
****************************************************************************************************
2026-10-01 12:01:37,413 - INFO - --- training epoch 57, loss 20.9103, mae 21.4070, rmse 25.3280, time elapsed(min) 0.01---
2026-10-01 12:01:37,571 - INFO - --- validation at epoch 57, val_loss 22.1123, val_mae 22.1000, val_rmse 25.8822, val_r2 0.0513, val_pearson 0.3297, lr 1.00e-03 ---
2026-10-01 12:01:37,571 - INFO - 
****************************************************************************************************
2026-10-01 12:01:38,478 - INFO - --- training epoch 58, loss 20.7428, mae 21.2401, rmse 25.1111, time elapsed(min) 0.01---
2026-10-01 12:01:38,636 - INFO - --- validation at epoch 58, val_loss 21.8827, val_mae 22.0158, val_rmse 25.7971, val_r2 0.0575, val_pearson 0.3408, lr 1.00e-03 ---
2026-10-01 12:01:38,636 - INFO - 
****************************************************************************************************
2026-10-01 12:01:39,832 - INFO - --- training epoch 59, loss 20.6805, mae 21.1772, rmse 25.1865, time elapsed(min) 0.02---
2026-10-01 12:01:39,992 - INFO - --- validation at epoch 59, val_loss 21.9383, val_mae 22.1187, val_rmse 25.9272, val_r2 0.0480, val_pearson 0.3421, lr 1.00e-03 ---
2026-10-01 12:01:39,992 - INFO - 
****************************************************************************************************
2026-10-01 12:01:41,191 - INFO - --- training epoch 60, loss 20.6970, mae 21.1937, rmse 25.2394, time elapsed(min) 0.02---
2026-10-01 12:01:41,344 - INFO - --- validation at epoch 60, val_loss 22.0162, val_mae 22.0586, val_rmse 26.0229, val_r2 0.0410, val_pearson 0.3369, lr 1.00e-03 ---
2026-10-01 12:01:41,344 - INFO - 
****************************************************************************************************
2026-10-01 12:01:42,403 - INFO - --- training epoch 61, loss 21.3056, mae 21.8024, rmse 25.7438, time elapsed(min) 0.01---
2026-10-01 12:01:42,727 - INFO - --- validation at epoch 61, val_loss 21.3267, val_mae 21.3039, val_rmse 25.3447, val_r2 0.0903, val_pearson 0.3630, lr 1.00e-03 ---
2026-10-01 12:01:42,727 - INFO - 
****************************************************************************************************
2026-10-01 12:01:43,785 - INFO - --- training epoch 62, loss 20.9224, mae 21.4187, rmse 25.5580, time elapsed(min) 0.01---
2026-10-01 12:01:43,948 - INFO - --- validation at epoch 62, val_loss 21.8392, val_mae 21.9052, val_rmse 25.7058, val_r2 0.0642, val_pearson 0.3309, lr 1.00e-03 ---
2026-10-01 12:01:43,948 - INFO - 
****************************************************************************************************
2026-10-01 12:01:44,846 - INFO - --- training epoch 63, loss 20.7416, mae 21.2385, rmse 24.8852, time elapsed(min) 0.01---
2026-10-01 12:01:45,016 - INFO - --- validation at epoch 63, val_loss 22.3591, val_mae 22.6992, val_rmse 26.2503, val_r2 0.0241, val_pearson 0.3373, lr 1.00e-03 ---
2026-10-01 12:01:45,016 - INFO - 
****************************************************************************************************
2026-10-01 12:01:45,320 - INFO - --- early stopping at epoch 63: val_loss did not improve for 10 epochs ---
2026-10-01 12:01:45,519 - INFO - --- selected checkpoint from epoch 53, val_loss 21.2775, val_mae 21.6224, val_rmse 25.8247
2026-10-01 12:01:45,894 - INFO - -- RESULT
2026-10-01 12:01:45,894 - INFO - --- test size: 1187
2026-10-01 12:01:45,894 - INFO - --- MAE: 21.5547 pp, RMSE: 25.7366 pp, R2: 0.0986, Pearson: 0.3958
2026-10-01 12:01:45,896 - INFO - --- fullcv06_split70: MAE 21.55465738155676, RMSE 25.736593513826346, R2 0.09855286634644711
2026-10-01 12:01:45,906 - INFO - --- training fullcv07_split70 (npz/bh/fullcv07_split70)
