2026-10-01 17:35:16,841 - INFO - device is	cuda:0
2026-10-01 17:35:17,052 - INFO - -- CONFIGURATIONS
2026-10-01 17:35:17,052 - INFO - --- train/valid/test: 3628/404/1728
2026-10-01 17:35:17,052 - INFO - --- max no. reactants_train, valid, test respectively: 14, 14, 14
2026-10-01 17:35:17,052 - INFO - --- max no. products_train, valid, test respectively: 1, 1, 1
2026-10-01 17:35:17,052 - INFO - --- model_path: ../logs/suzuki_approach1_grid/runs/suzuki/split_9/current_model/model.pt
2026-10-01 17:35:17,058 - INFO - -- TRAINING
2026-10-01 17:35:18,367 - INFO - --- training epoch 0, loss 2.2086, mae 2.5453, rmse 7.8933, time elapsed(min) 0.02---
2026-10-01 17:35:18,573 - INFO - --- validation at epoch 0, val_loss 0.0375, val_mae 0.2373, val_rmse 0.2703, val_r2 0.0137, val_pearson 0.2147, lr 1.00e-03 ---
2026-10-01 17:35:18,573 - INFO - 
****************************************************************************************************
2026-10-01 17:35:20,251 - INFO - --- training epoch 1, loss 0.0442, mae 0.2515, rmse 0.2972, time elapsed(min) 0.02---
2026-10-01 17:35:20,460 - INFO - --- validation at epoch 1, val_loss 0.0368, val_mae 0.2313, val_rmse 0.2681, val_r2 0.0293, val_pearson 0.2439, lr 1.00e-03 ---
2026-10-01 17:35:20,460 - INFO - 
****************************************************************************************************
2026-10-01 17:35:22,146 - INFO - --- training epoch 2, loss 0.0387, mae 0.2402, rmse 0.2784, time elapsed(min) 0.02---
2026-10-01 17:35:22,476 - INFO - --- validation at epoch 2, val_loss 0.0378, val_mae 0.2278, val_rmse 0.2725, val_r2 -0.0025, val_pearson 0.2497, lr 1.00e-03 ---
2026-10-01 17:35:22,476 - INFO - 
****************************************************************************************************
2026-10-01 17:35:24,181 - INFO - --- training epoch 3, loss 0.0393, mae 0.2412, rmse 0.2802, time elapsed(min) 0.02---
2026-10-01 17:35:24,546 - INFO - --- validation at epoch 3, val_loss 0.0379, val_mae 0.2273, val_rmse 0.2718, val_r2 0.0021, val_pearson 0.2684, lr 1.00e-03 ---
2026-10-01 17:35:24,546 - INFO - 
****************************************************************************************************
2026-10-01 17:35:26,331 - INFO - --- training epoch 4, loss 0.0402, mae 0.2419, rmse 0.2836, time elapsed(min) 0.02---
2026-10-01 17:35:26,538 - INFO - --- validation at epoch 4, val_loss 0.0364, val_mae 0.2271, val_rmse 0.2657, val_r2 0.0466, val_pearson 0.2796, lr 1.00e-03 ---
2026-10-01 17:35:26,538 - INFO - 
****************************************************************************************************
2026-10-01 17:35:28,175 - INFO - --- training epoch 5, loss 0.0402, mae 0.2425, rmse 0.2835, time elapsed(min) 0.02---
2026-10-01 17:35:28,407 - INFO - --- validation at epoch 5, val_loss 0.0366, val_mae 0.2258, val_rmse 0.2665, val_r2 0.0407, val_pearson 0.2899, lr 1.00e-03 ---
2026-10-01 17:35:28,407 - INFO - 
****************************************************************************************************
2026-10-01 17:35:30,046 - INFO - --- training epoch 6, loss 0.0419, mae 0.2458, rmse 0.2893, time elapsed(min) 0.02---
2026-10-01 17:35:30,431 - INFO - --- validation at epoch 6, val_loss 0.0356, val_mae 0.2266, val_rmse 0.2619, val_r2 0.0735, val_pearson 0.2971, lr 1.00e-03 ---
2026-10-01 17:35:30,431 - INFO - 
****************************************************************************************************
2026-10-01 17:35:32,250 - INFO - --- training epoch 7, loss 0.0386, mae 0.2379, rmse 0.2779, time elapsed(min) 0.02---
2026-10-01 17:35:32,503 - INFO - --- validation at epoch 7, val_loss 0.0355, val_mae 0.2249, val_rmse 0.2614, val_r2 0.0772, val_pearson 0.3081, lr 1.00e-03 ---
2026-10-01 17:35:32,503 - INFO - 
****************************************************************************************************
2026-10-01 17:35:34,153 - INFO - --- training epoch 8, loss 0.0405, mae 0.2421, rmse 0.2847, time elapsed(min) 0.02---
2026-10-01 17:35:34,360 - INFO - --- validation at epoch 8, val_loss 0.0389, val_mae 0.2252, val_rmse 0.2740, val_r2 -0.0139, val_pearson 0.3102, lr 1.00e-03 ---
2026-10-01 17:35:34,360 - INFO - 
****************************************************************************************************
2026-10-01 17:35:36,082 - INFO - --- training epoch 9, loss 0.0394, mae 0.2391, rmse 0.2805, time elapsed(min) 0.02---
2026-10-01 17:35:36,411 - INFO - --- validation at epoch 9, val_loss 0.0354, val_mae 0.2236, val_rmse 0.2607, val_r2 0.0825, val_pearson 0.3181, lr 1.00e-03 ---
2026-10-01 17:35:36,412 - INFO - 
****************************************************************************************************
2026-10-01 17:35:38,360 - INFO - --- training epoch 10, loss 0.0394, mae 0.2386, rmse 0.2807, time elapsed(min) 0.03---
2026-10-01 17:35:38,570 - INFO - --- validation at epoch 10, val_loss 0.0349, val_mae 0.2239, val_rmse 0.2586, val_r2 0.0972, val_pearson 0.3249, lr 1.00e-03 ---
2026-10-01 17:35:38,570 - INFO - 
****************************************************************************************************
2026-10-01 17:35:40,213 - INFO - --- training epoch 11, loss 0.0391, mae 0.2382, rmse 0.2797, time elapsed(min) 0.02---
2026-10-01 17:35:40,421 - INFO - --- validation at epoch 11, val_loss 0.0354, val_mae 0.2221, val_rmse 0.2608, val_r2 0.0813, val_pearson 0.3257, lr 1.00e-03 ---
2026-10-01 17:35:40,421 - INFO - 
****************************************************************************************************
2026-10-01 17:35:42,000 - INFO - --- training epoch 12, loss 0.0390, mae 0.2377, rmse 0.2791, time elapsed(min) 0.02---
2026-10-01 17:35:42,205 - INFO - --- validation at epoch 12, val_loss 0.0372, val_mae 0.2219, val_rmse 0.2674, val_r2 0.0344, val_pearson 0.3308, lr 1.00e-03 ---
2026-10-01 17:35:42,205 - INFO - 
****************************************************************************************************
2026-10-01 17:35:43,929 - INFO - --- training epoch 13, loss 0.0400, mae 0.2376, rmse 0.2827, time elapsed(min) 0.02---
2026-10-01 17:35:44,315 - INFO - --- validation at epoch 13, val_loss 0.0443, val_mae 0.2301, val_rmse 0.2931, val_r2 -0.1603, val_pearson 0.3392, lr 1.00e-03 ---
2026-10-01 17:35:44,315 - INFO - 
****************************************************************************************************
2026-10-01 17:35:45,999 - INFO - --- training epoch 14, loss 0.0419, mae 0.2431, rmse 0.2896, time elapsed(min) 0.02---
2026-10-01 17:35:46,210 - INFO - --- validation at epoch 14, val_loss 0.0343, val_mae 0.2231, val_rmse 0.2569, val_r2 0.1090, val_pearson 0.3526, lr 1.00e-03 ---
2026-10-01 17:35:46,210 - INFO - 
****************************************************************************************************
2026-10-01 17:35:47,831 - INFO - --- training epoch 15, loss 0.0390, mae 0.2365, rmse 0.2794, time elapsed(min) 0.02---
2026-10-01 17:35:48,037 - INFO - --- validation at epoch 15, val_loss 0.0338, val_mae 0.2197, val_rmse 0.2546, val_r2 0.1243, val_pearson 0.3702, lr 1.00e-03 ---
2026-10-01 17:35:48,037 - INFO - 
****************************************************************************************************
2026-10-01 17:35:49,749 - INFO - --- training epoch 16, loss 0.0383, mae 0.2349, rmse 0.2767, time elapsed(min) 0.02---
2026-10-01 17:35:50,130 - INFO - --- validation at epoch 16, val_loss 0.0326, val_mae 0.2149, val_rmse 0.2506, val_r2 0.1520, val_pearson 0.4207, lr 1.00e-03 ---
2026-10-01 17:35:50,130 - INFO - 
****************************************************************************************************
2026-10-01 17:35:51,877 - INFO - --- training epoch 17, loss 0.0372, mae 0.2317, rmse 0.2728, time elapsed(min) 0.02---
2026-10-01 17:35:52,089 - INFO - --- validation at epoch 17, val_loss 0.0325, val_mae 0.2113, val_rmse 0.2495, val_r2 0.1594, val_pearson 0.4476, lr 1.00e-03 ---
2026-10-01 17:35:52,089 - INFO - 
****************************************************************************************************
2026-10-01 17:35:53,708 - INFO - --- training epoch 18, loss 0.0364, mae 0.2290, rmse 0.2698, time elapsed(min) 0.02---
2026-10-01 17:35:53,918 - INFO - --- validation at epoch 18, val_loss 0.0327, val_mae 0.2092, val_rmse 0.2485, val_r2 0.1659, val_pearson 0.4562, lr 1.00e-03 ---
2026-10-01 17:35:53,918 - INFO - 
****************************************************************************************************
2026-10-01 17:35:55,584 - INFO - --- training epoch 19, loss 0.0361, mae 0.2269, rmse 0.2685, time elapsed(min) 0.02---
2026-10-01 17:35:55,931 - INFO - --- validation at epoch 19, val_loss 0.0337, val_mae 0.2097, val_rmse 0.2525, val_r2 0.1392, val_pearson 0.4606, lr 1.00e-03 ---
2026-10-01 17:35:55,932 - INFO - 
****************************************************************************************************
2026-10-01 17:35:57,633 - INFO - --- training epoch 20, loss 0.0362, mae 0.2276, rmse 0.2689, time elapsed(min) 0.02---
2026-10-01 17:35:57,994 - INFO - --- validation at epoch 20, val_loss 0.0330, val_mae 0.2083, val_rmse 0.2493, val_r2 0.1608, val_pearson 0.4714, lr 1.00e-03 ---
2026-10-01 17:35:57,994 - INFO - 
****************************************************************************************************
2026-10-01 17:35:59,689 - INFO - --- training epoch 21, loss 0.0360, mae 0.2274, rmse 0.2682, time elapsed(min) 0.02---
2026-10-01 17:35:59,896 - INFO - --- validation at epoch 21, val_loss 0.0321, val_mae 0.2058, val_rmse 0.2464, val_r2 0.1804, val_pearson 0.4841, lr 1.00e-03 ---
2026-10-01 17:35:59,896 - INFO - 
****************************************************************************************************
2026-10-01 17:36:01,653 - INFO - --- training epoch 22, loss 0.0359, mae 0.2266, rmse 0.2678, time elapsed(min) 0.02---
2026-10-01 17:36:01,859 - INFO - --- validation at epoch 22, val_loss 0.0322, val_mae 0.2073, val_rmse 0.2472, val_r2 0.1749, val_pearson 0.4889, lr 1.00e-03 ---
2026-10-01 17:36:01,859 - INFO - 
****************************************************************************************************
2026-10-01 17:36:03,565 - INFO - --- training epoch 23, loss 0.0354, mae 0.2245, rmse 0.2660, time elapsed(min) 0.02---
2026-10-01 17:36:03,950 - INFO - --- validation at epoch 23, val_loss 0.0332, val_mae 0.2086, val_rmse 0.2524, val_r2 0.1395, val_pearson 0.4916, lr 1.00e-03 ---
2026-10-01 17:36:03,950 - INFO - 
****************************************************************************************************
2026-10-01 17:36:05,679 - INFO - --- training epoch 24, loss 0.0352, mae 0.2233, rmse 0.2652, time elapsed(min) 0.02---
2026-10-01 17:36:05,887 - INFO - --- validation at epoch 24, val_loss 0.0335, val_mae 0.2099, val_rmse 0.2539, val_r2 0.1293, val_pearson 0.4894, lr 1.00e-03 ---
2026-10-01 17:36:05,888 - INFO - 
****************************************************************************************************
2026-10-01 17:36:07,470 - INFO - --- training epoch 25, loss 0.0353, mae 0.2241, rmse 0.2656, time elapsed(min) 0.02---
2026-10-01 17:36:07,674 - INFO - --- validation at epoch 25, val_loss 0.0311, val_mae 0.2040, val_rmse 0.2442, val_r2 0.1944, val_pearson 0.5043, lr 1.00e-03 ---
2026-10-01 17:36:07,674 - INFO - 
****************************************************************************************************
2026-10-01 17:36:09,335 - INFO - --- training epoch 26, loss 0.0340, mae 0.2188, rmse 0.2608, time elapsed(min) 0.02---
2026-10-01 17:36:09,750 - INFO - --- validation at epoch 26, val_loss 0.0329, val_mae 0.2012, val_rmse 0.2485, val_r2 0.1663, val_pearson 0.5349, lr 1.00e-03 ---
2026-10-01 17:36:09,750 - INFO - 
****************************************************************************************************
2026-10-01 17:36:11,483 - INFO - --- training epoch 27, loss 0.0335, mae 0.2154, rmse 0.2589, time elapsed(min) 0.02---
2026-10-01 17:36:11,736 - INFO - --- validation at epoch 27, val_loss 0.0330, val_mae 0.2020, val_rmse 0.2501, val_r2 0.1551, val_pearson 0.5417, lr 1.00e-03 ---
2026-10-01 17:36:11,736 - INFO - 
****************************************************************************************************
2026-10-01 17:36:13,357 - INFO - --- training epoch 28, loss 0.0336, mae 0.2145, rmse 0.2591, time elapsed(min) 0.02---
2026-10-01 17:36:13,566 - INFO - --- validation at epoch 28, val_loss 0.0305, val_mae 0.1960, val_rmse 0.2402, val_r2 0.2207, val_pearson 0.5307, lr 1.00e-03 ---
2026-10-01 17:36:13,566 - INFO - 
****************************************************************************************************
2026-10-01 17:36:15,245 - INFO - --- training epoch 29, loss 0.0328, mae 0.2117, rmse 0.2560, time elapsed(min) 0.02---
2026-10-01 17:36:15,609 - INFO - --- validation at epoch 29, val_loss 0.0298, val_mae 0.1941, val_rmse 0.2375, val_r2 0.2385, val_pearson 0.5545, lr 1.00e-03 ---
2026-10-01 17:36:15,609 - INFO - 
****************************************************************************************************
2026-10-01 17:36:17,371 - INFO - --- training epoch 30, loss 0.0317, mae 0.2073, rmse 0.2517, time elapsed(min) 0.02---
2026-10-01 17:36:17,584 - INFO - --- validation at epoch 30, val_loss 0.0253, val_mae 0.1799, val_rmse 0.2194, val_r2 0.3499, val_pearson 0.5985, lr 1.00e-03 ---
2026-10-01 17:36:17,584 - INFO - 
****************************************************************************************************
2026-10-01 17:36:19,249 - INFO - --- training epoch 31, loss 0.0344, mae 0.2175, rmse 0.2621, time elapsed(min) 0.02---
2026-10-01 17:36:19,455 - INFO - --- validation at epoch 31, val_loss 0.0293, val_mae 0.1967, val_rmse 0.2364, val_r2 0.2452, val_pearson 0.5435, lr 1.00e-03 ---
2026-10-01 17:36:19,455 - INFO - 
****************************************************************************************************
2026-10-01 17:36:21,059 - INFO - --- training epoch 32, loss 0.0323, mae 0.2103, rmse 0.2540, time elapsed(min) 0.02---
2026-10-01 17:36:21,397 - INFO - --- validation at epoch 32, val_loss 0.0287, val_mae 0.1902, val_rmse 0.2321, val_r2 0.2723, val_pearson 0.5683, lr 1.00e-03 ---
2026-10-01 17:36:21,397 - INFO - 
****************************************************************************************************
2026-10-01 17:36:23,269 - INFO - --- training epoch 33, loss 0.0302, mae 0.2015, rmse 0.2457, time elapsed(min) 0.03---
2026-10-01 17:36:23,475 - INFO - --- validation at epoch 33, val_loss 0.0245, val_mae 0.1731, val_rmse 0.2143, val_r2 0.3801, val_pearson 0.6252, lr 1.00e-03 ---
2026-10-01 17:36:23,475 - INFO - 
****************************************************************************************************
2026-10-01 17:36:25,127 - INFO - --- training epoch 34, loss 0.0280, mae 0.1926, rmse 0.2367, time elapsed(min) 0.02---
2026-10-01 17:36:25,336 - INFO - --- validation at epoch 34, val_loss 0.0227, val_mae 0.1682, val_rmse 0.2087, val_r2 0.4118, val_pearson 0.6509, lr 1.00e-03 ---
2026-10-01 17:36:25,336 - INFO - 
****************************************************************************************************
2026-10-01 17:36:26,983 - INFO - --- training epoch 35, loss 0.0250, mae 0.1815, rmse 0.2235, time elapsed(min) 0.02---
2026-10-01 17:36:27,307 - INFO - --- validation at epoch 35, val_loss 0.0208, val_mae 0.1601, val_rmse 0.1991, val_r2 0.4646, val_pearson 0.6822, lr 1.00e-03 ---
2026-10-01 17:36:27,307 - INFO - 
****************************************************************************************************
2026-10-01 17:36:29,151 - INFO - --- training epoch 36, loss 0.0245, mae 0.1790, rmse 0.2213, time elapsed(min) 0.02---
2026-10-01 17:36:29,361 - INFO - --- validation at epoch 36, val_loss 0.0212, val_mae 0.1625, val_rmse 0.2010, val_r2 0.4545, val_pearson 0.6774, lr 1.00e-03 ---
2026-10-01 17:36:29,361 - INFO - 
****************************************************************************************************
2026-10-01 17:36:31,014 - INFO - --- training epoch 37, loss 0.0243, mae 0.1779, rmse 0.2202, time elapsed(min) 0.02---
2026-10-01 17:36:31,220 - INFO - --- validation at epoch 37, val_loss 0.0205, val_mae 0.1571, val_rmse 0.1975, val_r2 0.4731, val_pearson 0.6881, lr 1.00e-03 ---
2026-10-01 17:36:31,220 - INFO - 
****************************************************************************************************
2026-10-01 17:36:33,049 - INFO - --- training epoch 38, loss 0.0239, mae 0.1761, rmse 0.2188, time elapsed(min) 0.02---
2026-10-01 17:36:33,377 - INFO - --- validation at epoch 38, val_loss 0.0193, val_mae 0.1519, val_rmse 0.1915, val_r2 0.5047, val_pearson 0.7115, lr 1.00e-03 ---
2026-10-01 17:36:33,377 - INFO - 
****************************************************************************************************
2026-10-01 17:36:35,269 - INFO - --- training epoch 39, loss 0.0232, mae 0.1734, rmse 0.2152, time elapsed(min) 0.03---
2026-10-01 17:36:35,475 - INFO - --- validation at epoch 39, val_loss 0.0190, val_mae 0.1561, val_rmse 0.1927, val_r2 0.4988, val_pearson 0.7095, lr 1.00e-03 ---
2026-10-01 17:36:35,475 - INFO - 
****************************************************************************************************
2026-10-01 17:36:37,105 - INFO - --- training epoch 40, loss 0.0240, mae 0.1752, rmse 0.2191, time elapsed(min) 0.02---
2026-10-01 17:36:37,315 - INFO - --- validation at epoch 40, val_loss 0.0188, val_mae 0.1543, val_rmse 0.1921, val_r2 0.5017, val_pearson 0.7167, lr 1.00e-03 ---
2026-10-01 17:36:37,315 - INFO - 
****************************************************************************************************
2026-10-01 17:36:38,986 - INFO - --- training epoch 41, loss 0.0213, mae 0.1640, rmse 0.2064, time elapsed(min) 0.02---
2026-10-01 17:36:39,314 - INFO - --- validation at epoch 41, val_loss 0.0194, val_mae 0.1520, val_rmse 0.1934, val_r2 0.4948, val_pearson 0.7222, lr 1.00e-03 ---
2026-10-01 17:36:39,315 - INFO - 
****************************************************************************************************
2026-10-01 17:36:41,133 - INFO - --- training epoch 42, loss 0.0221, mae 0.1670, rmse 0.2101, time elapsed(min) 0.03---
2026-10-01 17:36:41,345 - INFO - --- validation at epoch 42, val_loss 0.0181, val_mae 0.1515, val_rmse 0.1892, val_r2 0.5165, val_pearson 0.7346, lr 1.00e-03 ---
2026-10-01 17:36:41,345 - INFO - 
****************************************************************************************************
2026-10-01 17:36:43,031 - INFO - --- training epoch 43, loss 0.0218, mae 0.1666, rmse 0.2087, time elapsed(min) 0.02---
2026-10-01 17:36:43,239 - INFO - --- validation at epoch 43, val_loss 0.0191, val_mae 0.1514, val_rmse 0.1945, val_r2 0.4890, val_pearson 0.7068, lr 1.00e-03 ---
2026-10-01 17:36:43,239 - INFO - 
****************************************************************************************************
2026-10-01 17:36:44,858 - INFO - --- training epoch 44, loss 0.0294, mae 0.1977, rmse 0.2426, time elapsed(min) 0.02---
2026-10-01 17:36:45,067 - INFO - --- validation at epoch 44, val_loss 0.0241, val_mae 0.1786, val_rmse 0.2165, val_r2 0.3673, val_pearson 0.6679, lr 1.00e-03 ---
2026-10-01 17:36:45,068 - INFO - 
****************************************************************************************************
2026-10-01 17:36:46,942 - INFO - --- training epoch 45, loss 0.0257, mae 0.1838, rmse 0.2268, time elapsed(min) 0.03---
2026-10-01 17:36:47,150 - INFO - --- validation at epoch 45, val_loss 0.0198, val_mae 0.1541, val_rmse 0.1959, val_r2 0.4819, val_pearson 0.7071, lr 1.00e-03 ---
2026-10-01 17:36:47,150 - INFO - 
****************************************************************************************************
2026-10-01 17:36:48,738 - INFO - --- training epoch 46, loss 0.0225, mae 0.1691, rmse 0.2123, time elapsed(min) 0.02---
2026-10-01 17:36:48,942 - INFO - --- validation at epoch 46, val_loss 0.0187, val_mae 0.1493, val_rmse 0.1918, val_r2 0.5032, val_pearson 0.7094, lr 1.00e-03 ---
2026-10-01 17:36:48,942 - INFO - 
****************************************************************************************************
2026-10-01 17:36:50,597 - INFO - --- training epoch 47, loss 0.0218, mae 0.1659, rmse 0.2088, time elapsed(min) 0.02---
2026-10-01 17:36:50,926 - INFO - --- validation at epoch 47, val_loss 0.0175, val_mae 0.1442, val_rmse 0.1875, val_r2 0.5254, val_pearson 0.7319, lr 1.00e-03 ---
2026-10-01 17:36:50,927 - INFO - 
****************************************************************************************************
2026-10-01 17:36:52,775 - INFO - --- training epoch 48, loss 0.0218, mae 0.1646, rmse 0.2086, time elapsed(min) 0.03---
2026-10-01 17:36:52,985 - INFO - --- validation at epoch 48, val_loss 0.0180, val_mae 0.1546, val_rmse 0.1915, val_r2 0.5050, val_pearson 0.7260, lr 1.00e-03 ---
2026-10-01 17:36:52,985 - INFO - 
****************************************************************************************************
2026-10-01 17:36:54,564 - INFO - --- training epoch 49, loss 0.0205, mae 0.1598, rmse 0.2026, time elapsed(min) 0.02---
2026-10-01 17:36:54,773 - INFO - --- validation at epoch 49, val_loss 0.0173, val_mae 0.1478, val_rmse 0.1878, val_r2 0.5236, val_pearson 0.7245, lr 1.00e-03 ---
2026-10-01 17:36:54,774 - INFO - 
****************************************************************************************************
2026-10-01 17:36:56,426 - INFO - --- training epoch 50, loss 0.0207, mae 0.1597, rmse 0.2037, time elapsed(min) 0.02---
2026-10-01 17:36:56,637 - INFO - --- validation at epoch 50, val_loss 0.0176, val_mae 0.1473, val_rmse 0.1875, val_r2 0.5254, val_pearson 0.7293, lr 1.00e-03 ---
2026-10-01 17:36:56,637 - INFO - 
****************************************************************************************************
2026-10-01 17:36:58,458 - INFO - --- training epoch 51, loss 0.0205, mae 0.1594, rmse 0.2026, time elapsed(min) 0.03---
2026-10-01 17:36:58,854 - INFO - --- validation at epoch 51, val_loss 0.0170, val_mae 0.1421, val_rmse 0.1838, val_r2 0.5439, val_pearson 0.7403, lr 1.00e-03 ---
2026-10-01 17:36:58,854 - INFO - 
****************************************************************************************************
2026-10-01 17:37:00,609 - INFO - --- training epoch 52, loss 0.0199, mae 0.1575, rmse 0.1996, time elapsed(min) 0.02---
2026-10-01 17:37:00,820 - INFO - --- validation at epoch 52, val_loss 0.0170, val_mae 0.1425, val_rmse 0.1846, val_r2 0.5397, val_pearson 0.7411, lr 1.00e-03 ---
2026-10-01 17:37:00,820 - INFO - 
****************************************************************************************************
2026-10-01 17:37:02,436 - INFO - --- training epoch 53, loss 0.0198, mae 0.1554, rmse 0.1988, time elapsed(min) 0.02---
2026-10-01 17:37:02,641 - INFO - --- validation at epoch 53, val_loss 0.0180, val_mae 0.1448, val_rmse 0.1900, val_r2 0.5127, val_pearson 0.7435, lr 1.00e-03 ---
2026-10-01 17:37:02,641 - INFO - 
****************************************************************************************************
2026-10-01 17:37:04,237 - INFO - --- training epoch 54, loss 0.0194, mae 0.1544, rmse 0.1972, time elapsed(min) 0.02---
2026-10-01 17:37:04,608 - INFO - --- validation at epoch 54, val_loss 0.0168, val_mae 0.1407, val_rmse 0.1843, val_r2 0.5412, val_pearson 0.7427, lr 1.00e-03 ---
2026-10-01 17:37:04,608 - INFO - 
****************************************************************************************************
2026-10-01 17:37:06,482 - INFO - --- training epoch 55, loss 0.0201, mae 0.1574, rmse 0.2007, time elapsed(min) 0.03---
2026-10-01 17:37:06,686 - INFO - --- validation at epoch 55, val_loss 0.0161, val_mae 0.1406, val_rmse 0.1808, val_r2 0.5585, val_pearson 0.7476, lr 1.00e-03 ---
2026-10-01 17:37:06,686 - INFO - 
****************************************************************************************************
2026-10-01 17:37:08,338 - INFO - --- training epoch 56, loss 0.0187, mae 0.1501, rmse 0.1935, time elapsed(min) 0.02---
2026-10-01 17:37:08,542 - INFO - --- validation at epoch 56, val_loss 0.0172, val_mae 0.1437, val_rmse 0.1845, val_r2 0.5401, val_pearson 0.7487, lr 1.00e-03 ---
2026-10-01 17:37:08,543 - INFO - 
****************************************************************************************************
2026-10-01 17:37:10,110 - INFO - --- training epoch 57, loss 0.0189, mae 0.1514, rmse 0.1943, time elapsed(min) 0.02---
2026-10-01 17:37:10,435 - INFO - --- validation at epoch 57, val_loss 0.0159, val_mae 0.1368, val_rmse 0.1792, val_r2 0.5664, val_pearson 0.7560, lr 1.00e-03 ---
2026-10-01 17:37:10,435 - INFO - 
****************************************************************************************************
2026-10-01 17:37:12,170 - INFO - --- training epoch 58, loss 0.0186, mae 0.1500, rmse 0.1930, time elapsed(min) 0.02---
2026-10-01 17:37:12,564 - INFO - --- validation at epoch 58, val_loss 0.0165, val_mae 0.1380, val_rmse 0.1816, val_r2 0.5545, val_pearson 0.7478, lr 1.00e-03 ---
2026-10-01 17:37:12,564 - INFO - 
****************************************************************************************************
2026-10-01 17:37:14,312 - INFO - --- training epoch 59, loss 0.0186, mae 0.1503, rmse 0.1929, time elapsed(min) 0.02---
2026-10-01 17:37:14,521 - INFO - --- validation at epoch 59, val_loss 0.0169, val_mae 0.1406, val_rmse 0.1839, val_r2 0.5435, val_pearson 0.7456, lr 1.00e-03 ---
2026-10-01 17:37:14,521 - INFO - 
****************************************************************************************************
2026-10-01 17:37:16,114 - INFO - --- training epoch 60, loss 0.0185, mae 0.1494, rmse 0.1924, time elapsed(min) 0.02---
2026-10-01 17:37:16,319 - INFO - --- validation at epoch 60, val_loss 0.0168, val_mae 0.1413, val_rmse 0.1838, val_r2 0.5437, val_pearson 0.7529, lr 1.00e-03 ---
2026-10-01 17:37:16,320 - INFO - 
****************************************************************************************************
2026-10-01 17:37:17,975 - INFO - --- training epoch 61, loss 0.0183, mae 0.1490, rmse 0.1912, time elapsed(min) 0.02---
2026-10-01 17:37:18,345 - INFO - --- validation at epoch 61, val_loss 0.0174, val_mae 0.1422, val_rmse 0.1872, val_r2 0.5266, val_pearson 0.7518, lr 1.00e-03 ---
2026-10-01 17:37:18,345 - INFO - 
****************************************************************************************************
2026-10-01 17:37:20,029 - INFO - --- training epoch 62, loss 0.0182, mae 0.1476, rmse 0.1906, time elapsed(min) 0.02---
2026-10-01 17:37:20,258 - INFO - --- validation at epoch 62, val_loss 0.0170, val_mae 0.1405, val_rmse 0.1845, val_r2 0.5404, val_pearson 0.7515, lr 1.00e-03 ---
2026-10-01 17:37:20,258 - INFO - 
****************************************************************************************************
2026-10-01 17:37:21,869 - INFO - --- training epoch 63, loss 0.0204, mae 0.1596, rmse 0.2021, time elapsed(min) 0.02---
2026-10-01 17:37:22,080 - INFO - --- validation at epoch 63, val_loss 0.0162, val_mae 0.1379, val_rmse 0.1813, val_r2 0.5559, val_pearson 0.7485, lr 1.00e-03 ---
2026-10-01 17:37:22,080 - INFO - 
****************************************************************************************************
2026-10-01 17:37:23,693 - INFO - --- training epoch 64, loss 0.0185, mae 0.1489, rmse 0.1924, time elapsed(min) 0.02---
2026-10-01 17:37:24,031 - INFO - --- validation at epoch 64, val_loss 0.0161, val_mae 0.1364, val_rmse 0.1793, val_r2 0.5660, val_pearson 0.7589, lr 1.00e-03 ---
2026-10-01 17:37:24,031 - INFO - 
****************************************************************************************************
2026-10-01 17:37:25,916 - INFO - --- training epoch 65, loss 0.0181, mae 0.1474, rmse 0.1901, time elapsed(min) 0.03---
2026-10-01 17:37:26,124 - INFO - --- validation at epoch 65, val_loss 0.0171, val_mae 0.1419, val_rmse 0.1861, val_r2 0.5321, val_pearson 0.7609, lr 1.00e-03 ---
2026-10-01 17:37:26,124 - INFO - 
****************************************************************************************************
2026-10-01 17:37:27,860 - INFO - --- training epoch 66, loss 0.0182, mae 0.1479, rmse 0.1906, time elapsed(min) 0.02---
2026-10-01 17:37:28,071 - INFO - --- validation at epoch 66, val_loss 0.0165, val_mae 0.1376, val_rmse 0.1820, val_r2 0.5529, val_pearson 0.7589, lr 1.00e-03 ---
2026-10-01 17:37:28,071 - INFO - 
****************************************************************************************************
2026-10-01 17:37:29,699 - INFO - --- training epoch 67, loss 0.0183, mae 0.1484, rmse 0.1912, time elapsed(min) 0.02---
2026-10-01 17:37:30,029 - INFO - --- validation at epoch 67, val_loss 0.0174, val_mae 0.1423, val_rmse 0.1870, val_r2 0.5275, val_pearson 0.7564, lr 1.00e-03 ---
2026-10-01 17:37:30,030 - INFO - 
****************************************************************************************************
2026-10-01 17:37:30,314 - INFO - --- early stopping at epoch 67: val_loss did not improve for 10 epochs ---
2026-10-01 17:37:30,717 - INFO - --- selected checkpoint from epoch 57, val_loss 0.0159, val_mae 0.1368, val_rmse 0.1792
2026-10-01 17:37:31,572 - INFO - -- RESULT
2026-10-01 17:37:31,572 - INFO - --- test size: 1728
2026-10-01 17:37:31,572 - INFO - --- MAE: 0.1433 (14.33 pp), RMSE: 0.1864 (18.64 pp), R2: 0.5593, Pearson: 0.7540
2026-10-01 17:37:33,004 - INFO - --- Cell current_model DONE: test MAE=0.1433 RMSE=0.1864 R2=0.5593 | sec/epoch=1.96
2026-10-01 17:37:33,021 - INFO - === RUNNING: dataset=suzuki split=split_9 cell=approach_3 (tokens=comb, pooling=mean, head=linear) ===
