2026-10-01 12:08:25,614 - INFO - device is	cuda:0
2026-10-01 12:08:25,698 - INFO - -- CONFIGURATIONS
2026-10-01 12:08:25,698 - INFO - --- train/valid/test: 2491/277/1187
2026-10-01 12:08:25,698 - INFO - --- max no. reactants_train, valid, test respectively: 6, 6, 6
2026-10-01 12:08:25,698 - INFO - --- max no. products_train, valid, test respectively: 1, 1, 1
2026-10-01 12:08:25,698 - INFO - --- model_path: ../logs/approach1_server/approach_1_mlp/bh/runs/fullcv01_split70/model.pt
2026-10-01 12:08:25,804 - INFO - -- TRAINING
2026-10-01 12:08:26,666 - INFO - --- training epoch 0, loss 24.1820, mae 24.6766, rmse 30.5467, time elapsed(min) 0.01---
2026-10-01 12:08:26,952 - INFO - --- validation at epoch 0, val_loss 22.2180, val_mae 23.1524, val_rmse 28.1159, val_r2 -0.0623, val_pearson -0.3233, lr 1.00e-03 ---
2026-10-01 12:08:26,953 - INFO - 
****************************************************************************************************
2026-10-01 12:08:28,010 - INFO - --- training epoch 1, loss 22.7686, mae 23.2661, rmse 27.9482, time elapsed(min) 0.01---
2026-10-01 12:08:28,173 - INFO - --- validation at epoch 1, val_loss 22.0138, val_mae 22.9517, val_rmse 27.3822, val_r2 -0.0076, val_pearson 0.1557, lr 1.00e-03 ---
2026-10-01 12:08:28,173 - INFO - 
****************************************************************************************************
2026-10-01 12:08:29,099 - INFO - --- training epoch 2, loss 22.3606, mae 22.8573, rmse 27.5769, time elapsed(min) 0.01---
2026-10-01 12:08:29,250 - INFO - --- validation at epoch 2, val_loss 20.4979, val_mae 21.6975, val_rmse 27.8100, val_r2 -0.0393, val_pearson 0.3190, lr 1.00e-03 ---
2026-10-01 12:08:29,250 - INFO - 
****************************************************************************************************
2026-10-01 12:08:30,341 - INFO - --- training epoch 3, loss 22.2144, mae 22.7103, rmse 27.4939, time elapsed(min) 0.01---
2026-10-01 12:08:30,500 - INFO - --- validation at epoch 3, val_loss 21.1388, val_mae 22.2379, val_rmse 25.8542, val_r2 0.1017, val_pearson 0.3487, lr 1.00e-03 ---
2026-10-01 12:08:30,500 - INFO - 
****************************************************************************************************
2026-10-01 12:08:31,610 - INFO - --- training epoch 4, loss 22.3874, mae 22.8851, rmse 27.5828, time elapsed(min) 0.01---
2026-10-01 12:08:31,761 - INFO - --- validation at epoch 4, val_loss 23.0653, val_mae 23.5733, val_rmse 27.3626, val_r2 -0.0061, val_pearson 0.2767, lr 1.00e-03 ---
2026-10-01 12:08:31,761 - INFO - 
****************************************************************************************************
2026-10-01 12:08:32,883 - INFO - --- training epoch 5, loss 22.6212, mae 23.1187, rmse 27.2596, time elapsed(min) 0.01---
2026-10-01 12:08:33,045 - INFO - --- validation at epoch 5, val_loss 22.3130, val_mae 22.8817, val_rmse 26.5362, val_r2 0.0537, val_pearson 0.2885, lr 1.00e-03 ---
2026-10-01 12:08:33,045 - INFO - 
****************************************************************************************************
2026-10-01 12:08:34,211 - INFO - --- training epoch 6, loss 22.2589, mae 22.7563, rmse 26.5358, time elapsed(min) 0.01---
2026-10-01 12:08:34,369 - INFO - --- validation at epoch 6, val_loss 22.1568, val_mae 22.6579, val_rmse 26.2172, val_r2 0.0763, val_pearson 0.3034, lr 1.00e-03 ---
2026-10-01 12:08:34,369 - INFO - 
****************************************************************************************************
2026-10-01 12:08:35,238 - INFO - --- training epoch 7, loss 22.1165, mae 22.6145, rmse 26.3764, time elapsed(min) 0.01---
2026-10-01 12:08:35,392 - INFO - --- validation at epoch 7, val_loss 21.3724, val_mae 22.2527, val_rmse 26.0157, val_r2 0.0905, val_pearson 0.3526, lr 1.00e-03 ---
2026-10-01 12:08:35,392 - INFO - 
****************************************************************************************************
2026-10-01 12:08:36,251 - INFO - --- training epoch 8, loss 21.7714, mae 22.2689, rmse 26.2807, time elapsed(min) 0.01---
2026-10-01 12:08:36,409 - INFO - --- validation at epoch 8, val_loss 20.9731, val_mae 22.1801, val_rmse 26.6069, val_r2 0.0487, val_pearson 0.3388, lr 1.00e-03 ---
2026-10-01 12:08:36,409 - INFO - 
****************************************************************************************************
2026-10-01 12:08:37,421 - INFO - --- training epoch 9, loss 21.8369, mae 22.3342, rmse 26.7124, time elapsed(min) 0.01---
2026-10-01 12:08:37,573 - INFO - --- validation at epoch 9, val_loss 20.9650, val_mae 22.1192, val_rmse 25.8146, val_r2 0.1045, val_pearson 0.3286, lr 1.00e-03 ---
2026-10-01 12:08:37,573 - INFO - 
****************************************************************************************************
2026-10-01 12:08:38,607 - INFO - --- training epoch 10, loss 21.9607, mae 22.4573, rmse 26.7119, time elapsed(min) 0.01---
2026-10-01 12:08:38,773 - INFO - --- validation at epoch 10, val_loss 21.4649, val_mae 22.4472, val_rmse 25.8474, val_r2 0.1022, val_pearson 0.3376, lr 1.00e-03 ---
2026-10-01 12:08:38,773 - INFO - 
****************************************************************************************************
2026-10-01 12:08:39,820 - INFO - --- training epoch 11, loss 21.6348, mae 22.1312, rmse 26.0324, time elapsed(min) 0.01---
2026-10-01 12:08:40,141 - INFO - --- validation at epoch 11, val_loss 21.0595, val_mae 22.1247, val_rmse 25.6985, val_r2 0.1125, val_pearson 0.3366, lr 1.00e-03 ---
2026-10-01 12:08:40,141 - INFO - 
****************************************************************************************************
2026-10-01 12:08:41,143 - INFO - --- training epoch 12, loss 21.6280, mae 22.1234, rmse 26.2257, time elapsed(min) 0.01---
2026-10-01 12:08:41,301 - INFO - --- validation at epoch 12, val_loss 21.1944, val_mae 22.2156, val_rmse 25.7070, val_r2 0.1119, val_pearson 0.3377, lr 1.00e-03 ---
2026-10-01 12:08:41,302 - INFO - 
****************************************************************************************************
2026-10-01 12:08:41,585 - INFO - --- early stopping at epoch 12: val_loss did not improve for 10 epochs ---
2026-10-01 12:08:41,783 - INFO - --- selected checkpoint from epoch 2, val_loss 20.4979, val_mae 21.6975, val_rmse 27.8100
2026-10-01 12:08:42,138 - INFO - -- RESULT
2026-10-01 12:08:42,138 - INFO - --- test size: 1187
2026-10-01 12:08:42,138 - INFO - --- MAE: 23.7514 pp, RMSE: 29.7450 pp, R2: -0.1632, Pearson: 0.2432
2026-10-01 12:08:42,139 - INFO - --- fullcv01_split70: MAE 23.75144419048951, RMSE 29.745006013521284, R2 -0.16315561959233005
2026-10-01 12:08:42,150 - INFO - --- training fullcv02_split70 (npz/bh/fullcv02_split70)
