2026-10-01 12:19:38,608 - INFO - device is	cuda:0
2026-10-01 12:19:38,699 - INFO - -- CONFIGURATIONS
2026-10-01 12:19:38,699 - INFO - --- train/valid/test: 2491/277/1187
2026-10-01 12:19:38,699 - INFO - --- max no. reactants_train, valid, test respectively: 6, 6, 6
2026-10-01 12:19:38,699 - INFO - --- max no. products_train, valid, test respectively: 1, 1, 1
2026-10-01 12:19:38,699 - INFO - --- model_path: ../logs/bh_approach1_grid/runs/bh/fullcv08_split70/option_b_mlp/model.pt
2026-10-01 12:19:38,710 - INFO - -- TRAINING
2026-10-01 12:19:39,404 - INFO - --- training epoch 0, loss 24.8569, mae 25.3520, rmse 31.5578, time elapsed(min) 0.01---
2026-10-01 12:19:39,578 - INFO - --- validation at epoch 0, val_loss 24.3892, val_mae 25.9723, val_rmse 32.8325, val_r2 -0.3174, val_pearson -0.3312, lr 1.00e-03 ---
2026-10-01 12:19:39,578 - INFO - 
****************************************************************************************************
2026-10-01 12:19:40,723 - INFO - --- training epoch 1, loss 23.0446, mae 23.5405, rmse 28.6887, time elapsed(min) 0.01---
2026-10-01 12:19:40,897 - INFO - --- validation at epoch 1, val_loss 24.1216, val_mae 25.7175, val_rmse 32.2307, val_r2 -0.2696, val_pearson -0.3439, lr 1.00e-03 ---
2026-10-01 12:19:40,897 - INFO - 
****************************************************************************************************
2026-10-01 12:19:42,016 - INFO - --- training epoch 2, loss 22.9341, mae 23.4304, rmse 28.4690, time elapsed(min) 0.01---
2026-10-01 12:19:42,200 - INFO - --- validation at epoch 2, val_loss 23.9628, val_mae 25.5623, val_rmse 31.9080, val_r2 -0.2443, val_pearson 0.1692, lr 1.00e-03 ---
2026-10-01 12:19:42,200 - INFO - 
****************************************************************************************************
2026-10-01 12:19:43,530 - INFO - --- training epoch 3, loss 22.8518, mae 23.3481, rmse 28.2084, time elapsed(min) 0.01---
2026-10-01 12:19:43,706 - INFO - --- validation at epoch 3, val_loss 24.0331, val_mae 25.6109, val_rmse 31.9319, val_r2 -0.2462, val_pearson 0.1492, lr 1.00e-03 ---
2026-10-01 12:19:43,706 - INFO - 
****************************************************************************************************
2026-10-01 12:19:44,939 - INFO - --- training epoch 4, loss 22.4745, mae 22.9706, rmse 27.7673, time elapsed(min) 0.01---
2026-10-01 12:19:45,105 - INFO - --- validation at epoch 4, val_loss 21.5729, val_mae 23.6435, val_rmse 28.2700, val_r2 0.0233, val_pearson 0.3059, lr 1.00e-03 ---
2026-10-01 12:19:45,105 - INFO - 
****************************************************************************************************
2026-10-01 12:19:46,484 - INFO - --- training epoch 5, loss 22.0573, mae 22.5532, rmse 27.0450, time elapsed(min) 0.02---
2026-10-01 12:19:46,657 - INFO - --- validation at epoch 5, val_loss 21.3411, val_mae 23.4486, val_rmse 27.6120, val_r2 0.0682, val_pearson 0.3252, lr 1.00e-03 ---
2026-10-01 12:19:46,657 - INFO - 
****************************************************************************************************
2026-10-01 12:19:47,970 - INFO - --- training epoch 6, loss 22.4516, mae 22.9477, rmse 27.5847, time elapsed(min) 0.01---
2026-10-01 12:19:48,144 - INFO - --- validation at epoch 6, val_loss 23.0504, val_mae 24.6955, val_rmse 29.7247, val_r2 -0.0798, val_pearson 0.3314, lr 1.00e-03 ---
2026-10-01 12:19:48,144 - INFO - 
****************************************************************************************************
2026-10-01 12:19:49,211 - INFO - --- training epoch 7, loss 22.4314, mae 22.9279, rmse 27.3522, time elapsed(min) 0.01---
2026-10-01 12:19:49,374 - INFO - --- validation at epoch 7, val_loss 22.9433, val_mae 24.5007, val_rmse 28.9244, val_r2 -0.0225, val_pearson 0.2731, lr 1.00e-03 ---
2026-10-01 12:19:49,374 - INFO - 
****************************************************************************************************
2026-10-01 12:19:50,445 - INFO - --- training epoch 8, loss 22.3763, mae 22.8733, rmse 27.0264, time elapsed(min) 0.01---
2026-10-01 12:19:50,607 - INFO - --- validation at epoch 8, val_loss 23.4507, val_mae 24.9433, val_rmse 30.1653, val_r2 -0.1121, val_pearson 0.3023, lr 1.00e-03 ---
2026-10-01 12:19:50,607 - INFO - 
****************************************************************************************************
2026-10-01 12:19:51,883 - INFO - --- training epoch 9, loss 22.4387, mae 22.9361, rmse 27.2797, time elapsed(min) 0.01---
2026-10-01 12:19:52,053 - INFO - --- validation at epoch 9, val_loss 23.7263, val_mae 25.0189, val_rmse 30.3659, val_r2 -0.1269, val_pearson 0.3573, lr 1.00e-03 ---
2026-10-01 12:19:52,054 - INFO - 
****************************************************************************************************
2026-10-01 12:19:53,325 - INFO - --- training epoch 10, loss 22.5779, mae 23.0752, rmse 27.2128, time elapsed(min) 0.01---
2026-10-01 12:19:53,488 - INFO - --- validation at epoch 10, val_loss 22.6162, val_mae 23.9422, val_rmse 27.4557, val_r2 0.0787, val_pearson 0.3283, lr 1.00e-03 ---
2026-10-01 12:19:53,488 - INFO - 
****************************************************************************************************
2026-10-01 12:19:54,751 - INFO - --- training epoch 11, loss 22.1677, mae 22.6643, rmse 26.8126, time elapsed(min) 0.01---
2026-10-01 12:19:55,122 - INFO - --- validation at epoch 11, val_loss 21.6180, val_mae 23.5429, val_rmse 27.3963, val_r2 0.0827, val_pearson 0.3853, lr 1.00e-03 ---
2026-10-01 12:19:55,122 - INFO - 
****************************************************************************************************
2026-10-01 12:19:56,304 - INFO - --- training epoch 12, loss 22.0787, mae 22.5746, rmse 26.8588, time elapsed(min) 0.01---
2026-10-01 12:19:56,468 - INFO - --- validation at epoch 12, val_loss 21.4853, val_mae 23.4313, val_rmse 28.0482, val_r2 0.0385, val_pearson 0.4026, lr 1.00e-03 ---
2026-10-01 12:19:56,468 - INFO - 
****************************************************************************************************
2026-10-01 12:19:57,534 - INFO - --- training epoch 13, loss 21.7267, mae 22.2238, rmse 26.3937, time elapsed(min) 0.01---
2026-10-01 12:19:57,703 - INFO - --- validation at epoch 13, val_loss 20.9342, val_mae 22.8399, val_rmse 27.1124, val_r2 0.1016, val_pearson 0.4841, lr 1.00e-03 ---
2026-10-01 12:19:57,703 - INFO - 
****************************************************************************************************
2026-10-01 12:19:59,164 - INFO - --- training epoch 14, loss 22.1242, mae 22.6203, rmse 27.0086, time elapsed(min) 0.02---
2026-10-01 12:19:59,336 - INFO - --- validation at epoch 14, val_loss 22.7230, val_mae 24.3961, val_rmse 29.6351, val_r2 -0.0733, val_pearson 0.4523, lr 1.00e-03 ---
2026-10-01 12:19:59,336 - INFO - 
****************************************************************************************************
2026-10-01 12:20:00,616 - INFO - --- training epoch 15, loss 21.6379, mae 22.1338, rmse 26.3256, time elapsed(min) 0.01---
2026-10-01 12:20:00,775 - INFO - --- validation at epoch 15, val_loss 20.6129, val_mae 22.5304, val_rmse 26.3563, val_r2 0.1510, val_pearson 0.4572, lr 1.00e-03 ---
2026-10-01 12:20:00,775 - INFO - 
****************************************************************************************************
2026-10-01 12:20:02,139 - INFO - --- training epoch 16, loss 21.2049, mae 21.7023, rmse 25.7652, time elapsed(min) 0.01---
2026-10-01 12:20:02,486 - INFO - --- validation at epoch 16, val_loss 20.1342, val_mae 21.8249, val_rmse 25.3319, val_r2 0.2157, val_pearson 0.4867, lr 1.00e-03 ---
2026-10-01 12:20:02,486 - INFO - 
****************************************************************************************************
2026-10-01 12:20:03,801 - INFO - --- training epoch 17, loss 20.7951, mae 21.2917, rmse 25.1530, time elapsed(min) 0.01---
2026-10-01 12:20:03,977 - INFO - --- validation at epoch 17, val_loss 21.1401, val_mae 22.8841, val_rmse 26.2751, val_r2 0.1563, val_pearson 0.4087, lr 1.00e-03 ---
2026-10-01 12:20:03,978 - INFO - 
****************************************************************************************************
2026-10-01 12:20:05,044 - INFO - --- training epoch 18, loss 21.6522, mae 22.1486, rmse 26.2658, time elapsed(min) 0.01---
2026-10-01 12:20:05,207 - INFO - --- validation at epoch 18, val_loss 20.7764, val_mae 22.0814, val_rmse 26.7403, val_r2 0.1261, val_pearson 0.4522, lr 1.00e-03 ---
2026-10-01 12:20:05,207 - INFO - 
****************************************************************************************************
2026-10-01 12:20:06,470 - INFO - --- training epoch 19, loss 20.8523, mae 21.3480, rmse 25.9123, time elapsed(min) 0.01---
2026-10-01 12:20:06,632 - INFO - --- validation at epoch 19, val_loss 19.8028, val_mae 21.3586, val_rmse 25.0157, val_r2 0.2352, val_pearson 0.4984, lr 1.00e-03 ---
2026-10-01 12:20:06,632 - INFO - 
****************************************************************************************************
2026-10-01 12:20:07,988 - INFO - --- training epoch 20, loss 20.7300, mae 21.2256, rmse 25.6229, time elapsed(min) 0.01---
2026-10-01 12:20:08,158 - INFO - --- validation at epoch 20, val_loss 20.4003, val_mae 22.1285, val_rmse 26.6764, val_r2 0.1303, val_pearson 0.4778, lr 1.00e-03 ---
2026-10-01 12:20:08,158 - INFO - 
****************************************************************************************************
2026-10-01 12:20:09,428 - INFO - --- training epoch 21, loss 21.7773, mae 22.2733, rmse 26.6102, time elapsed(min) 0.01---
2026-10-01 12:20:09,589 - INFO - --- validation at epoch 21, val_loss 21.0522, val_mae 22.8287, val_rmse 26.1476, val_r2 0.1644, val_pearson 0.4590, lr 1.00e-03 ---
2026-10-01 12:20:09,589 - INFO - 
****************************************************************************************************
2026-10-01 12:20:11,008 - INFO - --- training epoch 22, loss 20.9002, mae 21.3965, rmse 25.4858, time elapsed(min) 0.02---
2026-10-01 12:20:11,175 - INFO - --- validation at epoch 22, val_loss 19.9797, val_mae 21.5340, val_rmse 25.4350, val_r2 0.2093, val_pearson 0.4926, lr 1.00e-03 ---
2026-10-01 12:20:11,175 - INFO - 
****************************************************************************************************
2026-10-01 12:20:12,237 - INFO - --- training epoch 23, loss 20.6779, mae 21.1742, rmse 25.8018, time elapsed(min) 0.01---
2026-10-01 12:20:12,414 - INFO - --- validation at epoch 23, val_loss 20.2596, val_mae 21.9431, val_rmse 26.3987, val_r2 0.1483, val_pearson 0.4760, lr 1.00e-03 ---
2026-10-01 12:20:12,414 - INFO - 
****************************************************************************************************
2026-10-01 12:20:13,619 - INFO - --- training epoch 24, loss 20.5502, mae 21.0471, rmse 25.2180, time elapsed(min) 0.01---
2026-10-01 12:20:13,778 - INFO - --- validation at epoch 24, val_loss 19.9669, val_mae 21.4986, val_rmse 26.3881, val_r2 0.1490, val_pearson 0.5010, lr 1.00e-03 ---
2026-10-01 12:20:13,778 - INFO - 
****************************************************************************************************
2026-10-01 12:20:15,057 - INFO - --- training epoch 25, loss 20.4535, mae 20.9486, rmse 25.5333, time elapsed(min) 0.01---
2026-10-01 12:20:15,222 - INFO - --- validation at epoch 25, val_loss 19.8312, val_mae 21.4920, val_rmse 25.6856, val_r2 0.1937, val_pearson 0.4977, lr 1.00e-03 ---
2026-10-01 12:20:15,222 - INFO - 
****************************************************************************************************
2026-10-01 12:20:16,485 - INFO - --- training epoch 26, loss 20.0869, mae 20.5828, rmse 25.0818, time elapsed(min) 0.01---
2026-10-01 12:20:16,642 - INFO - --- validation at epoch 26, val_loss 19.6561, val_mae 21.2387, val_rmse 25.6290, val_r2 0.1972, val_pearson 0.5121, lr 1.00e-03 ---
2026-10-01 12:20:16,643 - INFO - 
****************************************************************************************************
2026-10-01 12:20:18,141 - INFO - --- training epoch 27, loss 20.0608, mae 20.5567, rmse 25.2273, time elapsed(min) 0.02---
2026-10-01 12:20:18,307 - INFO - --- validation at epoch 27, val_loss 19.6432, val_mae 21.3136, val_rmse 25.8733, val_r2 0.1819, val_pearson 0.5069, lr 1.00e-03 ---
2026-10-01 12:20:18,307 - INFO - 
****************************************************************************************************
2026-10-01 12:20:19,492 - INFO - --- training epoch 28, loss 20.0081, mae 20.5028, rmse 25.0321, time elapsed(min) 0.01---
2026-10-01 12:20:19,645 - INFO - --- validation at epoch 28, val_loss 19.3684, val_mae 21.0423, val_rmse 25.6412, val_r2 0.1965, val_pearson 0.5061, lr 1.00e-03 ---
2026-10-01 12:20:19,645 - INFO - 
****************************************************************************************************
2026-10-01 12:20:20,802 - INFO - --- training epoch 29, loss 20.0504, mae 20.5455, rmse 25.2792, time elapsed(min) 0.01---
2026-10-01 12:20:20,968 - INFO - --- validation at epoch 29, val_loss 19.8085, val_mae 21.4942, val_rmse 25.9585, val_r2 0.1765, val_pearson 0.5109, lr 1.00e-03 ---
2026-10-01 12:20:20,968 - INFO - 
****************************************************************************************************
2026-10-01 12:20:22,355 - INFO - --- training epoch 30, loss 19.9062, mae 20.4020, rmse 24.8026, time elapsed(min) 0.02---
2026-10-01 12:20:22,517 - INFO - --- validation at epoch 30, val_loss 19.0425, val_mae 20.7524, val_rmse 25.3933, val_r2 0.2119, val_pearson 0.5310, lr 1.00e-03 ---
2026-10-01 12:20:22,517 - INFO - 
****************************************************************************************************
2026-10-01 12:20:23,929 - INFO - --- training epoch 31, loss 19.7432, mae 20.2388, rmse 24.8243, time elapsed(min) 0.02---
2026-10-01 12:20:24,103 - INFO - --- validation at epoch 31, val_loss 18.9696, val_mae 20.7465, val_rmse 25.8333, val_r2 0.1844, val_pearson 0.5191, lr 1.00e-03 ---
2026-10-01 12:20:24,103 - INFO - 
****************************************************************************************************
2026-10-01 12:20:25,462 - INFO - --- training epoch 32, loss 20.0748, mae 20.5700, rmse 25.2813, time elapsed(min) 0.01---
2026-10-01 12:20:25,869 - INFO - --- validation at epoch 32, val_loss 18.9878, val_mae 20.5228, val_rmse 24.8040, val_r2 0.2481, val_pearson 0.5608, lr 1.00e-03 ---
2026-10-01 12:20:25,869 - INFO - 
****************************************************************************************************
2026-10-01 12:20:27,088 - INFO - --- training epoch 33, loss 19.5614, mae 20.0569, rmse 24.4532, time elapsed(min) 0.01---
2026-10-01 12:20:27,257 - INFO - --- validation at epoch 33, val_loss 18.0761, val_mae 20.0105, val_rmse 24.7164, val_r2 0.2534, val_pearson 0.5413, lr 1.00e-03 ---
2026-10-01 12:20:27,257 - INFO - 
****************************************************************************************************
2026-10-01 12:20:28,572 - INFO - --- training epoch 34, loss 19.2899, mae 19.7861, rmse 24.4658, time elapsed(min) 0.01---
2026-10-01 12:20:28,749 - INFO - --- validation at epoch 34, val_loss 17.6920, val_mae 19.3670, val_rmse 23.6011, val_r2 0.3193, val_pearson 0.5681, lr 1.00e-03 ---
2026-10-01 12:20:28,749 - INFO - 
****************************************************************************************************
2026-10-01 12:20:30,134 - INFO - --- training epoch 35, loss 19.4266, mae 19.9227, rmse 24.5080, time elapsed(min) 0.02---
2026-10-01 12:20:30,302 - INFO - --- validation at epoch 35, val_loss 18.5512, val_mae 20.3279, val_rmse 24.2549, val_r2 0.2810, val_pearson 0.5598, lr 1.00e-03 ---
2026-10-01 12:20:30,302 - INFO - 
****************************************************************************************************
2026-10-01 12:20:31,579 - INFO - --- training epoch 36, loss 19.4101, mae 19.9038, rmse 24.1960, time elapsed(min) 0.01---
2026-10-01 12:20:31,744 - INFO - --- validation at epoch 36, val_loss 17.7727, val_mae 19.5705, val_rmse 24.0468, val_r2 0.2933, val_pearson 0.5542, lr 1.00e-03 ---
2026-10-01 12:20:31,744 - INFO - 
****************************************************************************************************
2026-10-01 12:20:33,171 - INFO - --- training epoch 37, loss 24.3092, mae 24.8048, rmse 31.5060, time elapsed(min) 0.02---
2026-10-01 12:20:33,343 - INFO - --- validation at epoch 37, val_loss 29.9781, val_mae 31.6193, val_rmse 37.2659, val_r2 -0.6972, val_pearson -0.3561, lr 1.00e-03 ---
2026-10-01 12:20:33,343 - INFO - 
****************************************************************************************************
2026-10-01 12:20:34,410 - INFO - --- training epoch 38, loss 23.9321, mae 24.4270, rmse 30.5136, time elapsed(min) 0.01---
2026-10-01 12:20:34,587 - INFO - --- validation at epoch 38, val_loss 23.0492, val_mae 24.4966, val_rmse 29.3388, val_r2 -0.0520, val_pearson 0.3546, lr 1.00e-03 ---
2026-10-01 12:20:34,587 - INFO - 
****************************************************************************************************
2026-10-01 12:20:35,647 - INFO - --- training epoch 39, loss 21.7893, mae 22.2874, rmse 26.1990, time elapsed(min) 0.01---
2026-10-01 12:20:35,794 - INFO - --- validation at epoch 39, val_loss 22.7015, val_mae 23.8156, val_rmse 27.6680, val_r2 0.0644, val_pearson 0.3793, lr 1.00e-03 ---
2026-10-01 12:20:35,794 - INFO - 
****************************************************************************************************
2026-10-01 12:20:37,053 - INFO - --- training epoch 40, loss 21.7536, mae 22.2505, rmse 26.0276, time elapsed(min) 0.01---
2026-10-01 12:20:37,225 - INFO - --- validation at epoch 40, val_loss 23.4318, val_mae 24.4055, val_rmse 28.9192, val_r2 -0.0221, val_pearson 0.3846, lr 1.00e-03 ---
2026-10-01 12:20:37,225 - INFO - 
****************************************************************************************************
2026-10-01 12:20:38,489 - INFO - --- training epoch 41, loss 21.7604, mae 22.2561, rmse 26.2777, time elapsed(min) 0.01---
2026-10-01 12:20:38,655 - INFO - --- validation at epoch 41, val_loss 23.1875, val_mae 24.3408, val_rmse 29.3384, val_r2 -0.0519, val_pearson 0.4187, lr 1.00e-03 ---
2026-10-01 12:20:38,656 - INFO - 
****************************************************************************************************
2026-10-01 12:20:39,917 - INFO - --- training epoch 42, loss 21.6301, mae 22.1266, rmse 26.6169, time elapsed(min) 0.01---
2026-10-01 12:20:40,294 - INFO - --- validation at epoch 42, val_loss 23.7729, val_mae 24.9498, val_rmse 30.6052, val_r2 -0.1448, val_pearson 0.3533, lr 1.00e-03 ---
2026-10-01 12:20:40,294 - INFO - 
****************************************************************************************************
2026-10-01 12:20:41,500 - INFO - --- training epoch 43, loss 22.1232, mae 22.6202, rmse 26.8900, time elapsed(min) 0.01---
2026-10-01 12:20:41,652 - INFO - --- validation at epoch 43, val_loss 23.1756, val_mae 24.4877, val_rmse 29.5491, val_r2 -0.0671, val_pearson 0.3803, lr 1.00e-03 ---
2026-10-01 12:20:41,653 - INFO - 
****************************************************************************************************
2026-10-01 12:20:42,726 - INFO - --- training epoch 44, loss 21.2675, mae 21.7630, rmse 25.7819, time elapsed(min) 0.01---
2026-10-01 12:20:42,890 - INFO - --- validation at epoch 44, val_loss 20.9223, val_mae 22.2856, val_rmse 25.9274, val_r2 0.1784, val_pearson 0.4498, lr 1.00e-03 ---
2026-10-01 12:20:42,890 - INFO - 
****************************************************************************************************
2026-10-01 12:20:43,279 - INFO - --- early stopping at epoch 44: val_loss did not improve for 10 epochs ---
2026-10-01 12:20:43,475 - INFO - --- selected checkpoint from epoch 34, val_loss 17.6920, val_mae 19.3670, val_rmse 23.6011
2026-10-01 12:20:43,910 - INFO - -- RESULT
2026-10-01 12:20:43,910 - INFO - --- test size: 1187
2026-10-01 12:20:43,910 - INFO - --- MAE: 19.3256 pp, RMSE: 23.6457 pp, R2: 0.2314, Pearson: 0.4961
2026-10-01 12:20:45,077 - INFO - --- Cell option_b_mlp DONE: test MAE=19.3256 RMSE=23.6457 R2=0.2314 | sec/epoch=1.44
2026-10-01 12:20:45,090 - INFO - === RUNNING: dataset=bh split=fullcv08_split70 cell=ind_mean_mlp (tokens=ind, pooling=mean, head=mlp) ===
