2026-10-01 17:48:04,005 - INFO - device is	cuda:0
2026-10-01 17:48:04,117 - INFO - -- CONFIGURATIONS
2026-10-01 17:48:04,117 - INFO - --- train/valid/test: 3628/404/1728
2026-10-01 17:48:04,117 - INFO - --- max no. reactants_train, valid, test respectively: 14, 14, 14
2026-10-01 17:48:04,117 - INFO - --- max no. products_train, valid, test respectively: 1, 1, 1
2026-10-01 17:48:04,117 - INFO - --- model_path: ../logs/approach1_server/option_b_linear/suzuki/runs/suzuki_split_0_20261001_174803/split_0/model.pt
2026-10-01 17:48:04,215 - INFO - -- TRAINING
2026-10-01 17:48:06,490 - INFO - --- training epoch 0, loss 2.4644, mae 2.8254, rmse 7.2291, time elapsed(min) 0.04---
2026-10-01 17:48:06,772 - INFO - --- validation at epoch 0, val_loss 0.0676, val_mae 0.2795, val_rmse 0.3691, val_r2 -0.5163, val_pearson 0.0002, lr 1.00e-03 ---
2026-10-01 17:48:06,772 - INFO - 
****************************************************************************************************
2026-10-01 17:48:08,986 - INFO - --- training epoch 1, loss 0.0420, mae 0.2489, rmse 0.2898, time elapsed(min) 0.03---
2026-10-01 17:48:09,227 - INFO - --- validation at epoch 1, val_loss 0.0430, val_mae 0.2652, val_rmse 0.2998, val_r2 0.0001, val_pearson 0.0545, lr 1.00e-03 ---
2026-10-01 17:48:09,227 - INFO - 
****************************************************************************************************
2026-10-01 17:48:11,493 - INFO - --- training epoch 2, loss 0.0399, mae 0.2441, rmse 0.2826, time elapsed(min) 0.03---
2026-10-01 17:48:11,749 - INFO - --- validation at epoch 2, val_loss 0.0430, val_mae 0.2650, val_rmse 0.2996, val_r2 0.0014, val_pearson 0.1091, lr 1.00e-03 ---
2026-10-01 17:48:11,749 - INFO - 
****************************************************************************************************
2026-10-01 17:48:14,076 - INFO - --- training epoch 3, loss 0.0402, mae 0.2447, rmse 0.2836, time elapsed(min) 0.03---
2026-10-01 17:48:14,533 - INFO - --- validation at epoch 3, val_loss 0.0430, val_mae 0.2640, val_rmse 0.2994, val_r2 0.0027, val_pearson 0.1212, lr 1.00e-03 ---
2026-10-01 17:48:14,533 - INFO - 
****************************************************************************************************
2026-10-01 17:48:16,882 - INFO - --- training epoch 4, loss 0.0404, mae 0.2455, rmse 0.2844, time elapsed(min) 0.03---
2026-10-01 17:48:17,124 - INFO - --- validation at epoch 4, val_loss 0.0430, val_mae 0.2650, val_rmse 0.2995, val_r2 0.0021, val_pearson 0.1211, lr 1.00e-03 ---
2026-10-01 17:48:17,124 - INFO - 
****************************************************************************************************
2026-10-01 17:48:19,410 - INFO - --- training epoch 5, loss 0.0409, mae 0.2463, rmse 0.2861, time elapsed(min) 0.03---
2026-10-01 17:48:19,678 - INFO - --- validation at epoch 5, val_loss 0.0429, val_mae 0.2650, val_rmse 0.2994, val_r2 0.0022, val_pearson 0.1173, lr 1.00e-03 ---
2026-10-01 17:48:19,678 - INFO - 
****************************************************************************************************
2026-10-01 17:48:22,053 - INFO - --- training epoch 6, loss 0.0410, mae 0.2463, rmse 0.2864, time elapsed(min) 0.03---
2026-10-01 17:48:22,483 - INFO - --- validation at epoch 6, val_loss 0.0432, val_mae 0.2624, val_rmse 0.2998, val_r2 -0.0002, val_pearson 0.1071, lr 1.00e-03 ---
2026-10-01 17:48:22,483 - INFO - 
****************************************************************************************************
2026-10-01 17:48:24,891 - INFO - --- training epoch 7, loss 0.0414, mae 0.2461, rmse 0.2879, time elapsed(min) 0.03---
2026-10-01 17:48:25,134 - INFO - --- validation at epoch 7, val_loss 0.0430, val_mae 0.2654, val_rmse 0.2996, val_r2 0.0011, val_pearson 0.1013, lr 1.00e-03 ---
2026-10-01 17:48:25,134 - INFO - 
****************************************************************************************************
2026-10-01 17:48:27,336 - INFO - --- training epoch 8, loss 0.0408, mae 0.2437, rmse 0.2855, time elapsed(min) 0.03---
2026-10-01 17:48:27,594 - INFO - --- validation at epoch 8, val_loss 0.0430, val_mae 0.2627, val_rmse 0.2991, val_r2 0.0044, val_pearson 0.1019, lr 1.00e-03 ---
2026-10-01 17:48:27,594 - INFO - 
****************************************************************************************************
2026-10-01 17:48:29,843 - INFO - --- training epoch 9, loss 0.0408, mae 0.2461, rmse 0.2856, time elapsed(min) 0.03---
2026-10-01 17:48:30,242 - INFO - --- validation at epoch 9, val_loss 0.0431, val_mae 0.2663, val_rmse 0.3001, val_r2 -0.0023, val_pearson 0.1074, lr 1.00e-03 ---
2026-10-01 17:48:30,242 - INFO - 
****************************************************************************************************
2026-10-01 17:48:32,724 - INFO - --- training epoch 10, loss 0.0412, mae 0.2458, rmse 0.2870, time elapsed(min) 0.04---
2026-10-01 17:48:32,970 - INFO - --- validation at epoch 10, val_loss 0.0428, val_mae 0.2627, val_rmse 0.2984, val_r2 0.0094, val_pearson 0.1242, lr 1.00e-03 ---
2026-10-01 17:48:32,970 - INFO - 
****************************************************************************************************
2026-10-01 17:48:35,494 - INFO - --- training epoch 11, loss 0.0403, mae 0.2431, rmse 0.2838, time elapsed(min) 0.03---
2026-10-01 17:48:35,744 - INFO - --- validation at epoch 11, val_loss 0.0432, val_mae 0.2608, val_rmse 0.2989, val_r2 0.0060, val_pearson 0.1473, lr 1.00e-03 ---
2026-10-01 17:48:35,745 - INFO - 
****************************************************************************************************
2026-10-01 17:48:37,957 - INFO - --- training epoch 12, loss 0.0397, mae 0.2419, rmse 0.2819, time elapsed(min) 0.03---
2026-10-01 17:48:38,213 - INFO - --- validation at epoch 12, val_loss 0.0439, val_mae 0.2592, val_rmse 0.3006, val_r2 -0.0056, val_pearson 0.1636, lr 1.00e-03 ---
2026-10-01 17:48:38,214 - INFO - 
****************************************************************************************************
2026-10-01 17:48:40,608 - INFO - --- training epoch 13, loss 0.0392, mae 0.2403, rmse 0.2799, time elapsed(min) 0.03---
2026-10-01 17:48:41,082 - INFO - --- validation at epoch 13, val_loss 0.0424, val_mae 0.2628, val_rmse 0.2966, val_r2 0.0210, val_pearson 0.1813, lr 1.00e-03 ---
2026-10-01 17:48:41,082 - INFO - 
****************************************************************************************************
2026-10-01 17:48:43,593 - INFO - --- training epoch 14, loss 0.0400, mae 0.2429, rmse 0.2828, time elapsed(min) 0.03---
2026-10-01 17:48:43,845 - INFO - --- validation at epoch 14, val_loss 0.0448, val_mae 0.2578, val_rmse 0.3035, val_r2 -0.0251, val_pearson 0.1874, lr 1.00e-03 ---
2026-10-01 17:48:43,845 - INFO - 
****************************************************************************************************
2026-10-01 17:48:46,152 - INFO - --- training epoch 15, loss 0.0388, mae 0.2398, rmse 0.2785, time elapsed(min) 0.03---
2026-10-01 17:48:46,402 - INFO - --- validation at epoch 15, val_loss 0.0441, val_mae 0.2565, val_rmse 0.3011, val_r2 -0.0085, val_pearson 0.2144, lr 1.00e-03 ---
2026-10-01 17:48:46,402 - INFO - 
****************************************************************************************************
2026-10-01 17:48:48,797 - INFO - --- training epoch 16, loss 0.0388, mae 0.2399, rmse 0.2786, time elapsed(min) 0.03---
2026-10-01 17:48:49,221 - INFO - --- validation at epoch 16, val_loss 0.0445, val_mae 0.2559, val_rmse 0.3022, val_r2 -0.0166, val_pearson 0.2233, lr 1.00e-03 ---
2026-10-01 17:48:49,221 - INFO - 
****************************************************************************************************
2026-10-01 17:48:51,708 - INFO - --- training epoch 17, loss 0.0394, mae 0.2409, rmse 0.2808, time elapsed(min) 0.04---
2026-10-01 17:48:51,956 - INFO - --- validation at epoch 17, val_loss 0.0422, val_mae 0.2635, val_rmse 0.2966, val_r2 0.0212, val_pearson 0.2283, lr 1.00e-03 ---
2026-10-01 17:48:51,956 - INFO - 
****************************************************************************************************
2026-10-01 17:48:54,302 - INFO - --- training epoch 18, loss 0.0397, mae 0.2411, rmse 0.2817, time elapsed(min) 0.03---
2026-10-01 17:48:54,550 - INFO - --- validation at epoch 18, val_loss 0.0440, val_mae 0.2556, val_rmse 0.3008, val_r2 -0.0069, val_pearson 0.2300, lr 1.00e-03 ---
2026-10-01 17:48:54,550 - INFO - 
****************************************************************************************************
2026-10-01 17:48:56,772 - INFO - --- training epoch 19, loss 0.0394, mae 0.2405, rmse 0.2806, time elapsed(min) 0.03---
2026-10-01 17:48:57,195 - INFO - --- validation at epoch 19, val_loss 0.0442, val_mae 0.2545, val_rmse 0.3012, val_r2 -0.0098, val_pearson 0.2443, lr 1.00e-03 ---
2026-10-01 17:48:57,195 - INFO - 
****************************************************************************************************
2026-10-01 17:48:59,671 - INFO - --- training epoch 20, loss 0.0386, mae 0.2388, rmse 0.2777, time elapsed(min) 0.04---
2026-10-01 17:48:59,921 - INFO - --- validation at epoch 20, val_loss 0.0440, val_mae 0.2534, val_rmse 0.3004, val_r2 -0.0041, val_pearson 0.2573, lr 1.00e-03 ---
2026-10-01 17:48:59,921 - INFO - 
****************************************************************************************************
2026-10-01 17:49:02,278 - INFO - --- training epoch 21, loss 0.0388, mae 0.2391, rmse 0.2784, time elapsed(min) 0.03---
2026-10-01 17:49:02,558 - INFO - --- validation at epoch 21, val_loss 0.0438, val_mae 0.2532, val_rmse 0.2998, val_r2 -0.0000, val_pearson 0.2616, lr 1.00e-03 ---
2026-10-01 17:49:02,558 - INFO - 
****************************************************************************************************
2026-10-01 17:49:04,899 - INFO - --- training epoch 22, loss 0.0393, mae 0.2406, rmse 0.2804, time elapsed(min) 0.03---
2026-10-01 17:49:05,151 - INFO - --- validation at epoch 22, val_loss 0.0407, val_mae 0.2548, val_rmse 0.2904, val_r2 0.0617, val_pearson 0.2706, lr 1.00e-03 ---
2026-10-01 17:49:05,152 - INFO - 
****************************************************************************************************
2026-10-01 17:49:07,653 - INFO - --- training epoch 23, loss 0.0408, mae 0.2405, rmse 0.2858, time elapsed(min) 0.03---
2026-10-01 17:49:08,209 - INFO - --- validation at epoch 23, val_loss 0.0424, val_mae 0.2654, val_rmse 0.2981, val_r2 0.0109, val_pearson 0.2631, lr 1.00e-03 ---
2026-10-01 17:49:08,209 - INFO - 
****************************************************************************************************
2026-10-01 17:49:10,486 - INFO - --- training epoch 24, loss 0.0399, mae 0.2412, rmse 0.2825, time elapsed(min) 0.03---
2026-10-01 17:49:10,735 - INFO - --- validation at epoch 24, val_loss 0.0430, val_mae 0.2532, val_rmse 0.2974, val_r2 0.0159, val_pearson 0.2740, lr 1.00e-03 ---
2026-10-01 17:49:10,735 - INFO - 
****************************************************************************************************
2026-10-01 17:49:12,964 - INFO - --- training epoch 25, loss 0.0387, mae 0.2388, rmse 0.2782, time elapsed(min) 0.03---
2026-10-01 17:49:13,214 - INFO - --- validation at epoch 25, val_loss 0.0431, val_mae 0.2521, val_rmse 0.2977, val_r2 0.0136, val_pearson 0.2881, lr 1.00e-03 ---
2026-10-01 17:49:13,214 - INFO - 
****************************************************************************************************
2026-10-01 17:49:15,553 - INFO - --- training epoch 26, loss 0.0410, mae 0.2433, rmse 0.2863, time elapsed(min) 0.03---
2026-10-01 17:49:16,005 - INFO - --- validation at epoch 26, val_loss 0.0479, val_mae 0.2559, val_rmse 0.3130, val_r2 -0.0905, val_pearson 0.2756, lr 1.00e-03 ---
2026-10-01 17:49:16,005 - INFO - 
****************************************************************************************************
2026-10-01 17:49:18,549 - INFO - --- training epoch 27, loss 0.0390, mae 0.2401, rmse 0.2794, time elapsed(min) 0.03---
2026-10-01 17:49:18,796 - INFO - --- validation at epoch 27, val_loss 0.0407, val_mae 0.2531, val_rmse 0.2902, val_r2 0.0632, val_pearson 0.2930, lr 1.00e-03 ---
2026-10-01 17:49:18,796 - INFO - 
****************************************************************************************************
2026-10-01 17:49:21,143 - INFO - --- training epoch 28, loss 0.0387, mae 0.2384, rmse 0.2780, time elapsed(min) 0.03---
2026-10-01 17:49:21,398 - INFO - --- validation at epoch 28, val_loss 0.0418, val_mae 0.2517, val_rmse 0.2937, val_r2 0.0404, val_pearson 0.2924, lr 1.00e-03 ---
2026-10-01 17:49:21,398 - INFO - 
****************************************************************************************************
2026-10-01 17:49:23,696 - INFO - --- training epoch 29, loss 0.0385, mae 0.2383, rmse 0.2776, time elapsed(min) 0.03---
2026-10-01 17:49:24,142 - INFO - --- validation at epoch 29, val_loss 0.0418, val_mae 0.2508, val_rmse 0.2935, val_r2 0.0415, val_pearson 0.3018, lr 1.00e-03 ---
2026-10-01 17:49:24,142 - INFO - 
****************************************************************************************************
2026-10-01 17:49:26,542 - INFO - --- training epoch 30, loss 0.0383, mae 0.2378, rmse 0.2768, time elapsed(min) 0.03---
2026-10-01 17:49:26,807 - INFO - --- validation at epoch 30, val_loss 0.0413, val_mae 0.2505, val_rmse 0.2920, val_r2 0.0513, val_pearson 0.3052, lr 1.00e-03 ---
2026-10-01 17:49:26,807 - INFO - 
****************************************************************************************************
2026-10-01 17:49:29,125 - INFO - --- training epoch 31, loss 0.0380, mae 0.2369, rmse 0.2757, time elapsed(min) 0.03---
2026-10-01 17:49:29,396 - INFO - --- validation at epoch 31, val_loss 0.0410, val_mae 0.2497, val_rmse 0.2909, val_r2 0.0582, val_pearson 0.3136, lr 1.00e-03 ---
2026-10-01 17:49:29,396 - INFO - 
****************************************************************************************************
2026-10-01 17:49:31,817 - INFO - --- training epoch 32, loss 0.0449, mae 0.2523, rmse 0.2997, time elapsed(min) 0.03---
2026-10-01 17:49:32,236 - INFO - --- validation at epoch 32, val_loss 0.0528, val_mae 0.2634, val_rmse 0.3283, val_r2 -0.1996, val_pearson 0.1238, lr 1.00e-03 ---
2026-10-01 17:49:32,236 - INFO - 
****************************************************************************************************
2026-10-01 17:49:34,734 - INFO - --- training epoch 33, loss 0.0405, mae 0.2456, rmse 0.2846, time elapsed(min) 0.04---
2026-10-01 17:49:34,999 - INFO - --- validation at epoch 33, val_loss 0.0454, val_mae 0.2603, val_rmse 0.3059, val_r2 -0.0415, val_pearson 0.1383, lr 1.00e-03 ---
2026-10-01 17:49:34,999 - INFO - 
****************************************************************************************************
2026-10-01 17:49:37,217 - INFO - --- training epoch 34, loss 0.0394, mae 0.2422, rmse 0.2808, time elapsed(min) 0.03---
2026-10-01 17:49:37,470 - INFO - --- validation at epoch 34, val_loss 0.0449, val_mae 0.2589, val_rmse 0.3045, val_r2 -0.0316, val_pearson 0.2024, lr 1.00e-03 ---
2026-10-01 17:49:37,471 - INFO - 
****************************************************************************************************
2026-10-01 17:49:39,725 - INFO - --- training epoch 35, loss 0.0389, mae 0.2407, rmse 0.2790, time elapsed(min) 0.03---
2026-10-01 17:49:40,146 - INFO - --- validation at epoch 35, val_loss 0.0450, val_mae 0.2563, val_rmse 0.3039, val_r2 -0.0278, val_pearson 0.2505, lr 1.00e-03 ---
2026-10-01 17:49:40,146 - INFO - 
****************************************************************************************************
2026-10-01 17:49:42,698 - INFO - --- training epoch 36, loss 0.0384, mae 0.2387, rmse 0.2770, time elapsed(min) 0.04---
2026-10-01 17:49:42,947 - INFO - --- validation at epoch 36, val_loss 0.0434, val_mae 0.2542, val_rmse 0.2988, val_r2 0.0067, val_pearson 0.2647, lr 1.00e-03 ---
2026-10-01 17:49:42,947 - INFO - 
****************************************************************************************************
2026-10-01 17:49:45,184 - INFO - --- training epoch 37, loss 0.0384, mae 0.2383, rmse 0.2772, time elapsed(min) 0.03---
2026-10-01 17:49:45,447 - INFO - --- validation at epoch 37, val_loss 0.0423, val_mae 0.2524, val_rmse 0.2952, val_r2 0.0300, val_pearson 0.2801, lr 1.00e-03 ---
2026-10-01 17:49:45,447 - INFO - 
****************************************************************************************************
2026-10-01 17:49:45,819 - INFO - --- early stopping at epoch 37: val_loss did not improve for 10 epochs ---
2026-10-01 17:49:46,104 - INFO - --- selected checkpoint from epoch 27, val_loss 0.0407, val_mae 0.2531, val_rmse 0.2902
2026-10-01 17:49:47,162 - INFO - -- RESULT
2026-10-01 17:49:47,162 - INFO - --- test size: 1728
2026-10-01 17:49:47,162 - INFO - --- MAE: 0.2343 (23.43 pp), RMSE: 0.2705 (27.05 pp), R2: 0.0540, Pearson: 0.2403
