2026-10-01 16:35:33,659 - INFO - device is	cuda:0
2026-10-01 16:35:33,767 - INFO - -- CONFIGURATIONS
2026-10-01 16:35:33,767 - INFO - --- train/valid/test: 3628/404/1728
2026-10-01 16:35:33,767 - INFO - --- max no. reactants_train, valid, test respectively: 14, 14, 14
2026-10-01 16:35:33,767 - INFO - --- max no. products_train, valid, test respectively: 1, 1, 1
2026-10-01 16:35:33,767 - INFO - --- model_path: ../logs/suzuki_approach1_grid/runs/suzuki/split_6/approach_3/model.pt
2026-10-01 16:35:33,773 - INFO - -- TRAINING
2026-10-01 16:35:35,094 - INFO - --- training epoch 0, loss 2.1738, mae 2.5072, rmse 7.8101, time elapsed(min) 0.02---
2026-10-01 16:35:35,307 - INFO - --- validation at epoch 0, val_loss 0.0452, val_mae 0.2309, val_rmse 0.3004, val_r2 -0.2331, val_pearson 0.2253, lr 1.00e-03 ---
2026-10-01 16:35:35,307 - INFO - 
****************************************************************************************************
2026-10-01 16:35:37,026 - INFO - --- training epoch 1, loss 0.0423, mae 0.2476, rmse 0.2909, time elapsed(min) 0.02---
2026-10-01 16:35:37,237 - INFO - --- validation at epoch 1, val_loss 0.0367, val_mae 0.2257, val_rmse 0.2718, val_r2 -0.0093, val_pearson 0.2092, lr 1.00e-03 ---
2026-10-01 16:35:37,237 - INFO - 
****************************************************************************************************
2026-10-01 16:35:38,885 - INFO - --- training epoch 2, loss 0.0385, mae 0.2397, rmse 0.2775, time elapsed(min) 0.02---
2026-10-01 16:35:39,223 - INFO - --- validation at epoch 2, val_loss 0.0355, val_mae 0.2232, val_rmse 0.2671, val_r2 0.0255, val_pearson 0.2451, lr 1.00e-03 ---
2026-10-01 16:35:39,223 - INFO - 
****************************************************************************************************
2026-10-01 16:35:40,987 - INFO - --- training epoch 3, loss 0.0377, mae 0.2367, rmse 0.2745, time elapsed(min) 0.02---
2026-10-01 16:35:41,470 - INFO - --- validation at epoch 3, val_loss 0.0367, val_mae 0.2193, val_rmse 0.2704, val_r2 0.0007, val_pearson 0.2720, lr 1.00e-03 ---
2026-10-01 16:35:41,470 - INFO - 
****************************************************************************************************
2026-10-01 16:35:43,052 - INFO - --- training epoch 4, loss 0.0378, mae 0.2367, rmse 0.2748, time elapsed(min) 0.02---
2026-10-01 16:35:43,262 - INFO - --- validation at epoch 4, val_loss 0.0361, val_mae 0.2176, val_rmse 0.2682, val_r2 0.0175, val_pearson 0.2960, lr 1.00e-03 ---
2026-10-01 16:35:43,262 - INFO - 
****************************************************************************************************
2026-10-01 16:35:44,906 - INFO - --- training epoch 5, loss 0.0380, mae 0.2348, rmse 0.2758, time elapsed(min) 0.02---
2026-10-01 16:35:45,118 - INFO - --- validation at epoch 5, val_loss 0.0333, val_mae 0.2198, val_rmse 0.2584, val_r2 0.0877, val_pearson 0.3229, lr 1.00e-03 ---
2026-10-01 16:35:45,118 - INFO - 
****************************************************************************************************
2026-10-01 16:35:46,833 - INFO - --- training epoch 6, loss 0.0370, mae 0.2334, rmse 0.2719, time elapsed(min) 0.02---
2026-10-01 16:35:47,218 - INFO - --- validation at epoch 6, val_loss 0.0375, val_mae 0.2156, val_rmse 0.2722, val_r2 -0.0126, val_pearson 0.3504, lr 1.00e-03 ---
2026-10-01 16:35:47,218 - INFO - 
****************************************************************************************************
2026-10-01 16:35:48,931 - INFO - --- training epoch 7, loss 0.0375, mae 0.2337, rmse 0.2737, time elapsed(min) 0.02---
2026-10-01 16:35:49,148 - INFO - --- validation at epoch 7, val_loss 0.0390, val_mae 0.2152, val_rmse 0.2760, val_r2 -0.0406, val_pearson 0.4092, lr 1.00e-03 ---
2026-10-01 16:35:49,149 - INFO - 
****************************************************************************************************
2026-10-01 16:35:50,762 - INFO - --- training epoch 8, loss 0.0370, mae 0.2304, rmse 0.2722, time elapsed(min) 0.02---
2026-10-01 16:35:50,972 - INFO - --- validation at epoch 8, val_loss 0.0375, val_mae 0.2090, val_rmse 0.2673, val_r2 0.0237, val_pearson 0.4559, lr 1.00e-03 ---
2026-10-01 16:35:50,972 - INFO - 
****************************************************************************************************
2026-10-01 16:35:52,632 - INFO - --- training epoch 9, loss 0.0364, mae 0.2270, rmse 0.2697, time elapsed(min) 0.02---
2026-10-01 16:35:52,977 - INFO - --- validation at epoch 9, val_loss 0.0347, val_mae 0.2032, val_rmse 0.2568, val_r2 0.0989, val_pearson 0.4679, lr 1.00e-03 ---
2026-10-01 16:35:52,977 - INFO - 
****************************************************************************************************
2026-10-01 16:35:54,889 - INFO - --- training epoch 10, loss 0.0358, mae 0.2240, rmse 0.2674, time elapsed(min) 0.03---
2026-10-01 16:35:55,108 - INFO - --- validation at epoch 10, val_loss 0.0320, val_mae 0.1979, val_rmse 0.2478, val_r2 0.1610, val_pearson 0.4681, lr 1.00e-03 ---
2026-10-01 16:35:55,109 - INFO - 
****************************************************************************************************
2026-10-01 16:35:56,782 - INFO - --- training epoch 11, loss 0.0360, mae 0.2250, rmse 0.2683, time elapsed(min) 0.02---
2026-10-01 16:35:56,996 - INFO - --- validation at epoch 11, val_loss 0.0311, val_mae 0.1967, val_rmse 0.2460, val_r2 0.1729, val_pearson 0.4646, lr 1.00e-03 ---
2026-10-01 16:35:56,996 - INFO - 
****************************************************************************************************
2026-10-01 16:35:58,684 - INFO - --- training epoch 12, loss 0.0346, mae 0.2196, rmse 0.2632, time elapsed(min) 0.02---
2026-10-01 16:35:59,014 - INFO - --- validation at epoch 12, val_loss 0.0294, val_mae 0.1927, val_rmse 0.2391, val_r2 0.2192, val_pearson 0.4864, lr 1.00e-03 ---
2026-10-01 16:35:59,014 - INFO - 
****************************************************************************************************
2026-10-01 16:36:00,867 - INFO - --- training epoch 13, loss 0.0410, mae 0.2368, rmse 0.2863, time elapsed(min) 0.03---
2026-10-01 16:36:01,078 - INFO - --- validation at epoch 13, val_loss 0.0440, val_mae 0.2253, val_rmse 0.2890, val_r2 -0.1411, val_pearson 0.4816, lr 1.00e-03 ---
2026-10-01 16:36:01,078 - INFO - 
****************************************************************************************************
2026-10-01 16:36:02,680 - INFO - --- training epoch 14, loss 0.0349, mae 0.2198, rmse 0.2644, time elapsed(min) 0.02---
2026-10-01 16:36:02,939 - INFO - --- validation at epoch 14, val_loss 0.0314, val_mae 0.1970, val_rmse 0.2461, val_r2 0.1724, val_pearson 0.4832, lr 1.00e-03 ---
2026-10-01 16:36:02,939 - INFO - 
****************************************************************************************************
2026-10-01 16:36:04,669 - INFO - --- training epoch 15, loss 0.0337, mae 0.2156, rmse 0.2597, time elapsed(min) 0.02---
2026-10-01 16:36:04,882 - INFO - --- validation at epoch 15, val_loss 0.0291, val_mae 0.1943, val_rmse 0.2378, val_r2 0.2272, val_pearson 0.5022, lr 1.00e-03 ---
2026-10-01 16:36:04,882 - INFO - 
****************************************************************************************************
2026-10-01 16:36:06,626 - INFO - --- training epoch 16, loss 0.0345, mae 0.2188, rmse 0.2628, time elapsed(min) 0.02---
2026-10-01 16:36:07,035 - INFO - --- validation at epoch 16, val_loss 0.0307, val_mae 0.1971, val_rmse 0.2437, val_r2 0.1886, val_pearson 0.4906, lr 1.00e-03 ---
2026-10-01 16:36:07,036 - INFO - 
****************************************************************************************************
2026-10-01 16:36:08,757 - INFO - --- training epoch 17, loss 0.0348, mae 0.2194, rmse 0.2640, time elapsed(min) 0.02---
2026-10-01 16:36:09,018 - INFO - --- validation at epoch 17, val_loss 0.0328, val_mae 0.2022, val_rmse 0.2509, val_r2 0.1398, val_pearson 0.4941, lr 1.00e-03 ---
2026-10-01 16:36:09,018 - INFO - 
****************************************************************************************************
2026-10-01 16:36:10,698 - INFO - --- training epoch 18, loss 0.0344, mae 0.2174, rmse 0.2623, time elapsed(min) 0.02---
2026-10-01 16:36:10,909 - INFO - --- validation at epoch 18, val_loss 0.0319, val_mae 0.2020, val_rmse 0.2486, val_r2 0.1557, val_pearson 0.4885, lr 1.00e-03 ---
2026-10-01 16:36:10,909 - INFO - 
****************************************************************************************************
2026-10-01 16:36:12,645 - INFO - --- training epoch 19, loss 0.0338, mae 0.2158, rmse 0.2600, time elapsed(min) 0.02---
2026-10-01 16:36:13,032 - INFO - --- validation at epoch 19, val_loss 0.0315, val_mae 0.2008, val_rmse 0.2469, val_r2 0.1674, val_pearson 0.4911, lr 1.00e-03 ---
2026-10-01 16:36:13,032 - INFO - 
****************************************************************************************************
2026-10-01 16:36:14,826 - INFO - --- training epoch 20, loss 0.0340, mae 0.2163, rmse 0.2609, time elapsed(min) 0.03---
2026-10-01 16:36:15,042 - INFO - --- validation at epoch 20, val_loss 0.0318, val_mae 0.2029, val_rmse 0.2489, val_r2 0.1535, val_pearson 0.4861, lr 1.00e-03 ---
2026-10-01 16:36:15,042 - INFO - 
****************************************************************************************************
2026-10-01 16:36:16,689 - INFO - --- training epoch 21, loss 0.0341, mae 0.2166, rmse 0.2613, time elapsed(min) 0.02---
2026-10-01 16:36:16,905 - INFO - --- validation at epoch 21, val_loss 0.0326, val_mae 0.2029, val_rmse 0.2504, val_r2 0.1433, val_pearson 0.5009, lr 1.00e-03 ---
2026-10-01 16:36:16,906 - INFO - 
****************************************************************************************************
2026-10-01 16:36:18,552 - INFO - --- training epoch 22, loss 0.0333, mae 0.2139, rmse 0.2582, time elapsed(min) 0.02---
2026-10-01 16:36:18,767 - INFO - --- validation at epoch 22, val_loss 0.0312, val_mae 0.2020, val_rmse 0.2467, val_r2 0.1685, val_pearson 0.4887, lr 1.00e-03 ---
2026-10-01 16:36:18,767 - INFO - 
****************************************************************************************************
2026-10-01 16:36:20,529 - INFO - --- training epoch 23, loss 0.0329, mae 0.2128, rmse 0.2565, time elapsed(min) 0.02---
2026-10-01 16:36:20,896 - INFO - --- validation at epoch 23, val_loss 0.0307, val_mae 0.1999, val_rmse 0.2450, val_r2 0.1795, val_pearson 0.4936, lr 1.00e-03 ---
2026-10-01 16:36:20,896 - INFO - 
****************************************************************************************************
2026-10-01 16:36:22,625 - INFO - --- training epoch 24, loss 0.0338, mae 0.2155, rmse 0.2601, time elapsed(min) 0.02---
2026-10-01 16:36:22,842 - INFO - --- validation at epoch 24, val_loss 0.0317, val_mae 0.2017, val_rmse 0.2490, val_r2 0.1531, val_pearson 0.4859, lr 1.00e-03 ---
2026-10-01 16:36:22,842 - INFO - 
****************************************************************************************************
2026-10-01 16:36:24,527 - INFO - --- training epoch 25, loss 0.0328, mae 0.2118, rmse 0.2560, time elapsed(min) 0.02---
2026-10-01 16:36:24,737 - INFO - --- validation at epoch 25, val_loss 0.0298, val_mae 0.1965, val_rmse 0.2413, val_r2 0.2042, val_pearson 0.4988, lr 1.00e-03 ---
2026-10-01 16:36:24,737 - INFO - 
****************************************************************************************************
2026-10-01 16:36:25,025 - INFO - --- early stopping at epoch 25: val_loss did not improve for 10 epochs ---
2026-10-01 16:36:25,380 - INFO - --- selected checkpoint from epoch 15, val_loss 0.0291, val_mae 0.1943, val_rmse 0.2378
2026-10-01 16:36:26,153 - INFO - -- RESULT
2026-10-01 16:36:26,153 - INFO - --- test size: 1728
2026-10-01 16:36:26,153 - INFO - --- MAE: 0.2166 (21.66 pp), RMSE: 0.2639 (26.39 pp), R2: 0.1495, Pearson: 0.4321
2026-10-01 16:36:27,781 - INFO - --- Cell approach_3 DONE: test MAE=0.2166 RMSE=0.2639 R2=0.1495 | sec/epoch=1.97
2026-10-01 16:36:27,813 - INFO - === RUNNING: dataset=suzuki split=split_6 cell=approach_2 (tokens=comb, pooling=mean, head=mlp) ===
