2026-10-01 12:37:23,329 - INFO - device is	cuda:0
2026-10-01 12:37:23,406 - INFO - -- CONFIGURATIONS
2026-10-01 12:37:23,406 - INFO - --- train/valid/test: 2491/277/1187
2026-10-01 12:37:23,406 - INFO - --- max no. reactants_train, valid, test respectively: 6, 6, 6
2026-10-01 12:37:23,406 - INFO - --- max no. products_train, valid, test respectively: 1, 1, 1
2026-10-01 12:37:23,406 - INFO - --- model_path: ../logs/approach1_server/ind_mean_mlp/bh/runs/fullcv04_split70/model.pt
2026-10-01 12:37:23,413 - INFO - -- TRAINING
2026-10-01 12:37:24,070 - INFO - --- training epoch 0, loss 24.6316, mae 25.1273, rmse 31.2782, time elapsed(min) 0.01---
2026-10-01 12:37:24,227 - INFO - --- validation at epoch 0, val_loss 22.7727, val_mae 22.8754, val_rmse 27.2427, val_r2 -0.0252, val_pearson -0.2944, lr 1.00e-03 ---
2026-10-01 12:37:24,227 - INFO - 
****************************************************************************************************
2026-10-01 12:37:25,341 - INFO - --- training epoch 1, loss 23.0265, mae 23.5229, rmse 28.1198, time elapsed(min) 0.01---
2026-10-01 12:37:25,492 - INFO - --- validation at epoch 1, val_loss 22.1280, val_mae 22.2860, val_rmse 26.5434, val_r2 0.0268, val_pearson 0.1841, lr 1.00e-03 ---
2026-10-01 12:37:25,492 - INFO - 
****************************************************************************************************
2026-10-01 12:37:26,302 - INFO - --- training epoch 2, loss 22.7245, mae 23.2210, rmse 28.0616, time elapsed(min) 0.01---
2026-10-01 12:37:26,452 - INFO - --- validation at epoch 2, val_loss 23.0040, val_mae 23.0371, val_rmse 26.9943, val_r2 -0.0066, val_pearson 0.2175, lr 1.00e-03 ---
2026-10-01 12:37:26,452 - INFO - 
****************************************************************************************************
2026-10-01 12:37:27,186 - INFO - --- training epoch 3, loss 22.5440, mae 23.0407, rmse 27.8255, time elapsed(min) 0.01---
2026-10-01 12:37:27,331 - INFO - --- validation at epoch 3, val_loss 22.5393, val_mae 22.6006, val_rmse 26.7953, val_r2 0.0082, val_pearson 0.2189, lr 1.00e-03 ---
2026-10-01 12:37:27,331 - INFO - 
****************************************************************************************************
2026-10-01 12:37:28,227 - INFO - --- training epoch 4, loss 22.2869, mae 22.7820, rmse 27.5416, time elapsed(min) 0.01---
2026-10-01 12:37:28,371 - INFO - --- validation at epoch 4, val_loss 22.1196, val_mae 22.1587, val_rmse 26.7037, val_r2 0.0150, val_pearson 0.2019, lr 1.00e-03 ---
2026-10-01 12:37:28,371 - INFO - 
****************************************************************************************************
2026-10-01 12:37:29,345 - INFO - --- training epoch 5, loss 22.3116, mae 22.8066, rmse 27.6946, time elapsed(min) 0.01---
2026-10-01 12:37:29,498 - INFO - --- validation at epoch 5, val_loss 22.6300, val_mae 22.6241, val_rmse 27.0342, val_r2 -0.0095, val_pearson 0.1749, lr 1.00e-03 ---
2026-10-01 12:37:29,498 - INFO - 
****************************************************************************************************
2026-10-01 12:37:30,424 - INFO - --- training epoch 6, loss 22.2083, mae 22.7031, rmse 27.6018, time elapsed(min) 0.01---
2026-10-01 12:37:30,558 - INFO - --- validation at epoch 6, val_loss 22.4063, val_mae 22.4154, val_rmse 26.8685, val_r2 0.0028, val_pearson 0.2125, lr 1.00e-03 ---
2026-10-01 12:37:30,558 - INFO - 
****************************************************************************************************
2026-10-01 12:37:31,612 - INFO - --- training epoch 7, loss 22.2630, mae 22.7594, rmse 27.6461, time elapsed(min) 0.01---
2026-10-01 12:37:31,761 - INFO - --- validation at epoch 7, val_loss 22.6211, val_mae 22.6275, val_rmse 26.8711, val_r2 0.0026, val_pearson 0.2158, lr 1.00e-03 ---
2026-10-01 12:37:31,761 - INFO - 
****************************************************************************************************
2026-10-01 12:37:32,549 - INFO - --- training epoch 8, loss 22.1336, mae 22.6302, rmse 27.4018, time elapsed(min) 0.01---
2026-10-01 12:37:32,689 - INFO - --- validation at epoch 8, val_loss 21.7349, val_mae 21.8112, val_rmse 26.3961, val_r2 0.0376, val_pearson 0.2306, lr 1.00e-03 ---
2026-10-01 12:37:32,689 - INFO - 
****************************************************************************************************
2026-10-01 12:37:33,539 - INFO - --- training epoch 9, loss 22.0143, mae 22.5102, rmse 27.3148, time elapsed(min) 0.01---
2026-10-01 12:37:33,673 - INFO - --- validation at epoch 9, val_loss 22.1410, val_mae 22.0566, val_rmse 26.0886, val_r2 0.0598, val_pearson 0.3170, lr 1.00e-03 ---
2026-10-01 12:37:33,673 - INFO - 
****************************************************************************************************
2026-10-01 12:37:34,710 - INFO - --- training epoch 10, loss 22.2600, mae 22.7558, rmse 27.5816, time elapsed(min) 0.01---
2026-10-01 12:37:34,845 - INFO - --- validation at epoch 10, val_loss 21.2190, val_mae 22.1692, val_rmse 28.8870, val_r2 -0.1527, val_pearson 0.3432, lr 1.00e-03 ---
2026-10-01 12:37:34,845 - INFO - 
****************************************************************************************************
2026-10-01 12:37:35,853 - INFO - --- training epoch 11, loss 21.6293, mae 22.1244, rmse 26.5974, time elapsed(min) 0.01---
2026-10-01 12:37:35,999 - INFO - --- validation at epoch 11, val_loss 20.9741, val_mae 20.9393, val_rmse 24.5112, val_r2 0.1701, val_pearson 0.4259, lr 1.00e-03 ---
2026-10-01 12:37:35,999 - INFO - 
****************************************************************************************************
2026-10-01 12:37:37,021 - INFO - --- training epoch 12, loss 21.2615, mae 21.7575, rmse 26.2268, time elapsed(min) 0.01---
2026-10-01 12:37:37,349 - INFO - --- validation at epoch 12, val_loss 22.1104, val_mae 21.8043, val_rmse 25.6522, val_r2 0.0910, val_pearson 0.4119, lr 1.00e-03 ---
2026-10-01 12:37:37,349 - INFO - 
****************************************************************************************************
2026-10-01 12:37:38,241 - INFO - --- training epoch 13, loss 21.1761, mae 21.6719, rmse 25.9974, time elapsed(min) 0.01---
2026-10-01 12:37:38,388 - INFO - --- validation at epoch 13, val_loss 20.4581, val_mae 20.6352, val_rmse 24.2987, val_r2 0.1844, val_pearson 0.4303, lr 1.00e-03 ---
2026-10-01 12:37:38,388 - INFO - 
****************************************************************************************************
2026-10-01 12:37:39,230 - INFO - --- training epoch 14, loss 21.0417, mae 21.5374, rmse 25.7253, time elapsed(min) 0.01---
2026-10-01 12:37:39,380 - INFO - --- validation at epoch 14, val_loss 20.2742, val_mae 20.5172, val_rmse 24.2678, val_r2 0.1865, val_pearson 0.4343, lr 1.00e-03 ---
2026-10-01 12:37:39,380 - INFO - 
****************************************************************************************************
2026-10-01 12:37:40,379 - INFO - --- training epoch 15, loss 20.9682, mae 21.4641, rmse 25.6285, time elapsed(min) 0.01---
2026-10-01 12:37:40,526 - INFO - --- validation at epoch 15, val_loss 20.2700, val_mae 20.4851, val_rmse 24.1945, val_r2 0.1914, val_pearson 0.4397, lr 1.00e-03 ---
2026-10-01 12:37:40,526 - INFO - 
****************************************************************************************************
2026-10-01 12:37:41,560 - INFO - --- training epoch 16, loss 20.8218, mae 21.3181, rmse 25.5407, time elapsed(min) 0.01---
2026-10-01 12:37:41,699 - INFO - --- validation at epoch 16, val_loss 20.2100, val_mae 20.4311, val_rmse 24.1916, val_r2 0.1916, val_pearson 0.4410, lr 1.00e-03 ---
2026-10-01 12:37:41,699 - INFO - 
****************************************************************************************************
2026-10-01 12:37:42,743 - INFO - --- training epoch 17, loss 21.0845, mae 21.5812, rmse 25.9927, time elapsed(min) 0.01---
2026-10-01 12:37:43,056 - INFO - --- validation at epoch 17, val_loss 20.1713, val_mae 20.4360, val_rmse 24.2093, val_r2 0.1904, val_pearson 0.4439, lr 1.00e-03 ---
2026-10-01 12:37:43,056 - INFO - 
****************************************************************************************************
2026-10-01 12:37:44,036 - INFO - --- training epoch 18, loss 20.6694, mae 21.1649, rmse 25.5625, time elapsed(min) 0.01---
2026-10-01 12:37:44,167 - INFO - --- validation at epoch 18, val_loss 20.6784, val_mae 20.6879, val_rmse 24.4684, val_r2 0.1730, val_pearson 0.4366, lr 1.00e-03 ---
2026-10-01 12:37:44,168 - INFO - 
****************************************************************************************************
2026-10-01 12:37:44,948 - INFO - --- training epoch 19, loss 20.9347, mae 21.4298, rmse 25.9305, time elapsed(min) 0.01---
2026-10-01 12:37:45,090 - INFO - --- validation at epoch 19, val_loss 19.7000, val_mae 20.0865, val_rmse 24.6097, val_r2 0.1634, val_pearson 0.4369, lr 1.00e-03 ---
2026-10-01 12:37:45,090 - INFO - 
****************************************************************************************************
2026-10-01 12:37:46,095 - INFO - --- training epoch 20, loss 20.5472, mae 21.0425, rmse 25.4336, time elapsed(min) 0.01---
2026-10-01 12:37:46,236 - INFO - --- validation at epoch 20, val_loss 20.5402, val_mae 20.6085, val_rmse 24.6414, val_r2 0.1613, val_pearson 0.4278, lr 1.00e-03 ---
2026-10-01 12:37:46,236 - INFO - 
****************************************************************************************************
2026-10-01 12:37:47,291 - INFO - --- training epoch 21, loss 20.6310, mae 21.1273, rmse 25.6546, time elapsed(min) 0.01---
2026-10-01 12:37:47,430 - INFO - --- validation at epoch 21, val_loss 21.2166, val_mae 21.1452, val_rmse 25.4045, val_r2 0.1085, val_pearson 0.4372, lr 1.00e-03 ---
2026-10-01 12:37:47,430 - INFO - 
****************************************************************************************************
2026-10-01 12:37:48,360 - INFO - --- training epoch 22, loss 20.7845, mae 21.2792, rmse 25.8128, time elapsed(min) 0.01---
2026-10-01 12:37:48,497 - INFO - --- validation at epoch 22, val_loss 20.4545, val_mae 20.5693, val_rmse 24.5306, val_r2 0.1688, val_pearson 0.4366, lr 1.00e-03 ---
2026-10-01 12:37:48,497 - INFO - 
****************************************************************************************************
2026-10-01 12:37:49,454 - INFO - --- training epoch 23, loss 20.7562, mae 21.2515, rmse 25.8545, time elapsed(min) 0.01---
2026-10-01 12:37:49,780 - INFO - --- validation at epoch 23, val_loss 19.6922, val_mae 20.0371, val_rmse 24.5069, val_r2 0.1704, val_pearson 0.4380, lr 1.00e-03 ---
2026-10-01 12:37:49,780 - INFO - 
****************************************************************************************************
2026-10-01 12:37:50,766 - INFO - --- training epoch 24, loss 20.5719, mae 21.0687, rmse 25.4989, time elapsed(min) 0.01---
2026-10-01 12:37:50,907 - INFO - --- validation at epoch 24, val_loss 20.2383, val_mae 20.4073, val_rmse 24.4733, val_r2 0.1727, val_pearson 0.4360, lr 1.00e-03 ---
2026-10-01 12:37:50,907 - INFO - 
****************************************************************************************************
2026-10-01 12:37:51,686 - INFO - --- training epoch 25, loss 20.5636, mae 21.0580, rmse 25.6838, time elapsed(min) 0.01---
2026-10-01 12:37:51,821 - INFO - --- validation at epoch 25, val_loss 19.9239, val_mae 20.2085, val_rmse 24.3517, val_r2 0.1809, val_pearson 0.4407, lr 1.00e-03 ---
2026-10-01 12:37:51,821 - INFO - 
****************************************************************************************************
2026-10-01 12:37:52,748 - INFO - --- training epoch 26, loss 20.7454, mae 21.2413, rmse 25.8167, time elapsed(min) 0.01---
2026-10-01 12:37:52,893 - INFO - --- validation at epoch 26, val_loss 19.4012, val_mae 19.8588, val_rmse 24.4236, val_r2 0.1760, val_pearson 0.4435, lr 1.00e-03 ---
2026-10-01 12:37:52,893 - INFO - 
****************************************************************************************************
2026-10-01 12:37:53,916 - INFO - --- training epoch 27, loss 20.4325, mae 20.9279, rmse 25.5109, time elapsed(min) 0.01---
2026-10-01 12:37:54,065 - INFO - --- validation at epoch 27, val_loss 20.1148, val_mae 20.3561, val_rmse 24.4598, val_r2 0.1736, val_pearson 0.4370, lr 1.00e-03 ---
2026-10-01 12:37:54,065 - INFO - 
****************************************************************************************************
2026-10-01 12:37:55,020 - INFO - --- training epoch 28, loss 20.5911, mae 21.0863, rmse 25.6596, time elapsed(min) 0.01---
2026-10-01 12:37:55,170 - INFO - --- validation at epoch 28, val_loss 19.5215, val_mae 19.9272, val_rmse 24.2484, val_r2 0.1878, val_pearson 0.4469, lr 1.00e-03 ---
2026-10-01 12:37:55,170 - INFO - 
****************************************************************************************************
2026-10-01 12:37:56,068 - INFO - --- training epoch 29, loss 20.5738, mae 21.0688, rmse 25.6594, time elapsed(min) 0.01---
2026-10-01 12:37:56,212 - INFO - --- validation at epoch 29, val_loss 19.8761, val_mae 20.1802, val_rmse 24.2994, val_r2 0.1844, val_pearson 0.4450, lr 1.00e-03 ---
2026-10-01 12:37:56,212 - INFO - 
****************************************************************************************************
2026-10-01 12:37:57,003 - INFO - --- training epoch 30, loss 20.3764, mae 20.8718, rmse 25.4828, time elapsed(min) 0.01---
2026-10-01 12:37:57,150 - INFO - --- validation at epoch 30, val_loss 20.1493, val_mae 20.3581, val_rmse 24.5824, val_r2 0.1653, val_pearson 0.4412, lr 1.00e-03 ---
2026-10-01 12:37:57,150 - INFO - 
****************************************************************************************************
2026-10-01 12:37:57,926 - INFO - --- training epoch 31, loss 20.6501, mae 21.1461, rmse 25.7045, time elapsed(min) 0.01---
2026-10-01 12:37:58,077 - INFO - --- validation at epoch 31, val_loss 19.7287, val_mae 20.1150, val_rmse 24.1973, val_r2 0.1912, val_pearson 0.4489, lr 1.00e-03 ---
2026-10-01 12:37:58,077 - INFO - 
****************************************************************************************************
2026-10-01 12:37:59,128 - INFO - --- training epoch 32, loss 20.5164, mae 21.0119, rmse 25.6588, time elapsed(min) 0.01---
2026-10-01 12:37:59,270 - INFO - --- validation at epoch 32, val_loss 19.7095, val_mae 20.0706, val_rmse 24.2202, val_r2 0.1897, val_pearson 0.4425, lr 1.00e-03 ---
2026-10-01 12:37:59,270 - INFO - 
****************************************************************************************************
2026-10-01 12:38:00,210 - INFO - --- training epoch 33, loss 20.5207, mae 21.0158, rmse 25.5152, time elapsed(min) 0.01---
2026-10-01 12:38:00,355 - INFO - --- validation at epoch 33, val_loss 19.5026, val_mae 19.9288, val_rmse 24.3247, val_r2 0.1827, val_pearson 0.4433, lr 1.00e-03 ---
2026-10-01 12:38:00,355 - INFO - 
****************************************************************************************************
2026-10-01 12:38:01,407 - INFO - --- training epoch 34, loss 20.4337, mae 20.9295, rmse 25.4897, time elapsed(min) 0.01---
2026-10-01 12:38:01,553 - INFO - --- validation at epoch 34, val_loss 20.0480, val_mae 20.3156, val_rmse 24.4756, val_r2 0.1725, val_pearson 0.4428, lr 1.00e-03 ---
2026-10-01 12:38:01,553 - INFO - 
****************************************************************************************************
2026-10-01 12:38:02,333 - INFO - --- training epoch 35, loss 20.2860, mae 20.7817, rmse 25.4963, time elapsed(min) 0.01---
2026-10-01 12:38:02,478 - INFO - --- validation at epoch 35, val_loss 19.6312, val_mae 20.0299, val_rmse 24.3197, val_r2 0.1830, val_pearson 0.4489, lr 1.00e-03 ---
2026-10-01 12:38:02,478 - INFO - 
****************************************************************************************************
2026-10-01 12:38:03,269 - INFO - --- training epoch 36, loss 20.4179, mae 20.9133, rmse 25.4952, time elapsed(min) 0.01---
2026-10-01 12:38:03,411 - INFO - --- validation at epoch 36, val_loss 19.6938, val_mae 20.0548, val_rmse 24.2076, val_r2 0.1905, val_pearson 0.4448, lr 1.00e-03 ---
2026-10-01 12:38:03,411 - INFO - 
****************************************************************************************************
2026-10-01 12:38:03,694 - INFO - --- early stopping at epoch 36: val_loss did not improve for 10 epochs ---
2026-10-01 12:38:03,865 - INFO - --- selected checkpoint from epoch 26, val_loss 19.4012, val_mae 19.8588, val_rmse 24.4236
2026-10-01 12:38:04,227 - INFO - -- RESULT
2026-10-01 12:38:04,227 - INFO - --- test size: 1187
2026-10-01 12:38:04,227 - INFO - --- MAE: 20.7172 pp, RMSE: 25.5632 pp, R2: 0.1128, Pearson: 0.4217
2026-10-01 12:38:04,229 - INFO - --- fullcv04_split70: MAE 20.717179117634856, RMSE 25.563215461229507, R2 0.11277875075617505
2026-10-01 12:38:04,242 - INFO - --- training fullcv05_split70 (npz/bh/fullcv05_split70)
