2026-10-01 12:23:41,509 - INFO - device is	cuda:0
2026-10-01 12:23:41,601 - INFO - -- CONFIGURATIONS
2026-10-01 12:23:41,601 - INFO - --- train/valid/test: 2491/277/1187
2026-10-01 12:23:41,601 - INFO - --- max no. reactants_train, valid, test respectively: 6, 6, 6
2026-10-01 12:23:41,601 - INFO - --- max no. products_train, valid, test respectively: 1, 1, 1
2026-10-01 12:23:41,601 - INFO - --- model_path: ../logs/bh_approach1_grid/runs/bh/fullcv09_split70/approach_3/model.pt
2026-10-01 12:23:41,608 - INFO - -- TRAINING
2026-10-01 12:23:42,306 - INFO - --- training epoch 0, loss 24.6030, mae 25.0978, rmse 30.9606, time elapsed(min) 0.01---
2026-10-01 12:23:42,462 - INFO - --- validation at epoch 0, val_loss 22.9444, val_mae 23.3466, val_rmse 28.3284, val_r2 -0.0676, val_pearson -0.1212, lr 1.00e-03 ---
2026-10-01 12:23:42,463 - INFO - 
****************************************************************************************************
2026-10-01 12:23:43,575 - INFO - --- training epoch 1, loss 22.6806, mae 23.1767, rmse 27.9780, time elapsed(min) 0.01---
2026-10-01 12:23:43,738 - INFO - --- validation at epoch 1, val_loss 22.9424, val_mae 23.1598, val_rmse 28.6742, val_r2 -0.0939, val_pearson 0.1112, lr 1.00e-03 ---
2026-10-01 12:23:43,738 - INFO - 
****************************************************************************************************
2026-10-01 12:23:44,958 - INFO - --- training epoch 2, loss 22.1720, mae 22.6680, rmse 27.5368, time elapsed(min) 0.01---
2026-10-01 12:23:45,126 - INFO - --- validation at epoch 2, val_loss 23.0019, val_mae 23.2016, val_rmse 28.3492, val_r2 -0.0692, val_pearson 0.1278, lr 1.00e-03 ---
2026-10-01 12:23:45,126 - INFO - 
****************************************************************************************************
2026-10-01 12:23:46,345 - INFO - --- training epoch 3, loss 21.9726, mae 22.4688, rmse 27.1777, time elapsed(min) 0.01---
2026-10-01 12:23:46,513 - INFO - --- validation at epoch 3, val_loss 22.8827, val_mae 23.2014, val_rmse 27.6968, val_r2 -0.0206, val_pearson 0.1269, lr 1.00e-03 ---
2026-10-01 12:23:46,513 - INFO - 
****************************************************************************************************
2026-10-01 12:23:47,940 - INFO - --- training epoch 4, loss 21.9006, mae 22.3970, rmse 27.1599, time elapsed(min) 0.02---
2026-10-01 12:23:48,111 - INFO - --- validation at epoch 4, val_loss 23.0073, val_mae 23.0767, val_rmse 28.5621, val_r2 -0.0853, val_pearson 0.1330, lr 1.00e-03 ---
2026-10-01 12:23:48,112 - INFO - 
****************************************************************************************************
2026-10-01 12:23:49,357 - INFO - --- training epoch 5, loss 21.8923, mae 22.3874, rmse 27.2112, time elapsed(min) 0.01---
2026-10-01 12:23:49,510 - INFO - --- validation at epoch 5, val_loss 22.8902, val_mae 23.0458, val_rmse 28.0267, val_r2 -0.0450, val_pearson 0.1337, lr 1.00e-03 ---
2026-10-01 12:23:49,510 - INFO - 
****************************************************************************************************
2026-10-01 12:23:50,721 - INFO - --- training epoch 6, loss 21.7988, mae 22.2945, rmse 27.1118, time elapsed(min) 0.01---
2026-10-01 12:23:50,884 - INFO - --- validation at epoch 6, val_loss 22.8495, val_mae 22.9534, val_rmse 28.0719, val_r2 -0.0484, val_pearson 0.1352, lr 1.00e-03 ---
2026-10-01 12:23:50,884 - INFO - 
****************************************************************************************************
2026-10-01 12:23:52,001 - INFO - --- training epoch 7, loss 21.8490, mae 22.3443, rmse 27.0846, time elapsed(min) 0.01---
2026-10-01 12:23:52,173 - INFO - --- validation at epoch 7, val_loss 22.7563, val_mae 22.9676, val_rmse 27.7213, val_r2 -0.0224, val_pearson 0.1495, lr 1.00e-03 ---
2026-10-01 12:23:52,173 - INFO - 
****************************************************************************************************
2026-10-01 12:23:53,301 - INFO - --- training epoch 8, loss 21.7198, mae 22.2160, rmse 26.9348, time elapsed(min) 0.01---
2026-10-01 12:23:53,466 - INFO - --- validation at epoch 8, val_loss 22.8988, val_mae 23.0139, val_rmse 28.2224, val_r2 -0.0597, val_pearson 0.1317, lr 1.00e-03 ---
2026-10-01 12:23:53,466 - INFO - 
****************************************************************************************************
2026-10-01 12:23:54,732 - INFO - --- training epoch 9, loss 21.8726, mae 22.3681, rmse 27.1477, time elapsed(min) 0.01---
2026-10-01 12:23:54,892 - INFO - --- validation at epoch 9, val_loss 22.7237, val_mae 22.9823, val_rmse 27.5618, val_r2 -0.0106, val_pearson 0.1564, lr 1.00e-03 ---
2026-10-01 12:23:54,892 - INFO - 
****************************************************************************************************
2026-10-01 12:23:56,249 - INFO - --- training epoch 10, loss 22.0001, mae 22.4967, rmse 27.1258, time elapsed(min) 0.02---
2026-10-01 12:23:56,415 - INFO - --- validation at epoch 10, val_loss 22.6907, val_mae 22.8265, val_rmse 28.0898, val_r2 -0.0497, val_pearson 0.1780, lr 1.00e-03 ---
2026-10-01 12:23:56,416 - INFO - 
****************************************************************************************************
2026-10-01 12:23:57,862 - INFO - --- training epoch 11, loss 21.8669, mae 22.3625, rmse 27.0216, time elapsed(min) 0.02---
2026-10-01 12:23:58,019 - INFO - --- validation at epoch 11, val_loss 22.9206, val_mae 22.9656, val_rmse 28.6548, val_r2 -0.0924, val_pearson 0.1711, lr 1.00e-03 ---
2026-10-01 12:23:58,019 - INFO - 
****************************************************************************************************
2026-10-01 12:23:59,063 - INFO - --- training epoch 12, loss 21.7060, mae 22.2008, rmse 26.8211, time elapsed(min) 0.01---
2026-10-01 12:23:59,224 - INFO - --- validation at epoch 12, val_loss 22.5316, val_mae 22.6276, val_rmse 27.5970, val_r2 -0.0132, val_pearson 0.1750, lr 1.00e-03 ---
2026-10-01 12:23:59,224 - INFO - 
****************************************************************************************************
2026-10-01 12:24:00,349 - INFO - --- training epoch 13, loss 21.6484, mae 22.1440, rmse 26.8245, time elapsed(min) 0.01---
2026-10-01 12:24:00,528 - INFO - --- validation at epoch 13, val_loss 22.6094, val_mae 22.9012, val_rmse 27.2734, val_r2 0.0104, val_pearson 0.1883, lr 1.00e-03 ---
2026-10-01 12:24:00,528 - INFO - 
****************************************************************************************************
2026-10-01 12:24:01,765 - INFO - --- training epoch 14, loss 21.5984, mae 22.0939, rmse 26.5547, time elapsed(min) 0.01---
2026-10-01 12:24:01,943 - INFO - --- validation at epoch 14, val_loss 22.4930, val_mae 22.5466, val_rmse 27.4956, val_r2 -0.0058, val_pearson 0.1843, lr 1.00e-03 ---
2026-10-01 12:24:01,944 - INFO - 
****************************************************************************************************
2026-10-01 12:24:03,252 - INFO - --- training epoch 15, loss 21.6695, mae 22.1639, rmse 26.7360, time elapsed(min) 0.01---
2026-10-01 12:24:03,423 - INFO - --- validation at epoch 15, val_loss 22.5388, val_mae 22.8605, val_rmse 27.2205, val_r2 0.0142, val_pearson 0.2006, lr 1.00e-03 ---
2026-10-01 12:24:03,423 - INFO - 
****************************************************************************************************
2026-10-01 12:24:04,699 - INFO - --- training epoch 16, loss 21.5523, mae 22.0482, rmse 26.3627, time elapsed(min) 0.01---
2026-10-01 12:24:05,079 - INFO - --- validation at epoch 16, val_loss 22.3033, val_mae 22.4638, val_rmse 27.0473, val_r2 0.0267, val_pearson 0.2160, lr 1.00e-03 ---
2026-10-01 12:24:05,079 - INFO - 
****************************************************************************************************
2026-10-01 12:24:06,374 - INFO - --- training epoch 17, loss 21.3973, mae 21.8928, rmse 26.2294, time elapsed(min) 0.01---
2026-10-01 12:24:06,552 - INFO - --- validation at epoch 17, val_loss 23.0466, val_mae 22.8369, val_rmse 28.8207, val_r2 -0.1051, val_pearson 0.2124, lr 1.00e-03 ---
2026-10-01 12:24:06,552 - INFO - 
****************************************************************************************************
2026-10-01 12:24:07,648 - INFO - --- training epoch 18, loss 21.5634, mae 22.0593, rmse 26.4773, time elapsed(min) 0.01---
2026-10-01 12:24:07,818 - INFO - --- validation at epoch 18, val_loss 22.0348, val_mae 22.0786, val_rmse 26.0247, val_r2 0.0989, val_pearson 0.3146, lr 1.00e-03 ---
2026-10-01 12:24:07,818 - INFO - 
****************************************************************************************************
2026-10-01 12:24:09,281 - INFO - --- training epoch 19, loss 21.1925, mae 21.6874, rmse 26.0898, time elapsed(min) 0.02---
2026-10-01 12:24:09,468 - INFO - --- validation at epoch 19, val_loss 22.3378, val_mae 22.2140, val_rmse 26.9242, val_r2 0.0356, val_pearson 0.2365, lr 1.00e-03 ---
2026-10-01 12:24:09,468 - INFO - 
****************************************************************************************************
2026-10-01 12:24:10,758 - INFO - --- training epoch 20, loss 21.5604, mae 22.0558, rmse 26.5085, time elapsed(min) 0.02---
2026-10-01 12:24:10,929 - INFO - --- validation at epoch 20, val_loss 21.9604, val_mae 21.7081, val_rmse 26.3005, val_r2 0.0797, val_pearson 0.3183, lr 1.00e-03 ---
2026-10-01 12:24:10,929 - INFO - 
****************************************************************************************************
2026-10-01 12:24:12,295 - INFO - --- training epoch 21, loss 21.2317, mae 21.7275, rmse 25.8494, time elapsed(min) 0.02---
2026-10-01 12:24:12,453 - INFO - --- validation at epoch 21, val_loss 22.1336, val_mae 21.2970, val_rmse 26.0076, val_r2 0.1001, val_pearson 0.3483, lr 1.00e-03 ---
2026-10-01 12:24:12,453 - INFO - 
****************************************************************************************************
2026-10-01 12:24:13,664 - INFO - --- training epoch 22, loss 20.6521, mae 21.1481, rmse 25.5578, time elapsed(min) 0.01---
2026-10-01 12:24:13,827 - INFO - --- validation at epoch 22, val_loss 21.9096, val_mae 21.3992, val_rmse 25.6196, val_r2 0.1268, val_pearson 0.3662, lr 1.00e-03 ---
2026-10-01 12:24:13,827 - INFO - 
****************************************************************************************************
2026-10-01 12:24:14,971 - INFO - --- training epoch 23, loss 21.0213, mae 21.5182, rmse 25.7534, time elapsed(min) 0.01---
2026-10-01 12:24:15,137 - INFO - --- validation at epoch 23, val_loss 22.0364, val_mae 21.9011, val_rmse 26.0148, val_r2 0.0996, val_pearson 0.3244, lr 1.00e-03 ---
2026-10-01 12:24:15,137 - INFO - 
****************************************************************************************************
2026-10-01 12:24:16,410 - INFO - --- training epoch 24, loss 20.4201, mae 20.9160, rmse 24.7694, time elapsed(min) 0.01---
2026-10-01 12:24:16,576 - INFO - --- validation at epoch 24, val_loss 21.8165, val_mae 21.3071, val_rmse 26.0482, val_r2 0.0973, val_pearson 0.3704, lr 1.00e-03 ---
2026-10-01 12:24:16,576 - INFO - 
****************************************************************************************************
2026-10-01 12:24:17,894 - INFO - --- training epoch 25, loss 20.3836, mae 20.8793, rmse 25.1287, time elapsed(min) 0.01---
2026-10-01 12:24:18,068 - INFO - --- validation at epoch 25, val_loss 22.4674, val_mae 22.2425, val_rmse 26.2835, val_r2 0.0809, val_pearson 0.3121, lr 1.00e-03 ---
2026-10-01 12:24:18,068 - INFO - 
****************************************************************************************************
2026-10-01 12:24:19,443 - INFO - --- training epoch 26, loss 25.6987, mae 26.1951, rmse 32.4602, time elapsed(min) 0.02---
2026-10-01 12:24:19,614 - INFO - --- validation at epoch 26, val_loss 23.4089, val_mae 23.2863, val_rmse 30.0812, val_r2 -0.2039, val_pearson 0.2081, lr 1.00e-03 ---
2026-10-01 12:24:19,614 - INFO - 
****************************************************************************************************
2026-10-01 12:24:21,016 - INFO - --- training epoch 27, loss 21.3805, mae 21.8775, rmse 26.2080, time elapsed(min) 0.02---
2026-10-01 12:24:21,184 - INFO - --- validation at epoch 27, val_loss 21.8734, val_mae 21.3463, val_rmse 25.9645, val_r2 0.1031, val_pearson 0.3478, lr 1.00e-03 ---
2026-10-01 12:24:21,184 - INFO - 
****************************************************************************************************
2026-10-01 12:24:22,261 - INFO - --- training epoch 28, loss 20.8800, mae 21.3774, rmse 25.6715, time elapsed(min) 0.01---
2026-10-01 12:24:22,423 - INFO - --- validation at epoch 28, val_loss 21.9816, val_mae 21.0873, val_rmse 26.0257, val_r2 0.0989, val_pearson 0.3739, lr 1.00e-03 ---
2026-10-01 12:24:22,423 - INFO - 
****************************************************************************************************
2026-10-01 12:24:23,490 - INFO - --- training epoch 29, loss 21.0036, mae 21.4998, rmse 25.4591, time elapsed(min) 0.01---
2026-10-01 12:24:23,649 - INFO - --- validation at epoch 29, val_loss 22.5499, val_mae 21.5189, val_rmse 26.8169, val_r2 0.0432, val_pearson 0.3315, lr 1.00e-03 ---
2026-10-01 12:24:23,649 - INFO - 
****************************************************************************************************
2026-10-01 12:24:24,894 - INFO - --- training epoch 30, loss 20.1966, mae 20.6931, rmse 25.3235, time elapsed(min) 0.01---
2026-10-01 12:24:25,059 - INFO - --- validation at epoch 30, val_loss 21.6356, val_mae 21.5039, val_rmse 26.2517, val_r2 0.0831, val_pearson 0.3212, lr 1.00e-03 ---
2026-10-01 12:24:25,059 - INFO - 
****************************************************************************************************
2026-10-01 12:24:26,369 - INFO - --- training epoch 31, loss 20.8118, mae 21.3074, rmse 25.8378, time elapsed(min) 0.01---
2026-10-01 12:24:26,520 - INFO - --- validation at epoch 31, val_loss 22.6019, val_mae 21.5007, val_rmse 26.9590, val_r2 0.0331, val_pearson 0.3441, lr 1.00e-03 ---
2026-10-01 12:24:26,520 - INFO - 
****************************************************************************************************
2026-10-01 12:24:27,802 - INFO - --- training epoch 32, loss 20.4301, mae 20.9245, rmse 26.0200, time elapsed(min) 0.01---
2026-10-01 12:24:28,180 - INFO - --- validation at epoch 32, val_loss 21.2408, val_mae 20.3784, val_rmse 25.8380, val_r2 0.1118, val_pearson 0.4054, lr 1.00e-03 ---
2026-10-01 12:24:28,180 - INFO - 
****************************************************************************************************
2026-10-01 12:24:29,453 - INFO - --- training epoch 33, loss 19.1989, mae 19.6938, rmse 24.5415, time elapsed(min) 0.01---
2026-10-01 12:24:29,627 - INFO - --- validation at epoch 33, val_loss 20.8517, val_mae 20.3943, val_rmse 24.8229, val_r2 0.1802, val_pearson 0.4352, lr 1.00e-03 ---
2026-10-01 12:24:29,627 - INFO - 
****************************************************************************************************
2026-10-01 12:24:30,763 - INFO - --- training epoch 34, loss 19.9079, mae 20.4027, rmse 25.3079, time elapsed(min) 0.01---
2026-10-01 12:24:30,926 - INFO - --- validation at epoch 34, val_loss 20.7605, val_mae 20.0443, val_rmse 25.4361, val_r2 0.1392, val_pearson 0.4234, lr 1.00e-03 ---
2026-10-01 12:24:30,926 - INFO - 
****************************************************************************************************
2026-10-01 12:24:32,233 - INFO - --- training epoch 35, loss 19.4419, mae 19.9367, rmse 24.6470, time elapsed(min) 0.01---
2026-10-01 12:24:32,392 - INFO - --- validation at epoch 35, val_loss 20.3875, val_mae 20.0201, val_rmse 24.7825, val_r2 0.1829, val_pearson 0.4369, lr 1.00e-03 ---
2026-10-01 12:24:32,392 - INFO - 
****************************************************************************************************
2026-10-01 12:24:33,721 - INFO - --- training epoch 36, loss 19.3952, mae 19.8900, rmse 24.8004, time elapsed(min) 0.01---
2026-10-01 12:24:33,878 - INFO - --- validation at epoch 36, val_loss 20.2861, val_mae 19.7248, val_rmse 24.6385, val_r2 0.1924, val_pearson 0.4493, lr 1.00e-03 ---
2026-10-01 12:24:33,878 - INFO - 
****************************************************************************************************
2026-10-01 12:24:35,210 - INFO - --- training epoch 37, loss 20.0626, mae 20.5576, rmse 25.7265, time elapsed(min) 0.01---
2026-10-01 12:24:35,583 - INFO - --- validation at epoch 37, val_loss 22.0176, val_mae 21.0870, val_rmse 25.0541, val_r2 0.1649, val_pearson 0.4179, lr 1.00e-03 ---
2026-10-01 12:24:35,583 - INFO - 
****************************************************************************************************
2026-10-01 12:24:36,787 - INFO - --- training epoch 38, loss 19.0037, mae 19.4984, rmse 24.1507, time elapsed(min) 0.01---
2026-10-01 12:24:36,967 - INFO - --- validation at epoch 38, val_loss 22.2496, val_mae 20.2706, val_rmse 25.5044, val_r2 0.1346, val_pearson 0.4363, lr 1.00e-03 ---
2026-10-01 12:24:36,967 - INFO - 
****************************************************************************************************
2026-10-01 12:24:38,028 - INFO - --- training epoch 39, loss 19.6241, mae 20.1168, rmse 25.1053, time elapsed(min) 0.01---
2026-10-01 12:24:38,201 - INFO - --- validation at epoch 39, val_loss 22.1113, val_mae 20.9316, val_rmse 25.5452, val_r2 0.1318, val_pearson 0.3799, lr 1.00e-03 ---
2026-10-01 12:24:38,201 - INFO - 
****************************************************************************************************
2026-10-01 12:24:39,454 - INFO - --- training epoch 40, loss 19.9146, mae 20.4095, rmse 25.6887, time elapsed(min) 0.01---
2026-10-01 12:24:39,622 - INFO - --- validation at epoch 40, val_loss 21.6326, val_mae 20.4476, val_rmse 25.4033, val_r2 0.1415, val_pearson 0.4052, lr 1.00e-03 ---
2026-10-01 12:24:39,622 - INFO - 
****************************************************************************************************
2026-10-01 12:24:41,014 - INFO - --- training epoch 41, loss 20.2476, mae 20.7434, rmse 26.1089, time elapsed(min) 0.02---
2026-10-01 12:24:41,181 - INFO - --- validation at epoch 41, val_loss 22.7577, val_mae 21.5891, val_rmse 28.8454, val_r2 -0.1070, val_pearson 0.4326, lr 1.00e-03 ---
2026-10-01 12:24:41,181 - INFO - 
****************************************************************************************************
2026-10-01 12:24:42,451 - INFO - --- training epoch 42, loss 20.6144, mae 21.1104, rmse 25.7450, time elapsed(min) 0.01---
2026-10-01 12:24:42,625 - INFO - --- validation at epoch 42, val_loss 20.9088, val_mae 20.2598, val_rmse 25.3237, val_r2 0.1468, val_pearson 0.4646, lr 1.00e-03 ---
2026-10-01 12:24:42,625 - INFO - 
****************************************************************************************************
2026-10-01 12:24:43,832 - INFO - --- training epoch 43, loss 19.2243, mae 19.7202, rmse 23.9733, time elapsed(min) 0.01---
2026-10-01 12:24:43,991 - INFO - --- validation at epoch 43, val_loss 19.6515, val_mae 19.4203, val_rmse 23.8624, val_r2 0.2425, val_pearson 0.5046, lr 1.00e-03 ---
2026-10-01 12:24:43,991 - INFO - 
****************************************************************************************************
2026-10-01 12:24:45,115 - INFO - --- training epoch 44, loss 19.0105, mae 19.5048, rmse 24.1037, time elapsed(min) 0.01---
2026-10-01 12:24:45,288 - INFO - --- validation at epoch 44, val_loss 20.7198, val_mae 19.8306, val_rmse 25.2825, val_r2 0.1496, val_pearson 0.4546, lr 1.00e-03 ---
2026-10-01 12:24:45,289 - INFO - 
****************************************************************************************************
2026-10-01 12:24:46,359 - INFO - --- training epoch 45, loss 19.6521, mae 20.1466, rmse 24.9813, time elapsed(min) 0.01---
2026-10-01 12:24:46,516 - INFO - --- validation at epoch 45, val_loss 21.5341, val_mae 20.7846, val_rmse 27.8922, val_r2 -0.0350, val_pearson 0.4919, lr 1.00e-03 ---
2026-10-01 12:24:46,516 - INFO - 
****************************************************************************************************
2026-10-01 12:24:47,785 - INFO - --- training epoch 46, loss 19.5820, mae 20.0771, rmse 24.6711, time elapsed(min) 0.01---
2026-10-01 12:24:47,946 - INFO - --- validation at epoch 46, val_loss 20.9692, val_mae 20.4330, val_rmse 25.0980, val_r2 0.1620, val_pearson 0.4329, lr 1.00e-03 ---
2026-10-01 12:24:47,947 - INFO - 
****************************************************************************************************
2026-10-01 12:24:49,235 - INFO - --- training epoch 47, loss 18.6505, mae 19.1452, rmse 23.6893, time elapsed(min) 0.01---
2026-10-01 12:24:49,397 - INFO - --- validation at epoch 47, val_loss 19.7537, val_mae 19.7931, val_rmse 24.1892, val_r2 0.2216, val_pearson 0.4885, lr 1.00e-03 ---
2026-10-01 12:24:49,397 - INFO - 
****************************************************************************************************
2026-10-01 12:24:50,874 - INFO - --- training epoch 48, loss 18.8676, mae 19.3619, rmse 23.8142, time elapsed(min) 0.02---
2026-10-01 12:24:51,044 - INFO - --- validation at epoch 48, val_loss 19.9080, val_mae 19.5070, val_rmse 24.3286, val_r2 0.2126, val_pearson 0.4995, lr 1.00e-03 ---
2026-10-01 12:24:51,044 - INFO - 
****************************************************************************************************
2026-10-01 12:24:52,127 - INFO - --- training epoch 49, loss 18.8447, mae 19.3395, rmse 23.8705, time elapsed(min) 0.01---
2026-10-01 12:24:52,296 - INFO - --- validation at epoch 49, val_loss 20.2063, val_mae 19.2406, val_rmse 23.8881, val_r2 0.2408, val_pearson 0.4953, lr 1.00e-03 ---
2026-10-01 12:24:52,296 - INFO - 
****************************************************************************************************
2026-10-01 12:24:53,354 - INFO - --- training epoch 50, loss 18.4541, mae 18.9470, rmse 23.1332, time elapsed(min) 0.01---
2026-10-01 12:24:53,520 - INFO - --- validation at epoch 50, val_loss 19.5548, val_mae 18.9814, val_rmse 23.3228, val_r2 0.2763, val_pearson 0.5263, lr 1.00e-03 ---
2026-10-01 12:24:53,520 - INFO - 
****************************************************************************************************
2026-10-01 12:24:54,845 - INFO - --- training epoch 51, loss 18.2302, mae 18.7242, rmse 23.0150, time elapsed(min) 0.01---
2026-10-01 12:24:55,005 - INFO - --- validation at epoch 51, val_loss 19.6571, val_mae 19.2041, val_rmse 23.1317, val_r2 0.2881, val_pearson 0.5381, lr 1.00e-03 ---
2026-10-01 12:24:55,005 - INFO - 
****************************************************************************************************
2026-10-01 12:24:56,414 - INFO - --- training epoch 52, loss 18.5340, mae 19.0281, rmse 23.3453, time elapsed(min) 0.02---
2026-10-01 12:24:56,577 - INFO - --- validation at epoch 52, val_loss 19.7152, val_mae 19.3368, val_rmse 23.2609, val_r2 0.2802, val_pearson 0.5323, lr 1.00e-03 ---
2026-10-01 12:24:56,578 - INFO - 
****************************************************************************************************
2026-10-01 12:24:58,028 - INFO - --- training epoch 53, loss 18.4923, mae 18.9877, rmse 23.3123, time elapsed(min) 0.02---
2026-10-01 12:24:58,209 - INFO - --- validation at epoch 53, val_loss 19.1760, val_mae 18.7666, val_rmse 23.2467, val_r2 0.2810, val_pearson 0.5334, lr 1.00e-03 ---
2026-10-01 12:24:58,209 - INFO - 
****************************************************************************************************
2026-10-01 12:24:59,352 - INFO - --- training epoch 54, loss 17.7786, mae 18.2723, rmse 22.6059, time elapsed(min) 0.01---
2026-10-01 12:24:59,511 - INFO - --- validation at epoch 54, val_loss 18.9262, val_mae 18.4786, val_rmse 22.8456, val_r2 0.3056, val_pearson 0.5546, lr 1.00e-03 ---
2026-10-01 12:24:59,511 - INFO - 
****************************************************************************************************
2026-10-01 12:25:00,836 - INFO - --- training epoch 55, loss 19.1154, mae 19.6105, rmse 24.5373, time elapsed(min) 0.01---
2026-10-01 12:25:01,021 - INFO - --- validation at epoch 55, val_loss 21.3620, val_mae 21.1477, val_rmse 25.9694, val_r2 0.1028, val_pearson 0.3652, lr 1.00e-03 ---
2026-10-01 12:25:01,021 - INFO - 
****************************************************************************************************
2026-10-01 12:25:02,318 - INFO - --- training epoch 56, loss 20.0108, mae 20.5057, rmse 25.4858, time elapsed(min) 0.02---
2026-10-01 12:25:02,499 - INFO - --- validation at epoch 56, val_loss 21.8032, val_mae 21.4601, val_rmse 25.6136, val_r2 0.1272, val_pearson 0.3792, lr 1.00e-03 ---
2026-10-01 12:25:02,499 - INFO - 
****************************************************************************************************
2026-10-01 12:25:03,772 - INFO - --- training epoch 57, loss 19.5290, mae 20.0235, rmse 24.5265, time elapsed(min) 0.01---
2026-10-01 12:25:03,927 - INFO - --- validation at epoch 57, val_loss 20.7746, val_mae 20.1617, val_rmse 25.2578, val_r2 0.1513, val_pearson 0.4422, lr 1.00e-03 ---
2026-10-01 12:25:03,927 - INFO - 
****************************************************************************************************
2026-10-01 12:25:05,170 - INFO - --- training epoch 58, loss 18.2296, mae 18.7234, rmse 23.2873, time elapsed(min) 0.01---
2026-10-01 12:25:05,340 - INFO - --- validation at epoch 58, val_loss 20.9151, val_mae 20.1334, val_rmse 25.4800, val_r2 0.1363, val_pearson 0.4279, lr 1.00e-03 ---
2026-10-01 12:25:05,340 - INFO - 
****************************************************************************************************
2026-10-01 12:25:06,412 - INFO - --- training epoch 59, loss 18.9337, mae 19.4283, rmse 23.9840, time elapsed(min) 0.01---
2026-10-01 12:25:06,569 - INFO - --- validation at epoch 59, val_loss 20.7926, val_mae 20.3285, val_rmse 24.7806, val_r2 0.1830, val_pearson 0.4407, lr 1.00e-03 ---
2026-10-01 12:25:06,569 - INFO - 
****************************************************************************************************
2026-10-01 12:25:07,790 - INFO - --- training epoch 60, loss 18.9781, mae 19.4736, rmse 24.1343, time elapsed(min) 0.01---
2026-10-01 12:25:07,952 - INFO - --- validation at epoch 60, val_loss 20.7068, val_mae 20.2151, val_rmse 24.8779, val_r2 0.1766, val_pearson 0.4415, lr 1.00e-03 ---
2026-10-01 12:25:07,952 - INFO - 
****************************************************************************************************
2026-10-01 12:25:09,223 - INFO - --- training epoch 61, loss 18.6691, mae 19.1642, rmse 23.7027, time elapsed(min) 0.01---
2026-10-01 12:25:09,389 - INFO - --- validation at epoch 61, val_loss 20.5196, val_mae 20.1296, val_rmse 24.8085, val_r2 0.1812, val_pearson 0.4452, lr 1.00e-03 ---
2026-10-01 12:25:09,389 - INFO - 
****************************************************************************************************
2026-10-01 12:25:10,802 - INFO - --- training epoch 62, loss 19.0113, mae 19.5064, rmse 24.1607, time elapsed(min) 0.02---
2026-10-01 12:25:10,977 - INFO - --- validation at epoch 62, val_loss 21.1801, val_mae 20.3955, val_rmse 25.1670, val_r2 0.1574, val_pearson 0.4401, lr 1.00e-03 ---
2026-10-01 12:25:10,977 - INFO - 
****************************************************************************************************
2026-10-01 12:25:12,421 - INFO - --- training epoch 63, loss 18.6595, mae 19.1526, rmse 23.8072, time elapsed(min) 0.02---
2026-10-01 12:25:12,580 - INFO - --- validation at epoch 63, val_loss 20.6545, val_mae 20.1167, val_rmse 24.9248, val_r2 0.1735, val_pearson 0.4376, lr 1.00e-03 ---
2026-10-01 12:25:12,580 - INFO - 
****************************************************************************************************
2026-10-01 12:25:13,664 - INFO - --- training epoch 64, loss 18.4276, mae 18.9211, rmse 23.5691, time elapsed(min) 0.01---
2026-10-01 12:25:13,820 - INFO - --- validation at epoch 64, val_loss 20.4846, val_mae 19.9705, val_rmse 24.7503, val_r2 0.1850, val_pearson 0.4528, lr 1.00e-03 ---
2026-10-01 12:25:13,820 - INFO - 
****************************************************************************************************
2026-10-01 12:25:14,216 - INFO - --- early stopping at epoch 64: val_loss did not improve for 10 epochs ---
2026-10-01 12:25:14,407 - INFO - --- selected checkpoint from epoch 54, val_loss 18.9262, val_mae 18.4786, val_rmse 22.8456
2026-10-01 12:25:14,848 - INFO - -- RESULT
2026-10-01 12:25:14,848 - INFO - --- test size: 1187
2026-10-01 12:25:14,848 - INFO - --- MAE: 17.1840 pp, RMSE: 21.1247 pp, R2: 0.4078, Pearson: 0.6408
2026-10-01 12:25:15,889 - INFO - --- Cell approach_3 DONE: test MAE=17.1840 RMSE=21.1247 R2=0.4078 | sec/epoch=1.42
2026-10-01 12:25:15,903 - INFO - === RUNNING: dataset=bh split=fullcv09_split70 cell=approach_2 (tokens=comb, pooling=mean, head=mlp) ===
