2026-10-01 15:39:09,971 - INFO - device is	cuda:0
2026-10-01 15:39:10,082 - INFO - -- CONFIGURATIONS
2026-10-01 15:39:10,082 - INFO - --- train/valid/test: 3628/404/1728
2026-10-01 15:39:10,082 - INFO - --- max no. reactants_train, valid, test respectively: 14, 14, 14
2026-10-01 15:39:10,082 - INFO - --- max no. products_train, valid, test respectively: 1, 1, 1
2026-10-01 15:39:10,082 - INFO - --- model_path: ../logs/approach1_server/approach_2/suzuki/runs/suzuki_split_6_20261001_153909/split_6/model.pt
2026-10-01 15:39:10,178 - INFO - -- TRAINING
2026-10-01 15:39:12,432 - INFO - --- training epoch 0, loss 0.9669, mae 1.2996, rmse 2.8429, time elapsed(min) 0.04---
2026-10-01 15:39:12,699 - INFO - --- validation at epoch 0, val_loss 0.0464, val_mae 0.2739, val_rmse 0.3092, val_r2 -0.3059, val_pearson -0.2381, lr 1.00e-03 ---
2026-10-01 15:39:12,699 - INFO - 
****************************************************************************************************
2026-10-01 15:39:14,918 - INFO - --- training epoch 1, loss 0.0418, mae 0.2484, rmse 0.2892, time elapsed(min) 0.03---
2026-10-01 15:39:15,161 - INFO - --- validation at epoch 1, val_loss 0.0358, val_mae 0.2327, val_rmse 0.2699, val_r2 0.0043, val_pearson 0.1862, lr 1.00e-03 ---
2026-10-01 15:39:15,161 - INFO - 
****************************************************************************************************
2026-10-01 15:39:17,413 - INFO - --- training epoch 2, loss 0.0392, mae 0.2420, rmse 0.2801, time elapsed(min) 0.03---
2026-10-01 15:39:17,662 - INFO - --- validation at epoch 2, val_loss 0.0354, val_mae 0.2256, val_rmse 0.2674, val_r2 0.0229, val_pearson 0.2351, lr 1.00e-03 ---
2026-10-01 15:39:17,662 - INFO - 
****************************************************************************************************
2026-10-01 15:39:20,043 - INFO - --- training epoch 3, loss 0.0381, mae 0.2373, rmse 0.2760, time elapsed(min) 0.03---
2026-10-01 15:39:20,501 - INFO - --- validation at epoch 3, val_loss 0.0357, val_mae 0.2198, val_rmse 0.2677, val_r2 0.0208, val_pearson 0.2708, lr 1.00e-03 ---
2026-10-01 15:39:20,501 - INFO - 
****************************************************************************************************
2026-10-01 15:39:22,812 - INFO - --- training epoch 4, loss 0.0379, mae 0.2358, rmse 0.2754, time elapsed(min) 0.03---
2026-10-01 15:39:23,067 - INFO - --- validation at epoch 4, val_loss 0.0364, val_mae 0.2184, val_rmse 0.2698, val_r2 0.0051, val_pearson 0.3079, lr 1.00e-03 ---
2026-10-01 15:39:23,067 - INFO - 
****************************************************************************************************
2026-10-01 15:39:25,218 - INFO - --- training epoch 5, loss 0.0377, mae 0.2359, rmse 0.2747, time elapsed(min) 0.03---
2026-10-01 15:39:25,471 - INFO - --- validation at epoch 5, val_loss 0.0348, val_mae 0.2155, val_rmse 0.2631, val_r2 0.0539, val_pearson 0.3372, lr 1.00e-03 ---
2026-10-01 15:39:25,472 - INFO - 
****************************************************************************************************
2026-10-01 15:39:27,746 - INFO - --- training epoch 6, loss 0.0371, mae 0.2328, rmse 0.2724, time elapsed(min) 0.03---
2026-10-01 15:39:28,158 - INFO - --- validation at epoch 6, val_loss 0.0323, val_mae 0.2060, val_rmse 0.2510, val_r2 0.1394, val_pearson 0.4140, lr 1.00e-03 ---
2026-10-01 15:39:28,158 - INFO - 
****************************************************************************************************
2026-10-01 15:39:30,696 - INFO - --- training epoch 7, loss 0.0354, mae 0.2239, rmse 0.2660, time elapsed(min) 0.04---
2026-10-01 15:39:30,945 - INFO - --- validation at epoch 7, val_loss 0.0312, val_mae 0.2046, val_rmse 0.2470, val_r2 0.1663, val_pearson 0.4336, lr 1.00e-03 ---
2026-10-01 15:39:30,945 - INFO - 
****************************************************************************************************
2026-10-01 15:39:33,357 - INFO - --- training epoch 8, loss 0.0351, mae 0.2226, rmse 0.2651, time elapsed(min) 0.03---
2026-10-01 15:39:33,612 - INFO - --- validation at epoch 8, val_loss 0.0312, val_mae 0.2036, val_rmse 0.2468, val_r2 0.1679, val_pearson 0.4417, lr 1.00e-03 ---
2026-10-01 15:39:33,613 - INFO - 
****************************************************************************************************
2026-10-01 15:39:35,995 - INFO - --- training epoch 9, loss 0.0350, mae 0.2218, rmse 0.2644, time elapsed(min) 0.03---
2026-10-01 15:39:36,410 - INFO - --- validation at epoch 9, val_loss 0.0305, val_mae 0.2031, val_rmse 0.2449, val_r2 0.1808, val_pearson 0.4634, lr 1.00e-03 ---
2026-10-01 15:39:36,410 - INFO - 
****************************************************************************************************
2026-10-01 15:39:38,903 - INFO - --- training epoch 10, loss 0.0350, mae 0.2219, rmse 0.2644, time elapsed(min) 0.03---
2026-10-01 15:39:39,153 - INFO - --- validation at epoch 10, val_loss 0.0310, val_mae 0.1949, val_rmse 0.2439, val_r2 0.1872, val_pearson 0.4777, lr 1.00e-03 ---
2026-10-01 15:39:39,153 - INFO - 
****************************************************************************************************
2026-10-01 15:39:41,355 - INFO - --- training epoch 11, loss 0.0349, mae 0.2213, rmse 0.2644, time elapsed(min) 0.03---
2026-10-01 15:39:41,610 - INFO - --- validation at epoch 11, val_loss 0.0291, val_mae 0.1941, val_rmse 0.2384, val_r2 0.2234, val_pearson 0.4868, lr 1.00e-03 ---
2026-10-01 15:39:41,610 - INFO - 
****************************************************************************************************
2026-10-01 15:39:43,900 - INFO - --- training epoch 12, loss 0.0338, mae 0.2164, rmse 0.2601, time elapsed(min) 0.03---
2026-10-01 15:39:44,162 - INFO - --- validation at epoch 12, val_loss 0.0287, val_mae 0.1938, val_rmse 0.2376, val_r2 0.2285, val_pearson 0.4869, lr 1.00e-03 ---
2026-10-01 15:39:44,162 - INFO - 
****************************************************************************************************
2026-10-01 15:39:46,638 - INFO - --- training epoch 13, loss 0.0348, mae 0.2203, rmse 0.2638, time elapsed(min) 0.03---
2026-10-01 15:39:47,107 - INFO - --- validation at epoch 13, val_loss 0.0293, val_mae 0.1959, val_rmse 0.2388, val_r2 0.2209, val_pearson 0.4852, lr 1.00e-03 ---
2026-10-01 15:39:47,107 - INFO - 
****************************************************************************************************
2026-10-01 15:39:49,431 - INFO - --- training epoch 14, loss 0.0338, mae 0.2164, rmse 0.2601, time elapsed(min) 0.03---
2026-10-01 15:39:49,684 - INFO - --- validation at epoch 14, val_loss 0.0287, val_mae 0.1917, val_rmse 0.2368, val_r2 0.2341, val_pearson 0.4918, lr 1.00e-03 ---
2026-10-01 15:39:49,684 - INFO - 
****************************************************************************************************
2026-10-01 15:39:52,007 - INFO - --- training epoch 15, loss 0.0341, mae 0.2179, rmse 0.2612, time elapsed(min) 0.03---
2026-10-01 15:39:52,264 - INFO - --- validation at epoch 15, val_loss 0.0291, val_mae 0.1939, val_rmse 0.2386, val_r2 0.2223, val_pearson 0.4796, lr 1.00e-03 ---
2026-10-01 15:39:52,264 - INFO - 
****************************************************************************************************
2026-10-01 15:39:54,618 - INFO - --- training epoch 16, loss 0.0337, mae 0.2162, rmse 0.2597, time elapsed(min) 0.03---
2026-10-01 15:39:55,046 - INFO - --- validation at epoch 16, val_loss 0.0289, val_mae 0.1923, val_rmse 0.2375, val_r2 0.2292, val_pearson 0.4867, lr 1.00e-03 ---
2026-10-01 15:39:55,046 - INFO - 
****************************************************************************************************
2026-10-01 15:39:57,542 - INFO - --- training epoch 17, loss 0.0338, mae 0.2166, rmse 0.2601, time elapsed(min) 0.04---
2026-10-01 15:39:57,793 - INFO - --- validation at epoch 17, val_loss 0.0294, val_mae 0.1928, val_rmse 0.2387, val_r2 0.2216, val_pearson 0.4891, lr 1.00e-03 ---
2026-10-01 15:39:57,793 - INFO - 
****************************************************************************************************
2026-10-01 15:40:00,001 - INFO - --- training epoch 18, loss 0.0334, mae 0.2145, rmse 0.2585, time elapsed(min) 0.03---
2026-10-01 15:40:00,255 - INFO - --- validation at epoch 18, val_loss 0.0289, val_mae 0.1934, val_rmse 0.2382, val_r2 0.2246, val_pearson 0.4820, lr 1.00e-03 ---
2026-10-01 15:40:00,255 - INFO - 
****************************************************************************************************
2026-10-01 15:40:02,598 - INFO - --- training epoch 19, loss 0.0336, mae 0.2160, rmse 0.2594, time elapsed(min) 0.03---
2026-10-01 15:40:03,006 - INFO - --- validation at epoch 19, val_loss 0.0291, val_mae 0.1925, val_rmse 0.2377, val_r2 0.2281, val_pearson 0.4935, lr 1.00e-03 ---
2026-10-01 15:40:03,006 - INFO - 
****************************************************************************************************
2026-10-01 15:40:05,471 - INFO - --- training epoch 20, loss 0.0336, mae 0.2154, rmse 0.2592, time elapsed(min) 0.04---
2026-10-01 15:40:05,765 - INFO - --- validation at epoch 20, val_loss 0.0292, val_mae 0.1909, val_rmse 0.2375, val_r2 0.2294, val_pearson 0.4977, lr 1.00e-03 ---
2026-10-01 15:40:05,765 - INFO - 
****************************************************************************************************
2026-10-01 15:40:08,176 - INFO - --- training epoch 21, loss 0.0335, mae 0.2151, rmse 0.2588, time elapsed(min) 0.03---
2026-10-01 15:40:08,429 - INFO - --- validation at epoch 21, val_loss 0.0287, val_mae 0.1893, val_rmse 0.2359, val_r2 0.2394, val_pearson 0.4987, lr 1.00e-03 ---
2026-10-01 15:40:08,429 - INFO - 
****************************************************************************************************
2026-10-01 15:40:10,649 - INFO - --- training epoch 22, loss 0.0334, mae 0.2148, rmse 0.2583, time elapsed(min) 0.03---
2026-10-01 15:40:11,060 - INFO - --- validation at epoch 22, val_loss 0.0286, val_mae 0.1900, val_rmse 0.2357, val_r2 0.2408, val_pearson 0.5040, lr 1.00e-03 ---
2026-10-01 15:40:11,060 - INFO - 
****************************************************************************************************
2026-10-01 15:40:13,506 - INFO - --- training epoch 23, loss 0.0333, mae 0.2139, rmse 0.2580, time elapsed(min) 0.03---
2026-10-01 15:40:13,987 - INFO - --- validation at epoch 23, val_loss 0.0279, val_mae 0.1895, val_rmse 0.2341, val_r2 0.2515, val_pearson 0.5116, lr 1.00e-03 ---
2026-10-01 15:40:13,987 - INFO - 
****************************************************************************************************
2026-10-01 15:40:16,435 - INFO - --- training epoch 24, loss 0.0334, mae 0.2145, rmse 0.2585, time elapsed(min) 0.03---
2026-10-01 15:40:16,693 - INFO - --- validation at epoch 24, val_loss 0.0296, val_mae 0.1882, val_rmse 0.2381, val_r2 0.2255, val_pearson 0.5086, lr 1.00e-03 ---
2026-10-01 15:40:16,693 - INFO - 
****************************************************************************************************
2026-10-01 15:40:18,960 - INFO - --- training epoch 25, loss 0.0329, mae 0.2120, rmse 0.2565, time elapsed(min) 0.03---
2026-10-01 15:40:19,212 - INFO - --- validation at epoch 25, val_loss 0.0281, val_mae 0.1881, val_rmse 0.2344, val_r2 0.2495, val_pearson 0.5096, lr 1.00e-03 ---
2026-10-01 15:40:19,212 - INFO - 
****************************************************************************************************
2026-10-01 15:40:21,589 - INFO - --- training epoch 26, loss 0.0326, mae 0.2111, rmse 0.2554, time elapsed(min) 0.03---
2026-10-01 15:40:22,042 - INFO - --- validation at epoch 26, val_loss 0.0290, val_mae 0.1889, val_rmse 0.2378, val_r2 0.2276, val_pearson 0.5068, lr 1.00e-03 ---
2026-10-01 15:40:22,042 - INFO - 
****************************************************************************************************
2026-10-01 15:40:24,430 - INFO - --- training epoch 27, loss 0.0331, mae 0.2123, rmse 0.2572, time elapsed(min) 0.03---
2026-10-01 15:40:24,693 - INFO - --- validation at epoch 27, val_loss 0.0297, val_mae 0.1901, val_rmse 0.2408, val_r2 0.2079, val_pearson 0.5004, lr 1.00e-03 ---
2026-10-01 15:40:24,693 - INFO - 
****************************************************************************************************
2026-10-01 15:40:26,996 - INFO - --- training epoch 28, loss 0.0338, mae 0.2150, rmse 0.2600, time elapsed(min) 0.03---
2026-10-01 15:40:27,260 - INFO - --- validation at epoch 28, val_loss 0.0328, val_mae 0.2116, val_rmse 0.2536, val_r2 0.1214, val_pearson 0.3640, lr 1.00e-03 ---
2026-10-01 15:40:27,260 - INFO - 
****************************************************************************************************
2026-10-01 15:40:29,540 - INFO - --- training epoch 29, loss 0.0351, mae 0.2227, rmse 0.2650, time elapsed(min) 0.03---
2026-10-01 15:40:29,957 - INFO - --- validation at epoch 29, val_loss 0.0327, val_mae 0.1975, val_rmse 0.2487, val_r2 0.1552, val_pearson 0.4567, lr 1.00e-03 ---
2026-10-01 15:40:29,957 - INFO - 
****************************************************************************************************
2026-10-01 15:40:32,479 - INFO - --- training epoch 30, loss 0.0338, mae 0.2165, rmse 0.2600, time elapsed(min) 0.04---
2026-10-01 15:40:32,730 - INFO - --- validation at epoch 30, val_loss 0.0307, val_mae 0.1922, val_rmse 0.2422, val_r2 0.1982, val_pearson 0.5044, lr 1.00e-03 ---
2026-10-01 15:40:32,730 - INFO - 
****************************************************************************************************
2026-10-01 15:40:34,997 - INFO - --- training epoch 31, loss 0.0327, mae 0.2117, rmse 0.2559, time elapsed(min) 0.03---
2026-10-01 15:40:35,248 - INFO - --- validation at epoch 31, val_loss 0.0281, val_mae 0.1888, val_rmse 0.2350, val_r2 0.2457, val_pearson 0.5163, lr 1.00e-03 ---
2026-10-01 15:40:35,248 - INFO - 
****************************************************************************************************
2026-10-01 15:40:37,525 - INFO - --- training epoch 32, loss 0.0322, mae 0.2091, rmse 0.2539, time elapsed(min) 0.03---
2026-10-01 15:40:37,940 - INFO - --- validation at epoch 32, val_loss 0.0274, val_mae 0.1915, val_rmse 0.2329, val_r2 0.2590, val_pearson 0.5219, lr 1.00e-03 ---
2026-10-01 15:40:37,940 - INFO - 
****************************************************************************************************
2026-10-01 15:40:40,646 - INFO - --- training epoch 33, loss 0.0319, mae 0.2082, rmse 0.2526, time elapsed(min) 0.04---
2026-10-01 15:40:40,896 - INFO - --- validation at epoch 33, val_loss 0.0273, val_mae 0.1886, val_rmse 0.2317, val_r2 0.2662, val_pearson 0.5242, lr 1.00e-03 ---
2026-10-01 15:40:40,897 - INFO - 
****************************************************************************************************
2026-10-01 15:40:43,200 - INFO - --- training epoch 34, loss 0.0318, mae 0.2070, rmse 0.2521, time elapsed(min) 0.03---
2026-10-01 15:40:43,463 - INFO - --- validation at epoch 34, val_loss 0.0280, val_mae 0.1880, val_rmse 0.2345, val_r2 0.2484, val_pearson 0.5395, lr 1.00e-03 ---
2026-10-01 15:40:43,463 - INFO - 
****************************************************************************************************
2026-10-01 15:40:45,710 - INFO - --- training epoch 35, loss 0.0313, mae 0.2052, rmse 0.2502, time elapsed(min) 0.03---
2026-10-01 15:40:46,127 - INFO - --- validation at epoch 35, val_loss 0.0263, val_mae 0.1867, val_rmse 0.2286, val_r2 0.2858, val_pearson 0.5417, lr 1.00e-03 ---
2026-10-01 15:40:46,128 - INFO - 
****************************************************************************************************
2026-10-01 15:40:48,535 - INFO - --- training epoch 36, loss 0.0313, mae 0.2055, rmse 0.2504, time elapsed(min) 0.03---
2026-10-01 15:40:49,013 - INFO - --- validation at epoch 36, val_loss 0.0270, val_mae 0.1870, val_rmse 0.2314, val_r2 0.2685, val_pearson 0.5366, lr 1.00e-03 ---
2026-10-01 15:40:49,013 - INFO - 
****************************************************************************************************
2026-10-01 15:40:51,410 - INFO - --- training epoch 37, loss 0.0304, mae 0.2019, rmse 0.2466, time elapsed(min) 0.03---
2026-10-01 15:40:51,663 - INFO - --- validation at epoch 37, val_loss 0.0270, val_mae 0.1864, val_rmse 0.2324, val_r2 0.2621, val_pearson 0.5337, lr 1.00e-03 ---
2026-10-01 15:40:51,663 - INFO - 
****************************************************************************************************
2026-10-01 15:40:53,941 - INFO - --- training epoch 38, loss 0.0309, mae 0.2035, rmse 0.2485, time elapsed(min) 0.03---
2026-10-01 15:40:54,195 - INFO - --- validation at epoch 38, val_loss 0.0277, val_mae 0.1881, val_rmse 0.2350, val_r2 0.2453, val_pearson 0.5396, lr 1.00e-03 ---
2026-10-01 15:40:54,195 - INFO - 
****************************************************************************************************
2026-10-01 15:40:56,466 - INFO - --- training epoch 39, loss 0.0309, mae 0.2027, rmse 0.2485, time elapsed(min) 0.03---
2026-10-01 15:40:56,891 - INFO - --- validation at epoch 39, val_loss 0.0275, val_mae 0.1861, val_rmse 0.2340, val_r2 0.2515, val_pearson 0.5523, lr 1.00e-03 ---
2026-10-01 15:40:56,891 - INFO - 
****************************************************************************************************
2026-10-01 15:40:59,438 - INFO - --- training epoch 40, loss 0.0296, mae 0.1973, rmse 0.2432, time elapsed(min) 0.04---
2026-10-01 15:40:59,692 - INFO - --- validation at epoch 40, val_loss 0.0258, val_mae 0.1848, val_rmse 0.2284, val_r2 0.2875, val_pearson 0.5405, lr 1.00e-03 ---
2026-10-01 15:40:59,692 - INFO - 
****************************************************************************************************
2026-10-01 15:41:02,034 - INFO - --- training epoch 41, loss 0.0300, mae 0.1986, rmse 0.2450, time elapsed(min) 0.03---
2026-10-01 15:41:02,288 - INFO - --- validation at epoch 41, val_loss 0.0253, val_mae 0.1843, val_rmse 0.2267, val_r2 0.2979, val_pearson 0.5522, lr 1.00e-03 ---
2026-10-01 15:41:02,289 - INFO - 
****************************************************************************************************
2026-10-01 15:41:04,688 - INFO - --- training epoch 42, loss 0.0303, mae 0.2005, rmse 0.2463, time elapsed(min) 0.03---
2026-10-01 15:41:05,125 - INFO - --- validation at epoch 42, val_loss 0.0247, val_mae 0.1802, val_rmse 0.2231, val_r2 0.3202, val_pearson 0.5706, lr 1.00e-03 ---
2026-10-01 15:41:05,125 - INFO - 
****************************************************************************************************
2026-10-01 15:41:07,734 - INFO - --- training epoch 43, loss 0.0290, mae 0.1936, rmse 0.2407, time elapsed(min) 0.04---
2026-10-01 15:41:07,985 - INFO - --- validation at epoch 43, val_loss 0.0240, val_mae 0.1787, val_rmse 0.2211, val_r2 0.3323, val_pearson 0.5843, lr 1.00e-03 ---
2026-10-01 15:41:07,985 - INFO - 
****************************************************************************************************
2026-10-01 15:41:10,290 - INFO - --- training epoch 44, loss 0.0284, mae 0.1911, rmse 0.2382, time elapsed(min) 0.03---
2026-10-01 15:41:10,546 - INFO - --- validation at epoch 44, val_loss 0.0233, val_mae 0.1756, val_rmse 0.2191, val_r2 0.3442, val_pearson 0.5935, lr 1.00e-03 ---
2026-10-01 15:41:10,546 - INFO - 
****************************************************************************************************
2026-10-01 15:41:12,881 - INFO - --- training epoch 45, loss 0.0284, mae 0.1917, rmse 0.2383, time elapsed(min) 0.03---
2026-10-01 15:41:13,135 - INFO - --- validation at epoch 45, val_loss 0.0237, val_mae 0.1773, val_rmse 0.2205, val_r2 0.3357, val_pearson 0.5829, lr 1.00e-03 ---
2026-10-01 15:41:13,135 - INFO - 
****************************************************************************************************
2026-10-01 15:41:15,552 - INFO - --- training epoch 46, loss 0.0288, mae 0.1927, rmse 0.2402, time elapsed(min) 0.03---
2026-10-01 15:41:16,047 - INFO - --- validation at epoch 46, val_loss 0.0304, val_mae 0.2035, val_rmse 0.2465, val_r2 0.1697, val_pearson 0.4414, lr 1.00e-03 ---
2026-10-01 15:41:16,047 - INFO - 
****************************************************************************************************
2026-10-01 15:41:18,471 - INFO - --- training epoch 47, loss 0.0340, mae 0.2179, rmse 0.2606, time elapsed(min) 0.03---
2026-10-01 15:41:18,736 - INFO - --- validation at epoch 47, val_loss 0.0261, val_mae 0.1867, val_rmse 0.2277, val_r2 0.2913, val_pearson 0.5622, lr 1.00e-03 ---
2026-10-01 15:41:18,736 - INFO - 
****************************************************************************************************
2026-10-01 15:41:20,969 - INFO - --- training epoch 48, loss 0.0303, mae 0.2004, rmse 0.2462, time elapsed(min) 0.03---
2026-10-01 15:41:21,229 - INFO - --- validation at epoch 48, val_loss 0.0255, val_mae 0.1832, val_rmse 0.2268, val_r2 0.2974, val_pearson 0.5533, lr 1.00e-03 ---
2026-10-01 15:41:21,229 - INFO - 
****************************************************************************************************
2026-10-01 15:41:23,581 - INFO - --- training epoch 49, loss 0.0289, mae 0.1942, rmse 0.2405, time elapsed(min) 0.03---
2026-10-01 15:41:24,005 - INFO - --- validation at epoch 49, val_loss 0.0253, val_mae 0.1828, val_rmse 0.2270, val_r2 0.2959, val_pearson 0.5479, lr 1.00e-03 ---
2026-10-01 15:41:24,005 - INFO - 
****************************************************************************************************
2026-10-01 15:41:26,541 - INFO - --- training epoch 50, loss 0.0310, mae 0.2040, rmse 0.2489, time elapsed(min) 0.04---
2026-10-01 15:41:26,794 - INFO - --- validation at epoch 50, val_loss 0.0251, val_mae 0.1827, val_rmse 0.2269, val_r2 0.2966, val_pearson 0.5477, lr 1.00e-03 ---
2026-10-01 15:41:26,794 - INFO - 
****************************************************************************************************
2026-10-01 15:41:29,055 - INFO - --- training epoch 51, loss 0.0298, mae 0.1977, rmse 0.2439, time elapsed(min) 0.03---
2026-10-01 15:41:29,329 - INFO - --- validation at epoch 51, val_loss 0.0246, val_mae 0.1816, val_rmse 0.2244, val_r2 0.3117, val_pearson 0.5595, lr 1.00e-03 ---
2026-10-01 15:41:29,329 - INFO - 
****************************************************************************************************
2026-10-01 15:41:31,598 - INFO - --- training epoch 52, loss 0.0291, mae 0.1943, rmse 0.2412, time elapsed(min) 0.03---
2026-10-01 15:41:32,007 - INFO - --- validation at epoch 52, val_loss 0.0252, val_mae 0.1825, val_rmse 0.2268, val_r2 0.2973, val_pearson 0.5508, lr 1.00e-03 ---
2026-10-01 15:41:32,007 - INFO - 
****************************************************************************************************
2026-10-01 15:41:34,336 - INFO - --- training epoch 53, loss 0.0290, mae 0.1937, rmse 0.2410, time elapsed(min) 0.03---
2026-10-01 15:41:34,995 - INFO - --- validation at epoch 53, val_loss 0.0250, val_mae 0.1810, val_rmse 0.2249, val_r2 0.3091, val_pearson 0.5645, lr 1.00e-03 ---
2026-10-01 15:41:34,995 - INFO - 
****************************************************************************************************
2026-10-01 15:41:37,269 - INFO - --- training epoch 54, loss 0.0284, mae 0.1912, rmse 0.2383, time elapsed(min) 0.03---
2026-10-01 15:41:37,530 - INFO - --- validation at epoch 54, val_loss 0.0246, val_mae 0.1792, val_rmse 0.2229, val_r2 0.3210, val_pearson 0.5696, lr 1.00e-03 ---
2026-10-01 15:41:37,530 - INFO - 
****************************************************************************************************
2026-10-01 15:41:37,902 - INFO - --- early stopping at epoch 54: val_loss did not improve for 10 epochs ---
2026-10-01 15:41:38,203 - INFO - --- selected checkpoint from epoch 44, val_loss 0.0233, val_mae 0.1756, val_rmse 0.2191
2026-10-01 15:41:39,264 - INFO - -- RESULT
2026-10-01 15:41:39,264 - INFO - --- test size: 1728
2026-10-01 15:41:39,264 - INFO - --- MAE: 0.1946 (19.46 pp), RMSE: 0.2413 (24.13 pp), R2: 0.2892, Pearson: 0.5473
