2026-10-01 12:01:14,782 - INFO - device is	cuda:0
2026-10-01 12:01:14,873 - INFO - -- CONFIGURATIONS
2026-10-01 12:01:14,873 - INFO - --- train/valid/test: 2491/277/1187
2026-10-01 12:01:14,873 - INFO - --- max no. reactants_train, valid, test respectively: 6, 6, 6
2026-10-01 12:01:14,873 - INFO - --- max no. products_train, valid, test respectively: 1, 1, 1
2026-10-01 12:01:14,873 - INFO - --- model_path: ../logs/bh_approach1_grid/runs/bh/fullcv06_split70/approach_3/model.pt
2026-10-01 12:01:14,881 - INFO - -- TRAINING
2026-10-01 12:01:15,560 - INFO - --- training epoch 0, loss 24.4115, mae 24.9071, rmse 30.7154, time elapsed(min) 0.01---
2026-10-01 12:01:15,728 - INFO - --- validation at epoch 0, val_loss 23.8691, val_mae 22.2882, val_rmse 27.4787, val_r2 -0.0693, val_pearson -0.2435, lr 1.00e-03 ---
2026-10-01 12:01:15,728 - INFO - 
****************************************************************************************************
2026-10-01 12:01:16,822 - INFO - --- training epoch 1, loss 22.7206, mae 23.2180, rmse 27.8255, time elapsed(min) 0.01---
2026-10-01 12:01:16,990 - INFO - --- validation at epoch 1, val_loss 23.5745, val_mae 22.4753, val_rmse 26.6200, val_r2 -0.0035, val_pearson 0.0800, lr 1.00e-03 ---
2026-10-01 12:01:16,990 - INFO - 
****************************************************************************************************
2026-10-01 12:01:18,187 - INFO - --- training epoch 2, loss 22.3486, mae 22.8444, rmse 27.4198, time elapsed(min) 0.01---
2026-10-01 12:01:18,353 - INFO - --- validation at epoch 2, val_loss 23.6799, val_mae 22.4735, val_rmse 27.1725, val_r2 -0.0456, val_pearson 0.1488, lr 1.00e-03 ---
2026-10-01 12:01:18,353 - INFO - 
****************************************************************************************************
2026-10-01 12:01:19,552 - INFO - --- training epoch 3, loss 22.1519, mae 22.6478, rmse 27.1985, time elapsed(min) 0.01---
2026-10-01 12:01:19,726 - INFO - --- validation at epoch 3, val_loss 23.2074, val_mae 21.9949, val_rmse 26.3007, val_r2 0.0204, val_pearson 0.2062, lr 1.00e-03 ---
2026-10-01 12:01:19,726 - INFO - 
****************************************************************************************************
2026-10-01 12:01:21,008 - INFO - --- training epoch 4, loss 21.8857, mae 22.3825, rmse 26.9027, time elapsed(min) 0.01---
2026-10-01 12:01:21,178 - INFO - --- validation at epoch 4, val_loss 23.4480, val_mae 22.6645, val_rmse 26.5983, val_r2 -0.0019, val_pearson 0.1949, lr 1.00e-03 ---
2026-10-01 12:01:21,178 - INFO - 
****************************************************************************************************
2026-10-01 12:01:22,421 - INFO - --- training epoch 5, loss 21.8637, mae 22.3595, rmse 26.8405, time elapsed(min) 0.01---
2026-10-01 12:01:22,590 - INFO - --- validation at epoch 5, val_loss 23.2285, val_mae 22.1205, val_rmse 26.6520, val_r2 -0.0060, val_pearson 0.2027, lr 1.00e-03 ---
2026-10-01 12:01:22,590 - INFO - 
****************************************************************************************************
2026-10-01 12:01:23,771 - INFO - --- training epoch 6, loss 21.5439, mae 22.0384, rmse 26.5433, time elapsed(min) 0.01---
2026-10-01 12:01:23,932 - INFO - --- validation at epoch 6, val_loss 23.3452, val_mae 22.5502, val_rmse 26.5534, val_r2 0.0015, val_pearson 0.2102, lr 1.00e-03 ---
2026-10-01 12:01:23,932 - INFO - 
****************************************************************************************************
2026-10-01 12:01:24,976 - INFO - --- training epoch 7, loss 21.4193, mae 21.9159, rmse 26.4092, time elapsed(min) 0.01---
2026-10-01 12:01:25,138 - INFO - --- validation at epoch 7, val_loss 23.2106, val_mae 22.4227, val_rmse 26.3042, val_r2 0.0201, val_pearson 0.2286, lr 1.00e-03 ---
2026-10-01 12:01:25,138 - INFO - 
****************************************************************************************************
2026-10-01 12:01:26,382 - INFO - --- training epoch 8, loss 21.2968, mae 21.7926, rmse 26.2426, time elapsed(min) 0.01---
2026-10-01 12:01:26,547 - INFO - --- validation at epoch 8, val_loss 23.2065, val_mae 22.5948, val_rmse 26.4108, val_r2 0.0122, val_pearson 0.2333, lr 1.00e-03 ---
2026-10-01 12:01:26,547 - INFO - 
****************************************************************************************************
2026-10-01 12:01:27,970 - INFO - --- training epoch 9, loss 21.1791, mae 21.6750, rmse 26.1221, time elapsed(min) 0.02---
2026-10-01 12:01:28,138 - INFO - --- validation at epoch 9, val_loss 24.3113, val_mae 24.6606, val_rmse 28.1273, val_r2 -0.1204, val_pearson 0.2560, lr 1.00e-03 ---
2026-10-01 12:01:28,138 - INFO - 
****************************************************************************************************
2026-10-01 12:01:29,425 - INFO - --- training epoch 10, loss 21.0222, mae 21.5178, rmse 25.9213, time elapsed(min) 0.01---
2026-10-01 12:01:29,594 - INFO - --- validation at epoch 10, val_loss 22.7854, val_mae 22.7782, val_rmse 26.4080, val_r2 0.0124, val_pearson 0.2605, lr 1.00e-03 ---
2026-10-01 12:01:29,594 - INFO - 
****************************************************************************************************
2026-10-01 12:01:30,872 - INFO - --- training epoch 11, loss 20.8513, mae 21.3466, rmse 25.5759, time elapsed(min) 0.01---
2026-10-01 12:01:31,036 - INFO - --- validation at epoch 11, val_loss 22.9197, val_mae 23.0221, val_rmse 26.5698, val_r2 0.0002, val_pearson 0.2682, lr 1.00e-03 ---
2026-10-01 12:01:31,036 - INFO - 
****************************************************************************************************
2026-10-01 12:01:32,107 - INFO - --- training epoch 12, loss 20.9533, mae 21.4484, rmse 25.7143, time elapsed(min) 0.01---
2026-10-01 12:01:32,275 - INFO - --- validation at epoch 12, val_loss 22.9696, val_mae 22.7730, val_rmse 26.4530, val_r2 0.0090, val_pearson 0.2561, lr 1.00e-03 ---
2026-10-01 12:01:32,275 - INFO - 
****************************************************************************************************
2026-10-01 12:01:33,502 - INFO - --- training epoch 13, loss 20.9208, mae 21.4162, rmse 25.7198, time elapsed(min) 0.01---
2026-10-01 12:01:33,678 - INFO - --- validation at epoch 13, val_loss 22.7800, val_mae 22.9524, val_rmse 26.3741, val_r2 0.0149, val_pearson 0.2810, lr 1.00e-03 ---
2026-10-01 12:01:33,678 - INFO - 
****************************************************************************************************
2026-10-01 12:01:34,999 - INFO - --- training epoch 14, loss 21.0811, mae 21.5763, rmse 25.8375, time elapsed(min) 0.01---
2026-10-01 12:01:35,172 - INFO - --- validation at epoch 14, val_loss 22.8493, val_mae 22.5555, val_rmse 26.1510, val_r2 0.0315, val_pearson 0.2572, lr 1.00e-03 ---
2026-10-01 12:01:35,173 - INFO - 
****************************************************************************************************
2026-10-01 12:01:36,440 - INFO - --- training epoch 15, loss 20.8452, mae 21.3400, rmse 25.6821, time elapsed(min) 0.01---
2026-10-01 12:01:36,602 - INFO - --- validation at epoch 15, val_loss 22.8532, val_mae 22.9597, val_rmse 26.4763, val_r2 0.0073, val_pearson 0.2686, lr 1.00e-03 ---
2026-10-01 12:01:36,603 - INFO - 
****************************************************************************************************
2026-10-01 12:01:37,937 - INFO - --- training epoch 16, loss 20.9768, mae 21.4722, rmse 25.7400, time elapsed(min) 0.02---
2026-10-01 12:01:38,109 - INFO - --- validation at epoch 16, val_loss 22.4154, val_mae 22.0484, val_rmse 25.8384, val_r2 0.0545, val_pearson 0.2798, lr 1.00e-03 ---
2026-10-01 12:01:38,110 - INFO - 
****************************************************************************************************
2026-10-01 12:01:39,251 - INFO - --- training epoch 17, loss 20.9198, mae 21.4159, rmse 25.5925, time elapsed(min) 0.01---
2026-10-01 12:01:39,415 - INFO - --- validation at epoch 17, val_loss 22.3527, val_mae 21.8800, val_rmse 25.7902, val_r2 0.0580, val_pearson 0.2849, lr 1.00e-03 ---
2026-10-01 12:01:39,416 - INFO - 
****************************************************************************************************
2026-10-01 12:01:40,554 - INFO - --- training epoch 18, loss 20.8121, mae 21.3081, rmse 25.4347, time elapsed(min) 0.01---
2026-10-01 12:01:40,715 - INFO - --- validation at epoch 18, val_loss 22.3500, val_mae 22.2449, val_rmse 26.0238, val_r2 0.0409, val_pearson 0.2855, lr 1.00e-03 ---
2026-10-01 12:01:40,715 - INFO - 
****************************************************************************************************
2026-10-01 12:01:42,060 - INFO - --- training epoch 19, loss 20.7096, mae 21.2044, rmse 25.3418, time elapsed(min) 0.01---
2026-10-01 12:01:42,221 - INFO - --- validation at epoch 19, val_loss 22.5332, val_mae 22.2563, val_rmse 25.9819, val_r2 0.0440, val_pearson 0.2854, lr 1.00e-03 ---
2026-10-01 12:01:42,221 - INFO - 
****************************************************************************************************
2026-10-01 12:01:43,511 - INFO - --- training epoch 20, loss 20.7522, mae 21.2477, rmse 25.4245, time elapsed(min) 0.02---
2026-10-01 12:01:43,675 - INFO - --- validation at epoch 20, val_loss 22.4363, val_mae 22.2874, val_rmse 25.9521, val_r2 0.0462, val_pearson 0.2944, lr 1.00e-03 ---
2026-10-01 12:01:43,675 - INFO - 
****************************************************************************************************
2026-10-01 12:01:45,088 - INFO - --- training epoch 21, loss 20.7558, mae 21.2519, rmse 25.3496, time elapsed(min) 0.02---
2026-10-01 12:01:45,260 - INFO - --- validation at epoch 21, val_loss 22.5311, val_mae 22.3203, val_rmse 25.9120, val_r2 0.0491, val_pearson 0.2922, lr 1.00e-03 ---
2026-10-01 12:01:45,260 - INFO - 
****************************************************************************************************
2026-10-01 12:01:46,330 - INFO - --- training epoch 22, loss 20.6888, mae 21.1843, rmse 25.3583, time elapsed(min) 0.01---
2026-10-01 12:01:46,491 - INFO - --- validation at epoch 22, val_loss 22.6911, val_mae 22.7275, val_rmse 26.1469, val_r2 0.0318, val_pearson 0.2978, lr 1.00e-03 ---
2026-10-01 12:01:46,491 - INFO - 
****************************************************************************************************
2026-10-01 12:01:47,578 - INFO - --- training epoch 23, loss 20.8363, mae 21.3326, rmse 25.4847, time elapsed(min) 0.01---
2026-10-01 12:01:47,742 - INFO - --- validation at epoch 23, val_loss 22.7285, val_mae 22.4484, val_rmse 26.1499, val_r2 0.0316, val_pearson 0.2715, lr 1.00e-03 ---
2026-10-01 12:01:47,742 - INFO - 
****************************************************************************************************
2026-10-01 12:01:49,010 - INFO - --- training epoch 24, loss 20.7176, mae 21.2130, rmse 25.4459, time elapsed(min) 0.01---
2026-10-01 12:01:49,174 - INFO - --- validation at epoch 24, val_loss 22.4023, val_mae 22.3075, val_rmse 25.9137, val_r2 0.0490, val_pearson 0.2914, lr 1.00e-03 ---
2026-10-01 12:01:49,174 - INFO - 
****************************************************************************************************
2026-10-01 12:01:50,493 - INFO - --- training epoch 25, loss 20.7171, mae 21.2131, rmse 25.3705, time elapsed(min) 0.02---
2026-10-01 12:01:50,669 - INFO - --- validation at epoch 25, val_loss 22.4758, val_mae 22.0655, val_rmse 25.7224, val_r2 0.0630, val_pearson 0.2947, lr 1.00e-03 ---
2026-10-01 12:01:50,669 - INFO - 
****************************************************************************************************
2026-10-01 12:01:51,886 - INFO - --- training epoch 26, loss 20.7009, mae 21.1954, rmse 25.3581, time elapsed(min) 0.01---
2026-10-01 12:01:52,054 - INFO - --- validation at epoch 26, val_loss 22.5280, val_mae 22.4517, val_rmse 26.0272, val_r2 0.0407, val_pearson 0.2953, lr 1.00e-03 ---
2026-10-01 12:01:52,054 - INFO - 
****************************************************************************************************
2026-10-01 12:01:53,141 - INFO - --- training epoch 27, loss 20.7963, mae 21.2931, rmse 25.3817, time elapsed(min) 0.01---
2026-10-01 12:01:53,312 - INFO - --- validation at epoch 27, val_loss 22.3625, val_mae 22.0843, val_rmse 25.6702, val_r2 0.0668, val_pearson 0.3024, lr 1.00e-03 ---
2026-10-01 12:01:53,312 - INFO - 
****************************************************************************************************
2026-10-01 12:01:54,586 - INFO - --- training epoch 28, loss 20.6167, mae 21.1115, rmse 25.2336, time elapsed(min) 0.01---
2026-10-01 12:01:54,741 - INFO - --- validation at epoch 28, val_loss 22.5533, val_mae 22.3915, val_rmse 25.9026, val_r2 0.0498, val_pearson 0.3009, lr 1.00e-03 ---
2026-10-01 12:01:54,741 - INFO - 
****************************************************************************************************
2026-10-01 12:01:55,131 - INFO - --- early stopping at epoch 28: val_loss did not improve for 10 epochs ---
2026-10-01 12:01:55,332 - INFO - --- selected checkpoint from epoch 18, val_loss 22.3500, val_mae 22.2449, val_rmse 26.0238
2026-10-01 12:01:55,763 - INFO - -- RESULT
2026-10-01 12:01:55,763 - INFO - --- test size: 1187
2026-10-01 12:01:55,763 - INFO - --- MAE: 21.1587 pp, RMSE: 25.3281 pp, R2: 0.1269, Pearson: 0.3856
2026-10-01 12:01:56,902 - INFO - --- Cell approach_3 DONE: test MAE=21.1587 RMSE=25.3281 R2=0.1269 | sec/epoch=1.39
2026-10-01 12:01:56,915 - INFO - === RUNNING: dataset=bh split=fullcv06_split70 cell=approach_2 (tokens=comb, pooling=mean, head=mlp) ===
