2026-10-01 12:27:22,066 - INFO - device is	cuda:0
2026-10-01 12:27:22,158 - INFO - -- CONFIGURATIONS
2026-10-01 12:27:22,158 - INFO - --- train/valid/test: 2491/277/1187
2026-10-01 12:27:22,158 - INFO - --- max no. reactants_train, valid, test respectively: 6, 6, 6
2026-10-01 12:27:22,159 - INFO - --- max no. products_train, valid, test respectively: 1, 1, 1
2026-10-01 12:27:22,159 - INFO - --- model_path: ../logs/bh_approach1_grid/runs/bh/fullcv09_split70/option_b_linear/model.pt
2026-10-01 12:27:22,168 - INFO - -- TRAINING
2026-10-01 12:27:22,854 - INFO - --- training epoch 0, loss 23.6237, mae 24.1196, rmse 29.1598, time elapsed(min) 0.01---
2026-10-01 12:27:23,031 - INFO - --- validation at epoch 0, val_loss 22.7529, val_mae 23.3862, val_rmse 27.8771, val_r2 -0.0339, val_pearson -0.3394, lr 1.00e-03 ---
2026-10-01 12:27:23,031 - INFO - 
****************************************************************************************************
2026-10-01 12:27:24,177 - INFO - --- training epoch 1, loss 23.0172, mae 23.5146, rmse 28.4153, time elapsed(min) 0.01---
2026-10-01 12:27:24,344 - INFO - --- validation at epoch 1, val_loss 22.7566, val_mae 23.2752, val_rmse 27.8654, val_r2 -0.0330, val_pearson -0.3081, lr 1.00e-03 ---
2026-10-01 12:27:24,344 - INFO - 
****************************************************************************************************
2026-10-01 12:27:25,496 - INFO - --- training epoch 2, loss 22.8577, mae 23.3542, rmse 28.1173, time elapsed(min) 0.01---
2026-10-01 12:27:25,669 - INFO - --- validation at epoch 2, val_loss 22.6844, val_mae 23.1388, val_rmse 27.6975, val_r2 -0.0206, val_pearson 0.2434, lr 1.00e-03 ---
2026-10-01 12:27:25,670 - INFO - 
****************************************************************************************************
2026-10-01 12:27:26,953 - INFO - --- training epoch 3, loss 22.6822, mae 23.1787, rmse 27.7465, time elapsed(min) 0.01---
2026-10-01 12:27:27,127 - INFO - --- validation at epoch 3, val_loss 22.5732, val_mae 22.9187, val_rmse 27.4392, val_r2 -0.0017, val_pearson 0.2708, lr 1.00e-03 ---
2026-10-01 12:27:27,127 - INFO - 
****************************************************************************************************
2026-10-01 12:27:28,436 - INFO - --- training epoch 4, loss 22.5061, mae 23.0023, rmse 27.2865, time elapsed(min) 0.01---
2026-10-01 12:27:28,598 - INFO - --- validation at epoch 4, val_loss 22.4404, val_mae 22.7023, val_rmse 27.0631, val_r2 0.0256, val_pearson 0.2776, lr 1.00e-03 ---
2026-10-01 12:27:28,598 - INFO - 
****************************************************************************************************
2026-10-01 12:27:29,948 - INFO - --- training epoch 5, loss 22.3789, mae 22.8759, rmse 26.9048, time elapsed(min) 0.01---
2026-10-01 12:27:30,130 - INFO - --- validation at epoch 5, val_loss 22.3718, val_mae 22.6380, val_rmse 26.8870, val_r2 0.0382, val_pearson 0.2991, lr 1.00e-03 ---
2026-10-01 12:27:30,130 - INFO - 
****************************************************************************************************
2026-10-01 12:27:31,634 - INFO - --- training epoch 6, loss 22.2689, mae 22.7657, rmse 26.7468, time elapsed(min) 0.02---
2026-10-01 12:27:31,815 - INFO - --- validation at epoch 6, val_loss 22.0150, val_mae 22.3869, val_rmse 26.3084, val_r2 0.0792, val_pearson 0.3338, lr 1.00e-03 ---
2026-10-01 12:27:31,815 - INFO - 
****************************************************************************************************
2026-10-01 12:27:32,967 - INFO - --- training epoch 7, loss 21.7269, mae 22.2242, rmse 26.0502, time elapsed(min) 0.01---
2026-10-01 12:27:33,128 - INFO - --- validation at epoch 7, val_loss 23.0202, val_mae 23.0161, val_rmse 28.8160, val_r2 -0.1047, val_pearson 0.3068, lr 1.00e-03 ---
2026-10-01 12:27:33,128 - INFO - 
****************************************************************************************************
2026-10-01 12:27:34,354 - INFO - --- training epoch 8, loss 21.5234, mae 22.0210, rmse 25.8598, time elapsed(min) 0.01---
2026-10-01 12:27:34,520 - INFO - --- validation at epoch 8, val_loss 21.9999, val_mae 22.1536, val_rmse 26.5378, val_r2 0.0631, val_pearson 0.3244, lr 1.00e-03 ---
2026-10-01 12:27:34,521 - INFO - 
****************************************************************************************************
2026-10-01 12:27:35,868 - INFO - --- training epoch 9, loss 21.4615, mae 21.9580, rmse 25.9215, time elapsed(min) 0.01---
2026-10-01 12:27:36,038 - INFO - --- validation at epoch 9, val_loss 21.9470, val_mae 22.3092, val_rmse 26.2838, val_r2 0.0809, val_pearson 0.3027, lr 1.00e-03 ---
2026-10-01 12:27:36,038 - INFO - 
****************************************************************************************************
2026-10-01 12:27:37,437 - INFO - --- training epoch 10, loss 21.6210, mae 22.1165, rmse 26.3075, time elapsed(min) 0.02---
2026-10-01 12:27:37,605 - INFO - --- validation at epoch 10, val_loss 21.8092, val_mae 22.1314, val_rmse 25.9446, val_r2 0.1045, val_pearson 0.3386, lr 1.00e-03 ---
2026-10-01 12:27:37,605 - INFO - 
****************************************************************************************************
2026-10-01 12:27:39,088 - INFO - --- training epoch 11, loss 21.0680, mae 21.5635, rmse 25.3140, time elapsed(min) 0.02---
2026-10-01 12:27:39,256 - INFO - --- validation at epoch 11, val_loss 21.8589, val_mae 22.0138, val_rmse 26.1659, val_r2 0.0891, val_pearson 0.3402, lr 1.00e-03 ---
2026-10-01 12:27:39,256 - INFO - 
****************************************************************************************************
2026-10-01 12:27:40,312 - INFO - --- training epoch 12, loss 21.1858, mae 21.6812, rmse 25.6384, time elapsed(min) 0.01---
2026-10-01 12:27:40,474 - INFO - --- validation at epoch 12, val_loss 21.8848, val_mae 22.1612, val_rmse 25.8501, val_r2 0.1110, val_pearson 0.3455, lr 1.00e-03 ---
2026-10-01 12:27:40,474 - INFO - 
****************************************************************************************************
2026-10-01 12:27:41,539 - INFO - --- training epoch 13, loss 20.9277, mae 21.4249, rmse 25.1538, time elapsed(min) 0.01---
2026-10-01 12:27:41,711 - INFO - --- validation at epoch 13, val_loss 21.2561, val_mae 21.4065, val_rmse 25.3044, val_r2 0.1481, val_pearson 0.3990, lr 1.00e-03 ---
2026-10-01 12:27:41,711 - INFO - 
****************************************************************************************************
2026-10-01 12:27:43,155 - INFO - --- training epoch 14, loss 20.8292, mae 21.3242, rmse 25.1670, time elapsed(min) 0.02---
2026-10-01 12:27:43,323 - INFO - --- validation at epoch 14, val_loss 21.7131, val_mae 21.5085, val_rmse 26.9305, val_r2 0.0351, val_pearson 0.4187, lr 1.00e-03 ---
2026-10-01 12:27:43,323 - INFO - 
****************************************************************************************************
2026-10-01 12:27:44,595 - INFO - --- training epoch 15, loss 21.3129, mae 21.8086, rmse 25.8715, time elapsed(min) 0.01---
2026-10-01 12:27:44,762 - INFO - --- validation at epoch 15, val_loss 21.4571, val_mae 21.9402, val_rmse 25.8191, val_r2 0.1131, val_pearson 0.3574, lr 1.00e-03 ---
2026-10-01 12:27:44,762 - INFO - 
****************************************************************************************************
2026-10-01 12:27:46,039 - INFO - --- training epoch 16, loss 20.8367, mae 21.3335, rmse 24.9517, time elapsed(min) 0.01---
2026-10-01 12:27:46,409 - INFO - --- validation at epoch 16, val_loss 21.6230, val_mae 21.3004, val_rmse 25.8287, val_r2 0.1125, val_pearson 0.3821, lr 1.00e-03 ---
2026-10-01 12:27:46,409 - INFO - 
****************************************************************************************************
2026-10-01 12:27:47,623 - INFO - --- training epoch 17, loss 20.8664, mae 21.3623, rmse 25.4715, time elapsed(min) 0.01---
2026-10-01 12:27:47,790 - INFO - --- validation at epoch 17, val_loss 21.4072, val_mae 21.3706, val_rmse 25.4861, val_r2 0.1358, val_pearson 0.3857, lr 1.00e-03 ---
2026-10-01 12:27:47,791 - INFO - 
****************************************************************************************************
2026-10-01 12:27:48,846 - INFO - --- training epoch 18, loss 20.7146, mae 21.2098, rmse 25.5046, time elapsed(min) 0.01---
2026-10-01 12:27:49,020 - INFO - --- validation at epoch 18, val_loss 25.1512, val_mae 24.2568, val_rmse 29.7423, val_r2 -0.1769, val_pearson 0.3180, lr 1.00e-03 ---
2026-10-01 12:27:49,020 - INFO - 
****************************************************************************************************
2026-10-01 12:27:50,206 - INFO - --- training epoch 19, loss 21.0685, mae 21.5630, rmse 25.6261, time elapsed(min) 0.01---
2026-10-01 12:27:50,371 - INFO - --- validation at epoch 19, val_loss 21.3467, val_mae 21.4312, val_rmse 26.2639, val_r2 0.0823, val_pearson 0.3906, lr 1.00e-03 ---
2026-10-01 12:27:50,371 - INFO - 
****************************************************************************************************
2026-10-01 12:27:51,635 - INFO - --- training epoch 20, loss 20.6837, mae 21.1795, rmse 25.1512, time elapsed(min) 0.01---
2026-10-01 12:27:51,806 - INFO - --- validation at epoch 20, val_loss 21.0646, val_mae 21.3763, val_rmse 24.9557, val_r2 0.1714, val_pearson 0.4143, lr 1.00e-03 ---
2026-10-01 12:27:51,807 - INFO - 
****************************************************************************************************
2026-10-01 12:27:53,185 - INFO - --- training epoch 21, loss 20.2527, mae 20.7477, rmse 24.8593, time elapsed(min) 0.02---
2026-10-01 12:27:53,361 - INFO - --- validation at epoch 21, val_loss 21.3680, val_mae 21.3776, val_rmse 26.1692, val_r2 0.0889, val_pearson 0.3738, lr 1.00e-03 ---
2026-10-01 12:27:53,361 - INFO - 
****************************************************************************************************
2026-10-01 12:27:54,579 - INFO - --- training epoch 22, loss 20.2340, mae 20.7278, rmse 24.7444, time elapsed(min) 0.01---
2026-10-01 12:27:54,752 - INFO - --- validation at epoch 22, val_loss 21.7095, val_mae 21.2572, val_rmse 26.2808, val_r2 0.0811, val_pearson 0.3645, lr 1.00e-03 ---
2026-10-01 12:27:54,752 - INFO - 
****************************************************************************************************
2026-10-01 12:27:55,828 - INFO - --- training epoch 23, loss 20.8659, mae 21.3612, rmse 25.7190, time elapsed(min) 0.01---
2026-10-01 12:27:55,992 - INFO - --- validation at epoch 23, val_loss 21.2542, val_mae 21.4616, val_rmse 25.6475, val_r2 0.1249, val_pearson 0.3837, lr 1.00e-03 ---
2026-10-01 12:27:55,992 - INFO - 
****************************************************************************************************
2026-10-01 12:27:57,387 - INFO - --- training epoch 24, loss 20.4060, mae 20.9011, rmse 24.9550, time elapsed(min) 0.02---
2026-10-01 12:27:57,562 - INFO - --- validation at epoch 24, val_loss 21.1273, val_mae 21.3049, val_rmse 25.3298, val_r2 0.1464, val_pearson 0.4045, lr 1.00e-03 ---
2026-10-01 12:27:57,562 - INFO - 
****************************************************************************************************
2026-10-01 12:27:58,837 - INFO - --- training epoch 25, loss 19.9450, mae 20.4416, rmse 24.4725, time elapsed(min) 0.01---
2026-10-01 12:27:59,005 - INFO - --- validation at epoch 25, val_loss 20.7655, val_mae 20.8491, val_rmse 25.5972, val_r2 0.1283, val_pearson 0.4083, lr 1.00e-03 ---
2026-10-01 12:27:59,005 - INFO - 
****************************************************************************************************
2026-10-01 12:28:00,404 - INFO - --- training epoch 26, loss 20.1721, mae 20.6684, rmse 24.7909, time elapsed(min) 0.02---
2026-10-01 12:28:00,578 - INFO - --- validation at epoch 26, val_loss 20.8354, val_mae 21.0885, val_rmse 25.3753, val_r2 0.1433, val_pearson 0.4091, lr 1.00e-03 ---
2026-10-01 12:28:00,578 - INFO - 
****************************************************************************************************
2026-10-01 12:28:01,821 - INFO - --- training epoch 27, loss 19.9919, mae 20.4865, rmse 24.6671, time elapsed(min) 0.01---
2026-10-01 12:28:01,994 - INFO - --- validation at epoch 27, val_loss 20.5923, val_mae 20.9427, val_rmse 25.7539, val_r2 0.1176, val_pearson 0.4040, lr 1.00e-03 ---
2026-10-01 12:28:01,994 - INFO - 
****************************************************************************************************
2026-10-01 12:28:03,173 - INFO - --- training epoch 28, loss 20.0349, mae 20.5299, rmse 24.6684, time elapsed(min) 0.01---
2026-10-01 12:28:03,344 - INFO - --- validation at epoch 28, val_loss 20.9249, val_mae 20.7906, val_rmse 25.6441, val_r2 0.1251, val_pearson 0.4097, lr 1.00e-03 ---
2026-10-01 12:28:03,344 - INFO - 
****************************************************************************************************
2026-10-01 12:28:04,627 - INFO - --- training epoch 29, loss 20.0500, mae 20.5452, rmse 24.7254, time elapsed(min) 0.01---
2026-10-01 12:28:04,784 - INFO - --- validation at epoch 29, val_loss 21.5956, val_mae 21.1444, val_rmse 25.7453, val_r2 0.1182, val_pearson 0.3777, lr 1.00e-03 ---
2026-10-01 12:28:04,784 - INFO - 
****************************************************************************************************
2026-10-01 12:28:06,178 - INFO - --- training epoch 30, loss 19.9146, mae 20.4101, rmse 24.6300, time elapsed(min) 0.02---
2026-10-01 12:28:06,346 - INFO - --- validation at epoch 30, val_loss 20.9191, val_mae 20.8289, val_rmse 25.7984, val_r2 0.1145, val_pearson 0.4071, lr 1.00e-03 ---
2026-10-01 12:28:06,346 - INFO - 
****************************************************************************************************
2026-10-01 12:28:07,629 - INFO - --- training epoch 31, loss 20.0707, mae 20.5678, rmse 24.7889, time elapsed(min) 0.01---
2026-10-01 12:28:07,790 - INFO - --- validation at epoch 31, val_loss 20.8569, val_mae 20.9009, val_rmse 25.5355, val_r2 0.1325, val_pearson 0.4105, lr 1.00e-03 ---
2026-10-01 12:28:07,790 - INFO - 
****************************************************************************************************
2026-10-01 12:28:09,028 - INFO - --- training epoch 32, loss 20.0106, mae 20.5050, rmse 24.9233, time elapsed(min) 0.01---
2026-10-01 12:28:09,204 - INFO - --- validation at epoch 32, val_loss 20.7054, val_mae 20.8180, val_rmse 25.5632, val_r2 0.1306, val_pearson 0.4170, lr 1.00e-03 ---
2026-10-01 12:28:09,204 - INFO - 
****************************************************************************************************
2026-10-01 12:28:10,306 - INFO - --- training epoch 33, loss 19.8765, mae 20.3712, rmse 24.5707, time elapsed(min) 0.01---
2026-10-01 12:28:10,474 - INFO - --- validation at epoch 33, val_loss 20.7293, val_mae 20.8559, val_rmse 25.6602, val_r2 0.1240, val_pearson 0.4129, lr 1.00e-03 ---
2026-10-01 12:28:10,474 - INFO - 
****************************************************************************************************
2026-10-01 12:28:11,739 - INFO - --- training epoch 34, loss 19.7863, mae 20.2814, rmse 24.5053, time elapsed(min) 0.01---
2026-10-01 12:28:11,899 - INFO - --- validation at epoch 34, val_loss 20.8290, val_mae 20.9255, val_rmse 25.7397, val_r2 0.1186, val_pearson 0.4109, lr 1.00e-03 ---
2026-10-01 12:28:11,899 - INFO - 
****************************************************************************************************
2026-10-01 12:28:13,324 - INFO - --- training epoch 35, loss 19.7785, mae 20.2741, rmse 24.4960, time elapsed(min) 0.02---
2026-10-01 12:28:13,493 - INFO - --- validation at epoch 35, val_loss 20.9441, val_mae 20.8301, val_rmse 25.8558, val_r2 0.1106, val_pearson 0.4100, lr 1.00e-03 ---
2026-10-01 12:28:13,493 - INFO - 
****************************************************************************************************
2026-10-01 12:28:14,798 - INFO - --- training epoch 36, loss 19.9836, mae 20.4792, rmse 24.6337, time elapsed(min) 0.02---
2026-10-01 12:28:14,964 - INFO - --- validation at epoch 36, val_loss 21.1219, val_mae 20.8713, val_rmse 25.5207, val_r2 0.1335, val_pearson 0.4046, lr 1.00e-03 ---
2026-10-01 12:28:14,964 - INFO - 
****************************************************************************************************
2026-10-01 12:28:16,394 - INFO - --- training epoch 37, loss 19.9236, mae 20.4198, rmse 24.6260, time elapsed(min) 0.02---
2026-10-01 12:28:16,556 - INFO - --- validation at epoch 37, val_loss 20.7989, val_mae 20.9532, val_rmse 25.6232, val_r2 0.1265, val_pearson 0.4137, lr 1.00e-03 ---
2026-10-01 12:28:16,556 - INFO - 
****************************************************************************************************
2026-10-01 12:28:16,944 - INFO - --- early stopping at epoch 37: val_loss did not improve for 10 epochs ---
2026-10-01 12:28:17,152 - INFO - --- selected checkpoint from epoch 27, val_loss 20.5923, val_mae 20.9427, val_rmse 25.7539
2026-10-01 12:28:17,602 - INFO - -- RESULT
2026-10-01 12:28:17,602 - INFO - --- test size: 1187
2026-10-01 12:28:17,602 - INFO - --- MAE: 20.1604 pp, RMSE: 24.2597 pp, R2: 0.2190, Pearson: 0.4821
2026-10-01 12:28:18,438 - INFO - --- Cell option_b_linear DONE: test MAE=20.1604 RMSE=24.2597 R2=0.2190 | sec/epoch=1.44
2026-10-01 12:28:18,453 - INFO - === RUNNING: dataset=bh split=fullcv09_split70 cell=option_b_mlp (tokens=ind, pooling=rn, head=mlp) ===
