2026-10-01 11:34:29,933 - INFO - device is	cuda:0
2026-10-01 11:34:30,020 - INFO - -- CONFIGURATIONS
2026-10-01 11:34:30,020 - INFO - --- train/valid/test: 2491/277/1187
2026-10-01 11:34:30,020 - INFO - --- max no. reactants_train, valid, test respectively: 6, 6, 6
2026-10-01 11:34:30,020 - INFO - --- max no. products_train, valid, test respectively: 1, 1, 1
2026-10-01 11:34:30,020 - INFO - --- model_path: ../logs/bh_approach1_grid/runs/bh/fullcv01_split70/ind_mean_mlp/model.pt
2026-10-01 11:34:30,029 - INFO - -- TRAINING
2026-10-01 11:34:30,702 - INFO - --- training epoch 0, loss 24.6727, mae 25.1694, rmse 31.4219, time elapsed(min) 0.01---
2026-10-01 11:34:30,870 - INFO - --- validation at epoch 0, val_loss 22.2632, val_mae 23.2069, val_rmse 28.6715, val_r2 -0.1047, val_pearson -0.2213, lr 1.00e-03 ---
2026-10-01 11:34:30,871 - INFO - 
****************************************************************************************************
2026-10-01 11:34:31,969 - INFO - --- training epoch 1, loss 22.4804, mae 22.9778, rmse 27.7018, time elapsed(min) 0.01---
2026-10-01 11:34:32,131 - INFO - --- validation at epoch 1, val_loss 20.0210, val_mae 21.4701, val_rmse 26.8609, val_r2 0.0304, val_pearson 0.3129, lr 1.00e-03 ---
2026-10-01 11:34:32,131 - INFO - 
****************************************************************************************************
2026-10-01 11:34:33,213 - INFO - --- training epoch 2, loss 22.0450, mae 22.5405, rmse 27.5349, time elapsed(min) 0.01---
2026-10-01 11:34:33,364 - INFO - --- validation at epoch 2, val_loss 20.4278, val_mae 21.8232, val_rmse 26.3728, val_r2 0.0653, val_pearson 0.3229, lr 1.00e-03 ---
2026-10-01 11:34:33,364 - INFO - 
****************************************************************************************************
2026-10-01 11:34:34,555 - INFO - --- training epoch 3, loss 21.8804, mae 22.3758, rmse 27.4084, time elapsed(min) 0.01---
2026-10-01 11:34:34,725 - INFO - --- validation at epoch 3, val_loss 19.7773, val_mae 21.2911, val_rmse 26.4191, val_r2 0.0621, val_pearson 0.3325, lr 1.00e-03 ---
2026-10-01 11:34:34,725 - INFO - 
****************************************************************************************************
2026-10-01 11:34:36,012 - INFO - --- training epoch 4, loss 22.2497, mae 22.7460, rmse 27.3488, time elapsed(min) 0.01---
2026-10-01 11:34:36,188 - INFO - --- validation at epoch 4, val_loss 21.3084, val_mae 22.3646, val_rmse 26.7006, val_r2 0.0420, val_pearson 0.3466, lr 1.00e-03 ---
2026-10-01 11:34:36,188 - INFO - 
****************************************************************************************************
2026-10-01 11:34:37,424 - INFO - --- training epoch 5, loss 22.2411, mae 22.7373, rmse 27.1806, time elapsed(min) 0.01---
2026-10-01 11:34:37,578 - INFO - --- validation at epoch 5, val_loss 21.2281, val_mae 22.3765, val_rmse 26.2159, val_r2 0.0764, val_pearson 0.3561, lr 1.00e-03 ---
2026-10-01 11:34:37,578 - INFO - 
****************************************************************************************************
2026-10-01 11:34:38,764 - INFO - --- training epoch 6, loss 22.4924, mae 22.9883, rmse 27.9013, time elapsed(min) 0.01---
2026-10-01 11:34:38,938 - INFO - --- validation at epoch 6, val_loss 21.2680, val_mae 22.4033, val_rmse 26.1172, val_r2 0.0834, val_pearson 0.3380, lr 1.00e-03 ---
2026-10-01 11:34:38,938 - INFO - 
****************************************************************************************************
2026-10-01 11:34:39,967 - INFO - --- training epoch 7, loss 22.2234, mae 22.7199, rmse 26.9473, time elapsed(min) 0.01---
2026-10-01 11:34:40,137 - INFO - --- validation at epoch 7, val_loss 20.9502, val_mae 22.0602, val_rmse 26.0470, val_r2 0.0883, val_pearson 0.3541, lr 1.00e-03 ---
2026-10-01 11:34:40,138 - INFO - 
****************************************************************************************************
2026-10-01 11:34:41,173 - INFO - --- training epoch 8, loss 22.2938, mae 22.7912, rmse 27.1653, time elapsed(min) 0.01---
2026-10-01 11:34:41,340 - INFO - --- validation at epoch 8, val_loss 21.3167, val_mae 22.4444, val_rmse 26.4132, val_r2 0.0625, val_pearson 0.3236, lr 1.00e-03 ---
2026-10-01 11:34:41,340 - INFO - 
****************************************************************************************************
2026-10-01 11:34:42,580 - INFO - --- training epoch 9, loss 22.2473, mae 22.7441, rmse 27.3229, time elapsed(min) 0.01---
2026-10-01 11:34:42,745 - INFO - --- validation at epoch 9, val_loss 21.0721, val_mae 22.2167, val_rmse 26.0871, val_r2 0.0855, val_pearson 0.3672, lr 1.00e-03 ---
2026-10-01 11:34:42,745 - INFO - 
****************************************************************************************************
2026-10-01 11:34:44,154 - INFO - --- training epoch 10, loss 22.0083, mae 22.5047, rmse 26.7979, time elapsed(min) 0.02---
2026-10-01 11:34:44,315 - INFO - --- validation at epoch 10, val_loss 21.5507, val_mae 22.2008, val_rmse 25.8704, val_r2 0.1006, val_pearson 0.3488, lr 1.00e-03 ---
2026-10-01 11:34:44,315 - INFO - 
****************************************************************************************************
2026-10-01 11:34:45,562 - INFO - --- training epoch 11, loss 21.9129, mae 22.4086, rmse 26.7102, time elapsed(min) 0.01---
2026-10-01 11:34:45,947 - INFO - --- validation at epoch 11, val_loss 21.2813, val_mae 22.0652, val_rmse 26.2154, val_r2 0.0765, val_pearson 0.3600, lr 1.00e-03 ---
2026-10-01 11:34:45,948 - INFO - 
****************************************************************************************************
2026-10-01 11:34:47,132 - INFO - --- training epoch 12, loss 21.7083, mae 22.2043, rmse 26.6806, time elapsed(min) 0.01---
2026-10-01 11:34:47,288 - INFO - --- validation at epoch 12, val_loss 21.4806, val_mae 22.0133, val_rmse 25.4512, val_r2 0.1295, val_pearson 0.3897, lr 1.00e-03 ---
2026-10-01 11:34:47,288 - INFO - 
****************************************************************************************************
2026-10-01 11:34:48,318 - INFO - --- training epoch 13, loss 21.9547, mae 22.4512, rmse 26.8962, time elapsed(min) 0.01---
2026-10-01 11:34:48,481 - INFO - --- validation at epoch 13, val_loss 21.1383, val_mae 21.8734, val_rmse 25.2263, val_r2 0.1448, val_pearson 0.4411, lr 1.00e-03 ---
2026-10-01 11:34:48,481 - INFO - 
****************************************************************************************************
2026-10-01 11:34:48,848 - INFO - --- early stopping at epoch 13: val_loss did not improve for 10 epochs ---
2026-10-01 11:34:49,053 - INFO - --- selected checkpoint from epoch 3, val_loss 19.7773, val_mae 21.2911, val_rmse 26.4191
2026-10-01 11:34:49,493 - INFO - -- RESULT
2026-10-01 11:34:49,493 - INFO - --- test size: 1187
2026-10-01 11:34:49,493 - INFO - --- MAE: 23.0838 pp, RMSE: 28.3827 pp, R2: -0.0591, Pearson: 0.2028
2026-10-01 11:34:50,518 - INFO - --- Cell ind_mean_mlp DONE: test MAE=23.0838 RMSE=28.3827 R2=-0.0591 | sec/epoch=1.34
2026-10-01 11:34:50,529 - INFO - === RUNNING: dataset=bh split=fullcv02_split70 cell=current_model (tokens=ind, pooling=mean, head=linear) ===
