2026-10-01 17:57:06,106 - INFO - device is	cuda:0
2026-10-01 17:57:06,208 - INFO - -- CONFIGURATIONS
2026-10-01 17:57:06,208 - INFO - --- train/valid/test: 3628/404/1728
2026-10-01 17:57:06,208 - INFO - --- max no. reactants_train, valid, test respectively: 14, 14, 14
2026-10-01 17:57:06,208 - INFO - --- max no. products_train, valid, test respectively: 1, 1, 1
2026-10-01 17:57:06,208 - INFO - --- model_path: ../logs/approach1_server/option_b_linear/suzuki/runs/suzuki_split_5_20261001_175706/split_5/model.pt
2026-10-01 17:57:06,305 - INFO - -- TRAINING
2026-10-01 17:57:08,605 - INFO - --- training epoch 0, loss 2.7578, mae 3.1212, rmse 7.3704, time elapsed(min) 0.04---
2026-10-01 17:57:08,880 - INFO - --- validation at epoch 0, val_loss 0.0427, val_mae 0.2452, val_rmse 0.2988, val_r2 -0.0890, val_pearson 0.0467, lr 1.00e-03 ---
2026-10-01 17:57:08,880 - INFO - 
****************************************************************************************************
2026-10-01 17:57:11,212 - INFO - --- training epoch 1, loss 0.0460, mae 0.2537, rmse 0.3032, time elapsed(min) 0.03---
2026-10-01 17:57:11,462 - INFO - --- validation at epoch 1, val_loss 0.0413, val_mae 0.2586, val_rmse 0.2900, val_r2 -0.0263, val_pearson 0.0577, lr 1.00e-03 ---
2026-10-01 17:57:11,462 - INFO - 
****************************************************************************************************
2026-10-01 17:57:13,717 - INFO - --- training epoch 2, loss 0.0402, mae 0.2443, rmse 0.2835, time elapsed(min) 0.03---
2026-10-01 17:57:14,117 - INFO - --- validation at epoch 2, val_loss 0.0397, val_mae 0.2508, val_rmse 0.2859, val_r2 0.0027, val_pearson 0.0691, lr 1.00e-03 ---
2026-10-01 17:57:14,117 - INFO - 
****************************************************************************************************
2026-10-01 17:57:16,581 - INFO - --- training epoch 3, loss 0.0398, mae 0.2433, rmse 0.2822, time elapsed(min) 0.03---
2026-10-01 17:57:17,042 - INFO - --- validation at epoch 3, val_loss 0.0397, val_mae 0.2479, val_rmse 0.2865, val_r2 -0.0012, val_pearson 0.0738, lr 1.00e-03 ---
2026-10-01 17:57:17,042 - INFO - 
****************************************************************************************************
2026-10-01 17:57:19,523 - INFO - --- training epoch 4, loss 0.0402, mae 0.2435, rmse 0.2837, time elapsed(min) 0.03---
2026-10-01 17:57:19,774 - INFO - --- validation at epoch 4, val_loss 0.0396, val_mae 0.2508, val_rmse 0.2857, val_r2 0.0043, val_pearson 0.0790, lr 1.00e-03 ---
2026-10-01 17:57:19,774 - INFO - 
****************************************************************************************************
2026-10-01 17:57:22,084 - INFO - --- training epoch 5, loss 0.0410, mae 0.2449, rmse 0.2864, time elapsed(min) 0.03---
2026-10-01 17:57:22,331 - INFO - --- validation at epoch 5, val_loss 0.0405, val_mae 0.2452, val_rmse 0.2901, val_r2 -0.0264, val_pearson 0.0854, lr 1.00e-03 ---
2026-10-01 17:57:22,331 - INFO - 
****************************************************************************************************
2026-10-01 17:57:24,649 - INFO - --- training epoch 6, loss 0.0421, mae 0.2479, rmse 0.2900, time elapsed(min) 0.03---
2026-10-01 17:57:25,079 - INFO - --- validation at epoch 6, val_loss 0.0419, val_mae 0.2443, val_rmse 0.2954, val_r2 -0.0644, val_pearson 0.0870, lr 1.00e-03 ---
2026-10-01 17:57:25,079 - INFO - 
****************************************************************************************************
2026-10-01 17:57:27,545 - INFO - --- training epoch 7, loss 0.0419, mae 0.2475, rmse 0.2896, time elapsed(min) 0.04---
2026-10-01 17:57:27,797 - INFO - --- validation at epoch 7, val_loss 0.0401, val_mae 0.2464, val_rmse 0.2880, val_r2 -0.0121, val_pearson 0.0680, lr 1.00e-03 ---
2026-10-01 17:57:27,797 - INFO - 
****************************************************************************************************
2026-10-01 17:57:29,998 - INFO - --- training epoch 8, loss 0.0436, mae 0.2491, rmse 0.2953, time elapsed(min) 0.03---
2026-10-01 17:57:30,246 - INFO - --- validation at epoch 8, val_loss 0.0432, val_mae 0.2444, val_rmse 0.3004, val_r2 -0.1009, val_pearson 0.0971, lr 1.00e-03 ---
2026-10-01 17:57:30,246 - INFO - 
****************************************************************************************************
2026-10-01 17:57:32,450 - INFO - --- training epoch 9, loss 0.0420, mae 0.2473, rmse 0.2898, time elapsed(min) 0.03---
2026-10-01 17:57:32,859 - INFO - --- validation at epoch 9, val_loss 0.0400, val_mae 0.2544, val_rmse 0.2862, val_r2 0.0007, val_pearson 0.0995, lr 1.00e-03 ---
2026-10-01 17:57:32,859 - INFO - 
****************************************************************************************************
2026-10-01 17:57:35,201 - INFO - --- training epoch 10, loss 0.0395, mae 0.2422, rmse 0.2810, time elapsed(min) 0.03---
2026-10-01 17:57:35,772 - INFO - --- validation at epoch 10, val_loss 0.0397, val_mae 0.2526, val_rmse 0.2853, val_r2 0.0070, val_pearson 0.1007, lr 1.00e-03 ---
2026-10-01 17:57:35,772 - INFO - 
****************************************************************************************************
2026-10-01 17:57:37,930 - INFO - --- training epoch 11, loss 0.0395, mae 0.2428, rmse 0.2811, time elapsed(min) 0.03---
2026-10-01 17:57:38,196 - INFO - --- validation at epoch 11, val_loss 0.0395, val_mae 0.2516, val_rmse 0.2848, val_r2 0.0104, val_pearson 0.1083, lr 1.00e-03 ---
2026-10-01 17:57:38,196 - INFO - 
****************************************************************************************************
2026-10-01 17:57:40,504 - INFO - --- training epoch 12, loss 0.0395, mae 0.2425, rmse 0.2810, time elapsed(min) 0.03---
2026-10-01 17:57:40,756 - INFO - --- validation at epoch 12, val_loss 0.0395, val_mae 0.2515, val_rmse 0.2846, val_r2 0.0116, val_pearson 0.1118, lr 1.00e-03 ---
2026-10-01 17:57:40,756 - INFO - 
****************************************************************************************************
2026-10-01 17:57:43,098 - INFO - --- training epoch 13, loss 0.0393, mae 0.2418, rmse 0.2803, time elapsed(min) 0.03---
2026-10-01 17:57:43,553 - INFO - --- validation at epoch 13, val_loss 0.0394, val_mae 0.2480, val_rmse 0.2850, val_r2 0.0094, val_pearson 0.1198, lr 1.00e-03 ---
2026-10-01 17:57:43,553 - INFO - 
****************************************************************************************************
2026-10-01 17:57:46,010 - INFO - --- training epoch 14, loss 0.0401, mae 0.2434, rmse 0.2832, time elapsed(min) 0.03---
2026-10-01 17:57:46,268 - INFO - --- validation at epoch 14, val_loss 0.0394, val_mae 0.2485, val_rmse 0.2850, val_r2 0.0089, val_pearson 0.1151, lr 1.00e-03 ---
2026-10-01 17:57:46,268 - INFO - 
****************************************************************************************************
2026-10-01 17:57:48,530 - INFO - --- training epoch 15, loss 0.0401, mae 0.2442, rmse 0.2833, time elapsed(min) 0.03---
2026-10-01 17:57:48,795 - INFO - --- validation at epoch 15, val_loss 0.0393, val_mae 0.2486, val_rmse 0.2845, val_r2 0.0126, val_pearson 0.1235, lr 1.00e-03 ---
2026-10-01 17:57:48,795 - INFO - 
****************************************************************************************************
2026-10-01 17:57:51,244 - INFO - --- training epoch 16, loss 0.0398, mae 0.2431, rmse 0.2822, time elapsed(min) 0.03---
2026-10-01 17:57:51,673 - INFO - --- validation at epoch 16, val_loss 0.0392, val_mae 0.2506, val_rmse 0.2840, val_r2 0.0163, val_pearson 0.1276, lr 1.00e-03 ---
2026-10-01 17:57:51,673 - INFO - 
****************************************************************************************************
2026-10-01 17:57:54,301 - INFO - --- training epoch 17, loss 0.0395, mae 0.2420, rmse 0.2811, time elapsed(min) 0.04---
2026-10-01 17:57:54,567 - INFO - --- validation at epoch 17, val_loss 0.0397, val_mae 0.2536, val_rmse 0.2848, val_r2 0.0106, val_pearson 0.1370, lr 1.00e-03 ---
2026-10-01 17:57:54,567 - INFO - 
****************************************************************************************************
2026-10-01 17:57:56,979 - INFO - --- training epoch 18, loss 0.0393, mae 0.2420, rmse 0.2803, time elapsed(min) 0.03---
2026-10-01 17:57:57,246 - INFO - --- validation at epoch 18, val_loss 0.0391, val_mae 0.2494, val_rmse 0.2834, val_r2 0.0203, val_pearson 0.1434, lr 1.00e-03 ---
2026-10-01 17:57:57,246 - INFO - 
****************************************************************************************************
2026-10-01 17:57:59,785 - INFO - --- training epoch 19, loss 0.0398, mae 0.2432, rmse 0.2822, time elapsed(min) 0.03---
2026-10-01 17:58:00,229 - INFO - --- validation at epoch 19, val_loss 0.0400, val_mae 0.2454, val_rmse 0.2881, val_r2 -0.0124, val_pearson 0.1445, lr 1.00e-03 ---
2026-10-01 17:58:00,230 - INFO - 
****************************************************************************************************
2026-10-01 17:58:02,724 - INFO - --- training epoch 20, loss 0.0408, mae 0.2452, rmse 0.2855, time elapsed(min) 0.04---
2026-10-01 17:58:02,973 - INFO - --- validation at epoch 20, val_loss 0.0391, val_mae 0.2477, val_rmse 0.2843, val_r2 0.0139, val_pearson 0.1448, lr 1.00e-03 ---
2026-10-01 17:58:02,973 - INFO - 
****************************************************************************************************
2026-10-01 17:58:05,212 - INFO - --- training epoch 21, loss 0.0399, mae 0.2432, rmse 0.2826, time elapsed(min) 0.03---
2026-10-01 17:58:05,479 - INFO - --- validation at epoch 21, val_loss 0.0391, val_mae 0.2478, val_rmse 0.2844, val_r2 0.0131, val_pearson 0.1447, lr 1.00e-03 ---
2026-10-01 17:58:05,479 - INFO - 
****************************************************************************************************
2026-10-01 17:58:07,814 - INFO - --- training epoch 22, loss 0.0398, mae 0.2429, rmse 0.2821, time elapsed(min) 0.03---
2026-10-01 17:58:08,066 - INFO - --- validation at epoch 22, val_loss 0.0393, val_mae 0.2458, val_rmse 0.2850, val_r2 0.0092, val_pearson 0.1582, lr 1.00e-03 ---
2026-10-01 17:58:08,066 - INFO - 
****************************************************************************************************
2026-10-01 17:58:10,474 - INFO - --- training epoch 23, loss 0.0405, mae 0.2449, rmse 0.2846, time elapsed(min) 0.03---
2026-10-01 17:58:10,947 - INFO - --- validation at epoch 23, val_loss 0.0394, val_mae 0.2474, val_rmse 0.2858, val_r2 0.0034, val_pearson 0.1396, lr 1.00e-03 ---
2026-10-01 17:58:10,947 - INFO - 
****************************************************************************************************
2026-10-01 17:58:13,304 - INFO - --- training epoch 24, loss 0.0404, mae 0.2443, rmse 0.2843, time elapsed(min) 0.03---
2026-10-01 17:58:13,560 - INFO - --- validation at epoch 24, val_loss 0.0393, val_mae 0.2467, val_rmse 0.2850, val_r2 0.0089, val_pearson 0.1533, lr 1.00e-03 ---
2026-10-01 17:58:13,560 - INFO - 
****************************************************************************************************
2026-10-01 17:58:15,802 - INFO - --- training epoch 25, loss 0.0403, mae 0.2438, rmse 0.2840, time elapsed(min) 0.03---
2026-10-01 17:58:16,067 - INFO - --- validation at epoch 25, val_loss 0.0397, val_mae 0.2462, val_rmse 0.2869, val_r2 -0.0040, val_pearson 0.1507, lr 1.00e-03 ---
2026-10-01 17:58:16,067 - INFO - 
****************************************************************************************************
2026-10-01 17:58:18,559 - INFO - --- training epoch 26, loss 0.0404, mae 0.2441, rmse 0.2843, time elapsed(min) 0.04---
2026-10-01 17:58:19,033 - INFO - --- validation at epoch 26, val_loss 0.0396, val_mae 0.2458, val_rmse 0.2867, val_r2 -0.0029, val_pearson 0.1583, lr 1.00e-03 ---
2026-10-01 17:58:19,033 - INFO - 
****************************************************************************************************
2026-10-01 17:58:21,446 - INFO - --- training epoch 27, loss 0.0406, mae 0.2444, rmse 0.2848, time elapsed(min) 0.03---
2026-10-01 17:58:21,698 - INFO - --- validation at epoch 27, val_loss 0.0395, val_mae 0.2469, val_rmse 0.2861, val_r2 0.0016, val_pearson 0.1498, lr 1.00e-03 ---
2026-10-01 17:58:21,698 - INFO - 
****************************************************************************************************
2026-10-01 17:58:23,913 - INFO - --- training epoch 28, loss 0.0404, mae 0.2443, rmse 0.2844, time elapsed(min) 0.03---
2026-10-01 17:58:24,164 - INFO - --- validation at epoch 28, val_loss 0.0390, val_mae 0.2467, val_rmse 0.2840, val_r2 0.0159, val_pearson 0.1643, lr 1.00e-03 ---
2026-10-01 17:58:24,164 - INFO - 
****************************************************************************************************
2026-10-01 17:58:26,541 - INFO - --- training epoch 29, loss 0.0402, mae 0.2442, rmse 0.2835, time elapsed(min) 0.03---
2026-10-01 17:58:26,977 - INFO - --- validation at epoch 29, val_loss 0.0392, val_mae 0.2465, val_rmse 0.2847, val_r2 0.0112, val_pearson 0.1586, lr 1.00e-03 ---
2026-10-01 17:58:26,977 - INFO - 
****************************************************************************************************
2026-10-01 17:58:29,569 - INFO - --- training epoch 30, loss 0.0403, mae 0.2444, rmse 0.2840, time elapsed(min) 0.04---
2026-10-01 17:58:29,832 - INFO - --- validation at epoch 30, val_loss 0.0393, val_mae 0.2464, val_rmse 0.2852, val_r2 0.0076, val_pearson 0.1603, lr 1.00e-03 ---
2026-10-01 17:58:29,832 - INFO - 
****************************************************************************************************
2026-10-01 17:58:32,097 - INFO - --- training epoch 31, loss 0.0405, mae 0.2447, rmse 0.2847, time elapsed(min) 0.03---
2026-10-01 17:58:32,357 - INFO - --- validation at epoch 31, val_loss 0.0392, val_mae 0.2465, val_rmse 0.2846, val_r2 0.0116, val_pearson 0.1588, lr 1.00e-03 ---
2026-10-01 17:58:32,357 - INFO - 
****************************************************************************************************
2026-10-01 17:58:34,610 - INFO - --- training epoch 32, loss 0.0388, mae 0.2407, rmse 0.2785, time elapsed(min) 0.03---
2026-10-01 17:58:35,021 - INFO - --- validation at epoch 32, val_loss 0.0394, val_mae 0.2458, val_rmse 0.2854, val_r2 0.0060, val_pearson 0.1709, lr 1.00e-03 ---
2026-10-01 17:58:35,021 - INFO - 
****************************************************************************************************
2026-10-01 17:58:37,542 - INFO - --- training epoch 33, loss 0.0402, mae 0.2434, rmse 0.2837, time elapsed(min) 0.04---
2026-10-01 17:58:37,798 - INFO - --- validation at epoch 33, val_loss 0.0410, val_mae 0.2453, val_rmse 0.2920, val_r2 -0.0399, val_pearson 0.1512, lr 1.00e-03 ---
2026-10-01 17:58:37,798 - INFO - 
****************************************************************************************************
2026-10-01 17:58:40,111 - INFO - --- training epoch 34, loss 0.0409, mae 0.2450, rmse 0.2861, time elapsed(min) 0.03---
2026-10-01 17:58:40,366 - INFO - --- validation at epoch 34, val_loss 0.0395, val_mae 0.2457, val_rmse 0.2862, val_r2 0.0008, val_pearson 0.1629, lr 1.00e-03 ---
2026-10-01 17:58:40,366 - INFO - 
****************************************************************************************************
2026-10-01 17:58:42,662 - INFO - --- training epoch 35, loss 0.0424, mae 0.2472, rmse 0.2911, time elapsed(min) 0.03---
2026-10-01 17:58:43,079 - INFO - --- validation at epoch 35, val_loss 0.0512, val_mae 0.2818, val_rmse 0.3194, val_r2 -0.2450, val_pearson 0.1526, lr 1.00e-03 ---
2026-10-01 17:58:43,079 - INFO - 
****************************************************************************************************
2026-10-01 17:58:45,517 - INFO - --- training epoch 36, loss 0.0394, mae 0.2425, rmse 0.2808, time elapsed(min) 0.03---
2026-10-01 17:58:46,117 - INFO - --- validation at epoch 36, val_loss 0.0398, val_mae 0.2455, val_rmse 0.2872, val_r2 -0.0065, val_pearson 0.1693, lr 1.00e-03 ---
2026-10-01 17:58:46,117 - INFO - 
****************************************************************************************************
2026-10-01 17:58:48,362 - INFO - --- training epoch 37, loss 0.0397, mae 0.2425, rmse 0.2817, time elapsed(min) 0.03---
2026-10-01 17:58:48,620 - INFO - --- validation at epoch 37, val_loss 0.0399, val_mae 0.2444, val_rmse 0.2876, val_r2 -0.0088, val_pearson 0.1806, lr 1.00e-03 ---
2026-10-01 17:58:48,621 - INFO - 
****************************************************************************************************
2026-10-01 17:58:50,846 - INFO - --- training epoch 38, loss 0.0408, mae 0.2448, rmse 0.2856, time elapsed(min) 0.03---
2026-10-01 17:58:51,098 - INFO - --- validation at epoch 38, val_loss 0.0400, val_mae 0.2453, val_rmse 0.2880, val_r2 -0.0121, val_pearson 0.1651, lr 1.00e-03 ---
2026-10-01 17:58:51,098 - INFO - 
****************************************************************************************************
2026-10-01 17:58:51,475 - INFO - --- early stopping at epoch 38: val_loss did not improve for 10 epochs ---
2026-10-01 17:58:51,936 - INFO - --- selected checkpoint from epoch 28, val_loss 0.0390, val_mae 0.2467, val_rmse 0.2840
2026-10-01 17:58:53,008 - INFO - -- RESULT
2026-10-01 17:58:53,008 - INFO - --- test size: 1728
2026-10-01 17:58:53,008 - INFO - --- MAE: 0.2396 (23.96 pp), RMSE: 0.2787 (27.87 pp), R2: 0.0051, Pearson: 0.1531
