2026-10-01 06:36:34,391 - INFO - device is	cuda:0
2026-10-01 06:36:34,498 - INFO - -- CONFIGURATIONS
2026-10-01 06:36:34,498 - INFO - --- train/valid/test: 3628/404/1728
2026-10-01 06:36:34,498 - INFO - --- max no. reactants_train, valid, test respectively: 14, 14, 14
2026-10-01 06:36:34,498 - INFO - --- max no. products_train, valid, test respectively: 1, 1, 1
2026-10-01 06:36:34,498 - INFO - --- model_path: ../logs/approach2_grid_suzuki/e400/runs/Suzuki-Miyaura_split_0_approach_2/model.pt
2026-10-01 06:36:34,505 - INFO - -- TRAINING
2026-10-01 06:36:35,940 - INFO - --- training epoch 0, loss 0.9245, mae 1.2251, rmse 3.2880, time elapsed(min) 0.02---
2026-10-01 06:36:36,157 - INFO - --- validation at epoch 0, val_loss 0.0482, val_mae 0.2608, val_rmse 0.3144, val_r2 -0.1003, val_pearson 0.2832, lr 1.00e-03 ---
2026-10-01 06:36:36,157 - INFO - 
****************************************************************************************************
2026-10-01 06:36:38,018 - INFO - --- training epoch 1, loss 0.0405, mae 0.2439, rmse 0.2847, time elapsed(min) 0.03---
2026-10-01 06:36:38,343 - INFO - --- validation at epoch 1, val_loss 0.0427, val_mae 0.2586, val_rmse 0.2977, val_r2 0.0141, val_pearson 0.3039, lr 1.00e-03 ---
2026-10-01 06:36:38,343 - INFO - 
****************************************************************************************************
2026-10-01 06:36:40,156 - INFO - --- training epoch 2, loss 0.0389, mae 0.2398, rmse 0.2790, time elapsed(min) 0.02---
2026-10-01 06:36:40,514 - INFO - --- validation at epoch 2, val_loss 0.0403, val_mae 0.2547, val_rmse 0.2896, val_r2 0.0665, val_pearson 0.2970, lr 1.00e-03 ---
2026-10-01 06:36:40,514 - INFO - 
****************************************************************************************************
2026-10-01 06:36:42,402 - INFO - --- training epoch 3, loss 0.0385, mae 0.2379, rmse 0.2776, time elapsed(min) 0.02---
2026-10-01 06:36:42,616 - INFO - --- validation at epoch 3, val_loss 0.0406, val_mae 0.2503, val_rmse 0.2900, val_r2 0.0644, val_pearson 0.3105, lr 1.00e-03 ---
2026-10-01 06:36:42,616 - INFO - 
****************************************************************************************************
2026-10-01 06:36:44,326 - INFO - --- training epoch 4, loss 0.0375, mae 0.2344, rmse 0.2737, time elapsed(min) 0.02---
2026-10-01 06:36:44,537 - INFO - --- validation at epoch 4, val_loss 0.0406, val_mae 0.2478, val_rmse 0.2894, val_r2 0.0680, val_pearson 0.3197, lr 1.00e-03 ---
2026-10-01 06:36:44,537 - INFO - 
****************************************************************************************************
2026-10-01 06:36:46,257 - INFO - --- training epoch 5, loss 0.0374, mae 0.2339, rmse 0.2733, time elapsed(min) 0.02---
2026-10-01 06:36:46,599 - INFO - --- validation at epoch 5, val_loss 0.0411, val_mae 0.2467, val_rmse 0.2912, val_r2 0.0563, val_pearson 0.3399, lr 1.00e-03 ---
2026-10-01 06:36:46,599 - INFO - 
****************************************************************************************************
2026-10-01 06:36:48,563 - INFO - --- training epoch 6, loss 0.0372, mae 0.2330, rmse 0.2727, time elapsed(min) 0.03---
2026-10-01 06:36:48,794 - INFO - --- validation at epoch 6, val_loss 0.0409, val_mae 0.2460, val_rmse 0.2905, val_r2 0.0610, val_pearson 0.3554, lr 1.00e-03 ---
2026-10-01 06:36:48,794 - INFO - 
****************************************************************************************************
2026-10-01 06:36:50,574 - INFO - --- training epoch 7, loss 0.0359, mae 0.2291, rmse 0.2680, time elapsed(min) 0.03---
2026-10-01 06:36:50,785 - INFO - --- validation at epoch 7, val_loss 0.0394, val_mae 0.2407, val_rmse 0.2857, val_r2 0.0919, val_pearson 0.3869, lr 1.00e-03 ---
2026-10-01 06:36:50,785 - INFO - 
****************************************************************************************************
2026-10-01 06:36:52,651 - INFO - --- training epoch 8, loss 0.0362, mae 0.2284, rmse 0.2691, time elapsed(min) 0.03---
2026-10-01 06:36:52,880 - INFO - --- validation at epoch 8, val_loss 0.0382, val_mae 0.2369, val_rmse 0.2825, val_r2 0.1117, val_pearson 0.3862, lr 1.00e-03 ---
2026-10-01 06:36:52,880 - INFO - 
****************************************************************************************************
2026-10-01 06:36:54,921 - INFO - --- training epoch 9, loss 0.0345, mae 0.2209, rmse 0.2627, time elapsed(min) 0.03---
2026-10-01 06:36:55,135 - INFO - --- validation at epoch 9, val_loss 0.0343, val_mae 0.2248, val_rmse 0.2702, val_r2 0.1876, val_pearson 0.4529, lr 1.00e-03 ---
2026-10-01 06:36:55,135 - INFO - 
****************************************************************************************************
2026-10-01 06:36:57,013 - INFO - --- training epoch 10, loss 0.0330, mae 0.2130, rmse 0.2569, time elapsed(min) 0.03---
2026-10-01 06:36:57,226 - INFO - --- validation at epoch 10, val_loss 0.0322, val_mae 0.2198, val_rmse 0.2623, val_r2 0.2342, val_pearson 0.5155, lr 1.00e-03 ---
2026-10-01 06:36:57,227 - INFO - 
****************************************************************************************************
2026-10-01 06:36:59,033 - INFO - --- training epoch 11, loss 0.0359, mae 0.2203, rmse 0.2679, time elapsed(min) 0.02---
2026-10-01 06:36:59,361 - INFO - --- validation at epoch 11, val_loss 0.0343, val_mae 0.2297, val_rmse 0.2714, val_r2 0.1802, val_pearson 0.4292, lr 1.00e-03 ---
2026-10-01 06:36:59,361 - INFO - 
****************************************************************************************************
2026-10-01 06:37:01,139 - INFO - --- training epoch 12, loss 0.0330, mae 0.2123, rmse 0.2568, time elapsed(min) 0.03---
2026-10-01 06:37:01,542 - INFO - --- validation at epoch 12, val_loss 0.0341, val_mae 0.2159, val_rmse 0.2687, val_r2 0.1967, val_pearson 0.5153, lr 1.00e-03 ---
2026-10-01 06:37:01,542 - INFO - 
****************************************************************************************************
2026-10-01 06:37:03,378 - INFO - --- training epoch 13, loss 0.0276, mae 0.1911, rmse 0.2351, time elapsed(min) 0.02---
2026-10-01 06:37:03,593 - INFO - --- validation at epoch 13, val_loss 0.0227, val_mae 0.1810, val_rmse 0.2195, val_r2 0.4637, val_pearson 0.7030, lr 1.00e-03 ---
2026-10-01 06:37:03,593 - INFO - 
****************************************************************************************************
2026-10-01 06:37:05,394 - INFO - --- training epoch 14, loss 0.0233, mae 0.1717, rmse 0.2158, time elapsed(min) 0.02---
2026-10-01 06:37:05,605 - INFO - --- validation at epoch 14, val_loss 0.0229, val_mae 0.1704, val_rmse 0.2157, val_r2 0.4823, val_pearson 0.7234, lr 1.00e-03 ---
2026-10-01 06:37:05,605 - INFO - 
****************************************************************************************************
2026-10-01 06:37:07,399 - INFO - --- training epoch 15, loss 0.0224, mae 0.1680, rmse 0.2117, time elapsed(min) 0.03---
2026-10-01 06:37:07,761 - INFO - --- validation at epoch 15, val_loss 0.0234, val_mae 0.1718, val_rmse 0.2172, val_r2 0.4752, val_pearson 0.7322, lr 1.00e-03 ---
2026-10-01 06:37:07,761 - INFO - 
****************************************************************************************************
2026-10-01 06:37:09,687 - INFO - --- training epoch 16, loss 0.0207, mae 0.1605, rmse 0.2035, time elapsed(min) 0.03---
2026-10-01 06:37:09,899 - INFO - --- validation at epoch 16, val_loss 0.0253, val_mae 0.1771, val_rmse 0.2253, val_r2 0.4354, val_pearson 0.7335, lr 1.00e-03 ---
2026-10-01 06:37:09,899 - INFO - 
****************************************************************************************************
2026-10-01 06:37:11,643 - INFO - --- training epoch 17, loss 0.0203, mae 0.1589, rmse 0.2015, time elapsed(min) 0.02---
2026-10-01 06:37:11,855 - INFO - --- validation at epoch 17, val_loss 0.0254, val_mae 0.1814, val_rmse 0.2267, val_r2 0.4279, val_pearson 0.7150, lr 1.00e-03 ---
2026-10-01 06:37:11,855 - INFO - 
****************************************************************************************************
2026-10-01 06:37:13,584 - INFO - --- training epoch 18, loss 0.0198, mae 0.1568, rmse 0.1989, time elapsed(min) 0.02---
2026-10-01 06:37:13,927 - INFO - --- validation at epoch 18, val_loss 0.0229, val_mae 0.1687, val_rmse 0.2142, val_r2 0.4895, val_pearson 0.7524, lr 1.00e-03 ---
2026-10-01 06:37:13,927 - INFO - 
****************************************************************************************************
2026-10-01 06:37:15,835 - INFO - --- training epoch 19, loss 0.0194, mae 0.1548, rmse 0.1968, time elapsed(min) 0.03---
2026-10-01 06:37:16,048 - INFO - --- validation at epoch 19, val_loss 0.0191, val_mae 0.1613, val_rmse 0.1962, val_r2 0.5718, val_pearson 0.7801, lr 1.00e-03 ---
2026-10-01 06:37:16,048 - INFO - 
****************************************************************************************************
2026-10-01 06:37:17,893 - INFO - --- training epoch 20, loss 0.0183, mae 0.1499, rmse 0.1915, time elapsed(min) 0.02---
2026-10-01 06:37:18,105 - INFO - --- validation at epoch 20, val_loss 0.0202, val_mae 0.1573, val_rmse 0.1995, val_r2 0.5573, val_pearson 0.7884, lr 1.00e-03 ---
2026-10-01 06:37:18,105 - INFO - 
****************************************************************************************************
2026-10-01 06:37:19,846 - INFO - --- training epoch 21, loss 0.0183, mae 0.1500, rmse 0.1911, time elapsed(min) 0.02---
2026-10-01 06:37:20,180 - INFO - --- validation at epoch 21, val_loss 0.0164, val_mae 0.1450, val_rmse 0.1832, val_r2 0.6264, val_pearson 0.7967, lr 1.00e-03 ---
2026-10-01 06:37:20,180 - INFO - 
****************************************************************************************************
2026-10-01 06:37:22,201 - INFO - --- training epoch 22, loss 0.0179, mae 0.1471, rmse 0.1893, time elapsed(min) 0.03---
2026-10-01 06:37:22,412 - INFO - --- validation at epoch 22, val_loss 0.0171, val_mae 0.1458, val_rmse 0.1867, val_r2 0.6121, val_pearson 0.7978, lr 1.00e-03 ---
2026-10-01 06:37:22,412 - INFO - 
****************************************************************************************************
2026-10-01 06:37:24,152 - INFO - --- training epoch 23, loss 0.0165, mae 0.1407, rmse 0.1818, time elapsed(min) 0.02---
2026-10-01 06:37:24,364 - INFO - --- validation at epoch 23, val_loss 0.0168, val_mae 0.1447, val_rmse 0.1845, val_r2 0.6212, val_pearson 0.8035, lr 1.00e-03 ---
2026-10-01 06:37:24,364 - INFO - 
****************************************************************************************************
2026-10-01 06:37:26,100 - INFO - --- training epoch 24, loss 0.0164, mae 0.1394, rmse 0.1809, time elapsed(min) 0.02---
2026-10-01 06:37:26,443 - INFO - --- validation at epoch 24, val_loss 0.0188, val_mae 0.1504, val_rmse 0.1960, val_r2 0.5725, val_pearson 0.7860, lr 1.00e-03 ---
2026-10-01 06:37:26,443 - INFO - 
****************************************************************************************************
2026-10-01 06:37:28,250 - INFO - --- training epoch 25, loss 0.0170, mae 0.1417, rmse 0.1842, time elapsed(min) 0.03---
2026-10-01 06:37:28,736 - INFO - --- validation at epoch 25, val_loss 0.0192, val_mae 0.1529, val_rmse 0.1957, val_r2 0.5739, val_pearson 0.8007, lr 1.00e-03 ---
2026-10-01 06:37:28,736 - INFO - 
****************************************************************************************************
2026-10-01 06:37:30,551 - INFO - --- training epoch 26, loss 0.0161, mae 0.1376, rmse 0.1792, time elapsed(min) 0.03---
2026-10-01 06:37:30,763 - INFO - --- validation at epoch 26, val_loss 0.0179, val_mae 0.1468, val_rmse 0.1888, val_r2 0.6034, val_pearson 0.8094, lr 1.00e-03 ---
2026-10-01 06:37:30,763 - INFO - 
****************************************************************************************************
2026-10-01 06:37:32,588 - INFO - --- training epoch 27, loss 0.0157, mae 0.1351, rmse 0.1773, time elapsed(min) 0.03---
2026-10-01 06:37:32,806 - INFO - --- validation at epoch 27, val_loss 0.0170, val_mae 0.1453, val_rmse 0.1876, val_r2 0.6083, val_pearson 0.8092, lr 1.00e-03 ---
2026-10-01 06:37:32,806 - INFO - 
****************************************************************************************************
2026-10-01 06:37:34,741 - INFO - --- training epoch 28, loss 0.0156, mae 0.1351, rmse 0.1766, time elapsed(min) 0.03---
2026-10-01 06:37:35,129 - INFO - --- validation at epoch 28, val_loss 0.0170, val_mae 0.1435, val_rmse 0.1837, val_r2 0.6246, val_pearson 0.8191, lr 1.00e-03 ---
2026-10-01 06:37:35,129 - INFO - 
****************************************************************************************************
2026-10-01 06:37:36,981 - INFO - --- training epoch 29, loss 0.0146, mae 0.1297, rmse 0.1711, time elapsed(min) 0.02---
2026-10-01 06:37:37,193 - INFO - --- validation at epoch 29, val_loss 0.0158, val_mae 0.1384, val_rmse 0.1779, val_r2 0.6479, val_pearson 0.8292, lr 1.00e-03 ---
2026-10-01 06:37:37,193 - INFO - 
****************************************************************************************************
2026-10-01 06:37:38,983 - INFO - --- training epoch 30, loss 0.0141, mae 0.1275, rmse 0.1678, time elapsed(min) 0.02---
2026-10-01 06:37:39,198 - INFO - --- validation at epoch 30, val_loss 0.0164, val_mae 0.1391, val_rmse 0.1810, val_r2 0.6354, val_pearson 0.8157, lr 1.00e-03 ---
2026-10-01 06:37:39,198 - INFO - 
****************************************************************************************************
2026-10-01 06:37:40,957 - INFO - --- training epoch 31, loss 0.0146, mae 0.1306, rmse 0.1708, time elapsed(min) 0.02---
2026-10-01 06:37:41,284 - INFO - --- validation at epoch 31, val_loss 0.0211, val_mae 0.1585, val_rmse 0.2045, val_r2 0.5348, val_pearson 0.8103, lr 1.00e-03 ---
2026-10-01 06:37:41,284 - INFO - 
****************************************************************************************************
2026-10-01 06:37:43,199 - INFO - --- training epoch 32, loss 0.0145, mae 0.1293, rmse 0.1701, time elapsed(min) 0.03---
2026-10-01 06:37:43,411 - INFO - --- validation at epoch 32, val_loss 0.0148, val_mae 0.1306, val_rmse 0.1718, val_r2 0.6718, val_pearson 0.8361, lr 1.00e-03 ---
2026-10-01 06:37:43,412 - INFO - 
****************************************************************************************************
2026-10-01 06:37:45,213 - INFO - --- training epoch 33, loss 0.0143, mae 0.1281, rmse 0.1694, time elapsed(min) 0.02---
2026-10-01 06:37:45,432 - INFO - --- validation at epoch 33, val_loss 0.0145, val_mae 0.1306, val_rmse 0.1716, val_r2 0.6723, val_pearson 0.8274, lr 1.00e-03 ---
2026-10-01 06:37:45,432 - INFO - 
****************************************************************************************************
2026-10-01 06:37:47,240 - INFO - --- training epoch 34, loss 0.0143, mae 0.1285, rmse 0.1693, time elapsed(min) 0.02---
2026-10-01 06:37:47,566 - INFO - --- validation at epoch 34, val_loss 0.0211, val_mae 0.1583, val_rmse 0.2048, val_r2 0.5334, val_pearson 0.8112, lr 1.00e-03 ---
2026-10-01 06:37:47,566 - INFO - 
****************************************************************************************************
2026-10-01 06:37:49,620 - INFO - --- training epoch 35, loss 0.0146, mae 0.1300, rmse 0.1708, time elapsed(min) 0.03---
2026-10-01 06:37:49,831 - INFO - --- validation at epoch 35, val_loss 0.0175, val_mae 0.1438, val_rmse 0.1867, val_r2 0.6122, val_pearson 0.8347, lr 1.00e-03 ---
2026-10-01 06:37:49,831 - INFO - 
****************************************************************************************************
2026-10-01 06:37:51,579 - INFO - --- training epoch 36, loss 0.0135, mae 0.1246, rmse 0.1640, time elapsed(min) 0.02---
2026-10-01 06:37:51,788 - INFO - --- validation at epoch 36, val_loss 0.0140, val_mae 0.1274, val_rmse 0.1664, val_r2 0.6919, val_pearson 0.8449, lr 1.00e-03 ---
2026-10-01 06:37:51,789 - INFO - 
****************************************************************************************************
2026-10-01 06:37:53,619 - INFO - --- training epoch 37, loss 0.0131, mae 0.1219, rmse 0.1619, time elapsed(min) 0.02---
2026-10-01 06:37:53,949 - INFO - --- validation at epoch 37, val_loss 0.0146, val_mae 0.1286, val_rmse 0.1670, val_r2 0.6895, val_pearson 0.8490, lr 1.00e-03 ---
2026-10-01 06:37:53,949 - INFO - 
****************************************************************************************************
2026-10-01 06:37:55,969 - INFO - --- training epoch 38, loss 0.0124, mae 0.1188, rmse 0.1574, time elapsed(min) 0.03---
2026-10-01 06:37:56,202 - INFO - --- validation at epoch 38, val_loss 0.0152, val_mae 0.1313, val_rmse 0.1736, val_r2 0.6645, val_pearson 0.8514, lr 1.00e-03 ---
2026-10-01 06:37:56,202 - INFO - 
****************************************************************************************************
2026-10-01 06:37:57,950 - INFO - --- training epoch 39, loss 0.0129, mae 0.1206, rmse 0.1603, time elapsed(min) 0.02---
2026-10-01 06:37:58,162 - INFO - --- validation at epoch 39, val_loss 0.0164, val_mae 0.1346, val_rmse 0.1814, val_r2 0.6337, val_pearson 0.8324, lr 1.00e-03 ---
2026-10-01 06:37:58,162 - INFO - 
****************************************************************************************************
2026-10-01 06:37:59,907 - INFO - --- training epoch 40, loss 0.0125, mae 0.1195, rmse 0.1581, time elapsed(min) 0.02---
2026-10-01 06:38:00,115 - INFO - --- validation at epoch 40, val_loss 0.0137, val_mae 0.1243, val_rmse 0.1653, val_r2 0.6960, val_pearson 0.8511, lr 1.00e-03 ---
2026-10-01 06:38:00,115 - INFO - 
****************************************************************************************************
2026-10-01 06:38:01,942 - INFO - --- training epoch 41, loss 0.0124, mae 0.1186, rmse 0.1573, time elapsed(min) 0.02---
2026-10-01 06:38:02,327 - INFO - --- validation at epoch 41, val_loss 0.0136, val_mae 0.1224, val_rmse 0.1622, val_r2 0.7073, val_pearson 0.8598, lr 1.00e-03 ---
2026-10-01 06:38:02,327 - INFO - 
****************************************************************************************************
2026-10-01 06:38:04,252 - INFO - --- training epoch 42, loss 0.0119, mae 0.1160, rmse 0.1544, time elapsed(min) 0.02---
2026-10-01 06:38:04,464 - INFO - --- validation at epoch 42, val_loss 0.0129, val_mae 0.1208, val_rmse 0.1609, val_r2 0.7120, val_pearson 0.8555, lr 1.00e-03 ---
2026-10-01 06:38:04,464 - INFO - 
****************************************************************************************************
2026-10-01 06:38:06,328 - INFO - --- training epoch 43, loss 0.0116, mae 0.1139, rmse 0.1522, time elapsed(min) 0.03---
2026-10-01 06:38:06,555 - INFO - --- validation at epoch 43, val_loss 0.0126, val_mae 0.1193, val_rmse 0.1601, val_r2 0.7149, val_pearson 0.8573, lr 1.00e-03 ---
2026-10-01 06:38:06,555 - INFO - 
****************************************************************************************************
2026-10-01 06:38:08,415 - INFO - --- training epoch 44, loss 0.0121, mae 0.1163, rmse 0.1557, time elapsed(min) 0.02---
2026-10-01 06:38:08,826 - INFO - --- validation at epoch 44, val_loss 0.0143, val_mae 0.1276, val_rmse 0.1687, val_r2 0.6832, val_pearson 0.8528, lr 1.00e-03 ---
2026-10-01 06:38:08,826 - INFO - 
****************************************************************************************************
2026-10-01 06:38:10,732 - INFO - --- training epoch 45, loss 0.0117, mae 0.1153, rmse 0.1531, time elapsed(min) 0.02---
2026-10-01 06:38:10,945 - INFO - --- validation at epoch 45, val_loss 0.0133, val_mae 0.1213, val_rmse 0.1650, val_r2 0.6971, val_pearson 0.8507, lr 1.00e-03 ---
2026-10-01 06:38:10,945 - INFO - 
****************************************************************************************************
2026-10-01 06:38:12,719 - INFO - --- training epoch 46, loss 0.0115, mae 0.1139, rmse 0.1517, time elapsed(min) 0.02---
2026-10-01 06:38:12,931 - INFO - --- validation at epoch 46, val_loss 0.0131, val_mae 0.1219, val_rmse 0.1633, val_r2 0.7034, val_pearson 0.8528, lr 1.00e-03 ---
2026-10-01 06:38:12,931 - INFO - 
****************************************************************************************************
2026-10-01 06:38:14,735 - INFO - --- training epoch 47, loss 0.0120, mae 0.1166, rmse 0.1549, time elapsed(min) 0.03---
2026-10-01 06:38:15,078 - INFO - --- validation at epoch 47, val_loss 0.0149, val_mae 0.1321, val_rmse 0.1719, val_r2 0.6713, val_pearson 0.8483, lr 1.00e-03 ---
2026-10-01 06:38:15,078 - INFO - 
****************************************************************************************************
2026-10-01 06:38:17,061 - INFO - --- training epoch 48, loss 0.0114, mae 0.1131, rmse 0.1512, time elapsed(min) 0.03---
2026-10-01 06:38:17,277 - INFO - --- validation at epoch 48, val_loss 0.0120, val_mae 0.1183, val_rmse 0.1562, val_r2 0.7286, val_pearson 0.8705, lr 1.00e-03 ---
2026-10-01 06:38:17,277 - INFO - 
****************************************************************************************************
2026-10-01 06:38:19,086 - INFO - --- training epoch 49, loss 0.0110, mae 0.1107, rmse 0.1484, time elapsed(min) 0.02---
2026-10-01 06:38:19,301 - INFO - --- validation at epoch 49, val_loss 0.0129, val_mae 0.1195, val_rmse 0.1601, val_r2 0.7147, val_pearson 0.8544, lr 1.00e-03 ---
2026-10-01 06:38:19,301 - INFO - 
****************************************************************************************************
2026-10-01 06:38:21,028 - INFO - --- training epoch 50, loss 0.0112, mae 0.1119, rmse 0.1499, time elapsed(min) 0.02---
2026-10-01 06:38:21,245 - INFO - --- validation at epoch 50, val_loss 0.0122, val_mae 0.1185, val_rmse 0.1576, val_r2 0.7234, val_pearson 0.8603, lr 1.00e-03 ---
2026-10-01 06:38:21,245 - INFO - 
****************************************************************************************************
2026-10-01 06:38:23,081 - INFO - --- training epoch 51, loss 0.0117, mae 0.1138, rmse 0.1527, time elapsed(min) 0.03---
2026-10-01 06:38:23,490 - INFO - --- validation at epoch 51, val_loss 0.0186, val_mae 0.1462, val_rmse 0.1941, val_r2 0.5809, val_pearson 0.8137, lr 1.00e-03 ---
2026-10-01 06:38:23,490 - INFO - 
****************************************************************************************************
2026-10-01 06:38:25,304 - INFO - --- training epoch 52, loss 0.0127, mae 0.1202, rmse 0.1591, time elapsed(min) 0.02---
2026-10-01 06:38:25,537 - INFO - --- validation at epoch 52, val_loss 0.0143, val_mae 0.1274, val_rmse 0.1701, val_r2 0.6780, val_pearson 0.8443, lr 1.00e-03 ---
2026-10-01 06:38:25,537 - INFO - 
****************************************************************************************************
2026-10-01 06:38:27,351 - INFO - --- training epoch 53, loss 0.0112, mae 0.1115, rmse 0.1499, time elapsed(min) 0.03---
2026-10-01 06:38:27,568 - INFO - --- validation at epoch 53, val_loss 0.0124, val_mae 0.1171, val_rmse 0.1559, val_r2 0.7297, val_pearson 0.8633, lr 1.00e-03 ---
2026-10-01 06:38:27,568 - INFO - 
****************************************************************************************************
2026-10-01 06:38:29,527 - INFO - --- training epoch 54, loss 0.0110, mae 0.1104, rmse 0.1480, time elapsed(min) 0.03---
2026-10-01 06:38:29,912 - INFO - --- validation at epoch 54, val_loss 0.0116, val_mae 0.1165, val_rmse 0.1541, val_r2 0.7357, val_pearson 0.8673, lr 1.00e-03 ---
2026-10-01 06:38:29,912 - INFO - 
****************************************************************************************************
2026-10-01 06:38:31,825 - INFO - --- training epoch 55, loss 0.0113, mae 0.1129, rmse 0.1507, time elapsed(min) 0.02---
2026-10-01 06:38:32,036 - INFO - --- validation at epoch 55, val_loss 0.0120, val_mae 0.1149, val_rmse 0.1537, val_r2 0.7371, val_pearson 0.8621, lr 1.00e-03 ---
2026-10-01 06:38:32,036 - INFO - 
****************************************************************************************************
2026-10-01 06:38:33,758 - INFO - --- training epoch 56, loss 0.0109, mae 0.1099, rmse 0.1479, time elapsed(min) 0.02---
2026-10-01 06:38:33,974 - INFO - --- validation at epoch 56, val_loss 0.0139, val_mae 0.1241, val_rmse 0.1671, val_r2 0.6894, val_pearson 0.8481, lr 1.00e-03 ---
2026-10-01 06:38:33,974 - INFO - 
****************************************************************************************************
2026-10-01 06:38:35,718 - INFO - --- training epoch 57, loss 0.0118, mae 0.1162, rmse 0.1539, time elapsed(min) 0.02---
2026-10-01 06:38:36,058 - INFO - --- validation at epoch 57, val_loss 0.0130, val_mae 0.1207, val_rmse 0.1619, val_r2 0.7082, val_pearson 0.8544, lr 1.00e-03 ---
2026-10-01 06:38:36,058 - INFO - 
****************************************************************************************************
2026-10-01 06:38:38,116 - INFO - --- training epoch 58, loss 0.0112, mae 0.1122, rmse 0.1496, time elapsed(min) 0.03---
2026-10-01 06:38:38,328 - INFO - --- validation at epoch 58, val_loss 0.0124, val_mae 0.1170, val_rmse 0.1550, val_r2 0.7325, val_pearson 0.8657, lr 1.00e-03 ---
2026-10-01 06:38:38,328 - INFO - 
****************************************************************************************************
2026-10-01 06:38:40,042 - INFO - --- training epoch 59, loss 0.0107, mae 0.1084, rmse 0.1462, time elapsed(min) 0.02---
2026-10-01 06:38:40,256 - INFO - --- validation at epoch 59, val_loss 0.0129, val_mae 0.1189, val_rmse 0.1586, val_r2 0.7200, val_pearson 0.8585, lr 1.00e-03 ---
2026-10-01 06:38:40,256 - INFO - 
****************************************************************************************************
2026-10-01 06:38:41,979 - INFO - --- training epoch 60, loss 0.0102, mae 0.1061, rmse 0.1429, time elapsed(min) 0.02---
2026-10-01 06:38:42,188 - INFO - --- validation at epoch 60, val_loss 0.0125, val_mae 0.1172, val_rmse 0.1575, val_r2 0.7239, val_pearson 0.8657, lr 1.00e-03 ---
2026-10-01 06:38:42,188 - INFO - 
****************************************************************************************************
2026-10-01 06:38:44,115 - INFO - --- training epoch 61, loss 0.0104, mae 0.1066, rmse 0.1445, time elapsed(min) 0.03---
2026-10-01 06:38:44,481 - INFO - --- validation at epoch 61, val_loss 0.0126, val_mae 0.1184, val_rmse 0.1563, val_r2 0.7282, val_pearson 0.8717, lr 1.00e-03 ---
2026-10-01 06:38:44,481 - INFO - 
****************************************************************************************************
2026-10-01 06:38:46,331 - INFO - --- training epoch 62, loss 0.0102, mae 0.1057, rmse 0.1427, time elapsed(min) 0.02---
2026-10-01 06:38:46,544 - INFO - --- validation at epoch 62, val_loss 0.0125, val_mae 0.1196, val_rmse 0.1565, val_r2 0.7275, val_pearson 0.8688, lr 1.00e-03 ---
2026-10-01 06:38:46,544 - INFO - 
****************************************************************************************************
2026-10-01 06:38:48,295 - INFO - --- training epoch 63, loss 0.0109, mae 0.1095, rmse 0.1474, time elapsed(min) 0.02---
2026-10-01 06:38:48,553 - INFO - --- validation at epoch 63, val_loss 0.0114, val_mae 0.1132, val_rmse 0.1509, val_r2 0.7467, val_pearson 0.8673, lr 1.00e-03 ---
2026-10-01 06:38:48,553 - INFO - 
****************************************************************************************************
2026-10-01 06:38:50,507 - INFO - --- training epoch 64, loss 0.0105, mae 0.1078, rmse 0.1452, time elapsed(min) 0.03---
2026-10-01 06:38:50,939 - INFO - --- validation at epoch 64, val_loss 0.0116, val_mae 0.1138, val_rmse 0.1536, val_r2 0.7376, val_pearson 0.8659, lr 1.00e-03 ---
2026-10-01 06:38:50,939 - INFO - 
****************************************************************************************************
2026-10-01 06:38:52,861 - INFO - --- training epoch 65, loss 0.0104, mae 0.1064, rmse 0.1439, time elapsed(min) 0.03---
2026-10-01 06:38:53,079 - INFO - --- validation at epoch 65, val_loss 0.0116, val_mae 0.1146, val_rmse 0.1534, val_r2 0.7381, val_pearson 0.8622, lr 1.00e-03 ---
2026-10-01 06:38:53,079 - INFO - 
****************************************************************************************************
2026-10-01 06:38:54,813 - INFO - --- training epoch 66, loss 0.0106, mae 0.1086, rmse 0.1457, time elapsed(min) 0.02---
2026-10-01 06:38:55,028 - INFO - --- validation at epoch 66, val_loss 0.0130, val_mae 0.1220, val_rmse 0.1611, val_r2 0.7113, val_pearson 0.8641, lr 1.00e-03 ---
2026-10-01 06:38:55,028 - INFO - 
****************************************************************************************************
2026-10-01 06:38:56,840 - INFO - --- training epoch 67, loss 0.0106, mae 0.1078, rmse 0.1456, time elapsed(min) 0.03---
2026-10-01 06:38:57,183 - INFO - --- validation at epoch 67, val_loss 0.0111, val_mae 0.1110, val_rmse 0.1488, val_r2 0.7536, val_pearson 0.8786, lr 1.00e-03 ---
2026-10-01 06:38:57,184 - INFO - 
****************************************************************************************************
2026-10-01 06:38:59,208 - INFO - --- training epoch 68, loss 0.0109, mae 0.1099, rmse 0.1474, time elapsed(min) 0.03---
2026-10-01 06:38:59,420 - INFO - --- validation at epoch 68, val_loss 0.0117, val_mae 0.1139, val_rmse 0.1537, val_r2 0.7370, val_pearson 0.8663, lr 1.00e-03 ---
2026-10-01 06:38:59,421 - INFO - 
****************************************************************************************************
2026-10-01 06:39:01,163 - INFO - --- training epoch 69, loss 0.0106, mae 0.1077, rmse 0.1454, time elapsed(min) 0.02---
2026-10-01 06:39:01,379 - INFO - --- validation at epoch 69, val_loss 0.0120, val_mae 0.1163, val_rmse 0.1560, val_r2 0.7290, val_pearson 0.8619, lr 1.00e-03 ---
2026-10-01 06:39:01,379 - INFO - 
****************************************************************************************************
2026-10-01 06:39:03,117 - INFO - --- training epoch 70, loss 0.0106, mae 0.1090, rmse 0.1454, time elapsed(min) 0.02---
2026-10-01 06:39:03,327 - INFO - --- validation at epoch 70, val_loss 0.0131, val_mae 0.1256, val_rmse 0.1645, val_r2 0.6989, val_pearson 0.8543, lr 1.00e-03 ---
2026-10-01 06:39:03,327 - INFO - 
****************************************************************************************************
2026-10-01 06:39:05,301 - INFO - --- training epoch 71, loss 0.0103, mae 0.1064, rmse 0.1433, time elapsed(min) 0.03---
2026-10-01 06:39:05,515 - INFO - --- validation at epoch 71, val_loss 0.0120, val_mae 0.1175, val_rmse 0.1537, val_r2 0.7371, val_pearson 0.8736, lr 1.00e-03 ---
2026-10-01 06:39:05,515 - INFO - 
****************************************************************************************************
2026-10-01 06:39:07,290 - INFO - --- training epoch 72, loss 0.0108, mae 0.1085, rmse 0.1469, time elapsed(min) 0.02---
2026-10-01 06:39:07,501 - INFO - --- validation at epoch 72, val_loss 0.0138, val_mae 0.1242, val_rmse 0.1612, val_r2 0.7109, val_pearson 0.8635, lr 1.00e-03 ---
2026-10-01 06:39:07,501 - INFO - 
****************************************************************************************************
2026-10-01 06:39:09,260 - INFO - --- training epoch 73, loss 0.0116, mae 0.1126, rmse 0.1525, time elapsed(min) 0.02---
2026-10-01 06:39:09,593 - INFO - --- validation at epoch 73, val_loss 0.0129, val_mae 0.1220, val_rmse 0.1608, val_r2 0.7122, val_pearson 0.8701, lr 1.00e-03 ---
2026-10-01 06:39:09,593 - INFO - 
****************************************************************************************************
2026-10-01 06:39:11,540 - INFO - --- training epoch 74, loss 0.0106, mae 0.1075, rmse 0.1456, time elapsed(min) 0.03---
2026-10-01 06:39:11,751 - INFO - --- validation at epoch 74, val_loss 0.0124, val_mae 0.1190, val_rmse 0.1561, val_r2 0.7289, val_pearson 0.8641, lr 1.00e-03 ---
2026-10-01 06:39:11,751 - INFO - 
****************************************************************************************************
2026-10-01 06:39:13,495 - INFO - --- training epoch 75, loss 0.0105, mae 0.1078, rmse 0.1449, time elapsed(min) 0.02---
2026-10-01 06:39:13,707 - INFO - --- validation at epoch 75, val_loss 0.0111, val_mae 0.1136, val_rmse 0.1472, val_r2 0.7590, val_pearson 0.8782, lr 1.00e-03 ---
2026-10-01 06:39:13,707 - INFO - 
****************************************************************************************************
2026-10-01 06:39:15,418 - INFO - --- training epoch 76, loss 0.0102, mae 0.1067, rmse 0.1426, time elapsed(min) 0.02---
2026-10-01 06:39:15,628 - INFO - --- validation at epoch 76, val_loss 0.0117, val_mae 0.1155, val_rmse 0.1507, val_r2 0.7474, val_pearson 0.8750, lr 1.00e-03 ---
2026-10-01 06:39:15,628 - INFO - 
****************************************************************************************************
2026-10-01 06:39:17,555 - INFO - --- training epoch 77, loss 0.0102, mae 0.1050, rmse 0.1430, time elapsed(min) 0.03---
2026-10-01 06:39:17,921 - INFO - --- validation at epoch 77, val_loss 0.0119, val_mae 0.1192, val_rmse 0.1527, val_r2 0.7405, val_pearson 0.8728, lr 1.00e-03 ---
2026-10-01 06:39:17,921 - INFO - 
****************************************************************************************************
2026-10-01 06:39:19,820 - INFO - --- training epoch 78, loss 0.0103, mae 0.1064, rmse 0.1433, time elapsed(min) 0.03---
2026-10-01 06:39:20,034 - INFO - --- validation at epoch 78, val_loss 0.0114, val_mae 0.1140, val_rmse 0.1496, val_r2 0.7510, val_pearson 0.8744, lr 1.00e-03 ---
2026-10-01 06:39:20,035 - INFO - 
****************************************************************************************************
2026-10-01 06:39:21,785 - INFO - --- training epoch 79, loss 0.0085, mae 0.0959, rmse 0.1305, time elapsed(min) 0.02---
2026-10-01 06:39:22,001 - INFO - --- validation at epoch 79, val_loss 0.0092, val_mae 0.1005, val_rmse 0.1363, val_r2 0.7934, val_pearson 0.8918, lr 3.00e-04 ---
2026-10-01 06:39:22,001 - INFO - 
****************************************************************************************************
2026-10-01 06:39:23,910 - INFO - --- training epoch 80, loss 0.0084, mae 0.0945, rmse 0.1298, time elapsed(min) 0.03---
2026-10-01 06:39:24,307 - INFO - --- validation at epoch 80, val_loss 0.0089, val_mae 0.1000, val_rmse 0.1349, val_r2 0.7974, val_pearson 0.8943, lr 3.00e-04 ---
2026-10-01 06:39:24,307 - INFO - 
****************************************************************************************************
2026-10-01 06:39:26,335 - INFO - --- training epoch 81, loss 0.0085, mae 0.0954, rmse 0.1303, time elapsed(min) 0.03---
2026-10-01 06:39:26,570 - INFO - --- validation at epoch 81, val_loss 0.0088, val_mae 0.0989, val_rmse 0.1342, val_r2 0.7997, val_pearson 0.8955, lr 3.00e-04 ---
2026-10-01 06:39:26,570 - INFO - 
****************************************************************************************************
2026-10-01 06:39:28,432 - INFO - --- training epoch 82, loss 0.0084, mae 0.0947, rmse 0.1297, time elapsed(min) 0.02---
2026-10-01 06:39:28,644 - INFO - --- validation at epoch 82, val_loss 0.0087, val_mae 0.0995, val_rmse 0.1334, val_r2 0.8019, val_pearson 0.8979, lr 3.00e-04 ---
2026-10-01 06:39:28,644 - INFO - 
****************************************************************************************************
2026-10-01 06:39:30,530 - INFO - --- training epoch 83, loss 0.0083, mae 0.0941, rmse 0.1292, time elapsed(min) 0.03---
2026-10-01 06:39:30,860 - INFO - --- validation at epoch 83, val_loss 0.0087, val_mae 0.1002, val_rmse 0.1336, val_r2 0.8014, val_pearson 0.8973, lr 3.00e-04 ---
2026-10-01 06:39:30,860 - INFO - 
****************************************************************************************************
2026-10-01 06:39:32,760 - INFO - --- training epoch 84, loss 0.0083, mae 0.0936, rmse 0.1288, time elapsed(min) 0.03---
2026-10-01 06:39:32,977 - INFO - --- validation at epoch 84, val_loss 0.0090, val_mae 0.1013, val_rmse 0.1348, val_r2 0.7977, val_pearson 0.8952, lr 3.00e-04 ---
2026-10-01 06:39:32,977 - INFO - 
****************************************************************************************************
2026-10-01 06:39:34,692 - INFO - --- training epoch 85, loss 0.0082, mae 0.0933, rmse 0.1281, time elapsed(min) 0.02---
2026-10-01 06:39:34,906 - INFO - --- validation at epoch 85, val_loss 0.0087, val_mae 0.0982, val_rmse 0.1335, val_r2 0.8017, val_pearson 0.8976, lr 3.00e-04 ---
2026-10-01 06:39:34,906 - INFO - 
****************************************************************************************************
2026-10-01 06:39:36,658 - INFO - --- training epoch 86, loss 0.0083, mae 0.0941, rmse 0.1291, time elapsed(min) 0.02---
2026-10-01 06:39:36,985 - INFO - --- validation at epoch 86, val_loss 0.0084, val_mae 0.0969, val_rmse 0.1325, val_r2 0.8046, val_pearson 0.8981, lr 3.00e-04 ---
2026-10-01 06:39:36,985 - INFO - 
****************************************************************************************************
2026-10-01 06:39:38,920 - INFO - --- training epoch 87, loss 0.0083, mae 0.0933, rmse 0.1285, time elapsed(min) 0.03---
2026-10-01 06:39:39,299 - INFO - --- validation at epoch 87, val_loss 0.0088, val_mae 0.0995, val_rmse 0.1340, val_r2 0.8002, val_pearson 0.8964, lr 3.00e-04 ---
2026-10-01 06:39:39,299 - INFO - 
****************************************************************************************************
2026-10-01 06:39:41,128 - INFO - --- training epoch 88, loss 0.0082, mae 0.0934, rmse 0.1279, time elapsed(min) 0.02---
2026-10-01 06:39:41,340 - INFO - --- validation at epoch 88, val_loss 0.0088, val_mae 0.0984, val_rmse 0.1332, val_r2 0.8026, val_pearson 0.8981, lr 3.00e-04 ---
2026-10-01 06:39:41,340 - INFO - 
****************************************************************************************************
2026-10-01 06:39:43,100 - INFO - --- training epoch 89, loss 0.0081, mae 0.0924, rmse 0.1271, time elapsed(min) 0.02---
2026-10-01 06:39:43,313 - INFO - --- validation at epoch 89, val_loss 0.0088, val_mae 0.0974, val_rmse 0.1342, val_r2 0.7996, val_pearson 0.8951, lr 3.00e-04 ---
2026-10-01 06:39:43,313 - INFO - 
****************************************************************************************************
2026-10-01 06:39:45,128 - INFO - --- training epoch 90, loss 0.0081, mae 0.0929, rmse 0.1276, time elapsed(min) 0.03---
2026-10-01 06:39:45,467 - INFO - --- validation at epoch 90, val_loss 0.0089, val_mae 0.0999, val_rmse 0.1347, val_r2 0.7980, val_pearson 0.8958, lr 3.00e-04 ---
2026-10-01 06:39:45,467 - INFO - 
****************************************************************************************************
2026-10-01 06:39:47,401 - INFO - --- training epoch 91, loss 0.0080, mae 0.0916, rmse 0.1263, time elapsed(min) 0.03---
2026-10-01 06:39:47,659 - INFO - --- validation at epoch 91, val_loss 0.0086, val_mae 0.0995, val_rmse 0.1332, val_r2 0.8025, val_pearson 0.8986, lr 3.00e-04 ---
2026-10-01 06:39:47,659 - INFO - 
****************************************************************************************************
2026-10-01 06:39:49,343 - INFO - --- training epoch 92, loss 0.0079, mae 0.0912, rmse 0.1259, time elapsed(min) 0.02---
2026-10-01 06:39:49,557 - INFO - --- validation at epoch 92, val_loss 0.0088, val_mae 0.0973, val_rmse 0.1339, val_r2 0.8006, val_pearson 0.8960, lr 3.00e-04 ---
2026-10-01 06:39:49,557 - INFO - 
****************************************************************************************************
2026-10-01 06:39:51,357 - INFO - --- training epoch 93, loss 0.0080, mae 0.0924, rmse 0.1267, time elapsed(min) 0.03---
2026-10-01 06:39:51,695 - INFO - --- validation at epoch 93, val_loss 0.0093, val_mae 0.1031, val_rmse 0.1374, val_r2 0.7900, val_pearson 0.8966, lr 3.00e-04 ---
2026-10-01 06:39:51,695 - INFO - 
****************************************************************************************************
2026-10-01 06:39:53,612 - INFO - --- training epoch 94, loss 0.0080, mae 0.0916, rmse 0.1264, time elapsed(min) 0.03---
2026-10-01 06:39:53,826 - INFO - --- validation at epoch 94, val_loss 0.0091, val_mae 0.1013, val_rmse 0.1359, val_r2 0.7945, val_pearson 0.8951, lr 3.00e-04 ---
2026-10-01 06:39:53,827 - INFO - 
****************************************************************************************************
2026-10-01 06:39:55,557 - INFO - --- training epoch 95, loss 0.0080, mae 0.0923, rmse 0.1269, time elapsed(min) 0.02---
2026-10-01 06:39:55,766 - INFO - --- validation at epoch 95, val_loss 0.0095, val_mae 0.1019, val_rmse 0.1369, val_r2 0.7915, val_pearson 0.8958, lr 3.00e-04 ---
2026-10-01 06:39:55,766 - INFO - 
****************************************************************************************************
2026-10-01 06:39:57,455 - INFO - --- training epoch 96, loss 0.0081, mae 0.0920, rmse 0.1270, time elapsed(min) 0.02---
2026-10-01 06:39:57,682 - INFO - --- validation at epoch 96, val_loss 0.0086, val_mae 0.0987, val_rmse 0.1345, val_r2 0.7986, val_pearson 0.8965, lr 3.00e-04 ---
2026-10-01 06:39:57,682 - INFO - 
****************************************************************************************************
2026-10-01 06:39:59,569 - INFO - --- training epoch 97, loss 0.0080, mae 0.0917, rmse 0.1268, time elapsed(min) 0.03---
2026-10-01 06:39:59,973 - INFO - --- validation at epoch 97, val_loss 0.0092, val_mae 0.1005, val_rmse 0.1362, val_r2 0.7934, val_pearson 0.8967, lr 3.00e-04 ---
2026-10-01 06:39:59,973 - INFO - 
****************************************************************************************************
2026-10-01 06:40:01,768 - INFO - --- training epoch 98, loss 0.0079, mae 0.0906, rmse 0.1254, time elapsed(min) 0.02---
2026-10-01 06:40:01,981 - INFO - --- validation at epoch 98, val_loss 0.0081, val_mae 0.0941, val_rmse 0.1285, val_r2 0.8162, val_pearson 0.9041, lr 9.00e-05 ---
2026-10-01 06:40:01,981 - INFO - 
****************************************************************************************************
2026-10-01 06:40:03,800 - INFO - --- training epoch 99, loss 0.0076, mae 0.0890, rmse 0.1231, time elapsed(min) 0.02---
2026-10-01 06:40:04,030 - INFO - --- validation at epoch 99, val_loss 0.0081, val_mae 0.0933, val_rmse 0.1281, val_r2 0.8173, val_pearson 0.9045, lr 9.00e-05 ---
2026-10-01 06:40:04,030 - INFO - 
****************************************************************************************************
2026-10-01 06:40:05,776 - INFO - --- training epoch 100, loss 0.0076, mae 0.0889, rmse 0.1230, time elapsed(min) 0.02---
2026-10-01 06:40:06,120 - INFO - --- validation at epoch 100, val_loss 0.0082, val_mae 0.0939, val_rmse 0.1284, val_r2 0.8165, val_pearson 0.9039, lr 9.00e-05 ---
2026-10-01 06:40:06,120 - INFO - 
****************************************************************************************************
2026-10-01 06:40:08,078 - INFO - --- training epoch 101, loss 0.0075, mae 0.0878, rmse 0.1225, time elapsed(min) 0.03---
2026-10-01 06:40:08,296 - INFO - --- validation at epoch 101, val_loss 0.0080, val_mae 0.0933, val_rmse 0.1275, val_r2 0.8190, val_pearson 0.9052, lr 9.00e-05 ---
2026-10-01 06:40:08,296 - INFO - 
****************************************************************************************************
2026-10-01 06:40:10,148 - INFO - --- training epoch 102, loss 0.0074, mae 0.0878, rmse 0.1219, time elapsed(min) 0.02---
2026-10-01 06:40:10,360 - INFO - --- validation at epoch 102, val_loss 0.0080, val_mae 0.0929, val_rmse 0.1275, val_r2 0.8192, val_pearson 0.9052, lr 9.00e-05 ---
2026-10-01 06:40:10,360 - INFO - 
****************************************************************************************************
2026-10-01 06:40:12,110 - INFO - --- training epoch 103, loss 0.0077, mae 0.0888, rmse 0.1242, time elapsed(min) 0.02---
2026-10-01 06:40:12,449 - INFO - --- validation at epoch 103, val_loss 0.0080, val_mae 0.0932, val_rmse 0.1274, val_r2 0.8194, val_pearson 0.9056, lr 9.00e-05 ---
2026-10-01 06:40:12,449 - INFO - 
****************************************************************************************************
2026-10-01 06:40:14,360 - INFO - --- training epoch 104, loss 0.0074, mae 0.0875, rmse 0.1219, time elapsed(min) 0.03---
2026-10-01 06:40:14,575 - INFO - --- validation at epoch 104, val_loss 0.0081, val_mae 0.0935, val_rmse 0.1280, val_r2 0.8177, val_pearson 0.9046, lr 9.00e-05 ---
2026-10-01 06:40:14,575 - INFO - 
****************************************************************************************************
2026-10-01 06:40:16,289 - INFO - --- training epoch 105, loss 0.0076, mae 0.0885, rmse 0.1233, time elapsed(min) 0.02---
2026-10-01 06:40:16,502 - INFO - --- validation at epoch 105, val_loss 0.0081, val_mae 0.0937, val_rmse 0.1285, val_r2 0.8163, val_pearson 0.9035, lr 9.00e-05 ---
2026-10-01 06:40:16,502 - INFO - 
****************************************************************************************************
2026-10-01 06:40:18,238 - INFO - --- training epoch 106, loss 0.0075, mae 0.0879, rmse 0.1225, time elapsed(min) 0.02---
2026-10-01 06:40:18,452 - INFO - --- validation at epoch 106, val_loss 0.0082, val_mae 0.0941, val_rmse 0.1286, val_r2 0.8160, val_pearson 0.9034, lr 9.00e-05 ---
2026-10-01 06:40:18,452 - INFO - 
****************************************************************************************************
2026-10-01 06:40:20,282 - INFO - --- training epoch 107, loss 0.0075, mae 0.0881, rmse 0.1223, time elapsed(min) 0.03---
2026-10-01 06:40:20,777 - INFO - --- validation at epoch 107, val_loss 0.0082, val_mae 0.0938, val_rmse 0.1291, val_r2 0.8146, val_pearson 0.9039, lr 9.00e-05 ---
2026-10-01 06:40:20,778 - INFO - 
****************************************************************************************************
2026-10-01 06:40:22,500 - INFO - --- training epoch 108, loss 0.0075, mae 0.0886, rmse 0.1228, time elapsed(min) 0.02---
2026-10-01 06:40:22,735 - INFO - --- validation at epoch 108, val_loss 0.0082, val_mae 0.0936, val_rmse 0.1285, val_r2 0.8162, val_pearson 0.9039, lr 9.00e-05 ---
2026-10-01 06:40:22,735 - INFO - 
****************************************************************************************************
2026-10-01 06:40:24,478 - INFO - --- training epoch 109, loss 0.0075, mae 0.0886, rmse 0.1222, time elapsed(min) 0.02---
2026-10-01 06:40:24,694 - INFO - --- validation at epoch 109, val_loss 0.0081, val_mae 0.0924, val_rmse 0.1277, val_r2 0.8185, val_pearson 0.9052, lr 9.00e-05 ---
2026-10-01 06:40:24,694 - INFO - 
****************************************************************************************************
2026-10-01 06:40:26,481 - INFO - --- training epoch 110, loss 0.0075, mae 0.0883, rmse 0.1228, time elapsed(min) 0.03---
2026-10-01 06:40:26,891 - INFO - --- validation at epoch 110, val_loss 0.0081, val_mae 0.0934, val_rmse 0.1284, val_r2 0.8166, val_pearson 0.9039, lr 9.00e-05 ---
2026-10-01 06:40:26,892 - INFO - 
****************************************************************************************************
2026-10-01 06:40:28,712 - INFO - --- training epoch 111, loss 0.0074, mae 0.0877, rmse 0.1217, time elapsed(min) 0.02---
2026-10-01 06:40:28,924 - INFO - --- validation at epoch 111, val_loss 0.0080, val_mae 0.0928, val_rmse 0.1272, val_r2 0.8198, val_pearson 0.9057, lr 9.00e-05 ---
2026-10-01 06:40:28,924 - INFO - 
****************************************************************************************************
2026-10-01 06:40:30,743 - INFO - --- training epoch 112, loss 0.0076, mae 0.0887, rmse 0.1229, time elapsed(min) 0.02---
2026-10-01 06:40:30,958 - INFO - --- validation at epoch 112, val_loss 0.0080, val_mae 0.0927, val_rmse 0.1272, val_r2 0.8200, val_pearson 0.9058, lr 9.00e-05 ---
2026-10-01 06:40:30,959 - INFO - 
****************************************************************************************************
2026-10-01 06:40:32,777 - INFO - --- training epoch 113, loss 0.0074, mae 0.0872, rmse 0.1216, time elapsed(min) 0.03---
2026-10-01 06:40:33,147 - INFO - --- validation at epoch 113, val_loss 0.0082, val_mae 0.0936, val_rmse 0.1283, val_r2 0.8170, val_pearson 0.9042, lr 9.00e-05 ---
2026-10-01 06:40:33,147 - INFO - 
****************************************************************************************************
2026-10-01 06:40:35,051 - INFO - --- training epoch 114, loss 0.0075, mae 0.0876, rmse 0.1225, time elapsed(min) 0.03---
2026-10-01 06:40:35,262 - INFO - --- validation at epoch 114, val_loss 0.0081, val_mae 0.0935, val_rmse 0.1280, val_r2 0.8177, val_pearson 0.9047, lr 9.00e-05 ---
2026-10-01 06:40:35,262 - INFO - 
****************************************************************************************************
2026-10-01 06:40:36,981 - INFO - --- training epoch 115, loss 0.0075, mae 0.0882, rmse 0.1226, time elapsed(min) 0.02---
2026-10-01 06:40:37,194 - INFO - --- validation at epoch 115, val_loss 0.0082, val_mae 0.0941, val_rmse 0.1288, val_r2 0.8154, val_pearson 0.9031, lr 9.00e-05 ---
2026-10-01 06:40:37,194 - INFO - 
****************************************************************************************************
2026-10-01 06:40:38,946 - INFO - --- training epoch 116, loss 0.0076, mae 0.0888, rmse 0.1232, time elapsed(min) 0.02---
2026-10-01 06:40:39,276 - INFO - --- validation at epoch 116, val_loss 0.0080, val_mae 0.0924, val_rmse 0.1267, val_r2 0.8213, val_pearson 0.9064, lr 9.00e-05 ---
2026-10-01 06:40:39,276 - INFO - 
****************************************************************************************************
2026-10-01 06:40:41,135 - INFO - --- training epoch 117, loss 0.0074, mae 0.0870, rmse 0.1214, time elapsed(min) 0.03---
2026-10-01 06:40:41,605 - INFO - --- validation at epoch 117, val_loss 0.0079, val_mae 0.0924, val_rmse 0.1266, val_r2 0.8218, val_pearson 0.9067, lr 9.00e-05 ---
2026-10-01 06:40:41,605 - INFO - 
****************************************************************************************************
2026-10-01 06:40:43,591 - INFO - --- training epoch 118, loss 0.0076, mae 0.0882, rmse 0.1230, time elapsed(min) 0.03---
2026-10-01 06:40:43,806 - INFO - --- validation at epoch 118, val_loss 0.0081, val_mae 0.0928, val_rmse 0.1274, val_r2 0.8193, val_pearson 0.9059, lr 9.00e-05 ---
2026-10-01 06:40:43,806 - INFO - 
****************************************************************************************************
2026-10-01 06:40:45,531 - INFO - --- training epoch 119, loss 0.0076, mae 0.0888, rmse 0.1229, time elapsed(min) 0.02---
2026-10-01 06:40:45,744 - INFO - --- validation at epoch 119, val_loss 0.0081, val_mae 0.0933, val_rmse 0.1276, val_r2 0.8188, val_pearson 0.9054, lr 9.00e-05 ---
2026-10-01 06:40:45,744 - INFO - 
****************************************************************************************************
2026-10-01 06:40:47,474 - INFO - --- training epoch 120, loss 0.0075, mae 0.0888, rmse 0.1226, time elapsed(min) 0.02---
2026-10-01 06:40:47,855 - INFO - --- validation at epoch 120, val_loss 0.0079, val_mae 0.0921, val_rmse 0.1270, val_r2 0.8206, val_pearson 0.9068, lr 9.00e-05 ---
2026-10-01 06:40:47,855 - INFO - 
****************************************************************************************************
2026-10-01 06:40:49,738 - INFO - --- training epoch 121, loss 0.0075, mae 0.0885, rmse 0.1224, time elapsed(min) 0.02---
2026-10-01 06:40:49,952 - INFO - --- validation at epoch 121, val_loss 0.0082, val_mae 0.0932, val_rmse 0.1284, val_r2 0.8164, val_pearson 0.9050, lr 9.00e-05 ---
2026-10-01 06:40:49,952 - INFO - 
****************************************************************************************************
2026-10-01 06:40:51,678 - INFO - --- training epoch 122, loss 0.0075, mae 0.0886, rmse 0.1224, time elapsed(min) 0.02---
2026-10-01 06:40:51,887 - INFO - --- validation at epoch 122, val_loss 0.0081, val_mae 0.0925, val_rmse 0.1277, val_r2 0.8186, val_pearson 0.9055, lr 9.00e-05 ---
2026-10-01 06:40:51,887 - INFO - 
****************************************************************************************************
2026-10-01 06:40:53,636 - INFO - --- training epoch 123, loss 0.0074, mae 0.0873, rmse 0.1213, time elapsed(min) 0.02---
2026-10-01 06:40:54,007 - INFO - --- validation at epoch 123, val_loss 0.0079, val_mae 0.0924, val_rmse 0.1271, val_r2 0.8203, val_pearson 0.9058, lr 9.00e-05 ---
2026-10-01 06:40:54,007 - INFO - 
****************************************************************************************************
2026-10-01 06:40:56,012 - INFO - --- training epoch 124, loss 0.0075, mae 0.0879, rmse 0.1222, time elapsed(min) 0.03---
2026-10-01 06:40:56,225 - INFO - --- validation at epoch 124, val_loss 0.0079, val_mae 0.0913, val_rmse 0.1266, val_r2 0.8216, val_pearson 0.9072, lr 9.00e-05 ---
2026-10-01 06:40:56,225 - INFO - 
****************************************************************************************************
2026-10-01 06:40:58,108 - INFO - --- training epoch 125, loss 0.0076, mae 0.0876, rmse 0.1229, time elapsed(min) 0.03---
2026-10-01 06:40:58,323 - INFO - --- validation at epoch 125, val_loss 0.0082, val_mae 0.0938, val_rmse 0.1288, val_r2 0.8154, val_pearson 0.9031, lr 9.00e-05 ---
2026-10-01 06:40:58,323 - INFO - 
****************************************************************************************************
2026-10-01 06:41:00,062 - INFO - --- training epoch 126, loss 0.0075, mae 0.0885, rmse 0.1222, time elapsed(min) 0.02---
2026-10-01 06:41:00,389 - INFO - --- validation at epoch 126, val_loss 0.0081, val_mae 0.0933, val_rmse 0.1277, val_r2 0.8185, val_pearson 0.9049, lr 9.00e-05 ---
2026-10-01 06:41:00,389 - INFO - 
****************************************************************************************************
2026-10-01 06:41:02,205 - INFO - --- training epoch 127, loss 0.0075, mae 0.0883, rmse 0.1226, time elapsed(min) 0.03---
2026-10-01 06:41:02,570 - INFO - --- validation at epoch 127, val_loss 0.0082, val_mae 0.0933, val_rmse 0.1286, val_r2 0.8160, val_pearson 0.9037, lr 9.00e-05 ---
2026-10-01 06:41:02,570 - INFO - 
****************************************************************************************************
2026-10-01 06:41:04,393 - INFO - --- training epoch 128, loss 0.0073, mae 0.0877, rmse 0.1207, time elapsed(min) 0.02---
2026-10-01 06:41:04,605 - INFO - --- validation at epoch 128, val_loss 0.0080, val_mae 0.0917, val_rmse 0.1266, val_r2 0.8216, val_pearson 0.9070, lr 9.00e-05 ---
2026-10-01 06:41:04,605 - INFO - 
****************************************************************************************************
2026-10-01 06:41:06,310 - INFO - --- training epoch 129, loss 0.0074, mae 0.0875, rmse 0.1218, time elapsed(min) 0.02---
2026-10-01 06:41:06,521 - INFO - --- validation at epoch 129, val_loss 0.0078, val_mae 0.0913, val_rmse 0.1253, val_r2 0.8252, val_pearson 0.9084, lr 9.00e-05 ---
2026-10-01 06:41:06,521 - INFO - 
****************************************************************************************************
2026-10-01 06:41:08,428 - INFO - --- training epoch 130, loss 0.0074, mae 0.0876, rmse 0.1218, time elapsed(min) 0.03---
2026-10-01 06:41:08,761 - INFO - --- validation at epoch 130, val_loss 0.0081, val_mae 0.0928, val_rmse 0.1274, val_r2 0.8193, val_pearson 0.9058, lr 9.00e-05 ---
2026-10-01 06:41:08,762 - INFO - 
****************************************************************************************************
2026-10-01 06:41:10,706 - INFO - --- training epoch 131, loss 0.0074, mae 0.0873, rmse 0.1215, time elapsed(min) 0.03---
2026-10-01 06:41:10,922 - INFO - --- validation at epoch 131, val_loss 0.0078, val_mae 0.0909, val_rmse 0.1254, val_r2 0.8251, val_pearson 0.9090, lr 9.00e-05 ---
2026-10-01 06:41:10,922 - INFO - 
****************************************************************************************************
2026-10-01 06:41:12,672 - INFO - --- training epoch 132, loss 0.0072, mae 0.0856, rmse 0.1197, time elapsed(min) 0.02---
2026-10-01 06:41:12,886 - INFO - --- validation at epoch 132, val_loss 0.0079, val_mae 0.0916, val_rmse 0.1263, val_r2 0.8224, val_pearson 0.9070, lr 9.00e-05 ---
2026-10-01 06:41:12,886 - INFO - 
****************************************************************************************************
2026-10-01 06:41:14,706 - INFO - --- training epoch 133, loss 0.0073, mae 0.0867, rmse 0.1208, time elapsed(min) 0.03---
2026-10-01 06:41:15,037 - INFO - --- validation at epoch 133, val_loss 0.0080, val_mae 0.0922, val_rmse 0.1270, val_r2 0.8205, val_pearson 0.9065, lr 9.00e-05 ---
2026-10-01 06:41:15,037 - INFO - 
****************************************************************************************************
2026-10-01 06:41:16,967 - INFO - --- training epoch 134, loss 0.0073, mae 0.0868, rmse 0.1209, time elapsed(min) 0.03---
2026-10-01 06:41:17,178 - INFO - --- validation at epoch 134, val_loss 0.0080, val_mae 0.0918, val_rmse 0.1267, val_r2 0.8213, val_pearson 0.9069, lr 9.00e-05 ---
2026-10-01 06:41:17,178 - INFO - 
****************************************************************************************************
2026-10-01 06:41:18,919 - INFO - --- training epoch 135, loss 0.0073, mae 0.0865, rmse 0.1206, time elapsed(min) 0.02---
2026-10-01 06:41:19,129 - INFO - --- validation at epoch 135, val_loss 0.0079, val_mae 0.0920, val_rmse 0.1259, val_r2 0.8237, val_pearson 0.9076, lr 9.00e-05 ---
2026-10-01 06:41:19,129 - INFO - 
****************************************************************************************************
2026-10-01 06:41:20,922 - INFO - --- training epoch 136, loss 0.0073, mae 0.0871, rmse 0.1212, time elapsed(min) 0.03---
2026-10-01 06:41:21,260 - INFO - --- validation at epoch 136, val_loss 0.0078, val_mae 0.0911, val_rmse 0.1257, val_r2 0.8241, val_pearson 0.9078, lr 9.00e-05 ---
2026-10-01 06:41:21,260 - INFO - 
****************************************************************************************************
2026-10-01 06:41:23,320 - INFO - --- training epoch 137, loss 0.0072, mae 0.0865, rmse 0.1197, time elapsed(min) 0.03---
2026-10-01 06:41:23,531 - INFO - --- validation at epoch 137, val_loss 0.0080, val_mae 0.0920, val_rmse 0.1262, val_r2 0.8229, val_pearson 0.9073, lr 9.00e-05 ---
2026-10-01 06:41:23,531 - INFO - 
****************************************************************************************************
2026-10-01 06:41:25,249 - INFO - --- training epoch 138, loss 0.0073, mae 0.0869, rmse 0.1207, time elapsed(min) 0.02---
2026-10-01 06:41:25,460 - INFO - --- validation at epoch 138, val_loss 0.0081, val_mae 0.0923, val_rmse 0.1270, val_r2 0.8205, val_pearson 0.9061, lr 9.00e-05 ---
2026-10-01 06:41:25,460 - INFO - 
****************************************************************************************************
2026-10-01 06:41:27,259 - INFO - --- training epoch 139, loss 0.0072, mae 0.0869, rmse 0.1204, time elapsed(min) 0.03---
2026-10-01 06:41:27,588 - INFO - --- validation at epoch 139, val_loss 0.0079, val_mae 0.0920, val_rmse 0.1259, val_r2 0.8237, val_pearson 0.9078, lr 9.00e-05 ---
2026-10-01 06:41:27,588 - INFO - 
****************************************************************************************************
2026-10-01 06:41:29,408 - INFO - --- training epoch 140, loss 0.0074, mae 0.0871, rmse 0.1214, time elapsed(min) 0.03---
2026-10-01 06:41:29,821 - INFO - --- validation at epoch 140, val_loss 0.0078, val_mae 0.0910, val_rmse 0.1251, val_r2 0.8259, val_pearson 0.9090, lr 9.00e-05 ---
2026-10-01 06:41:29,821 - INFO - 
****************************************************************************************************
2026-10-01 06:41:31,724 - INFO - --- training epoch 141, loss 0.0076, mae 0.0885, rmse 0.1230, time elapsed(min) 0.03---
2026-10-01 06:41:31,942 - INFO - --- validation at epoch 141, val_loss 0.0079, val_mae 0.0917, val_rmse 0.1260, val_r2 0.8232, val_pearson 0.9075, lr 9.00e-05 ---
2026-10-01 06:41:31,942 - INFO - 
****************************************************************************************************
2026-10-01 06:41:33,657 - INFO - --- training epoch 142, loss 0.0071, mae 0.0858, rmse 0.1190, time elapsed(min) 0.02---
2026-10-01 06:41:33,870 - INFO - --- validation at epoch 142, val_loss 0.0082, val_mae 0.0936, val_rmse 0.1278, val_r2 0.8183, val_pearson 0.9046, lr 9.00e-05 ---
2026-10-01 06:41:33,870 - INFO - 
****************************************************************************************************
2026-10-01 06:41:35,690 - INFO - --- training epoch 143, loss 0.0073, mae 0.0871, rmse 0.1208, time elapsed(min) 0.03---
2026-10-01 06:41:36,076 - INFO - --- validation at epoch 143, val_loss 0.0079, val_mae 0.0919, val_rmse 0.1263, val_r2 0.8226, val_pearson 0.9070, lr 9.00e-05 ---
2026-10-01 06:41:36,076 - INFO - 
****************************************************************************************************
2026-10-01 06:41:37,911 - INFO - --- training epoch 144, loss 0.0073, mae 0.0866, rmse 0.1210, time elapsed(min) 0.02---
2026-10-01 06:41:38,140 - INFO - --- validation at epoch 144, val_loss 0.0081, val_mae 0.0920, val_rmse 0.1267, val_r2 0.8213, val_pearson 0.9067, lr 9.00e-05 ---
2026-10-01 06:41:38,140 - INFO - 
****************************************************************************************************
2026-10-01 06:41:40,026 - INFO - --- training epoch 145, loss 0.0072, mae 0.0858, rmse 0.1198, time elapsed(min) 0.03---
2026-10-01 06:41:40,237 - INFO - --- validation at epoch 145, val_loss 0.0080, val_mae 0.0922, val_rmse 0.1265, val_r2 0.8218, val_pearson 0.9067, lr 9.00e-05 ---
2026-10-01 06:41:40,237 - INFO - 
****************************************************************************************************
2026-10-01 06:41:42,043 - INFO - --- training epoch 146, loss 0.0072, mae 0.0860, rmse 0.1197, time elapsed(min) 0.03---
2026-10-01 06:41:42,378 - INFO - --- validation at epoch 146, val_loss 0.0079, val_mae 0.0914, val_rmse 0.1264, val_r2 0.8223, val_pearson 0.9078, lr 9.00e-05 ---
2026-10-01 06:41:42,378 - INFO - 
****************************************************************************************************
2026-10-01 06:41:44,301 - INFO - --- training epoch 147, loss 0.0073, mae 0.0868, rmse 0.1209, time elapsed(min) 0.03---
2026-10-01 06:41:44,516 - INFO - --- validation at epoch 147, val_loss 0.0079, val_mae 0.0912, val_rmse 0.1252, val_r2 0.8255, val_pearson 0.9088, lr 9.00e-05 ---
2026-10-01 06:41:44,516 - INFO - 
****************************************************************************************************
2026-10-01 06:41:46,245 - INFO - --- training epoch 148, loss 0.0070, mae 0.0854, rmse 0.1187, time elapsed(min) 0.02---
2026-10-01 06:41:46,461 - INFO - --- validation at epoch 148, val_loss 0.0084, val_mae 0.0936, val_rmse 0.1275, val_r2 0.8191, val_pearson 0.9059, lr 2.70e-05 ---
2026-10-01 06:41:46,461 - INFO - 
****************************************************************************************************
2026-10-01 06:41:48,231 - INFO - --- training epoch 149, loss 0.0069, mae 0.0847, rmse 0.1174, time elapsed(min) 0.02---
2026-10-01 06:41:48,555 - INFO - --- validation at epoch 149, val_loss 0.0081, val_mae 0.0923, val_rmse 0.1253, val_r2 0.8252, val_pearson 0.9092, lr 2.70e-05 ---
2026-10-01 06:41:48,556 - INFO - 
****************************************************************************************************
2026-10-01 06:41:50,347 - INFO - --- training epoch 150, loss 0.0070, mae 0.0846, rmse 0.1180, time elapsed(min) 0.03---
2026-10-01 06:41:50,851 - INFO - --- validation at epoch 150, val_loss 0.0082, val_mae 0.0932, val_rmse 0.1264, val_r2 0.8222, val_pearson 0.9082, lr 2.70e-05 ---
2026-10-01 06:41:50,851 - INFO - 
****************************************************************************************************
2026-10-01 06:41:52,561 - INFO - --- training epoch 151, loss 0.0070, mae 0.0853, rmse 0.1186, time elapsed(min) 0.02---
2026-10-01 06:41:52,771 - INFO - --- validation at epoch 151, val_loss 0.0081, val_mae 0.0920, val_rmse 0.1256, val_r2 0.8245, val_pearson 0.9085, lr 2.70e-05 ---
2026-10-01 06:41:52,771 - INFO - 
****************************************************************************************************
2026-10-01 06:41:54,580 - INFO - --- training epoch 152, loss 0.0069, mae 0.0841, rmse 0.1174, time elapsed(min) 0.03---
2026-10-01 06:41:54,793 - INFO - --- validation at epoch 152, val_loss 0.0080, val_mae 0.0918, val_rmse 0.1251, val_r2 0.8259, val_pearson 0.9094, lr 2.70e-05 ---
2026-10-01 06:41:54,793 - INFO - 
****************************************************************************************************
2026-10-01 06:41:56,512 - INFO - --- training epoch 153, loss 0.0070, mae 0.0853, rmse 0.1182, time elapsed(min) 0.02---
2026-10-01 06:41:56,896 - INFO - --- validation at epoch 153, val_loss 0.0082, val_mae 0.0928, val_rmse 0.1261, val_r2 0.8229, val_pearson 0.9082, lr 2.70e-05 ---
2026-10-01 06:41:56,896 - INFO - 
****************************************************************************************************
2026-10-01 06:41:58,721 - INFO - --- training epoch 154, loss 0.0070, mae 0.0851, rmse 0.1180, time elapsed(min) 0.02---
2026-10-01 06:41:58,948 - INFO - --- validation at epoch 154, val_loss 0.0083, val_mae 0.0931, val_rmse 0.1265, val_r2 0.8219, val_pearson 0.9074, lr 2.70e-05 ---
2026-10-01 06:41:58,948 - INFO - 
****************************************************************************************************
2026-10-01 06:42:00,708 - INFO - --- training epoch 155, loss 0.0068, mae 0.0839, rmse 0.1170, time elapsed(min) 0.02---
2026-10-01 06:42:00,945 - INFO - --- validation at epoch 155, val_loss 0.0081, val_mae 0.0924, val_rmse 0.1258, val_r2 0.8239, val_pearson 0.9083, lr 2.70e-05 ---
2026-10-01 06:42:00,945 - INFO - 
****************************************************************************************************
2026-10-01 06:42:02,686 - INFO - --- training epoch 156, loss 0.0069, mae 0.0846, rmse 0.1179, time elapsed(min) 0.02---
2026-10-01 06:42:03,031 - INFO - --- validation at epoch 156, val_loss 0.0082, val_mae 0.0925, val_rmse 0.1262, val_r2 0.8229, val_pearson 0.9079, lr 2.70e-05 ---
2026-10-01 06:42:03,031 - INFO - 
****************************************************************************************************
2026-10-01 06:42:04,986 - INFO - --- training epoch 157, loss 0.0068, mae 0.0839, rmse 0.1168, time elapsed(min) 0.03---
2026-10-01 06:42:05,213 - INFO - --- validation at epoch 157, val_loss 0.0081, val_mae 0.0923, val_rmse 0.1256, val_r2 0.8245, val_pearson 0.9086, lr 2.70e-05 ---
2026-10-01 06:42:05,213 - INFO - 
****************************************************************************************************
2026-10-01 06:42:06,965 - INFO - --- training epoch 158, loss 0.0068, mae 0.0837, rmse 0.1166, time elapsed(min) 0.02---
2026-10-01 06:42:07,180 - INFO - --- validation at epoch 158, val_loss 0.0082, val_mae 0.0919, val_rmse 0.1257, val_r2 0.8242, val_pearson 0.9082, lr 2.70e-05 ---
2026-10-01 06:42:07,180 - INFO - 
****************************************************************************************************
2026-10-01 06:42:08,920 - INFO - --- training epoch 159, loss 0.0068, mae 0.0844, rmse 0.1169, time elapsed(min) 0.02---
2026-10-01 06:42:09,181 - INFO - --- validation at epoch 159, val_loss 0.0081, val_mae 0.0921, val_rmse 0.1255, val_r2 0.8246, val_pearson 0.9087, lr 8.10e-06 ---
2026-10-01 06:42:09,181 - INFO - 
****************************************************************************************************
2026-10-01 06:42:10,990 - INFO - --- training epoch 160, loss 0.0070, mae 0.0845, rmse 0.1179, time elapsed(min) 0.03---
2026-10-01 06:42:11,356 - INFO - --- validation at epoch 160, val_loss 0.0081, val_mae 0.0918, val_rmse 0.1252, val_r2 0.8256, val_pearson 0.9094, lr 8.10e-06 ---
2026-10-01 06:42:11,356 - INFO - 
****************************************************************************************************
2026-10-01 06:42:13,187 - INFO - --- training epoch 161, loss 0.0067, mae 0.0836, rmse 0.1160, time elapsed(min) 0.02---
2026-10-01 06:42:13,397 - INFO - --- validation at epoch 161, val_loss 0.0081, val_mae 0.0919, val_rmse 0.1254, val_r2 0.8251, val_pearson 0.9091, lr 8.10e-06 ---
2026-10-01 06:42:13,397 - INFO - 
****************************************************************************************************
2026-10-01 06:42:15,169 - INFO - --- training epoch 162, loss 0.0068, mae 0.0832, rmse 0.1165, time elapsed(min) 0.02---
2026-10-01 06:42:15,382 - INFO - --- validation at epoch 162, val_loss 0.0081, val_mae 0.0921, val_rmse 0.1254, val_r2 0.8249, val_pearson 0.9088, lr 8.10e-06 ---
2026-10-01 06:42:15,383 - INFO - 
****************************************************************************************************
2026-10-01 06:42:17,110 - INFO - --- training epoch 163, loss 0.0069, mae 0.0841, rmse 0.1174, time elapsed(min) 0.02---
2026-10-01 06:42:17,501 - INFO - --- validation at epoch 163, val_loss 0.0081, val_mae 0.0918, val_rmse 0.1252, val_r2 0.8255, val_pearson 0.9092, lr 8.10e-06 ---
2026-10-01 06:42:17,501 - INFO - 
****************************************************************************************************
2026-10-01 06:42:19,401 - INFO - --- training epoch 164, loss 0.0068, mae 0.0839, rmse 0.1170, time elapsed(min) 0.03---
2026-10-01 06:42:19,659 - INFO - --- validation at epoch 164, val_loss 0.0081, val_mae 0.0921, val_rmse 0.1255, val_r2 0.8247, val_pearson 0.9088, lr 8.10e-06 ---
2026-10-01 06:42:19,659 - INFO - 
****************************************************************************************************
2026-10-01 06:42:21,399 - INFO - --- training epoch 165, loss 0.0070, mae 0.0846, rmse 0.1180, time elapsed(min) 0.02---
2026-10-01 06:42:21,610 - INFO - --- validation at epoch 165, val_loss 0.0081, val_mae 0.0921, val_rmse 0.1255, val_r2 0.8246, val_pearson 0.9088, lr 8.10e-06 ---
2026-10-01 06:42:21,610 - INFO - 
****************************************************************************************************
2026-10-01 06:42:23,361 - INFO - --- training epoch 166, loss 0.0067, mae 0.0837, rmse 0.1159, time elapsed(min) 0.02---
2026-10-01 06:42:23,709 - INFO - --- validation at epoch 166, val_loss 0.0081, val_mae 0.0917, val_rmse 0.1251, val_r2 0.8258, val_pearson 0.9094, lr 8.10e-06 ---
2026-10-01 06:42:23,709 - INFO - 
****************************************************************************************************
2026-10-01 06:42:25,627 - INFO - --- training epoch 167, loss 0.0068, mae 0.0834, rmse 0.1164, time elapsed(min) 0.03---
2026-10-01 06:42:25,843 - INFO - --- validation at epoch 167, val_loss 0.0081, val_mae 0.0918, val_rmse 0.1251, val_r2 0.8259, val_pearson 0.9094, lr 8.10e-06 ---
2026-10-01 06:42:25,843 - INFO - 
****************************************************************************************************
2026-10-01 06:42:27,607 - INFO - --- training epoch 168, loss 0.0067, mae 0.0832, rmse 0.1162, time elapsed(min) 0.02---
2026-10-01 06:42:27,817 - INFO - --- validation at epoch 168, val_loss 0.0081, val_mae 0.0922, val_rmse 0.1255, val_r2 0.8248, val_pearson 0.9091, lr 8.10e-06 ---
2026-10-01 06:42:27,817 - INFO - 
****************************************************************************************************
2026-10-01 06:42:29,590 - INFO - --- training epoch 169, loss 0.0068, mae 0.0834, rmse 0.1168, time elapsed(min) 0.02---
2026-10-01 06:42:29,921 - INFO - --- validation at epoch 169, val_loss 0.0082, val_mae 0.0924, val_rmse 0.1258, val_r2 0.8239, val_pearson 0.9086, lr 8.10e-06 ---
2026-10-01 06:42:29,921 - INFO - 
****************************************************************************************************
2026-10-01 06:42:31,835 - INFO - --- training epoch 170, loss 0.0067, mae 0.0827, rmse 0.1154, time elapsed(min) 0.03---
2026-10-01 06:42:32,061 - INFO - --- validation at epoch 170, val_loss 0.0081, val_mae 0.0920, val_rmse 0.1254, val_r2 0.8250, val_pearson 0.9089, lr 2.43e-06 ---
2026-10-01 06:42:32,061 - INFO - 
****************************************************************************************************
2026-10-01 06:42:33,840 - INFO - --- training epoch 171, loss 0.0068, mae 0.0840, rmse 0.1167, time elapsed(min) 0.03---
2026-10-01 06:42:34,051 - INFO - --- validation at epoch 171, val_loss 0.0081, val_mae 0.0920, val_rmse 0.1253, val_r2 0.8253, val_pearson 0.9091, lr 2.43e-06 ---
2026-10-01 06:42:34,051 - INFO - 
****************************************************************************************************
2026-10-01 06:42:35,807 - INFO - --- training epoch 172, loss 0.0068, mae 0.0842, rmse 0.1166, time elapsed(min) 0.02---
2026-10-01 06:42:36,018 - INFO - --- validation at epoch 172, val_loss 0.0081, val_mae 0.0920, val_rmse 0.1253, val_r2 0.8252, val_pearson 0.9091, lr 2.43e-06 ---
2026-10-01 06:42:36,018 - INFO - 
****************************************************************************************************
2026-10-01 06:42:37,896 - INFO - --- training epoch 173, loss 0.0068, mae 0.0843, rmse 0.1169, time elapsed(min) 0.03---
2026-10-01 06:42:38,373 - INFO - --- validation at epoch 173, val_loss 0.0081, val_mae 0.0918, val_rmse 0.1252, val_r2 0.8256, val_pearson 0.9094, lr 2.43e-06 ---
2026-10-01 06:42:38,373 - INFO - 
****************************************************************************************************
2026-10-01 06:42:40,162 - INFO - --- training epoch 174, loss 0.0067, mae 0.0833, rmse 0.1160, time elapsed(min) 0.03---
2026-10-01 06:42:40,375 - INFO - --- validation at epoch 174, val_loss 0.0081, val_mae 0.0919, val_rmse 0.1252, val_r2 0.8255, val_pearson 0.9093, lr 2.43e-06 ---
2026-10-01 06:42:40,375 - INFO - 
****************************************************************************************************
2026-10-01 06:42:42,139 - INFO - --- training epoch 175, loss 0.0068, mae 0.0833, rmse 0.1163, time elapsed(min) 0.02---
2026-10-01 06:42:42,371 - INFO - --- validation at epoch 175, val_loss 0.0081, val_mae 0.0918, val_rmse 0.1251, val_r2 0.8257, val_pearson 0.9094, lr 2.43e-06 ---
2026-10-01 06:42:42,371 - INFO - 
****************************************************************************************************
2026-10-01 06:42:44,187 - INFO - --- training epoch 176, loss 0.0067, mae 0.0834, rmse 0.1161, time elapsed(min) 0.03---
2026-10-01 06:42:44,553 - INFO - --- validation at epoch 176, val_loss 0.0081, val_mae 0.0918, val_rmse 0.1252, val_r2 0.8256, val_pearson 0.9094, lr 2.43e-06 ---
2026-10-01 06:42:44,553 - INFO - 
****************************************************************************************************
2026-10-01 06:42:46,430 - INFO - --- training epoch 177, loss 0.0069, mae 0.0843, rmse 0.1174, time elapsed(min) 0.02---
2026-10-01 06:42:46,641 - INFO - --- validation at epoch 177, val_loss 0.0081, val_mae 0.0919, val_rmse 0.1253, val_r2 0.8253, val_pearson 0.9094, lr 2.43e-06 ---
2026-10-01 06:42:46,641 - INFO - 
****************************************************************************************************
2026-10-01 06:42:48,370 - INFO - --- training epoch 178, loss 0.0068, mae 0.0834, rmse 0.1164, time elapsed(min) 0.02---
2026-10-01 06:42:48,634 - INFO - --- validation at epoch 178, val_loss 0.0080, val_mae 0.0915, val_rmse 0.1249, val_r2 0.8264, val_pearson 0.9097, lr 2.43e-06 ---
2026-10-01 06:42:48,634 - INFO - 
****************************************************************************************************
2026-10-01 06:42:50,444 - INFO - --- training epoch 179, loss 0.0068, mae 0.0840, rmse 0.1170, time elapsed(min) 0.03---
2026-10-01 06:42:50,809 - INFO - --- validation at epoch 179, val_loss 0.0080, val_mae 0.0916, val_rmse 0.1249, val_r2 0.8263, val_pearson 0.9097, lr 2.43e-06 ---
2026-10-01 06:42:50,809 - INFO - 
****************************************************************************************************
2026-10-01 06:42:52,738 - INFO - --- training epoch 180, loss 0.0068, mae 0.0846, rmse 0.1168, time elapsed(min) 0.03---
2026-10-01 06:42:52,949 - INFO - --- validation at epoch 180, val_loss 0.0080, val_mae 0.0916, val_rmse 0.1249, val_r2 0.8264, val_pearson 0.9098, lr 2.43e-06 ---
2026-10-01 06:42:52,949 - INFO - 
****************************************************************************************************
2026-10-01 06:42:54,667 - INFO - --- training epoch 181, loss 0.0066, mae 0.0828, rmse 0.1151, time elapsed(min) 0.02---
2026-10-01 06:42:54,886 - INFO - --- validation at epoch 181, val_loss 0.0080, val_mae 0.0915, val_rmse 0.1248, val_r2 0.8266, val_pearson 0.9098, lr 1.00e-06 ---
2026-10-01 06:42:54,886 - INFO - 
****************************************************************************************************
2026-10-01 06:42:56,756 - INFO - --- training epoch 182, loss 0.0068, mae 0.0838, rmse 0.1168, time elapsed(min) 0.03---
2026-10-01 06:42:57,122 - INFO - --- validation at epoch 182, val_loss 0.0080, val_mae 0.0917, val_rmse 0.1250, val_r2 0.8262, val_pearson 0.9097, lr 1.00e-06 ---
2026-10-01 06:42:57,122 - INFO - 
****************************************************************************************************
2026-10-01 06:42:59,057 - INFO - --- training epoch 183, loss 0.0068, mae 0.0838, rmse 0.1164, time elapsed(min) 0.03---
2026-10-01 06:42:59,270 - INFO - --- validation at epoch 183, val_loss 0.0080, val_mae 0.0918, val_rmse 0.1252, val_r2 0.8257, val_pearson 0.9096, lr 1.00e-06 ---
2026-10-01 06:42:59,270 - INFO - 
****************************************************************************************************
2026-10-01 06:43:00,984 - INFO - --- training epoch 184, loss 0.0068, mae 0.0842, rmse 0.1169, time elapsed(min) 0.02---
2026-10-01 06:43:01,243 - INFO - --- validation at epoch 184, val_loss 0.0081, val_mae 0.0918, val_rmse 0.1251, val_r2 0.8259, val_pearson 0.9096, lr 1.00e-06 ---
2026-10-01 06:43:01,243 - INFO - 
****************************************************************************************************
2026-10-01 06:43:03,029 - INFO - --- training epoch 185, loss 0.0068, mae 0.0840, rmse 0.1168, time elapsed(min) 0.03---
2026-10-01 06:43:03,362 - INFO - --- validation at epoch 185, val_loss 0.0080, val_mae 0.0917, val_rmse 0.1250, val_r2 0.8261, val_pearson 0.9096, lr 1.00e-06 ---
2026-10-01 06:43:03,362 - INFO - 
****************************************************************************************************
2026-10-01 06:43:05,207 - INFO - --- training epoch 186, loss 0.0067, mae 0.0840, rmse 0.1160, time elapsed(min) 0.03---
2026-10-01 06:43:05,575 - INFO - --- validation at epoch 186, val_loss 0.0080, val_mae 0.0917, val_rmse 0.1250, val_r2 0.8262, val_pearson 0.9096, lr 1.00e-06 ---
2026-10-01 06:43:05,575 - INFO - 
****************************************************************************************************
2026-10-01 06:43:05,952 - INFO - --- early stopping at epoch 186: val_loss did not improve for 50 epochs ---
2026-10-01 06:43:06,208 - INFO - --- selected checkpoint from epoch 136, val_loss 0.0078, val_mae 0.0911, val_rmse 0.1257
2026-10-01 06:43:06,979 - INFO - -- RESULT
2026-10-01 06:43:06,979 - INFO - --- test size: 1728
2026-10-01 06:43:06,979 - INFO - --- MAE: 0.0906 (9.06 pp), RMSE: 0.1273 (12.73 pp), R2: 0.7904, Pearson: 0.8905
2026-10-01 06:43:09,112 - INFO - --- Suzuki-Miyaura | split_0 | approach_2: test R2 0.7904 MAE 0.0906 RMSE 0.1273 | 391.5s (2.1s/epoch)
2026-10-01 06:43:09,117 - INFO - --- Suzuki-Miyaura | split_0 | MLP control (ind/mlp) (ind/mlp)
