2026-10-01 11:34:01,355 - INFO - device is	cuda:0
2026-10-01 11:34:01,445 - INFO - -- CONFIGURATIONS
2026-10-01 11:34:01,445 - INFO - --- train/valid/test: 2491/277/1187
2026-10-01 11:34:01,445 - INFO - --- max no. reactants_train, valid, test respectively: 6, 6, 6
2026-10-01 11:34:01,445 - INFO - --- max no. products_train, valid, test respectively: 1, 1, 1
2026-10-01 11:34:01,445 - INFO - --- model_path: ../logs/bh_approach1_grid/runs/bh/fullcv01_split70/option_b_mlp/model.pt
2026-10-01 11:34:01,456 - INFO - -- TRAINING
2026-10-01 11:34:02,128 - INFO - --- training epoch 0, loss 24.2073, mae 24.7021, rmse 30.5683, time elapsed(min) 0.01---
2026-10-01 11:34:02,291 - INFO - --- validation at epoch 0, val_loss 22.2135, val_mae 23.1568, val_rmse 28.0538, val_r2 -0.0576, val_pearson -0.3259, lr 1.00e-03 ---
2026-10-01 11:34:02,292 - INFO - 
****************************************************************************************************
2026-10-01 11:34:03,425 - INFO - --- training epoch 1, loss 22.7212, mae 23.2181, rmse 27.8600, time elapsed(min) 0.01---
2026-10-01 11:34:03,582 - INFO - --- validation at epoch 1, val_loss 22.2101, val_mae 23.1328, val_rmse 27.4508, val_r2 -0.0126, val_pearson -0.3013, lr 1.00e-03 ---
2026-10-01 11:34:03,582 - INFO - 
****************************************************************************************************
2026-10-01 11:34:04,856 - INFO - --- training epoch 2, loss 22.4802, mae 22.9767, rmse 27.5822, time elapsed(min) 0.01---
2026-10-01 11:34:05,027 - INFO - --- validation at epoch 2, val_loss 20.5910, val_mae 21.8165, val_rmse 28.0127, val_r2 -0.0545, val_pearson 0.3212, lr 1.00e-03 ---
2026-10-01 11:34:05,027 - INFO - 
****************************************************************************************************
2026-10-01 11:34:06,343 - INFO - --- training epoch 3, loss 22.1426, mae 22.6393, rmse 27.2576, time elapsed(min) 0.01---
2026-10-01 11:34:06,519 - INFO - --- validation at epoch 3, val_loss 20.4196, val_mae 21.6163, val_rmse 26.3146, val_r2 0.0695, val_pearson 0.3386, lr 1.00e-03 ---
2026-10-01 11:34:06,519 - INFO - 
****************************************************************************************************
2026-10-01 11:34:07,852 - INFO - --- training epoch 4, loss 21.8203, mae 22.3160, rmse 27.1902, time elapsed(min) 0.01---
2026-10-01 11:34:08,028 - INFO - --- validation at epoch 4, val_loss 19.8027, val_mae 21.2726, val_rmse 27.2560, val_r2 0.0017, val_pearson 0.3521, lr 1.00e-03 ---
2026-10-01 11:34:08,028 - INFO - 
****************************************************************************************************
2026-10-01 11:34:09,377 - INFO - --- training epoch 5, loss 21.8761, mae 22.3723, rmse 27.0963, time elapsed(min) 0.01---
2026-10-01 11:34:09,542 - INFO - --- validation at epoch 5, val_loss 19.7397, val_mae 21.2222, val_rmse 26.1825, val_r2 0.0788, val_pearson 0.3482, lr 1.00e-03 ---
2026-10-01 11:34:09,542 - INFO - 
****************************************************************************************************
2026-10-01 11:34:10,827 - INFO - --- training epoch 6, loss 21.7004, mae 22.1966, rmse 27.0303, time elapsed(min) 0.01---
2026-10-01 11:34:10,990 - INFO - --- validation at epoch 6, val_loss 20.0552, val_mae 21.4462, val_rmse 25.9368, val_r2 0.0960, val_pearson 0.3630, lr 1.00e-03 ---
2026-10-01 11:34:10,990 - INFO - 
****************************************************************************************************
2026-10-01 11:34:12,054 - INFO - --- training epoch 7, loss 21.5937, mae 22.0907, rmse 26.6595, time elapsed(min) 0.01---
2026-10-01 11:34:12,223 - INFO - --- validation at epoch 7, val_loss 19.0721, val_mae 20.3818, val_rmse 24.8946, val_r2 0.1672, val_pearson 0.4604, lr 1.00e-03 ---
2026-10-01 11:34:12,223 - INFO - 
****************************************************************************************************
2026-10-01 11:34:13,382 - INFO - --- training epoch 8, loss 21.0077, mae 21.5036, rmse 25.9506, time elapsed(min) 0.01---
2026-10-01 11:34:13,555 - INFO - --- validation at epoch 8, val_loss 18.6890, val_mae 20.0568, val_rmse 25.0706, val_r2 0.1554, val_pearson 0.4859, lr 1.00e-03 ---
2026-10-01 11:34:13,556 - INFO - 
****************************************************************************************************
2026-10-01 11:34:14,903 - INFO - --- training epoch 9, loss 20.9737, mae 21.4691, rmse 25.8891, time elapsed(min) 0.01---
2026-10-01 11:34:15,072 - INFO - --- validation at epoch 9, val_loss 19.6802, val_mae 20.7695, val_rmse 24.2458, val_r2 0.2100, val_pearson 0.4902, lr 1.00e-03 ---
2026-10-01 11:34:15,072 - INFO - 
****************************************************************************************************
2026-10-01 11:34:16,475 - INFO - --- training epoch 10, loss 21.0709, mae 21.5659, rmse 26.0069, time elapsed(min) 0.02---
2026-10-01 11:34:16,650 - INFO - --- validation at epoch 10, val_loss 18.9611, val_mae 20.1844, val_rmse 23.8900, val_r2 0.2330, val_pearson 0.4871, lr 1.00e-03 ---
2026-10-01 11:34:16,650 - INFO - 
****************************************************************************************************
2026-10-01 11:34:17,946 - INFO - --- training epoch 11, loss 21.1143, mae 21.6101, rmse 26.0896, time elapsed(min) 0.02---
2026-10-01 11:34:18,552 - INFO - --- validation at epoch 11, val_loss 19.9994, val_mae 20.7012, val_rmse 24.2587, val_r2 0.2092, val_pearson 0.4755, lr 1.00e-03 ---
2026-10-01 11:34:18,552 - INFO - 
****************************************************************************************************
2026-10-01 11:34:19,582 - INFO - --- training epoch 12, loss 20.7275, mae 21.2240, rmse 25.2399, time elapsed(min) 0.01---
2026-10-01 11:34:19,756 - INFO - --- validation at epoch 12, val_loss 19.1701, val_mae 20.0644, val_rmse 23.5629, val_r2 0.2539, val_pearson 0.5057, lr 1.00e-03 ---
2026-10-01 11:34:19,756 - INFO - 
****************************************************************************************************
2026-10-01 11:34:20,790 - INFO - --- training epoch 13, loss 21.3107, mae 21.8069, rmse 26.1493, time elapsed(min) 0.01---
2026-10-01 11:34:20,960 - INFO - --- validation at epoch 13, val_loss 22.0975, val_mae 22.5269, val_rmse 25.9006, val_r2 0.0985, val_pearson 0.3603, lr 1.00e-03 ---
2026-10-01 11:34:20,960 - INFO - 
****************************************************************************************************
2026-10-01 11:34:22,141 - INFO - --- training epoch 14, loss 21.9346, mae 22.4315, rmse 26.2972, time elapsed(min) 0.01---
2026-10-01 11:34:22,306 - INFO - --- validation at epoch 14, val_loss 21.8186, val_mae 22.3054, val_rmse 25.6442, val_r2 0.1163, val_pearson 0.3718, lr 1.00e-03 ---
2026-10-01 11:34:22,306 - INFO - 
****************************************************************************************************
2026-10-01 11:34:23,677 - INFO - --- training epoch 15, loss 21.7052, mae 22.2018, rmse 26.3405, time elapsed(min) 0.02---
2026-10-01 11:34:23,848 - INFO - --- validation at epoch 15, val_loss 21.4075, val_mae 21.9994, val_rmse 25.6158, val_r2 0.1182, val_pearson 0.3737, lr 1.00e-03 ---
2026-10-01 11:34:23,848 - INFO - 
****************************************************************************************************
2026-10-01 11:34:25,079 - INFO - --- training epoch 16, loss 21.5700, mae 22.0672, rmse 26.0752, time elapsed(min) 0.01---
2026-10-01 11:34:25,255 - INFO - --- validation at epoch 16, val_loss 21.3639, val_mae 22.0052, val_rmse 25.4156, val_r2 0.1320, val_pearson 0.3738, lr 1.00e-03 ---
2026-10-01 11:34:25,255 - INFO - 
****************************************************************************************************
2026-10-01 11:34:26,469 - INFO - --- training epoch 17, loss 21.3437, mae 21.8419, rmse 25.8025, time elapsed(min) 0.01---
2026-10-01 11:34:26,629 - INFO - --- validation at epoch 17, val_loss 20.9243, val_mae 21.7749, val_rmse 25.3912, val_r2 0.1336, val_pearson 0.3702, lr 1.00e-03 ---
2026-10-01 11:34:26,629 - INFO - 
****************************************************************************************************
2026-10-01 11:34:27,675 - INFO - --- training epoch 18, loss 21.1646, mae 21.6616, rmse 25.6115, time elapsed(min) 0.01---
2026-10-01 11:34:27,837 - INFO - --- validation at epoch 18, val_loss 21.1772, val_mae 21.7997, val_rmse 25.2931, val_r2 0.1403, val_pearson 0.3795, lr 1.00e-03 ---
2026-10-01 11:34:27,837 - INFO - 
****************************************************************************************************
2026-10-01 11:34:28,209 - INFO - --- early stopping at epoch 18: val_loss did not improve for 10 epochs ---
2026-10-01 11:34:28,425 - INFO - --- selected checkpoint from epoch 8, val_loss 18.6890, val_mae 20.0568, val_rmse 25.0706
2026-10-01 11:34:28,872 - INFO - -- RESULT
2026-10-01 11:34:28,872 - INFO - --- test size: 1187
2026-10-01 11:34:28,872 - INFO - --- MAE: 22.2405 pp, RMSE: 26.9313 pp, R2: 0.0465, Pearson: 0.3784
2026-10-01 11:34:29,922 - INFO - --- Cell option_b_mlp DONE: test MAE=22.2405 RMSE=26.9313 R2=0.0465 | sec/epoch=1.41
2026-10-01 11:34:29,932 - INFO - === RUNNING: dataset=bh split=fullcv01_split70 cell=ind_mean_mlp (tokens=ind, pooling=mean, head=mlp) ===
