2026-10-01 12:09:54,919 - INFO - device is	cuda:0
2026-10-01 12:09:55,003 - INFO - -- CONFIGURATIONS
2026-10-01 12:09:55,003 - INFO - --- train/valid/test: 2491/277/1187
2026-10-01 12:09:55,003 - INFO - --- max no. reactants_train, valid, test respectively: 6, 6, 6
2026-10-01 12:09:55,003 - INFO - --- max no. products_train, valid, test respectively: 1, 1, 1
2026-10-01 12:09:55,003 - INFO - --- model_path: ../logs/approach1_server/approach_1_mlp/bh/runs/fullcv04_split70/model.pt
2026-10-01 12:09:55,012 - INFO - -- TRAINING
2026-10-01 12:09:55,765 - INFO - --- training epoch 0, loss 24.2993, mae 24.7944, rmse 30.7607, time elapsed(min) 0.01---
2026-10-01 12:09:55,924 - INFO - --- validation at epoch 0, val_loss 22.6003, val_mae 22.7854, val_rmse 27.2503, val_r2 -0.0257, val_pearson -0.3035, lr 1.00e-03 ---
2026-10-01 12:09:55,924 - INFO - 
****************************************************************************************************
2026-10-01 12:09:57,065 - INFO - --- training epoch 1, loss 23.0265, mae 23.5227, rmse 28.1038, time elapsed(min) 0.01---
2026-10-01 12:09:57,232 - INFO - --- validation at epoch 1, val_loss 22.7723, val_mae 22.8122, val_rmse 27.0090, val_r2 -0.0077, val_pearson -0.1809, lr 1.00e-03 ---
2026-10-01 12:09:57,232 - INFO - 
****************************************************************************************************
2026-10-01 12:09:58,263 - INFO - --- training epoch 2, loss 22.7288, mae 23.2258, rmse 27.8608, time elapsed(min) 0.01---
2026-10-01 12:09:58,609 - INFO - --- validation at epoch 2, val_loss 22.6715, val_mae 22.7407, val_rmse 26.5641, val_r2 0.0253, val_pearson 0.2506, lr 1.00e-03 ---
2026-10-01 12:09:58,609 - INFO - 
****************************************************************************************************
2026-10-01 12:09:59,599 - INFO - --- training epoch 3, loss 22.5224, mae 23.0193, rmse 27.5053, time elapsed(min) 0.01---
2026-10-01 12:09:59,752 - INFO - --- validation at epoch 3, val_loss 22.9896, val_mae 22.9816, val_rmse 26.6973, val_r2 0.0155, val_pearson 0.2804, lr 1.00e-03 ---
2026-10-01 12:09:59,752 - INFO - 
****************************************************************************************************
2026-10-01 12:10:00,616 - INFO - --- training epoch 4, loss 22.8127, mae 23.3095, rmse 27.6807, time elapsed(min) 0.01---
2026-10-01 12:10:00,786 - INFO - --- validation at epoch 4, val_loss 24.6655, val_mae 24.2294, val_rmse 27.8389, val_r2 -0.0705, val_pearson 0.3280, lr 1.00e-03 ---
2026-10-01 12:10:00,787 - INFO - 
****************************************************************************************************
2026-10-01 12:10:01,634 - INFO - --- training epoch 5, loss 22.3309, mae 22.8270, rmse 27.2295, time elapsed(min) 0.01---
2026-10-01 12:10:01,790 - INFO - --- validation at epoch 5, val_loss 22.1418, val_mae 22.2928, val_rmse 26.1588, val_r2 0.0548, val_pearson 0.3086, lr 1.00e-03 ---
2026-10-01 12:10:01,790 - INFO - 
****************************************************************************************************
2026-10-01 12:10:02,898 - INFO - --- training epoch 6, loss 21.7873, mae 22.2835, rmse 26.4662, time elapsed(min) 0.01---
2026-10-01 12:10:03,052 - INFO - --- validation at epoch 6, val_loss 21.1039, val_mae 21.4717, val_rmse 25.3809, val_r2 0.1102, val_pearson 0.3358, lr 1.00e-03 ---
2026-10-01 12:10:03,052 - INFO - 
****************************************************************************************************
2026-10-01 12:10:04,205 - INFO - --- training epoch 7, loss 21.7483, mae 22.2454, rmse 26.3354, time elapsed(min) 0.01---
2026-10-01 12:10:04,366 - INFO - --- validation at epoch 7, val_loss 20.8839, val_mae 21.5556, val_rmse 25.8023, val_r2 0.0804, val_pearson 0.3294, lr 1.00e-03 ---
2026-10-01 12:10:04,366 - INFO - 
****************************************************************************************************
2026-10-01 12:10:05,687 - INFO - --- training epoch 8, loss 21.3749, mae 21.8701, rmse 26.4246, time elapsed(min) 0.02---
2026-10-01 12:10:05,849 - INFO - --- validation at epoch 8, val_loss 21.9589, val_mae 22.2561, val_rmse 26.2303, val_r2 0.0496, val_pearson 0.4001, lr 1.00e-03 ---
2026-10-01 12:10:05,849 - INFO - 
****************************************************************************************************
2026-10-01 12:10:06,740 - INFO - --- training epoch 9, loss 21.0574, mae 21.5536, rmse 26.0741, time elapsed(min) 0.01---
2026-10-01 12:10:06,892 - INFO - --- validation at epoch 9, val_loss 20.4943, val_mae 21.1404, val_rmse 25.4975, val_r2 0.1020, val_pearson 0.3603, lr 1.00e-03 ---
2026-10-01 12:10:06,892 - INFO - 
****************************************************************************************************
2026-10-01 12:10:07,898 - INFO - --- training epoch 10, loss 21.2309, mae 21.7281, rmse 25.8940, time elapsed(min) 0.01---
2026-10-01 12:10:08,061 - INFO - --- validation at epoch 10, val_loss 19.9127, val_mae 20.8096, val_rmse 24.6831, val_r2 0.1584, val_pearson 0.3997, lr 1.00e-03 ---
2026-10-01 12:10:08,061 - INFO - 
****************************************************************************************************
2026-10-01 12:10:09,192 - INFO - --- training epoch 11, loss 20.6152, mae 21.1121, rmse 25.6581, time elapsed(min) 0.01---
2026-10-01 12:10:09,340 - INFO - --- validation at epoch 11, val_loss 19.5068, val_mae 20.1996, val_rmse 24.3899, val_r2 0.1783, val_pearson 0.4382, lr 1.00e-03 ---
2026-10-01 12:10:09,340 - INFO - 
****************************************************************************************************
2026-10-01 12:10:10,626 - INFO - --- training epoch 12, loss 20.2292, mae 20.7249, rmse 25.4256, time elapsed(min) 0.02---
2026-10-01 12:10:10,798 - INFO - --- validation at epoch 12, val_loss 18.6792, val_mae 19.4957, val_rmse 23.4641, val_r2 0.2395, val_pearson 0.4929, lr 1.00e-03 ---
2026-10-01 12:10:10,799 - INFO - 
****************************************************************************************************
2026-10-01 12:10:11,962 - INFO - --- training epoch 13, loss 20.4635, mae 20.9594, rmse 25.6514, time elapsed(min) 0.01---
2026-10-01 12:10:12,302 - INFO - --- validation at epoch 13, val_loss 19.4653, val_mae 19.9981, val_rmse 23.7548, val_r2 0.2205, val_pearson 0.4819, lr 1.00e-03 ---
2026-10-01 12:10:12,302 - INFO - 
****************************************************************************************************
2026-10-01 12:10:13,324 - INFO - --- training epoch 14, loss 20.1956, mae 20.6926, rmse 25.3357, time elapsed(min) 0.01---
2026-10-01 12:10:13,488 - INFO - --- validation at epoch 14, val_loss 19.9449, val_mae 20.4183, val_rmse 24.4115, val_r2 0.1768, val_pearson 0.4660, lr 1.00e-03 ---
2026-10-01 12:10:13,488 - INFO - 
****************************************************************************************************
2026-10-01 12:10:14,372 - INFO - --- training epoch 15, loss 19.8641, mae 20.3596, rmse 25.0614, time elapsed(min) 0.01---
2026-10-01 12:10:14,530 - INFO - --- validation at epoch 15, val_loss 19.2055, val_mae 19.7367, val_rmse 23.9043, val_r2 0.2107, val_pearson 0.4785, lr 1.00e-03 ---
2026-10-01 12:10:14,530 - INFO - 
****************************************************************************************************
2026-10-01 12:10:15,545 - INFO - --- training epoch 16, loss 19.7493, mae 20.2459, rmse 25.0158, time elapsed(min) 0.01---
2026-10-01 12:10:15,707 - INFO - --- validation at epoch 16, val_loss 19.2491, val_mae 19.5149, val_rmse 23.6526, val_r2 0.2272, val_pearson 0.5024, lr 1.00e-03 ---
2026-10-01 12:10:15,707 - INFO - 
****************************************************************************************************
2026-10-01 12:10:16,756 - INFO - --- training epoch 17, loss 19.9259, mae 20.4216, rmse 25.7427, time elapsed(min) 0.01---
2026-10-01 12:10:16,901 - INFO - --- validation at epoch 17, val_loss 18.8598, val_mae 19.4226, val_rmse 23.8779, val_r2 0.2124, val_pearson 0.4698, lr 1.00e-03 ---
2026-10-01 12:10:16,901 - INFO - 
****************************************************************************************************
2026-10-01 12:10:17,966 - INFO - --- training epoch 18, loss 19.6429, mae 20.1390, rmse 25.0070, time elapsed(min) 0.01---
2026-10-01 12:10:18,121 - INFO - --- validation at epoch 18, val_loss 18.0623, val_mae 18.6105, val_rmse 23.2978, val_r2 0.2502, val_pearson 0.5124, lr 1.00e-03 ---
2026-10-01 12:10:18,121 - INFO - 
****************************************************************************************************
2026-10-01 12:10:19,267 - INFO - --- training epoch 19, loss 19.2993, mae 19.7940, rmse 24.7638, time elapsed(min) 0.01---
2026-10-01 12:10:19,427 - INFO - --- validation at epoch 19, val_loss 17.8391, val_mae 18.4545, val_rmse 23.0996, val_r2 0.2629, val_pearson 0.5310, lr 1.00e-03 ---
2026-10-01 12:10:19,427 - INFO - 
****************************************************************************************************
2026-10-01 12:10:20,413 - INFO - --- training epoch 20, loss 19.2560, mae 19.7521, rmse 24.5591, time elapsed(min) 0.01---
2026-10-01 12:10:20,573 - INFO - --- validation at epoch 20, val_loss 17.7969, val_mae 18.4394, val_rmse 23.1662, val_r2 0.2587, val_pearson 0.5268, lr 1.00e-03 ---
2026-10-01 12:10:20,573 - INFO - 
****************************************************************************************************
2026-10-01 12:10:21,561 - INFO - --- training epoch 21, loss 19.4345, mae 19.9297, rmse 24.9044, time elapsed(min) 0.01---
2026-10-01 12:10:21,721 - INFO - --- validation at epoch 21, val_loss 18.4262, val_mae 18.9317, val_rmse 23.3700, val_r2 0.2456, val_pearson 0.5052, lr 1.00e-03 ---
2026-10-01 12:10:21,721 - INFO - 
****************************************************************************************************
2026-10-01 12:10:22,753 - INFO - --- training epoch 22, loss 19.4268, mae 19.9230, rmse 24.4949, time elapsed(min) 0.01---
2026-10-01 12:10:22,907 - INFO - --- validation at epoch 22, val_loss 18.3659, val_mae 18.6828, val_rmse 23.3163, val_r2 0.2490, val_pearson 0.5285, lr 1.00e-03 ---
2026-10-01 12:10:22,907 - INFO - 
****************************************************************************************************
2026-10-01 12:10:23,958 - INFO - --- training epoch 23, loss 19.2002, mae 19.6961, rmse 24.6186, time elapsed(min) 0.01---
2026-10-01 12:10:24,113 - INFO - --- validation at epoch 23, val_loss 18.1623, val_mae 18.5913, val_rmse 23.2528, val_r2 0.2531, val_pearson 0.5286, lr 1.00e-03 ---
2026-10-01 12:10:24,113 - INFO - 
****************************************************************************************************
2026-10-01 12:10:25,229 - INFO - --- training epoch 24, loss 20.2350, mae 20.7298, rmse 26.1576, time elapsed(min) 0.01---
2026-10-01 12:10:25,588 - INFO - --- validation at epoch 24, val_loss 23.4672, val_mae 23.5351, val_rmse 28.4793, val_r2 -0.1204, val_pearson 0.4231, lr 1.00e-03 ---
2026-10-01 12:10:25,588 - INFO - 
****************************************************************************************************
2026-10-01 12:10:26,630 - INFO - --- training epoch 25, loss 20.7429, mae 21.2380, rmse 25.7304, time elapsed(min) 0.01---
2026-10-01 12:10:26,797 - INFO - --- validation at epoch 25, val_loss 18.9581, val_mae 19.6703, val_rmse 24.3901, val_r2 0.1783, val_pearson 0.4581, lr 1.00e-03 ---
2026-10-01 12:10:26,797 - INFO - 
****************************************************************************************************
2026-10-01 12:10:27,679 - INFO - --- training epoch 26, loss 19.8745, mae 20.3694, rmse 25.4194, time elapsed(min) 0.01---
2026-10-01 12:10:27,845 - INFO - --- validation at epoch 26, val_loss 19.2938, val_mae 19.5431, val_rmse 23.7034, val_r2 0.2239, val_pearson 0.5131, lr 1.00e-03 ---
2026-10-01 12:10:27,845 - INFO - 
****************************************************************************************************
2026-10-01 12:10:28,892 - INFO - --- training epoch 27, loss 19.8598, mae 20.3548, rmse 25.5214, time elapsed(min) 0.01---
2026-10-01 12:10:29,056 - INFO - --- validation at epoch 27, val_loss 18.7658, val_mae 19.3109, val_rmse 23.4619, val_r2 0.2396, val_pearson 0.5031, lr 1.00e-03 ---
2026-10-01 12:10:29,056 - INFO - 
****************************************************************************************************
2026-10-01 12:10:30,118 - INFO - --- training epoch 28, loss 19.6725, mae 20.1690, rmse 25.1495, time elapsed(min) 0.01---
2026-10-01 12:10:30,280 - INFO - --- validation at epoch 28, val_loss 19.0681, val_mae 19.2460, val_rmse 23.1362, val_r2 0.2606, val_pearson 0.5310, lr 1.00e-03 ---
2026-10-01 12:10:30,280 - INFO - 
****************************************************************************************************
2026-10-01 12:10:31,336 - INFO - --- training epoch 29, loss 19.6337, mae 20.1289, rmse 25.3195, time elapsed(min) 0.01---
2026-10-01 12:10:31,686 - INFO - --- validation at epoch 29, val_loss 18.4543, val_mae 18.8248, val_rmse 23.0123, val_r2 0.2685, val_pearson 0.5302, lr 1.00e-03 ---
2026-10-01 12:10:31,686 - INFO - 
****************************************************************************************************
2026-10-01 12:10:32,716 - INFO - --- training epoch 30, loss 19.6173, mae 20.1127, rmse 25.2715, time elapsed(min) 0.01---
2026-10-01 12:10:32,881 - INFO - --- validation at epoch 30, val_loss 18.5115, val_mae 18.7673, val_rmse 23.0279, val_r2 0.2675, val_pearson 0.5395, lr 1.00e-03 ---
2026-10-01 12:10:32,881 - INFO - 
****************************************************************************************************
2026-10-01 12:10:33,199 - INFO - --- early stopping at epoch 30: val_loss did not improve for 10 epochs ---
2026-10-01 12:10:33,401 - INFO - --- selected checkpoint from epoch 20, val_loss 17.7969, val_mae 18.4394, val_rmse 23.1662
2026-10-01 12:10:33,762 - INFO - -- RESULT
2026-10-01 12:10:33,762 - INFO - --- test size: 1187
2026-10-01 12:10:33,762 - INFO - --- MAE: 19.8145 pp, RMSE: 24.7391 pp, R2: 0.1691, Pearson: 0.4814
2026-10-01 12:10:33,763 - INFO - --- fullcv04_split70: MAE 19.814511261378254, RMSE 24.73914476365978, R2 0.1690587144225537
2026-10-01 12:10:33,774 - INFO - --- training fullcv05_split70 (npz/bh/fullcv05_split70)
