2026-10-01 17:40:00,563 - INFO - device is	cuda:0
2026-10-01 17:40:00,671 - INFO - -- CONFIGURATIONS
2026-10-01 17:40:00,671 - INFO - --- train/valid/test: 3628/404/1728
2026-10-01 17:40:00,671 - INFO - --- max no. reactants_train, valid, test respectively: 14, 14, 14
2026-10-01 17:40:00,671 - INFO - --- max no. products_train, valid, test respectively: 1, 1, 1
2026-10-01 17:40:00,671 - INFO - --- model_path: ../logs/suzuki_approach1_grid/runs/suzuki/split_9/approach_2/model.pt
2026-10-01 17:40:00,678 - INFO - -- TRAINING
2026-10-01 17:40:02,020 - INFO - --- training epoch 0, loss 0.8997, mae 1.1995, rmse 2.8373, time elapsed(min) 0.02---
2026-10-01 17:40:02,235 - INFO - --- validation at epoch 0, val_loss 0.0373, val_mae 0.2370, val_rmse 0.2699, val_r2 0.0161, val_pearson 0.1949, lr 1.00e-03 ---
2026-10-01 17:40:02,235 - INFO - 
****************************************************************************************************
2026-10-01 17:40:03,892 - INFO - --- training epoch 1, loss 0.0423, mae 0.2478, rmse 0.2908, time elapsed(min) 0.02---
2026-10-01 17:40:04,105 - INFO - --- validation at epoch 1, val_loss 0.0372, val_mae 0.2318, val_rmse 0.2710, val_r2 0.0085, val_pearson 0.2230, lr 1.00e-03 ---
2026-10-01 17:40:04,106 - INFO - 
****************************************************************************************************
2026-10-01 17:40:05,748 - INFO - --- training epoch 2, loss 0.0402, mae 0.2435, rmse 0.2836, time elapsed(min) 0.02---
2026-10-01 17:40:06,078 - INFO - --- validation at epoch 2, val_loss 0.0363, val_mae 0.2296, val_rmse 0.2678, val_r2 0.0318, val_pearson 0.2294, lr 1.00e-03 ---
2026-10-01 17:40:06,078 - INFO - 
****************************************************************************************************
2026-10-01 17:40:07,851 - INFO - --- training epoch 3, loss 0.0402, mae 0.2424, rmse 0.2834, time elapsed(min) 0.02---
2026-10-01 17:40:08,335 - INFO - --- validation at epoch 3, val_loss 0.0357, val_mae 0.2312, val_rmse 0.2646, val_r2 0.0543, val_pearson 0.2442, lr 1.00e-03 ---
2026-10-01 17:40:08,335 - INFO - 
****************************************************************************************************
2026-10-01 17:40:10,028 - INFO - --- training epoch 4, loss 0.0397, mae 0.2418, rmse 0.2819, time elapsed(min) 0.02---
2026-10-01 17:40:10,259 - INFO - --- validation at epoch 4, val_loss 0.0377, val_mae 0.2289, val_rmse 0.2735, val_r2 -0.0103, val_pearson 0.2461, lr 1.00e-03 ---
2026-10-01 17:40:10,260 - INFO - 
****************************************************************************************************
2026-10-01 17:40:11,924 - INFO - --- training epoch 5, loss 0.0385, mae 0.2385, rmse 0.2774, time elapsed(min) 0.02---
2026-10-01 17:40:12,139 - INFO - --- validation at epoch 5, val_loss 0.0360, val_mae 0.2267, val_rmse 0.2667, val_r2 0.0392, val_pearson 0.2600, lr 1.00e-03 ---
2026-10-01 17:40:12,139 - INFO - 
****************************************************************************************************
2026-10-01 17:40:13,833 - INFO - --- training epoch 6, loss 0.0385, mae 0.2381, rmse 0.2776, time elapsed(min) 0.02---
2026-10-01 17:40:14,224 - INFO - --- validation at epoch 6, val_loss 0.0367, val_mae 0.2265, val_rmse 0.2694, val_r2 0.0197, val_pearson 0.2728, lr 1.00e-03 ---
2026-10-01 17:40:14,224 - INFO - 
****************************************************************************************************
2026-10-01 17:40:16,075 - INFO - --- training epoch 7, loss 0.0381, mae 0.2367, rmse 0.2761, time elapsed(min) 0.03---
2026-10-01 17:40:16,290 - INFO - --- validation at epoch 7, val_loss 0.0353, val_mae 0.2246, val_rmse 0.2635, val_r2 0.0626, val_pearson 0.2957, lr 1.00e-03 ---
2026-10-01 17:40:16,290 - INFO - 
****************************************************************************************************
2026-10-01 17:40:18,059 - INFO - --- training epoch 8, loss 0.0389, mae 0.2386, rmse 0.2788, time elapsed(min) 0.02---
2026-10-01 17:40:18,272 - INFO - --- validation at epoch 8, val_loss 0.0366, val_mae 0.2267, val_rmse 0.2686, val_r2 0.0255, val_pearson 0.2807, lr 1.00e-03 ---
2026-10-01 17:40:18,272 - INFO - 
****************************************************************************************************
2026-10-01 17:40:20,002 - INFO - --- training epoch 9, loss 0.0378, mae 0.2360, rmse 0.2748, time elapsed(min) 0.02---
2026-10-01 17:40:20,333 - INFO - --- validation at epoch 9, val_loss 0.0350, val_mae 0.2237, val_rmse 0.2614, val_r2 0.0771, val_pearson 0.3089, lr 1.00e-03 ---
2026-10-01 17:40:20,333 - INFO - 
****************************************************************************************************
2026-10-01 17:40:22,243 - INFO - --- training epoch 10, loss 0.0382, mae 0.2360, rmse 0.2763, time elapsed(min) 0.03---
2026-10-01 17:40:22,468 - INFO - --- validation at epoch 10, val_loss 0.0361, val_mae 0.2237, val_rmse 0.2662, val_r2 0.0434, val_pearson 0.3170, lr 1.00e-03 ---
2026-10-01 17:40:22,468 - INFO - 
****************************************************************************************************
2026-10-01 17:40:24,082 - INFO - --- training epoch 11, loss 0.0369, mae 0.2317, rmse 0.2718, time elapsed(min) 0.02---
2026-10-01 17:40:24,300 - INFO - --- validation at epoch 11, val_loss 0.0336, val_mae 0.2180, val_rmse 0.2555, val_r2 0.1183, val_pearson 0.3526, lr 1.00e-03 ---
2026-10-01 17:40:24,300 - INFO - 
****************************************************************************************************
2026-10-01 17:40:26,019 - INFO - --- training epoch 12, loss 0.0370, mae 0.2310, rmse 0.2722, time elapsed(min) 0.02---
2026-10-01 17:40:26,231 - INFO - --- validation at epoch 12, val_loss 0.0344, val_mae 0.2179, val_rmse 0.2574, val_r2 0.1056, val_pearson 0.3387, lr 1.00e-03 ---
2026-10-01 17:40:26,231 - INFO - 
****************************************************************************************************
2026-10-01 17:40:27,938 - INFO - --- training epoch 13, loss 0.0354, mae 0.2243, rmse 0.2660, time elapsed(min) 0.02---
2026-10-01 17:40:28,368 - INFO - --- validation at epoch 13, val_loss 0.0299, val_mae 0.2047, val_rmse 0.2421, val_r2 0.2083, val_pearson 0.4580, lr 1.00e-03 ---
2026-10-01 17:40:28,368 - INFO - 
****************************************************************************************************
2026-10-01 17:40:30,311 - INFO - --- training epoch 14, loss 0.0392, mae 0.2351, rmse 0.2802, time elapsed(min) 0.03---
2026-10-01 17:40:30,547 - INFO - --- validation at epoch 14, val_loss 0.0350, val_mae 0.2201, val_rmse 0.2630, val_r2 0.0656, val_pearson 0.4161, lr 1.00e-03 ---
2026-10-01 17:40:30,547 - INFO - 
****************************************************************************************************
2026-10-01 17:40:32,171 - INFO - --- training epoch 15, loss 0.0344, mae 0.2192, rmse 0.2622, time elapsed(min) 0.02---
2026-10-01 17:40:32,383 - INFO - --- validation at epoch 15, val_loss 0.0277, val_mae 0.1929, val_rmse 0.2335, val_r2 0.2635, val_pearson 0.5161, lr 1.00e-03 ---
2026-10-01 17:40:32,384 - INFO - 
****************************************************************************************************
2026-10-01 17:40:34,129 - INFO - --- training epoch 16, loss 0.0319, mae 0.2065, rmse 0.2526, time elapsed(min) 0.02---
2026-10-01 17:40:34,514 - INFO - --- validation at epoch 16, val_loss 0.0265, val_mae 0.1848, val_rmse 0.2276, val_r2 0.3005, val_pearson 0.5488, lr 1.00e-03 ---
2026-10-01 17:40:34,514 - INFO - 
****************************************************************************************************
2026-10-01 17:40:36,398 - INFO - --- training epoch 17, loss 0.0291, mae 0.1948, rmse 0.2413, time elapsed(min) 0.02---
2026-10-01 17:40:36,613 - INFO - --- validation at epoch 17, val_loss 0.0257, val_mae 0.1753, val_rmse 0.2248, val_r2 0.3174, val_pearson 0.6140, lr 1.00e-03 ---
2026-10-01 17:40:36,613 - INFO - 
****************************************************************************************************
2026-10-01 17:40:38,309 - INFO - --- training epoch 18, loss 0.0256, mae 0.1795, rmse 0.2261, time elapsed(min) 0.02---
2026-10-01 17:40:38,568 - INFO - --- validation at epoch 18, val_loss 0.0220, val_mae 0.1670, val_rmse 0.2097, val_r2 0.4063, val_pearson 0.6393, lr 1.00e-03 ---
2026-10-01 17:40:38,568 - INFO - 
****************************************************************************************************
2026-10-01 17:40:40,291 - INFO - --- training epoch 19, loss 0.0259, mae 0.1801, rmse 0.2275, time elapsed(min) 0.02---
2026-10-01 17:40:40,628 - INFO - --- validation at epoch 19, val_loss 0.0240, val_mae 0.1752, val_rmse 0.2160, val_r2 0.3698, val_pearson 0.6208, lr 1.00e-03 ---
2026-10-01 17:40:40,628 - INFO - 
****************************************************************************************************
2026-10-01 17:40:42,388 - INFO - --- training epoch 20, loss 0.0240, mae 0.1737, rmse 0.2191, time elapsed(min) 0.02---
2026-10-01 17:40:42,865 - INFO - --- validation at epoch 20, val_loss 0.0216, val_mae 0.1655, val_rmse 0.2075, val_r2 0.4183, val_pearson 0.6475, lr 1.00e-03 ---
2026-10-01 17:40:42,865 - INFO - 
****************************************************************************************************
2026-10-01 17:40:44,587 - INFO - --- training epoch 21, loss 0.0236, mae 0.1716, rmse 0.2174, time elapsed(min) 0.02---
2026-10-01 17:40:44,800 - INFO - --- validation at epoch 21, val_loss 0.0214, val_mae 0.1589, val_rmse 0.2083, val_r2 0.4139, val_pearson 0.6492, lr 1.00e-03 ---
2026-10-01 17:40:44,800 - INFO - 
****************************************************************************************************
2026-10-01 17:40:46,514 - INFO - --- training epoch 22, loss 0.0234, mae 0.1698, rmse 0.2164, time elapsed(min) 0.02---
2026-10-01 17:40:46,727 - INFO - --- validation at epoch 22, val_loss 0.0212, val_mae 0.1633, val_rmse 0.2080, val_r2 0.4159, val_pearson 0.6482, lr 1.00e-03 ---
2026-10-01 17:40:46,727 - INFO - 
****************************************************************************************************
2026-10-01 17:40:48,481 - INFO - --- training epoch 23, loss 0.0231, mae 0.1688, rmse 0.2150, time elapsed(min) 0.02---
2026-10-01 17:40:48,857 - INFO - --- validation at epoch 23, val_loss 0.0215, val_mae 0.1632, val_rmse 0.2098, val_r2 0.4059, val_pearson 0.6515, lr 1.00e-03 ---
2026-10-01 17:40:48,857 - INFO - 
****************************************************************************************************
2026-10-01 17:40:50,569 - INFO - --- training epoch 24, loss 0.0228, mae 0.1683, rmse 0.2136, time elapsed(min) 0.02---
2026-10-01 17:40:50,783 - INFO - --- validation at epoch 24, val_loss 0.0220, val_mae 0.1647, val_rmse 0.2108, val_r2 0.4002, val_pearson 0.6437, lr 1.00e-03 ---
2026-10-01 17:40:50,783 - INFO - 
****************************************************************************************************
2026-10-01 17:40:52,407 - INFO - --- training epoch 25, loss 0.0240, mae 0.1739, rmse 0.2192, time elapsed(min) 0.02---
2026-10-01 17:40:52,617 - INFO - --- validation at epoch 25, val_loss 0.0217, val_mae 0.1610, val_rmse 0.2106, val_r2 0.4013, val_pearson 0.6453, lr 1.00e-03 ---
2026-10-01 17:40:52,617 - INFO - 
****************************************************************************************************
2026-10-01 17:40:54,402 - INFO - --- training epoch 26, loss 0.0235, mae 0.1689, rmse 0.2167, time elapsed(min) 0.03---
2026-10-01 17:40:54,746 - INFO - --- validation at epoch 26, val_loss 0.0208, val_mae 0.1619, val_rmse 0.2052, val_r2 0.4316, val_pearson 0.6571, lr 1.00e-03 ---
2026-10-01 17:40:54,746 - INFO - 
****************************************************************************************************
2026-10-01 17:40:56,648 - INFO - --- training epoch 27, loss 0.0230, mae 0.1685, rmse 0.2143, time elapsed(min) 0.03---
2026-10-01 17:40:56,861 - INFO - --- validation at epoch 27, val_loss 0.0204, val_mae 0.1629, val_rmse 0.2041, val_r2 0.4373, val_pearson 0.6622, lr 1.00e-03 ---
2026-10-01 17:40:56,861 - INFO - 
****************************************************************************************************
2026-10-01 17:40:58,533 - INFO - --- training epoch 28, loss 0.0229, mae 0.1667, rmse 0.2140, time elapsed(min) 0.02---
2026-10-01 17:40:58,746 - INFO - --- validation at epoch 28, val_loss 0.0206, val_mae 0.1607, val_rmse 0.2048, val_r2 0.4337, val_pearson 0.6596, lr 1.00e-03 ---
2026-10-01 17:40:58,747 - INFO - 
****************************************************************************************************
2026-10-01 17:41:00,400 - INFO - --- training epoch 29, loss 0.0224, mae 0.1648, rmse 0.2115, time elapsed(min) 0.02---
2026-10-01 17:41:00,730 - INFO - --- validation at epoch 29, val_loss 0.0205, val_mae 0.1589, val_rmse 0.2057, val_r2 0.4286, val_pearson 0.6624, lr 1.00e-03 ---
2026-10-01 17:41:00,730 - INFO - 
****************************************************************************************************
2026-10-01 17:41:02,564 - INFO - --- training epoch 30, loss 0.0222, mae 0.1648, rmse 0.2107, time elapsed(min) 0.03---
2026-10-01 17:41:02,793 - INFO - --- validation at epoch 30, val_loss 0.0200, val_mae 0.1544, val_rmse 0.2042, val_r2 0.4367, val_pearson 0.6664, lr 1.00e-03 ---
2026-10-01 17:41:02,793 - INFO - 
****************************************************************************************************
2026-10-01 17:41:04,483 - INFO - --- training epoch 31, loss 0.0229, mae 0.1662, rmse 0.2138, time elapsed(min) 0.02---
2026-10-01 17:41:04,694 - INFO - --- validation at epoch 31, val_loss 0.0207, val_mae 0.1632, val_rmse 0.2048, val_r2 0.4334, val_pearson 0.6686, lr 1.00e-03 ---
2026-10-01 17:41:04,694 - INFO - 
****************************************************************************************************
2026-10-01 17:41:06,344 - INFO - --- training epoch 32, loss 0.0221, mae 0.1639, rmse 0.2101, time elapsed(min) 0.02---
2026-10-01 17:41:06,674 - INFO - --- validation at epoch 32, val_loss 0.0198, val_mae 0.1560, val_rmse 0.2017, val_r2 0.4508, val_pearson 0.6718, lr 1.00e-03 ---
2026-10-01 17:41:06,674 - INFO - 
****************************************************************************************************
2026-10-01 17:41:08,583 - INFO - --- training epoch 33, loss 0.0222, mae 0.1649, rmse 0.2109, time elapsed(min) 0.03---
2026-10-01 17:41:08,975 - INFO - --- validation at epoch 33, val_loss 0.0214, val_mae 0.1595, val_rmse 0.2088, val_r2 0.4110, val_pearson 0.6625, lr 1.00e-03 ---
2026-10-01 17:41:08,976 - INFO - 
****************************************************************************************************
2026-10-01 17:41:10,724 - INFO - --- training epoch 34, loss 0.0218, mae 0.1632, rmse 0.2087, time elapsed(min) 0.02---
2026-10-01 17:41:10,940 - INFO - --- validation at epoch 34, val_loss 0.0191, val_mae 0.1530, val_rmse 0.1996, val_r2 0.4620, val_pearson 0.6817, lr 1.00e-03 ---
2026-10-01 17:41:10,940 - INFO - 
****************************************************************************************************
2026-10-01 17:41:12,633 - INFO - --- training epoch 35, loss 0.0221, mae 0.1632, rmse 0.2104, time elapsed(min) 0.02---
2026-10-01 17:41:12,845 - INFO - --- validation at epoch 35, val_loss 0.0197, val_mae 0.1539, val_rmse 0.2034, val_r2 0.4415, val_pearson 0.6741, lr 1.00e-03 ---
2026-10-01 17:41:12,845 - INFO - 
****************************************************************************************************
2026-10-01 17:41:14,546 - INFO - --- training epoch 36, loss 0.0213, mae 0.1599, rmse 0.2062, time elapsed(min) 0.02---
2026-10-01 17:41:14,926 - INFO - --- validation at epoch 36, val_loss 0.0181, val_mae 0.1509, val_rmse 0.1947, val_r2 0.4880, val_pearson 0.6990, lr 1.00e-03 ---
2026-10-01 17:41:14,927 - INFO - 
****************************************************************************************************
2026-10-01 17:41:16,794 - INFO - --- training epoch 37, loss 0.0212, mae 0.1593, rmse 0.2061, time elapsed(min) 0.02---
2026-10-01 17:41:17,023 - INFO - --- validation at epoch 37, val_loss 0.0185, val_mae 0.1538, val_rmse 0.1972, val_r2 0.4746, val_pearson 0.6898, lr 1.00e-03 ---
2026-10-01 17:41:17,023 - INFO - 
****************************************************************************************************
2026-10-01 17:41:18,656 - INFO - --- training epoch 38, loss 0.0220, mae 0.1627, rmse 0.2096, time elapsed(min) 0.02---
2026-10-01 17:41:18,866 - INFO - --- validation at epoch 38, val_loss 0.0187, val_mae 0.1531, val_rmse 0.1974, val_r2 0.4735, val_pearson 0.6884, lr 1.00e-03 ---
2026-10-01 17:41:18,867 - INFO - 
****************************************************************************************************
2026-10-01 17:41:20,573 - INFO - --- training epoch 39, loss 0.0219, mae 0.1626, rmse 0.2095, time elapsed(min) 0.02---
2026-10-01 17:41:20,919 - INFO - --- validation at epoch 39, val_loss 0.0193, val_mae 0.1557, val_rmse 0.1999, val_r2 0.4603, val_pearson 0.6828, lr 1.00e-03 ---
2026-10-01 17:41:20,920 - INFO - 
****************************************************************************************************
2026-10-01 17:41:22,762 - INFO - --- training epoch 40, loss 0.0208, mae 0.1597, rmse 0.2040, time elapsed(min) 0.03---
2026-10-01 17:41:22,973 - INFO - --- validation at epoch 40, val_loss 0.0175, val_mae 0.1476, val_rmse 0.1915, val_r2 0.5048, val_pearson 0.7105, lr 1.00e-03 ---
2026-10-01 17:41:22,974 - INFO - 
****************************************************************************************************
2026-10-01 17:41:24,765 - INFO - --- training epoch 41, loss 0.0206, mae 0.1572, rmse 0.2029, time elapsed(min) 0.02---
2026-10-01 17:41:24,979 - INFO - --- validation at epoch 41, val_loss 0.0192, val_mae 0.1605, val_rmse 0.2005, val_r2 0.4570, val_pearson 0.7008, lr 1.00e-03 ---
2026-10-01 17:41:24,979 - INFO - 
****************************************************************************************************
2026-10-01 17:41:26,597 - INFO - --- training epoch 42, loss 0.0215, mae 0.1624, rmse 0.2075, time elapsed(min) 0.02---
2026-10-01 17:41:26,818 - INFO - --- validation at epoch 42, val_loss 0.0181, val_mae 0.1534, val_rmse 0.1935, val_r2 0.4946, val_pearson 0.7083, lr 1.00e-03 ---
2026-10-01 17:41:26,818 - INFO - 
****************************************************************************************************
2026-10-01 17:41:28,555 - INFO - --- training epoch 43, loss 0.0210, mae 0.1592, rmse 0.2048, time elapsed(min) 0.02---
2026-10-01 17:41:28,933 - INFO - --- validation at epoch 43, val_loss 0.0181, val_mae 0.1483, val_rmse 0.1910, val_r2 0.5076, val_pearson 0.7156, lr 1.00e-03 ---
2026-10-01 17:41:28,933 - INFO - 
****************************************************************************************************
2026-10-01 17:41:30,747 - INFO - --- training epoch 44, loss 0.0204, mae 0.1559, rmse 0.2020, time elapsed(min) 0.02---
2026-10-01 17:41:30,958 - INFO - --- validation at epoch 44, val_loss 0.0171, val_mae 0.1433, val_rmse 0.1879, val_r2 0.5235, val_pearson 0.7240, lr 1.00e-03 ---
2026-10-01 17:41:30,958 - INFO - 
****************************************************************************************************
2026-10-01 17:41:32,671 - INFO - --- training epoch 45, loss 0.0205, mae 0.1562, rmse 0.2025, time elapsed(min) 0.02---
2026-10-01 17:41:32,884 - INFO - --- validation at epoch 45, val_loss 0.0181, val_mae 0.1478, val_rmse 0.1913, val_r2 0.5059, val_pearson 0.7134, lr 1.00e-03 ---
2026-10-01 17:41:32,884 - INFO - 
****************************************************************************************************
2026-10-01 17:41:34,595 - INFO - --- training epoch 46, loss 0.0202, mae 0.1555, rmse 0.2012, time elapsed(min) 0.02---
2026-10-01 17:41:34,995 - INFO - --- validation at epoch 46, val_loss 0.0172, val_mae 0.1477, val_rmse 0.1867, val_r2 0.5293, val_pearson 0.7340, lr 1.00e-03 ---
2026-10-01 17:41:34,996 - INFO - 
****************************************************************************************************
2026-10-01 17:41:36,720 - INFO - --- training epoch 47, loss 0.0203, mae 0.1547, rmse 0.2013, time elapsed(min) 0.02---
2026-10-01 17:41:36,938 - INFO - --- validation at epoch 47, val_loss 0.0178, val_mae 0.1498, val_rmse 0.1915, val_r2 0.5050, val_pearson 0.7186, lr 1.00e-03 ---
2026-10-01 17:41:36,938 - INFO - 
****************************************************************************************************
2026-10-01 17:41:38,596 - INFO - --- training epoch 48, loss 0.0193, mae 0.1515, rmse 0.1964, time elapsed(min) 0.02---
2026-10-01 17:41:38,808 - INFO - --- validation at epoch 48, val_loss 0.0167, val_mae 0.1394, val_rmse 0.1855, val_r2 0.5353, val_pearson 0.7323, lr 1.00e-03 ---
2026-10-01 17:41:38,808 - INFO - 
****************************************************************************************************
2026-10-01 17:41:40,502 - INFO - --- training epoch 49, loss 0.0195, mae 0.1518, rmse 0.1975, time elapsed(min) 0.02---
2026-10-01 17:41:40,850 - INFO - --- validation at epoch 49, val_loss 0.0170, val_mae 0.1428, val_rmse 0.1857, val_r2 0.5344, val_pearson 0.7370, lr 1.00e-03 ---
2026-10-01 17:41:40,850 - INFO - 
****************************************************************************************************
2026-10-01 17:41:42,735 - INFO - --- training epoch 50, loss 0.0201, mae 0.1540, rmse 0.2007, time elapsed(min) 0.03---
2026-10-01 17:41:42,966 - INFO - --- validation at epoch 50, val_loss 0.0166, val_mae 0.1426, val_rmse 0.1849, val_r2 0.5383, val_pearson 0.7398, lr 1.00e-03 ---
2026-10-01 17:41:42,966 - INFO - 
****************************************************************************************************
2026-10-01 17:41:44,667 - INFO - --- training epoch 51, loss 0.0188, mae 0.1495, rmse 0.1937, time elapsed(min) 0.02---
2026-10-01 17:41:44,879 - INFO - --- validation at epoch 51, val_loss 0.0162, val_mae 0.1410, val_rmse 0.1816, val_r2 0.5548, val_pearson 0.7457, lr 1.00e-03 ---
2026-10-01 17:41:44,879 - INFO - 
****************************************************************************************************
2026-10-01 17:41:46,627 - INFO - --- training epoch 52, loss 0.0189, mae 0.1488, rmse 0.1943, time elapsed(min) 0.02---
2026-10-01 17:41:46,842 - INFO - --- validation at epoch 52, val_loss 0.0166, val_mae 0.1405, val_rmse 0.1853, val_r2 0.5366, val_pearson 0.7327, lr 1.00e-03 ---
2026-10-01 17:41:46,842 - INFO - 
****************************************************************************************************
2026-10-01 17:41:48,562 - INFO - --- training epoch 53, loss 0.0197, mae 0.1530, rmse 0.1984, time elapsed(min) 0.02---
2026-10-01 17:41:48,942 - INFO - --- validation at epoch 53, val_loss 0.0162, val_mae 0.1392, val_rmse 0.1829, val_r2 0.5484, val_pearson 0.7439, lr 1.00e-03 ---
2026-10-01 17:41:48,942 - INFO - 
****************************************************************************************************
2026-10-01 17:41:50,812 - INFO - --- training epoch 54, loss 0.0191, mae 0.1496, rmse 0.1952, time elapsed(min) 0.02---
2026-10-01 17:41:51,028 - INFO - --- validation at epoch 54, val_loss 0.0165, val_mae 0.1411, val_rmse 0.1846, val_r2 0.5399, val_pearson 0.7374, lr 1.00e-03 ---
2026-10-01 17:41:51,028 - INFO - 
****************************************************************************************************
2026-10-01 17:41:52,739 - INFO - --- training epoch 55, loss 0.0191, mae 0.1504, rmse 0.1953, time elapsed(min) 0.02---
2026-10-01 17:41:52,953 - INFO - --- validation at epoch 55, val_loss 0.0164, val_mae 0.1403, val_rmse 0.1833, val_r2 0.5461, val_pearson 0.7394, lr 1.00e-03 ---
2026-10-01 17:41:52,953 - INFO - 
****************************************************************************************************
2026-10-01 17:41:54,681 - INFO - --- training epoch 56, loss 0.0185, mae 0.1476, rmse 0.1922, time elapsed(min) 0.02---
2026-10-01 17:41:55,045 - INFO - --- validation at epoch 56, val_loss 0.0152, val_mae 0.1359, val_rmse 0.1765, val_r2 0.5796, val_pearson 0.7616, lr 1.00e-03 ---
2026-10-01 17:41:55,045 - INFO - 
****************************************************************************************************
2026-10-01 17:41:56,923 - INFO - --- training epoch 57, loss 0.0181, mae 0.1456, rmse 0.1904, time elapsed(min) 0.02---
2026-10-01 17:41:57,134 - INFO - --- validation at epoch 57, val_loss 0.0154, val_mae 0.1391, val_rmse 0.1779, val_r2 0.5728, val_pearson 0.7586, lr 1.00e-03 ---
2026-10-01 17:41:57,134 - INFO - 
****************************************************************************************************
2026-10-01 17:41:58,831 - INFO - --- training epoch 58, loss 0.0179, mae 0.1449, rmse 0.1894, time elapsed(min) 0.02---
2026-10-01 17:41:59,045 - INFO - --- validation at epoch 58, val_loss 0.0152, val_mae 0.1374, val_rmse 0.1770, val_r2 0.5769, val_pearson 0.7652, lr 1.00e-03 ---
2026-10-01 17:41:59,045 - INFO - 
****************************************************************************************************
2026-10-01 17:42:00,690 - INFO - --- training epoch 59, loss 0.0180, mae 0.1449, rmse 0.1897, time elapsed(min) 0.02---
2026-10-01 17:42:01,023 - INFO - --- validation at epoch 59, val_loss 0.0171, val_mae 0.1440, val_rmse 0.1873, val_r2 0.5262, val_pearson 0.7532, lr 1.00e-03 ---
2026-10-01 17:42:01,023 - INFO - 
****************************************************************************************************
2026-10-01 17:42:02,890 - INFO - --- training epoch 60, loss 0.0182, mae 0.1450, rmse 0.1907, time elapsed(min) 0.03---
2026-10-01 17:42:03,106 - INFO - --- validation at epoch 60, val_loss 0.0162, val_mae 0.1400, val_rmse 0.1822, val_r2 0.5516, val_pearson 0.7545, lr 1.00e-03 ---
2026-10-01 17:42:03,106 - INFO - 
****************************************************************************************************
2026-10-01 17:42:04,706 - INFO - --- training epoch 61, loss 0.0181, mae 0.1467, rmse 0.1902, time elapsed(min) 0.02---
2026-10-01 17:42:04,920 - INFO - --- validation at epoch 61, val_loss 0.0156, val_mae 0.1389, val_rmse 0.1794, val_r2 0.5655, val_pearson 0.7528, lr 1.00e-03 ---
2026-10-01 17:42:04,921 - INFO - 
****************************************************************************************************
2026-10-01 17:42:06,549 - INFO - --- training epoch 62, loss 0.0183, mae 0.1468, rmse 0.1915, time elapsed(min) 0.02---
2026-10-01 17:42:06,763 - INFO - --- validation at epoch 62, val_loss 0.0158, val_mae 0.1404, val_rmse 0.1807, val_r2 0.5588, val_pearson 0.7483, lr 1.00e-03 ---
2026-10-01 17:42:06,763 - INFO - 
****************************************************************************************************
2026-10-01 17:42:08,405 - INFO - --- training epoch 63, loss 0.0186, mae 0.1477, rmse 0.1928, time elapsed(min) 0.02---
2026-10-01 17:42:08,769 - INFO - --- validation at epoch 63, val_loss 0.0154, val_mae 0.1391, val_rmse 0.1807, val_r2 0.5591, val_pearson 0.7547, lr 1.00e-03 ---
2026-10-01 17:42:08,769 - INFO - 
****************************************************************************************************
2026-10-01 17:42:10,506 - INFO - --- training epoch 64, loss 0.0181, mae 0.1454, rmse 0.1903, time elapsed(min) 0.02---
2026-10-01 17:42:10,720 - INFO - --- validation at epoch 64, val_loss 0.0147, val_mae 0.1331, val_rmse 0.1752, val_r2 0.5857, val_pearson 0.7656, lr 1.00e-03 ---
2026-10-01 17:42:10,720 - INFO - 
****************************************************************************************************
2026-10-01 17:42:12,409 - INFO - --- training epoch 65, loss 0.0173, mae 0.1427, rmse 0.1860, time elapsed(min) 0.02---
2026-10-01 17:42:12,644 - INFO - --- validation at epoch 65, val_loss 0.0155, val_mae 0.1382, val_rmse 0.1818, val_r2 0.5537, val_pearson 0.7444, lr 1.00e-03 ---
2026-10-01 17:42:12,644 - INFO - 
****************************************************************************************************
2026-10-01 17:42:14,360 - INFO - --- training epoch 66, loss 0.0171, mae 0.1413, rmse 0.1849, time elapsed(min) 0.02---
2026-10-01 17:42:14,745 - INFO - --- validation at epoch 66, val_loss 0.0164, val_mae 0.1410, val_rmse 0.1864, val_r2 0.5309, val_pearson 0.7304, lr 1.00e-03 ---
2026-10-01 17:42:14,746 - INFO - 
****************************************************************************************************
2026-10-01 17:42:16,616 - INFO - --- training epoch 67, loss 0.0175, mae 0.1437, rmse 0.1871, time elapsed(min) 0.03---
2026-10-01 17:42:16,831 - INFO - --- validation at epoch 67, val_loss 0.0150, val_mae 0.1354, val_rmse 0.1775, val_r2 0.5746, val_pearson 0.7585, lr 1.00e-03 ---
2026-10-01 17:42:16,832 - INFO - 
****************************************************************************************************
2026-10-01 17:42:18,461 - INFO - --- training epoch 68, loss 0.0167, mae 0.1397, rmse 0.1826, time elapsed(min) 0.02---
2026-10-01 17:42:18,677 - INFO - --- validation at epoch 68, val_loss 0.0145, val_mae 0.1348, val_rmse 0.1783, val_r2 0.5707, val_pearson 0.7587, lr 1.00e-03 ---
2026-10-01 17:42:18,677 - INFO - 
****************************************************************************************************
2026-10-01 17:42:20,442 - INFO - --- training epoch 69, loss 0.0166, mae 0.1390, rmse 0.1822, time elapsed(min) 0.02---
2026-10-01 17:42:20,773 - INFO - --- validation at epoch 69, val_loss 0.0140, val_mae 0.1319, val_rmse 0.1707, val_r2 0.6066, val_pearson 0.7790, lr 1.00e-03 ---
2026-10-01 17:42:20,773 - INFO - 
****************************************************************************************************
2026-10-01 17:42:22,675 - INFO - --- training epoch 70, loss 0.0176, mae 0.1445, rmse 0.1878, time elapsed(min) 0.03---
2026-10-01 17:42:22,884 - INFO - --- validation at epoch 70, val_loss 0.0142, val_mae 0.1303, val_rmse 0.1744, val_r2 0.5894, val_pearson 0.7701, lr 1.00e-03 ---
2026-10-01 17:42:22,885 - INFO - 
****************************************************************************************************
2026-10-01 17:42:24,544 - INFO - --- training epoch 71, loss 0.0175, mae 0.1433, rmse 0.1873, time elapsed(min) 0.02---
2026-10-01 17:42:24,775 - INFO - --- validation at epoch 71, val_loss 0.0149, val_mae 0.1333, val_rmse 0.1755, val_r2 0.5842, val_pearson 0.7650, lr 1.00e-03 ---
2026-10-01 17:42:24,775 - INFO - 
****************************************************************************************************
2026-10-01 17:42:26,406 - INFO - --- training epoch 72, loss 0.0169, mae 0.1404, rmse 0.1836, time elapsed(min) 0.02---
2026-10-01 17:42:26,618 - INFO - --- validation at epoch 72, val_loss 0.0144, val_mae 0.1334, val_rmse 0.1724, val_r2 0.5985, val_pearson 0.7804, lr 1.00e-03 ---
2026-10-01 17:42:26,618 - INFO - 
****************************************************************************************************
2026-10-01 17:42:28,371 - INFO - --- training epoch 73, loss 0.0168, mae 0.1398, rmse 0.1830, time elapsed(min) 0.02---
2026-10-01 17:42:28,740 - INFO - --- validation at epoch 73, val_loss 0.0137, val_mae 0.1304, val_rmse 0.1713, val_r2 0.6038, val_pearson 0.7819, lr 1.00e-03 ---
2026-10-01 17:42:28,740 - INFO - 
****************************************************************************************************
2026-10-01 17:42:30,519 - INFO - --- training epoch 74, loss 0.0166, mae 0.1384, rmse 0.1823, time elapsed(min) 0.02---
2026-10-01 17:42:30,734 - INFO - --- validation at epoch 74, val_loss 0.0153, val_mae 0.1343, val_rmse 0.1745, val_r2 0.5890, val_pearson 0.7782, lr 1.00e-03 ---
2026-10-01 17:42:30,734 - INFO - 
****************************************************************************************************
2026-10-01 17:42:32,392 - INFO - --- training epoch 75, loss 0.0163, mae 0.1389, rmse 0.1807, time elapsed(min) 0.02---
2026-10-01 17:42:32,604 - INFO - --- validation at epoch 75, val_loss 0.0148, val_mae 0.1356, val_rmse 0.1771, val_r2 0.5765, val_pearson 0.7624, lr 1.00e-03 ---
2026-10-01 17:42:32,605 - INFO - 
****************************************************************************************************
2026-10-01 17:42:34,259 - INFO - --- training epoch 76, loss 0.0162, mae 0.1368, rmse 0.1800, time elapsed(min) 0.02---
2026-10-01 17:42:34,623 - INFO - --- validation at epoch 76, val_loss 0.0148, val_mae 0.1345, val_rmse 0.1764, val_r2 0.5796, val_pearson 0.7662, lr 1.00e-03 ---
2026-10-01 17:42:34,623 - INFO - 
****************************************************************************************************
2026-10-01 17:42:36,368 - INFO - --- training epoch 77, loss 0.0167, mae 0.1390, rmse 0.1829, time elapsed(min) 0.02---
2026-10-01 17:42:36,579 - INFO - --- validation at epoch 77, val_loss 0.0149, val_mae 0.1363, val_rmse 0.1774, val_r2 0.5749, val_pearson 0.7697, lr 1.00e-03 ---
2026-10-01 17:42:36,579 - INFO - 
****************************************************************************************************
2026-10-01 17:42:38,227 - INFO - --- training epoch 78, loss 0.0160, mae 0.1372, rmse 0.1789, time elapsed(min) 0.02---
2026-10-01 17:42:38,442 - INFO - --- validation at epoch 78, val_loss 0.0150, val_mae 0.1351, val_rmse 0.1806, val_r2 0.5594, val_pearson 0.7580, lr 1.00e-03 ---
2026-10-01 17:42:38,442 - INFO - 
****************************************************************************************************
2026-10-01 17:42:40,155 - INFO - --- training epoch 79, loss 0.0160, mae 0.1365, rmse 0.1788, time elapsed(min) 0.02---
2026-10-01 17:42:40,487 - INFO - --- validation at epoch 79, val_loss 0.0141, val_mae 0.1321, val_rmse 0.1719, val_r2 0.6007, val_pearson 0.7783, lr 1.00e-03 ---
2026-10-01 17:42:40,487 - INFO - 
****************************************************************************************************
2026-10-01 17:42:42,263 - INFO - --- training epoch 80, loss 0.0161, mae 0.1369, rmse 0.1792, time elapsed(min) 0.03---
2026-10-01 17:42:42,637 - INFO - --- validation at epoch 80, val_loss 0.0142, val_mae 0.1332, val_rmse 0.1721, val_r2 0.5999, val_pearson 0.7794, lr 1.00e-03 ---
2026-10-01 17:42:42,637 - INFO - 
****************************************************************************************************
2026-10-01 17:42:44,384 - INFO - --- training epoch 81, loss 0.0170, mae 0.1408, rmse 0.1846, time elapsed(min) 0.02---
2026-10-01 17:42:44,599 - INFO - --- validation at epoch 81, val_loss 0.0147, val_mae 0.1304, val_rmse 0.1730, val_r2 0.5959, val_pearson 0.7821, lr 1.00e-03 ---
2026-10-01 17:42:44,599 - INFO - 
****************************************************************************************************
2026-10-01 17:42:46,233 - INFO - --- training epoch 82, loss 0.0170, mae 0.1409, rmse 0.1845, time elapsed(min) 0.02---
2026-10-01 17:42:46,447 - INFO - --- validation at epoch 82, val_loss 0.0143, val_mae 0.1307, val_rmse 0.1719, val_r2 0.6008, val_pearson 0.7759, lr 1.00e-03 ---
2026-10-01 17:42:46,447 - INFO - 
****************************************************************************************************
2026-10-01 17:42:48,136 - INFO - --- training epoch 83, loss 0.0162, mae 0.1370, rmse 0.1798, time elapsed(min) 0.02---
2026-10-01 17:42:48,504 - INFO - --- validation at epoch 83, val_loss 0.0140, val_mae 0.1312, val_rmse 0.1698, val_r2 0.6105, val_pearson 0.7830, lr 1.00e-03 ---
2026-10-01 17:42:48,505 - INFO - 
****************************************************************************************************
2026-10-01 17:42:48,894 - INFO - --- early stopping at epoch 83: val_loss did not improve for 10 epochs ---
2026-10-01 17:42:49,151 - INFO - --- selected checkpoint from epoch 73, val_loss 0.0137, val_mae 0.1304, val_rmse 0.1713
2026-10-01 17:42:49,904 - INFO - -- RESULT
2026-10-01 17:42:49,904 - INFO - --- test size: 1728
2026-10-01 17:42:49,904 - INFO - --- MAE: 0.1323 (13.23 pp), RMSE: 0.1748 (17.48 pp), R2: 0.6120, Pearson: 0.7840
2026-10-01 17:42:51,336 - INFO - --- Cell approach_2 DONE: test MAE=0.1323 RMSE=0.1748 R2=0.6120 | sec/epoch=2.00
2026-10-01 17:42:51,351 - INFO - === RUNNING: dataset=suzuki split=split_9 cell=approach_1_linear (tokens=comb, pooling=rn, head=linear) ===
