2026-10-01 12:17:41,038 - INFO - device is	cuda:0
2026-10-01 12:17:41,129 - INFO - -- CONFIGURATIONS
2026-10-01 12:17:41,129 - INFO - --- train/valid/test: 2491/277/1187
2026-10-01 12:17:41,129 - INFO - --- max no. reactants_train, valid, test respectively: 6, 6, 6
2026-10-01 12:17:41,129 - INFO - --- max no. products_train, valid, test respectively: 1, 1, 1
2026-10-01 12:17:41,129 - INFO - --- model_path: ../logs/bh_approach1_grid/runs/bh/fullcv08_split70/approach_1_mlp/model.pt
2026-10-01 12:17:41,139 - INFO - -- TRAINING
2026-10-01 12:17:41,921 - INFO - --- training epoch 0, loss 24.8039, mae 25.2992, rmse 31.5655, time elapsed(min) 0.01---
2026-10-01 12:17:42,086 - INFO - --- validation at epoch 0, val_loss 24.2558, val_mae 25.8531, val_rmse 32.5662, val_r2 -0.2962, val_pearson -0.3293, lr 1.00e-03 ---
2026-10-01 12:17:42,086 - INFO - 
****************************************************************************************************
2026-10-01 12:17:43,323 - INFO - --- training epoch 1, loss 23.0099, mae 23.5056, rmse 28.5977, time elapsed(min) 0.01---
2026-10-01 12:17:43,492 - INFO - --- validation at epoch 1, val_loss 24.1036, val_mae 25.7011, val_rmse 32.1931, val_r2 -0.2666, val_pearson -0.3427, lr 1.00e-03 ---
2026-10-01 12:17:43,492 - INFO - 
****************************************************************************************************
2026-10-01 12:17:44,843 - INFO - --- training epoch 2, loss 22.9253, mae 23.4212, rmse 28.4421, time elapsed(min) 0.02---
2026-10-01 12:17:45,018 - INFO - --- validation at epoch 2, val_loss 24.0328, val_mae 25.6222, val_rmse 31.9926, val_r2 -0.2509, val_pearson -0.0361, lr 1.00e-03 ---
2026-10-01 12:17:45,018 - INFO - 
****************************************************************************************************
2026-10-01 12:17:46,417 - INFO - --- training epoch 3, loss 22.8999, mae 23.3967, rmse 28.1910, time elapsed(min) 0.02---
2026-10-01 12:17:46,590 - INFO - --- validation at epoch 3, val_loss 24.0518, val_mae 25.6292, val_rmse 31.9925, val_r2 -0.2509, val_pearson 0.2417, lr 1.00e-03 ---
2026-10-01 12:17:46,590 - INFO - 
****************************************************************************************************
2026-10-01 12:17:47,883 - INFO - --- training epoch 4, loss 22.9781, mae 23.4746, rmse 28.2250, time elapsed(min) 0.02---
2026-10-01 12:17:48,053 - INFO - --- validation at epoch 4, val_loss 23.7367, val_mae 25.3344, val_rmse 31.2742, val_r2 -0.1953, val_pearson 0.2692, lr 1.00e-03 ---
2026-10-01 12:17:48,053 - INFO - 
****************************************************************************************************
2026-10-01 12:17:49,506 - INFO - --- training epoch 5, loss 22.8260, mae 23.3222, rmse 27.9687, time elapsed(min) 0.02---
2026-10-01 12:17:49,676 - INFO - --- validation at epoch 5, val_loss 23.2361, val_mae 24.8485, val_rmse 30.0694, val_r2 -0.1050, val_pearson 0.2636, lr 1.00e-03 ---
2026-10-01 12:17:49,676 - INFO - 
****************************************************************************************************
2026-10-01 12:17:51,064 - INFO - --- training epoch 6, loss 22.6658, mae 23.1630, rmse 27.6021, time elapsed(min) 0.01---
2026-10-01 12:17:51,232 - INFO - --- validation at epoch 6, val_loss 23.0895, val_mae 24.6779, val_rmse 29.5521, val_r2 -0.0673, val_pearson 0.2646, lr 1.00e-03 ---
2026-10-01 12:17:51,232 - INFO - 
****************************************************************************************************
2026-10-01 12:17:52,446 - INFO - --- training epoch 7, loss 22.6115, mae 23.1092, rmse 27.3977, time elapsed(min) 0.01---
2026-10-01 12:17:52,618 - INFO - --- validation at epoch 7, val_loss 23.1384, val_mae 24.6699, val_rmse 29.3853, val_r2 -0.0553, val_pearson 0.2688, lr 1.00e-03 ---
2026-10-01 12:17:52,618 - INFO - 
****************************************************************************************************
2026-10-01 12:17:53,772 - INFO - --- training epoch 8, loss 22.5728, mae 23.0700, rmse 27.2797, time elapsed(min) 0.01---
2026-10-01 12:17:53,937 - INFO - --- validation at epoch 8, val_loss 23.1118, val_mae 24.6415, val_rmse 29.3666, val_r2 -0.0540, val_pearson 0.2850, lr 1.00e-03 ---
2026-10-01 12:17:53,937 - INFO - 
****************************************************************************************************
2026-10-01 12:17:55,281 - INFO - --- training epoch 9, loss 22.5193, mae 23.0153, rmse 27.2034, time elapsed(min) 0.02---
2026-10-01 12:17:55,464 - INFO - --- validation at epoch 9, val_loss 22.9723, val_mae 24.4502, val_rmse 28.9517, val_r2 -0.0244, val_pearson 0.3297, lr 1.00e-03 ---
2026-10-01 12:17:55,464 - INFO - 
****************************************************************************************************
2026-10-01 12:17:56,896 - INFO - --- training epoch 10, loss 22.2445, mae 22.7407, rmse 26.7357, time elapsed(min) 0.02---
2026-10-01 12:17:57,065 - INFO - --- validation at epoch 10, val_loss 22.6501, val_mae 23.8077, val_rmse 27.5389, val_r2 0.0731, val_pearson 0.3698, lr 1.00e-03 ---
2026-10-01 12:17:57,065 - INFO - 
****************************************************************************************************
2026-10-01 12:17:58,487 - INFO - --- training epoch 11, loss 21.8249, mae 22.3209, rmse 26.4769, time elapsed(min) 0.02---
2026-10-01 12:17:58,873 - INFO - --- validation at epoch 11, val_loss 22.7205, val_mae 23.8455, val_rmse 27.8703, val_r2 0.0507, val_pearson 0.3624, lr 1.00e-03 ---
2026-10-01 12:17:58,873 - INFO - 
****************************************************************************************************
2026-10-01 12:18:00,213 - INFO - --- training epoch 12, loss 21.8169, mae 22.3148, rmse 26.1967, time elapsed(min) 0.01---
2026-10-01 12:18:00,382 - INFO - --- validation at epoch 12, val_loss 23.0600, val_mae 24.1873, val_rmse 28.3930, val_r2 0.0148, val_pearson 0.3713, lr 1.00e-03 ---
2026-10-01 12:18:00,382 - INFO - 
****************************************************************************************************
2026-10-01 12:18:01,535 - INFO - --- training epoch 13, loss 21.8079, mae 22.3035, rmse 26.2991, time elapsed(min) 0.01---
2026-10-01 12:18:01,712 - INFO - --- validation at epoch 13, val_loss 23.2889, val_mae 24.4110, val_rmse 28.8705, val_r2 -0.0187, val_pearson 0.3725, lr 1.00e-03 ---
2026-10-01 12:18:01,712 - INFO - 
****************************************************************************************************
2026-10-01 12:18:02,991 - INFO - --- training epoch 14, loss 21.8969, mae 22.3929, rmse 26.3482, time elapsed(min) 0.02---
2026-10-01 12:18:03,162 - INFO - --- validation at epoch 14, val_loss 23.3473, val_mae 24.5132, val_rmse 29.1863, val_r2 -0.0411, val_pearson 0.3736, lr 1.00e-03 ---
2026-10-01 12:18:03,162 - INFO - 
****************************************************************************************************
2026-10-01 12:18:04,533 - INFO - --- training epoch 15, loss 21.9861, mae 22.4837, rmse 26.4672, time elapsed(min) 0.02---
2026-10-01 12:18:04,718 - INFO - --- validation at epoch 15, val_loss 23.0382, val_mae 24.1865, val_rmse 28.4615, val_r2 0.0100, val_pearson 0.3732, lr 1.00e-03 ---
2026-10-01 12:18:04,718 - INFO - 
****************************************************************************************************
2026-10-01 12:18:06,188 - INFO - --- training epoch 16, loss 21.9190, mae 22.4139, rmse 26.3178, time elapsed(min) 0.02---
2026-10-01 12:18:06,367 - INFO - --- validation at epoch 16, val_loss 22.8486, val_mae 24.0259, val_rmse 28.1638, val_r2 0.0306, val_pearson 0.3704, lr 1.00e-03 ---
2026-10-01 12:18:06,367 - INFO - 
****************************************************************************************************
2026-10-01 12:18:07,923 - INFO - --- training epoch 17, loss 21.9491, mae 22.4445, rmse 26.3747, time elapsed(min) 0.02---
2026-10-01 12:18:08,094 - INFO - --- validation at epoch 17, val_loss 23.1300, val_mae 24.1964, val_rmse 28.3374, val_r2 0.0186, val_pearson 0.3723, lr 1.00e-03 ---
2026-10-01 12:18:08,094 - INFO - 
****************************************************************************************************
2026-10-01 12:18:09,244 - INFO - --- training epoch 18, loss 21.9277, mae 22.4249, rmse 26.2863, time elapsed(min) 0.01---
2026-10-01 12:18:09,425 - INFO - --- validation at epoch 18, val_loss 22.7002, val_mae 23.8700, val_rmse 28.0039, val_r2 0.0416, val_pearson 0.3539, lr 1.00e-03 ---
2026-10-01 12:18:09,425 - INFO - 
****************************************************************************************************
2026-10-01 12:18:10,602 - INFO - --- training epoch 19, loss 21.8972, mae 22.3938, rmse 26.3217, time elapsed(min) 0.01---
2026-10-01 12:18:10,770 - INFO - --- validation at epoch 19, val_loss 22.5248, val_mae 23.6943, val_rmse 27.5481, val_r2 0.0725, val_pearson 0.3614, lr 1.00e-03 ---
2026-10-01 12:18:10,770 - INFO - 
****************************************************************************************************
2026-10-01 12:18:12,199 - INFO - --- training epoch 20, loss 21.8525, mae 22.3492, rmse 26.2441, time elapsed(min) 0.02---
2026-10-01 12:18:12,373 - INFO - --- validation at epoch 20, val_loss 23.3700, val_mae 24.3869, val_rmse 28.8305, val_r2 -0.0158, val_pearson 0.3732, lr 1.00e-03 ---
2026-10-01 12:18:12,374 - INFO - 
****************************************************************************************************
2026-10-01 12:18:13,713 - INFO - --- training epoch 21, loss 22.0307, mae 22.5282, rmse 26.3726, time elapsed(min) 0.02---
2026-10-01 12:18:13,886 - INFO - --- validation at epoch 21, val_loss 22.7337, val_mae 23.8682, val_rmse 27.9749, val_r2 0.0436, val_pearson 0.3641, lr 1.00e-03 ---
2026-10-01 12:18:13,887 - INFO - 
****************************************************************************************************
2026-10-01 12:18:15,239 - INFO - --- training epoch 22, loss 22.0043, mae 22.5007, rmse 26.5199, time elapsed(min) 0.02---
2026-10-01 12:18:15,618 - INFO - --- validation at epoch 22, val_loss 22.9697, val_mae 24.1163, val_rmse 28.3546, val_r2 0.0174, val_pearson 0.3761, lr 1.00e-03 ---
2026-10-01 12:18:15,618 - INFO - 
****************************************************************************************************
2026-10-01 12:18:16,918 - INFO - --- training epoch 23, loss 21.9217, mae 22.4177, rmse 26.2934, time elapsed(min) 0.01---
2026-10-01 12:18:17,095 - INFO - --- validation at epoch 23, val_loss 22.6660, val_mae 23.8369, val_rmse 27.7921, val_r2 0.0560, val_pearson 0.3730, lr 1.00e-03 ---
2026-10-01 12:18:17,095 - INFO - 
****************************************************************************************************
2026-10-01 12:18:18,272 - INFO - --- training epoch 24, loss 21.9251, mae 22.4228, rmse 26.3618, time elapsed(min) 0.01---
2026-10-01 12:18:18,446 - INFO - --- validation at epoch 24, val_loss 22.3173, val_mae 23.5024, val_rmse 27.1060, val_r2 0.1020, val_pearson 0.3702, lr 1.00e-03 ---
2026-10-01 12:18:18,446 - INFO - 
****************************************************************************************************
2026-10-01 12:18:19,968 - INFO - --- training epoch 25, loss 21.7608, mae 22.2572, rmse 26.0338, time elapsed(min) 0.02---
2026-10-01 12:18:20,136 - INFO - --- validation at epoch 25, val_loss 22.4433, val_mae 23.5727, val_rmse 27.3047, val_r2 0.0888, val_pearson 0.3749, lr 1.00e-03 ---
2026-10-01 12:18:20,136 - INFO - 
****************************************************************************************************
2026-10-01 12:18:21,470 - INFO - --- training epoch 26, loss 21.8249, mae 22.3222, rmse 26.1201, time elapsed(min) 0.02---
2026-10-01 12:18:21,643 - INFO - --- validation at epoch 26, val_loss 22.4470, val_mae 23.6154, val_rmse 27.3609, val_r2 0.0851, val_pearson 0.3747, lr 1.00e-03 ---
2026-10-01 12:18:21,643 - INFO - 
****************************************************************************************************
2026-10-01 12:18:23,027 - INFO - --- training epoch 27, loss 21.8327, mae 22.3286, rmse 26.1987, time elapsed(min) 0.02---
2026-10-01 12:18:23,412 - INFO - --- validation at epoch 27, val_loss 22.3524, val_mae 23.5374, val_rmse 27.2079, val_r2 0.0953, val_pearson 0.3728, lr 1.00e-03 ---
2026-10-01 12:18:23,412 - INFO - 
****************************************************************************************************
2026-10-01 12:18:24,714 - INFO - --- training epoch 28, loss 21.7116, mae 22.2078, rmse 25.9997, time elapsed(min) 0.01---
2026-10-01 12:18:24,880 - INFO - --- validation at epoch 28, val_loss 22.3650, val_mae 23.5029, val_rmse 27.1614, val_r2 0.0984, val_pearson 0.3740, lr 1.00e-03 ---
2026-10-01 12:18:24,880 - INFO - 
****************************************************************************************************
2026-10-01 12:18:26,047 - INFO - --- training epoch 29, loss 21.7779, mae 22.2739, rmse 26.1133, time elapsed(min) 0.01---
2026-10-01 12:18:26,226 - INFO - --- validation at epoch 29, val_loss 22.2990, val_mae 23.4688, val_rmse 27.0705, val_r2 0.1044, val_pearson 0.3738, lr 1.00e-03 ---
2026-10-01 12:18:26,226 - INFO - 
****************************************************************************************************
2026-10-01 12:18:27,677 - INFO - --- training epoch 30, loss 21.7380, mae 22.2335, rmse 26.0311, time elapsed(min) 0.02---
2026-10-01 12:18:27,860 - INFO - --- validation at epoch 30, val_loss 22.4025, val_mae 23.5486, val_rmse 27.2542, val_r2 0.0922, val_pearson 0.3733, lr 1.00e-03 ---
2026-10-01 12:18:27,860 - INFO - 
****************************************************************************************************
2026-10-01 12:18:29,250 - INFO - --- training epoch 31, loss 21.7704, mae 22.2674, rmse 26.1215, time elapsed(min) 0.02---
2026-10-01 12:18:29,420 - INFO - --- validation at epoch 31, val_loss 22.3249, val_mae 23.4646, val_rmse 27.0953, val_r2 0.1028, val_pearson 0.3732, lr 1.00e-03 ---
2026-10-01 12:18:29,420 - INFO - 
****************************************************************************************************
2026-10-01 12:18:30,777 - INFO - --- training epoch 32, loss 21.7477, mae 22.2446, rmse 26.0433, time elapsed(min) 0.02---
2026-10-01 12:18:31,165 - INFO - --- validation at epoch 32, val_loss 22.3930, val_mae 23.5386, val_rmse 27.2358, val_r2 0.0934, val_pearson 0.3752, lr 1.00e-03 ---
2026-10-01 12:18:31,165 - INFO - 
****************************************************************************************************
2026-10-01 12:18:32,494 - INFO - --- training epoch 33, loss 21.7611, mae 22.2572, rmse 26.0366, time elapsed(min) 0.01---
2026-10-01 12:18:32,674 - INFO - --- validation at epoch 33, val_loss 22.3475, val_mae 23.4933, val_rmse 27.1470, val_r2 0.0993, val_pearson 0.3753, lr 1.00e-03 ---
2026-10-01 12:18:32,675 - INFO - 
****************************************************************************************************
2026-10-01 12:18:33,815 - INFO - --- training epoch 34, loss 21.7569, mae 22.2531, rmse 26.0780, time elapsed(min) 0.01---
2026-10-01 12:18:33,987 - INFO - --- validation at epoch 34, val_loss 22.3693, val_mae 23.5027, val_rmse 27.1831, val_r2 0.0969, val_pearson 0.3740, lr 1.00e-03 ---
2026-10-01 12:18:33,987 - INFO - 
****************************************************************************************************
2026-10-01 12:18:35,326 - INFO - --- training epoch 35, loss 21.7657, mae 22.2619, rmse 26.0371, time elapsed(min) 0.02---
2026-10-01 12:18:35,506 - INFO - --- validation at epoch 35, val_loss 22.3403, val_mae 23.4828, val_rmse 27.1330, val_r2 0.1003, val_pearson 0.3747, lr 1.00e-03 ---
2026-10-01 12:18:35,506 - INFO - 
****************************************************************************************************
2026-10-01 12:18:36,866 - INFO - --- training epoch 36, loss 21.7466, mae 22.2418, rmse 26.1316, time elapsed(min) 0.02---
2026-10-01 12:18:37,040 - INFO - --- validation at epoch 36, val_loss 22.3556, val_mae 23.4898, val_rmse 27.1581, val_r2 0.0986, val_pearson 0.3747, lr 1.00e-03 ---
2026-10-01 12:18:37,040 - INFO - 
****************************************************************************************************
2026-10-01 12:18:38,428 - INFO - --- training epoch 37, loss 21.7530, mae 22.2499, rmse 26.0432, time elapsed(min) 0.02---
2026-10-01 12:18:38,602 - INFO - --- validation at epoch 37, val_loss 22.3268, val_mae 23.4569, val_rmse 27.0906, val_r2 0.1031, val_pearson 0.3743, lr 1.00e-03 ---
2026-10-01 12:18:38,602 - INFO - 
****************************************************************************************************
2026-10-01 12:18:39,923 - INFO - --- training epoch 38, loss 21.7538, mae 22.2500, rmse 26.0659, time elapsed(min) 0.01---
2026-10-01 12:18:40,093 - INFO - --- validation at epoch 38, val_loss 22.4225, val_mae 23.5512, val_rmse 27.2842, val_r2 0.0902, val_pearson 0.3748, lr 1.00e-03 ---
2026-10-01 12:18:40,093 - INFO - 
****************************************************************************************************
2026-10-01 12:18:41,258 - INFO - --- training epoch 39, loss 21.7682, mae 22.2643, rmse 26.1246, time elapsed(min) 0.01---
2026-10-01 12:18:41,425 - INFO - --- validation at epoch 39, val_loss 22.3650, val_mae 23.4981, val_rmse 27.1843, val_r2 0.0969, val_pearson 0.3744, lr 1.00e-03 ---
2026-10-01 12:18:41,425 - INFO - 
****************************************************************************************************
2026-10-01 12:18:41,814 - INFO - --- early stopping at epoch 39: val_loss did not improve for 10 epochs ---
2026-10-01 12:18:42,016 - INFO - --- selected checkpoint from epoch 29, val_loss 22.2990, val_mae 23.4688, val_rmse 27.0705
2026-10-01 12:18:42,479 - INFO - -- RESULT
2026-10-01 12:18:42,479 - INFO - --- test size: 1187
2026-10-01 12:18:42,480 - INFO - --- MAE: 21.5587 pp, RMSE: 25.2724 pp, R2: 0.1220, Pearson: 0.3756
2026-10-01 12:18:43,549 - INFO - --- Cell approach_1_mlp DONE: test MAE=21.5587 RMSE=25.2724 R2=0.1220 | sec/epoch=1.52
2026-10-01 12:18:43,563 - INFO - === RUNNING: dataset=bh split=fullcv08_split70 cell=option_b_linear (tokens=ind, pooling=rn, head=linear) ===
