2026-09-30 23:31:49,104 - INFO - device is	cuda:0
2026-09-30 23:31:49,273 - INFO - -- CONFIGURATIONS
2026-09-30 23:31:49,273 - INFO - --- train/valid/test: 2491/277/1187
2026-09-30 23:31:49,273 - INFO - --- max no. reactants_train, valid, test respectively: 6, 6, 6
2026-09-30 23:31:49,273 - INFO - --- max no. products_train, valid, test respectively: 1, 1, 1
2026-09-30 23:31:49,273 - INFO - --- model_path: ../logs/approach2_grid_bh/e400/runs/Buchwald-Hartwig_fullcv08_split70_current_model/model.pt
2026-09-30 23:31:49,282 - INFO - -- TRAINING
2026-09-30 23:31:50,136 - INFO - --- training epoch 0, loss 24.4346, mae 24.9306, rmse 30.7146, time elapsed(min) 0.01---
2026-09-30 23:31:50,302 - INFO - --- validation at epoch 0, val_loss 24.3169, val_mae 25.9133, val_rmse 32.7146, val_r2 -0.3080, val_pearson -0.3263, lr 1.00e-03 ---
2026-09-30 23:31:50,302 - INFO - 
****************************************************************************************************
2026-09-30 23:31:51,791 - INFO - --- training epoch 1, loss 22.9359, mae 23.4321, rmse 28.5258, time elapsed(min) 0.02---
2026-09-30 23:31:51,984 - INFO - --- validation at epoch 1, val_loss 23.5613, val_mae 25.2050, val_rmse 31.1577, val_r2 -0.1865, val_pearson 0.0027, lr 1.00e-03 ---
2026-09-30 23:31:51,984 - INFO - 
****************************************************************************************************
2026-09-30 23:31:53,043 - INFO - --- training epoch 2, loss 22.4591, mae 22.9556, rmse 27.6934, time elapsed(min) 0.01---
2026-09-30 23:31:53,207 - INFO - --- validation at epoch 2, val_loss 21.8226, val_mae 23.6515, val_rmse 27.9173, val_r2 0.0475, val_pearson 0.3246, lr 1.00e-03 ---
2026-09-30 23:31:53,207 - INFO - 
****************************************************************************************************
2026-09-30 23:31:54,281 - INFO - --- training epoch 3, loss 21.7468, mae 22.2421, rmse 26.9842, time elapsed(min) 0.01---
2026-09-30 23:31:54,453 - INFO - --- validation at epoch 3, val_loss 20.9520, val_mae 22.7510, val_rmse 26.9909, val_r2 0.1097, val_pearson 0.3560, lr 1.00e-03 ---
2026-09-30 23:31:54,453 - INFO - 
****************************************************************************************************
2026-09-30 23:31:55,739 - INFO - --- training epoch 4, loss 21.0673, mae 21.5627, rmse 26.4282, time elapsed(min) 0.01---
2026-09-30 23:31:55,909 - INFO - --- validation at epoch 4, val_loss 20.8572, val_mae 22.4541, val_rmse 27.5106, val_r2 0.0750, val_pearson 0.3482, lr 1.00e-03 ---
2026-09-30 23:31:55,909 - INFO - 
****************************************************************************************************
2026-09-30 23:31:57,192 - INFO - --- training epoch 5, loss 21.1511, mae 21.6460, rmse 26.4543, time elapsed(min) 0.01---
2026-09-30 23:31:57,355 - INFO - --- validation at epoch 5, val_loss 20.0892, val_mae 21.7471, val_rmse 26.5688, val_r2 0.1373, val_pearson 0.4013, lr 1.00e-03 ---
2026-09-30 23:31:57,356 - INFO - 
****************************************************************************************************
2026-09-30 23:31:58,760 - INFO - --- training epoch 6, loss 20.8057, mae 21.3005, rmse 26.1203, time elapsed(min) 0.02---
2026-09-30 23:31:58,924 - INFO - --- validation at epoch 6, val_loss 20.0532, val_mae 21.6438, val_rmse 25.9790, val_r2 0.1752, val_pearson 0.4307, lr 1.00e-03 ---
2026-09-30 23:31:58,924 - INFO - 
****************************************************************************************************
2026-09-30 23:32:00,230 - INFO - --- training epoch 7, loss 20.3163, mae 20.8099, rmse 25.4167, time elapsed(min) 0.01---
2026-09-30 23:32:00,763 - INFO - --- validation at epoch 7, val_loss 19.4084, val_mae 20.6886, val_rmse 25.2773, val_r2 0.2191, val_pearson 0.4741, lr 1.00e-03 ---
2026-09-30 23:32:00,763 - INFO - 
****************************************************************************************************
2026-09-30 23:32:01,901 - INFO - --- training epoch 8, loss 20.1351, mae 20.6318, rmse 25.1402, time elapsed(min) 0.01---
2026-09-30 23:32:02,075 - INFO - --- validation at epoch 8, val_loss 19.5302, val_mae 20.3229, val_rmse 24.8497, val_r2 0.2453, val_pearson 0.5057, lr 1.00e-03 ---
2026-09-30 23:32:02,075 - INFO - 
****************************************************************************************************
2026-09-30 23:32:03,105 - INFO - --- training epoch 9, loss 20.1122, mae 20.6068, rmse 25.0849, time elapsed(min) 0.01---
2026-09-30 23:32:03,281 - INFO - --- validation at epoch 9, val_loss 19.0803, val_mae 19.9455, val_rmse 24.4132, val_r2 0.2716, val_pearson 0.5254, lr 1.00e-03 ---
2026-09-30 23:32:03,281 - INFO - 
****************************************************************************************************
2026-09-30 23:32:04,588 - INFO - --- training epoch 10, loss 19.9503, mae 20.4450, rmse 24.5582, time elapsed(min) 0.01---
2026-09-30 23:32:04,757 - INFO - --- validation at epoch 10, val_loss 18.4451, val_mae 19.7833, val_rmse 23.8536, val_r2 0.3046, val_pearson 0.5520, lr 1.00e-03 ---
2026-09-30 23:32:04,757 - INFO - 
****************************************************************************************************
2026-09-30 23:32:06,064 - INFO - --- training epoch 11, loss 19.5445, mae 20.0394, rmse 24.3280, time elapsed(min) 0.01---
2026-09-30 23:32:06,238 - INFO - --- validation at epoch 11, val_loss 19.0773, val_mae 20.1632, val_rmse 24.4528, val_r2 0.2692, val_pearson 0.5216, lr 1.00e-03 ---
2026-09-30 23:32:06,238 - INFO - 
****************************************************************************************************
2026-09-30 23:32:07,586 - INFO - --- training epoch 12, loss 19.3678, mae 19.8624, rmse 24.3282, time elapsed(min) 0.02---
2026-09-30 23:32:07,768 - INFO - --- validation at epoch 12, val_loss 18.8222, val_mae 19.7640, val_rmse 24.0951, val_r2 0.2905, val_pearson 0.5420, lr 1.00e-03 ---
2026-09-30 23:32:07,769 - INFO - 
****************************************************************************************************
2026-09-30 23:32:08,931 - INFO - --- training epoch 13, loss 19.2455, mae 19.7403, rmse 24.2836, time elapsed(min) 0.01---
2026-09-30 23:32:09,104 - INFO - --- validation at epoch 13, val_loss 18.7475, val_mae 19.7344, val_rmse 24.3191, val_r2 0.2772, val_pearson 0.5454, lr 1.00e-03 ---
2026-09-30 23:32:09,104 - INFO - 
****************************************************************************************************
2026-09-30 23:32:10,129 - INFO - --- training epoch 14, loss 19.6074, mae 20.1015, rmse 24.7889, time elapsed(min) 0.01---
2026-09-30 23:32:10,300 - INFO - --- validation at epoch 14, val_loss 18.9563, val_mae 20.4016, val_rmse 25.5927, val_r2 0.1995, val_pearson 0.5138, lr 1.00e-03 ---
2026-09-30 23:32:10,300 - INFO - 
****************************************************************************************************
2026-09-30 23:32:11,514 - INFO - --- training epoch 15, loss 19.0980, mae 19.5929, rmse 23.9226, time elapsed(min) 0.01---
2026-09-30 23:32:11,677 - INFO - --- validation at epoch 15, val_loss 19.3272, val_mae 19.9630, val_rmse 24.9933, val_r2 0.2366, val_pearson 0.5269, lr 1.00e-03 ---
2026-09-30 23:32:11,677 - INFO - 
****************************************************************************************************
2026-09-30 23:32:12,899 - INFO - --- training epoch 16, loss 19.4067, mae 19.9018, rmse 24.1074, time elapsed(min) 0.01---
2026-09-30 23:32:13,062 - INFO - --- validation at epoch 16, val_loss 18.7840, val_mae 20.0508, val_rmse 24.6308, val_r2 0.2586, val_pearson 0.5483, lr 1.00e-03 ---
2026-09-30 23:32:13,063 - INFO - 
****************************************************************************************************
2026-09-30 23:32:14,305 - INFO - --- training epoch 17, loss 19.5968, mae 20.0924, rmse 24.5415, time elapsed(min) 0.01---
2026-09-30 23:32:14,477 - INFO - --- validation at epoch 17, val_loss 18.2417, val_mae 19.2055, val_rmse 23.8081, val_r2 0.3073, val_pearson 0.5639, lr 1.00e-03 ---
2026-09-30 23:32:14,477 - INFO - 
****************************************************************************************************
2026-09-30 23:32:16,000 - INFO - --- training epoch 18, loss 19.0935, mae 19.5888, rmse 23.9299, time elapsed(min) 0.02---
2026-09-30 23:32:16,164 - INFO - --- validation at epoch 18, val_loss 18.5140, val_mae 19.6578, val_rmse 24.7566, val_r2 0.2510, val_pearson 0.5527, lr 1.00e-03 ---
2026-09-30 23:32:16,164 - INFO - 
****************************************************************************************************
2026-09-30 23:32:17,196 - INFO - --- training epoch 19, loss 19.1012, mae 19.5965, rmse 23.8563, time elapsed(min) 0.01---
2026-09-30 23:32:17,352 - INFO - --- validation at epoch 19, val_loss 18.3645, val_mae 19.5148, val_rmse 24.8821, val_r2 0.2433, val_pearson 0.5377, lr 1.00e-03 ---
2026-09-30 23:32:17,352 - INFO - 
****************************************************************************************************
2026-09-30 23:32:18,374 - INFO - --- training epoch 20, loss 19.1894, mae 19.6854, rmse 24.0533, time elapsed(min) 0.01---
2026-09-30 23:32:18,543 - INFO - --- validation at epoch 20, val_loss 19.0018, val_mae 19.8551, val_rmse 25.2176, val_r2 0.2228, val_pearson 0.5157, lr 1.00e-03 ---
2026-09-30 23:32:18,543 - INFO - 
****************************************************************************************************
2026-09-30 23:32:19,766 - INFO - --- training epoch 21, loss 19.2556, mae 19.7528, rmse 24.0029, time elapsed(min) 0.01---
2026-09-30 23:32:19,929 - INFO - --- validation at epoch 21, val_loss 18.3757, val_mae 19.5425, val_rmse 24.3560, val_r2 0.2750, val_pearson 0.5563, lr 1.00e-03 ---
2026-09-30 23:32:19,929 - INFO - 
****************************************************************************************************
2026-09-30 23:32:21,159 - INFO - --- training epoch 22, loss 19.0509, mae 19.5465, rmse 23.6568, time elapsed(min) 0.01---
2026-09-30 23:32:21,334 - INFO - --- validation at epoch 22, val_loss 18.1771, val_mae 19.2589, val_rmse 24.5061, val_r2 0.2660, val_pearson 0.5571, lr 1.00e-03 ---
2026-09-30 23:32:21,334 - INFO - 
****************************************************************************************************
2026-09-30 23:32:22,800 - INFO - --- training epoch 23, loss 19.0515, mae 19.5476, rmse 23.8988, time elapsed(min) 0.02---
2026-09-30 23:32:22,970 - INFO - --- validation at epoch 23, val_loss 17.9079, val_mae 19.1110, val_rmse 23.6197, val_r2 0.3182, val_pearson 0.5742, lr 1.00e-03 ---
2026-09-30 23:32:22,971 - INFO - 
****************************************************************************************************
2026-09-30 23:32:24,074 - INFO - --- training epoch 24, loss 19.0491, mae 19.5445, rmse 24.1104, time elapsed(min) 0.01---
2026-09-30 23:32:24,248 - INFO - --- validation at epoch 24, val_loss 18.3559, val_mae 19.6108, val_rmse 24.5802, val_r2 0.2616, val_pearson 0.5455, lr 1.00e-03 ---
2026-09-30 23:32:24,248 - INFO - 
****************************************************************************************************
2026-09-30 23:32:25,425 - INFO - --- training epoch 25, loss 19.0040, mae 19.4988, rmse 23.6390, time elapsed(min) 0.01---
2026-09-30 23:32:25,598 - INFO - --- validation at epoch 25, val_loss 17.3981, val_mae 18.8160, val_rmse 23.6002, val_r2 0.3193, val_pearson 0.5843, lr 1.00e-03 ---
2026-09-30 23:32:25,598 - INFO - 
****************************************************************************************************
2026-09-30 23:32:27,036 - INFO - --- training epoch 26, loss 18.8525, mae 19.3473, rmse 23.9876, time elapsed(min) 0.02---
2026-09-30 23:32:27,210 - INFO - --- validation at epoch 26, val_loss 18.1397, val_mae 19.8206, val_rmse 24.6216, val_r2 0.2591, val_pearson 0.5497, lr 1.00e-03 ---
2026-09-30 23:32:27,210 - INFO - 
****************************************************************************************************
2026-09-30 23:32:28,596 - INFO - --- training epoch 27, loss 18.7342, mae 19.2295, rmse 23.5035, time elapsed(min) 0.02---
2026-09-30 23:32:28,756 - INFO - --- validation at epoch 27, val_loss 17.5272, val_mae 19.0997, val_rmse 24.0065, val_r2 0.2957, val_pearson 0.5681, lr 1.00e-03 ---
2026-09-30 23:32:28,757 - INFO - 
****************************************************************************************************
2026-09-30 23:32:30,162 - INFO - --- training epoch 28, loss 18.8101, mae 19.3062, rmse 23.8342, time elapsed(min) 0.02---
2026-09-30 23:32:30,328 - INFO - --- validation at epoch 28, val_loss 18.6061, val_mae 19.4512, val_rmse 24.8723, val_r2 0.2439, val_pearson 0.5455, lr 1.00e-03 ---
2026-09-30 23:32:30,328 - INFO - 
****************************************************************************************************
2026-09-30 23:32:31,356 - INFO - --- training epoch 29, loss 18.7920, mae 19.2870, rmse 23.7520, time elapsed(min) 0.01---
2026-09-30 23:32:31,524 - INFO - --- validation at epoch 29, val_loss 19.2395, val_mae 20.0680, val_rmse 25.2033, val_r2 0.2237, val_pearson 0.5397, lr 1.00e-03 ---
2026-09-30 23:32:31,525 - INFO - 
****************************************************************************************************
2026-09-30 23:32:32,556 - INFO - --- training epoch 30, loss 19.0745, mae 19.5695, rmse 23.7274, time elapsed(min) 0.01---
2026-09-30 23:32:32,726 - INFO - --- validation at epoch 30, val_loss 17.5817, val_mae 18.9989, val_rmse 23.8523, val_r2 0.3047, val_pearson 0.5735, lr 1.00e-03 ---
2026-09-30 23:32:32,727 - INFO - 
****************************************************************************************************
2026-09-30 23:32:33,960 - INFO - --- training epoch 31, loss 18.7199, mae 19.2139, rmse 23.7582, time elapsed(min) 0.01---
2026-09-30 23:32:34,131 - INFO - --- validation at epoch 31, val_loss 18.4545, val_mae 19.8388, val_rmse 24.7900, val_r2 0.2489, val_pearson 0.5397, lr 1.00e-03 ---
2026-09-30 23:32:34,131 - INFO - 
****************************************************************************************************
2026-09-30 23:32:35,392 - INFO - --- training epoch 32, loss 18.8949, mae 19.3894, rmse 23.6228, time elapsed(min) 0.01---
2026-09-30 23:32:35,556 - INFO - --- validation at epoch 32, val_loss 17.5431, val_mae 18.9749, val_rmse 23.2661, val_r2 0.3384, val_pearson 0.5837, lr 1.00e-03 ---
2026-09-30 23:32:35,556 - INFO - 
****************************************************************************************************
2026-09-30 23:32:36,969 - INFO - --- training epoch 33, loss 18.5162, mae 19.0108, rmse 23.5374, time elapsed(min) 0.02---
2026-09-30 23:32:37,142 - INFO - --- validation at epoch 33, val_loss 17.8342, val_mae 19.2211, val_rmse 23.7347, val_r2 0.3115, val_pearson 0.5694, lr 1.00e-03 ---
2026-09-30 23:32:37,142 - INFO - 
****************************************************************************************************
2026-09-30 23:32:38,184 - INFO - --- training epoch 34, loss 18.6609, mae 19.1553, rmse 23.6195, time elapsed(min) 0.01---
2026-09-30 23:32:38,343 - INFO - --- validation at epoch 34, val_loss 17.4806, val_mae 18.9976, val_rmse 23.5594, val_r2 0.3217, val_pearson 0.5794, lr 1.00e-03 ---
2026-09-30 23:32:38,344 - INFO - 
****************************************************************************************************
2026-09-30 23:32:39,509 - INFO - --- training epoch 35, loss 19.1155, mae 19.6111, rmse 24.0911, time elapsed(min) 0.01---
2026-09-30 23:32:39,678 - INFO - --- validation at epoch 35, val_loss 18.1582, val_mae 19.5363, val_rmse 24.0719, val_r2 0.2918, val_pearson 0.5675, lr 1.00e-03 ---
2026-09-30 23:32:39,678 - INFO - 
****************************************************************************************************
2026-09-30 23:32:40,927 - INFO - --- training epoch 36, loss 18.8835, mae 19.3771, rmse 24.0084, time elapsed(min) 0.01---
2026-09-30 23:32:41,097 - INFO - --- validation at epoch 36, val_loss 18.1427, val_mae 19.2712, val_rmse 24.0031, val_r2 0.2959, val_pearson 0.5580, lr 1.00e-03 ---
2026-09-30 23:32:41,097 - INFO - 
****************************************************************************************************
2026-09-30 23:32:42,331 - INFO - --- training epoch 37, loss 18.2082, mae 18.7025, rmse 23.1093, time elapsed(min) 0.01---
2026-09-30 23:32:42,494 - INFO - --- validation at epoch 37, val_loss 17.4401, val_mae 18.4446, val_rmse 23.1999, val_r2 0.3422, val_pearson 0.5892, lr 3.00e-04 ---
2026-09-30 23:32:42,494 - INFO - 
****************************************************************************************************
2026-09-30 23:32:43,744 - INFO - --- training epoch 38, loss 18.0736, mae 18.5678, rmse 23.1894, time elapsed(min) 0.01---
2026-09-30 23:32:44,090 - INFO - --- validation at epoch 38, val_loss 17.3338, val_mae 18.2351, val_rmse 23.0730, val_r2 0.3494, val_pearson 0.5972, lr 3.00e-04 ---
2026-09-30 23:32:44,090 - INFO - 
****************************************************************************************************
2026-09-30 23:32:45,357 - INFO - --- training epoch 39, loss 17.8976, mae 18.3918, rmse 22.9748, time elapsed(min) 0.01---
2026-09-30 23:32:45,524 - INFO - --- validation at epoch 39, val_loss 17.2613, val_mae 18.2963, val_rmse 23.0292, val_r2 0.3518, val_pearson 0.6028, lr 3.00e-04 ---
2026-09-30 23:32:45,524 - INFO - 
****************************************************************************************************
2026-09-30 23:32:46,625 - INFO - --- training epoch 40, loss 17.7920, mae 18.2854, rmse 23.0194, time elapsed(min) 0.01---
2026-09-30 23:32:46,793 - INFO - --- validation at epoch 40, val_loss 17.2763, val_mae 18.3894, val_rmse 22.9823, val_r2 0.3545, val_pearson 0.6048, lr 3.00e-04 ---
2026-09-30 23:32:46,793 - INFO - 
****************************************************************************************************
2026-09-30 23:32:48,042 - INFO - --- training epoch 41, loss 17.6162, mae 18.1090, rmse 22.7972, time elapsed(min) 0.01---
2026-09-30 23:32:48,209 - INFO - --- validation at epoch 41, val_loss 17.7032, val_mae 18.6584, val_rmse 23.3715, val_r2 0.3324, val_pearson 0.6026, lr 3.00e-04 ---
2026-09-30 23:32:48,209 - INFO - 
****************************************************************************************************
2026-09-30 23:32:49,455 - INFO - --- training epoch 42, loss 18.0353, mae 18.5302, rmse 23.3550, time elapsed(min) 0.01---
2026-09-30 23:32:49,617 - INFO - --- validation at epoch 42, val_loss 18.2363, val_mae 19.7167, val_rmse 24.9318, val_r2 0.2403, val_pearson 0.5607, lr 3.00e-04 ---
2026-09-30 23:32:49,617 - INFO - 
****************************************************************************************************
2026-09-30 23:32:50,866 - INFO - --- training epoch 43, loss 18.2082, mae 18.7030, rmse 23.2266, time elapsed(min) 0.01---
2026-09-30 23:32:51,044 - INFO - --- validation at epoch 43, val_loss 17.9499, val_mae 19.2456, val_rmse 23.8550, val_r2 0.3045, val_pearson 0.6108, lr 3.00e-04 ---
2026-09-30 23:32:51,044 - INFO - 
****************************************************************************************************
2026-09-30 23:32:52,259 - INFO - --- training epoch 44, loss 17.4213, mae 17.9141, rmse 22.4971, time elapsed(min) 0.01---
2026-09-30 23:32:52,427 - INFO - --- validation at epoch 44, val_loss 17.3445, val_mae 18.2551, val_rmse 22.7314, val_r2 0.3685, val_pearson 0.6249, lr 3.00e-04 ---
2026-09-30 23:32:52,428 - INFO - 
****************************************************************************************************
2026-09-30 23:32:53,461 - INFO - --- training epoch 45, loss 16.7678, mae 17.2617, rmse 21.8657, time elapsed(min) 0.01---
2026-09-30 23:32:53,623 - INFO - --- validation at epoch 45, val_loss 16.1532, val_mae 17.0375, val_rmse 21.7209, val_r2 0.4234, val_pearson 0.6540, lr 3.00e-04 ---
2026-09-30 23:32:53,623 - INFO - 
****************************************************************************************************
2026-09-30 23:32:55,059 - INFO - --- training epoch 46, loss 16.8029, mae 17.2962, rmse 22.0052, time elapsed(min) 0.02---
2026-09-30 23:32:55,232 - INFO - --- validation at epoch 46, val_loss 15.7646, val_mae 16.8674, val_rmse 21.2803, val_r2 0.4466, val_pearson 0.6732, lr 3.00e-04 ---
2026-09-30 23:32:55,232 - INFO - 
****************************************************************************************************
2026-09-30 23:32:56,555 - INFO - --- training epoch 47, loss 15.7761, mae 16.2661, rmse 21.1408, time elapsed(min) 0.01---
2026-09-30 23:32:56,723 - INFO - --- validation at epoch 47, val_loss 15.3800, val_mae 16.5792, val_rmse 21.1778, val_r2 0.4519, val_pearson 0.6825, lr 3.00e-04 ---
2026-09-30 23:32:56,724 - INFO - 
****************************************************************************************************
2026-09-30 23:32:58,040 - INFO - --- training epoch 48, loss 15.1992, mae 15.6907, rmse 20.3987, time elapsed(min) 0.01---
2026-09-30 23:32:58,191 - INFO - --- validation at epoch 48, val_loss 15.0187, val_mae 15.6212, val_rmse 20.7637, val_r2 0.4731, val_pearson 0.7019, lr 3.00e-04 ---
2026-09-30 23:32:58,192 - INFO - 
****************************************************************************************************
2026-09-30 23:32:59,460 - INFO - --- training epoch 49, loss 14.8852, mae 15.3774, rmse 20.4013, time elapsed(min) 0.01---
2026-09-30 23:32:59,627 - INFO - --- validation at epoch 49, val_loss 14.0570, val_mae 15.0607, val_rmse 19.9364, val_r2 0.5142, val_pearson 0.7187, lr 3.00e-04 ---
2026-09-30 23:32:59,628 - INFO - 
****************************************************************************************************
2026-09-30 23:33:00,730 - INFO - --- training epoch 50, loss 14.3540, mae 14.8448, rmse 19.8220, time elapsed(min) 0.01---
2026-09-30 23:33:00,901 - INFO - --- validation at epoch 50, val_loss 14.4446, val_mae 15.4285, val_rmse 20.3988, val_r2 0.4915, val_pearson 0.7101, lr 3.00e-04 ---
2026-09-30 23:33:00,901 - INFO - 
****************************************************************************************************
2026-09-30 23:33:02,089 - INFO - --- training epoch 51, loss 13.9398, mae 14.4309, rmse 18.9552, time elapsed(min) 0.01---
2026-09-30 23:33:02,263 - INFO - --- validation at epoch 51, val_loss 13.7735, val_mae 14.4484, val_rmse 18.9561, val_r2 0.5608, val_pearson 0.7561, lr 3.00e-04 ---
2026-09-30 23:33:02,263 - INFO - 
****************************************************************************************************
2026-09-30 23:33:03,591 - INFO - --- training epoch 52, loss 12.7919, mae 13.2841, rmse 17.4190, time elapsed(min) 0.01---
2026-09-30 23:33:03,758 - INFO - --- validation at epoch 52, val_loss 12.2602, val_mae 12.7285, val_rmse 16.7985, val_r2 0.6551, val_pearson 0.8200, lr 3.00e-04 ---
2026-09-30 23:33:03,758 - INFO - 
****************************************************************************************************
2026-09-30 23:33:05,084 - INFO - --- training epoch 53, loss 11.7725, mae 12.2629, rmse 16.4030, time elapsed(min) 0.01---
2026-09-30 23:33:05,258 - INFO - --- validation at epoch 53, val_loss 11.9725, val_mae 12.1171, val_rmse 16.4184, val_r2 0.6706, val_pearson 0.8300, lr 3.00e-04 ---
2026-09-30 23:33:05,258 - INFO - 
****************************************************************************************************
2026-09-30 23:33:06,733 - INFO - --- training epoch 54, loss 11.5342, mae 12.0245, rmse 16.2599, time elapsed(min) 0.02---
2026-09-30 23:33:06,920 - INFO - --- validation at epoch 54, val_loss 10.6182, val_mae 11.5488, val_rmse 16.5777, val_r2 0.6641, val_pearson 0.8256, lr 3.00e-04 ---
2026-09-30 23:33:06,920 - INFO - 
****************************************************************************************************
2026-09-30 23:33:08,043 - INFO - --- training epoch 55, loss 11.4529, mae 11.9417, rmse 16.1083, time elapsed(min) 0.01---
2026-09-30 23:33:08,220 - INFO - --- validation at epoch 55, val_loss 11.5341, val_mae 12.4563, val_rmse 16.7619, val_r2 0.6566, val_pearson 0.8312, lr 3.00e-04 ---
2026-09-30 23:33:08,220 - INFO - 
****************************************************************************************************
2026-09-30 23:33:09,401 - INFO - --- training epoch 56, loss 11.0744, mae 11.5641, rmse 15.7104, time elapsed(min) 0.01---
2026-09-30 23:33:09,576 - INFO - --- validation at epoch 56, val_loss 11.7972, val_mae 12.0715, val_rmse 16.7197, val_r2 0.6584, val_pearson 0.8217, lr 3.00e-04 ---
2026-09-30 23:33:09,576 - INFO - 
****************************************************************************************************
2026-09-30 23:33:10,827 - INFO - --- training epoch 57, loss 11.3920, mae 11.8829, rmse 16.0198, time elapsed(min) 0.01---
2026-09-30 23:33:11,002 - INFO - --- validation at epoch 57, val_loss 10.6797, val_mae 11.7091, val_rmse 16.3049, val_r2 0.6751, val_pearson 0.8330, lr 3.00e-04 ---
2026-09-30 23:33:11,002 - INFO - 
****************************************************************************************************
2026-09-30 23:33:12,254 - INFO - --- training epoch 58, loss 10.8090, mae 11.2963, rmse 15.5391, time elapsed(min) 0.01---
2026-09-30 23:33:12,404 - INFO - --- validation at epoch 58, val_loss 10.5923, val_mae 12.0726, val_rmse 16.1624, val_r2 0.6807, val_pearson 0.8337, lr 3.00e-04 ---
2026-09-30 23:33:12,404 - INFO - 
****************************************************************************************************
2026-09-30 23:33:13,915 - INFO - --- training epoch 59, loss 10.9513, mae 11.4389, rmse 15.6887, time elapsed(min) 0.02---
2026-09-30 23:33:14,080 - INFO - --- validation at epoch 59, val_loss 11.4483, val_mae 11.8736, val_rmse 17.0357, val_r2 0.6453, val_pearson 0.8255, lr 3.00e-04 ---
2026-09-30 23:33:14,080 - INFO - 
****************************************************************************************************
2026-09-30 23:33:15,114 - INFO - --- training epoch 60, loss 10.8320, mae 11.3193, rmse 16.0140, time elapsed(min) 0.01---
2026-09-30 23:33:15,289 - INFO - --- validation at epoch 60, val_loss 9.9121, val_mae 10.9872, val_rmse 16.0888, val_r2 0.6837, val_pearson 0.8303, lr 3.00e-04 ---
2026-09-30 23:33:15,289 - INFO - 
****************************************************************************************************
2026-09-30 23:33:16,401 - INFO - --- training epoch 61, loss 10.2550, mae 10.7431, rmse 15.0277, time elapsed(min) 0.01---
2026-09-30 23:33:16,566 - INFO - --- validation at epoch 61, val_loss 9.4380, val_mae 10.7214, val_rmse 16.1123, val_r2 0.6827, val_pearson 0.8338, lr 3.00e-04 ---
2026-09-30 23:33:16,567 - INFO - 
****************************************************************************************************
2026-09-30 23:33:18,008 - INFO - --- training epoch 62, loss 10.1330, mae 10.6210, rmse 14.9053, time elapsed(min) 0.02---
2026-09-30 23:33:18,186 - INFO - --- validation at epoch 62, val_loss 9.5931, val_mae 10.8863, val_rmse 15.8426, val_r2 0.6933, val_pearson 0.8385, lr 3.00e-04 ---
2026-09-30 23:33:18,187 - INFO - 
****************************************************************************************************
2026-09-30 23:33:19,455 - INFO - --- training epoch 63, loss 10.0495, mae 10.5347, rmse 14.9939, time elapsed(min) 0.01---
2026-09-30 23:33:19,622 - INFO - --- validation at epoch 63, val_loss 9.8470, val_mae 10.9465, val_rmse 16.0843, val_r2 0.6838, val_pearson 0.8344, lr 3.00e-04 ---
2026-09-30 23:33:19,622 - INFO - 
****************************************************************************************************
2026-09-30 23:33:21,080 - INFO - --- training epoch 64, loss 10.0094, mae 10.4950, rmse 14.7982, time elapsed(min) 0.02---
2026-09-30 23:33:21,242 - INFO - --- validation at epoch 64, val_loss 9.6391, val_mae 10.8144, val_rmse 15.6561, val_r2 0.7004, val_pearson 0.8458, lr 3.00e-04 ---
2026-09-30 23:33:21,242 - INFO - 
****************************************************************************************************
2026-09-30 23:33:22,298 - INFO - --- training epoch 65, loss 10.1838, mae 10.6714, rmse 15.1476, time elapsed(min) 0.01---
2026-09-30 23:33:22,467 - INFO - --- validation at epoch 65, val_loss 10.2534, val_mae 11.1844, val_rmse 16.3712, val_r2 0.6724, val_pearson 0.8391, lr 3.00e-04 ---
2026-09-30 23:33:22,468 - INFO - 
****************************************************************************************************
2026-09-30 23:33:23,522 - INFO - --- training epoch 66, loss 10.0777, mae 10.5644, rmse 14.9899, time elapsed(min) 0.01---
2026-09-30 23:33:23,695 - INFO - --- validation at epoch 66, val_loss 9.7813, val_mae 10.8651, val_rmse 15.5685, val_r2 0.7038, val_pearson 0.8414, lr 3.00e-04 ---
2026-09-30 23:33:23,695 - INFO - 
****************************************************************************************************
2026-09-30 23:33:24,938 - INFO - --- training epoch 67, loss 10.4412, mae 10.9277, rmse 15.2148, time elapsed(min) 0.01---
2026-09-30 23:33:25,106 - INFO - --- validation at epoch 67, val_loss 11.0357, val_mae 11.8985, val_rmse 16.9995, val_r2 0.6468, val_pearson 0.8351, lr 3.00e-04 ---
2026-09-30 23:33:25,106 - INFO - 
****************************************************************************************************
2026-09-30 23:33:26,349 - INFO - --- training epoch 68, loss 10.2412, mae 10.7275, rmse 15.0305, time elapsed(min) 0.01---
2026-09-30 23:33:26,521 - INFO - --- validation at epoch 68, val_loss 10.9364, val_mae 11.8970, val_rmse 17.6107, val_r2 0.6210, val_pearson 0.8409, lr 3.00e-04 ---
2026-09-30 23:33:26,521 - INFO - 
****************************************************************************************************
2026-09-30 23:33:27,932 - INFO - --- training epoch 69, loss 10.2704, mae 10.7584, rmse 15.0915, time elapsed(min) 0.02---
2026-09-30 23:33:28,108 - INFO - --- validation at epoch 69, val_loss 9.7406, val_mae 10.7404, val_rmse 15.4765, val_r2 0.7073, val_pearson 0.8452, lr 3.00e-04 ---
2026-09-30 23:33:28,108 - INFO - 
****************************************************************************************************
2026-09-30 23:33:29,148 - INFO - --- training epoch 70, loss 10.0585, mae 10.5448, rmse 14.7672, time elapsed(min) 0.01---
2026-09-30 23:33:29,327 - INFO - --- validation at epoch 70, val_loss 10.4607, val_mae 11.0749, val_rmse 16.0233, val_r2 0.6862, val_pearson 0.8450, lr 3.00e-04 ---
2026-09-30 23:33:29,327 - INFO - 
****************************************************************************************************
2026-09-30 23:33:30,535 - INFO - --- training epoch 71, loss 10.4070, mae 10.8925, rmse 15.3145, time elapsed(min) 0.01---
2026-09-30 23:33:30,701 - INFO - --- validation at epoch 71, val_loss 10.4684, val_mae 11.7047, val_rmse 16.7063, val_r2 0.6589, val_pearson 0.8352, lr 3.00e-04 ---
2026-09-30 23:33:30,701 - INFO - 
****************************************************************************************************
2026-09-30 23:33:32,081 - INFO - --- training epoch 72, loss 10.3794, mae 10.8681, rmse 15.1889, time elapsed(min) 0.02---
2026-09-30 23:33:32,250 - INFO - --- validation at epoch 72, val_loss 9.7244, val_mae 10.9705, val_rmse 16.1004, val_r2 0.6832, val_pearson 0.8392, lr 3.00e-04 ---
2026-09-30 23:33:32,250 - INFO - 
****************************************************************************************************
2026-09-30 23:33:33,623 - INFO - --- training epoch 73, loss 10.0642, mae 10.5510, rmse 14.8625, time elapsed(min) 0.02---
2026-09-30 23:33:33,787 - INFO - --- validation at epoch 73, val_loss 9.4168, val_mae 10.7504, val_rmse 15.5911, val_r2 0.7029, val_pearson 0.8406, lr 9.00e-05 ---
2026-09-30 23:33:33,787 - INFO - 
****************************************************************************************************
2026-09-30 23:33:35,049 - INFO - --- training epoch 74, loss 9.6127, mae 10.0962, rmse 14.3915, time elapsed(min) 0.01---
2026-09-30 23:33:35,215 - INFO - --- validation at epoch 74, val_loss 9.4704, val_mae 10.7415, val_rmse 15.4816, val_r2 0.7071, val_pearson 0.8421, lr 9.00e-05 ---
2026-09-30 23:33:35,215 - INFO - 
****************************************************************************************************
2026-09-30 23:33:36,255 - INFO - --- training epoch 75, loss 9.4383, mae 9.9248, rmse 14.1490, time elapsed(min) 0.01---
2026-09-30 23:33:36,422 - INFO - --- validation at epoch 75, val_loss 9.2808, val_mae 10.5385, val_rmse 15.3616, val_r2 0.7116, val_pearson 0.8462, lr 9.00e-05 ---
2026-09-30 23:33:36,423 - INFO - 
****************************************************************************************************
2026-09-30 23:33:37,537 - INFO - --- training epoch 76, loss 9.4085, mae 9.8923, rmse 14.1402, time elapsed(min) 0.01---
2026-09-30 23:33:37,705 - INFO - --- validation at epoch 76, val_loss 9.3005, val_mae 10.5218, val_rmse 15.1946, val_r2 0.7178, val_pearson 0.8500, lr 9.00e-05 ---
2026-09-30 23:33:37,705 - INFO - 
****************************************************************************************************
2026-09-30 23:33:39,074 - INFO - --- training epoch 77, loss 9.3956, mae 9.8799, rmse 14.1329, time elapsed(min) 0.02---
2026-09-30 23:33:39,245 - INFO - --- validation at epoch 77, val_loss 9.2744, val_mae 10.4543, val_rmse 15.0493, val_r2 0.7232, val_pearson 0.8531, lr 9.00e-05 ---
2026-09-30 23:33:39,245 - INFO - 
****************************************************************************************************
2026-09-30 23:33:40,586 - INFO - --- training epoch 78, loss 9.2314, mae 9.7163, rmse 14.0750, time elapsed(min) 0.01---
2026-09-30 23:33:40,752 - INFO - --- validation at epoch 78, val_loss 9.1214, val_mae 10.3315, val_rmse 15.1270, val_r2 0.7203, val_pearson 0.8521, lr 9.00e-05 ---
2026-09-30 23:33:40,752 - INFO - 
****************************************************************************************************
2026-09-30 23:33:42,228 - INFO - --- training epoch 79, loss 9.3260, mae 9.8102, rmse 14.1342, time elapsed(min) 0.02---
2026-09-30 23:33:42,404 - INFO - --- validation at epoch 79, val_loss 9.1057, val_mae 10.3283, val_rmse 15.0802, val_r2 0.7221, val_pearson 0.8533, lr 9.00e-05 ---
2026-09-30 23:33:42,404 - INFO - 
****************************************************************************************************
2026-09-30 23:33:43,543 - INFO - --- training epoch 80, loss 9.1121, mae 9.5956, rmse 13.8964, time elapsed(min) 0.01---
2026-09-30 23:33:43,707 - INFO - --- validation at epoch 80, val_loss 9.0622, val_mae 10.2411, val_rmse 15.0550, val_r2 0.7230, val_pearson 0.8529, lr 9.00e-05 ---
2026-09-30 23:33:43,707 - INFO - 
****************************************************************************************************
2026-09-30 23:33:44,826 - INFO - --- training epoch 81, loss 9.0564, mae 9.5399, rmse 13.8438, time elapsed(min) 0.01---
2026-09-30 23:33:44,982 - INFO - --- validation at epoch 81, val_loss 8.9861, val_mae 10.1351, val_rmse 14.8105, val_r2 0.7319, val_pearson 0.8568, lr 9.00e-05 ---
2026-09-30 23:33:44,982 - INFO - 
****************************************************************************************************
2026-09-30 23:33:46,321 - INFO - --- training epoch 82, loss 9.0146, mae 9.4989, rmse 13.8111, time elapsed(min) 0.01---
2026-09-30 23:33:46,488 - INFO - --- validation at epoch 82, val_loss 8.7727, val_mae 10.1015, val_rmse 14.8621, val_r2 0.7301, val_pearson 0.8552, lr 9.00e-05 ---
2026-09-30 23:33:46,488 - INFO - 
****************************************************************************************************
2026-09-30 23:33:47,809 - INFO - --- training epoch 83, loss 9.0921, mae 9.5758, rmse 13.9887, time elapsed(min) 0.01---
2026-09-30 23:33:47,973 - INFO - --- validation at epoch 83, val_loss 8.9464, val_mae 10.2019, val_rmse 14.8573, val_r2 0.7302, val_pearson 0.8560, lr 9.00e-05 ---
2026-09-30 23:33:47,973 - INFO - 
****************************************************************************************************
2026-09-30 23:33:49,373 - INFO - --- training epoch 84, loss 8.9934, mae 9.4770, rmse 13.7197, time elapsed(min) 0.02---
2026-09-30 23:33:49,537 - INFO - --- validation at epoch 84, val_loss 8.8521, val_mae 10.1172, val_rmse 14.9385, val_r2 0.7273, val_pearson 0.8546, lr 9.00e-05 ---
2026-09-30 23:33:49,537 - INFO - 
****************************************************************************************************
2026-09-30 23:33:50,593 - INFO - --- training epoch 85, loss 8.8957, mae 9.3798, rmse 13.7145, time elapsed(min) 0.01---
2026-09-30 23:33:50,761 - INFO - --- validation at epoch 85, val_loss 8.8435, val_mae 10.0302, val_rmse 14.9283, val_r2 0.7276, val_pearson 0.8550, lr 9.00e-05 ---
2026-09-30 23:33:50,761 - INFO - 
****************************************************************************************************
2026-09-30 23:33:51,790 - INFO - --- training epoch 86, loss 8.9346, mae 9.4172, rmse 13.7516, time elapsed(min) 0.01---
2026-09-30 23:33:51,956 - INFO - --- validation at epoch 86, val_loss 8.7368, val_mae 10.0416, val_rmse 15.0071, val_r2 0.7248, val_pearson 0.8534, lr 9.00e-05 ---
2026-09-30 23:33:51,956 - INFO - 
****************************************************************************************************
2026-09-30 23:33:53,275 - INFO - --- training epoch 87, loss 8.7747, mae 9.2578, rmse 13.6248, time elapsed(min) 0.01---
2026-09-30 23:33:53,444 - INFO - --- validation at epoch 87, val_loss 8.7814, val_mae 9.9547, val_rmse 14.8192, val_r2 0.7316, val_pearson 0.8574, lr 9.00e-05 ---
2026-09-30 23:33:53,444 - INFO - 
****************************************************************************************************
2026-09-30 23:33:54,706 - INFO - --- training epoch 88, loss 8.7690, mae 9.2516, rmse 13.5687, time elapsed(min) 0.01---
2026-09-30 23:33:54,867 - INFO - --- validation at epoch 88, val_loss 8.7145, val_mae 9.9637, val_rmse 14.8206, val_r2 0.7316, val_pearson 0.8586, lr 9.00e-05 ---
2026-09-30 23:33:54,867 - INFO - 
****************************************************************************************************
2026-09-30 23:33:56,150 - INFO - --- training epoch 89, loss 8.9158, mae 9.3989, rmse 13.7253, time elapsed(min) 0.01---
2026-09-30 23:33:56,317 - INFO - --- validation at epoch 89, val_loss 8.5343, val_mae 9.8202, val_rmse 14.7159, val_r2 0.7353, val_pearson 0.8599, lr 9.00e-05 ---
2026-09-30 23:33:56,318 - INFO - 
****************************************************************************************************
2026-09-30 23:33:57,458 - INFO - --- training epoch 90, loss 8.7582, mae 9.2435, rmse 13.4931, time elapsed(min) 0.01---
2026-09-30 23:33:57,625 - INFO - --- validation at epoch 90, val_loss 8.5185, val_mae 9.7880, val_rmse 14.7122, val_r2 0.7355, val_pearson 0.8588, lr 9.00e-05 ---
2026-09-30 23:33:57,625 - INFO - 
****************************************************************************************************
2026-09-30 23:33:58,913 - INFO - --- training epoch 91, loss 8.7859, mae 9.2694, rmse 13.6777, time elapsed(min) 0.01---
2026-09-30 23:33:59,090 - INFO - --- validation at epoch 91, val_loss 8.4180, val_mae 9.7120, val_rmse 14.6982, val_r2 0.7360, val_pearson 0.8598, lr 9.00e-05 ---
2026-09-30 23:33:59,090 - INFO - 
****************************************************************************************************
2026-09-30 23:34:00,391 - INFO - --- training epoch 92, loss 8.7581, mae 9.2415, rmse 13.5745, time elapsed(min) 0.01---
2026-09-30 23:34:00,560 - INFO - --- validation at epoch 92, val_loss 8.3247, val_mae 9.7067, val_rmse 14.5525, val_r2 0.7412, val_pearson 0.8616, lr 9.00e-05 ---
2026-09-30 23:34:00,560 - INFO - 
****************************************************************************************************
2026-09-30 23:34:01,903 - INFO - --- training epoch 93, loss 8.7297, mae 9.2137, rmse 13.5034, time elapsed(min) 0.01---
2026-09-30 23:34:02,069 - INFO - --- validation at epoch 93, val_loss 8.3652, val_mae 9.6679, val_rmse 14.5363, val_r2 0.7418, val_pearson 0.8620, lr 9.00e-05 ---
2026-09-30 23:34:02,069 - INFO - 
****************************************************************************************************
2026-09-30 23:34:03,530 - INFO - --- training epoch 94, loss 8.6985, mae 9.1814, rmse 13.5901, time elapsed(min) 0.02---
2026-09-30 23:34:03,704 - INFO - --- validation at epoch 94, val_loss 8.4914, val_mae 9.7284, val_rmse 14.6162, val_r2 0.7389, val_pearson 0.8618, lr 9.00e-05 ---
2026-09-30 23:34:03,704 - INFO - 
****************************************************************************************************
2026-09-30 23:34:04,747 - INFO - --- training epoch 95, loss 8.7897, mae 9.2726, rmse 13.6167, time elapsed(min) 0.01---
2026-09-30 23:34:04,919 - INFO - --- validation at epoch 95, val_loss 8.4471, val_mae 9.7483, val_rmse 14.6681, val_r2 0.7371, val_pearson 0.8607, lr 9.00e-05 ---
2026-09-30 23:34:04,919 - INFO - 
****************************************************************************************************
2026-09-30 23:34:05,952 - INFO - --- training epoch 96, loss 8.6630, mae 9.1461, rmse 13.4180, time elapsed(min) 0.01---
2026-09-30 23:34:06,123 - INFO - --- validation at epoch 96, val_loss 8.2263, val_mae 9.5213, val_rmse 14.5071, val_r2 0.7428, val_pearson 0.8636, lr 9.00e-05 ---
2026-09-30 23:34:06,124 - INFO - 
****************************************************************************************************
2026-09-30 23:34:07,452 - INFO - --- training epoch 97, loss 8.5734, mae 9.0549, rmse 13.3725, time elapsed(min) 0.01---
2026-09-30 23:34:07,628 - INFO - --- validation at epoch 97, val_loss 8.2303, val_mae 9.5388, val_rmse 14.5361, val_r2 0.7418, val_pearson 0.8623, lr 9.00e-05 ---
2026-09-30 23:34:07,628 - INFO - 
****************************************************************************************************
2026-09-30 23:34:08,877 - INFO - --- training epoch 98, loss 8.5416, mae 9.0223, rmse 13.4445, time elapsed(min) 0.01---
2026-09-30 23:34:09,048 - INFO - --- validation at epoch 98, val_loss 8.3680, val_mae 9.6319, val_rmse 14.5171, val_r2 0.7424, val_pearson 0.8626, lr 9.00e-05 ---
2026-09-30 23:34:09,048 - INFO - 
****************************************************************************************************
2026-09-30 23:34:10,459 - INFO - --- training epoch 99, loss 8.7228, mae 9.2071, rmse 13.4166, time elapsed(min) 0.02---
2026-09-30 23:34:10,620 - INFO - --- validation at epoch 99, val_loss 8.5049, val_mae 9.7545, val_rmse 14.6769, val_r2 0.7367, val_pearson 0.8603, lr 9.00e-05 ---
2026-09-30 23:34:10,620 - INFO - 
****************************************************************************************************
2026-09-30 23:34:11,663 - INFO - --- training epoch 100, loss 8.4245, mae 8.9069, rmse 13.1409, time elapsed(min) 0.01---
2026-09-30 23:34:11,829 - INFO - --- validation at epoch 100, val_loss 8.3651, val_mae 9.5921, val_rmse 14.5733, val_r2 0.7404, val_pearson 0.8631, lr 9.00e-05 ---
2026-09-30 23:34:11,830 - INFO - 
****************************************************************************************************
2026-09-30 23:34:12,862 - INFO - --- training epoch 101, loss 8.5664, mae 9.0504, rmse 13.3788, time elapsed(min) 0.01---
2026-09-30 23:34:13,011 - INFO - --- validation at epoch 101, val_loss 8.1670, val_mae 9.4803, val_rmse 14.5079, val_r2 0.7428, val_pearson 0.8644, lr 9.00e-05 ---
2026-09-30 23:34:13,011 - INFO - 
****************************************************************************************************
2026-09-30 23:34:14,351 - INFO - --- training epoch 102, loss 8.4000, mae 8.8786, rmse 13.1787, time elapsed(min) 0.01---
2026-09-30 23:34:14,524 - INFO - --- validation at epoch 102, val_loss 8.2751, val_mae 9.4957, val_rmse 14.5446, val_r2 0.7415, val_pearson 0.8636, lr 9.00e-05 ---
2026-09-30 23:34:14,524 - INFO - 
****************************************************************************************************
2026-09-30 23:34:15,800 - INFO - --- training epoch 103, loss 8.3800, mae 8.8615, rmse 13.1462, time elapsed(min) 0.01---
2026-09-30 23:34:15,976 - INFO - --- validation at epoch 103, val_loss 8.1991, val_mae 9.4577, val_rmse 14.5281, val_r2 0.7420, val_pearson 0.8638, lr 9.00e-05 ---
2026-09-30 23:34:15,976 - INFO - 
****************************************************************************************************
2026-09-30 23:34:17,447 - INFO - --- training epoch 104, loss 8.3949, mae 8.8776, rmse 13.1992, time elapsed(min) 0.02---
2026-09-30 23:34:17,615 - INFO - --- validation at epoch 104, val_loss 8.3157, val_mae 9.5180, val_rmse 14.6161, val_r2 0.7389, val_pearson 0.8628, lr 9.00e-05 ---
2026-09-30 23:34:17,616 - INFO - 
****************************************************************************************************
2026-09-30 23:34:18,641 - INFO - --- training epoch 105, loss 8.4259, mae 8.9098, rmse 13.2233, time elapsed(min) 0.01---
2026-09-30 23:34:18,807 - INFO - --- validation at epoch 105, val_loss 8.2510, val_mae 9.3853, val_rmse 14.4611, val_r2 0.7444, val_pearson 0.8647, lr 9.00e-05 ---
2026-09-30 23:34:18,807 - INFO - 
****************************************************************************************************
2026-09-30 23:34:19,846 - INFO - --- training epoch 106, loss 8.4462, mae 8.9293, rmse 13.2963, time elapsed(min) 0.01---
2026-09-30 23:34:20,020 - INFO - --- validation at epoch 106, val_loss 8.1779, val_mae 9.4284, val_rmse 14.4393, val_r2 0.7452, val_pearson 0.8657, lr 9.00e-05 ---
2026-09-30 23:34:20,020 - INFO - 
****************************************************************************************************
2026-09-30 23:34:21,282 - INFO - --- training epoch 107, loss 8.4441, mae 8.9283, rmse 13.2134, time elapsed(min) 0.01---
2026-09-30 23:34:21,456 - INFO - --- validation at epoch 107, val_loss 8.4266, val_mae 9.5985, val_rmse 14.5808, val_r2 0.7402, val_pearson 0.8629, lr 9.00e-05 ---
2026-09-30 23:34:21,456 - INFO - 
****************************************************************************************************
2026-09-30 23:34:22,697 - INFO - --- training epoch 108, loss 8.2278, mae 8.7096, rmse 12.9949, time elapsed(min) 0.01---
2026-09-30 23:34:22,871 - INFO - --- validation at epoch 108, val_loss 8.1990, val_mae 9.4664, val_rmse 14.4436, val_r2 0.7450, val_pearson 0.8668, lr 9.00e-05 ---
2026-09-30 23:34:22,871 - INFO - 
****************************************************************************************************
2026-09-30 23:34:24,298 - INFO - --- training epoch 109, loss 8.3428, mae 8.8266, rmse 12.9979, time elapsed(min) 0.02---
2026-09-30 23:34:24,469 - INFO - --- validation at epoch 109, val_loss 8.2307, val_mae 9.3434, val_rmse 14.4616, val_r2 0.7444, val_pearson 0.8661, lr 9.00e-05 ---
2026-09-30 23:34:24,469 - INFO - 
****************************************************************************************************
2026-09-30 23:34:25,505 - INFO - --- training epoch 110, loss 8.2087, mae 8.6910, rmse 12.9087, time elapsed(min) 0.01---
2026-09-30 23:34:25,670 - INFO - --- validation at epoch 110, val_loss 7.9889, val_mae 9.2348, val_rmse 14.2743, val_r2 0.7510, val_pearson 0.8682, lr 9.00e-05 ---
2026-09-30 23:34:25,670 - INFO - 
****************************************************************************************************
2026-09-30 23:34:26,812 - INFO - --- training epoch 111, loss 8.2177, mae 8.6958, rmse 13.0104, time elapsed(min) 0.01---
2026-09-30 23:34:26,974 - INFO - --- validation at epoch 111, val_loss 8.0726, val_mae 9.2665, val_rmse 14.3218, val_r2 0.7493, val_pearson 0.8675, lr 9.00e-05 ---
2026-09-30 23:34:26,974 - INFO - 
****************************************************************************************************
2026-09-30 23:34:28,213 - INFO - --- training epoch 112, loss 8.2700, mae 8.7504, rmse 13.0132, time elapsed(min) 0.01---
2026-09-30 23:34:28,378 - INFO - --- validation at epoch 112, val_loss 8.1379, val_mae 9.2841, val_rmse 14.2974, val_r2 0.7502, val_pearson 0.8681, lr 9.00e-05 ---
2026-09-30 23:34:28,378 - INFO - 
****************************************************************************************************
2026-09-30 23:34:29,613 - INFO - --- training epoch 113, loss 8.2003, mae 8.6826, rmse 12.9251, time elapsed(min) 0.01---
2026-09-30 23:34:29,777 - INFO - --- validation at epoch 113, val_loss 8.1233, val_mae 9.3201, val_rmse 14.2559, val_r2 0.7516, val_pearson 0.8689, lr 9.00e-05 ---
2026-09-30 23:34:29,777 - INFO - 
****************************************************************************************************
2026-09-30 23:34:31,020 - INFO - --- training epoch 114, loss 8.1853, mae 8.6669, rmse 12.7921, time elapsed(min) 0.01---
2026-09-30 23:34:31,396 - INFO - --- validation at epoch 114, val_loss 8.1448, val_mae 9.3532, val_rmse 14.1591, val_r2 0.7550, val_pearson 0.8708, lr 9.00e-05 ---
2026-09-30 23:34:31,396 - INFO - 
****************************************************************************************************
2026-09-30 23:34:32,584 - INFO - --- training epoch 115, loss 8.1858, mae 8.6679, rmse 12.9006, time elapsed(min) 0.01---
2026-09-30 23:34:32,764 - INFO - --- validation at epoch 115, val_loss 8.1594, val_mae 9.3397, val_rmse 14.2560, val_r2 0.7516, val_pearson 0.8700, lr 9.00e-05 ---
2026-09-30 23:34:32,764 - INFO - 
****************************************************************************************************
2026-09-30 23:34:33,812 - INFO - --- training epoch 116, loss 8.0950, mae 8.5741, rmse 12.8854, time elapsed(min) 0.01---
2026-09-30 23:34:33,983 - INFO - --- validation at epoch 116, val_loss 7.9241, val_mae 9.1628, val_rmse 14.0898, val_r2 0.7574, val_pearson 0.8717, lr 9.00e-05 ---
2026-09-30 23:34:33,983 - INFO - 
****************************************************************************************************
2026-09-30 23:34:35,399 - INFO - --- training epoch 117, loss 8.1079, mae 8.5895, rmse 12.7977, time elapsed(min) 0.02---
2026-09-30 23:34:35,573 - INFO - --- validation at epoch 117, val_loss 7.9864, val_mae 9.2217, val_rmse 14.0748, val_r2 0.7579, val_pearson 0.8729, lr 9.00e-05 ---
2026-09-30 23:34:35,574 - INFO - 
****************************************************************************************************
2026-09-30 23:34:36,823 - INFO - --- training epoch 118, loss 8.0597, mae 8.5406, rmse 12.7321, time elapsed(min) 0.01---
2026-09-30 23:34:36,992 - INFO - --- validation at epoch 118, val_loss 8.0627, val_mae 9.2943, val_rmse 14.2484, val_r2 0.7519, val_pearson 0.8698, lr 9.00e-05 ---
2026-09-30 23:34:36,992 - INFO - 
****************************************************************************************************
2026-09-30 23:34:38,303 - INFO - --- training epoch 119, loss 8.1183, mae 8.6002, rmse 12.7728, time elapsed(min) 0.02---
2026-09-30 23:34:38,687 - INFO - --- validation at epoch 119, val_loss 7.9702, val_mae 9.1357, val_rmse 14.0358, val_r2 0.7592, val_pearson 0.8733, lr 9.00e-05 ---
2026-09-30 23:34:38,687 - INFO - 
****************************************************************************************************
2026-09-30 23:34:39,893 - INFO - --- training epoch 120, loss 8.0574, mae 8.5380, rmse 12.8158, time elapsed(min) 0.01---
2026-09-30 23:34:40,056 - INFO - --- validation at epoch 120, val_loss 7.7724, val_mae 9.1154, val_rmse 14.1450, val_r2 0.7555, val_pearson 0.8716, lr 9.00e-05 ---
2026-09-30 23:34:40,056 - INFO - 
****************************************************************************************************
2026-09-30 23:34:41,186 - INFO - --- training epoch 121, loss 8.1096, mae 8.5919, rmse 12.8084, time elapsed(min) 0.01---
2026-09-30 23:34:41,357 - INFO - --- validation at epoch 121, val_loss 7.8070, val_mae 9.2080, val_rmse 14.2168, val_r2 0.7530, val_pearson 0.8710, lr 9.00e-05 ---
2026-09-30 23:34:41,357 - INFO - 
****************************************************************************************************
2026-09-30 23:34:42,614 - INFO - --- training epoch 122, loss 8.0899, mae 8.5722, rmse 12.7098, time elapsed(min) 0.01---
2026-09-30 23:34:42,788 - INFO - --- validation at epoch 122, val_loss 7.9024, val_mae 9.2064, val_rmse 14.1213, val_r2 0.7563, val_pearson 0.8737, lr 9.00e-05 ---
2026-09-30 23:34:42,788 - INFO - 
****************************************************************************************************
2026-09-30 23:34:44,058 - INFO - --- training epoch 123, loss 8.0804, mae 8.5615, rmse 12.7300, time elapsed(min) 0.01---
2026-09-30 23:34:44,222 - INFO - --- validation at epoch 123, val_loss 7.7040, val_mae 9.0317, val_rmse 14.0019, val_r2 0.7604, val_pearson 0.8743, lr 9.00e-05 ---
2026-09-30 23:34:44,222 - INFO - 
****************************************************************************************************
2026-09-30 23:34:45,537 - INFO - --- training epoch 124, loss 7.9020, mae 8.3835, rmse 12.6090, time elapsed(min) 0.01---
2026-09-30 23:34:45,711 - INFO - --- validation at epoch 124, val_loss 7.6733, val_mae 9.0380, val_rmse 14.1920, val_r2 0.7538, val_pearson 0.8703, lr 9.00e-05 ---
2026-09-30 23:34:45,712 - INFO - 
****************************************************************************************************
2026-09-30 23:34:47,006 - INFO - --- training epoch 125, loss 8.0718, mae 8.5547, rmse 12.6950, time elapsed(min) 0.01---
2026-09-30 23:34:47,176 - INFO - --- validation at epoch 125, val_loss 8.0169, val_mae 9.3455, val_rmse 14.2567, val_r2 0.7516, val_pearson 0.8706, lr 9.00e-05 ---
2026-09-30 23:34:47,176 - INFO - 
****************************************************************************************************
2026-09-30 23:34:48,230 - INFO - --- training epoch 126, loss 8.1170, mae 8.6006, rmse 12.6588, time elapsed(min) 0.01---
2026-09-30 23:34:48,388 - INFO - --- validation at epoch 126, val_loss 7.6668, val_mae 9.0627, val_rmse 14.0546, val_r2 0.7586, val_pearson 0.8723, lr 9.00e-05 ---
2026-09-30 23:34:48,388 - INFO - 
****************************************************************************************************
2026-09-30 23:34:49,654 - INFO - --- training epoch 127, loss 7.9273, mae 8.4092, rmse 12.6003, time elapsed(min) 0.01---
2026-09-30 23:34:49,827 - INFO - --- validation at epoch 127, val_loss 7.7236, val_mae 9.1339, val_rmse 14.0708, val_r2 0.7580, val_pearson 0.8741, lr 9.00e-05 ---
2026-09-30 23:34:49,828 - INFO - 
****************************************************************************************************
2026-09-30 23:34:51,086 - INFO - --- training epoch 128, loss 7.9114, mae 8.3934, rmse 12.5017, time elapsed(min) 0.01---
2026-09-30 23:34:51,251 - INFO - --- validation at epoch 128, val_loss 7.5968, val_mae 8.9225, val_rmse 13.8929, val_r2 0.7641, val_pearson 0.8768, lr 9.00e-05 ---
2026-09-30 23:34:51,251 - INFO - 
****************************************************************************************************
2026-09-30 23:34:52,613 - INFO - --- training epoch 129, loss 7.7335, mae 8.2153, rmse 12.4650, time elapsed(min) 0.01---
2026-09-30 23:34:52,785 - INFO - --- validation at epoch 129, val_loss 7.3938, val_mae 8.8963, val_rmse 13.9860, val_r2 0.7609, val_pearson 0.8754, lr 9.00e-05 ---
2026-09-30 23:34:52,785 - INFO - 
****************************************************************************************************
2026-09-30 23:34:54,086 - INFO - --- training epoch 130, loss 7.7982, mae 8.2786, rmse 12.5024, time elapsed(min) 0.01---
2026-09-30 23:34:54,253 - INFO - --- validation at epoch 130, val_loss 7.5077, val_mae 8.8231, val_rmse 13.9475, val_r2 0.7623, val_pearson 0.8763, lr 9.00e-05 ---
2026-09-30 23:34:54,253 - INFO - 
****************************************************************************************************
2026-09-30 23:34:55,299 - INFO - --- training epoch 131, loss 7.7934, mae 8.2745, rmse 12.4226, time elapsed(min) 0.01---
2026-09-30 23:34:55,466 - INFO - --- validation at epoch 131, val_loss 7.6611, val_mae 9.0123, val_rmse 14.0937, val_r2 0.7572, val_pearson 0.8741, lr 9.00e-05 ---
2026-09-30 23:34:55,466 - INFO - 
****************************************************************************************************
2026-09-30 23:34:56,869 - INFO - --- training epoch 132, loss 7.6919, mae 8.1738, rmse 12.1987, time elapsed(min) 0.02---
2026-09-30 23:34:57,043 - INFO - --- validation at epoch 132, val_loss 7.5390, val_mae 8.8868, val_rmse 13.9821, val_r2 0.7611, val_pearson 0.8757, lr 9.00e-05 ---
2026-09-30 23:34:57,043 - INFO - 
****************************************************************************************************
2026-09-30 23:34:58,289 - INFO - --- training epoch 133, loss 7.7584, mae 8.2357, rmse 12.3773, time elapsed(min) 0.01---
2026-09-30 23:34:58,455 - INFO - --- validation at epoch 133, val_loss 7.8938, val_mae 9.0651, val_rmse 14.1072, val_r2 0.7568, val_pearson 0.8754, lr 9.00e-05 ---
2026-09-30 23:34:58,455 - INFO - 
****************************************************************************************************
2026-09-30 23:34:59,716 - INFO - --- training epoch 134, loss 7.7725, mae 8.2540, rmse 12.3165, time elapsed(min) 0.01---
2026-09-30 23:35:00,071 - INFO - --- validation at epoch 134, val_loss 7.8023, val_mae 9.0831, val_rmse 14.1417, val_r2 0.7556, val_pearson 0.8741, lr 9.00e-05 ---
2026-09-30 23:35:00,071 - INFO - 
****************************************************************************************************
2026-09-30 23:35:01,291 - INFO - --- training epoch 135, loss 7.6841, mae 8.1642, rmse 12.2794, time elapsed(min) 0.01---
2026-09-30 23:35:01,457 - INFO - --- validation at epoch 135, val_loss 7.4434, val_mae 8.7736, val_rmse 13.7454, val_r2 0.7691, val_pearson 0.8784, lr 9.00e-05 ---
2026-09-30 23:35:01,457 - INFO - 
****************************************************************************************************
2026-09-30 23:35:02,497 - INFO - --- training epoch 136, loss 7.6539, mae 8.1343, rmse 12.3522, time elapsed(min) 0.01---
2026-09-30 23:35:02,663 - INFO - --- validation at epoch 136, val_loss 7.6888, val_mae 8.9591, val_rmse 13.9706, val_r2 0.7615, val_pearson 0.8770, lr 9.00e-05 ---
2026-09-30 23:35:02,663 - INFO - 
****************************************************************************************************
2026-09-30 23:35:03,693 - INFO - --- training epoch 137, loss 7.7094, mae 8.1914, rmse 12.1558, time elapsed(min) 0.01---
2026-09-30 23:35:03,855 - INFO - --- validation at epoch 137, val_loss 7.3760, val_mae 8.7606, val_rmse 13.8975, val_r2 0.7640, val_pearson 0.8775, lr 9.00e-05 ---
2026-09-30 23:35:03,855 - INFO - 
****************************************************************************************************
2026-09-30 23:35:05,176 - INFO - --- training epoch 138, loss 7.5861, mae 8.0655, rmse 12.0986, time elapsed(min) 0.01---
2026-09-30 23:35:05,342 - INFO - --- validation at epoch 138, val_loss 7.2598, val_mae 8.7283, val_rmse 13.8432, val_r2 0.7658, val_pearson 0.8777, lr 9.00e-05 ---
2026-09-30 23:35:05,342 - INFO - 
****************************************************************************************************
2026-09-30 23:35:06,663 - INFO - --- training epoch 139, loss 7.6742, mae 8.1555, rmse 12.1224, time elapsed(min) 0.01---
2026-09-30 23:35:06,840 - INFO - --- validation at epoch 139, val_loss 7.4288, val_mae 8.6787, val_rmse 13.7850, val_r2 0.7678, val_pearson 0.8792, lr 9.00e-05 ---
2026-09-30 23:35:06,840 - INFO - 
****************************************************************************************************
2026-09-30 23:35:08,279 - INFO - --- training epoch 140, loss 7.7188, mae 8.1992, rmse 12.1524, time elapsed(min) 0.02---
2026-09-30 23:35:08,444 - INFO - --- validation at epoch 140, val_loss 7.4655, val_mae 8.7235, val_rmse 13.7921, val_r2 0.7675, val_pearson 0.8795, lr 9.00e-05 ---
2026-09-30 23:35:08,444 - INFO - 
****************************************************************************************************
2026-09-30 23:35:09,478 - INFO - --- training epoch 141, loss 7.5976, mae 8.0787, rmse 12.0406, time elapsed(min) 0.01---
2026-09-30 23:35:09,644 - INFO - --- validation at epoch 141, val_loss 7.4275, val_mae 8.5751, val_rmse 13.5794, val_r2 0.7746, val_pearson 0.8837, lr 9.00e-05 ---
2026-09-30 23:35:09,644 - INFO - 
****************************************************************************************************
2026-09-30 23:35:10,664 - INFO - --- training epoch 142, loss 7.5307, mae 8.0103, rmse 12.0296, time elapsed(min) 0.01---
2026-09-30 23:35:10,838 - INFO - --- validation at epoch 142, val_loss 7.3706, val_mae 8.6039, val_rmse 13.5633, val_r2 0.7752, val_pearson 0.8821, lr 9.00e-05 ---
2026-09-30 23:35:10,838 - INFO - 
****************************************************************************************************
2026-09-30 23:35:12,064 - INFO - --- training epoch 143, loss 7.3317, mae 7.8096, rmse 11.7521, time elapsed(min) 0.01---
2026-09-30 23:35:12,233 - INFO - --- validation at epoch 143, val_loss 7.4117, val_mae 8.6324, val_rmse 13.6413, val_r2 0.7726, val_pearson 0.8812, lr 9.00e-05 ---
2026-09-30 23:35:12,233 - INFO - 
****************************************************************************************************
2026-09-30 23:35:13,469 - INFO - --- training epoch 144, loss 7.5266, mae 8.0071, rmse 11.9919, time elapsed(min) 0.01---
2026-09-30 23:35:13,630 - INFO - --- validation at epoch 144, val_loss 7.5765, val_mae 8.8121, val_rmse 13.9119, val_r2 0.7635, val_pearson 0.8777, lr 9.00e-05 ---
2026-09-30 23:35:13,630 - INFO - 
****************************************************************************************************
2026-09-30 23:35:14,867 - INFO - --- training epoch 145, loss 7.6303, mae 8.1102, rmse 12.2160, time elapsed(min) 0.01---
2026-09-30 23:35:15,242 - INFO - --- validation at epoch 145, val_loss 7.5068, val_mae 8.6593, val_rmse 13.8277, val_r2 0.7663, val_pearson 0.8776, lr 9.00e-05 ---
2026-09-30 23:35:15,242 - INFO - 
****************************************************************************************************
2026-09-30 23:35:16,413 - INFO - --- training epoch 146, loss 7.5151, mae 7.9956, rmse 11.8786, time elapsed(min) 0.01---
2026-09-30 23:35:16,572 - INFO - --- validation at epoch 146, val_loss 7.4214, val_mae 8.7585, val_rmse 13.7310, val_r2 0.7696, val_pearson 0.8795, lr 9.00e-05 ---
2026-09-30 23:35:16,572 - INFO - 
****************************************************************************************************
2026-09-30 23:35:17,600 - INFO - --- training epoch 147, loss 7.5076, mae 7.9878, rmse 11.9718, time elapsed(min) 0.01---
2026-09-30 23:35:17,756 - INFO - --- validation at epoch 147, val_loss 7.4777, val_mae 8.6530, val_rmse 13.6719, val_r2 0.7716, val_pearson 0.8805, lr 9.00e-05 ---
2026-09-30 23:35:17,756 - INFO - 
****************************************************************************************************
2026-09-30 23:35:18,938 - INFO - --- training epoch 148, loss 7.4962, mae 7.9760, rmse 12.0107, time elapsed(min) 0.01---
2026-09-30 23:35:19,120 - INFO - --- validation at epoch 148, val_loss 7.3335, val_mae 8.5648, val_rmse 13.4851, val_r2 0.7778, val_pearson 0.8828, lr 9.00e-05 ---
2026-09-30 23:35:19,120 - INFO - 
****************************************************************************************************
2026-09-30 23:35:20,475 - INFO - --- training epoch 149, loss 7.4138, mae 7.8919, rmse 11.8667, time elapsed(min) 0.02---
2026-09-30 23:35:20,662 - INFO - --- validation at epoch 149, val_loss 7.3279, val_mae 8.5306, val_rmse 13.5228, val_r2 0.7765, val_pearson 0.8827, lr 9.00e-05 ---
2026-09-30 23:35:20,662 - INFO - 
****************************************************************************************************
2026-09-30 23:35:21,905 - INFO - --- training epoch 150, loss 7.3677, mae 7.8456, rmse 11.7544, time elapsed(min) 0.01---
2026-09-30 23:35:22,324 - INFO - --- validation at epoch 150, val_loss 7.4878, val_mae 8.7308, val_rmse 13.7960, val_r2 0.7674, val_pearson 0.8793, lr 2.70e-05 ---
2026-09-30 23:35:22,324 - INFO - 
****************************************************************************************************
2026-09-30 23:35:23,516 - INFO - --- training epoch 151, loss 7.3583, mae 7.8390, rmse 11.8134, time elapsed(min) 0.01---
2026-09-30 23:35:23,692 - INFO - --- validation at epoch 151, val_loss 7.2831, val_mae 8.4753, val_rmse 13.4763, val_r2 0.7780, val_pearson 0.8834, lr 2.70e-05 ---
2026-09-30 23:35:23,692 - INFO - 
****************************************************************************************************
2026-09-30 23:35:24,719 - INFO - --- training epoch 152, loss 7.2980, mae 7.7770, rmse 11.7133, time elapsed(min) 0.01---
2026-09-30 23:35:24,907 - INFO - --- validation at epoch 152, val_loss 7.1934, val_mae 8.4470, val_rmse 13.4793, val_r2 0.7779, val_pearson 0.8838, lr 2.70e-05 ---
2026-09-30 23:35:24,907 - INFO - 
****************************************************************************************************
2026-09-30 23:35:26,182 - INFO - --- training epoch 153, loss 7.3644, mae 7.8445, rmse 11.8200, time elapsed(min) 0.01---
2026-09-30 23:35:26,352 - INFO - --- validation at epoch 153, val_loss 7.2236, val_mae 8.5438, val_rmse 13.5472, val_r2 0.7757, val_pearson 0.8822, lr 2.70e-05 ---
2026-09-30 23:35:26,352 - INFO - 
****************************************************************************************************
2026-09-30 23:35:27,728 - INFO - --- training epoch 154, loss 7.2747, mae 7.7526, rmse 11.6850, time elapsed(min) 0.02---
2026-09-30 23:35:27,906 - INFO - --- validation at epoch 154, val_loss 7.3791, val_mae 8.5859, val_rmse 13.6040, val_r2 0.7738, val_pearson 0.8815, lr 2.70e-05 ---
2026-09-30 23:35:27,906 - INFO - 
****************************************************************************************************
2026-09-30 23:35:29,167 - INFO - --- training epoch 155, loss 7.2399, mae 7.7172, rmse 11.7046, time elapsed(min) 0.01---
2026-09-30 23:35:29,346 - INFO - --- validation at epoch 155, val_loss 7.3038, val_mae 8.5017, val_rmse 13.5551, val_r2 0.7754, val_pearson 0.8826, lr 2.70e-05 ---
2026-09-30 23:35:29,347 - INFO - 
****************************************************************************************************
2026-09-30 23:35:31,007 - INFO - --- training epoch 156, loss 7.2904, mae 7.7705, rmse 11.6400, time elapsed(min) 0.02---
2026-09-30 23:35:31,188 - INFO - --- validation at epoch 156, val_loss 7.1482, val_mae 8.3921, val_rmse 13.3943, val_r2 0.7807, val_pearson 0.8846, lr 2.70e-05 ---
2026-09-30 23:35:31,188 - INFO - 
****************************************************************************************************
2026-09-30 23:35:32,306 - INFO - --- training epoch 157, loss 7.2889, mae 7.7669, rmse 11.7292, time elapsed(min) 0.01---
2026-09-30 23:35:32,474 - INFO - --- validation at epoch 157, val_loss 7.2134, val_mae 8.4413, val_rmse 13.5030, val_r2 0.7772, val_pearson 0.8834, lr 2.70e-05 ---
2026-09-30 23:35:32,474 - INFO - 
****************************************************************************************************
2026-09-30 23:35:33,503 - INFO - --- training epoch 158, loss 7.2442, mae 7.7216, rmse 11.5961, time elapsed(min) 0.01---
2026-09-30 23:35:33,684 - INFO - --- validation at epoch 158, val_loss 7.3554, val_mae 8.5060, val_rmse 13.5679, val_r2 0.7750, val_pearson 0.8823, lr 2.70e-05 ---
2026-09-30 23:35:33,684 - INFO - 
****************************************************************************************************
2026-09-30 23:35:34,926 - INFO - --- training epoch 159, loss 7.3000, mae 7.7795, rmse 11.6045, time elapsed(min) 0.01---
2026-09-30 23:35:35,096 - INFO - --- validation at epoch 159, val_loss 7.3265, val_mae 8.4938, val_rmse 13.5134, val_r2 0.7768, val_pearson 0.8831, lr 2.70e-05 ---
2026-09-30 23:35:35,096 - INFO - 
****************************************************************************************************
2026-09-30 23:35:36,482 - INFO - --- training epoch 160, loss 7.2816, mae 7.7599, rmse 11.7036, time elapsed(min) 0.02---
2026-09-30 23:35:36,650 - INFO - --- validation at epoch 160, val_loss 7.3420, val_mae 8.5081, val_rmse 13.5072, val_r2 0.7770, val_pearson 0.8831, lr 2.70e-05 ---
2026-09-30 23:35:36,650 - INFO - 
****************************************************************************************************
2026-09-30 23:35:37,960 - INFO - --- training epoch 161, loss 7.1991, mae 7.6768, rmse 11.6432, time elapsed(min) 0.02---
2026-09-30 23:35:38,338 - INFO - --- validation at epoch 161, val_loss 7.3172, val_mae 8.5684, val_rmse 13.5546, val_r2 0.7755, val_pearson 0.8824, lr 2.70e-05 ---
2026-09-30 23:35:38,338 - INFO - 
****************************************************************************************************
2026-09-30 23:35:39,526 - INFO - --- training epoch 162, loss 7.2169, mae 7.6943, rmse 11.5864, time elapsed(min) 0.01---
2026-09-30 23:35:39,686 - INFO - --- validation at epoch 162, val_loss 7.2625, val_mae 8.4819, val_rmse 13.4941, val_r2 0.7775, val_pearson 0.8837, lr 2.70e-05 ---
2026-09-30 23:35:39,686 - INFO - 
****************************************************************************************************
2026-09-30 23:35:40,740 - INFO - --- training epoch 163, loss 7.2422, mae 7.7220, rmse 11.6252, time elapsed(min) 0.01---
2026-09-30 23:35:40,915 - INFO - --- validation at epoch 163, val_loss 7.2146, val_mae 8.4092, val_rmse 13.4141, val_r2 0.7801, val_pearson 0.8844, lr 2.70e-05 ---
2026-09-30 23:35:40,915 - INFO - 
****************************************************************************************************
2026-09-30 23:35:42,146 - INFO - --- training epoch 164, loss 7.2101, mae 7.6899, rmse 11.5814, time elapsed(min) 0.01---
2026-09-30 23:35:42,319 - INFO - --- validation at epoch 164, val_loss 7.2938, val_mae 8.4473, val_rmse 13.5093, val_r2 0.7770, val_pearson 0.8835, lr 2.70e-05 ---
2026-09-30 23:35:42,319 - INFO - 
****************************************************************************************************
2026-09-30 23:35:43,559 - INFO - --- training epoch 165, loss 7.1572, mae 7.6360, rmse 11.5632, time elapsed(min) 0.01---
2026-09-30 23:35:43,713 - INFO - --- validation at epoch 165, val_loss 7.1867, val_mae 8.4887, val_rmse 13.5157, val_r2 0.7767, val_pearson 0.8834, lr 2.70e-05 ---
2026-09-30 23:35:43,713 - INFO - 
****************************************************************************************************
2026-09-30 23:35:44,982 - INFO - --- training epoch 166, loss 7.1932, mae 7.6737, rmse 11.4497, time elapsed(min) 0.01---
2026-09-30 23:35:45,377 - INFO - --- validation at epoch 166, val_loss 7.1198, val_mae 8.4370, val_rmse 13.5056, val_r2 0.7771, val_pearson 0.8832, lr 2.70e-05 ---
2026-09-30 23:35:45,377 - INFO - 
****************************************************************************************************
2026-09-30 23:35:46,658 - INFO - --- training epoch 167, loss 7.1048, mae 7.5836, rmse 11.4862, time elapsed(min) 0.01---
2026-09-30 23:35:46,825 - INFO - --- validation at epoch 167, val_loss 7.0854, val_mae 8.3796, val_rmse 13.4151, val_r2 0.7801, val_pearson 0.8845, lr 2.70e-05 ---
2026-09-30 23:35:46,825 - INFO - 
****************************************************************************************************
2026-09-30 23:35:47,948 - INFO - --- training epoch 168, loss 7.2349, mae 7.7151, rmse 11.5406, time elapsed(min) 0.01---
2026-09-30 23:35:48,116 - INFO - --- validation at epoch 168, val_loss 7.1246, val_mae 8.4076, val_rmse 13.4499, val_r2 0.7789, val_pearson 0.8844, lr 2.70e-05 ---
2026-09-30 23:35:48,117 - INFO - 
****************************************************************************************************
2026-09-30 23:35:49,352 - INFO - --- training epoch 169, loss 7.1598, mae 7.6382, rmse 11.4777, time elapsed(min) 0.01---
2026-09-30 23:35:49,513 - INFO - --- validation at epoch 169, val_loss 7.1342, val_mae 8.4183, val_rmse 13.4761, val_r2 0.7781, val_pearson 0.8839, lr 2.70e-05 ---
2026-09-30 23:35:49,513 - INFO - 
****************************************************************************************************
2026-09-30 23:35:50,773 - INFO - --- training epoch 170, loss 7.0983, mae 7.5753, rmse 11.4440, time elapsed(min) 0.01---
2026-09-30 23:35:50,942 - INFO - --- validation at epoch 170, val_loss 7.1760, val_mae 8.4203, val_rmse 13.4497, val_r2 0.7789, val_pearson 0.8846, lr 2.70e-05 ---
2026-09-30 23:35:50,942 - INFO - 
****************************************************************************************************
2026-09-30 23:35:52,228 - INFO - --- training epoch 171, loss 7.2519, mae 7.7303, rmse 11.6931, time elapsed(min) 0.02---
2026-09-30 23:35:52,407 - INFO - --- validation at epoch 171, val_loss 7.3418, val_mae 8.4778, val_rmse 13.5295, val_r2 0.7763, val_pearson 0.8832, lr 2.70e-05 ---
2026-09-30 23:35:52,408 - INFO - 
****************************************************************************************************
2026-09-30 23:35:53,618 - INFO - --- training epoch 172, loss 7.2139, mae 7.6925, rmse 11.5185, time elapsed(min) 0.01---
2026-09-30 23:35:53,787 - INFO - --- validation at epoch 172, val_loss 7.1760, val_mae 8.3203, val_rmse 13.3517, val_r2 0.7821, val_pearson 0.8856, lr 2.70e-05 ---
2026-09-30 23:35:53,787 - INFO - 
****************************************************************************************************
2026-09-30 23:35:54,827 - INFO - --- training epoch 173, loss 7.1438, mae 7.6232, rmse 11.4312, time elapsed(min) 0.01---
2026-09-30 23:35:54,990 - INFO - --- validation at epoch 173, val_loss 7.2635, val_mae 8.4420, val_rmse 13.4134, val_r2 0.7801, val_pearson 0.8853, lr 2.70e-05 ---
2026-09-30 23:35:54,990 - INFO - 
****************************************************************************************************
2026-09-30 23:35:56,231 - INFO - --- training epoch 174, loss 7.1153, mae 7.5937, rmse 11.5059, time elapsed(min) 0.01---
2026-09-30 23:35:56,405 - INFO - --- validation at epoch 174, val_loss 7.1363, val_mae 8.3318, val_rmse 13.3585, val_r2 0.7819, val_pearson 0.8857, lr 2.70e-05 ---
2026-09-30 23:35:56,405 - INFO - 
****************************************************************************************************
2026-09-30 23:35:57,667 - INFO - --- training epoch 175, loss 7.1778, mae 7.6562, rmse 11.5182, time elapsed(min) 0.01---
2026-09-30 23:35:57,830 - INFO - --- validation at epoch 175, val_loss 7.1829, val_mae 8.3141, val_rmse 13.3153, val_r2 0.7833, val_pearson 0.8860, lr 2.70e-05 ---
2026-09-30 23:35:57,830 - INFO - 
****************************************************************************************************
2026-09-30 23:35:59,105 - INFO - --- training epoch 176, loss 7.1913, mae 7.6688, rmse 11.5267, time elapsed(min) 0.01---
2026-09-30 23:35:59,274 - INFO - --- validation at epoch 176, val_loss 7.1952, val_mae 8.3834, val_rmse 13.3647, val_r2 0.7817, val_pearson 0.8857, lr 2.70e-05 ---
2026-09-30 23:35:59,275 - INFO - 
****************************************************************************************************
2026-09-30 23:36:00,474 - INFO - --- training epoch 177, loss 7.1716, mae 7.6522, rmse 11.5592, time elapsed(min) 0.01---
2026-09-30 23:36:00,637 - INFO - --- validation at epoch 177, val_loss 7.1640, val_mae 8.3783, val_rmse 13.3682, val_r2 0.7816, val_pearson 0.8858, lr 2.70e-05 ---
2026-09-30 23:36:00,637 - INFO - 
****************************************************************************************************
2026-09-30 23:36:01,691 - INFO - --- training epoch 178, loss 7.1896, mae 7.6675, rmse 11.5541, time elapsed(min) 0.01---
2026-09-30 23:36:01,864 - INFO - --- validation at epoch 178, val_loss 7.0324, val_mae 8.3086, val_rmse 13.3143, val_r2 0.7834, val_pearson 0.8866, lr 2.70e-05 ---
2026-09-30 23:36:01,864 - INFO - 
****************************************************************************************************
2026-09-30 23:36:03,193 - INFO - --- training epoch 179, loss 7.1883, mae 7.6656, rmse 11.5449, time elapsed(min) 0.01---
2026-09-30 23:36:03,354 - INFO - --- validation at epoch 179, val_loss 7.1272, val_mae 8.3507, val_rmse 13.3235, val_r2 0.7831, val_pearson 0.8862, lr 2.70e-05 ---
2026-09-30 23:36:03,354 - INFO - 
****************************************************************************************************
2026-09-30 23:36:04,610 - INFO - --- training epoch 180, loss 6.9851, mae 7.4630, rmse 11.3177, time elapsed(min) 0.01---
2026-09-30 23:36:04,775 - INFO - --- validation at epoch 180, val_loss 7.1424, val_mae 8.3581, val_rmse 13.3519, val_r2 0.7821, val_pearson 0.8860, lr 2.70e-05 ---
2026-09-30 23:36:04,776 - INFO - 
****************************************************************************************************
2026-09-30 23:36:06,048 - INFO - --- training epoch 181, loss 7.1340, mae 7.6139, rmse 11.4222, time elapsed(min) 0.01---
2026-09-30 23:36:06,436 - INFO - --- validation at epoch 181, val_loss 7.2360, val_mae 8.3961, val_rmse 13.4163, val_r2 0.7800, val_pearson 0.8848, lr 2.70e-05 ---
2026-09-30 23:36:06,436 - INFO - 
****************************************************************************************************
2026-09-30 23:36:07,656 - INFO - --- training epoch 182, loss 7.0748, mae 7.5561, rmse 11.4247, time elapsed(min) 0.01---
2026-09-30 23:36:07,827 - INFO - --- validation at epoch 182, val_loss 7.1538, val_mae 8.4340, val_rmse 13.3991, val_r2 0.7806, val_pearson 0.8852, lr 2.70e-05 ---
2026-09-30 23:36:07,827 - INFO - 
****************************************************************************************************
2026-09-30 23:36:08,845 - INFO - --- training epoch 183, loss 7.1682, mae 7.6467, rmse 11.5053, time elapsed(min) 0.01---
2026-09-30 23:36:09,016 - INFO - --- validation at epoch 183, val_loss 7.1755, val_mae 8.4470, val_rmse 13.4618, val_r2 0.7785, val_pearson 0.8851, lr 2.70e-05 ---
2026-09-30 23:36:09,016 - INFO - 
****************************************************************************************************
2026-09-30 23:36:10,225 - INFO - --- training epoch 184, loss 7.0553, mae 7.5340, rmse 11.3669, time elapsed(min) 0.01---
2026-09-30 23:36:10,390 - INFO - --- validation at epoch 184, val_loss 7.1859, val_mae 8.3225, val_rmse 13.3541, val_r2 0.7821, val_pearson 0.8859, lr 2.70e-05 ---
2026-09-30 23:36:10,390 - INFO - 
****************************************************************************************************
2026-09-30 23:36:11,616 - INFO - --- training epoch 185, loss 7.2704, mae 7.7491, rmse 11.6127, time elapsed(min) 0.01---
2026-09-30 23:36:11,780 - INFO - --- validation at epoch 185, val_loss 7.1628, val_mae 8.4269, val_rmse 13.3646, val_r2 0.7817, val_pearson 0.8853, lr 2.70e-05 ---
2026-09-30 23:36:11,780 - INFO - 
****************************************************************************************************
2026-09-30 23:36:13,026 - INFO - --- training epoch 186, loss 7.0997, mae 7.5793, rmse 11.3744, time elapsed(min) 0.01---
2026-09-30 23:36:13,208 - INFO - --- validation at epoch 186, val_loss 7.1359, val_mae 8.3145, val_rmse 13.2456, val_r2 0.7856, val_pearson 0.8877, lr 2.70e-05 ---
2026-09-30 23:36:13,208 - INFO - 
****************************************************************************************************
2026-09-30 23:36:14,406 - INFO - --- training epoch 187, loss 7.1780, mae 7.6589, rmse 11.4167, time elapsed(min) 0.01---
2026-09-30 23:36:14,572 - INFO - --- validation at epoch 187, val_loss 7.0897, val_mae 8.3252, val_rmse 13.2683, val_r2 0.7848, val_pearson 0.8870, lr 2.70e-05 ---
2026-09-30 23:36:14,572 - INFO - 
****************************************************************************************************
2026-09-30 23:36:15,602 - INFO - --- training epoch 188, loss 7.1233, mae 7.6041, rmse 11.4194, time elapsed(min) 0.01---
2026-09-30 23:36:15,784 - INFO - --- validation at epoch 188, val_loss 7.2302, val_mae 8.4140, val_rmse 13.3785, val_r2 0.7813, val_pearson 0.8851, lr 2.70e-05 ---
2026-09-30 23:36:15,784 - INFO - 
****************************************************************************************************
2026-09-30 23:36:16,816 - INFO - --- training epoch 189, loss 7.1188, mae 7.6012, rmse 11.3648, time elapsed(min) 0.01---
2026-09-30 23:36:16,991 - INFO - --- validation at epoch 189, val_loss 7.1196, val_mae 8.3650, val_rmse 13.3324, val_r2 0.7828, val_pearson 0.8860, lr 2.70e-05 ---
2026-09-30 23:36:16,991 - INFO - 
****************************************************************************************************
2026-09-30 23:36:18,227 - INFO - --- training epoch 190, loss 7.1467, mae 7.6263, rmse 11.4171, time elapsed(min) 0.01---
2026-09-30 23:36:18,396 - INFO - --- validation at epoch 190, val_loss 7.1517, val_mae 8.3431, val_rmse 13.3150, val_r2 0.7833, val_pearson 0.8865, lr 8.10e-06 ---
2026-09-30 23:36:18,396 - INFO - 
****************************************************************************************************
2026-09-30 23:36:19,632 - INFO - --- training epoch 191, loss 7.1084, mae 7.5893, rmse 11.4188, time elapsed(min) 0.01---
2026-09-30 23:36:19,800 - INFO - --- validation at epoch 191, val_loss 7.1185, val_mae 8.3101, val_rmse 13.2780, val_r2 0.7845, val_pearson 0.8871, lr 8.10e-06 ---
2026-09-30 23:36:19,800 - INFO - 
****************************************************************************************************
2026-09-30 23:36:21,217 - INFO - --- training epoch 192, loss 7.0360, mae 7.5152, rmse 11.3933, time elapsed(min) 0.02---
2026-09-30 23:36:21,379 - INFO - --- validation at epoch 192, val_loss 7.1275, val_mae 8.3020, val_rmse 13.2499, val_r2 0.7854, val_pearson 0.8873, lr 8.10e-06 ---
2026-09-30 23:36:21,379 - INFO - 
****************************************************************************************************
2026-09-30 23:36:22,426 - INFO - --- training epoch 193, loss 7.0723, mae 7.5524, rmse 11.3797, time elapsed(min) 0.01---
2026-09-30 23:36:22,595 - INFO - --- validation at epoch 193, val_loss 7.1108, val_mae 8.3507, val_rmse 13.2912, val_r2 0.7841, val_pearson 0.8867, lr 8.10e-06 ---
2026-09-30 23:36:22,595 - INFO - 
****************************************************************************************************
2026-09-30 23:36:23,808 - INFO - --- training epoch 194, loss 6.8942, mae 7.3716, rmse 11.1426, time elapsed(min) 0.01---
2026-09-30 23:36:23,979 - INFO - --- validation at epoch 194, val_loss 7.1629, val_mae 8.3351, val_rmse 13.2972, val_r2 0.7839, val_pearson 0.8869, lr 8.10e-06 ---
2026-09-30 23:36:23,980 - INFO - 
****************************************************************************************************
2026-09-30 23:36:25,348 - INFO - --- training epoch 195, loss 7.0674, mae 7.5483, rmse 11.2147, time elapsed(min) 0.02---
2026-09-30 23:36:25,528 - INFO - --- validation at epoch 195, val_loss 7.1946, val_mae 8.3438, val_rmse 13.3000, val_r2 0.7838, val_pearson 0.8868, lr 8.10e-06 ---
2026-09-30 23:36:25,529 - INFO - 
****************************************************************************************************
2026-09-30 23:36:26,942 - INFO - --- training epoch 196, loss 6.9497, mae 7.4257, rmse 11.2852, time elapsed(min) 0.02---
2026-09-30 23:36:27,107 - INFO - --- validation at epoch 196, val_loss 7.1549, val_mae 8.3552, val_rmse 13.2772, val_r2 0.7846, val_pearson 0.8868, lr 8.10e-06 ---
2026-09-30 23:36:27,107 - INFO - 
****************************************************************************************************
2026-09-30 23:36:28,365 - INFO - --- training epoch 197, loss 7.1009, mae 7.5805, rmse 11.3570, time elapsed(min) 0.01---
2026-09-30 23:36:28,742 - INFO - --- validation at epoch 197, val_loss 7.1611, val_mae 8.3145, val_rmse 13.2557, val_r2 0.7853, val_pearson 0.8873, lr 8.10e-06 ---
2026-09-30 23:36:28,742 - INFO - 
****************************************************************************************************
2026-09-30 23:36:29,931 - INFO - --- training epoch 198, loss 6.8926, mae 7.3697, rmse 11.1143, time elapsed(min) 0.01---
2026-09-30 23:36:30,094 - INFO - --- validation at epoch 198, val_loss 7.1504, val_mae 8.3058, val_rmse 13.2563, val_r2 0.7852, val_pearson 0.8874, lr 8.10e-06 ---
2026-09-30 23:36:30,095 - INFO - 
****************************************************************************************************
2026-09-30 23:36:31,140 - INFO - --- training epoch 199, loss 6.9385, mae 7.4162, rmse 11.1872, time elapsed(min) 0.01---
2026-09-30 23:36:31,309 - INFO - --- validation at epoch 199, val_loss 7.1783, val_mae 8.3258, val_rmse 13.2505, val_r2 0.7854, val_pearson 0.8875, lr 8.10e-06 ---
2026-09-30 23:36:31,309 - INFO - 
****************************************************************************************************
2026-09-30 23:36:32,564 - INFO - --- training epoch 200, loss 7.0633, mae 7.5416, rmse 11.3659, time elapsed(min) 0.01---
2026-09-30 23:36:32,748 - INFO - --- validation at epoch 200, val_loss 7.1458, val_mae 8.3203, val_rmse 13.2373, val_r2 0.7858, val_pearson 0.8877, lr 8.10e-06 ---
2026-09-30 23:36:32,748 - INFO - 
****************************************************************************************************
2026-09-30 23:36:33,992 - INFO - --- training epoch 201, loss 6.9882, mae 7.4681, rmse 11.3083, time elapsed(min) 0.01---
2026-09-30 23:36:34,156 - INFO - --- validation at epoch 201, val_loss 7.1573, val_mae 8.3167, val_rmse 13.2387, val_r2 0.7858, val_pearson 0.8877, lr 2.43e-06 ---
2026-09-30 23:36:34,157 - INFO - 
****************************************************************************************************
2026-09-30 23:36:35,404 - INFO - --- training epoch 202, loss 7.0882, mae 7.5666, rmse 11.3804, time elapsed(min) 0.01---
2026-09-30 23:36:35,569 - INFO - --- validation at epoch 202, val_loss 7.1592, val_mae 8.3091, val_rmse 13.2303, val_r2 0.7861, val_pearson 0.8878, lr 2.43e-06 ---
2026-09-30 23:36:35,569 - INFO - 
****************************************************************************************************
2026-09-30 23:36:36,796 - INFO - --- training epoch 203, loss 6.9699, mae 7.4505, rmse 11.2587, time elapsed(min) 0.01---
2026-09-30 23:36:36,963 - INFO - --- validation at epoch 203, val_loss 7.1739, val_mae 8.3090, val_rmse 13.2277, val_r2 0.7862, val_pearson 0.8878, lr 2.43e-06 ---
2026-09-30 23:36:36,963 - INFO - 
****************************************************************************************************
2026-09-30 23:36:38,013 - INFO - --- training epoch 204, loss 7.0287, mae 7.5084, rmse 11.3175, time elapsed(min) 0.01---
2026-09-30 23:36:38,191 - INFO - --- validation at epoch 204, val_loss 7.1651, val_mae 8.3108, val_rmse 13.2307, val_r2 0.7861, val_pearson 0.8877, lr 2.43e-06 ---
2026-09-30 23:36:38,191 - INFO - 
****************************************************************************************************
2026-09-30 23:36:39,219 - INFO - --- training epoch 205, loss 6.9184, mae 7.3956, rmse 11.2278, time elapsed(min) 0.01---
2026-09-30 23:36:39,387 - INFO - --- validation at epoch 205, val_loss 7.1546, val_mae 8.3121, val_rmse 13.2352, val_r2 0.7859, val_pearson 0.8877, lr 2.43e-06 ---
2026-09-30 23:36:39,387 - INFO - 
****************************************************************************************************
2026-09-30 23:36:40,650 - INFO - --- training epoch 206, loss 7.0281, mae 7.5074, rmse 11.2653, time elapsed(min) 0.01---
2026-09-30 23:36:40,817 - INFO - --- validation at epoch 206, val_loss 7.1546, val_mae 8.3172, val_rmse 13.2371, val_r2 0.7859, val_pearson 0.8877, lr 2.43e-06 ---
2026-09-30 23:36:40,817 - INFO - 
****************************************************************************************************
2026-09-30 23:36:42,055 - INFO - --- training epoch 207, loss 6.9557, mae 7.4360, rmse 11.2118, time elapsed(min) 0.01---
2026-09-30 23:36:42,231 - INFO - --- validation at epoch 207, val_loss 7.1592, val_mae 8.3216, val_rmse 13.2438, val_r2 0.7856, val_pearson 0.8876, lr 2.43e-06 ---
2026-09-30 23:36:42,232 - INFO - 
****************************************************************************************************
2026-09-30 23:36:43,618 - INFO - --- training epoch 208, loss 7.0030, mae 7.4854, rmse 11.2592, time elapsed(min) 0.02---
2026-09-30 23:36:43,787 - INFO - --- validation at epoch 208, val_loss 7.1279, val_mae 8.3121, val_rmse 13.2400, val_r2 0.7858, val_pearson 0.8876, lr 2.43e-06 ---
2026-09-30 23:36:43,787 - INFO - 
****************************************************************************************************
2026-09-30 23:36:44,825 - INFO - --- training epoch 209, loss 6.9630, mae 7.4418, rmse 11.2513, time elapsed(min) 0.01---
2026-09-30 23:36:45,001 - INFO - --- validation at epoch 209, val_loss 7.1494, val_mae 8.3168, val_rmse 13.2372, val_r2 0.7859, val_pearson 0.8877, lr 2.43e-06 ---
2026-09-30 23:36:45,001 - INFO - 
****************************************************************************************************
2026-09-30 23:36:46,038 - INFO - --- training epoch 210, loss 6.9890, mae 7.4693, rmse 11.1939, time elapsed(min) 0.01---
2026-09-30 23:36:46,209 - INFO - --- validation at epoch 210, val_loss 7.1581, val_mae 8.3124, val_rmse 13.2401, val_r2 0.7858, val_pearson 0.8878, lr 2.43e-06 ---
2026-09-30 23:36:46,209 - INFO - 
****************************************************************************************************
2026-09-30 23:36:47,455 - INFO - --- training epoch 211, loss 7.0275, mae 7.5060, rmse 11.3073, time elapsed(min) 0.01---
2026-09-30 23:36:47,622 - INFO - --- validation at epoch 211, val_loss 7.1442, val_mae 8.3084, val_rmse 13.2416, val_r2 0.7857, val_pearson 0.8878, lr 2.43e-06 ---
2026-09-30 23:36:47,622 - INFO - 
****************************************************************************************************
2026-09-30 23:36:48,917 - INFO - --- training epoch 212, loss 7.0257, mae 7.5051, rmse 11.3212, time elapsed(min) 0.02---
2026-09-30 23:36:49,075 - INFO - --- validation at epoch 212, val_loss 7.1342, val_mae 8.3041, val_rmse 13.2385, val_r2 0.7858, val_pearson 0.8878, lr 1.00e-06 ---
2026-09-30 23:36:49,075 - INFO - 
****************************************************************************************************
2026-09-30 23:36:50,314 - INFO - --- training epoch 213, loss 6.9016, mae 7.3777, rmse 11.2129, time elapsed(min) 0.01---
2026-09-30 23:36:50,711 - INFO - --- validation at epoch 213, val_loss 7.1343, val_mae 8.3026, val_rmse 13.2377, val_r2 0.7858, val_pearson 0.8878, lr 1.00e-06 ---
2026-09-30 23:36:50,711 - INFO - 
****************************************************************************************************
2026-09-30 23:36:51,891 - INFO - --- training epoch 214, loss 6.9885, mae 7.4651, rmse 11.3063, time elapsed(min) 0.01---
2026-09-30 23:36:52,058 - INFO - --- validation at epoch 214, val_loss 7.1382, val_mae 8.3089, val_rmse 13.2367, val_r2 0.7859, val_pearson 0.8877, lr 1.00e-06 ---
2026-09-30 23:36:52,058 - INFO - 
****************************************************************************************************
2026-09-30 23:36:53,102 - INFO - --- training epoch 215, loss 6.9956, mae 7.4723, rmse 11.2757, time elapsed(min) 0.01---
2026-09-30 23:36:53,263 - INFO - --- validation at epoch 215, val_loss 7.1399, val_mae 8.3137, val_rmse 13.2368, val_r2 0.7859, val_pearson 0.8877, lr 1.00e-06 ---
2026-09-30 23:36:53,263 - INFO - 
****************************************************************************************************
2026-09-30 23:36:54,505 - INFO - --- training epoch 216, loss 6.9908, mae 7.4679, rmse 11.3391, time elapsed(min) 0.01---
2026-09-30 23:36:54,670 - INFO - --- validation at epoch 216, val_loss 7.1497, val_mae 8.3176, val_rmse 13.2390, val_r2 0.7858, val_pearson 0.8877, lr 1.00e-06 ---
2026-09-30 23:36:54,670 - INFO - 
****************************************************************************************************
2026-09-30 23:36:55,920 - INFO - --- training epoch 217, loss 7.0127, mae 7.4919, rmse 11.2428, time elapsed(min) 0.01---
2026-09-30 23:36:56,085 - INFO - --- validation at epoch 217, val_loss 7.1565, val_mae 8.3183, val_rmse 13.2416, val_r2 0.7857, val_pearson 0.8877, lr 1.00e-06 ---
2026-09-30 23:36:56,085 - INFO - 
****************************************************************************************************
2026-09-30 23:36:57,343 - INFO - --- training epoch 218, loss 7.0726, mae 7.5518, rmse 11.3375, time elapsed(min) 0.01---
2026-09-30 23:36:57,752 - INFO - --- validation at epoch 218, val_loss 7.1597, val_mae 8.3164, val_rmse 13.2431, val_r2 0.7857, val_pearson 0.8877, lr 1.00e-06 ---
2026-09-30 23:36:57,752 - INFO - 
****************************************************************************************************
2026-09-30 23:36:58,961 - INFO - --- training epoch 219, loss 7.0612, mae 7.5413, rmse 11.2807, time elapsed(min) 0.01---
2026-09-30 23:36:59,129 - INFO - --- validation at epoch 219, val_loss 7.1579, val_mae 8.3160, val_rmse 13.2466, val_r2 0.7855, val_pearson 0.8876, lr 1.00e-06 ---
2026-09-30 23:36:59,129 - INFO - 
****************************************************************************************************
2026-09-30 23:37:00,182 - INFO - --- training epoch 220, loss 7.1222, mae 7.5998, rmse 11.4417, time elapsed(min) 0.01---
2026-09-30 23:37:00,357 - INFO - --- validation at epoch 220, val_loss 7.1520, val_mae 8.3209, val_rmse 13.2514, val_r2 0.7854, val_pearson 0.8876, lr 1.00e-06 ---
2026-09-30 23:37:00,357 - INFO - 
****************************************************************************************************
2026-09-30 23:37:01,600 - INFO - --- training epoch 221, loss 7.0536, mae 7.5326, rmse 11.3449, time elapsed(min) 0.01---
2026-09-30 23:37:01,777 - INFO - --- validation at epoch 221, val_loss 7.1495, val_mae 8.3186, val_rmse 13.2535, val_r2 0.7853, val_pearson 0.8875, lr 1.00e-06 ---
2026-09-30 23:37:01,777 - INFO - 
****************************************************************************************************
2026-09-30 23:37:03,150 - INFO - --- training epoch 222, loss 6.8792, mae 7.3590, rmse 11.2569, time elapsed(min) 0.02---
2026-09-30 23:37:03,310 - INFO - --- validation at epoch 222, val_loss 7.1523, val_mae 8.3117, val_rmse 13.2473, val_r2 0.7855, val_pearson 0.8876, lr 1.00e-06 ---
2026-09-30 23:37:03,310 - INFO - 
****************************************************************************************************
2026-09-30 23:37:04,588 - INFO - --- training epoch 223, loss 6.9742, mae 7.4544, rmse 11.2261, time elapsed(min) 0.01---
2026-09-30 23:37:04,972 - INFO - --- validation at epoch 223, val_loss 7.1520, val_mae 8.3077, val_rmse 13.2479, val_r2 0.7855, val_pearson 0.8876, lr 1.00e-06 ---
2026-09-30 23:37:04,972 - INFO - 
****************************************************************************************************
2026-09-30 23:37:06,153 - INFO - --- training epoch 224, loss 7.0351, mae 7.5113, rmse 11.3653, time elapsed(min) 0.01---
2026-09-30 23:37:06,322 - INFO - --- validation at epoch 224, val_loss 7.1505, val_mae 8.3076, val_rmse 13.2513, val_r2 0.7854, val_pearson 0.8876, lr 1.00e-06 ---
2026-09-30 23:37:06,322 - INFO - 
****************************************************************************************************
2026-09-30 23:37:07,365 - INFO - --- training epoch 225, loss 7.0460, mae 7.5250, rmse 11.3858, time elapsed(min) 0.01---
2026-09-30 23:37:07,525 - INFO - --- validation at epoch 225, val_loss 7.1478, val_mae 8.3068, val_rmse 13.2478, val_r2 0.7855, val_pearson 0.8876, lr 1.00e-06 ---
2026-09-30 23:37:07,525 - INFO - 
****************************************************************************************************
2026-09-30 23:37:08,720 - INFO - --- training epoch 226, loss 6.9614, mae 7.4400, rmse 11.2620, time elapsed(min) 0.01---
2026-09-30 23:37:08,879 - INFO - --- validation at epoch 226, val_loss 7.1436, val_mae 8.3108, val_rmse 13.2478, val_r2 0.7855, val_pearson 0.8876, lr 1.00e-06 ---
2026-09-30 23:37:08,879 - INFO - 
****************************************************************************************************
2026-09-30 23:37:10,269 - INFO - --- training epoch 227, loss 6.9845, mae 7.4619, rmse 11.2473, time elapsed(min) 0.02---
2026-09-30 23:37:10,429 - INFO - --- validation at epoch 227, val_loss 7.1459, val_mae 8.3141, val_rmse 13.2477, val_r2 0.7855, val_pearson 0.8876, lr 1.00e-06 ---
2026-09-30 23:37:10,430 - INFO - 
****************************************************************************************************
2026-09-30 23:37:11,689 - INFO - --- training epoch 228, loss 6.9740, mae 7.4502, rmse 11.2141, time elapsed(min) 0.01---
2026-09-30 23:37:11,852 - INFO - --- validation at epoch 228, val_loss 7.1376, val_mae 8.3183, val_rmse 13.2435, val_r2 0.7856, val_pearson 0.8876, lr 1.00e-06 ---
2026-09-30 23:37:11,852 - INFO - 
****************************************************************************************************
2026-09-30 23:37:12,381 - INFO - --- early stopping at epoch 228: val_loss did not improve for 50 epochs ---
2026-09-30 23:37:12,588 - INFO - --- selected checkpoint from epoch 178, val_loss 7.0324, val_mae 8.3086, val_rmse 13.3143
2026-09-30 23:37:13,034 - INFO - -- RESULT
2026-09-30 23:37:13,034 - INFO - --- test size: 1187
2026-09-30 23:37:13,034 - INFO - --- MAE: 7.4730 pp, RMSE: 11.5019 pp, R2: 0.8181, Pearson: 0.9071
2026-09-30 23:37:14,130 - INFO - --- Buchwald-Hartwig | fullcv08_split70 | current_model: test R2 0.8181 MAE 7.4730 RMSE 11.5019 | 323.1s (1.4s/epoch)
2026-09-30 23:37:14,134 - INFO - --- Buchwald-Hartwig | fullcv08_split70 | approach 3 (comb/linear) (comb/linear)
