2026-09-30 23:42:54,284 - INFO - device is	cuda:0
2026-09-30 23:42:54,381 - INFO - -- CONFIGURATIONS
2026-09-30 23:42:54,381 - INFO - --- train/valid/test: 2491/277/1187
2026-09-30 23:42:54,381 - INFO - --- max no. reactants_train, valid, test respectively: 6, 6, 6
2026-09-30 23:42:54,381 - INFO - --- max no. products_train, valid, test respectively: 1, 1, 1
2026-09-30 23:42:54,381 - INFO - --- model_path: ../logs/approach2_grid_bh/e400/runs/Buchwald-Hartwig_fullcv08_split70_approach_2/model.pt
2026-09-30 23:42:54,390 - INFO - -- TRAINING
2026-09-30 23:42:55,051 - INFO - --- training epoch 0, loss 23.7619, mae 24.2563, rmse 29.9398, time elapsed(min) 0.01---
2026-09-30 23:42:55,234 - INFO - --- validation at epoch 0, val_loss 22.8404, val_mae 24.6500, val_rmse 29.2918, val_r2 -0.0486, val_pearson -0.3310, lr 1.00e-03 ---
2026-09-30 23:42:55,234 - INFO - 
****************************************************************************************************
2026-09-30 23:42:56,345 - INFO - --- training epoch 1, loss 22.6545, mae 23.1499, rmse 27.8716, time elapsed(min) 0.01---
2026-09-30 23:42:56,525 - INFO - --- validation at epoch 1, val_loss 22.1763, val_mae 24.0736, val_rmse 28.2797, val_r2 0.0226, val_pearson 0.3027, lr 1.00e-03 ---
2026-09-30 23:42:56,525 - INFO - 
****************************************************************************************************
2026-09-30 23:42:57,621 - INFO - --- training epoch 2, loss 22.0137, mae 22.5089, rmse 27.1695, time elapsed(min) 0.01---
2026-09-30 23:42:57,787 - INFO - --- validation at epoch 2, val_loss 21.0797, val_mae 23.0984, val_rmse 27.8292, val_r2 0.0535, val_pearson 0.3285, lr 1.00e-03 ---
2026-09-30 23:42:57,787 - INFO - 
****************************************************************************************************
2026-09-30 23:42:59,098 - INFO - --- training epoch 3, loss 21.5868, mae 22.0816, rmse 26.7353, time elapsed(min) 0.01---
2026-09-30 23:42:59,261 - INFO - --- validation at epoch 3, val_loss 20.3372, val_mae 22.3451, val_rmse 27.0083, val_r2 0.1085, val_pearson 0.3874, lr 1.00e-03 ---
2026-09-30 23:42:59,261 - INFO - 
****************************************************************************************************
2026-09-30 23:43:00,582 - INFO - --- training epoch 4, loss 20.9926, mae 21.4873, rmse 26.0684, time elapsed(min) 0.01---
2026-09-30 23:43:00,756 - INFO - --- validation at epoch 4, val_loss 21.0926, val_mae 22.6393, val_rmse 26.5942, val_r2 0.1356, val_pearson 0.4125, lr 1.00e-03 ---
2026-09-30 23:43:00,756 - INFO - 
****************************************************************************************************
2026-09-30 23:43:01,998 - INFO - --- training epoch 5, loss 20.8992, mae 21.3949, rmse 25.9800, time elapsed(min) 0.01---
2026-09-30 23:43:02,396 - INFO - --- validation at epoch 5, val_loss 19.7770, val_mae 21.3659, val_rmse 25.5773, val_r2 0.2005, val_pearson 0.4973, lr 1.00e-03 ---
2026-09-30 23:43:02,396 - INFO - 
****************************************************************************************************
2026-09-30 23:43:03,678 - INFO - --- training epoch 6, loss 20.5292, mae 21.0247, rmse 25.5414, time elapsed(min) 0.01---
2026-09-30 23:43:03,847 - INFO - --- validation at epoch 6, val_loss 19.0985, val_mae 20.6117, val_rmse 24.8667, val_r2 0.2443, val_pearson 0.5111, lr 1.00e-03 ---
2026-09-30 23:43:03,847 - INFO - 
****************************************************************************************************
2026-09-30 23:43:04,962 - INFO - --- training epoch 7, loss 19.8706, mae 20.3662, rmse 25.0535, time elapsed(min) 0.01---
2026-09-30 23:43:05,135 - INFO - --- validation at epoch 7, val_loss 18.6697, val_mae 20.4554, val_rmse 24.2546, val_r2 0.2810, val_pearson 0.5346, lr 1.00e-03 ---
2026-09-30 23:43:05,135 - INFO - 
****************************************************************************************************
2026-09-30 23:43:06,401 - INFO - --- training epoch 8, loss 19.9205, mae 20.4149, rmse 25.1708, time elapsed(min) 0.01---
2026-09-30 23:43:06,579 - INFO - --- validation at epoch 8, val_loss 20.3819, val_mae 22.0613, val_rmse 25.4102, val_r2 0.2109, val_pearson 0.5001, lr 1.00e-03 ---
2026-09-30 23:43:06,579 - INFO - 
****************************************************************************************************
2026-09-30 23:43:07,857 - INFO - --- training epoch 9, loss 20.5972, mae 21.0921, rmse 25.5096, time elapsed(min) 0.02---
2026-09-30 23:43:08,022 - INFO - --- validation at epoch 9, val_loss 20.4525, val_mae 21.7618, val_rmse 25.3624, val_r2 0.2139, val_pearson 0.4690, lr 1.00e-03 ---
2026-09-30 23:43:08,022 - INFO - 
****************************************************************************************************
2026-09-30 23:43:09,284 - INFO - --- training epoch 10, loss 20.7049, mae 21.2004, rmse 25.9520, time elapsed(min) 0.01---
2026-09-30 23:43:09,452 - INFO - --- validation at epoch 10, val_loss 18.9345, val_mae 20.7329, val_rmse 24.6630, val_r2 0.2566, val_pearson 0.5200, lr 1.00e-03 ---
2026-09-30 23:43:09,452 - INFO - 
****************************************************************************************************
2026-09-30 23:43:10,834 - INFO - --- training epoch 11, loss 19.4459, mae 19.9408, rmse 24.7018, time elapsed(min) 0.02---
2026-09-30 23:43:10,998 - INFO - --- validation at epoch 11, val_loss 17.2867, val_mae 18.7912, val_rmse 23.7494, val_r2 0.3107, val_pearson 0.5824, lr 1.00e-03 ---
2026-09-30 23:43:10,998 - INFO - 
****************************************************************************************************
2026-09-30 23:43:12,106 - INFO - --- training epoch 12, loss 19.9734, mae 20.4686, rmse 25.2163, time elapsed(min) 0.01---
2026-09-30 23:43:12,281 - INFO - --- validation at epoch 12, val_loss 19.2414, val_mae 20.7734, val_rmse 24.0858, val_r2 0.2910, val_pearson 0.5543, lr 1.00e-03 ---
2026-09-30 23:43:12,281 - INFO - 
****************************************************************************************************
2026-09-30 23:43:13,321 - INFO - --- training epoch 13, loss 19.7841, mae 20.2799, rmse 24.6094, time elapsed(min) 0.01---
2026-09-30 23:43:13,490 - INFO - --- validation at epoch 13, val_loss 17.9741, val_mae 19.6792, val_rmse 23.5807, val_r2 0.3204, val_pearson 0.5782, lr 1.00e-03 ---
2026-09-30 23:43:13,490 - INFO - 
****************************************************************************************************
2026-09-30 23:43:14,866 - INFO - --- training epoch 14, loss 19.0845, mae 19.5796, rmse 24.4155, time elapsed(min) 0.02---
2026-09-30 23:43:15,033 - INFO - --- validation at epoch 14, val_loss 16.7821, val_mae 18.5064, val_rmse 23.2063, val_r2 0.3418, val_pearson 0.5973, lr 1.00e-03 ---
2026-09-30 23:43:15,033 - INFO - 
****************************************************************************************************
2026-09-30 23:43:16,366 - INFO - --- training epoch 15, loss 18.9532, mae 19.4473, rmse 24.4775, time elapsed(min) 0.01---
2026-09-30 23:43:16,532 - INFO - --- validation at epoch 15, val_loss 17.0323, val_mae 18.7707, val_rmse 23.6348, val_r2 0.3173, val_pearson 0.5848, lr 1.00e-03 ---
2026-09-30 23:43:16,532 - INFO - 
****************************************************************************************************
2026-09-30 23:43:17,809 - INFO - --- training epoch 16, loss 18.7519, mae 19.2463, rmse 24.0831, time elapsed(min) 0.02---
2026-09-30 23:43:18,194 - INFO - --- validation at epoch 16, val_loss 16.6535, val_mae 18.4663, val_rmse 23.3685, val_r2 0.3326, val_pearson 0.5881, lr 1.00e-03 ---
2026-09-30 23:43:18,194 - INFO - 
****************************************************************************************************
2026-09-30 23:43:19,515 - INFO - --- training epoch 17, loss 19.0858, mae 19.5804, rmse 24.3682, time elapsed(min) 0.01---
2026-09-30 23:43:19,677 - INFO - --- validation at epoch 17, val_loss 17.2650, val_mae 18.9362, val_rmse 23.7004, val_r2 0.3135, val_pearson 0.6001, lr 1.00e-03 ---
2026-09-30 23:43:19,677 - INFO - 
****************************************************************************************************
2026-09-30 23:43:20,727 - INFO - --- training epoch 18, loss 19.2414, mae 19.7369, rmse 24.5891, time elapsed(min) 0.01---
2026-09-30 23:43:20,900 - INFO - --- validation at epoch 18, val_loss 17.0742, val_mae 18.7910, val_rmse 23.7269, val_r2 0.3120, val_pearson 0.6024, lr 1.00e-03 ---
2026-09-30 23:43:20,900 - INFO - 
****************************************************************************************************
2026-09-30 23:43:22,177 - INFO - --- training epoch 19, loss 18.7703, mae 19.2661, rmse 23.8012, time elapsed(min) 0.01---
2026-09-30 23:43:22,342 - INFO - --- validation at epoch 19, val_loss 17.0007, val_mae 19.0621, val_rmse 24.2176, val_r2 0.2832, val_pearson 0.5762, lr 1.00e-03 ---
2026-09-30 23:43:22,342 - INFO - 
****************************************************************************************************
2026-09-30 23:43:23,590 - INFO - --- training epoch 20, loss 19.0690, mae 19.5648, rmse 24.3783, time elapsed(min) 0.01---
2026-09-30 23:43:23,766 - INFO - --- validation at epoch 20, val_loss 17.4008, val_mae 19.1494, val_rmse 22.8221, val_r2 0.3634, val_pearson 0.6054, lr 1.00e-03 ---
2026-09-30 23:43:23,766 - INFO - 
****************************************************************************************************
2026-09-30 23:43:25,039 - INFO - --- training epoch 21, loss 18.7050, mae 19.1997, rmse 24.0444, time elapsed(min) 0.01---
2026-09-30 23:43:25,214 - INFO - --- validation at epoch 21, val_loss 16.4598, val_mae 18.1702, val_rmse 23.8183, val_r2 0.3067, val_pearson 0.5874, lr 1.00e-03 ---
2026-09-30 23:43:25,214 - INFO - 
****************************************************************************************************
2026-09-30 23:43:26,792 - INFO - --- training epoch 22, loss 18.7890, mae 19.2838, rmse 24.2105, time elapsed(min) 0.02---
2026-09-30 23:43:26,959 - INFO - --- validation at epoch 22, val_loss 16.9704, val_mae 18.3176, val_rmse 22.8429, val_r2 0.3623, val_pearson 0.6039, lr 1.00e-03 ---
2026-09-30 23:43:26,959 - INFO - 
****************************************************************************************************
2026-09-30 23:43:28,010 - INFO - --- training epoch 23, loss 18.3716, mae 18.8658, rmse 23.7557, time elapsed(min) 0.01---
2026-09-30 23:43:28,180 - INFO - --- validation at epoch 23, val_loss 15.8756, val_mae 17.6373, val_rmse 22.8217, val_r2 0.3635, val_pearson 0.6235, lr 1.00e-03 ---
2026-09-30 23:43:28,180 - INFO - 
****************************************************************************************************
2026-09-30 23:43:29,487 - INFO - --- training epoch 24, loss 17.1416, mae 17.6347, rmse 22.2327, time elapsed(min) 0.01---
2026-09-30 23:43:29,638 - INFO - --- validation at epoch 24, val_loss 15.1257, val_mae 16.3726, val_rmse 21.3412, val_r2 0.4434, val_pearson 0.6856, lr 1.00e-03 ---
2026-09-30 23:43:29,638 - INFO - 
****************************************************************************************************
2026-09-30 23:43:31,121 - INFO - --- training epoch 25, loss 15.8661, mae 16.3577, rmse 21.3111, time elapsed(min) 0.02---
2026-09-30 23:43:31,294 - INFO - --- validation at epoch 25, val_loss 14.8011, val_mae 16.5873, val_rmse 21.5088, val_r2 0.4346, val_pearson 0.6973, lr 1.00e-03 ---
2026-09-30 23:43:31,294 - INFO - 
****************************************************************************************************
2026-09-30 23:43:32,628 - INFO - --- training epoch 26, loss 15.7039, mae 16.1955, rmse 21.0815, time elapsed(min) 0.01---
2026-09-30 23:43:32,788 - INFO - --- validation at epoch 26, val_loss 13.6804, val_mae 15.4943, val_rmse 20.2095, val_r2 0.5008, val_pearson 0.7272, lr 1.00e-03 ---
2026-09-30 23:43:32,788 - INFO - 
****************************************************************************************************
2026-09-30 23:43:34,351 - INFO - --- training epoch 27, loss 14.9633, mae 15.4523, rmse 20.3630, time elapsed(min) 0.02---
2026-09-30 23:43:34,526 - INFO - --- validation at epoch 27, val_loss 14.0146, val_mae 15.8495, val_rmse 21.2278, val_r2 0.4493, val_pearson 0.6969, lr 1.00e-03 ---
2026-09-30 23:43:34,527 - INFO - 
****************************************************************************************************
2026-09-30 23:43:35,572 - INFO - --- training epoch 28, loss 14.6504, mae 15.1411, rmse 19.9627, time elapsed(min) 0.01---
2026-09-30 23:43:35,745 - INFO - --- validation at epoch 28, val_loss 14.6663, val_mae 15.8868, val_rmse 21.4194, val_r2 0.4393, val_pearson 0.7264, lr 1.00e-03 ---
2026-09-30 23:43:35,745 - INFO - 
****************************************************************************************************
2026-09-30 23:43:36,945 - INFO - --- training epoch 29, loss 14.2694, mae 14.7559, rmse 19.6526, time elapsed(min) 0.01---
2026-09-30 23:43:37,127 - INFO - --- validation at epoch 29, val_loss 15.3035, val_mae 16.5908, val_rmse 22.3089, val_r2 0.3918, val_pearson 0.7100, lr 1.00e-03 ---
2026-09-30 23:43:37,127 - INFO - 
****************************************************************************************************
2026-09-30 23:43:38,532 - INFO - --- training epoch 30, loss 14.5769, mae 15.0658, rmse 20.0155, time elapsed(min) 0.02---
2026-09-30 23:43:38,709 - INFO - --- validation at epoch 30, val_loss 14.1090, val_mae 15.6353, val_rmse 20.9772, val_r2 0.4622, val_pearson 0.7220, lr 1.00e-03 ---
2026-09-30 23:43:38,709 - INFO - 
****************************************************************************************************
2026-09-30 23:43:39,950 - INFO - --- training epoch 31, loss 14.1926, mae 14.6823, rmse 19.5940, time elapsed(min) 0.01---
2026-09-30 23:43:40,118 - INFO - --- validation at epoch 31, val_loss 14.5011, val_mae 16.0328, val_rmse 21.5113, val_r2 0.4345, val_pearson 0.7086, lr 1.00e-03 ---
2026-09-30 23:43:40,119 - INFO - 
****************************************************************************************************
2026-09-30 23:43:41,374 - INFO - --- training epoch 32, loss 14.2891, mae 14.7769, rmse 19.7008, time elapsed(min) 0.01---
2026-09-30 23:43:41,790 - INFO - --- validation at epoch 32, val_loss 12.7815, val_mae 14.6610, val_rmse 20.2057, val_r2 0.5010, val_pearson 0.7201, lr 1.00e-03 ---
2026-09-30 23:43:41,790 - INFO - 
****************************************************************************************************
2026-09-30 23:43:43,080 - INFO - --- training epoch 33, loss 14.6345, mae 15.1249, rmse 19.9557, time elapsed(min) 0.01---
2026-09-30 23:43:43,251 - INFO - --- validation at epoch 33, val_loss 12.3259, val_mae 14.2478, val_rmse 19.1673, val_r2 0.5510, val_pearson 0.7505, lr 1.00e-03 ---
2026-09-30 23:43:43,251 - INFO - 
****************************************************************************************************
2026-09-30 23:43:44,394 - INFO - --- training epoch 34, loss 13.3300, mae 13.8195, rmse 18.3929, time elapsed(min) 0.01---
2026-09-30 23:43:44,561 - INFO - --- validation at epoch 34, val_loss 11.9134, val_mae 13.6397, val_rmse 18.0436, val_r2 0.6021, val_pearson 0.7800, lr 1.00e-03 ---
2026-09-30 23:43:44,561 - INFO - 
****************************************************************************************************
2026-09-30 23:43:45,922 - INFO - --- training epoch 35, loss 13.2910, mae 13.7758, rmse 18.5801, time elapsed(min) 0.01---
2026-09-30 23:43:46,100 - INFO - --- validation at epoch 35, val_loss 12.5546, val_mae 13.8249, val_rmse 18.7875, val_r2 0.5686, val_pearson 0.7786, lr 1.00e-03 ---
2026-09-30 23:43:46,101 - INFO - 
****************************************************************************************************
2026-09-30 23:43:47,346 - INFO - --- training epoch 36, loss 12.6433, mae 13.1296, rmse 17.7717, time elapsed(min) 0.01---
2026-09-30 23:43:47,516 - INFO - --- validation at epoch 36, val_loss 13.0128, val_mae 14.1798, val_rmse 19.2648, val_r2 0.5464, val_pearson 0.7882, lr 1.00e-03 ---
2026-09-30 23:43:47,516 - INFO - 
****************************************************************************************************
2026-09-30 23:43:48,798 - INFO - --- training epoch 37, loss 12.5573, mae 13.0452, rmse 17.5678, time elapsed(min) 0.01---
2026-09-30 23:43:48,964 - INFO - --- validation at epoch 37, val_loss 13.6851, val_mae 14.9742, val_rmse 20.0631, val_r2 0.5081, val_pearson 0.7771, lr 1.00e-03 ---
2026-09-30 23:43:48,964 - INFO - 
****************************************************************************************************
2026-09-30 23:43:50,170 - INFO - --- training epoch 38, loss 12.3467, mae 12.8304, rmse 17.4387, time elapsed(min) 0.01---
2026-09-30 23:43:50,338 - INFO - --- validation at epoch 38, val_loss 10.8520, val_mae 12.5577, val_rmse 17.1110, val_r2 0.6422, val_pearson 0.8053, lr 1.00e-03 ---
2026-09-30 23:43:50,338 - INFO - 
****************************************************************************************************
2026-09-30 23:43:51,476 - INFO - --- training epoch 39, loss 11.8955, mae 12.3786, rmse 16.9134, time elapsed(min) 0.01---
2026-09-30 23:43:51,657 - INFO - --- validation at epoch 39, val_loss 11.3978, val_mae 12.8082, val_rmse 17.3780, val_r2 0.6309, val_pearson 0.8023, lr 1.00e-03 ---
2026-09-30 23:43:51,657 - INFO - 
****************************************************************************************************
2026-09-30 23:43:52,728 - INFO - --- training epoch 40, loss 12.0287, mae 12.5112, rmse 17.0441, time elapsed(min) 0.01---
2026-09-30 23:43:52,893 - INFO - --- validation at epoch 40, val_loss 11.1989, val_mae 12.4339, val_rmse 16.9513, val_r2 0.6488, val_pearson 0.8131, lr 1.00e-03 ---
2026-09-30 23:43:52,894 - INFO - 
****************************************************************************************************
2026-09-30 23:43:54,139 - INFO - --- training epoch 41, loss 12.1250, mae 12.6040, rmse 17.2292, time elapsed(min) 0.01---
2026-09-30 23:43:54,304 - INFO - --- validation at epoch 41, val_loss 12.6559, val_mae 13.9294, val_rmse 18.3505, val_r2 0.5885, val_pearson 0.8048, lr 1.00e-03 ---
2026-09-30 23:43:54,304 - INFO - 
****************************************************************************************************
2026-09-30 23:43:55,562 - INFO - --- training epoch 42, loss 11.7075, mae 12.1884, rmse 16.6516, time elapsed(min) 0.01---
2026-09-30 23:43:55,730 - INFO - --- validation at epoch 42, val_loss 11.9098, val_mae 12.8054, val_rmse 17.3007, val_r2 0.6342, val_pearson 0.8189, lr 1.00e-03 ---
2026-09-30 23:43:55,730 - INFO - 
****************************************************************************************************
2026-09-30 23:43:57,027 - INFO - --- training epoch 43, loss 11.2156, mae 11.6968, rmse 16.0669, time elapsed(min) 0.02---
2026-09-30 23:43:57,411 - INFO - --- validation at epoch 43, val_loss 11.7124, val_mae 13.3814, val_rmse 17.9647, val_r2 0.6056, val_pearson 0.7966, lr 1.00e-03 ---
2026-09-30 23:43:57,411 - INFO - 
****************************************************************************************************
2026-09-30 23:43:58,642 - INFO - --- training epoch 44, loss 11.0490, mae 11.5331, rmse 15.9792, time elapsed(min) 0.01---
2026-09-30 23:43:58,812 - INFO - --- validation at epoch 44, val_loss 10.7960, val_mae 12.2521, val_rmse 16.7062, val_r2 0.6589, val_pearson 0.8196, lr 1.00e-03 ---
2026-09-30 23:43:58,812 - INFO - 
****************************************************************************************************
2026-09-30 23:43:59,952 - INFO - --- training epoch 45, loss 10.8959, mae 11.3822, rmse 15.6736, time elapsed(min) 0.01---
2026-09-30 23:44:00,117 - INFO - --- validation at epoch 45, val_loss 11.2644, val_mae 12.3227, val_rmse 16.4369, val_r2 0.6698, val_pearson 0.8300, lr 1.00e-03 ---
2026-09-30 23:44:00,117 - INFO - 
****************************************************************************************************
2026-09-30 23:44:01,380 - INFO - --- training epoch 46, loss 13.0248, mae 13.5114, rmse 18.3725, time elapsed(min) 0.01---
2026-09-30 23:44:01,546 - INFO - --- validation at epoch 46, val_loss 11.0073, val_mae 12.4744, val_rmse 17.1367, val_r2 0.6411, val_pearson 0.8103, lr 1.00e-03 ---
2026-09-30 23:44:01,546 - INFO - 
****************************************************************************************************
2026-09-30 23:44:02,797 - INFO - --- training epoch 47, loss 11.6985, mae 12.1820, rmse 16.7334, time elapsed(min) 0.01---
2026-09-30 23:44:02,976 - INFO - --- validation at epoch 47, val_loss 10.6901, val_mae 11.9305, val_rmse 16.1422, val_r2 0.6815, val_pearson 0.8343, lr 1.00e-03 ---
2026-09-30 23:44:02,977 - INFO - 
****************************************************************************************************
2026-09-30 23:44:04,335 - INFO - --- training epoch 48, loss 10.4905, mae 10.9710, rmse 15.1871, time elapsed(min) 0.01---
2026-09-30 23:44:04,720 - INFO - --- validation at epoch 48, val_loss 10.7978, val_mae 12.0858, val_rmse 16.0837, val_r2 0.6838, val_pearson 0.8585, lr 1.00e-03 ---
2026-09-30 23:44:04,720 - INFO - 
****************************************************************************************************
2026-09-30 23:44:05,934 - INFO - --- training epoch 49, loss 10.1628, mae 10.6467, rmse 14.9609, time elapsed(min) 0.01---
2026-09-30 23:44:06,108 - INFO - --- validation at epoch 49, val_loss 9.8610, val_mae 11.0237, val_rmse 14.9575, val_r2 0.7266, val_pearson 0.8592, lr 1.00e-03 ---
2026-09-30 23:44:06,108 - INFO - 
****************************************************************************************************
2026-09-30 23:44:07,247 - INFO - --- training epoch 50, loss 9.7838, mae 10.2642, rmse 14.5070, time elapsed(min) 0.01---
2026-09-30 23:44:07,411 - INFO - --- validation at epoch 50, val_loss 9.3701, val_mae 10.4796, val_rmse 14.5540, val_r2 0.7411, val_pearson 0.8731, lr 1.00e-03 ---
2026-09-30 23:44:07,411 - INFO - 
****************************************************************************************************
2026-09-30 23:44:08,716 - INFO - --- training epoch 51, loss 9.9639, mae 10.4421, rmse 14.7823, time elapsed(min) 0.01---
2026-09-30 23:44:08,892 - INFO - --- validation at epoch 51, val_loss 9.6845, val_mae 10.6534, val_rmse 14.6270, val_r2 0.7385, val_pearson 0.8702, lr 1.00e-03 ---
2026-09-30 23:44:08,892 - INFO - 
****************************************************************************************************
2026-09-30 23:44:10,146 - INFO - --- training epoch 52, loss 9.4016, mae 9.8806, rmse 14.1162, time elapsed(min) 0.01---
2026-09-30 23:44:10,319 - INFO - --- validation at epoch 52, val_loss 10.0907, val_mae 10.9294, val_rmse 15.3454, val_r2 0.7122, val_pearson 0.8757, lr 1.00e-03 ---
2026-09-30 23:44:10,319 - INFO - 
****************************************************************************************************
2026-09-30 23:44:11,616 - INFO - --- training epoch 53, loss 9.1872, mae 9.6680, rmse 13.8589, time elapsed(min) 0.02---
2026-09-30 23:44:11,794 - INFO - --- validation at epoch 53, val_loss 9.8291, val_mae 10.5181, val_rmse 14.8014, val_r2 0.7322, val_pearson 0.8769, lr 1.00e-03 ---
2026-09-30 23:44:11,794 - INFO - 
****************************************************************************************************
2026-09-30 23:44:13,232 - INFO - --- training epoch 54, loss 9.2295, mae 9.7090, rmse 13.7498, time elapsed(min) 0.02---
2026-09-30 23:44:13,408 - INFO - --- validation at epoch 54, val_loss 8.9433, val_mae 10.2371, val_rmse 14.2178, val_r2 0.7529, val_pearson 0.8713, lr 1.00e-03 ---
2026-09-30 23:44:13,408 - INFO - 
****************************************************************************************************
2026-09-30 23:44:14,569 - INFO - --- training epoch 55, loss 9.2183, mae 9.6947, rmse 13.9247, time elapsed(min) 0.01---
2026-09-30 23:44:14,747 - INFO - --- validation at epoch 55, val_loss 8.9697, val_mae 10.1986, val_rmse 14.3539, val_r2 0.7482, val_pearson 0.8664, lr 1.00e-03 ---
2026-09-30 23:44:14,747 - INFO - 
****************************************************************************************************
2026-09-30 23:44:15,932 - INFO - --- training epoch 56, loss 8.9718, mae 9.4470, rmse 13.6648, time elapsed(min) 0.01---
2026-09-30 23:44:16,099 - INFO - --- validation at epoch 56, val_loss 8.1331, val_mae 9.5671, val_rmse 13.7345, val_r2 0.7695, val_pearson 0.8811, lr 1.00e-03 ---
2026-09-30 23:44:16,099 - INFO - 
****************************************************************************************************
2026-09-30 23:44:17,431 - INFO - --- training epoch 57, loss 8.9114, mae 9.3894, rmse 13.5535, time elapsed(min) 0.01---
2026-09-30 23:44:17,598 - INFO - --- validation at epoch 57, val_loss 8.0677, val_mae 9.3674, val_rmse 13.4837, val_r2 0.7778, val_pearson 0.8841, lr 1.00e-03 ---
2026-09-30 23:44:17,598 - INFO - 
****************************************************************************************************
2026-09-30 23:44:18,958 - INFO - --- training epoch 58, loss 8.8495, mae 9.3284, rmse 13.4369, time elapsed(min) 0.01---
2026-09-30 23:44:19,123 - INFO - --- validation at epoch 58, val_loss 8.1532, val_mae 9.5861, val_rmse 13.4452, val_r2 0.7791, val_pearson 0.8844, lr 1.00e-03 ---
2026-09-30 23:44:19,123 - INFO - 
****************************************************************************************************
2026-09-30 23:44:20,542 - INFO - --- training epoch 59, loss 8.8106, mae 9.2848, rmse 13.6032, time elapsed(min) 0.02---
2026-09-30 23:44:20,701 - INFO - --- validation at epoch 59, val_loss 8.2651, val_mae 9.5988, val_rmse 13.6171, val_r2 0.7734, val_pearson 0.8817, lr 1.00e-03 ---
2026-09-30 23:44:20,701 - INFO - 
****************************************************************************************************
2026-09-30 23:44:21,755 - INFO - --- training epoch 60, loss 8.3592, mae 8.8371, rmse 12.8028, time elapsed(min) 0.01---
2026-09-30 23:44:21,923 - INFO - --- validation at epoch 60, val_loss 7.7277, val_mae 9.0761, val_rmse 13.0785, val_r2 0.7910, val_pearson 0.8905, lr 1.00e-03 ---
2026-09-30 23:44:21,923 - INFO - 
****************************************************************************************************
2026-09-30 23:44:23,073 - INFO - --- training epoch 61, loss 8.1641, mae 8.6420, rmse 12.7283, time elapsed(min) 0.01---
2026-09-30 23:44:23,235 - INFO - --- validation at epoch 61, val_loss 8.3829, val_mae 9.5797, val_rmse 13.5071, val_r2 0.7770, val_pearson 0.8953, lr 1.00e-03 ---
2026-09-30 23:44:23,235 - INFO - 
****************************************************************************************************
2026-09-30 23:44:24,489 - INFO - --- training epoch 62, loss 8.5647, mae 9.0405, rmse 13.0783, time elapsed(min) 0.01---
2026-09-30 23:44:24,670 - INFO - --- validation at epoch 62, val_loss 8.3275, val_mae 9.6196, val_rmse 13.3506, val_r2 0.7822, val_pearson 0.8886, lr 1.00e-03 ---
2026-09-30 23:44:24,670 - INFO - 
****************************************************************************************************
2026-09-30 23:44:25,940 - INFO - --- training epoch 63, loss 9.1419, mae 9.6209, rmse 13.7293, time elapsed(min) 0.01---
2026-09-30 23:44:26,109 - INFO - --- validation at epoch 63, val_loss 11.3992, val_mae 12.2510, val_rmse 16.1406, val_r2 0.6816, val_pearson 0.8575, lr 1.00e-03 ---
2026-09-30 23:44:26,109 - INFO - 
****************************************************************************************************
2026-09-30 23:44:27,324 - INFO - --- training epoch 64, loss 9.3665, mae 9.8448, rmse 13.8738, time elapsed(min) 0.01---
2026-09-30 23:44:27,498 - INFO - --- validation at epoch 64, val_loss 8.6384, val_mae 9.9700, val_rmse 14.1705, val_r2 0.7546, val_pearson 0.8801, lr 1.00e-03 ---
2026-09-30 23:44:27,498 - INFO - 
****************************************************************************************************
2026-09-30 23:44:28,565 - INFO - --- training epoch 65, loss 8.8454, mae 9.3229, rmse 13.4731, time elapsed(min) 0.01---
2026-09-30 23:44:28,731 - INFO - --- validation at epoch 65, val_loss 10.0868, val_mae 10.8368, val_rmse 15.3858, val_r2 0.7107, val_pearson 0.8787, lr 1.00e-03 ---
2026-09-30 23:44:28,731 - INFO - 
****************************************************************************************************
2026-09-30 23:44:29,948 - INFO - --- training epoch 66, loss 8.3365, mae 8.8096, rmse 12.9362, time elapsed(min) 0.01---
2026-09-30 23:44:30,128 - INFO - --- validation at epoch 66, val_loss 8.2885, val_mae 9.4070, val_rmse 13.2857, val_r2 0.7843, val_pearson 0.8892, lr 1.00e-03 ---
2026-09-30 23:44:30,128 - INFO - 
****************************************************************************************************
2026-09-30 23:44:31,408 - INFO - --- training epoch 67, loss 8.1758, mae 8.6504, rmse 12.6932, time elapsed(min) 0.01---
2026-09-30 23:44:31,579 - INFO - --- validation at epoch 67, val_loss 7.7998, val_mae 9.2453, val_rmse 13.1183, val_r2 0.7897, val_pearson 0.8919, lr 1.00e-03 ---
2026-09-30 23:44:31,579 - INFO - 
****************************************************************************************************
2026-09-30 23:44:32,866 - INFO - --- training epoch 68, loss 8.2584, mae 8.7309, rmse 12.8565, time elapsed(min) 0.01---
2026-09-30 23:44:33,020 - INFO - --- validation at epoch 68, val_loss 7.4855, val_mae 8.8948, val_rmse 13.1432, val_r2 0.7889, val_pearson 0.8922, lr 1.00e-03 ---
2026-09-30 23:44:33,020 - INFO - 
****************************************************************************************************
2026-09-30 23:44:34,325 - INFO - --- training epoch 69, loss 7.8110, mae 8.2852, rmse 12.2406, time elapsed(min) 0.01---
2026-09-30 23:44:34,501 - INFO - --- validation at epoch 69, val_loss 7.7713, val_mae 9.0465, val_rmse 13.2689, val_r2 0.7848, val_pearson 0.8898, lr 1.00e-03 ---
2026-09-30 23:44:34,502 - INFO - 
****************************************************************************************************
2026-09-30 23:44:35,578 - INFO - --- training epoch 70, loss 7.9057, mae 8.3813, rmse 12.3761, time elapsed(min) 0.01---
2026-09-30 23:44:35,745 - INFO - --- validation at epoch 70, val_loss 7.4691, val_mae 8.8033, val_rmse 12.7466, val_r2 0.8014, val_pearson 0.8987, lr 1.00e-03 ---
2026-09-30 23:44:35,746 - INFO - 
****************************************************************************************************
2026-09-30 23:44:37,077 - INFO - --- training epoch 71, loss 8.3690, mae 8.8456, rmse 12.8459, time elapsed(min) 0.01---
2026-09-30 23:44:37,239 - INFO - --- validation at epoch 71, val_loss 7.6349, val_mae 8.8742, val_rmse 12.8255, val_r2 0.7990, val_pearson 0.8961, lr 1.00e-03 ---
2026-09-30 23:44:37,239 - INFO - 
****************************************************************************************************
2026-09-30 23:44:38,526 - INFO - --- training epoch 72, loss 8.2030, mae 8.6761, rmse 12.8253, time elapsed(min) 0.01---
2026-09-30 23:44:38,701 - INFO - --- validation at epoch 72, val_loss 7.5078, val_mae 9.2515, val_rmse 13.5299, val_r2 0.7763, val_pearson 0.8885, lr 1.00e-03 ---
2026-09-30 23:44:38,701 - INFO - 
****************************************************************************************************
2026-09-30 23:44:40,019 - INFO - --- training epoch 73, loss 7.9968, mae 8.4676, rmse 12.5074, time elapsed(min) 0.02---
2026-09-30 23:44:40,191 - INFO - --- validation at epoch 73, val_loss 7.1124, val_mae 8.5918, val_rmse 12.5589, val_r2 0.8072, val_pearson 0.9014, lr 1.00e-03 ---
2026-09-30 23:44:40,191 - INFO - 
****************************************************************************************************
2026-09-30 23:44:41,488 - INFO - --- training epoch 74, loss 7.5698, mae 8.0411, rmse 12.1359, time elapsed(min) 0.01---
2026-09-30 23:44:41,653 - INFO - --- validation at epoch 74, val_loss 8.6089, val_mae 9.5576, val_rmse 13.5825, val_r2 0.7745, val_pearson 0.9039, lr 1.00e-03 ---
2026-09-30 23:44:41,654 - INFO - 
****************************************************************************************************
2026-09-30 23:44:42,708 - INFO - --- training epoch 75, loss 7.5086, mae 7.9766, rmse 12.0723, time elapsed(min) 0.01---
2026-09-30 23:44:42,871 - INFO - --- validation at epoch 75, val_loss 6.5874, val_mae 8.0334, val_rmse 12.3475, val_r2 0.8137, val_pearson 0.9083, lr 1.00e-03 ---
2026-09-30 23:44:42,871 - INFO - 
****************************************************************************************************
2026-09-30 23:44:44,014 - INFO - --- training epoch 76, loss 7.3130, mae 7.7809, rmse 11.7158, time elapsed(min) 0.01---
2026-09-30 23:44:44,180 - INFO - --- validation at epoch 76, val_loss 7.7093, val_mae 8.9074, val_rmse 12.5134, val_r2 0.8086, val_pearson 0.9010, lr 1.00e-03 ---
2026-09-30 23:44:44,180 - INFO - 
****************************************************************************************************
2026-09-30 23:44:45,445 - INFO - --- training epoch 77, loss 7.5668, mae 8.0371, rmse 11.9219, time elapsed(min) 0.01---
2026-09-30 23:44:45,611 - INFO - --- validation at epoch 77, val_loss 6.7976, val_mae 8.1091, val_rmse 12.3843, val_r2 0.8126, val_pearson 0.9034, lr 1.00e-03 ---
2026-09-30 23:44:45,611 - INFO - 
****************************************************************************************************
2026-09-30 23:44:46,895 - INFO - --- training epoch 78, loss 7.4050, mae 7.8752, rmse 11.9450, time elapsed(min) 0.01---
2026-09-30 23:44:47,069 - INFO - --- validation at epoch 78, val_loss 7.1182, val_mae 8.3780, val_rmse 12.4513, val_r2 0.8105, val_pearson 0.9055, lr 1.00e-03 ---
2026-09-30 23:44:47,069 - INFO - 
****************************************************************************************************
2026-09-30 23:44:48,342 - INFO - --- training epoch 79, loss 7.2367, mae 7.7062, rmse 11.7051, time elapsed(min) 0.01---
2026-09-30 23:44:48,727 - INFO - --- validation at epoch 79, val_loss 6.8232, val_mae 8.2188, val_rmse 12.5402, val_r2 0.8078, val_pearson 0.9041, lr 1.00e-03 ---
2026-09-30 23:44:48,728 - INFO - 
****************************************************************************************************
2026-09-30 23:44:49,955 - INFO - --- training epoch 80, loss 7.4323, mae 7.9026, rmse 11.8823, time elapsed(min) 0.01---
2026-09-30 23:44:50,124 - INFO - --- validation at epoch 80, val_loss 7.1853, val_mae 8.5733, val_rmse 12.5354, val_r2 0.8080, val_pearson 0.8997, lr 1.00e-03 ---
2026-09-30 23:44:50,124 - INFO - 
****************************************************************************************************
2026-09-30 23:44:51,189 - INFO - --- training epoch 81, loss 7.5417, mae 8.0106, rmse 12.1438, time elapsed(min) 0.01---
2026-09-30 23:44:51,344 - INFO - --- validation at epoch 81, val_loss 6.9755, val_mae 8.0290, val_rmse 11.8717, val_r2 0.8278, val_pearson 0.9117, lr 1.00e-03 ---
2026-09-30 23:44:51,345 - INFO - 
****************************************************************************************************
2026-09-30 23:44:52,627 - INFO - --- training epoch 82, loss 7.7619, mae 8.2359, rmse 12.3027, time elapsed(min) 0.01---
2026-09-30 23:44:52,795 - INFO - --- validation at epoch 82, val_loss 7.6986, val_mae 8.5882, val_rmse 12.5106, val_r2 0.8087, val_pearson 0.9035, lr 1.00e-03 ---
2026-09-30 23:44:52,795 - INFO - 
****************************************************************************************************
2026-09-30 23:44:54,050 - INFO - --- training epoch 83, loss 7.3327, mae 7.8042, rmse 11.8121, time elapsed(min) 0.01---
2026-09-30 23:44:54,233 - INFO - --- validation at epoch 83, val_loss 7.7887, val_mae 8.9003, val_rmse 13.0473, val_r2 0.7920, val_pearson 0.8999, lr 1.00e-03 ---
2026-09-30 23:44:54,234 - INFO - 
****************************************************************************************************
2026-09-30 23:44:55,506 - INFO - --- training epoch 84, loss 7.8417, mae 8.3146, rmse 12.3374, time elapsed(min) 0.01---
2026-09-30 23:44:55,886 - INFO - --- validation at epoch 84, val_loss 7.0149, val_mae 8.2261, val_rmse 12.2839, val_r2 0.8156, val_pearson 0.9046, lr 1.00e-03 ---
2026-09-30 23:44:55,886 - INFO - 
****************************************************************************************************
2026-09-30 23:44:57,093 - INFO - --- training epoch 85, loss 7.6938, mae 8.1629, rmse 12.1147, time elapsed(min) 0.01---
2026-09-30 23:44:57,260 - INFO - --- validation at epoch 85, val_loss 8.0347, val_mae 9.4072, val_rmse 13.8975, val_r2 0.7640, val_pearson 0.9007, lr 1.00e-03 ---
2026-09-30 23:44:57,260 - INFO - 
****************************************************************************************************
2026-09-30 23:44:58,473 - INFO - --- training epoch 86, loss 7.3770, mae 7.8452, rmse 11.9865, time elapsed(min) 0.01---
2026-09-30 23:44:58,642 - INFO - --- validation at epoch 86, val_loss 6.6889, val_mae 8.0400, val_rmse 11.8030, val_r2 0.8297, val_pearson 0.9122, lr 1.00e-03 ---
2026-09-30 23:44:58,642 - INFO - 
****************************************************************************************************
2026-09-30 23:45:00,020 - INFO - --- training epoch 87, loss 6.8549, mae 7.3238, rmse 11.3509, time elapsed(min) 0.02---
2026-09-30 23:45:00,194 - INFO - --- validation at epoch 87, val_loss 6.2651, val_mae 7.8877, val_rmse 11.9568, val_r2 0.8253, val_pearson 0.9091, lr 3.00e-04 ---
2026-09-30 23:45:00,194 - INFO - 
****************************************************************************************************
2026-09-30 23:45:01,604 - INFO - --- training epoch 88, loss 6.6232, mae 7.0890, rmse 11.0444, time elapsed(min) 0.01---
2026-09-30 23:45:01,781 - INFO - --- validation at epoch 88, val_loss 6.0645, val_mae 7.5310, val_rmse 11.5469, val_r2 0.8371, val_pearson 0.9150, lr 3.00e-04 ---
2026-09-30 23:45:01,781 - INFO - 
****************************************************************************************************
2026-09-30 23:45:03,308 - INFO - --- training epoch 89, loss 6.4685, mae 6.9359, rmse 10.9465, time elapsed(min) 0.02---
2026-09-30 23:45:03,487 - INFO - --- validation at epoch 89, val_loss 6.1948, val_mae 7.4858, val_rmse 11.4256, val_r2 0.8405, val_pearson 0.9168, lr 3.00e-04 ---
2026-09-30 23:45:03,487 - INFO - 
****************************************************************************************************
2026-09-30 23:45:04,576 - INFO - --- training epoch 90, loss 6.6656, mae 7.1284, rmse 11.0590, time elapsed(min) 0.01---
2026-09-30 23:45:04,745 - INFO - --- validation at epoch 90, val_loss 6.2283, val_mae 7.7431, val_rmse 11.8605, val_r2 0.8281, val_pearson 0.9114, lr 3.00e-04 ---
2026-09-30 23:45:04,745 - INFO - 
****************************************************************************************************
2026-09-30 23:45:05,984 - INFO - --- training epoch 91, loss 6.5673, mae 7.0313, rmse 10.9039, time elapsed(min) 0.01---
2026-09-30 23:45:06,150 - INFO - --- validation at epoch 91, val_loss 6.4759, val_mae 7.7465, val_rmse 11.6561, val_r2 0.8340, val_pearson 0.9134, lr 3.00e-04 ---
2026-09-30 23:45:06,151 - INFO - 
****************************************************************************************************
2026-09-30 23:45:07,407 - INFO - --- training epoch 92, loss 6.4912, mae 6.9580, rmse 10.9042, time elapsed(min) 0.01---
2026-09-30 23:45:07,576 - INFO - --- validation at epoch 92, val_loss 6.3648, val_mae 7.8640, val_rmse 11.6759, val_r2 0.8334, val_pearson 0.9142, lr 3.00e-04 ---
2026-09-30 23:45:07,576 - INFO - 
****************************************************************************************************
2026-09-30 23:45:08,983 - INFO - --- training epoch 93, loss 6.5611, mae 7.0275, rmse 10.9045, time elapsed(min) 0.02---
2026-09-30 23:45:09,156 - INFO - --- validation at epoch 93, val_loss 6.0787, val_mae 7.5722, val_rmse 11.4184, val_r2 0.8407, val_pearson 0.9178, lr 3.00e-04 ---
2026-09-30 23:45:09,156 - INFO - 
****************************************************************************************************
2026-09-30 23:45:10,419 - INFO - --- training epoch 94, loss 6.4478, mae 6.9129, rmse 10.7021, time elapsed(min) 0.01---
2026-09-30 23:45:10,820 - INFO - --- validation at epoch 94, val_loss 6.1302, val_mae 7.5458, val_rmse 11.6216, val_r2 0.8349, val_pearson 0.9139, lr 3.00e-04 ---
2026-09-30 23:45:10,820 - INFO - 
****************************************************************************************************
2026-09-30 23:45:12,042 - INFO - --- training epoch 95, loss 6.2483, mae 6.7142, rmse 10.6329, time elapsed(min) 0.01---
2026-09-30 23:45:12,211 - INFO - --- validation at epoch 95, val_loss 5.9394, val_mae 7.4382, val_rmse 11.3658, val_r2 0.8421, val_pearson 0.9182, lr 3.00e-04 ---
2026-09-30 23:45:12,211 - INFO - 
****************************************************************************************************
2026-09-30 23:45:13,348 - INFO - --- training epoch 96, loss 6.3562, mae 6.8197, rmse 10.7743, time elapsed(min) 0.01---
2026-09-30 23:45:13,519 - INFO - --- validation at epoch 96, val_loss 6.1548, val_mae 7.4886, val_rmse 11.6605, val_r2 0.8338, val_pearson 0.9133, lr 3.00e-04 ---
2026-09-30 23:45:13,519 - INFO - 
****************************************************************************************************
2026-09-30 23:45:14,760 - INFO - --- training epoch 97, loss 6.3223, mae 6.7884, rmse 10.6359, time elapsed(min) 0.01---
2026-09-30 23:45:14,930 - INFO - --- validation at epoch 97, val_loss 5.8623, val_mae 7.4430, val_rmse 11.6363, val_r2 0.8345, val_pearson 0.9137, lr 3.00e-04 ---
2026-09-30 23:45:14,930 - INFO - 
****************************************************************************************************
2026-09-30 23:45:16,277 - INFO - --- training epoch 98, loss 6.3152, mae 6.7807, rmse 10.6547, time elapsed(min) 0.01---
2026-09-30 23:45:16,438 - INFO - --- validation at epoch 98, val_loss 6.3074, val_mae 7.8460, val_rmse 12.3445, val_r2 0.8138, val_pearson 0.9083, lr 3.00e-04 ---
2026-09-30 23:45:16,438 - INFO - 
****************************************************************************************************
2026-09-30 23:45:17,715 - INFO - --- training epoch 99, loss 6.3921, mae 6.8580, rmse 10.7729, time elapsed(min) 0.01---
2026-09-30 23:45:17,885 - INFO - --- validation at epoch 99, val_loss 6.1015, val_mae 7.5616, val_rmse 11.5903, val_r2 0.8358, val_pearson 0.9146, lr 3.00e-04 ---
2026-09-30 23:45:17,885 - INFO - 
****************************************************************************************************
2026-09-30 23:45:19,121 - INFO - --- training epoch 100, loss 6.2394, mae 6.7021, rmse 10.5354, time elapsed(min) 0.01---
2026-09-30 23:45:19,289 - INFO - --- validation at epoch 100, val_loss 5.7960, val_mae 7.4303, val_rmse 11.6048, val_r2 0.8354, val_pearson 0.9141, lr 3.00e-04 ---
2026-09-30 23:45:19,289 - INFO - 
****************************************************************************************************
2026-09-30 23:45:20,424 - INFO - --- training epoch 101, loss 6.1053, mae 6.5669, rmse 10.5453, time elapsed(min) 0.01---
2026-09-30 23:45:20,594 - INFO - --- validation at epoch 101, val_loss 5.9548, val_mae 7.5066, val_rmse 11.6620, val_r2 0.8338, val_pearson 0.9136, lr 3.00e-04 ---
2026-09-30 23:45:20,594 - INFO - 
****************************************************************************************************
2026-09-30 23:45:21,668 - INFO - --- training epoch 102, loss 6.1978, mae 6.6623, rmse 10.5714, time elapsed(min) 0.01---
2026-09-30 23:45:21,839 - INFO - --- validation at epoch 102, val_loss 5.8340, val_mae 7.2971, val_rmse 11.1666, val_r2 0.8476, val_pearson 0.9209, lr 3.00e-04 ---
2026-09-30 23:45:21,839 - INFO - 
****************************************************************************************************
2026-09-30 23:45:23,089 - INFO - --- training epoch 103, loss 6.2535, mae 6.7156, rmse 10.6263, time elapsed(min) 0.01---
2026-09-30 23:45:23,258 - INFO - --- validation at epoch 103, val_loss 5.9456, val_mae 7.5148, val_rmse 11.4453, val_r2 0.8399, val_pearson 0.9182, lr 3.00e-04 ---
2026-09-30 23:45:23,259 - INFO - 
****************************************************************************************************
2026-09-30 23:45:24,709 - INFO - --- training epoch 104, loss 6.2843, mae 6.7455, rmse 10.6610, time elapsed(min) 0.02---
2026-09-30 23:45:24,875 - INFO - --- validation at epoch 104, val_loss 5.9554, val_mae 7.6190, val_rmse 11.6722, val_r2 0.8335, val_pearson 0.9143, lr 3.00e-04 ---
2026-09-30 23:45:24,875 - INFO - 
****************************************************************************************************
2026-09-30 23:45:26,282 - INFO - --- training epoch 105, loss 6.1518, mae 6.6142, rmse 10.3547, time elapsed(min) 0.02---
2026-09-30 23:45:26,449 - INFO - --- validation at epoch 105, val_loss 6.0252, val_mae 7.3707, val_rmse 11.5729, val_r2 0.8363, val_pearson 0.9147, lr 3.00e-04 ---
2026-09-30 23:45:26,449 - INFO - 
****************************************************************************************************
2026-09-30 23:45:27,493 - INFO - --- training epoch 106, loss 6.1181, mae 6.5773, rmse 10.5209, time elapsed(min) 0.01---
2026-09-30 23:45:27,660 - INFO - --- validation at epoch 106, val_loss 5.8727, val_mae 7.5038, val_rmse 11.4408, val_r2 0.8400, val_pearson 0.9184, lr 3.00e-04 ---
2026-09-30 23:45:27,660 - INFO - 
****************************************************************************************************
2026-09-30 23:45:28,713 - INFO - --- training epoch 107, loss 6.1000, mae 6.5634, rmse 10.2490, time elapsed(min) 0.01---
2026-09-30 23:45:28,879 - INFO - --- validation at epoch 107, val_loss 5.9150, val_mae 7.4101, val_rmse 11.4172, val_r2 0.8407, val_pearson 0.9170, lr 3.00e-04 ---
2026-09-30 23:45:28,879 - INFO - 
****************************************************************************************************
2026-09-30 23:45:30,220 - INFO - --- training epoch 108, loss 6.1457, mae 6.6092, rmse 10.5080, time elapsed(min) 0.02---
2026-09-30 23:45:30,399 - INFO - --- validation at epoch 108, val_loss 5.8092, val_mae 7.3534, val_rmse 11.5480, val_r2 0.8370, val_pearson 0.9149, lr 3.00e-04 ---
2026-09-30 23:45:30,399 - INFO - 
****************************************************************************************************
2026-09-30 23:45:31,682 - INFO - --- training epoch 109, loss 6.1376, mae 6.6045, rmse 10.3934, time elapsed(min) 0.01---
2026-09-30 23:45:31,853 - INFO - --- validation at epoch 109, val_loss 6.0211, val_mae 7.5669, val_rmse 11.6335, val_r2 0.8346, val_pearson 0.9174, lr 3.00e-04 ---
2026-09-30 23:45:31,853 - INFO - 
****************************************************************************************************
2026-09-30 23:45:33,125 - INFO - --- training epoch 110, loss 6.2238, mae 6.6856, rmse 10.5392, time elapsed(min) 0.01---
2026-09-30 23:45:33,507 - INFO - --- validation at epoch 110, val_loss 5.7748, val_mae 7.2499, val_rmse 11.3643, val_r2 0.8422, val_pearson 0.9178, lr 3.00e-04 ---
2026-09-30 23:45:33,507 - INFO - 
****************************************************************************************************
2026-09-30 23:45:34,819 - INFO - --- training epoch 111, loss 6.0882, mae 6.5540, rmse 10.4226, time elapsed(min) 0.01---
2026-09-30 23:45:34,989 - INFO - --- validation at epoch 111, val_loss 5.6179, val_mae 7.0674, val_rmse 11.2259, val_r2 0.8460, val_pearson 0.9198, lr 3.00e-04 ---
2026-09-30 23:45:34,989 - INFO - 
****************************************************************************************************
2026-09-30 23:45:36,137 - INFO - --- training epoch 112, loss 6.1499, mae 6.6134, rmse 10.5638, time elapsed(min) 0.01---
2026-09-30 23:45:36,307 - INFO - --- validation at epoch 112, val_loss 6.0264, val_mae 7.6317, val_rmse 11.8234, val_r2 0.8292, val_pearson 0.9114, lr 3.00e-04 ---
2026-09-30 23:45:36,307 - INFO - 
****************************************************************************************************
2026-09-30 23:45:37,570 - INFO - --- training epoch 113, loss 6.2142, mae 6.6783, rmse 10.5403, time elapsed(min) 0.01---
2026-09-30 23:45:37,750 - INFO - --- validation at epoch 113, val_loss 5.9680, val_mae 7.5661, val_rmse 11.5064, val_r2 0.8382, val_pearson 0.9199, lr 3.00e-04 ---
2026-09-30 23:45:37,750 - INFO - 
****************************************************************************************************
2026-09-30 23:45:39,010 - INFO - --- training epoch 114, loss 5.9147, mae 6.3744, rmse 10.1565, time elapsed(min) 0.01---
2026-09-30 23:45:39,172 - INFO - --- validation at epoch 114, val_loss 5.9365, val_mae 7.3396, val_rmse 11.4634, val_r2 0.8394, val_pearson 0.9167, lr 3.00e-04 ---
2026-09-30 23:45:39,172 - INFO - 
****************************************************************************************************
2026-09-30 23:45:40,465 - INFO - --- training epoch 115, loss 5.9278, mae 6.3901, rmse 10.1672, time elapsed(min) 0.02---
2026-09-30 23:45:40,834 - INFO - --- validation at epoch 115, val_loss 5.6837, val_mae 7.1532, val_rmse 11.2271, val_r2 0.8460, val_pearson 0.9198, lr 3.00e-04 ---
2026-09-30 23:45:40,834 - INFO - 
****************************************************************************************************
2026-09-30 23:45:42,063 - INFO - --- training epoch 116, loss 5.8880, mae 6.3504, rmse 10.0324, time elapsed(min) 0.01---
2026-09-30 23:45:42,237 - INFO - --- validation at epoch 116, val_loss 5.7204, val_mae 7.2865, val_rmse 11.3661, val_r2 0.8421, val_pearson 0.9182, lr 3.00e-04 ---
2026-09-30 23:45:42,237 - INFO - 
****************************************************************************************************
2026-09-30 23:45:43,302 - INFO - --- training epoch 117, loss 5.9451, mae 6.4059, rmse 10.1326, time elapsed(min) 0.01---
2026-09-30 23:45:43,469 - INFO - --- validation at epoch 117, val_loss 5.7754, val_mae 7.2449, val_rmse 11.0132, val_r2 0.8518, val_pearson 0.9233, lr 3.00e-04 ---
2026-09-30 23:45:43,469 - INFO - 
****************************************************************************************************
2026-09-30 23:45:44,745 - INFO - --- training epoch 118, loss 5.9595, mae 6.4225, rmse 10.2428, time elapsed(min) 0.01---
2026-09-30 23:45:44,899 - INFO - --- validation at epoch 118, val_loss 5.9561, val_mae 7.3834, val_rmse 11.3959, val_r2 0.8413, val_pearson 0.9184, lr 3.00e-04 ---
2026-09-30 23:45:44,899 - INFO - 
****************************************************************************************************
2026-09-30 23:45:46,172 - INFO - --- training epoch 119, loss 5.9665, mae 6.4307, rmse 10.2068, time elapsed(min) 0.01---
2026-09-30 23:45:46,333 - INFO - --- validation at epoch 119, val_loss 5.8768, val_mae 7.2188, val_rmse 11.2545, val_r2 0.8452, val_pearson 0.9202, lr 3.00e-04 ---
2026-09-30 23:45:46,334 - INFO - 
****************************************************************************************************
2026-09-30 23:45:47,629 - INFO - --- training epoch 120, loss 5.8863, mae 6.3497, rmse 10.1308, time elapsed(min) 0.01---
2026-09-30 23:45:48,051 - INFO - --- validation at epoch 120, val_loss 5.8764, val_mae 7.3707, val_rmse 11.1723, val_r2 0.8475, val_pearson 0.9210, lr 3.00e-04 ---
2026-09-30 23:45:48,051 - INFO - 
****************************************************************************************************
2026-09-30 23:45:49,279 - INFO - --- training epoch 121, loss 5.8740, mae 6.3356, rmse 10.1441, time elapsed(min) 0.01---
2026-09-30 23:45:49,442 - INFO - --- validation at epoch 121, val_loss 5.7480, val_mae 7.0770, val_rmse 11.4019, val_r2 0.8411, val_pearson 0.9173, lr 3.00e-04 ---
2026-09-30 23:45:49,442 - INFO - 
****************************************************************************************************
2026-09-30 23:45:50,513 - INFO - --- training epoch 122, loss 5.9074, mae 6.3711, rmse 10.0809, time elapsed(min) 0.01---
2026-09-30 23:45:50,678 - INFO - --- validation at epoch 122, val_loss 6.2773, val_mae 7.7945, val_rmse 11.6560, val_r2 0.8340, val_pearson 0.9171, lr 3.00e-04 ---
2026-09-30 23:45:50,678 - INFO - 
****************************************************************************************************
2026-09-30 23:45:52,073 - INFO - --- training epoch 123, loss 5.9339, mae 6.3958, rmse 10.1907, time elapsed(min) 0.02---
2026-09-30 23:45:52,242 - INFO - --- validation at epoch 123, val_loss 5.8793, val_mae 7.3111, val_rmse 11.2618, val_r2 0.8450, val_pearson 0.9213, lr 9.00e-05 ---
2026-09-30 23:45:52,243 - INFO - 
****************************************************************************************************
2026-09-30 23:45:53,644 - INFO - --- training epoch 124, loss 5.8794, mae 6.3428, rmse 10.1500, time elapsed(min) 0.02---
2026-09-30 23:45:53,805 - INFO - --- validation at epoch 124, val_loss 5.8262, val_mae 7.3218, val_rmse 11.3595, val_r2 0.8423, val_pearson 0.9206, lr 9.00e-05 ---
2026-09-30 23:45:53,806 - INFO - 
****************************************************************************************************
2026-09-30 23:45:55,073 - INFO - --- training epoch 125, loss 5.7627, mae 6.2217, rmse 10.0230, time elapsed(min) 0.01---
2026-09-30 23:45:55,240 - INFO - --- validation at epoch 125, val_loss 5.6846, val_mae 7.1762, val_rmse 11.1957, val_r2 0.8468, val_pearson 0.9223, lr 9.00e-05 ---
2026-09-30 23:45:55,240 - INFO - 
****************************************************************************************************
2026-09-30 23:45:56,457 - INFO - --- training epoch 126, loss 5.7462, mae 6.2072, rmse 9.9147, time elapsed(min) 0.01---
2026-09-30 23:45:56,622 - INFO - --- validation at epoch 126, val_loss 5.8968, val_mae 7.3550, val_rmse 11.3379, val_r2 0.8429, val_pearson 0.9221, lr 9.00e-05 ---
2026-09-30 23:45:56,622 - INFO - 
****************************************************************************************************
2026-09-30 23:45:57,691 - INFO - --- training epoch 127, loss 5.7185, mae 6.1781, rmse 9.9569, time elapsed(min) 0.01---
2026-09-30 23:45:57,865 - INFO - --- validation at epoch 127, val_loss 5.9378, val_mae 7.2836, val_rmse 11.2309, val_r2 0.8458, val_pearson 0.9220, lr 9.00e-05 ---
2026-09-30 23:45:57,865 - INFO - 
****************************************************************************************************
2026-09-30 23:45:59,100 - INFO - --- training epoch 128, loss 5.6463, mae 6.1066, rmse 9.7759, time elapsed(min) 0.01---
2026-09-30 23:45:59,268 - INFO - --- validation at epoch 128, val_loss 5.8065, val_mae 7.2815, val_rmse 11.2308, val_r2 0.8458, val_pearson 0.9235, lr 9.00e-05 ---
2026-09-30 23:45:59,268 - INFO - 
****************************************************************************************************
2026-09-30 23:46:00,679 - INFO - --- training epoch 129, loss 5.7000, mae 6.1609, rmse 9.8620, time elapsed(min) 0.02---
2026-09-30 23:46:00,857 - INFO - --- validation at epoch 129, val_loss 5.7200, val_mae 7.1198, val_rmse 11.1051, val_r2 0.8493, val_pearson 0.9233, lr 9.00e-05 ---
2026-09-30 23:46:00,857 - INFO - 
****************************************************************************************************
2026-09-30 23:46:02,146 - INFO - --- training epoch 130, loss 5.6358, mae 6.0979, rmse 9.8245, time elapsed(min) 0.01---
2026-09-30 23:46:02,313 - INFO - --- validation at epoch 130, val_loss 5.6784, val_mae 7.0838, val_rmse 11.0563, val_r2 0.8506, val_pearson 0.9236, lr 9.00e-05 ---
2026-09-30 23:46:02,313 - INFO - 
****************************************************************************************************
2026-09-30 23:46:03,750 - INFO - --- training epoch 131, loss 5.6830, mae 6.1440, rmse 9.9205, time elapsed(min) 0.02---
2026-09-30 23:46:03,920 - INFO - --- validation at epoch 131, val_loss 5.7105, val_mae 7.1053, val_rmse 11.0212, val_r2 0.8515, val_pearson 0.9250, lr 9.00e-05 ---
2026-09-30 23:46:03,920 - INFO - 
****************************************************************************************************
2026-09-30 23:46:04,989 - INFO - --- training epoch 132, loss 5.7216, mae 6.1829, rmse 9.9030, time elapsed(min) 0.01---
2026-09-30 23:46:05,165 - INFO - --- validation at epoch 132, val_loss 5.7771, val_mae 7.2094, val_rmse 11.2250, val_r2 0.8460, val_pearson 0.9215, lr 9.00e-05 ---
2026-09-30 23:46:05,166 - INFO - 
****************************************************************************************************
2026-09-30 23:46:06,404 - INFO - --- training epoch 133, loss 5.7301, mae 6.1905, rmse 9.9041, time elapsed(min) 0.01---
2026-09-30 23:46:06,568 - INFO - --- validation at epoch 133, val_loss 5.7803, val_mae 7.1719, val_rmse 11.1194, val_r2 0.8489, val_pearson 0.9235, lr 9.00e-05 ---
2026-09-30 23:46:06,568 - INFO - 
****************************************************************************************************
2026-09-30 23:46:07,836 - INFO - --- training epoch 134, loss 5.7040, mae 6.1650, rmse 9.8225, time elapsed(min) 0.01---
2026-09-30 23:46:08,005 - INFO - --- validation at epoch 134, val_loss 5.6677, val_mae 6.9080, val_rmse 10.9882, val_r2 0.8524, val_pearson 0.9233, lr 2.70e-05 ---
2026-09-30 23:46:08,005 - INFO - 
****************************************************************************************************
2026-09-30 23:46:09,299 - INFO - --- training epoch 135, loss 5.5445, mae 6.0061, rmse 9.8423, time elapsed(min) 0.01---
2026-09-30 23:46:09,462 - INFO - --- validation at epoch 135, val_loss 5.6020, val_mae 6.8918, val_rmse 10.9692, val_r2 0.8529, val_pearson 0.9237, lr 2.70e-05 ---
2026-09-30 23:46:09,462 - INFO - 
****************************************************************************************************
2026-09-30 23:46:11,042 - INFO - --- training epoch 136, loss 5.5416, mae 6.0006, rmse 9.7488, time elapsed(min) 0.02---
2026-09-30 23:46:11,220 - INFO - --- validation at epoch 136, val_loss 5.6128, val_mae 6.8980, val_rmse 10.9786, val_r2 0.8527, val_pearson 0.9234, lr 2.70e-05 ---
2026-09-30 23:46:11,220 - INFO - 
****************************************************************************************************
2026-09-30 23:46:12,310 - INFO - --- training epoch 137, loss 5.4687, mae 5.9284, rmse 9.7003, time elapsed(min) 0.01---
2026-09-30 23:46:12,489 - INFO - --- validation at epoch 137, val_loss 5.5788, val_mae 6.8773, val_rmse 10.9094, val_r2 0.8545, val_pearson 0.9245, lr 2.70e-05 ---
2026-09-30 23:46:12,489 - INFO - 
****************************************************************************************************
2026-09-30 23:46:13,803 - INFO - --- training epoch 138, loss 5.4161, mae 5.8761, rmse 9.6314, time elapsed(min) 0.01---
2026-09-30 23:46:13,978 - INFO - --- validation at epoch 138, val_loss 5.5913, val_mae 6.8995, val_rmse 10.9051, val_r2 0.8547, val_pearson 0.9246, lr 2.70e-05 ---
2026-09-30 23:46:13,979 - INFO - 
****************************************************************************************************
2026-09-30 23:46:15,246 - INFO - --- training epoch 139, loss 5.4894, mae 5.9500, rmse 9.7576, time elapsed(min) 0.01---
2026-09-30 23:46:15,426 - INFO - --- validation at epoch 139, val_loss 5.6368, val_mae 6.8818, val_rmse 10.8982, val_r2 0.8548, val_pearson 0.9247, lr 2.70e-05 ---
2026-09-30 23:46:15,426 - INFO - 
****************************************************************************************************
2026-09-30 23:46:16,701 - INFO - --- training epoch 140, loss 5.3630, mae 5.8226, rmse 9.6196, time elapsed(min) 0.01---
2026-09-30 23:46:16,872 - INFO - --- validation at epoch 140, val_loss 5.6187, val_mae 6.9268, val_rmse 10.9596, val_r2 0.8532, val_pearson 0.9239, lr 2.70e-05 ---
2026-09-30 23:46:16,872 - INFO - 
****************************************************************************************************
2026-09-30 23:46:18,306 - INFO - --- training epoch 141, loss 5.5070, mae 5.9686, rmse 9.7559, time elapsed(min) 0.02---
2026-09-30 23:46:18,475 - INFO - --- validation at epoch 141, val_loss 5.5209, val_mae 6.8387, val_rmse 10.9203, val_r2 0.8543, val_pearson 0.9244, lr 2.70e-05 ---
2026-09-30 23:46:18,475 - INFO - 
****************************************************************************************************
2026-09-30 23:46:19,612 - INFO - --- training epoch 142, loss 5.4576, mae 5.9143, rmse 9.7714, time elapsed(min) 0.01---
2026-09-30 23:46:19,777 - INFO - --- validation at epoch 142, val_loss 5.5583, val_mae 6.8753, val_rmse 10.8414, val_r2 0.8564, val_pearson 0.9254, lr 2.70e-05 ---
2026-09-30 23:46:19,777 - INFO - 
****************************************************************************************************
2026-09-30 23:46:20,848 - INFO - --- training epoch 143, loss 5.3716, mae 5.8271, rmse 9.6118, time elapsed(min) 0.01---
2026-09-30 23:46:21,024 - INFO - --- validation at epoch 143, val_loss 5.6418, val_mae 6.9375, val_rmse 10.9356, val_r2 0.8538, val_pearson 0.9241, lr 2.70e-05 ---
2026-09-30 23:46:21,024 - INFO - 
****************************************************************************************************
2026-09-30 23:46:22,291 - INFO - --- training epoch 144, loss 5.4239, mae 5.8824, rmse 9.6216, time elapsed(min) 0.01---
2026-09-30 23:46:22,459 - INFO - --- validation at epoch 144, val_loss 5.6191, val_mae 6.8692, val_rmse 10.9246, val_r2 0.8541, val_pearson 0.9242, lr 2.70e-05 ---
2026-09-30 23:46:22,459 - INFO - 
****************************************************************************************************
2026-09-30 23:46:23,737 - INFO - --- training epoch 145, loss 5.5512, mae 6.0133, rmse 9.6753, time elapsed(min) 0.01---
2026-09-30 23:46:23,908 - INFO - --- validation at epoch 145, val_loss 5.6614, val_mae 6.9499, val_rmse 10.9404, val_r2 0.8537, val_pearson 0.9241, lr 2.70e-05 ---
2026-09-30 23:46:23,908 - INFO - 
****************************************************************************************************
2026-09-30 23:46:25,176 - INFO - --- training epoch 146, loss 5.4390, mae 5.9013, rmse 9.6663, time elapsed(min) 0.01---
2026-09-30 23:46:25,557 - INFO - --- validation at epoch 146, val_loss 5.6163, val_mae 6.9251, val_rmse 10.9413, val_r2 0.8537, val_pearson 0.9241, lr 2.70e-05 ---
2026-09-30 23:46:25,558 - INFO - 
****************************************************************************************************
2026-09-30 23:46:26,768 - INFO - --- training epoch 147, loss 5.4121, mae 5.8694, rmse 9.5857, time elapsed(min) 0.01---
2026-09-30 23:46:26,943 - INFO - --- validation at epoch 147, val_loss 5.5954, val_mae 6.9199, val_rmse 10.9183, val_r2 0.8543, val_pearson 0.9244, lr 2.70e-05 ---
2026-09-30 23:46:26,943 - INFO - 
****************************************************************************************************
2026-09-30 23:46:28,001 - INFO - --- training epoch 148, loss 5.4516, mae 5.9085, rmse 9.6062, time elapsed(min) 0.01---
2026-09-30 23:46:28,168 - INFO - --- validation at epoch 148, val_loss 5.6014, val_mae 6.8814, val_rmse 10.9628, val_r2 0.8531, val_pearson 0.9237, lr 2.70e-05 ---
2026-09-30 23:46:28,168 - INFO - 
****************************************************************************************************
2026-09-30 23:46:29,432 - INFO - --- training epoch 149, loss 5.5422, mae 6.0051, rmse 9.7386, time elapsed(min) 0.01---
2026-09-30 23:46:29,598 - INFO - --- validation at epoch 149, val_loss 5.6421, val_mae 6.9481, val_rmse 10.9576, val_r2 0.8533, val_pearson 0.9242, lr 2.70e-05 ---
2026-09-30 23:46:29,598 - INFO - 
****************************************************************************************************
2026-09-30 23:46:30,871 - INFO - --- training epoch 150, loss 5.5247, mae 5.9850, rmse 9.6825, time elapsed(min) 0.01---
2026-09-30 23:46:31,040 - INFO - --- validation at epoch 150, val_loss 5.6023, val_mae 6.8707, val_rmse 10.9014, val_r2 0.8548, val_pearson 0.9246, lr 2.70e-05 ---
2026-09-30 23:46:31,040 - INFO - 
****************************************************************************************************
2026-09-30 23:46:32,308 - INFO - --- training epoch 151, loss 5.4375, mae 5.8983, rmse 9.6786, time elapsed(min) 0.01---
2026-09-30 23:46:32,713 - INFO - --- validation at epoch 151, val_loss 5.5820, val_mae 6.8755, val_rmse 10.9117, val_r2 0.8545, val_pearson 0.9246, lr 2.70e-05 ---
2026-09-30 23:46:32,713 - INFO - 
****************************************************************************************************
2026-09-30 23:46:33,958 - INFO - --- training epoch 152, loss 5.4798, mae 5.9402, rmse 9.7508, time elapsed(min) 0.01---
2026-09-30 23:46:34,125 - INFO - --- validation at epoch 152, val_loss 5.5604, val_mae 6.8617, val_rmse 10.8670, val_r2 0.8557, val_pearson 0.9251, lr 2.70e-05 ---
2026-09-30 23:46:34,125 - INFO - 
****************************************************************************************************
2026-09-30 23:46:35,197 - INFO - --- training epoch 153, loss 5.5026, mae 5.9650, rmse 9.6972, time elapsed(min) 0.01---
2026-09-30 23:46:35,364 - INFO - --- validation at epoch 153, val_loss 5.5629, val_mae 6.8525, val_rmse 10.8427, val_r2 0.8563, val_pearson 0.9255, lr 8.10e-06 ---
2026-09-30 23:46:35,364 - INFO - 
****************************************************************************************************
2026-09-30 23:46:36,655 - INFO - --- training epoch 154, loss 5.5163, mae 5.9757, rmse 9.5819, time elapsed(min) 0.01---
2026-09-30 23:46:36,819 - INFO - --- validation at epoch 154, val_loss 5.5556, val_mae 6.8330, val_rmse 10.8131, val_r2 0.8571, val_pearson 0.9258, lr 8.10e-06 ---
2026-09-30 23:46:36,820 - INFO - 
****************************************************************************************************
2026-09-30 23:46:38,093 - INFO - --- training epoch 155, loss 5.4419, mae 5.9011, rmse 9.5973, time elapsed(min) 0.01---
2026-09-30 23:46:38,267 - INFO - --- validation at epoch 155, val_loss 5.5615, val_mae 6.8352, val_rmse 10.7962, val_r2 0.8575, val_pearson 0.9261, lr 8.10e-06 ---
2026-09-30 23:46:38,268 - INFO - 
****************************************************************************************************
2026-09-30 23:46:39,545 - INFO - --- training epoch 156, loss 5.4722, mae 5.9340, rmse 9.7214, time elapsed(min) 0.01---
2026-09-30 23:46:39,926 - INFO - --- validation at epoch 156, val_loss 5.5721, val_mae 6.8229, val_rmse 10.7953, val_r2 0.8576, val_pearson 0.9261, lr 8.10e-06 ---
2026-09-30 23:46:39,927 - INFO - 
****************************************************************************************************
2026-09-30 23:46:41,151 - INFO - --- training epoch 157, loss 5.4643, mae 5.9236, rmse 9.6738, time elapsed(min) 0.01---
2026-09-30 23:46:41,321 - INFO - --- validation at epoch 157, val_loss 5.5819, val_mae 6.8354, val_rmse 10.8212, val_r2 0.8569, val_pearson 0.9257, lr 8.10e-06 ---
2026-09-30 23:46:41,321 - INFO - 
****************************************************************************************************
2026-09-30 23:46:42,525 - INFO - --- training epoch 158, loss 5.5362, mae 5.9973, rmse 9.7304, time elapsed(min) 0.01---
2026-09-30 23:46:42,692 - INFO - --- validation at epoch 158, val_loss 5.5669, val_mae 6.8322, val_rmse 10.7960, val_r2 0.8576, val_pearson 0.9261, lr 8.10e-06 ---
2026-09-30 23:46:42,692 - INFO - 
****************************************************************************************************
2026-09-30 23:46:43,974 - INFO - --- training epoch 159, loss 5.4983, mae 5.9586, rmse 9.6019, time elapsed(min) 0.01---
2026-09-30 23:46:44,138 - INFO - --- validation at epoch 159, val_loss 5.5520, val_mae 6.8533, val_rmse 10.8036, val_r2 0.8574, val_pearson 0.9260, lr 8.10e-06 ---
2026-09-30 23:46:44,138 - INFO - 
****************************************************************************************************
2026-09-30 23:46:45,415 - INFO - --- training epoch 160, loss 5.5120, mae 5.9733, rmse 9.6823, time elapsed(min) 0.01---
2026-09-30 23:46:45,584 - INFO - --- validation at epoch 160, val_loss 5.5677, val_mae 6.8463, val_rmse 10.8342, val_r2 0.8565, val_pearson 0.9255, lr 8.10e-06 ---
2026-09-30 23:46:45,584 - INFO - 
****************************************************************************************************
2026-09-30 23:46:46,998 - INFO - --- training epoch 161, loss 5.5452, mae 6.0041, rmse 9.7221, time elapsed(min) 0.02---
2026-09-30 23:46:47,180 - INFO - --- validation at epoch 161, val_loss 5.5641, val_mae 6.8383, val_rmse 10.8297, val_r2 0.8567, val_pearson 0.9256, lr 8.10e-06 ---
2026-09-30 23:46:47,180 - INFO - 
****************************************************************************************************
2026-09-30 23:46:48,231 - INFO - --- training epoch 162, loss 5.5249, mae 5.9849, rmse 9.7120, time elapsed(min) 0.01---
2026-09-30 23:46:48,409 - INFO - --- validation at epoch 162, val_loss 5.5484, val_mae 6.8255, val_rmse 10.8119, val_r2 0.8571, val_pearson 0.9258, lr 8.10e-06 ---
2026-09-30 23:46:48,409 - INFO - 
****************************************************************************************************
2026-09-30 23:46:49,456 - INFO - --- training epoch 163, loss 5.4609, mae 5.9225, rmse 9.5824, time elapsed(min) 0.01---
2026-09-30 23:46:49,608 - INFO - --- validation at epoch 163, val_loss 5.5528, val_mae 6.8334, val_rmse 10.8247, val_r2 0.8568, val_pearson 0.9257, lr 8.10e-06 ---
2026-09-30 23:46:49,608 - INFO - 
****************************************************************************************************
2026-09-30 23:46:50,856 - INFO - --- training epoch 164, loss 5.3891, mae 5.8482, rmse 9.5326, time elapsed(min) 0.01---
2026-09-30 23:46:51,015 - INFO - --- validation at epoch 164, val_loss 5.5530, val_mae 6.8325, val_rmse 10.8293, val_r2 0.8567, val_pearson 0.9256, lr 2.43e-06 ---
2026-09-30 23:46:51,016 - INFO - 
****************************************************************************************************
2026-09-30 23:46:52,303 - INFO - --- training epoch 165, loss 5.4029, mae 5.8617, rmse 9.4660, time elapsed(min) 0.01---
2026-09-30 23:46:52,481 - INFO - --- validation at epoch 165, val_loss 5.5483, val_mae 6.8373, val_rmse 10.8278, val_r2 0.8567, val_pearson 0.9256, lr 2.43e-06 ---
2026-09-30 23:46:52,481 - INFO - 
****************************************************************************************************
2026-09-30 23:46:53,686 - INFO - --- training epoch 166, loss 5.4189, mae 5.8758, rmse 9.5766, time elapsed(min) 0.01---
2026-09-30 23:46:53,854 - INFO - --- validation at epoch 166, val_loss 5.5445, val_mae 6.8321, val_rmse 10.8250, val_r2 0.8568, val_pearson 0.9257, lr 2.43e-06 ---
2026-09-30 23:46:53,854 - INFO - 
****************************************************************************************************
2026-09-30 23:46:54,911 - INFO - --- training epoch 167, loss 5.4432, mae 5.9022, rmse 9.5591, time elapsed(min) 0.01---
2026-09-30 23:46:55,074 - INFO - --- validation at epoch 167, val_loss 5.5436, val_mae 6.8269, val_rmse 10.8246, val_r2 0.8568, val_pearson 0.9256, lr 2.43e-06 ---
2026-09-30 23:46:55,074 - INFO - 
****************************************************************************************************
2026-09-30 23:46:56,319 - INFO - --- training epoch 168, loss 5.4390, mae 5.8986, rmse 9.6093, time elapsed(min) 0.01---
2026-09-30 23:46:56,489 - INFO - --- validation at epoch 168, val_loss 5.5485, val_mae 6.8297, val_rmse 10.8362, val_r2 0.8565, val_pearson 0.9255, lr 2.43e-06 ---
2026-09-30 23:46:56,489 - INFO - 
****************************************************************************************************
2026-09-30 23:46:57,775 - INFO - --- training epoch 169, loss 5.3700, mae 5.8305, rmse 9.5048, time elapsed(min) 0.01---
2026-09-30 23:46:57,943 - INFO - --- validation at epoch 169, val_loss 5.5596, val_mae 6.8382, val_rmse 10.8344, val_r2 0.8565, val_pearson 0.9255, lr 2.43e-06 ---
2026-09-30 23:46:57,943 - INFO - 
****************************************************************************************************
2026-09-30 23:46:59,227 - INFO - --- training epoch 170, loss 5.4147, mae 5.8743, rmse 9.6212, time elapsed(min) 0.01---
2026-09-30 23:46:59,392 - INFO - --- validation at epoch 170, val_loss 5.5597, val_mae 6.8361, val_rmse 10.8252, val_r2 0.8568, val_pearson 0.9256, lr 2.43e-06 ---
2026-09-30 23:46:59,392 - INFO - 
****************************************************************************************************
2026-09-30 23:47:00,833 - INFO - --- training epoch 171, loss 5.4995, mae 5.9573, rmse 9.6769, time elapsed(min) 0.02---
2026-09-30 23:47:01,011 - INFO - --- validation at epoch 171, val_loss 5.5592, val_mae 6.8359, val_rmse 10.8224, val_r2 0.8569, val_pearson 0.9257, lr 2.43e-06 ---
2026-09-30 23:47:01,011 - INFO - 
****************************************************************************************************
2026-09-30 23:47:02,077 - INFO - --- training epoch 172, loss 5.4237, mae 5.8830, rmse 9.6603, time elapsed(min) 0.01---
2026-09-30 23:47:02,244 - INFO - --- validation at epoch 172, val_loss 5.5608, val_mae 6.8383, val_rmse 10.8283, val_r2 0.8567, val_pearson 0.9256, lr 2.43e-06 ---
2026-09-30 23:47:02,244 - INFO - 
****************************************************************************************************
2026-09-30 23:47:03,474 - INFO - --- training epoch 173, loss 5.4496, mae 5.9060, rmse 9.7033, time elapsed(min) 0.01---
2026-09-30 23:47:03,645 - INFO - --- validation at epoch 173, val_loss 5.5602, val_mae 6.8421, val_rmse 10.8374, val_r2 0.8565, val_pearson 0.9255, lr 2.43e-06 ---
2026-09-30 23:47:03,645 - INFO - 
****************************************************************************************************
2026-09-30 23:47:05,050 - INFO - --- training epoch 174, loss 5.4158, mae 5.8752, rmse 9.5809, time elapsed(min) 0.02---
2026-09-30 23:47:05,224 - INFO - --- validation at epoch 174, val_loss 5.5567, val_mae 6.8398, val_rmse 10.8342, val_r2 0.8565, val_pearson 0.9255, lr 2.43e-06 ---
2026-09-30 23:47:05,224 - INFO - 
****************************************************************************************************
2026-09-30 23:47:06,502 - INFO - --- training epoch 175, loss 5.4669, mae 5.9253, rmse 9.6071, time elapsed(min) 0.01---
2026-09-30 23:47:06,670 - INFO - --- validation at epoch 175, val_loss 5.5568, val_mae 6.8358, val_rmse 10.8326, val_r2 0.8566, val_pearson 0.9256, lr 1.00e-06 ---
2026-09-30 23:47:06,670 - INFO - 
****************************************************************************************************
2026-09-30 23:47:08,087 - INFO - --- training epoch 176, loss 5.5915, mae 6.0515, rmse 9.7802, time elapsed(min) 0.02---
2026-09-30 23:47:08,251 - INFO - --- validation at epoch 176, val_loss 5.5559, val_mae 6.8336, val_rmse 10.8305, val_r2 0.8566, val_pearson 0.9256, lr 1.00e-06 ---
2026-09-30 23:47:08,251 - INFO - 
****************************************************************************************************
2026-09-30 23:47:09,323 - INFO - --- training epoch 177, loss 5.3891, mae 5.8500, rmse 9.5467, time elapsed(min) 0.01---
2026-09-30 23:47:09,502 - INFO - --- validation at epoch 177, val_loss 5.5554, val_mae 6.8371, val_rmse 10.8284, val_r2 0.8567, val_pearson 0.9256, lr 1.00e-06 ---
2026-09-30 23:47:09,502 - INFO - 
****************************************************************************************************
2026-09-30 23:47:10,572 - INFO - --- training epoch 178, loss 5.4162, mae 5.8751, rmse 9.5011, time elapsed(min) 0.01---
2026-09-30 23:47:10,744 - INFO - --- validation at epoch 178, val_loss 5.5543, val_mae 6.8379, val_rmse 10.8292, val_r2 0.8567, val_pearson 0.9256, lr 1.00e-06 ---
2026-09-30 23:47:10,745 - INFO - 
****************************************************************************************************
2026-09-30 23:47:11,992 - INFO - --- training epoch 179, loss 5.4495, mae 5.9112, rmse 9.5875, time elapsed(min) 0.01---
2026-09-30 23:47:12,158 - INFO - --- validation at epoch 179, val_loss 5.5551, val_mae 6.8350, val_rmse 10.8295, val_r2 0.8567, val_pearson 0.9256, lr 1.00e-06 ---
2026-09-30 23:47:12,158 - INFO - 
****************************************************************************************************
2026-09-30 23:47:13,439 - INFO - --- training epoch 180, loss 5.4191, mae 5.8792, rmse 9.5879, time elapsed(min) 0.01---
2026-09-30 23:47:13,609 - INFO - --- validation at epoch 180, val_loss 5.5545, val_mae 6.8312, val_rmse 10.8292, val_r2 0.8567, val_pearson 0.9256, lr 1.00e-06 ---
2026-09-30 23:47:13,609 - INFO - 
****************************************************************************************************
2026-09-30 23:47:14,848 - INFO - --- training epoch 181, loss 5.4422, mae 5.9006, rmse 9.7037, time elapsed(min) 0.01---
2026-09-30 23:47:15,015 - INFO - --- validation at epoch 181, val_loss 5.5582, val_mae 6.8333, val_rmse 10.8297, val_r2 0.8567, val_pearson 0.9256, lr 1.00e-06 ---
2026-09-30 23:47:15,015 - INFO - 
****************************************************************************************************
2026-09-30 23:47:16,091 - INFO - --- training epoch 182, loss 5.5581, mae 6.0186, rmse 9.7348, time elapsed(min) 0.01---
2026-09-30 23:47:16,262 - INFO - --- validation at epoch 182, val_loss 5.5598, val_mae 6.8328, val_rmse 10.8317, val_r2 0.8566, val_pearson 0.9256, lr 1.00e-06 ---
2026-09-30 23:47:16,262 - INFO - 
****************************************************************************************************
2026-09-30 23:47:17,331 - INFO - --- training epoch 183, loss 5.3418, mae 5.8027, rmse 9.4631, time elapsed(min) 0.01---
2026-09-30 23:47:17,505 - INFO - --- validation at epoch 183, val_loss 5.5589, val_mae 6.8310, val_rmse 10.8324, val_r2 0.8566, val_pearson 0.9256, lr 1.00e-06 ---
2026-09-30 23:47:17,506 - INFO - 
****************************************************************************************************
2026-09-30 23:47:18,766 - INFO - --- training epoch 184, loss 5.4534, mae 5.9116, rmse 9.6424, time elapsed(min) 0.01---
2026-09-30 23:47:18,939 - INFO - --- validation at epoch 184, val_loss 5.5589, val_mae 6.8287, val_rmse 10.8292, val_r2 0.8567, val_pearson 0.9256, lr 1.00e-06 ---
2026-09-30 23:47:18,939 - INFO - 
****************************************************************************************************
2026-09-30 23:47:20,194 - INFO - --- training epoch 185, loss 5.4503, mae 5.9099, rmse 9.6755, time elapsed(min) 0.01---
2026-09-30 23:47:20,368 - INFO - --- validation at epoch 185, val_loss 5.5592, val_mae 6.8299, val_rmse 10.8275, val_r2 0.8567, val_pearson 0.9256, lr 1.00e-06 ---
2026-09-30 23:47:20,368 - INFO - 
****************************************************************************************************
2026-09-30 23:47:21,844 - INFO - --- training epoch 186, loss 5.4222, mae 5.8789, rmse 9.6075, time elapsed(min) 0.02---
2026-09-30 23:47:22,023 - INFO - --- validation at epoch 186, val_loss 5.5601, val_mae 6.8311, val_rmse 10.8273, val_r2 0.8567, val_pearson 0.9256, lr 1.00e-06 ---
2026-09-30 23:47:22,023 - INFO - 
****************************************************************************************************
2026-09-30 23:47:23,080 - INFO - --- training epoch 187, loss 5.5408, mae 6.0013, rmse 9.6915, time elapsed(min) 0.01---
2026-09-30 23:47:23,258 - INFO - --- validation at epoch 187, val_loss 5.5648, val_mae 6.8317, val_rmse 10.8268, val_r2 0.8567, val_pearson 0.9256, lr 1.00e-06 ---
2026-09-30 23:47:23,258 - INFO - 
****************************************************************************************************
2026-09-30 23:47:24,313 - INFO - --- training epoch 188, loss 5.4326, mae 5.8923, rmse 9.5662, time elapsed(min) 0.01---
2026-09-30 23:47:24,484 - INFO - --- validation at epoch 188, val_loss 5.5685, val_mae 6.8380, val_rmse 10.8253, val_r2 0.8568, val_pearson 0.9257, lr 1.00e-06 ---
2026-09-30 23:47:24,484 - INFO - 
****************************************************************************************************
2026-09-30 23:47:25,728 - INFO - --- training epoch 189, loss 5.5415, mae 6.0007, rmse 9.6902, time elapsed(min) 0.01---
2026-09-30 23:47:25,892 - INFO - --- validation at epoch 189, val_loss 5.5706, val_mae 6.8384, val_rmse 10.8237, val_r2 0.8568, val_pearson 0.9257, lr 1.00e-06 ---
2026-09-30 23:47:25,892 - INFO - 
****************************************************************************************************
2026-09-30 23:47:27,155 - INFO - --- training epoch 190, loss 5.4463, mae 5.9038, rmse 9.6136, time elapsed(min) 0.01---
2026-09-30 23:47:27,321 - INFO - --- validation at epoch 190, val_loss 5.5716, val_mae 6.8383, val_rmse 10.8230, val_r2 0.8568, val_pearson 0.9257, lr 1.00e-06 ---
2026-09-30 23:47:27,321 - INFO - 
****************************************************************************************************
2026-09-30 23:47:28,589 - INFO - --- training epoch 191, loss 5.4449, mae 5.9012, rmse 9.5696, time elapsed(min) 0.01---
2026-09-30 23:47:28,967 - INFO - --- validation at epoch 191, val_loss 5.5723, val_mae 6.8432, val_rmse 10.8221, val_r2 0.8569, val_pearson 0.9257, lr 1.00e-06 ---
2026-09-30 23:47:28,967 - INFO - 
****************************************************************************************************
2026-09-30 23:47:29,501 - INFO - --- early stopping at epoch 191: val_loss did not improve for 50 epochs ---
2026-09-30 23:47:29,771 - INFO - --- selected checkpoint from epoch 141, val_loss 5.5209, val_mae 6.8387, val_rmse 10.9203
2026-09-30 23:47:30,218 - INFO - -- RESULT
2026-09-30 23:47:30,218 - INFO - --- test size: 1187
2026-09-30 23:47:30,218 - INFO - --- MAE: 6.0356 pp, RMSE: 9.8565 pp, R2: 0.8664, Pearson: 0.9313
2026-09-30 23:47:31,316 - INFO - --- Buchwald-Hartwig | fullcv08_split70 | approach_2: test R2 0.8664 MAE 6.0356 RMSE 9.8565 | 275.1s (1.4s/epoch)
2026-09-30 23:47:31,320 - INFO - --- Buchwald-Hartwig | fullcv08_split70 | MLP control (ind/mlp) (ind/mlp)
