2026-10-01 11:39:58,586 - INFO - device is	cuda:0
2026-10-01 11:39:58,670 - INFO - -- CONFIGURATIONS
2026-10-01 11:39:58,670 - INFO - --- train/valid/test: 2491/277/1187
2026-10-01 11:39:58,670 - INFO - --- max no. reactants_train, valid, test respectively: 6, 6, 6
2026-10-01 11:39:58,670 - INFO - --- max no. products_train, valid, test respectively: 1, 1, 1
2026-10-01 11:39:58,670 - INFO - --- model_path: ../logs/approach1_server/approach_3/bh/runs/fullcv04_split70/model.pt
2026-10-01 11:39:58,677 - INFO - -- TRAINING
2026-10-01 11:39:59,409 - INFO - --- training epoch 0, loss 23.6900, mae 24.1849, rmse 29.5165, time elapsed(min) 0.01---
2026-10-01 11:39:59,569 - INFO - --- validation at epoch 0, val_loss 23.2081, val_mae 23.1421, val_rmse 27.2848, val_r2 -0.0283, val_pearson -0.1473, lr 1.00e-03 ---
2026-10-01 11:39:59,569 - INFO - 
****************************************************************************************************
2026-10-01 11:40:00,634 - INFO - --- training epoch 1, loss 23.0043, mae 23.5008, rmse 28.1105, time elapsed(min) 0.01---
2026-10-01 11:40:00,790 - INFO - --- validation at epoch 1, val_loss 23.5144, val_mae 23.3397, val_rmse 27.2931, val_r2 -0.0290, val_pearson -0.1847, lr 1.00e-03 ---
2026-10-01 11:40:00,790 - INFO - 
****************************************************************************************************
2026-10-01 11:40:01,921 - INFO - --- training epoch 2, loss 22.9469, mae 23.4434, rmse 27.7926, time elapsed(min) 0.01---
2026-10-01 11:40:02,072 - INFO - --- validation at epoch 2, val_loss 22.7374, val_mae 22.7063, val_rmse 26.6107, val_r2 0.0218, val_pearson 0.2004, lr 1.00e-03 ---
2026-10-01 11:40:02,072 - INFO - 
****************************************************************************************************
2026-10-01 11:40:02,930 - INFO - --- training epoch 3, loss 22.6893, mae 23.1859, rmse 27.1817, time elapsed(min) 0.01---
2026-10-01 11:40:03,091 - INFO - --- validation at epoch 3, val_loss 23.7974, val_mae 23.4759, val_rmse 27.0492, val_r2 -0.0107, val_pearson 0.2068, lr 1.00e-03 ---
2026-10-01 11:40:03,091 - INFO - 
****************************************************************************************************
2026-10-01 11:40:03,898 - INFO - --- training epoch 4, loss 22.6647, mae 23.1617, rmse 27.2317, time elapsed(min) 0.01---
2026-10-01 11:40:04,051 - INFO - --- validation at epoch 4, val_loss 21.8792, val_mae 22.1219, val_rmse 26.0753, val_r2 0.0608, val_pearson 0.2840, lr 1.00e-03 ---
2026-10-01 11:40:04,051 - INFO - 
****************************************************************************************************
2026-10-01 11:40:05,184 - INFO - --- training epoch 5, loss 22.5073, mae 23.0030, rmse 26.9995, time elapsed(min) 0.01---
2026-10-01 11:40:05,341 - INFO - --- validation at epoch 5, val_loss 22.9382, val_mae 22.7553, val_rmse 26.4182, val_r2 0.0359, val_pearson 0.2514, lr 1.00e-03 ---
2026-10-01 11:40:05,341 - INFO - 
****************************************************************************************************
2026-10-01 11:40:06,320 - INFO - --- training epoch 6, loss 22.5342, mae 23.0315, rmse 27.0955, time elapsed(min) 0.01---
2026-10-01 11:40:06,475 - INFO - --- validation at epoch 6, val_loss 24.0277, val_mae 23.6074, val_rmse 27.1690, val_r2 -0.0196, val_pearson 0.2811, lr 1.00e-03 ---
2026-10-01 11:40:06,475 - INFO - 
****************************************************************************************************
2026-10-01 11:40:07,446 - INFO - --- training epoch 7, loss 22.4355, mae 22.9331, rmse 26.8828, time elapsed(min) 0.01---
2026-10-01 11:40:07,587 - INFO - --- validation at epoch 7, val_loss 21.8586, val_mae 22.0274, val_rmse 25.7462, val_r2 0.0844, val_pearson 0.3309, lr 1.00e-03 ---
2026-10-01 11:40:07,587 - INFO - 
****************************************************************************************************
2026-10-01 11:40:08,772 - INFO - --- training epoch 8, loss 22.1071, mae 22.6031, rmse 26.5281, time elapsed(min) 0.01---
2026-10-01 11:40:08,981 - INFO - --- validation at epoch 8, val_loss 21.5478, val_mae 21.6764, val_rmse 25.2482, val_r2 0.1194, val_pearson 0.3603, lr 1.00e-03 ---
2026-10-01 11:40:08,981 - INFO - 
****************************************************************************************************
2026-10-01 11:40:09,864 - INFO - --- training epoch 9, loss 23.0407, mae 23.5383, rmse 28.1139, time elapsed(min) 0.01---
2026-10-01 11:40:10,003 - INFO - --- validation at epoch 9, val_loss 22.7036, val_mae 22.6605, val_rmse 26.2649, val_r2 0.0471, val_pearson 0.2983, lr 1.00e-03 ---
2026-10-01 11:40:10,003 - INFO - 
****************************************************************************************************
2026-10-01 11:40:10,978 - INFO - --- training epoch 10, loss 22.1859, mae 22.6813, rmse 26.7231, time elapsed(min) 0.01---
2026-10-01 11:40:11,135 - INFO - --- validation at epoch 10, val_loss 21.8886, val_mae 21.9861, val_rmse 25.6817, val_r2 0.0889, val_pearson 0.3727, lr 1.00e-03 ---
2026-10-01 11:40:11,135 - INFO - 
****************************************************************************************************
2026-10-01 11:40:12,111 - INFO - --- training epoch 11, loss 21.6656, mae 22.1618, rmse 26.3700, time elapsed(min) 0.01---
2026-10-01 11:40:12,285 - INFO - --- validation at epoch 11, val_loss 22.4405, val_mae 22.5945, val_rmse 26.5118, val_r2 0.0291, val_pearson 0.3099, lr 1.00e-03 ---
2026-10-01 11:40:12,286 - INFO - 
****************************************************************************************************
2026-10-01 11:40:13,263 - INFO - --- training epoch 12, loss 22.1056, mae 22.6010, rmse 27.1189, time elapsed(min) 0.01---
2026-10-01 11:40:13,412 - INFO - --- validation at epoch 12, val_loss 21.6213, val_mae 22.2270, val_rmse 27.7681, val_r2 -0.0651, val_pearson 0.2189, lr 1.00e-03 ---
2026-10-01 11:40:13,412 - INFO - 
****************************************************************************************************
2026-10-01 11:40:14,464 - INFO - --- training epoch 13, loss 23.2715, mae 23.7681, rmse 29.0506, time elapsed(min) 0.01---
2026-10-01 11:40:14,816 - INFO - --- validation at epoch 13, val_loss 21.6466, val_mae 21.7675, val_rmse 26.2055, val_r2 0.0514, val_pearson 0.2404, lr 1.00e-03 ---
2026-10-01 11:40:14,816 - INFO - 
****************************************************************************************************
2026-10-01 11:40:15,767 - INFO - --- training epoch 14, loss 22.9908, mae 23.4857, rmse 28.3305, time elapsed(min) 0.01---
2026-10-01 11:40:15,920 - INFO - --- validation at epoch 14, val_loss 21.3953, val_mae 21.7913, val_rmse 26.8974, val_r2 0.0007, val_pearson 0.2271, lr 1.00e-03 ---
2026-10-01 11:40:15,920 - INFO - 
****************************************************************************************************
2026-10-01 11:40:16,803 - INFO - --- training epoch 15, loss 22.3393, mae 22.8351, rmse 27.0785, time elapsed(min) 0.01---
2026-10-01 11:40:16,961 - INFO - --- validation at epoch 15, val_loss 23.0035, val_mae 22.8848, val_rmse 26.7930, val_r2 0.0084, val_pearson 0.3165, lr 1.00e-03 ---
2026-10-01 11:40:16,961 - INFO - 
****************************************************************************************************
2026-10-01 11:40:17,908 - INFO - --- training epoch 16, loss 23.0237, mae 23.5209, rmse 28.0255, time elapsed(min) 0.01---
2026-10-01 11:40:18,048 - INFO - --- validation at epoch 16, val_loss 23.1495, val_mae 23.0134, val_rmse 26.9544, val_r2 -0.0036, val_pearson 0.2522, lr 1.00e-03 ---
2026-10-01 11:40:18,048 - INFO - 
****************************************************************************************************
2026-10-01 11:40:19,201 - INFO - --- training epoch 17, loss 22.8045, mae 23.3014, rmse 27.6447, time elapsed(min) 0.01---
2026-10-01 11:40:19,366 - INFO - --- validation at epoch 17, val_loss 22.4090, val_mae 22.4617, val_rmse 26.5496, val_r2 0.0263, val_pearson 0.2565, lr 1.00e-03 ---
2026-10-01 11:40:19,366 - INFO - 
****************************************************************************************************
2026-10-01 11:40:20,374 - INFO - --- training epoch 18, loss 22.7255, mae 23.2220, rmse 27.6558, time elapsed(min) 0.01---
2026-10-01 11:40:20,537 - INFO - --- validation at epoch 18, val_loss 22.7554, val_mae 22.7152, val_rmse 26.7634, val_r2 0.0106, val_pearson 0.2363, lr 1.00e-03 ---
2026-10-01 11:40:20,537 - INFO - 
****************************************************************************************************
2026-10-01 11:40:21,730 - INFO - --- training epoch 19, loss 22.6900, mae 23.1869, rmse 27.5491, time elapsed(min) 0.01---
2026-10-01 11:40:21,891 - INFO - --- validation at epoch 19, val_loss 22.9693, val_mae 22.8548, val_rmse 26.8249, val_r2 0.0060, val_pearson 0.2407, lr 1.00e-03 ---
2026-10-01 11:40:21,891 - INFO - 
****************************************************************************************************
2026-10-01 11:40:22,700 - INFO - --- training epoch 20, loss 22.6865, mae 23.1834, rmse 27.5076, time elapsed(min) 0.01---
2026-10-01 11:40:22,853 - INFO - --- validation at epoch 20, val_loss 22.5220, val_mae 22.5068, val_rmse 26.5140, val_r2 0.0289, val_pearson 0.3328, lr 1.00e-03 ---
2026-10-01 11:40:22,853 - INFO - 
****************************************************************************************************
2026-10-01 11:40:23,670 - INFO - --- training epoch 21, loss 22.5790, mae 23.0758, rmse 27.2796, time elapsed(min) 0.01---
2026-10-01 11:40:23,830 - INFO - --- validation at epoch 21, val_loss 22.5050, val_mae 22.4654, val_rmse 26.4184, val_r2 0.0359, val_pearson 0.3347, lr 1.00e-03 ---
2026-10-01 11:40:23,830 - INFO - 
****************************************************************************************************
2026-10-01 11:40:24,774 - INFO - --- training epoch 22, loss 22.5258, mae 23.0232, rmse 27.1302, time elapsed(min) 0.01---
2026-10-01 11:40:24,908 - INFO - --- validation at epoch 22, val_loss 22.5476, val_mae 22.4351, val_rmse 26.2275, val_r2 0.0498, val_pearson 0.3371, lr 1.00e-03 ---
2026-10-01 11:40:24,908 - INFO - 
****************************************************************************************************
2026-10-01 11:40:25,882 - INFO - --- training epoch 23, loss 22.3657, mae 22.8635, rmse 26.8897, time elapsed(min) 0.01---
2026-10-01 11:40:26,033 - INFO - --- validation at epoch 23, val_loss 23.6182, val_mae 23.1553, val_rmse 26.6220, val_r2 0.0210, val_pearson 0.3495, lr 1.00e-03 ---
2026-10-01 11:40:26,033 - INFO - 
****************************************************************************************************
2026-10-01 11:40:27,050 - INFO - --- training epoch 24, loss 22.9959, mae 23.4924, rmse 28.2688, time elapsed(min) 0.01---
2026-10-01 11:40:27,375 - INFO - --- validation at epoch 24, val_loss 21.6405, val_mae 22.0629, val_rmse 27.5750, val_r2 -0.0503, val_pearson 0.3285, lr 1.00e-03 ---
2026-10-01 11:40:27,376 - INFO - 
****************************************************************************************************
2026-10-01 11:40:27,812 - INFO - --- early stopping at epoch 24: val_loss did not improve for 10 epochs ---
2026-10-01 11:40:28,005 - INFO - --- selected checkpoint from epoch 14, val_loss 21.3953, val_mae 21.7913, val_rmse 26.8974
2026-10-01 11:40:28,379 - INFO - -- RESULT
2026-10-01 11:40:28,379 - INFO - --- test size: 1187
2026-10-01 11:40:28,379 - INFO - --- MAE: 22.4681 pp, RMSE: 27.6237 pp, R2: -0.0360, Pearson: 0.2449
2026-10-01 11:40:28,380 - INFO - --- fullcv04_split70: MAE 22.46805576045496, RMSE 27.623699721730794, R2 -0.03601170611355853
2026-10-01 11:40:28,391 - INFO - --- training fullcv05_split70 (npz/bh/fullcv05_split70)
