2026-10-01 11:51:28,237 - INFO - device is	cuda:0
2026-10-01 11:51:28,321 - INFO - -- CONFIGURATIONS
2026-10-01 11:51:28,321 - INFO - --- train/valid/test: 2491/277/1187
2026-10-01 11:51:28,321 - INFO - --- max no. reactants_train, valid, test respectively: 6, 6, 6
2026-10-01 11:51:28,321 - INFO - --- max no. products_train, valid, test respectively: 1, 1, 1
2026-10-01 11:51:28,321 - INFO - --- model_path: ../logs/approach1_server/approach_2/bh/runs/fullcv09_split70/model.pt
2026-10-01 11:51:28,329 - INFO - -- TRAINING
2026-10-01 11:51:28,887 - INFO - --- training epoch 0, loss 24.6291, mae 25.1248, rmse 30.9723, time elapsed(min) 0.01---
2026-10-01 11:51:29,031 - INFO - --- validation at epoch 0, val_loss 23.1529, val_mae 23.5039, val_rmse 28.8381, val_r2 -0.1064, val_pearson -0.3219, lr 1.00e-03 ---
2026-10-01 11:51:29,032 - INFO - 
****************************************************************************************************
2026-10-01 11:51:30,093 - INFO - --- training epoch 1, loss 22.6710, mae 23.1671, rmse 27.8861, time elapsed(min) 0.01---
2026-10-01 11:51:30,261 - INFO - --- validation at epoch 1, val_loss 22.9016, val_mae 23.0821, val_rmse 28.4639, val_r2 -0.0779, val_pearson 0.1239, lr 1.00e-03 ---
2026-10-01 11:51:30,261 - INFO - 
****************************************************************************************************
2026-10-01 11:51:31,331 - INFO - --- training epoch 2, loss 22.3997, mae 22.8963, rmse 27.7573, time elapsed(min) 0.01---
2026-10-01 11:51:31,486 - INFO - --- validation at epoch 2, val_loss 22.8232, val_mae 23.1812, val_rmse 27.6043, val_r2 -0.0138, val_pearson 0.1250, lr 1.00e-03 ---
2026-10-01 11:51:31,486 - INFO - 
****************************************************************************************************
2026-10-01 11:51:32,699 - INFO - --- training epoch 3, loss 22.1941, mae 22.6899, rmse 27.6965, time elapsed(min) 0.01---
2026-10-01 11:51:32,838 - INFO - --- validation at epoch 3, val_loss 22.9232, val_mae 23.1368, val_rmse 28.0939, val_r2 -0.0500, val_pearson 0.1314, lr 1.00e-03 ---
2026-10-01 11:51:32,838 - INFO - 
****************************************************************************************************
2026-10-01 11:51:33,646 - INFO - --- training epoch 4, loss 21.9818, mae 22.4776, rmse 27.2277, time elapsed(min) 0.01---
2026-10-01 11:51:33,811 - INFO - --- validation at epoch 4, val_loss 22.8474, val_mae 23.0827, val_rmse 27.7854, val_r2 -0.0271, val_pearson 0.1265, lr 1.00e-03 ---
2026-10-01 11:51:33,811 - INFO - 
****************************************************************************************************
2026-10-01 11:51:34,630 - INFO - --- training epoch 5, loss 21.9256, mae 22.4203, rmse 27.2390, time elapsed(min) 0.01---
2026-10-01 11:51:34,791 - INFO - --- validation at epoch 5, val_loss 22.9043, val_mae 23.1125, val_rmse 27.9308, val_r2 -0.0379, val_pearson 0.1317, lr 1.00e-03 ---
2026-10-01 11:51:34,791 - INFO - 
****************************************************************************************************
2026-10-01 11:51:35,789 - INFO - --- training epoch 6, loss 21.8936, mae 22.3892, rmse 27.1958, time elapsed(min) 0.01---
2026-10-01 11:51:35,954 - INFO - --- validation at epoch 6, val_loss 22.8275, val_mae 23.1298, val_rmse 27.6227, val_r2 -0.0151, val_pearson 0.1299, lr 1.00e-03 ---
2026-10-01 11:51:35,954 - INFO - 
****************************************************************************************************
2026-10-01 11:51:36,959 - INFO - --- training epoch 7, loss 21.8823, mae 22.3790, rmse 27.2220, time elapsed(min) 0.01---
2026-10-01 11:51:37,106 - INFO - --- validation at epoch 7, val_loss 22.9289, val_mae 23.0251, val_rmse 28.2467, val_r2 -0.0615, val_pearson 0.1374, lr 1.00e-03 ---
2026-10-01 11:51:37,106 - INFO - 
****************************************************************************************************
2026-10-01 11:51:38,146 - INFO - --- training epoch 8, loss 21.8497, mae 22.3450, rmse 27.1224, time elapsed(min) 0.01---
2026-10-01 11:51:38,502 - INFO - --- validation at epoch 8, val_loss 22.7525, val_mae 22.9745, val_rmse 27.6184, val_r2 -0.0148, val_pearson 0.1433, lr 1.00e-03 ---
2026-10-01 11:51:38,503 - INFO - 
****************************************************************************************************
2026-10-01 11:51:39,574 - INFO - --- training epoch 9, loss 21.8071, mae 22.3023, rmse 27.0622, time elapsed(min) 0.01---
2026-10-01 11:51:39,741 - INFO - --- validation at epoch 9, val_loss 22.8231, val_mae 23.0304, val_rmse 27.7362, val_r2 -0.0235, val_pearson 0.1569, lr 1.00e-03 ---
2026-10-01 11:51:39,741 - INFO - 
****************************************************************************************************
2026-10-01 11:51:40,603 - INFO - --- training epoch 10, loss 21.8362, mae 22.3325, rmse 27.0495, time elapsed(min) 0.01---
2026-10-01 11:51:40,766 - INFO - --- validation at epoch 10, val_loss 22.6866, val_mae 22.9213, val_rmse 27.4704, val_r2 -0.0040, val_pearson 0.1608, lr 1.00e-03 ---
2026-10-01 11:51:40,766 - INFO - 
****************************************************************************************************
2026-10-01 11:51:41,793 - INFO - --- training epoch 11, loss 21.7538, mae 22.2505, rmse 26.5476, time elapsed(min) 0.01---
2026-10-01 11:51:41,960 - INFO - --- validation at epoch 11, val_loss 23.8758, val_mae 23.7779, val_rmse 30.9331, val_r2 -0.2730, val_pearson 0.2377, lr 1.00e-03 ---
2026-10-01 11:51:41,960 - INFO - 
****************************************************************************************************
2026-10-01 11:51:42,965 - INFO - --- training epoch 12, loss 22.3242, mae 22.8216, rmse 27.1718, time elapsed(min) 0.01---
2026-10-01 11:51:43,108 - INFO - --- validation at epoch 12, val_loss 24.0311, val_mae 23.6217, val_rmse 30.7130, val_r2 -0.2550, val_pearson 0.3440, lr 1.00e-03 ---
2026-10-01 11:51:43,108 - INFO - 
****************************************************************************************************
2026-10-01 11:51:44,129 - INFO - --- training epoch 13, loss 22.0100, mae 22.5060, rmse 26.7158, time elapsed(min) 0.01---
2026-10-01 11:51:44,484 - INFO - --- validation at epoch 13, val_loss 22.3579, val_mae 22.0382, val_rmse 26.4786, val_r2 0.0672, val_pearson 0.3332, lr 1.00e-03 ---
2026-10-01 11:51:44,484 - INFO - 
****************************************************************************************************
2026-10-01 11:51:45,516 - INFO - --- training epoch 14, loss 21.6786, mae 22.1741, rmse 26.0935, time elapsed(min) 0.01---
2026-10-01 11:51:45,683 - INFO - --- validation at epoch 14, val_loss 22.0453, val_mae 21.7017, val_rmse 26.3129, val_r2 0.0789, val_pearson 0.3596, lr 1.00e-03 ---
2026-10-01 11:51:45,683 - INFO - 
****************************************************************************************************
2026-10-01 11:51:46,591 - INFO - --- training epoch 15, loss 21.3069, mae 21.8033, rmse 25.8884, time elapsed(min) 0.01---
2026-10-01 11:51:46,754 - INFO - --- validation at epoch 15, val_loss 21.9650, val_mae 21.8938, val_rmse 26.6035, val_r2 0.0584, val_pearson 0.3216, lr 1.00e-03 ---
2026-10-01 11:51:46,754 - INFO - 
****************************************************************************************************
2026-10-01 11:51:47,818 - INFO - --- training epoch 16, loss 21.4239, mae 21.9195, rmse 26.0725, time elapsed(min) 0.01---
2026-10-01 11:51:47,979 - INFO - --- validation at epoch 16, val_loss 21.8975, val_mae 21.6090, val_rmse 25.8355, val_r2 0.1120, val_pearson 0.3629, lr 1.00e-03 ---
2026-10-01 11:51:47,979 - INFO - 
****************************************************************************************************
2026-10-01 11:51:49,208 - INFO - --- training epoch 17, loss 20.8301, mae 21.3255, rmse 25.4340, time elapsed(min) 0.01---
2026-10-01 11:51:49,354 - INFO - --- validation at epoch 17, val_loss 21.7602, val_mae 21.8091, val_rmse 26.3419, val_r2 0.0768, val_pearson 0.3280, lr 1.00e-03 ---
2026-10-01 11:51:49,354 - INFO - 
****************************************************************************************************
2026-10-01 11:51:50,445 - INFO - --- training epoch 18, loss 21.0903, mae 21.5865, rmse 25.7240, time elapsed(min) 0.01---
2026-10-01 11:51:50,600 - INFO - --- validation at epoch 18, val_loss 22.6546, val_mae 22.8141, val_rmse 27.9523, val_r2 -0.0395, val_pearson 0.2557, lr 1.00e-03 ---
2026-10-01 11:51:50,601 - INFO - 
****************************************************************************************************
2026-10-01 11:51:51,595 - INFO - --- training epoch 19, loss 22.1107, mae 22.6072, rmse 26.8219, time elapsed(min) 0.01---
2026-10-01 11:51:51,746 - INFO - --- validation at epoch 19, val_loss 22.5627, val_mae 22.2680, val_rmse 27.1721, val_r2 0.0177, val_pearson 0.2790, lr 1.00e-03 ---
2026-10-01 11:51:51,747 - INFO - 
****************************************************************************************************
2026-10-01 11:51:52,592 - INFO - --- training epoch 20, loss 21.7386, mae 22.2351, rmse 26.6482, time elapsed(min) 0.01---
2026-10-01 11:51:52,740 - INFO - --- validation at epoch 20, val_loss 22.4682, val_mae 22.1417, val_rmse 26.9813, val_r2 0.0315, val_pearson 0.3067, lr 1.00e-03 ---
2026-10-01 11:51:52,740 - INFO - 
****************************************************************************************************
2026-10-01 11:51:53,742 - INFO - --- training epoch 21, loss 21.3195, mae 21.8160, rmse 26.2525, time elapsed(min) 0.01---
2026-10-01 11:51:53,901 - INFO - --- validation at epoch 21, val_loss 22.1001, val_mae 21.9322, val_rmse 25.6415, val_r2 0.1253, val_pearson 0.3570, lr 1.00e-03 ---
2026-10-01 11:51:53,901 - INFO - 
****************************************************************************************************
2026-10-01 11:51:54,937 - INFO - --- training epoch 22, loss 21.2014, mae 21.6981, rmse 25.8611, time elapsed(min) 0.01---
2026-10-01 11:51:55,095 - INFO - --- validation at epoch 22, val_loss 22.2043, val_mae 21.9770, val_rmse 26.5862, val_r2 0.0596, val_pearson 0.3097, lr 1.00e-03 ---
2026-10-01 11:51:55,095 - INFO - 
****************************************************************************************************
2026-10-01 11:51:56,121 - INFO - --- training epoch 23, loss 20.7700, mae 21.2643, rmse 25.8092, time elapsed(min) 0.01---
2026-10-01 11:51:56,284 - INFO - --- validation at epoch 23, val_loss 22.3615, val_mae 22.4013, val_rmse 26.7016, val_r2 0.0514, val_pearson 0.2764, lr 1.00e-03 ---
2026-10-01 11:51:56,284 - INFO - 
****************************************************************************************************
2026-10-01 11:51:57,294 - INFO - --- training epoch 24, loss 20.8846, mae 21.3809, rmse 25.7391, time elapsed(min) 0.01---
2026-10-01 11:51:57,454 - INFO - --- validation at epoch 24, val_loss 21.9991, val_mae 21.8103, val_rmse 26.1232, val_r2 0.0921, val_pearson 0.3360, lr 1.00e-03 ---
2026-10-01 11:51:57,454 - INFO - 
****************************************************************************************************
2026-10-01 11:51:58,299 - INFO - --- training epoch 25, loss 20.6664, mae 21.1615, rmse 25.6621, time elapsed(min) 0.01---
2026-10-01 11:51:58,455 - INFO - --- validation at epoch 25, val_loss 22.0720, val_mae 21.8975, val_rmse 25.9634, val_r2 0.1032, val_pearson 0.3348, lr 1.00e-03 ---
2026-10-01 11:51:58,455 - INFO - 
****************************************************************************************************
2026-10-01 11:51:59,481 - INFO - --- training epoch 26, loss 20.7098, mae 21.2062, rmse 25.4834, time elapsed(min) 0.01---
2026-10-01 11:51:59,628 - INFO - --- validation at epoch 26, val_loss 21.9192, val_mae 21.6544, val_rmse 26.4015, val_r2 0.0727, val_pearson 0.3350, lr 1.00e-03 ---
2026-10-01 11:51:59,628 - INFO - 
****************************************************************************************************
2026-10-01 11:52:00,804 - INFO - --- training epoch 27, loss 20.5805, mae 21.0759, rmse 25.4986, time elapsed(min) 0.01---
2026-10-01 11:52:00,958 - INFO - --- validation at epoch 27, val_loss 21.9429, val_mae 21.7033, val_rmse 26.5596, val_r2 0.0615, val_pearson 0.3299, lr 1.00e-03 ---
2026-10-01 11:52:00,958 - INFO - 
****************************************************************************************************
2026-10-01 11:52:01,264 - INFO - --- early stopping at epoch 27: val_loss did not improve for 10 epochs ---
2026-10-01 11:52:01,442 - INFO - --- selected checkpoint from epoch 17, val_loss 21.7602, val_mae 21.8091, val_rmse 26.3419
2026-10-01 11:52:02,134 - INFO - -- RESULT
2026-10-01 11:52:02,134 - INFO - --- test size: 1187
2026-10-01 11:52:02,134 - INFO - --- MAE: 21.2342 pp, RMSE: 25.3611 pp, R2: 0.1464, Pearson: 0.4094
2026-10-01 11:52:02,135 - INFO - --- fullcv09_split70: MAE 21.234159409552625, RMSE 25.36113139459514, R2 0.14643450986252016
2026-10-01 11:52:02,145 - INFO - --- training fullcv10_split70 (npz/bh/fullcv10_split70)
