2026-10-01 16:13:17,817 - INFO - device is	cuda:0
2026-10-01 16:13:17,932 - INFO - -- CONFIGURATIONS
2026-10-01 16:13:17,932 - INFO - --- train/valid/test: 3628/404/1728
2026-10-01 16:13:17,932 - INFO - --- max no. reactants_train, valid, test respectively: 14, 14, 14
2026-10-01 16:13:17,932 - INFO - --- max no. products_train, valid, test respectively: 1, 1, 1
2026-10-01 16:13:17,932 - INFO - --- model_path: ../logs/approach1_server/approach_1_linear/suzuki/runs/suzuki_split_4_20261001_161317/split_4/model.pt
2026-10-01 16:13:18,036 - INFO - -- TRAINING
2026-10-01 16:13:23,715 - INFO - --- training epoch 0, loss 2.7419, mae 3.0882, rmse 8.0131, time elapsed(min) 0.09---
2026-10-01 16:13:24,146 - INFO - --- validation at epoch 0, val_loss 0.0439, val_mae 0.2545, val_rmse 0.2859, val_r2 -0.1031, val_pearson -0.1032, lr 1.00e-03 ---
2026-10-01 16:13:24,146 - INFO - 
****************************************************************************************************
2026-10-01 16:13:29,760 - INFO - --- training epoch 1, loss 0.0431, mae 0.2511, rmse 0.2935, time elapsed(min) 0.09---
2026-10-01 16:13:30,187 - INFO - --- validation at epoch 1, val_loss 0.0399, val_mae 0.2353, val_rmse 0.2725, val_r2 -0.0022, val_pearson -0.0618, lr 1.00e-03 ---
2026-10-01 16:13:30,187 - INFO - 
****************************************************************************************************
2026-10-01 16:13:35,798 - INFO - --- training epoch 2, loss 0.0403, mae 0.2451, rmse 0.2839, time elapsed(min) 0.09---
2026-10-01 16:13:36,216 - INFO - --- validation at epoch 2, val_loss 0.0403, val_mae 0.2412, val_rmse 0.2736, val_r2 -0.0102, val_pearson -0.0323, lr 1.00e-03 ---
2026-10-01 16:13:36,216 - INFO - 
****************************************************************************************************
2026-10-01 16:13:41,863 - INFO - --- training epoch 3, loss 0.0400, mae 0.2455, rmse 0.2829, time elapsed(min) 0.09---
2026-10-01 16:13:42,468 - INFO - --- validation at epoch 3, val_loss 0.0399, val_mae 0.2354, val_rmse 0.2725, val_r2 -0.0027, val_pearson -0.0189, lr 1.00e-03 ---
2026-10-01 16:13:42,468 - INFO - 
****************************************************************************************************
2026-10-01 16:13:48,128 - INFO - --- training epoch 4, loss 0.0402, mae 0.2456, rmse 0.2837, time elapsed(min) 0.09---
2026-10-01 16:13:48,546 - INFO - --- validation at epoch 4, val_loss 0.0399, val_mae 0.2373, val_rmse 0.2726, val_r2 -0.0029, val_pearson -0.0157, lr 1.00e-03 ---
2026-10-01 16:13:48,546 - INFO - 
****************************************************************************************************
2026-10-01 16:13:54,077 - INFO - --- training epoch 5, loss 0.0399, mae 0.2444, rmse 0.2824, time elapsed(min) 0.09---
2026-10-01 16:13:54,498 - INFO - --- validation at epoch 5, val_loss 0.0400, val_mae 0.2368, val_rmse 0.2728, val_r2 -0.0046, val_pearson -0.0112, lr 1.00e-03 ---
2026-10-01 16:13:54,498 - INFO - 
****************************************************************************************************
2026-10-01 16:14:00,013 - INFO - --- training epoch 6, loss 0.0400, mae 0.2447, rmse 0.2830, time elapsed(min) 0.09---
2026-10-01 16:14:00,595 - INFO - --- validation at epoch 6, val_loss 0.0401, val_mae 0.2357, val_rmse 0.2732, val_r2 -0.0072, val_pearson -0.0076, lr 1.00e-03 ---
2026-10-01 16:14:00,595 - INFO - 
****************************************************************************************************
2026-10-01 16:14:06,468 - INFO - --- training epoch 7, loss 0.0405, mae 0.2447, rmse 0.2845, time elapsed(min) 0.09---
2026-10-01 16:14:06,894 - INFO - --- validation at epoch 7, val_loss 0.0400, val_mae 0.2358, val_rmse 0.2730, val_r2 -0.0063, val_pearson 0.0031, lr 1.00e-03 ---
2026-10-01 16:14:06,894 - INFO - 
****************************************************************************************************
2026-10-01 16:14:12,438 - INFO - --- training epoch 8, loss 0.0397, mae 0.2439, rmse 0.2816, time elapsed(min) 0.09---
2026-10-01 16:14:12,855 - INFO - --- validation at epoch 8, val_loss 0.0399, val_mae 0.2340, val_rmse 0.2725, val_r2 -0.0022, val_pearson 0.0588, lr 1.00e-03 ---
2026-10-01 16:14:12,856 - INFO - 
****************************************************************************************************
2026-10-01 16:14:18,487 - INFO - --- training epoch 9, loss 0.0399, mae 0.2438, rmse 0.2824, time elapsed(min) 0.09---
2026-10-01 16:14:18,954 - INFO - --- validation at epoch 9, val_loss 0.0396, val_mae 0.2343, val_rmse 0.2717, val_r2 0.0038, val_pearson 0.0834, lr 1.00e-03 ---
2026-10-01 16:14:18,954 - INFO - 
****************************************************************************************************
2026-10-01 16:14:24,942 - INFO - --- training epoch 10, loss 0.0394, mae 0.2424, rmse 0.2808, time elapsed(min) 0.09---
2026-10-01 16:14:25,363 - INFO - --- validation at epoch 10, val_loss 0.0394, val_mae 0.2366, val_rmse 0.2711, val_r2 0.0082, val_pearson 0.1082, lr 1.00e-03 ---
2026-10-01 16:14:25,363 - INFO - 
****************************************************************************************************
2026-10-01 16:14:31,047 - INFO - --- training epoch 11, loss 0.0390, mae 0.2414, rmse 0.2792, time elapsed(min) 0.09---
2026-10-01 16:14:31,474 - INFO - --- validation at epoch 11, val_loss 0.0386, val_mae 0.2365, val_rmse 0.2699, val_r2 0.0168, val_pearson 0.1567, lr 1.00e-03 ---
2026-10-01 16:14:31,474 - INFO - 
****************************************************************************************************
2026-10-01 16:14:37,142 - INFO - --- training epoch 12, loss 0.0398, mae 0.2422, rmse 0.2821, time elapsed(min) 0.09---
2026-10-01 16:14:37,563 - INFO - --- validation at epoch 12, val_loss 0.0389, val_mae 0.2399, val_rmse 0.2716, val_r2 0.0046, val_pearson 0.1638, lr 1.00e-03 ---
2026-10-01 16:14:37,563 - INFO - 
****************************************************************************************************
2026-10-01 16:14:43,150 - INFO - --- training epoch 13, loss 0.0418, mae 0.2462, rmse 0.2892, time elapsed(min) 0.09---
2026-10-01 16:14:43,799 - INFO - --- validation at epoch 13, val_loss 0.0384, val_mae 0.2320, val_rmse 0.2693, val_r2 0.0213, val_pearson 0.1556, lr 1.00e-03 ---
2026-10-01 16:14:43,799 - INFO - 
****************************************************************************************************
2026-10-01 16:14:49,566 - INFO - --- training epoch 14, loss 0.0445, mae 0.2506, rmse 0.2983, time elapsed(min) 0.09---
2026-10-01 16:14:49,992 - INFO - --- validation at epoch 14, val_loss 0.0407, val_mae 0.2460, val_rmse 0.2767, val_r2 -0.0337, val_pearson 0.1429, lr 1.00e-03 ---
2026-10-01 16:14:49,992 - INFO - 
****************************************************************************************************
2026-10-01 16:14:55,584 - INFO - --- training epoch 15, loss 0.0387, mae 0.2407, rmse 0.2783, time elapsed(min) 0.09---
2026-10-01 16:14:56,006 - INFO - --- validation at epoch 15, val_loss 0.0382, val_mae 0.2321, val_rmse 0.2684, val_r2 0.0277, val_pearson 0.1710, lr 1.00e-03 ---
2026-10-01 16:14:56,006 - INFO - 
****************************************************************************************************
2026-10-01 16:15:01,653 - INFO - --- training epoch 16, loss 0.0386, mae 0.2395, rmse 0.2777, time elapsed(min) 0.09---
2026-10-01 16:15:02,243 - INFO - --- validation at epoch 16, val_loss 0.0379, val_mae 0.2347, val_rmse 0.2683, val_r2 0.0287, val_pearson 0.1813, lr 1.00e-03 ---
2026-10-01 16:15:02,243 - INFO - 
****************************************************************************************************
2026-10-01 16:15:08,225 - INFO - --- training epoch 17, loss 0.0382, mae 0.2383, rmse 0.2765, time elapsed(min) 0.09---
2026-10-01 16:15:08,678 - INFO - --- validation at epoch 17, val_loss 0.0377, val_mae 0.2287, val_rmse 0.2678, val_r2 0.0319, val_pearson 0.1963, lr 1.00e-03 ---
2026-10-01 16:15:08,678 - INFO - 
****************************************************************************************************
2026-10-01 16:15:14,328 - INFO - --- training epoch 18, loss 0.0387, mae 0.2392, rmse 0.2781, time elapsed(min) 0.09---
2026-10-01 16:15:14,747 - INFO - --- validation at epoch 18, val_loss 0.0372, val_mae 0.2325, val_rmse 0.2664, val_r2 0.0420, val_pearson 0.2187, lr 1.00e-03 ---
2026-10-01 16:15:14,747 - INFO - 
****************************************************************************************************
2026-10-01 16:15:20,414 - INFO - --- training epoch 19, loss 0.0427, mae 0.2470, rmse 0.2921, time elapsed(min) 0.09---
2026-10-01 16:15:20,883 - INFO - --- validation at epoch 19, val_loss 0.0370, val_mae 0.2280, val_rmse 0.2651, val_r2 0.0511, val_pearson 0.2270, lr 1.00e-03 ---
2026-10-01 16:15:20,883 - INFO - 
****************************************************************************************************
2026-10-01 16:15:26,859 - INFO - --- training epoch 20, loss 0.0370, mae 0.2341, rmse 0.2721, time elapsed(min) 0.09---
2026-10-01 16:15:27,284 - INFO - --- validation at epoch 20, val_loss 0.0376, val_mae 0.2163, val_rmse 0.2642, val_r2 0.0577, val_pearson 0.3072, lr 1.00e-03 ---
2026-10-01 16:15:27,284 - INFO - 
****************************************************************************************************
2026-10-01 16:15:32,886 - INFO - --- training epoch 21, loss 0.0362, mae 0.2288, rmse 0.2689, time elapsed(min) 0.09---
2026-10-01 16:15:33,312 - INFO - --- validation at epoch 21, val_loss 0.0382, val_mae 0.2133, val_rmse 0.2655, val_r2 0.0487, val_pearson 0.3139, lr 1.00e-03 ---
2026-10-01 16:15:33,312 - INFO - 
****************************************************************************************************
2026-10-01 16:15:38,882 - INFO - --- training epoch 22, loss 0.0366, mae 0.2295, rmse 0.2704, time elapsed(min) 0.09---
2026-10-01 16:15:39,371 - INFO - --- validation at epoch 22, val_loss 0.0364, val_mae 0.2160, val_rmse 0.2588, val_r2 0.0958, val_pearson 0.3114, lr 1.00e-03 ---
2026-10-01 16:15:39,371 - INFO - 
****************************************************************************************************
2026-10-01 16:15:45,320 - INFO - --- training epoch 23, loss 0.0362, mae 0.2278, rmse 0.2691, time elapsed(min) 0.09---
2026-10-01 16:15:45,751 - INFO - --- validation at epoch 23, val_loss 0.0361, val_mae 0.2184, val_rmse 0.2581, val_r2 0.1011, val_pearson 0.3231, lr 1.00e-03 ---
2026-10-01 16:15:45,751 - INFO - 
****************************************************************************************************
2026-10-01 16:15:51,441 - INFO - --- training epoch 24, loss 0.0357, mae 0.2268, rmse 0.2672, time elapsed(min) 0.09---
2026-10-01 16:15:51,870 - INFO - --- validation at epoch 24, val_loss 0.0360, val_mae 0.2166, val_rmse 0.2569, val_r2 0.1090, val_pearson 0.3304, lr 1.00e-03 ---
2026-10-01 16:15:51,870 - INFO - 
****************************************************************************************************
2026-10-01 16:15:57,524 - INFO - --- training epoch 25, loss 0.0360, mae 0.2270, rmse 0.2684, time elapsed(min) 0.09---
2026-10-01 16:15:58,015 - INFO - --- validation at epoch 25, val_loss 0.0361, val_mae 0.2163, val_rmse 0.2574, val_r2 0.1058, val_pearson 0.3294, lr 1.00e-03 ---
2026-10-01 16:15:58,016 - INFO - 
****************************************************************************************************
2026-10-01 16:16:03,730 - INFO - --- training epoch 26, loss 0.0368, mae 0.2294, rmse 0.2714, time elapsed(min) 0.09---
2026-10-01 16:16:04,347 - INFO - --- validation at epoch 26, val_loss 0.0381, val_mae 0.2101, val_rmse 0.2638, val_r2 0.0610, val_pearson 0.3279, lr 1.00e-03 ---
2026-10-01 16:16:04,347 - INFO - 
****************************************************************************************************
2026-10-01 16:16:10,071 - INFO - --- training epoch 27, loss 0.0365, mae 0.2278, rmse 0.2701, time elapsed(min) 0.09---
2026-10-01 16:16:10,503 - INFO - --- validation at epoch 27, val_loss 0.0365, val_mae 0.2206, val_rmse 0.2584, val_r2 0.0988, val_pearson 0.3303, lr 1.00e-03 ---
2026-10-01 16:16:10,503 - INFO - 
****************************************************************************************************
2026-10-01 16:16:16,112 - INFO - --- training epoch 28, loss 0.0351, mae 0.2250, rmse 0.2650, time elapsed(min) 0.09---
2026-10-01 16:16:16,540 - INFO - --- validation at epoch 28, val_loss 0.0366, val_mae 0.2113, val_rmse 0.2576, val_r2 0.1043, val_pearson 0.3347, lr 1.00e-03 ---
2026-10-01 16:16:16,540 - INFO - 
****************************************************************************************************
2026-10-01 16:16:22,120 - INFO - --- training epoch 29, loss 0.0359, mae 0.2268, rmse 0.2680, time elapsed(min) 0.09---
2026-10-01 16:16:22,737 - INFO - --- validation at epoch 29, val_loss 0.0363, val_mae 0.2133, val_rmse 0.2564, val_r2 0.1129, val_pearson 0.3382, lr 1.00e-03 ---
2026-10-01 16:16:22,737 - INFO - 
****************************************************************************************************
2026-10-01 16:16:28,638 - INFO - --- training epoch 30, loss 0.0353, mae 0.2247, rmse 0.2657, time elapsed(min) 0.09---
2026-10-01 16:16:29,063 - INFO - --- validation at epoch 30, val_loss 0.0372, val_mae 0.2104, val_rmse 0.2588, val_r2 0.0957, val_pearson 0.3414, lr 1.00e-03 ---
2026-10-01 16:16:29,063 - INFO - 
****************************************************************************************************
2026-10-01 16:16:34,616 - INFO - --- training epoch 31, loss 0.0358, mae 0.2260, rmse 0.2675, time elapsed(min) 0.09---
2026-10-01 16:16:35,039 - INFO - --- validation at epoch 31, val_loss 0.0376, val_mae 0.2103, val_rmse 0.2593, val_r2 0.0925, val_pearson 0.3393, lr 1.00e-03 ---
2026-10-01 16:16:35,039 - INFO - 
****************************************************************************************************
2026-10-01 16:16:40,626 - INFO - --- training epoch 32, loss 0.0360, mae 0.2265, rmse 0.2684, time elapsed(min) 0.09---
2026-10-01 16:16:41,220 - INFO - --- validation at epoch 32, val_loss 0.0364, val_mae 0.2132, val_rmse 0.2557, val_r2 0.1172, val_pearson 0.3433, lr 1.00e-03 ---
2026-10-01 16:16:41,220 - INFO - 
****************************************************************************************************
2026-10-01 16:16:47,092 - INFO - --- training epoch 33, loss 0.0352, mae 0.2240, rmse 0.2652, time elapsed(min) 0.09---
2026-10-01 16:16:47,518 - INFO - --- validation at epoch 33, val_loss 0.0370, val_mae 0.2120, val_rmse 0.2568, val_r2 0.1098, val_pearson 0.3451, lr 1.00e-03 ---
2026-10-01 16:16:47,519 - INFO - 
****************************************************************************************************
2026-10-01 16:16:53,098 - INFO - --- training epoch 34, loss 0.0355, mae 0.2247, rmse 0.2664, time elapsed(min) 0.09---
2026-10-01 16:16:53,534 - INFO - --- validation at epoch 34, val_loss 0.0380, val_mae 0.2101, val_rmse 0.2609, val_r2 0.0810, val_pearson 0.3460, lr 1.00e-03 ---
2026-10-01 16:16:53,534 - INFO - 
****************************************************************************************************
2026-10-01 16:16:53,911 - INFO - --- early stopping at epoch 34: val_loss did not improve for 10 epochs ---
2026-10-01 16:16:54,398 - INFO - --- selected checkpoint from epoch 24, val_loss 0.0360, val_mae 0.2166, val_rmse 0.2569
2026-10-01 16:16:55,944 - INFO - -- RESULT
2026-10-01 16:16:55,944 - INFO - --- test size: 1728
2026-10-01 16:16:55,944 - INFO - --- MAE: 0.2217 (22.17 pp), RMSE: 0.2636 (26.36 pp), R2: 0.1090, Pearson: 0.3326
