2026-10-01 16:26:58,260 - INFO - device is	cuda:0
2026-10-01 16:26:58,366 - INFO - -- CONFIGURATIONS
2026-10-01 16:26:58,366 - INFO - --- train/valid/test: 3628/404/1728
2026-10-01 16:26:58,366 - INFO - --- max no. reactants_train, valid, test respectively: 14, 14, 14
2026-10-01 16:26:58,366 - INFO - --- max no. products_train, valid, test respectively: 1, 1, 1
2026-10-01 16:26:58,366 - INFO - --- model_path: ../logs/suzuki_approach1_grid/runs/suzuki/split_5/option_b_mlp/model.pt
2026-10-01 16:26:58,374 - INFO - -- TRAINING
2026-10-01 16:26:59,698 - INFO - --- training epoch 0, loss 0.9195, mae 1.2343, rmse 2.8227, time elapsed(min) 0.02---
2026-10-01 16:26:59,909 - INFO - --- validation at epoch 0, val_loss 0.0413, val_mae 0.2586, val_rmse 0.2901, val_r2 -0.0266, val_pearson -0.1039, lr 1.00e-03 ---
2026-10-01 16:26:59,909 - INFO - 
****************************************************************************************************
2026-10-01 16:27:01,561 - INFO - --- training epoch 1, loss 0.0422, mae 0.2494, rmse 0.2904, time elapsed(min) 0.02---
2026-10-01 16:27:01,768 - INFO - --- validation at epoch 1, val_loss 0.0397, val_mae 0.2488, val_rmse 0.2865, val_r2 -0.0013, val_pearson 0.1272, lr 1.00e-03 ---
2026-10-01 16:27:01,768 - INFO - 
****************************************************************************************************
2026-10-01 16:27:03,417 - INFO - --- training epoch 2, loss 0.0410, mae 0.2462, rmse 0.2863, time elapsed(min) 0.02---
2026-10-01 16:27:03,753 - INFO - --- validation at epoch 2, val_loss 0.0396, val_mae 0.2483, val_rmse 0.2865, val_r2 -0.0013, val_pearson 0.1831, lr 1.00e-03 ---
2026-10-01 16:27:03,753 - INFO - 
****************************************************************************************************
2026-10-01 16:27:05,565 - INFO - --- training epoch 3, loss 0.0402, mae 0.2444, rmse 0.2835, time elapsed(min) 0.02---
2026-10-01 16:27:06,026 - INFO - --- validation at epoch 3, val_loss 0.0398, val_mae 0.2468, val_rmse 0.2875, val_r2 -0.0081, val_pearson 0.1823, lr 1.00e-03 ---
2026-10-01 16:27:06,026 - INFO - 
****************************************************************************************************
2026-10-01 16:27:07,657 - INFO - --- training epoch 4, loss 0.0403, mae 0.2450, rmse 0.2840, time elapsed(min) 0.02---
2026-10-01 16:27:07,863 - INFO - --- validation at epoch 4, val_loss 0.0398, val_mae 0.2467, val_rmse 0.2877, val_r2 -0.0099, val_pearson 0.1869, lr 1.00e-03 ---
2026-10-01 16:27:07,863 - INFO - 
****************************************************************************************************
2026-10-01 16:27:09,520 - INFO - --- training epoch 5, loss 0.0403, mae 0.2442, rmse 0.2838, time elapsed(min) 0.02---
2026-10-01 16:27:09,727 - INFO - --- validation at epoch 5, val_loss 0.0398, val_mae 0.2525, val_rmse 0.2860, val_r2 0.0022, val_pearson 0.1861, lr 1.00e-03 ---
2026-10-01 16:27:09,727 - INFO - 
****************************************************************************************************
2026-10-01 16:27:11,405 - INFO - --- training epoch 6, loss 0.0397, mae 0.2431, rmse 0.2818, time elapsed(min) 0.02---
2026-10-01 16:27:11,791 - INFO - --- validation at epoch 6, val_loss 0.0394, val_mae 0.2476, val_rmse 0.2858, val_r2 0.0035, val_pearson 0.1862, lr 1.00e-03 ---
2026-10-01 16:27:11,792 - INFO - 
****************************************************************************************************
2026-10-01 16:27:13,658 - INFO - --- training epoch 7, loss 0.0398, mae 0.2431, rmse 0.2820, time elapsed(min) 0.02---
2026-10-01 16:27:13,869 - INFO - --- validation at epoch 7, val_loss 0.0393, val_mae 0.2470, val_rmse 0.2856, val_r2 0.0050, val_pearson 0.1850, lr 1.00e-03 ---
2026-10-01 16:27:13,869 - INFO - 
****************************************************************************************************
2026-10-01 16:27:15,581 - INFO - --- training epoch 8, loss 0.0398, mae 0.2429, rmse 0.2822, time elapsed(min) 0.02---
2026-10-01 16:27:15,791 - INFO - --- validation at epoch 8, val_loss 0.0391, val_mae 0.2463, val_rmse 0.2852, val_r2 0.0074, val_pearson 0.1903, lr 1.00e-03 ---
2026-10-01 16:27:15,791 - INFO - 
****************************************************************************************************
2026-10-01 16:27:17,499 - INFO - --- training epoch 9, loss 0.0397, mae 0.2428, rmse 0.2819, time elapsed(min) 0.02---
2026-10-01 16:27:17,840 - INFO - --- validation at epoch 9, val_loss 0.0392, val_mae 0.2455, val_rmse 0.2856, val_r2 0.0046, val_pearson 0.1892, lr 1.00e-03 ---
2026-10-01 16:27:17,840 - INFO - 
****************************************************************************************************
2026-10-01 16:27:19,685 - INFO - --- training epoch 10, loss 0.0402, mae 0.2441, rmse 0.2837, time elapsed(min) 0.03---
2026-10-01 16:27:19,914 - INFO - --- validation at epoch 10, val_loss 0.0394, val_mae 0.2448, val_rmse 0.2866, val_r2 -0.0020, val_pearson 0.1937, lr 1.00e-03 ---
2026-10-01 16:27:19,914 - INFO - 
****************************************************************************************************
2026-10-01 16:27:21,497 - INFO - --- training epoch 11, loss 0.0401, mae 0.2437, rmse 0.2831, time elapsed(min) 0.02---
2026-10-01 16:27:21,707 - INFO - --- validation at epoch 11, val_loss 0.0395, val_mae 0.2443, val_rmse 0.2870, val_r2 -0.0052, val_pearson 0.1991, lr 1.00e-03 ---
2026-10-01 16:27:21,708 - INFO - 
****************************************************************************************************
2026-10-01 16:27:23,297 - INFO - --- training epoch 12, loss 0.0400, mae 0.2439, rmse 0.2829, time elapsed(min) 0.02---
2026-10-01 16:27:23,623 - INFO - --- validation at epoch 12, val_loss 0.0392, val_mae 0.2445, val_rmse 0.2860, val_r2 0.0020, val_pearson 0.2040, lr 1.00e-03 ---
2026-10-01 16:27:23,623 - INFO - 
****************************************************************************************************
2026-10-01 16:27:25,277 - INFO - --- training epoch 13, loss 0.0398, mae 0.2423, rmse 0.2820, time elapsed(min) 0.02---
2026-10-01 16:27:25,657 - INFO - --- validation at epoch 13, val_loss 0.0388, val_mae 0.2450, val_rmse 0.2840, val_r2 0.0159, val_pearson 0.2286, lr 1.00e-03 ---
2026-10-01 16:27:25,657 - INFO - 
****************************************************************************************************
2026-10-01 16:27:27,450 - INFO - --- training epoch 14, loss 0.0397, mae 0.2426, rmse 0.2818, time elapsed(min) 0.02---
2026-10-01 16:27:27,677 - INFO - --- validation at epoch 14, val_loss 0.0385, val_mae 0.2471, val_rmse 0.2820, val_r2 0.0298, val_pearson 0.2407, lr 1.00e-03 ---
2026-10-01 16:27:27,677 - INFO - 
****************************************************************************************************
2026-10-01 16:27:29,394 - INFO - --- training epoch 15, loss 0.0391, mae 0.2398, rmse 0.2796, time elapsed(min) 0.02---
2026-10-01 16:27:29,603 - INFO - --- validation at epoch 15, val_loss 0.0386, val_mae 0.2472, val_rmse 0.2820, val_r2 0.0298, val_pearson 0.2498, lr 1.00e-03 ---
2026-10-01 16:27:29,603 - INFO - 
****************************************************************************************************
2026-10-01 16:27:31,203 - INFO - --- training epoch 16, loss 0.0383, mae 0.2387, rmse 0.2767, time elapsed(min) 0.02---
2026-10-01 16:27:31,610 - INFO - --- validation at epoch 16, val_loss 0.0379, val_mae 0.2433, val_rmse 0.2791, val_r2 0.0496, val_pearson 0.2341, lr 1.00e-03 ---
2026-10-01 16:27:31,610 - INFO - 
****************************************************************************************************
2026-10-01 16:27:33,444 - INFO - --- training epoch 17, loss 0.0383, mae 0.2377, rmse 0.2769, time elapsed(min) 0.02---
2026-10-01 16:27:33,657 - INFO - --- validation at epoch 17, val_loss 0.0376, val_mae 0.2418, val_rmse 0.2787, val_r2 0.0526, val_pearson 0.2538, lr 1.00e-03 ---
2026-10-01 16:27:33,657 - INFO - 
****************************************************************************************************
2026-10-01 16:27:35,434 - INFO - --- training epoch 18, loss 0.0382, mae 0.2372, rmse 0.2765, time elapsed(min) 0.02---
2026-10-01 16:27:35,642 - INFO - --- validation at epoch 18, val_loss 0.0382, val_mae 0.2408, val_rmse 0.2804, val_r2 0.0411, val_pearson 0.2494, lr 1.00e-03 ---
2026-10-01 16:27:35,642 - INFO - 
****************************************************************************************************
2026-10-01 16:27:37,265 - INFO - --- training epoch 19, loss 0.0383, mae 0.2371, rmse 0.2768, time elapsed(min) 0.02---
2026-10-01 16:27:37,598 - INFO - --- validation at epoch 19, val_loss 0.0379, val_mae 0.2395, val_rmse 0.2798, val_r2 0.0450, val_pearson 0.2636, lr 1.00e-03 ---
2026-10-01 16:27:37,598 - INFO - 
****************************************************************************************************
2026-10-01 16:27:39,432 - INFO - --- training epoch 20, loss 0.0380, mae 0.2361, rmse 0.2757, time elapsed(min) 0.03---
2026-10-01 16:27:39,929 - INFO - --- validation at epoch 20, val_loss 0.0377, val_mae 0.2408, val_rmse 0.2783, val_r2 0.0549, val_pearson 0.2651, lr 1.00e-03 ---
2026-10-01 16:27:39,930 - INFO - 
****************************************************************************************************
2026-10-01 16:27:41,517 - INFO - --- training epoch 21, loss 0.0376, mae 0.2356, rmse 0.2743, time elapsed(min) 0.02---
2026-10-01 16:27:41,726 - INFO - --- validation at epoch 21, val_loss 0.0381, val_mae 0.2423, val_rmse 0.2793, val_r2 0.0480, val_pearson 0.2428, lr 1.00e-03 ---
2026-10-01 16:27:41,726 - INFO - 
****************************************************************************************************
2026-10-01 16:27:43,316 - INFO - --- training epoch 22, loss 0.0385, mae 0.2381, rmse 0.2774, time elapsed(min) 0.02---
2026-10-01 16:27:43,529 - INFO - --- validation at epoch 22, val_loss 0.0376, val_mae 0.2437, val_rmse 0.2768, val_r2 0.0651, val_pearson 0.2682, lr 1.00e-03 ---
2026-10-01 16:27:43,529 - INFO - 
****************************************************************************************************
2026-10-01 16:27:45,332 - INFO - --- training epoch 23, loss 0.0374, mae 0.2340, rmse 0.2736, time elapsed(min) 0.02---
2026-10-01 16:27:45,739 - INFO - --- validation at epoch 23, val_loss 0.0372, val_mae 0.2423, val_rmse 0.2752, val_r2 0.0760, val_pearson 0.2878, lr 1.00e-03 ---
2026-10-01 16:27:45,739 - INFO - 
****************************************************************************************************
2026-10-01 16:27:47,531 - INFO - --- training epoch 24, loss 0.0366, mae 0.2319, rmse 0.2707, time elapsed(min) 0.02---
2026-10-01 16:27:47,741 - INFO - --- validation at epoch 24, val_loss 0.0364, val_mae 0.2386, val_rmse 0.2716, val_r2 0.1003, val_pearson 0.3375, lr 1.00e-03 ---
2026-10-01 16:27:47,741 - INFO - 
****************************************************************************************************
2026-10-01 16:27:49,440 - INFO - --- training epoch 25, loss 0.0371, mae 0.2330, rmse 0.2723, time elapsed(min) 0.02---
2026-10-01 16:27:49,649 - INFO - --- validation at epoch 25, val_loss 0.0374, val_mae 0.2346, val_rmse 0.2778, val_r2 0.0584, val_pearson 0.2944, lr 1.00e-03 ---
2026-10-01 16:27:49,650 - INFO - 
****************************************************************************************************
2026-10-01 16:27:51,242 - INFO - --- training epoch 26, loss 0.0376, mae 0.2341, rmse 0.2741, time elapsed(min) 0.02---
2026-10-01 16:27:51,574 - INFO - --- validation at epoch 26, val_loss 0.0367, val_mae 0.2356, val_rmse 0.2745, val_r2 0.0809, val_pearson 0.3029, lr 1.00e-03 ---
2026-10-01 16:27:51,575 - INFO - 
****************************************************************************************************
2026-10-01 16:27:53,416 - INFO - --- training epoch 27, loss 0.0368, mae 0.2309, rmse 0.2713, time elapsed(min) 0.03---
2026-10-01 16:27:53,626 - INFO - --- validation at epoch 27, val_loss 0.0363, val_mae 0.2350, val_rmse 0.2723, val_r2 0.0956, val_pearson 0.3093, lr 1.00e-03 ---
2026-10-01 16:27:53,626 - INFO - 
****************************************************************************************************
2026-10-01 16:27:55,325 - INFO - --- training epoch 28, loss 0.0368, mae 0.2311, rmse 0.2714, time elapsed(min) 0.02---
2026-10-01 16:27:55,534 - INFO - --- validation at epoch 28, val_loss 0.0357, val_mae 0.2341, val_rmse 0.2707, val_r2 0.1063, val_pearson 0.3303, lr 1.00e-03 ---
2026-10-01 16:27:55,534 - INFO - 
****************************************************************************************************
2026-10-01 16:27:57,272 - INFO - --- training epoch 29, loss 0.0358, mae 0.2269, rmse 0.2676, time elapsed(min) 0.02---
2026-10-01 16:27:57,599 - INFO - --- validation at epoch 29, val_loss 0.0350, val_mae 0.2265, val_rmse 0.2642, val_r2 0.1483, val_pearson 0.3919, lr 1.00e-03 ---
2026-10-01 16:27:57,599 - INFO - 
****************************************************************************************************
2026-10-01 16:27:59,496 - INFO - --- training epoch 30, loss 0.0345, mae 0.2191, rmse 0.2626, time elapsed(min) 0.02---
2026-10-01 16:27:59,861 - INFO - --- validation at epoch 30, val_loss 0.0363, val_mae 0.2324, val_rmse 0.2696, val_r2 0.1131, val_pearson 0.3444, lr 1.00e-03 ---
2026-10-01 16:27:59,861 - INFO - 
****************************************************************************************************
2026-10-01 16:28:01,554 - INFO - --- training epoch 31, loss 0.0329, mae 0.2117, rmse 0.2566, time elapsed(min) 0.02---
2026-10-01 16:28:01,763 - INFO - --- validation at epoch 31, val_loss 0.0328, val_mae 0.2225, val_rmse 0.2577, val_r2 0.1898, val_pearson 0.4982, lr 1.00e-03 ---
2026-10-01 16:28:01,763 - INFO - 
****************************************************************************************************
2026-10-01 16:28:03,467 - INFO - --- training epoch 32, loss 0.0329, mae 0.2107, rmse 0.2563, time elapsed(min) 0.02---
2026-10-01 16:28:03,681 - INFO - --- validation at epoch 32, val_loss 0.0275, val_mae 0.1961, val_rmse 0.2376, val_r2 0.3113, val_pearson 0.5625, lr 1.00e-03 ---
2026-10-01 16:28:03,681 - INFO - 
****************************************************************************************************
2026-10-01 16:28:05,479 - INFO - --- training epoch 33, loss 0.0292, mae 0.1938, rmse 0.2416, time elapsed(min) 0.02---
2026-10-01 16:28:05,862 - INFO - --- validation at epoch 33, val_loss 0.0265, val_mae 0.1856, val_rmse 0.2294, val_r2 0.3578, val_pearson 0.6195, lr 1.00e-03 ---
2026-10-01 16:28:05,862 - INFO - 
****************************************************************************************************
2026-10-01 16:28:07,637 - INFO - --- training epoch 34, loss 0.0255, mae 0.1776, rmse 0.2257, time elapsed(min) 0.02---
2026-10-01 16:28:07,848 - INFO - --- validation at epoch 34, val_loss 0.0295, val_mae 0.1980, val_rmse 0.2395, val_r2 0.3000, val_pearson 0.5577, lr 1.00e-03 ---
2026-10-01 16:28:07,848 - INFO - 
****************************************************************************************************
2026-10-01 16:28:09,480 - INFO - --- training epoch 35, loss 0.0268, mae 0.1840, rmse 0.2313, time elapsed(min) 0.02---
2026-10-01 16:28:09,690 - INFO - --- validation at epoch 35, val_loss 0.0299, val_mae 0.1970, val_rmse 0.2508, val_r2 0.2329, val_pearson 0.5169, lr 1.00e-03 ---
2026-10-01 16:28:09,690 - INFO - 
****************************************************************************************************
2026-10-01 16:28:11,406 - INFO - --- training epoch 36, loss 0.0258, mae 0.1793, rmse 0.2274, time elapsed(min) 0.02---
2026-10-01 16:28:11,819 - INFO - --- validation at epoch 36, val_loss 0.0241, val_mae 0.1712, val_rmse 0.2169, val_r2 0.4262, val_pearson 0.6638, lr 1.00e-03 ---
2026-10-01 16:28:11,819 - INFO - 
****************************************************************************************************
2026-10-01 16:28:13,754 - INFO - --- training epoch 37, loss 0.0241, mae 0.1728, rmse 0.2194, time elapsed(min) 0.03---
2026-10-01 16:28:13,965 - INFO - --- validation at epoch 37, val_loss 0.0245, val_mae 0.1746, val_rmse 0.2208, val_r2 0.4052, val_pearson 0.6499, lr 1.00e-03 ---
2026-10-01 16:28:13,965 - INFO - 
****************************************************************************************************
2026-10-01 16:28:15,683 - INFO - --- training epoch 38, loss 0.0241, mae 0.1731, rmse 0.2194, time elapsed(min) 0.02---
2026-10-01 16:28:15,935 - INFO - --- validation at epoch 38, val_loss 0.0240, val_mae 0.1684, val_rmse 0.2162, val_r2 0.4297, val_pearson 0.6645, lr 1.00e-03 ---
2026-10-01 16:28:15,935 - INFO - 
****************************************************************************************************
2026-10-01 16:28:17,693 - INFO - --- training epoch 39, loss 0.0232, mae 0.1698, rmse 0.2154, time elapsed(min) 0.02---
2026-10-01 16:28:18,020 - INFO - --- validation at epoch 39, val_loss 0.0237, val_mae 0.1723, val_rmse 0.2236, val_r2 0.3901, val_pearson 0.6492, lr 1.00e-03 ---
2026-10-01 16:28:18,020 - INFO - 
****************************************************************************************************
2026-10-01 16:28:19,912 - INFO - --- training epoch 40, loss 0.0230, mae 0.1694, rmse 0.2145, time elapsed(min) 0.03---
2026-10-01 16:28:20,122 - INFO - --- validation at epoch 40, val_loss 0.0228, val_mae 0.1675, val_rmse 0.2110, val_r2 0.4567, val_pearson 0.6884, lr 1.00e-03 ---
2026-10-01 16:28:20,122 - INFO - 
****************************************************************************************************
2026-10-01 16:28:21,855 - INFO - --- training epoch 41, loss 0.0224, mae 0.1658, rmse 0.2116, time elapsed(min) 0.02---
2026-10-01 16:28:22,063 - INFO - --- validation at epoch 41, val_loss 0.0232, val_mae 0.1678, val_rmse 0.2140, val_r2 0.4415, val_pearson 0.6730, lr 1.00e-03 ---
2026-10-01 16:28:22,063 - INFO - 
****************************************************************************************************
2026-10-01 16:28:23,678 - INFO - --- training epoch 42, loss 0.0225, mae 0.1659, rmse 0.2119, time elapsed(min) 0.02---
2026-10-01 16:28:24,008 - INFO - --- validation at epoch 42, val_loss 0.0226, val_mae 0.1684, val_rmse 0.2124, val_r2 0.4498, val_pearson 0.6841, lr 1.00e-03 ---
2026-10-01 16:28:24,008 - INFO - 
****************************************************************************************************
2026-10-01 16:28:25,938 - INFO - --- training epoch 43, loss 0.0224, mae 0.1658, rmse 0.2117, time elapsed(min) 0.03---
2026-10-01 16:28:26,145 - INFO - --- validation at epoch 43, val_loss 0.0242, val_mae 0.1745, val_rmse 0.2258, val_r2 0.3779, val_pearson 0.6490, lr 1.00e-03 ---
2026-10-01 16:28:26,146 - INFO - 
****************************************************************************************************
2026-10-01 16:28:27,765 - INFO - --- training epoch 44, loss 0.0226, mae 0.1682, rmse 0.2127, time elapsed(min) 0.02---
2026-10-01 16:28:27,979 - INFO - --- validation at epoch 44, val_loss 0.0237, val_mae 0.1731, val_rmse 0.2196, val_r2 0.4115, val_pearson 0.6626, lr 1.00e-03 ---
2026-10-01 16:28:27,979 - INFO - 
****************************************************************************************************
2026-10-01 16:28:29,601 - INFO - --- training epoch 45, loss 0.0225, mae 0.1657, rmse 0.2119, time elapsed(min) 0.02---
2026-10-01 16:28:29,809 - INFO - --- validation at epoch 45, val_loss 0.0221, val_mae 0.1659, val_rmse 0.2090, val_r2 0.4670, val_pearson 0.6916, lr 1.00e-03 ---
2026-10-01 16:28:29,809 - INFO - 
****************************************************************************************************
2026-10-01 16:28:31,624 - INFO - --- training epoch 46, loss 0.0217, mae 0.1628, rmse 0.2084, time elapsed(min) 0.02---
2026-10-01 16:28:32,021 - INFO - --- validation at epoch 46, val_loss 0.0219, val_mae 0.1639, val_rmse 0.2089, val_r2 0.4677, val_pearson 0.6924, lr 1.00e-03 ---
2026-10-01 16:28:32,021 - INFO - 
****************************************************************************************************
2026-10-01 16:28:33,815 - INFO - --- training epoch 47, loss 0.0217, mae 0.1616, rmse 0.2081, time elapsed(min) 0.02---
2026-10-01 16:28:34,067 - INFO - --- validation at epoch 47, val_loss 0.0218, val_mae 0.1624, val_rmse 0.2105, val_r2 0.4593, val_pearson 0.6855, lr 1.00e-03 ---
2026-10-01 16:28:34,067 - INFO - 
****************************************************************************************************
2026-10-01 16:28:35,856 - INFO - --- training epoch 48, loss 0.0222, mae 0.1644, rmse 0.2105, time elapsed(min) 0.02---
2026-10-01 16:28:36,063 - INFO - --- validation at epoch 48, val_loss 0.0225, val_mae 0.1650, val_rmse 0.2128, val_r2 0.4476, val_pearson 0.6886, lr 1.00e-03 ---
2026-10-01 16:28:36,064 - INFO - 
****************************************************************************************************
2026-10-01 16:28:37,765 - INFO - --- training epoch 49, loss 0.0222, mae 0.1636, rmse 0.2107, time elapsed(min) 0.02---
2026-10-01 16:28:38,107 - INFO - --- validation at epoch 49, val_loss 0.0220, val_mae 0.1629, val_rmse 0.2087, val_r2 0.4686, val_pearson 0.6944, lr 1.00e-03 ---
2026-10-01 16:28:38,107 - INFO - 
****************************************************************************************************
2026-10-01 16:28:39,972 - INFO - --- training epoch 50, loss 0.0219, mae 0.1623, rmse 0.2092, time elapsed(min) 0.03---
2026-10-01 16:28:40,201 - INFO - --- validation at epoch 50, val_loss 0.0215, val_mae 0.1653, val_rmse 0.2108, val_r2 0.4576, val_pearson 0.6900, lr 1.00e-03 ---
2026-10-01 16:28:40,202 - INFO - 
****************************************************************************************************
2026-10-01 16:28:41,917 - INFO - --- training epoch 51, loss 0.0216, mae 0.1613, rmse 0.2079, time elapsed(min) 0.02---
2026-10-01 16:28:42,128 - INFO - --- validation at epoch 51, val_loss 0.0208, val_mae 0.1583, val_rmse 0.2067, val_r2 0.4786, val_pearson 0.6991, lr 1.00e-03 ---
2026-10-01 16:28:42,128 - INFO - 
****************************************************************************************************
2026-10-01 16:28:43,833 - INFO - --- training epoch 52, loss 0.0213, mae 0.1585, rmse 0.2064, time elapsed(min) 0.02---
2026-10-01 16:28:44,163 - INFO - --- validation at epoch 52, val_loss 0.0215, val_mae 0.1614, val_rmse 0.2090, val_r2 0.4673, val_pearson 0.6967, lr 1.00e-03 ---
2026-10-01 16:28:44,163 - INFO - 
****************************************************************************************************
2026-10-01 16:28:45,852 - INFO - --- training epoch 53, loss 0.0214, mae 0.1601, rmse 0.2070, time elapsed(min) 0.02---
2026-10-01 16:28:46,337 - INFO - --- validation at epoch 53, val_loss 0.0219, val_mae 0.1632, val_rmse 0.2122, val_r2 0.4506, val_pearson 0.7001, lr 1.00e-03 ---
2026-10-01 16:28:46,337 - INFO - 
****************************************************************************************************
2026-10-01 16:28:47,955 - INFO - --- training epoch 54, loss 0.0220, mae 0.1622, rmse 0.2097, time elapsed(min) 0.02---
2026-10-01 16:28:48,166 - INFO - --- validation at epoch 54, val_loss 0.0218, val_mae 0.1597, val_rmse 0.2100, val_r2 0.4619, val_pearson 0.6936, lr 1.00e-03 ---
2026-10-01 16:28:48,166 - INFO - 
****************************************************************************************************
2026-10-01 16:28:49,765 - INFO - --- training epoch 55, loss 0.0221, mae 0.1631, rmse 0.2102, time elapsed(min) 0.02---
2026-10-01 16:28:49,974 - INFO - --- validation at epoch 55, val_loss 0.0208, val_mae 0.1610, val_rmse 0.2063, val_r2 0.4808, val_pearson 0.7016, lr 1.00e-03 ---
2026-10-01 16:28:49,974 - INFO - 
****************************************************************************************************
2026-10-01 16:28:51,655 - INFO - --- training epoch 56, loss 0.0214, mae 0.1592, rmse 0.2070, time elapsed(min) 0.02---
2026-10-01 16:28:52,068 - INFO - --- validation at epoch 56, val_loss 0.0205, val_mae 0.1556, val_rmse 0.2061, val_r2 0.4820, val_pearson 0.7135, lr 1.00e-03 ---
2026-10-01 16:28:52,068 - INFO - 
****************************************************************************************************
2026-10-01 16:28:53,850 - INFO - --- training epoch 57, loss 0.0211, mae 0.1578, rmse 0.2052, time elapsed(min) 0.02---
2026-10-01 16:28:54,108 - INFO - --- validation at epoch 57, val_loss 0.0210, val_mae 0.1570, val_rmse 0.2088, val_r2 0.4680, val_pearson 0.7031, lr 1.00e-03 ---
2026-10-01 16:28:54,108 - INFO - 
****************************************************************************************************
2026-10-01 16:28:55,721 - INFO - --- training epoch 58, loss 0.0211, mae 0.1580, rmse 0.2053, time elapsed(min) 0.02---
2026-10-01 16:28:55,931 - INFO - --- validation at epoch 58, val_loss 0.0211, val_mae 0.1549, val_rmse 0.2073, val_r2 0.4755, val_pearson 0.6966, lr 1.00e-03 ---
2026-10-01 16:28:55,931 - INFO - 
****************************************************************************************************
2026-10-01 16:28:57,544 - INFO - --- training epoch 59, loss 0.0208, mae 0.1554, rmse 0.2037, time elapsed(min) 0.02---
2026-10-01 16:28:57,885 - INFO - --- validation at epoch 59, val_loss 0.0212, val_mae 0.1590, val_rmse 0.2091, val_r2 0.4668, val_pearson 0.6913, lr 1.00e-03 ---
2026-10-01 16:28:57,885 - INFO - 
****************************************************************************************************
2026-10-01 16:28:59,719 - INFO - --- training epoch 60, loss 0.0213, mae 0.1588, rmse 0.2062, time elapsed(min) 0.03---
2026-10-01 16:28:59,932 - INFO - --- validation at epoch 60, val_loss 0.0203, val_mae 0.1552, val_rmse 0.2046, val_r2 0.4893, val_pearson 0.7160, lr 1.00e-03 ---
2026-10-01 16:28:59,932 - INFO - 
****************************************************************************************************
2026-10-01 16:29:01,605 - INFO - --- training epoch 61, loss 0.0211, mae 0.1579, rmse 0.2053, time elapsed(min) 0.02---
2026-10-01 16:29:01,818 - INFO - --- validation at epoch 61, val_loss 0.0203, val_mae 0.1523, val_rmse 0.2032, val_r2 0.4963, val_pearson 0.7194, lr 1.00e-03 ---
2026-10-01 16:29:01,819 - INFO - 
****************************************************************************************************
2026-10-01 16:29:03,560 - INFO - --- training epoch 62, loss 0.0204, mae 0.1547, rmse 0.2021, time elapsed(min) 0.02---
2026-10-01 16:29:03,894 - INFO - --- validation at epoch 62, val_loss 0.0205, val_mae 0.1548, val_rmse 0.2072, val_r2 0.4762, val_pearson 0.7201, lr 1.00e-03 ---
2026-10-01 16:29:03,894 - INFO - 
****************************************************************************************************
2026-10-01 16:29:05,737 - INFO - --- training epoch 63, loss 0.0211, mae 0.1584, rmse 0.2055, time elapsed(min) 0.03---
2026-10-01 16:29:05,949 - INFO - --- validation at epoch 63, val_loss 0.0222, val_mae 0.1671, val_rmse 0.2139, val_r2 0.4420, val_pearson 0.6836, lr 1.00e-03 ---
2026-10-01 16:29:05,949 - INFO - 
****************************************************************************************************
2026-10-01 16:29:07,672 - INFO - --- training epoch 64, loss 0.0217, mae 0.1608, rmse 0.2082, time elapsed(min) 0.02---
2026-10-01 16:29:07,879 - INFO - --- validation at epoch 64, val_loss 0.0199, val_mae 0.1569, val_rmse 0.2010, val_r2 0.5071, val_pearson 0.7204, lr 1.00e-03 ---
2026-10-01 16:29:07,879 - INFO - 
****************************************************************************************************
2026-10-01 16:29:09,571 - INFO - --- training epoch 65, loss 0.0208, mae 0.1566, rmse 0.2040, time elapsed(min) 0.02---
2026-10-01 16:29:09,785 - INFO - --- validation at epoch 65, val_loss 0.0208, val_mae 0.1583, val_rmse 0.2087, val_r2 0.4686, val_pearson 0.7209, lr 1.00e-03 ---
2026-10-01 16:29:09,785 - INFO - 
****************************************************************************************************
2026-10-01 16:29:11,509 - INFO - --- training epoch 66, loss 0.0216, mae 0.1616, rmse 0.2078, time elapsed(min) 0.02---
2026-10-01 16:29:11,875 - INFO - --- validation at epoch 66, val_loss 0.0232, val_mae 0.1755, val_rmse 0.2184, val_r2 0.4179, val_pearson 0.6839, lr 1.00e-03 ---
2026-10-01 16:29:11,875 - INFO - 
****************************************************************************************************
2026-10-01 16:29:13,583 - INFO - --- training epoch 67, loss 0.0210, mae 0.1586, rmse 0.2051, time elapsed(min) 0.02---
2026-10-01 16:29:13,793 - INFO - --- validation at epoch 67, val_loss 0.0201, val_mae 0.1519, val_rmse 0.2020, val_r2 0.5024, val_pearson 0.7218, lr 1.00e-03 ---
2026-10-01 16:29:13,793 - INFO - 
****************************************************************************************************
2026-10-01 16:29:15,467 - INFO - --- training epoch 68, loss 0.0207, mae 0.1567, rmse 0.2034, time elapsed(min) 0.02---
2026-10-01 16:29:15,676 - INFO - --- validation at epoch 68, val_loss 0.0208, val_mae 0.1571, val_rmse 0.2066, val_r2 0.4793, val_pearson 0.7132, lr 1.00e-03 ---
2026-10-01 16:29:15,676 - INFO - 
****************************************************************************************************
2026-10-01 16:29:17,285 - INFO - --- training epoch 69, loss 0.0217, mae 0.1608, rmse 0.2084, time elapsed(min) 0.02---
2026-10-01 16:29:17,624 - INFO - --- validation at epoch 69, val_loss 0.0206, val_mae 0.1530, val_rmse 0.2046, val_r2 0.4894, val_pearson 0.7170, lr 1.00e-03 ---
2026-10-01 16:29:17,624 - INFO - 
****************************************************************************************************
2026-10-01 16:29:19,479 - INFO - --- training epoch 70, loss 0.0211, mae 0.1566, rmse 0.2052, time elapsed(min) 0.03---
2026-10-01 16:29:19,706 - INFO - --- validation at epoch 70, val_loss 0.0204, val_mae 0.1541, val_rmse 0.2048, val_r2 0.4883, val_pearson 0.7186, lr 1.00e-03 ---
2026-10-01 16:29:19,706 - INFO - 
****************************************************************************************************
2026-10-01 16:29:21,303 - INFO - --- training epoch 71, loss 0.0202, mae 0.1540, rmse 0.2009, time elapsed(min) 0.02---
2026-10-01 16:29:21,513 - INFO - --- validation at epoch 71, val_loss 0.0202, val_mae 0.1515, val_rmse 0.2013, val_r2 0.5057, val_pearson 0.7363, lr 1.00e-03 ---
2026-10-01 16:29:21,513 - INFO - 
****************************************************************************************************
2026-10-01 16:29:23,119 - INFO - --- training epoch 72, loss 0.0204, mae 0.1556, rmse 0.2018, time elapsed(min) 0.02---
2026-10-01 16:29:23,449 - INFO - --- validation at epoch 72, val_loss 0.0200, val_mae 0.1523, val_rmse 0.2002, val_r2 0.5109, val_pearson 0.7234, lr 1.00e-03 ---
2026-10-01 16:29:23,449 - INFO - 
****************************************************************************************************
2026-10-01 16:29:25,222 - INFO - --- training epoch 73, loss 0.0198, mae 0.1515, rmse 0.1988, time elapsed(min) 0.03---
2026-10-01 16:29:25,698 - INFO - --- validation at epoch 73, val_loss 0.0195, val_mae 0.1499, val_rmse 0.2013, val_r2 0.5055, val_pearson 0.7383, lr 1.00e-03 ---
2026-10-01 16:29:25,698 - INFO - 
****************************************************************************************************
2026-10-01 16:29:27,410 - INFO - --- training epoch 74, loss 0.0203, mae 0.1541, rmse 0.2013, time elapsed(min) 0.02---
2026-10-01 16:29:27,627 - INFO - --- validation at epoch 74, val_loss 0.0192, val_mae 0.1492, val_rmse 0.1999, val_r2 0.5126, val_pearson 0.7424, lr 1.00e-03 ---
2026-10-01 16:29:27,627 - INFO - 
****************************************************************************************************
2026-10-01 16:29:29,399 - INFO - --- training epoch 75, loss 0.0198, mae 0.1527, rmse 0.1989, time elapsed(min) 0.02---
2026-10-01 16:29:29,613 - INFO - --- validation at epoch 75, val_loss 0.0186, val_mae 0.1493, val_rmse 0.1987, val_r2 0.5181, val_pearson 0.7386, lr 1.00e-03 ---
2026-10-01 16:29:29,613 - INFO - 
****************************************************************************************************
2026-10-01 16:29:31,469 - INFO - --- training epoch 76, loss 0.0195, mae 0.1517, rmse 0.1973, time elapsed(min) 0.02---
2026-10-01 16:29:31,859 - INFO - --- validation at epoch 76, val_loss 0.0184, val_mae 0.1452, val_rmse 0.1944, val_r2 0.5391, val_pearson 0.7537, lr 1.00e-03 ---
2026-10-01 16:29:31,859 - INFO - 
****************************************************************************************************
2026-10-01 16:29:33,722 - INFO - --- training epoch 77, loss 0.0191, mae 0.1494, rmse 0.1955, time elapsed(min) 0.02---
2026-10-01 16:29:33,935 - INFO - --- validation at epoch 77, val_loss 0.0193, val_mae 0.1527, val_rmse 0.2059, val_r2 0.4825, val_pearson 0.7395, lr 1.00e-03 ---
2026-10-01 16:29:33,936 - INFO - 
****************************************************************************************************
2026-10-01 16:29:35,547 - INFO - --- training epoch 78, loss 0.0206, mae 0.1560, rmse 0.2030, time elapsed(min) 0.02---
2026-10-01 16:29:35,759 - INFO - --- validation at epoch 78, val_loss 0.0191, val_mae 0.1571, val_rmse 0.2021, val_r2 0.5019, val_pearson 0.7259, lr 1.00e-03 ---
2026-10-01 16:29:35,759 - INFO - 
****************************************************************************************************
2026-10-01 16:29:37,432 - INFO - --- training epoch 79, loss 0.0209, mae 0.1560, rmse 0.2044, time elapsed(min) 0.02---
2026-10-01 16:29:37,763 - INFO - --- validation at epoch 79, val_loss 0.0189, val_mae 0.1524, val_rmse 0.2001, val_r2 0.5114, val_pearson 0.7321, lr 1.00e-03 ---
2026-10-01 16:29:37,763 - INFO - 
****************************************************************************************************
2026-10-01 16:29:39,651 - INFO - --- training epoch 80, loss 0.0198, mae 0.1528, rmse 0.1990, time elapsed(min) 0.03---
2026-10-01 16:29:39,858 - INFO - --- validation at epoch 80, val_loss 0.0181, val_mae 0.1499, val_rmse 0.1932, val_r2 0.5444, val_pearson 0.7627, lr 1.00e-03 ---
2026-10-01 16:29:39,858 - INFO - 
****************************************************************************************************
2026-10-01 16:29:41,592 - INFO - --- training epoch 81, loss 0.0196, mae 0.1520, rmse 0.1978, time elapsed(min) 0.02---
2026-10-01 16:29:41,805 - INFO - --- validation at epoch 81, val_loss 0.0204, val_mae 0.1571, val_rmse 0.2080, val_r2 0.4721, val_pearson 0.7608, lr 1.00e-03 ---
2026-10-01 16:29:41,805 - INFO - 
****************************************************************************************************
2026-10-01 16:29:43,419 - INFO - --- training epoch 82, loss 0.0198, mae 0.1531, rmse 0.1992, time elapsed(min) 0.02---
2026-10-01 16:29:43,743 - INFO - --- validation at epoch 82, val_loss 0.0178, val_mae 0.1452, val_rmse 0.1918, val_r2 0.5512, val_pearson 0.7495, lr 1.00e-03 ---
2026-10-01 16:29:43,743 - INFO - 
****************************************************************************************************
2026-10-01 16:29:45,543 - INFO - --- training epoch 83, loss 0.0187, mae 0.1487, rmse 0.1936, time elapsed(min) 0.02---
2026-10-01 16:29:46,043 - INFO - --- validation at epoch 83, val_loss 0.0170, val_mae 0.1421, val_rmse 0.1870, val_r2 0.5735, val_pearson 0.7727, lr 1.00e-03 ---
2026-10-01 16:29:46,043 - INFO - 
****************************************************************************************************
2026-10-01 16:29:47,766 - INFO - --- training epoch 84, loss 0.0200, mae 0.1533, rmse 0.2001, time elapsed(min) 0.02---
2026-10-01 16:29:47,980 - INFO - --- validation at epoch 84, val_loss 0.0181, val_mae 0.1467, val_rmse 0.1926, val_r2 0.5475, val_pearson 0.7469, lr 1.00e-03 ---
2026-10-01 16:29:47,980 - INFO - 
****************************************************************************************************
2026-10-01 16:29:49,609 - INFO - --- training epoch 85, loss 0.0197, mae 0.1524, rmse 0.1984, time elapsed(min) 0.02---
2026-10-01 16:29:49,817 - INFO - --- validation at epoch 85, val_loss 0.0173, val_mae 0.1452, val_rmse 0.1906, val_r2 0.5566, val_pearson 0.7560, lr 1.00e-03 ---
2026-10-01 16:29:49,817 - INFO - 
****************************************************************************************************
2026-10-01 16:29:51,494 - INFO - --- training epoch 86, loss 0.0191, mae 0.1500, rmse 0.1952, time elapsed(min) 0.02---
2026-10-01 16:29:51,859 - INFO - --- validation at epoch 86, val_loss 0.0183, val_mae 0.1475, val_rmse 0.1966, val_r2 0.5283, val_pearson 0.7666, lr 1.00e-03 ---
2026-10-01 16:29:51,859 - INFO - 
****************************************************************************************************
2026-10-01 16:29:53,568 - INFO - --- training epoch 87, loss 0.0194, mae 0.1508, rmse 0.1970, time elapsed(min) 0.02---
2026-10-01 16:29:53,776 - INFO - --- validation at epoch 87, val_loss 0.0190, val_mae 0.1490, val_rmse 0.1968, val_r2 0.5273, val_pearson 0.7573, lr 1.00e-03 ---
2026-10-01 16:29:53,776 - INFO - 
****************************************************************************************************
2026-10-01 16:29:55,436 - INFO - --- training epoch 88, loss 0.0193, mae 0.1505, rmse 0.1965, time elapsed(min) 0.02---
2026-10-01 16:29:55,643 - INFO - --- validation at epoch 88, val_loss 0.0168, val_mae 0.1411, val_rmse 0.1883, val_r2 0.5673, val_pearson 0.7640, lr 1.00e-03 ---
2026-10-01 16:29:55,643 - INFO - 
****************************************************************************************************
2026-10-01 16:29:57,414 - INFO - --- training epoch 89, loss 0.0193, mae 0.1499, rmse 0.1967, time elapsed(min) 0.02---
2026-10-01 16:29:57,798 - INFO - --- validation at epoch 89, val_loss 0.0178, val_mae 0.1477, val_rmse 0.1932, val_r2 0.5445, val_pearson 0.7647, lr 1.00e-03 ---
2026-10-01 16:29:57,798 - INFO - 
****************************************************************************************************
2026-10-01 16:29:59,521 - INFO - --- training epoch 90, loss 0.0186, mae 0.1468, rmse 0.1930, time elapsed(min) 0.02---
2026-10-01 16:29:59,732 - INFO - --- validation at epoch 90, val_loss 0.0163, val_mae 0.1407, val_rmse 0.1847, val_r2 0.5836, val_pearson 0.7784, lr 1.00e-03 ---
2026-10-01 16:29:59,732 - INFO - 
****************************************************************************************************
2026-10-01 16:30:01,457 - INFO - --- training epoch 91, loss 0.0183, mae 0.1462, rmse 0.1912, time elapsed(min) 0.02---
2026-10-01 16:30:01,664 - INFO - --- validation at epoch 91, val_loss 0.0171, val_mae 0.1394, val_rmse 0.1865, val_r2 0.5758, val_pearson 0.7737, lr 1.00e-03 ---
2026-10-01 16:30:01,664 - INFO - 
****************************************************************************************************
2026-10-01 16:30:03,261 - INFO - --- training epoch 92, loss 0.0193, mae 0.1515, rmse 0.1966, time elapsed(min) 0.02---
2026-10-01 16:30:03,600 - INFO - --- validation at epoch 92, val_loss 0.0207, val_mae 0.1581, val_rmse 0.2095, val_r2 0.4647, val_pearson 0.7199, lr 1.00e-03 ---
2026-10-01 16:30:03,600 - INFO - 
****************************************************************************************************
2026-10-01 16:30:05,446 - INFO - --- training epoch 93, loss 0.0185, mae 0.1475, rmse 0.1923, time elapsed(min) 0.03---
2026-10-01 16:30:05,656 - INFO - --- validation at epoch 93, val_loss 0.0164, val_mae 0.1411, val_rmse 0.1845, val_r2 0.5849, val_pearson 0.7841, lr 1.00e-03 ---
2026-10-01 16:30:05,656 - INFO - 
****************************************************************************************************
2026-10-01 16:30:07,283 - INFO - --- training epoch 94, loss 0.0178, mae 0.1441, rmse 0.1886, time elapsed(min) 0.02---
2026-10-01 16:30:07,514 - INFO - --- validation at epoch 94, val_loss 0.0174, val_mae 0.1462, val_rmse 0.1949, val_r2 0.5365, val_pearson 0.7936, lr 1.00e-03 ---
2026-10-01 16:30:07,514 - INFO - 
****************************************************************************************************
2026-10-01 16:30:09,139 - INFO - --- training epoch 95, loss 0.0191, mae 0.1481, rmse 0.1955, time elapsed(min) 0.02---
2026-10-01 16:30:09,469 - INFO - --- validation at epoch 95, val_loss 0.0165, val_mae 0.1401, val_rmse 0.1837, val_r2 0.5881, val_pearson 0.7829, lr 1.00e-03 ---
2026-10-01 16:30:09,469 - INFO - 
****************************************************************************************************
2026-10-01 16:30:11,125 - INFO - --- training epoch 96, loss 0.0181, mae 0.1443, rmse 0.1903, time elapsed(min) 0.02---
2026-10-01 16:30:11,503 - INFO - --- validation at epoch 96, val_loss 0.0182, val_mae 0.1463, val_rmse 0.1950, val_r2 0.5359, val_pearson 0.7776, lr 1.00e-03 ---
2026-10-01 16:30:11,503 - INFO - 
****************************************************************************************************
2026-10-01 16:30:13,184 - INFO - --- training epoch 97, loss 0.0193, mae 0.1509, rmse 0.1965, time elapsed(min) 0.02---
2026-10-01 16:30:13,397 - INFO - --- validation at epoch 97, val_loss 0.0172, val_mae 0.1457, val_rmse 0.1912, val_r2 0.5538, val_pearson 0.7574, lr 1.00e-03 ---
2026-10-01 16:30:13,397 - INFO - 
****************************************************************************************************
2026-10-01 16:30:14,984 - INFO - --- training epoch 98, loss 0.0179, mae 0.1446, rmse 0.1894, time elapsed(min) 0.02---
2026-10-01 16:30:15,197 - INFO - --- validation at epoch 98, val_loss 0.0166, val_mae 0.1441, val_rmse 0.1896, val_r2 0.5615, val_pearson 0.7731, lr 1.00e-03 ---
2026-10-01 16:30:15,197 - INFO - 
****************************************************************************************************
2026-10-01 16:30:16,931 - INFO - --- training epoch 99, loss 0.0178, mae 0.1423, rmse 0.1889, time elapsed(min) 0.02---
2026-10-01 16:30:17,262 - INFO - --- validation at epoch 99, val_loss 0.0156, val_mae 0.1343, val_rmse 0.1796, val_r2 0.6067, val_pearson 0.7968, lr 1.00e-03 ---
2026-10-01 16:30:17,262 - INFO - 
****************************************************************************************************
2026-10-01 16:30:18,037 - INFO - --- selected checkpoint from epoch 99, val_loss 0.0156, val_mae 0.1343, val_rmse 0.1796
2026-10-01 16:30:19,020 - INFO - -- RESULT
2026-10-01 16:30:19,020 - INFO - --- test size: 1728
2026-10-01 16:30:19,020 - INFO - --- MAE: 0.1425 (14.25 pp), RMSE: 0.1855 (18.55 pp), R2: 0.5592, Pearson: 0.7678
2026-10-01 16:30:20,435 - INFO - --- Cell option_b_mlp DONE: test MAE=0.1425 RMSE=0.1855 R2=0.5592 | sec/epoch=1.99
2026-10-01 16:30:20,450 - INFO - === RUNNING: dataset=suzuki split=split_5 cell=ind_mean_mlp (tokens=ind, pooling=mean, head=mlp) ===
