2026-10-01 14:37:20,209 - INFO - device is	cuda:0
2026-10-01 14:37:20,317 - INFO - -- CONFIGURATIONS
2026-10-01 14:37:20,317 - INFO - --- train/valid/test: 3628/404/1728
2026-10-01 14:37:20,317 - INFO - --- max no. reactants_train, valid, test respectively: 14, 14, 14
2026-10-01 14:37:20,317 - INFO - --- max no. products_train, valid, test respectively: 1, 1, 1
2026-10-01 14:37:20,317 - INFO - --- model_path: ../logs/suzuki_approach1_grid/runs/suzuki/split_0/approach_1_mlp/model.pt
2026-10-01 14:37:20,326 - INFO - -- TRAINING
2026-10-01 14:37:23,953 - INFO - --- training epoch 0, loss 0.9380, mae 1.2374, rmse 2.9795, time elapsed(min) 0.06---
2026-10-01 14:37:24,279 - INFO - --- validation at epoch 0, val_loss 0.0440, val_mae 0.2620, val_rmse 0.3020, val_r2 -0.0150, val_pearson 0.1152, lr 1.00e-03 ---
2026-10-01 14:37:24,279 - INFO - 
****************************************************************************************************
2026-10-01 14:37:28,361 - INFO - --- training epoch 1, loss 0.0417, mae 0.2479, rmse 0.2889, time elapsed(min) 0.06---
2026-10-01 14:37:28,679 - INFO - --- validation at epoch 1, val_loss 0.0452, val_mae 0.2611, val_rmse 0.3055, val_r2 -0.0388, val_pearson 0.1155, lr 1.00e-03 ---
2026-10-01 14:37:28,679 - INFO - 
****************************************************************************************************
2026-10-01 14:37:32,568 - INFO - --- training epoch 2, loss 0.0404, mae 0.2444, rmse 0.2844, time elapsed(min) 0.06---
2026-10-01 14:37:32,944 - INFO - --- validation at epoch 2, val_loss 0.0431, val_mae 0.2646, val_rmse 0.2997, val_r2 0.0008, val_pearson 0.1299, lr 1.00e-03 ---
2026-10-01 14:37:32,944 - INFO - 
****************************************************************************************************
2026-10-01 14:37:37,045 - INFO - --- training epoch 3, loss 0.0401, mae 0.2442, rmse 0.2833, time elapsed(min) 0.06---
2026-10-01 14:37:37,515 - INFO - --- validation at epoch 3, val_loss 0.0452, val_mae 0.2609, val_rmse 0.3053, val_r2 -0.0373, val_pearson 0.1330, lr 1.00e-03 ---
2026-10-01 14:37:37,515 - INFO - 
****************************************************************************************************
2026-10-01 14:37:41,520 - INFO - --- training epoch 4, loss 0.0403, mae 0.2447, rmse 0.2839, time elapsed(min) 0.06---
2026-10-01 14:37:41,890 - INFO - --- validation at epoch 4, val_loss 0.0433, val_mae 0.2671, val_rmse 0.3007, val_r2 -0.0064, val_pearson 0.1382, lr 1.00e-03 ---
2026-10-01 14:37:41,890 - INFO - 
****************************************************************************************************
2026-10-01 14:37:45,791 - INFO - --- training epoch 5, loss 0.0405, mae 0.2448, rmse 0.2846, time elapsed(min) 0.06---
2026-10-01 14:37:46,116 - INFO - --- validation at epoch 5, val_loss 0.0430, val_mae 0.2642, val_rmse 0.2991, val_r2 0.0045, val_pearson 0.1316, lr 1.00e-03 ---
2026-10-01 14:37:46,116 - INFO - 
****************************************************************************************************
2026-10-01 14:37:50,131 - INFO - --- training epoch 6, loss 0.0399, mae 0.2441, rmse 0.2825, time elapsed(min) 0.06---
2026-10-01 14:37:50,607 - INFO - --- validation at epoch 6, val_loss 0.0433, val_mae 0.2616, val_rmse 0.2995, val_r2 0.0016, val_pearson 0.1338, lr 1.00e-03 ---
2026-10-01 14:37:50,607 - INFO - 
****************************************************************************************************
2026-10-01 14:37:54,774 - INFO - --- training epoch 7, loss 0.0398, mae 0.2425, rmse 0.2823, time elapsed(min) 0.06---
2026-10-01 14:37:55,095 - INFO - --- validation at epoch 7, val_loss 0.0431, val_mae 0.2658, val_rmse 0.2995, val_r2 0.0021, val_pearson 0.1371, lr 1.00e-03 ---
2026-10-01 14:37:55,095 - INFO - 
****************************************************************************************************
2026-10-01 14:37:58,985 - INFO - --- training epoch 8, loss 0.0398, mae 0.2433, rmse 0.2820, time elapsed(min) 0.06---
2026-10-01 14:37:59,331 - INFO - --- validation at epoch 8, val_loss 0.0434, val_mae 0.2601, val_rmse 0.2993, val_r2 0.0030, val_pearson 0.1397, lr 1.00e-03 ---
2026-10-01 14:37:59,331 - INFO - 
****************************************************************************************************
2026-10-01 14:38:03,249 - INFO - --- training epoch 9, loss 0.0397, mae 0.2422, rmse 0.2819, time elapsed(min) 0.06---
2026-10-01 14:38:03,623 - INFO - --- validation at epoch 9, val_loss 0.0430, val_mae 0.2660, val_rmse 0.2994, val_r2 0.0027, val_pearson 0.1497, lr 1.00e-03 ---
2026-10-01 14:38:03,623 - INFO - 
****************************************************************************************************
2026-10-01 14:38:07,763 - INFO - --- training epoch 10, loss 0.0398, mae 0.2426, rmse 0.2820, time elapsed(min) 0.06---
2026-10-01 14:38:08,087 - INFO - --- validation at epoch 10, val_loss 0.0429, val_mae 0.2600, val_rmse 0.2978, val_r2 0.0128, val_pearson 0.1573, lr 1.00e-03 ---
2026-10-01 14:38:08,087 - INFO - 
****************************************************************************************************
2026-10-01 14:38:12,066 - INFO - --- training epoch 11, loss 0.0390, mae 0.2406, rmse 0.2794, time elapsed(min) 0.06---
2026-10-01 14:38:12,385 - INFO - --- validation at epoch 11, val_loss 0.0424, val_mae 0.2631, val_rmse 0.2971, val_r2 0.0180, val_pearson 0.1867, lr 1.00e-03 ---
2026-10-01 14:38:12,385 - INFO - 
****************************************************************************************************
2026-10-01 14:38:16,354 - INFO - --- training epoch 12, loss 0.0400, mae 0.2431, rmse 0.2828, time elapsed(min) 0.06---
2026-10-01 14:38:16,674 - INFO - --- validation at epoch 12, val_loss 0.0423, val_mae 0.2610, val_rmse 0.2965, val_r2 0.0217, val_pearson 0.1812, lr 1.00e-03 ---
2026-10-01 14:38:16,674 - INFO - 
****************************************************************************************************
2026-10-01 14:38:20,826 - INFO - --- training epoch 13, loss 0.0401, mae 0.2431, rmse 0.2833, time elapsed(min) 0.06---
2026-10-01 14:38:21,325 - INFO - --- validation at epoch 13, val_loss 0.0426, val_mae 0.2647, val_rmse 0.2981, val_r2 0.0111, val_pearson 0.2058, lr 1.00e-03 ---
2026-10-01 14:38:21,325 - INFO - 
****************************************************************************************************
2026-10-01 14:38:25,299 - INFO - --- training epoch 14, loss 0.0392, mae 0.2412, rmse 0.2799, time elapsed(min) 0.06---
2026-10-01 14:38:25,619 - INFO - --- validation at epoch 14, val_loss 0.0413, val_mae 0.2558, val_rmse 0.2930, val_r2 0.0445, val_pearson 0.2242, lr 1.00e-03 ---
2026-10-01 14:38:25,619 - INFO - 
****************************************************************************************************
2026-10-01 14:38:29,587 - INFO - --- training epoch 15, loss 0.0398, mae 0.2425, rmse 0.2822, time elapsed(min) 0.06---
2026-10-01 14:38:29,906 - INFO - --- validation at epoch 15, val_loss 0.0430, val_mae 0.2630, val_rmse 0.2989, val_r2 0.0059, val_pearson 0.1190, lr 1.00e-03 ---
2026-10-01 14:38:29,906 - INFO - 
****************************************************************************************************
2026-10-01 14:38:33,825 - INFO - --- training epoch 16, loss 0.0397, mae 0.2434, rmse 0.2819, time elapsed(min) 0.06---
2026-10-01 14:38:34,267 - INFO - --- validation at epoch 16, val_loss 0.0424, val_mae 0.2608, val_rmse 0.2966, val_r2 0.0212, val_pearson 0.1748, lr 1.00e-03 ---
2026-10-01 14:38:34,267 - INFO - 
****************************************************************************************************
2026-10-01 14:38:38,412 - INFO - --- training epoch 17, loss 0.0395, mae 0.2407, rmse 0.2812, time elapsed(min) 0.06---
2026-10-01 14:38:38,737 - INFO - --- validation at epoch 17, val_loss 0.0421, val_mae 0.2619, val_rmse 0.2961, val_r2 0.0246, val_pearson 0.2044, lr 1.00e-03 ---
2026-10-01 14:38:38,737 - INFO - 
****************************************************************************************************
2026-10-01 14:38:42,629 - INFO - --- training epoch 18, loss 0.0388, mae 0.2392, rmse 0.2786, time elapsed(min) 0.06---
2026-10-01 14:38:42,952 - INFO - --- validation at epoch 18, val_loss 0.0409, val_mae 0.2558, val_rmse 0.2916, val_r2 0.0538, val_pearson 0.2515, lr 1.00e-03 ---
2026-10-01 14:38:42,953 - INFO - 
****************************************************************************************************
2026-10-01 14:38:46,948 - INFO - --- training epoch 19, loss 0.0392, mae 0.2400, rmse 0.2798, time elapsed(min) 0.06---
2026-10-01 14:38:47,398 - INFO - --- validation at epoch 19, val_loss 0.0418, val_mae 0.2592, val_rmse 0.2948, val_r2 0.0330, val_pearson 0.2546, lr 1.00e-03 ---
2026-10-01 14:38:47,398 - INFO - 
****************************************************************************************************
2026-10-01 14:38:51,544 - INFO - --- training epoch 20, loss 0.0388, mae 0.2381, rmse 0.2787, time elapsed(min) 0.06---
2026-10-01 14:38:51,865 - INFO - --- validation at epoch 20, val_loss 0.0408, val_mae 0.2556, val_rmse 0.2912, val_r2 0.0567, val_pearson 0.2702, lr 1.00e-03 ---
2026-10-01 14:38:51,865 - INFO - 
****************************************************************************************************
2026-10-01 14:38:55,842 - INFO - --- training epoch 21, loss 0.0378, mae 0.2340, rmse 0.2750, time elapsed(min) 0.06---
2026-10-01 14:38:56,207 - INFO - --- validation at epoch 21, val_loss 0.0407, val_mae 0.2543, val_rmse 0.2920, val_r2 0.0512, val_pearson 0.2335, lr 1.00e-03 ---
2026-10-01 14:38:56,207 - INFO - 
****************************************************************************************************
2026-10-01 14:39:00,190 - INFO - --- training epoch 22, loss 0.0374, mae 0.2322, rmse 0.2734, time elapsed(min) 0.06---
2026-10-01 14:39:00,536 - INFO - --- validation at epoch 22, val_loss 0.0375, val_mae 0.2382, val_rmse 0.2802, val_r2 0.1265, val_pearson 0.3966, lr 1.00e-03 ---
2026-10-01 14:39:00,537 - INFO - 
****************************************************************************************************
2026-10-01 14:39:04,685 - INFO - --- training epoch 23, loss 0.0352, mae 0.2213, rmse 0.2654, time elapsed(min) 0.06---
2026-10-01 14:39:05,192 - INFO - --- validation at epoch 23, val_loss 0.0316, val_mae 0.2229, val_rmse 0.2583, val_r2 0.2575, val_pearson 0.5679, lr 1.00e-03 ---
2026-10-01 14:39:05,192 - INFO - 
****************************************************************************************************
2026-10-01 14:39:09,301 - INFO - --- training epoch 24, loss 0.0346, mae 0.2190, rmse 0.2629, time elapsed(min) 0.06---
2026-10-01 14:39:09,630 - INFO - --- validation at epoch 24, val_loss 0.0335, val_mae 0.2060, val_rmse 0.2565, val_r2 0.2676, val_pearson 0.6109, lr 1.00e-03 ---
2026-10-01 14:39:09,630 - INFO - 
****************************************************************************************************
2026-10-01 14:39:13,521 - INFO - --- training epoch 25, loss 0.0286, mae 0.1931, rmse 0.2391, time elapsed(min) 0.06---
2026-10-01 14:39:13,844 - INFO - --- validation at epoch 25, val_loss 0.0263, val_mae 0.1956, val_rmse 0.2324, val_r2 0.3990, val_pearson 0.6594, lr 1.00e-03 ---
2026-10-01 14:39:13,844 - INFO - 
****************************************************************************************************
2026-10-01 14:39:17,889 - INFO - --- training epoch 26, loss 0.0275, mae 0.1878, rmse 0.2346, time elapsed(min) 0.06---
2026-10-01 14:39:18,408 - INFO - --- validation at epoch 26, val_loss 0.0327, val_mae 0.1994, val_rmse 0.2521, val_r2 0.2925, val_pearson 0.5554, lr 1.00e-03 ---
2026-10-01 14:39:18,408 - INFO - 
****************************************************************************************************
2026-10-01 14:39:22,411 - INFO - --- training epoch 27, loss 0.0253, mae 0.1806, rmse 0.2247, time elapsed(min) 0.06---
2026-10-01 14:39:22,732 - INFO - --- validation at epoch 27, val_loss 0.0285, val_mae 0.1932, val_rmse 0.2376, val_r2 0.3718, val_pearson 0.6238, lr 1.00e-03 ---
2026-10-01 14:39:22,732 - INFO - 
****************************************************************************************************
2026-10-01 14:39:26,641 - INFO - --- training epoch 28, loss 0.0235, mae 0.1713, rmse 0.2169, time elapsed(min) 0.06---
2026-10-01 14:39:26,963 - INFO - --- validation at epoch 28, val_loss 0.0270, val_mae 0.1782, val_rmse 0.2252, val_r2 0.4359, val_pearson 0.6690, lr 1.00e-03 ---
2026-10-01 14:39:26,963 - INFO - 
****************************************************************************************************
2026-10-01 14:39:30,953 - INFO - --- training epoch 29, loss 0.0230, mae 0.1673, rmse 0.2146, time elapsed(min) 0.06---
2026-10-01 14:39:31,407 - INFO - --- validation at epoch 29, val_loss 0.0272, val_mae 0.1811, val_rmse 0.2298, val_r2 0.4124, val_pearson 0.6455, lr 1.00e-03 ---
2026-10-01 14:39:31,408 - INFO - 
****************************************************************************************************
2026-10-01 14:39:35,580 - INFO - --- training epoch 30, loss 0.0236, mae 0.1700, rmse 0.2174, time elapsed(min) 0.06---
2026-10-01 14:39:35,947 - INFO - --- validation at epoch 30, val_loss 0.0246, val_mae 0.1754, val_rmse 0.2186, val_r2 0.4682, val_pearson 0.6930, lr 1.00e-03 ---
2026-10-01 14:39:35,947 - INFO - 
****************************************************************************************************
2026-10-01 14:39:39,934 - INFO - --- training epoch 31, loss 0.0232, mae 0.1691, rmse 0.2153, time elapsed(min) 0.06---
2026-10-01 14:39:40,257 - INFO - --- validation at epoch 31, val_loss 0.0256, val_mae 0.1766, val_rmse 0.2209, val_r2 0.4568, val_pearson 0.6809, lr 1.00e-03 ---
2026-10-01 14:39:40,257 - INFO - 
****************************************************************************************************
2026-10-01 14:39:44,152 - INFO - --- training epoch 32, loss 0.0228, mae 0.1681, rmse 0.2137, time elapsed(min) 0.06---
2026-10-01 14:39:44,528 - INFO - --- validation at epoch 32, val_loss 0.0275, val_mae 0.1831, val_rmse 0.2309, val_r2 0.4066, val_pearson 0.6456, lr 1.00e-03 ---
2026-10-01 14:39:44,528 - INFO - 
****************************************************************************************************
2026-10-01 14:39:48,577 - INFO - --- training epoch 33, loss 0.0229, mae 0.1662, rmse 0.2142, time elapsed(min) 0.06---
2026-10-01 14:39:49,068 - INFO - --- validation at epoch 33, val_loss 0.0254, val_mae 0.1794, val_rmse 0.2221, val_r2 0.4509, val_pearson 0.6804, lr 1.00e-03 ---
2026-10-01 14:39:49,068 - INFO - 
****************************************************************************************************
2026-10-01 14:39:53,057 - INFO - --- training epoch 34, loss 0.0239, mae 0.1712, rmse 0.2189, time elapsed(min) 0.06---
2026-10-01 14:39:53,377 - INFO - --- validation at epoch 34, val_loss 0.0259, val_mae 0.1751, val_rmse 0.2230, val_r2 0.4466, val_pearson 0.6700, lr 1.00e-03 ---
2026-10-01 14:39:53,377 - INFO - 
****************************************************************************************************
2026-10-01 14:39:57,268 - INFO - --- training epoch 35, loss 0.0226, mae 0.1654, rmse 0.2124, time elapsed(min) 0.06---
2026-10-01 14:39:57,594 - INFO - --- validation at epoch 35, val_loss 0.0256, val_mae 0.1786, val_rmse 0.2234, val_r2 0.4448, val_pearson 0.6748, lr 1.00e-03 ---
2026-10-01 14:39:57,594 - INFO - 
****************************************************************************************************
2026-10-01 14:40:01,492 - INFO - --- training epoch 36, loss 0.0225, mae 0.1638, rmse 0.2124, time elapsed(min) 0.06---
2026-10-01 14:40:01,945 - INFO - --- validation at epoch 36, val_loss 0.0240, val_mae 0.1744, val_rmse 0.2174, val_r2 0.4743, val_pearson 0.6946, lr 1.00e-03 ---
2026-10-01 14:40:01,945 - INFO - 
****************************************************************************************************
2026-10-01 14:40:06,219 - INFO - --- training epoch 37, loss 0.0220, mae 0.1633, rmse 0.2100, time elapsed(min) 0.06---
2026-10-01 14:40:06,536 - INFO - --- validation at epoch 37, val_loss 0.0242, val_mae 0.1745, val_rmse 0.2190, val_r2 0.4663, val_pearson 0.6884, lr 1.00e-03 ---
2026-10-01 14:40:06,536 - INFO - 
****************************************************************************************************
2026-10-01 14:40:10,423 - INFO - --- training epoch 38, loss 0.0224, mae 0.1637, rmse 0.2115, time elapsed(min) 0.06---
2026-10-01 14:40:10,748 - INFO - --- validation at epoch 38, val_loss 0.0249, val_mae 0.1736, val_rmse 0.2198, val_r2 0.4624, val_pearson 0.6836, lr 1.00e-03 ---
2026-10-01 14:40:10,748 - INFO - 
****************************************************************************************************
2026-10-01 14:40:14,642 - INFO - --- training epoch 39, loss 0.0226, mae 0.1640, rmse 0.2125, time elapsed(min) 0.06---
2026-10-01 14:40:15,021 - INFO - --- validation at epoch 39, val_loss 0.0277, val_mae 0.1826, val_rmse 0.2355, val_r2 0.3826, val_pearson 0.6330, lr 1.00e-03 ---
2026-10-01 14:40:15,021 - INFO - 
****************************************************************************************************
2026-10-01 14:40:19,186 - INFO - --- training epoch 40, loss 0.0247, mae 0.1732, rmse 0.2221, time elapsed(min) 0.06---
2026-10-01 14:40:19,506 - INFO - --- validation at epoch 40, val_loss 0.0251, val_mae 0.1730, val_rmse 0.2206, val_r2 0.4584, val_pearson 0.6859, lr 1.00e-03 ---
2026-10-01 14:40:19,507 - INFO - 
****************************************************************************************************
2026-10-01 14:40:23,396 - INFO - --- training epoch 41, loss 0.0226, mae 0.1654, rmse 0.2125, time elapsed(min) 0.06---
2026-10-01 14:40:23,719 - INFO - --- validation at epoch 41, val_loss 0.0260, val_mae 0.1779, val_rmse 0.2250, val_r2 0.4365, val_pearson 0.6843, lr 1.00e-03 ---
2026-10-01 14:40:23,719 - INFO - 
****************************************************************************************************
2026-10-01 14:40:27,617 - INFO - --- training epoch 42, loss 0.0222, mae 0.1638, rmse 0.2109, time elapsed(min) 0.06---
2026-10-01 14:40:27,938 - INFO - --- validation at epoch 42, val_loss 0.0237, val_mae 0.1750, val_rmse 0.2170, val_r2 0.4759, val_pearson 0.6986, lr 1.00e-03 ---
2026-10-01 14:40:27,938 - INFO - 
****************************************************************************************************
2026-10-01 14:40:32,082 - INFO - --- training epoch 43, loss 0.0225, mae 0.1658, rmse 0.2123, time elapsed(min) 0.06---
2026-10-01 14:40:32,554 - INFO - --- validation at epoch 43, val_loss 0.0248, val_mae 0.1742, val_rmse 0.2208, val_r2 0.4573, val_pearson 0.6789, lr 1.00e-03 ---
2026-10-01 14:40:32,554 - INFO - 
****************************************************************************************************
2026-10-01 14:40:36,566 - INFO - --- training epoch 44, loss 0.0216, mae 0.1613, rmse 0.2080, time elapsed(min) 0.06---
2026-10-01 14:40:36,884 - INFO - --- validation at epoch 44, val_loss 0.0229, val_mae 0.1698, val_rmse 0.2127, val_r2 0.4965, val_pearson 0.7109, lr 1.00e-03 ---
2026-10-01 14:40:36,884 - INFO - 
****************************************************************************************************
2026-10-01 14:40:40,890 - INFO - --- training epoch 45, loss 0.0211, mae 0.1591, rmse 0.2056, time elapsed(min) 0.06---
2026-10-01 14:40:41,235 - INFO - --- validation at epoch 45, val_loss 0.0218, val_mae 0.1642, val_rmse 0.2094, val_r2 0.5123, val_pearson 0.7178, lr 1.00e-03 ---
2026-10-01 14:40:41,235 - INFO - 
****************************************************************************************************
2026-10-01 14:40:45,410 - INFO - --- training epoch 46, loss 0.0209, mae 0.1580, rmse 0.2044, time elapsed(min) 0.06---
2026-10-01 14:40:45,911 - INFO - --- validation at epoch 46, val_loss 0.0218, val_mae 0.1646, val_rmse 0.2092, val_r2 0.5128, val_pearson 0.7190, lr 1.00e-03 ---
2026-10-01 14:40:45,911 - INFO - 
****************************************************************************************************
2026-10-01 14:40:50,008 - INFO - --- training epoch 47, loss 0.0211, mae 0.1591, rmse 0.2057, time elapsed(min) 0.06---
2026-10-01 14:40:50,331 - INFO - --- validation at epoch 47, val_loss 0.0235, val_mae 0.1775, val_rmse 0.2215, val_r2 0.4538, val_pearson 0.6812, lr 1.00e-03 ---
2026-10-01 14:40:50,331 - INFO - 
****************************************************************************************************
2026-10-01 14:40:54,224 - INFO - --- training epoch 48, loss 0.0209, mae 0.1580, rmse 0.2045, time elapsed(min) 0.06---
2026-10-01 14:40:54,546 - INFO - --- validation at epoch 48, val_loss 0.0216, val_mae 0.1629, val_rmse 0.2084, val_r2 0.5169, val_pearson 0.7215, lr 1.00e-03 ---
2026-10-01 14:40:54,546 - INFO - 
****************************************************************************************************
2026-10-01 14:40:58,745 - INFO - --- training epoch 49, loss 0.0206, mae 0.1568, rmse 0.2030, time elapsed(min) 0.06---
2026-10-01 14:40:59,240 - INFO - --- validation at epoch 49, val_loss 0.0213, val_mae 0.1629, val_rmse 0.2068, val_r2 0.5240, val_pearson 0.7306, lr 1.00e-03 ---
2026-10-01 14:40:59,240 - INFO - 
****************************************************************************************************
2026-10-01 14:41:03,355 - INFO - --- training epoch 50, loss 0.0212, mae 0.1595, rmse 0.2061, time elapsed(min) 0.06---
2026-10-01 14:41:03,676 - INFO - --- validation at epoch 50, val_loss 0.0207, val_mae 0.1584, val_rmse 0.2043, val_r2 0.5355, val_pearson 0.7337, lr 1.00e-03 ---
2026-10-01 14:41:03,676 - INFO - 
****************************************************************************************************
2026-10-01 14:41:07,668 - INFO - --- training epoch 51, loss 0.0212, mae 0.1594, rmse 0.2058, time elapsed(min) 0.06---
2026-10-01 14:41:07,992 - INFO - --- validation at epoch 51, val_loss 0.0218, val_mae 0.1665, val_rmse 0.2106, val_r2 0.5067, val_pearson 0.7172, lr 1.00e-03 ---
2026-10-01 14:41:07,992 - INFO - 
****************************************************************************************************
2026-10-01 14:41:11,950 - INFO - --- training epoch 52, loss 0.0208, mae 0.1566, rmse 0.2039, time elapsed(min) 0.06---
2026-10-01 14:41:12,398 - INFO - --- validation at epoch 52, val_loss 0.0212, val_mae 0.1628, val_rmse 0.2062, val_r2 0.5267, val_pearson 0.7320, lr 1.00e-03 ---
2026-10-01 14:41:12,398 - INFO - 
****************************************************************************************************
2026-10-01 14:41:16,564 - INFO - --- training epoch 53, loss 0.0212, mae 0.1591, rmse 0.2057, time elapsed(min) 0.06---
2026-10-01 14:41:16,885 - INFO - --- validation at epoch 53, val_loss 0.0221, val_mae 0.1684, val_rmse 0.2127, val_r2 0.4968, val_pearson 0.7128, lr 1.00e-03 ---
2026-10-01 14:41:16,885 - INFO - 
****************************************************************************************************
2026-10-01 14:41:20,790 - INFO - --- training epoch 54, loss 0.0211, mae 0.1588, rmse 0.2056, time elapsed(min) 0.06---
2026-10-01 14:41:21,132 - INFO - --- validation at epoch 54, val_loss 0.0207, val_mae 0.1585, val_rmse 0.2041, val_r2 0.5366, val_pearson 0.7333, lr 1.00e-03 ---
2026-10-01 14:41:21,132 - INFO - 
****************************************************************************************************
2026-10-01 14:41:25,177 - INFO - --- training epoch 55, loss 0.0212, mae 0.1580, rmse 0.2061, time elapsed(min) 0.06---
2026-10-01 14:41:25,554 - INFO - --- validation at epoch 55, val_loss 0.0213, val_mae 0.1634, val_rmse 0.2072, val_r2 0.5221, val_pearson 0.7298, lr 1.00e-03 ---
2026-10-01 14:41:25,554 - INFO - 
****************************************************************************************************
2026-10-01 14:41:29,698 - INFO - --- training epoch 56, loss 0.0205, mae 0.1554, rmse 0.2027, time elapsed(min) 0.06---
2026-10-01 14:41:30,017 - INFO - --- validation at epoch 56, val_loss 0.0207, val_mae 0.1605, val_rmse 0.2024, val_r2 0.5440, val_pearson 0.7435, lr 1.00e-03 ---
2026-10-01 14:41:30,017 - INFO - 
****************************************************************************************************
2026-10-01 14:41:34,000 - INFO - --- training epoch 57, loss 0.0205, mae 0.1563, rmse 0.2024, time elapsed(min) 0.06---
2026-10-01 14:41:34,318 - INFO - --- validation at epoch 57, val_loss 0.0203, val_mae 0.1605, val_rmse 0.2018, val_r2 0.5470, val_pearson 0.7472, lr 1.00e-03 ---
2026-10-01 14:41:34,318 - INFO - 
****************************************************************************************************
2026-10-01 14:41:38,321 - INFO - --- training epoch 58, loss 0.0206, mae 0.1567, rmse 0.2029, time elapsed(min) 0.06---
2026-10-01 14:41:38,698 - INFO - --- validation at epoch 58, val_loss 0.0221, val_mae 0.1650, val_rmse 0.2102, val_r2 0.5085, val_pearson 0.7193, lr 1.00e-03 ---
2026-10-01 14:41:38,698 - INFO - 
****************************************************************************************************
2026-10-01 14:41:42,743 - INFO - --- training epoch 59, loss 0.0214, mae 0.1609, rmse 0.2071, time elapsed(min) 0.06---
2026-10-01 14:41:43,345 - INFO - --- validation at epoch 59, val_loss 0.0212, val_mae 0.1652, val_rmse 0.2052, val_r2 0.5313, val_pearson 0.7385, lr 1.00e-03 ---
2026-10-01 14:41:43,345 - INFO - 
****************************************************************************************************
2026-10-01 14:41:47,240 - INFO - --- training epoch 60, loss 0.0205, mae 0.1570, rmse 0.2024, time elapsed(min) 0.06---
2026-10-01 14:41:47,560 - INFO - --- validation at epoch 60, val_loss 0.0202, val_mae 0.1593, val_rmse 0.2025, val_r2 0.5436, val_pearson 0.7407, lr 1.00e-03 ---
2026-10-01 14:41:47,560 - INFO - 
****************************************************************************************************
2026-10-01 14:41:51,576 - INFO - --- training epoch 61, loss 0.0198, mae 0.1529, rmse 0.1990, time elapsed(min) 0.06---
2026-10-01 14:41:51,897 - INFO - --- validation at epoch 61, val_loss 0.0198, val_mae 0.1542, val_rmse 0.1982, val_r2 0.5627, val_pearson 0.7524, lr 1.00e-03 ---
2026-10-01 14:41:51,897 - INFO - 
****************************************************************************************************
2026-10-01 14:41:55,933 - INFO - --- training epoch 62, loss 0.0194, mae 0.1515, rmse 0.1971, time elapsed(min) 0.06---
2026-10-01 14:41:56,410 - INFO - --- validation at epoch 62, val_loss 0.0203, val_mae 0.1552, val_rmse 0.2006, val_r2 0.5522, val_pearson 0.7434, lr 1.00e-03 ---
2026-10-01 14:41:56,410 - INFO - 
****************************************************************************************************
2026-10-01 14:42:00,419 - INFO - --- training epoch 63, loss 0.0192, mae 0.1504, rmse 0.1962, time elapsed(min) 0.06---
2026-10-01 14:42:00,746 - INFO - --- validation at epoch 63, val_loss 0.0198, val_mae 0.1523, val_rmse 0.1972, val_r2 0.5671, val_pearson 0.7560, lr 1.00e-03 ---
2026-10-01 14:42:00,746 - INFO - 
****************************************************************************************************
2026-10-01 14:42:04,650 - INFO - --- training epoch 64, loss 0.0196, mae 0.1521, rmse 0.1982, time elapsed(min) 0.06---
2026-10-01 14:42:05,023 - INFO - --- validation at epoch 64, val_loss 0.0201, val_mae 0.1531, val_rmse 0.1973, val_r2 0.5669, val_pearson 0.7545, lr 1.00e-03 ---
2026-10-01 14:42:05,024 - INFO - 
****************************************************************************************************
2026-10-01 14:42:08,927 - INFO - --- training epoch 65, loss 0.0194, mae 0.1507, rmse 0.1971, time elapsed(min) 0.06---
2026-10-01 14:42:09,404 - INFO - --- validation at epoch 65, val_loss 0.0187, val_mae 0.1484, val_rmse 0.1932, val_r2 0.5847, val_pearson 0.7666, lr 1.00e-03 ---
2026-10-01 14:42:09,404 - INFO - 
****************************************************************************************************
2026-10-01 14:42:13,661 - INFO - --- training epoch 66, loss 0.0186, mae 0.1472, rmse 0.1930, time elapsed(min) 0.06---
2026-10-01 14:42:13,993 - INFO - --- validation at epoch 66, val_loss 0.0187, val_mae 0.1503, val_rmse 0.1934, val_r2 0.5838, val_pearson 0.7724, lr 1.00e-03 ---
2026-10-01 14:42:13,993 - INFO - 
****************************************************************************************************
2026-10-01 14:42:17,985 - INFO - --- training epoch 67, loss 0.0198, mae 0.1531, rmse 0.1988, time elapsed(min) 0.06---
2026-10-01 14:42:18,304 - INFO - --- validation at epoch 67, val_loss 0.0218, val_mae 0.1679, val_rmse 0.2100, val_r2 0.5094, val_pearson 0.7283, lr 1.00e-03 ---
2026-10-01 14:42:18,304 - INFO - 
****************************************************************************************************
2026-10-01 14:42:22,207 - INFO - --- training epoch 68, loss 0.0190, mae 0.1487, rmse 0.1951, time elapsed(min) 0.06---
2026-10-01 14:42:22,654 - INFO - --- validation at epoch 68, val_loss 0.0203, val_mae 0.1579, val_rmse 0.2021, val_r2 0.5455, val_pearson 0.7400, lr 1.00e-03 ---
2026-10-01 14:42:22,654 - INFO - 
****************************************************************************************************
2026-10-01 14:42:26,809 - INFO - --- training epoch 69, loss 0.0200, mae 0.1538, rmse 0.2001, time elapsed(min) 0.06---
2026-10-01 14:42:27,131 - INFO - --- validation at epoch 69, val_loss 0.0188, val_mae 0.1543, val_rmse 0.1964, val_r2 0.5709, val_pearson 0.7631, lr 1.00e-03 ---
2026-10-01 14:42:27,131 - INFO - 
****************************************************************************************************
2026-10-01 14:42:31,039 - INFO - --- training epoch 70, loss 0.0185, mae 0.1458, rmse 0.1921, time elapsed(min) 0.06---
2026-10-01 14:42:31,365 - INFO - --- validation at epoch 70, val_loss 0.0176, val_mae 0.1448, val_rmse 0.1892, val_r2 0.6018, val_pearson 0.7853, lr 1.00e-03 ---
2026-10-01 14:42:31,365 - INFO - 
****************************************************************************************************
2026-10-01 14:42:35,389 - INFO - --- training epoch 71, loss 0.0184, mae 0.1459, rmse 0.1916, time elapsed(min) 0.06---
2026-10-01 14:42:35,764 - INFO - --- validation at epoch 71, val_loss 0.0167, val_mae 0.1404, val_rmse 0.1841, val_r2 0.6228, val_pearson 0.7915, lr 1.00e-03 ---
2026-10-01 14:42:35,764 - INFO - 
****************************************************************************************************
2026-10-01 14:42:40,043 - INFO - --- training epoch 72, loss 0.0194, mae 0.1499, rmse 0.1971, time elapsed(min) 0.06---
2026-10-01 14:42:40,363 - INFO - --- validation at epoch 72, val_loss 0.0189, val_mae 0.1520, val_rmse 0.1948, val_r2 0.5778, val_pearson 0.7628, lr 1.00e-03 ---
2026-10-01 14:42:40,363 - INFO - 
****************************************************************************************************
2026-10-01 14:42:44,427 - INFO - --- training epoch 73, loss 0.0202, mae 0.1540, rmse 0.2008, time elapsed(min) 0.06---
2026-10-01 14:42:44,751 - INFO - --- validation at epoch 73, val_loss 0.0203, val_mae 0.1601, val_rmse 0.2033, val_r2 0.5399, val_pearson 0.7405, lr 1.00e-03 ---
2026-10-01 14:42:44,751 - INFO - 
****************************************************************************************************
2026-10-01 14:42:48,649 - INFO - --- training epoch 74, loss 0.0191, mae 0.1488, rmse 0.1953, time elapsed(min) 0.06---
2026-10-01 14:42:49,028 - INFO - --- validation at epoch 74, val_loss 0.0180, val_mae 0.1501, val_rmse 0.1922, val_r2 0.5889, val_pearson 0.7748, lr 1.00e-03 ---
2026-10-01 14:42:49,028 - INFO - 
****************************************************************************************************
2026-10-01 14:42:53,076 - INFO - --- training epoch 75, loss 0.0195, mae 0.1512, rmse 0.1972, time elapsed(min) 0.06---
2026-10-01 14:42:53,568 - INFO - --- validation at epoch 75, val_loss 0.0180, val_mae 0.1480, val_rmse 0.1917, val_r2 0.5913, val_pearson 0.7750, lr 1.00e-03 ---
2026-10-01 14:42:53,568 - INFO - 
****************************************************************************************************
2026-10-01 14:42:57,570 - INFO - --- training epoch 76, loss 0.0182, mae 0.1455, rmse 0.1909, time elapsed(min) 0.06---
2026-10-01 14:42:57,891 - INFO - --- validation at epoch 76, val_loss 0.0179, val_mae 0.1476, val_rmse 0.1894, val_r2 0.6009, val_pearson 0.7808, lr 1.00e-03 ---
2026-10-01 14:42:57,891 - INFO - 
****************************************************************************************************
2026-10-01 14:43:01,792 - INFO - --- training epoch 77, loss 0.0181, mae 0.1449, rmse 0.1904, time elapsed(min) 0.06---
2026-10-01 14:43:02,114 - INFO - --- validation at epoch 77, val_loss 0.0178, val_mae 0.1468, val_rmse 0.1907, val_r2 0.5952, val_pearson 0.7797, lr 1.00e-03 ---
2026-10-01 14:43:02,114 - INFO - 
****************************************************************************************************
2026-10-01 14:43:06,064 - INFO - --- training epoch 78, loss 0.0183, mae 0.1459, rmse 0.1911, time elapsed(min) 0.06---
2026-10-01 14:43:06,557 - INFO - --- validation at epoch 78, val_loss 0.0173, val_mae 0.1461, val_rmse 0.1885, val_r2 0.6048, val_pearson 0.7924, lr 1.00e-03 ---
2026-10-01 14:43:06,557 - INFO - 
****************************************************************************************************
2026-10-01 14:43:10,574 - INFO - --- training epoch 79, loss 0.0186, mae 0.1476, rmse 0.1929, time elapsed(min) 0.06---
2026-10-01 14:43:10,900 - INFO - --- validation at epoch 79, val_loss 0.0183, val_mae 0.1513, val_rmse 0.1928, val_r2 0.5862, val_pearson 0.7712, lr 1.00e-03 ---
2026-10-01 14:43:10,900 - INFO - 
****************************************************************************************************
2026-10-01 14:43:14,830 - INFO - --- training epoch 80, loss 0.0179, mae 0.1439, rmse 0.1890, time elapsed(min) 0.06---
2026-10-01 14:43:15,186 - INFO - --- validation at epoch 80, val_loss 0.0179, val_mae 0.1474, val_rmse 0.1915, val_r2 0.5921, val_pearson 0.7797, lr 1.00e-03 ---
2026-10-01 14:43:15,186 - INFO - 
****************************************************************************************************
2026-10-01 14:43:19,097 - INFO - --- training epoch 81, loss 0.0191, mae 0.1501, rmse 0.1956, time elapsed(min) 0.06---
2026-10-01 14:43:19,478 - INFO - --- validation at epoch 81, val_loss 0.0187, val_mae 0.1529, val_rmse 0.1944, val_r2 0.5794, val_pearson 0.7689, lr 1.00e-03 ---
2026-10-01 14:43:19,478 - INFO - 
****************************************************************************************************
2026-10-01 14:43:19,759 - INFO - --- early stopping at epoch 81: val_loss did not improve for 10 epochs ---
2026-10-01 14:43:20,294 - INFO - --- selected checkpoint from epoch 71, val_loss 0.0167, val_mae 0.1404, val_rmse 0.1841
2026-10-01 14:43:21,637 - INFO - -- RESULT
2026-10-01 14:43:21,637 - INFO - --- test size: 1728
2026-10-01 14:43:21,637 - INFO - --- MAE: 0.1404 (14.04 pp), RMSE: 0.1856 (18.56 pp), R2: 0.5549, Pearson: 0.7464
2026-10-01 14:43:23,956 - INFO - --- Cell approach_1_mlp DONE: test MAE=0.1404 RMSE=0.1856 R2=0.5549 | sec/epoch=4.38
2026-10-01 14:43:23,970 - INFO - === RUNNING: dataset=suzuki split=split_0 cell=option_b_linear (tokens=ind, pooling=rn, head=linear) ===
