2026-10-01 14:29:58,871 - INFO - device is	cuda:0
2026-10-01 14:29:58,977 - INFO - -- CONFIGURATIONS
2026-10-01 14:29:58,977 - INFO - --- train/valid/test: 3628/404/1728
2026-10-01 14:29:58,977 - INFO - --- max no. reactants_train, valid, test respectively: 14, 14, 14
2026-10-01 14:29:58,977 - INFO - --- max no. products_train, valid, test respectively: 1, 1, 1
2026-10-01 14:29:58,977 - INFO - --- model_path: ../logs/suzuki_approach1_grid/runs/suzuki/split_0/approach_1_linear/model.pt
2026-10-01 14:29:58,985 - INFO - -- TRAINING
2026-10-01 14:30:02,588 - INFO - --- training epoch 0, loss 2.4664, mae 2.8196, rmse 7.2297, time elapsed(min) 0.06---
2026-10-01 14:30:02,931 - INFO - --- validation at epoch 0, val_loss 0.0687, val_mae 0.2809, val_rmse 0.3721, val_r2 -0.5411, val_pearson 0.0894, lr 1.00e-03 ---
2026-10-01 14:30:02,931 - INFO - 
****************************************************************************************************
2026-10-01 14:30:06,995 - INFO - --- training epoch 1, loss 0.0416, mae 0.2479, rmse 0.2884, time elapsed(min) 0.06---
2026-10-01 14:30:07,315 - INFO - --- validation at epoch 1, val_loss 0.0433, val_mae 0.2623, val_rmse 0.3000, val_r2 -0.0012, val_pearson 0.1289, lr 1.00e-03 ---
2026-10-01 14:30:07,315 - INFO - 
****************************************************************************************************
2026-10-01 14:30:11,242 - INFO - --- training epoch 2, loss 0.0397, mae 0.2434, rmse 0.2818, time elapsed(min) 0.06---
2026-10-01 14:30:11,620 - INFO - --- validation at epoch 2, val_loss 0.0429, val_mae 0.2629, val_rmse 0.2983, val_r2 0.0101, val_pearson 0.1331, lr 1.00e-03 ---
2026-10-01 14:30:11,620 - INFO - 
****************************************************************************************************
2026-10-01 14:30:15,729 - INFO - --- training epoch 3, loss 0.0396, mae 0.2430, rmse 0.2816, time elapsed(min) 0.06---
2026-10-01 14:30:16,197 - INFO - --- validation at epoch 3, val_loss 0.0429, val_mae 0.2647, val_rmse 0.2984, val_r2 0.0088, val_pearson 0.1411, lr 1.00e-03 ---
2026-10-01 14:30:16,197 - INFO - 
****************************************************************************************************
2026-10-01 14:30:20,250 - INFO - --- training epoch 4, loss 0.0414, mae 0.2456, rmse 0.2878, time elapsed(min) 0.06---
2026-10-01 14:30:20,578 - INFO - --- validation at epoch 4, val_loss 0.0428, val_mae 0.2616, val_rmse 0.2974, val_r2 0.0156, val_pearson 0.1411, lr 1.00e-03 ---
2026-10-01 14:30:20,578 - INFO - 
****************************************************************************************************
2026-10-01 14:30:24,527 - INFO - --- training epoch 5, loss 0.0395, mae 0.2419, rmse 0.2810, time elapsed(min) 0.06---
2026-10-01 14:30:24,854 - INFO - --- validation at epoch 5, val_loss 0.0435, val_mae 0.2581, val_rmse 0.2989, val_r2 0.0056, val_pearson 0.1519, lr 1.00e-03 ---
2026-10-01 14:30:24,854 - INFO - 
****************************************************************************************************
2026-10-01 14:30:28,872 - INFO - --- training epoch 6, loss 0.0419, mae 0.2445, rmse 0.2895, time elapsed(min) 0.06---
2026-10-01 14:30:29,349 - INFO - --- validation at epoch 6, val_loss 0.0488, val_mae 0.2853, val_rmse 0.3191, val_r2 -0.1331, val_pearson 0.1605, lr 1.00e-03 ---
2026-10-01 14:30:29,349 - INFO - 
****************************************************************************************************
2026-10-01 14:30:33,323 - INFO - --- training epoch 7, loss 0.0423, mae 0.2467, rmse 0.2909, time elapsed(min) 0.06---
2026-10-01 14:30:33,643 - INFO - --- validation at epoch 7, val_loss 0.0425, val_mae 0.2616, val_rmse 0.2968, val_r2 0.0197, val_pearson 0.1633, lr 1.00e-03 ---
2026-10-01 14:30:33,643 - INFO - 
****************************************************************************************************
2026-10-01 14:30:37,611 - INFO - --- training epoch 8, loss 0.0402, mae 0.2423, rmse 0.2834, time elapsed(min) 0.06---
2026-10-01 14:30:37,939 - INFO - --- validation at epoch 8, val_loss 0.0425, val_mae 0.2606, val_rmse 0.2963, val_r2 0.0228, val_pearson 0.1645, lr 1.00e-03 ---
2026-10-01 14:30:37,939 - INFO - 
****************************************************************************************************
2026-10-01 14:30:41,923 - INFO - --- training epoch 9, loss 0.0396, mae 0.2400, rmse 0.2814, time elapsed(min) 0.06---
2026-10-01 14:30:42,370 - INFO - --- validation at epoch 9, val_loss 0.0424, val_mae 0.2615, val_rmse 0.2963, val_r2 0.0230, val_pearson 0.1718, lr 1.00e-03 ---
2026-10-01 14:30:42,371 - INFO - 
****************************************************************************************************
2026-10-01 14:30:46,587 - INFO - --- training epoch 10, loss 0.0399, mae 0.2424, rmse 0.2825, time elapsed(min) 0.06---
2026-10-01 14:30:46,910 - INFO - --- validation at epoch 10, val_loss 0.0437, val_mae 0.2561, val_rmse 0.2996, val_r2 0.0010, val_pearson 0.1775, lr 1.00e-03 ---
2026-10-01 14:30:46,910 - INFO - 
****************************************************************************************************
2026-10-01 14:30:50,787 - INFO - --- training epoch 11, loss 0.0383, mae 0.2378, rmse 0.2767, time elapsed(min) 0.06---
2026-10-01 14:30:51,126 - INFO - --- validation at epoch 11, val_loss 0.0430, val_mae 0.2551, val_rmse 0.2976, val_r2 0.0144, val_pearson 0.1865, lr 1.00e-03 ---
2026-10-01 14:30:51,127 - INFO - 
****************************************************************************************************
2026-10-01 14:30:54,988 - INFO - --- training epoch 12, loss 0.0388, mae 0.2386, rmse 0.2786, time elapsed(min) 0.06---
2026-10-01 14:30:55,308 - INFO - --- validation at epoch 12, val_loss 0.0498, val_mae 0.2553, val_rmse 0.3191, val_r2 -0.1334, val_pearson 0.1988, lr 1.00e-03 ---
2026-10-01 14:30:55,308 - INFO - 
****************************************************************************************************
2026-10-01 14:30:59,319 - INFO - --- training epoch 13, loss 0.0383, mae 0.2368, rmse 0.2768, time elapsed(min) 0.06---
2026-10-01 14:30:59,832 - INFO - --- validation at epoch 13, val_loss 0.0426, val_mae 0.2528, val_rmse 0.2968, val_r2 0.0200, val_pearson 0.2237, lr 1.00e-03 ---
2026-10-01 14:30:59,832 - INFO - 
****************************************************************************************************
2026-10-01 14:31:03,808 - INFO - --- training epoch 14, loss 0.0388, mae 0.2378, rmse 0.2787, time elapsed(min) 0.06---
2026-10-01 14:31:04,132 - INFO - --- validation at epoch 14, val_loss 0.0426, val_mae 0.2519, val_rmse 0.2973, val_r2 0.0165, val_pearson 0.2389, lr 1.00e-03 ---
2026-10-01 14:31:04,133 - INFO - 
****************************************************************************************************
2026-10-01 14:31:07,998 - INFO - --- training epoch 15, loss 0.0394, mae 0.2385, rmse 0.2807, time elapsed(min) 0.06---
2026-10-01 14:31:08,344 - INFO - --- validation at epoch 15, val_loss 0.0528, val_mae 0.2921, val_rmse 0.3316, val_r2 -0.2235, val_pearson 0.2685, lr 1.00e-03 ---
2026-10-01 14:31:08,344 - INFO - 
****************************************************************************************************
2026-10-01 14:31:12,382 - INFO - --- training epoch 16, loss 0.0419, mae 0.2444, rmse 0.2895, time elapsed(min) 0.06---
2026-10-01 14:31:12,879 - INFO - --- validation at epoch 16, val_loss 0.0435, val_mae 0.2543, val_rmse 0.3000, val_r2 -0.0015, val_pearson 0.2447, lr 1.00e-03 ---
2026-10-01 14:31:12,879 - INFO - 
****************************************************************************************************
2026-10-01 14:31:16,899 - INFO - --- training epoch 17, loss 0.0385, mae 0.2373, rmse 0.2773, time elapsed(min) 0.06---
2026-10-01 14:31:17,221 - INFO - --- validation at epoch 17, val_loss 0.0435, val_mae 0.2499, val_rmse 0.3004, val_r2 -0.0043, val_pearson 0.2660, lr 1.00e-03 ---
2026-10-01 14:31:17,221 - INFO - 
****************************************************************************************************
2026-10-01 14:31:21,098 - INFO - --- training epoch 18, loss 0.0382, mae 0.2359, rmse 0.2765, time elapsed(min) 0.06---
2026-10-01 14:31:21,423 - INFO - --- validation at epoch 18, val_loss 0.0401, val_mae 0.2487, val_rmse 0.2899, val_r2 0.0649, val_pearson 0.2927, lr 1.00e-03 ---
2026-10-01 14:31:21,423 - INFO - 
****************************************************************************************************
2026-10-01 14:31:25,455 - INFO - --- training epoch 19, loss 0.0378, mae 0.2342, rmse 0.2751, time elapsed(min) 0.06---
2026-10-01 14:31:25,936 - INFO - --- validation at epoch 19, val_loss 0.0388, val_mae 0.2456, val_rmse 0.2851, val_r2 0.0952, val_pearson 0.3454, lr 1.00e-03 ---
2026-10-01 14:31:25,936 - INFO - 
****************************************************************************************************
2026-10-01 14:31:30,174 - INFO - --- training epoch 20, loss 0.0368, mae 0.2302, rmse 0.2714, time elapsed(min) 0.06---
2026-10-01 14:31:30,498 - INFO - --- validation at epoch 20, val_loss 0.0373, val_mae 0.2312, val_rmse 0.2796, val_r2 0.1300, val_pearson 0.4438, lr 1.00e-03 ---
2026-10-01 14:31:30,498 - INFO - 
****************************************************************************************************
2026-10-01 14:31:34,473 - INFO - --- training epoch 21, loss 0.0348, mae 0.2202, rmse 0.2640, time elapsed(min) 0.06---
2026-10-01 14:31:34,795 - INFO - --- validation at epoch 21, val_loss 0.0316, val_mae 0.2134, val_rmse 0.2557, val_r2 0.2725, val_pearson 0.5533, lr 1.00e-03 ---
2026-10-01 14:31:34,795 - INFO - 
****************************************************************************************************
2026-10-01 14:31:38,766 - INFO - --- training epoch 22, loss 0.0344, mae 0.2158, rmse 0.2622, time elapsed(min) 0.06---
2026-10-01 14:31:39,147 - INFO - --- validation at epoch 22, val_loss 0.0397, val_mae 0.2349, val_rmse 0.2853, val_r2 0.0944, val_pearson 0.5149, lr 1.00e-03 ---
2026-10-01 14:31:39,147 - INFO - 
****************************************************************************************************
2026-10-01 14:31:43,281 - INFO - --- training epoch 23, loss 0.0343, mae 0.2166, rmse 0.2619, time elapsed(min) 0.06---
2026-10-01 14:31:43,604 - INFO - --- validation at epoch 23, val_loss 0.0289, val_mae 0.2029, val_rmse 0.2439, val_r2 0.3381, val_pearson 0.5930, lr 1.00e-03 ---
2026-10-01 14:31:43,604 - INFO - 
****************************************************************************************************
2026-10-01 14:31:47,588 - INFO - --- training epoch 24, loss 0.0290, mae 0.1936, rmse 0.2410, time elapsed(min) 0.06---
2026-10-01 14:31:47,911 - INFO - --- validation at epoch 24, val_loss 0.0279, val_mae 0.1921, val_rmse 0.2364, val_r2 0.3784, val_pearson 0.6365, lr 1.00e-03 ---
2026-10-01 14:31:47,911 - INFO - 
****************************************************************************************************
2026-10-01 14:31:51,930 - INFO - --- training epoch 25, loss 0.0266, mae 0.1842, rmse 0.2306, time elapsed(min) 0.06---
2026-10-01 14:31:52,308 - INFO - --- validation at epoch 25, val_loss 0.0271, val_mae 0.1843, val_rmse 0.2315, val_r2 0.4036, val_pearson 0.6493, lr 1.00e-03 ---
2026-10-01 14:31:52,308 - INFO - 
****************************************************************************************************
2026-10-01 14:31:56,433 - INFO - --- training epoch 26, loss 0.0268, mae 0.1852, rmse 0.2315, time elapsed(min) 0.06---
2026-10-01 14:31:56,902 - INFO - --- validation at epoch 26, val_loss 0.0293, val_mae 0.1880, val_rmse 0.2343, val_r2 0.3892, val_pearson 0.6296, lr 1.00e-03 ---
2026-10-01 14:31:56,902 - INFO - 
****************************************************************************************************
2026-10-01 14:32:00,893 - INFO - --- training epoch 27, loss 0.0257, mae 0.1798, rmse 0.2269, time elapsed(min) 0.06---
2026-10-01 14:32:01,218 - INFO - --- validation at epoch 27, val_loss 0.0301, val_mae 0.1866, val_rmse 0.2395, val_r2 0.3617, val_pearson 0.6586, lr 1.00e-03 ---
2026-10-01 14:32:01,218 - INFO - 
****************************************************************************************************
2026-10-01 14:32:05,107 - INFO - --- training epoch 28, loss 0.0246, mae 0.1754, rmse 0.2220, time elapsed(min) 0.06---
2026-10-01 14:32:05,428 - INFO - --- validation at epoch 28, val_loss 0.0305, val_mae 0.1888, val_rmse 0.2409, val_r2 0.3544, val_pearson 0.6550, lr 1.00e-03 ---
2026-10-01 14:32:05,428 - INFO - 
****************************************************************************************************
2026-10-01 14:32:09,555 - INFO - --- training epoch 29, loss 0.0241, mae 0.1728, rmse 0.2196, time elapsed(min) 0.06---
2026-10-01 14:32:10,097 - INFO - --- validation at epoch 29, val_loss 0.0288, val_mae 0.1816, val_rmse 0.2329, val_r2 0.3966, val_pearson 0.6740, lr 1.00e-03 ---
2026-10-01 14:32:10,098 - INFO - 
****************************************************************************************************
2026-10-01 14:32:14,235 - INFO - --- training epoch 30, loss 0.0226, mae 0.1655, rmse 0.2128, time elapsed(min) 0.06---
2026-10-01 14:32:14,561 - INFO - --- validation at epoch 30, val_loss 0.0277, val_mae 0.1749, val_rmse 0.2277, val_r2 0.4229, val_pearson 0.6724, lr 1.00e-03 ---
2026-10-01 14:32:14,561 - INFO - 
****************************************************************************************************
2026-10-01 14:32:18,436 - INFO - --- training epoch 31, loss 0.0224, mae 0.1653, rmse 0.2118, time elapsed(min) 0.06---
2026-10-01 14:32:18,757 - INFO - --- validation at epoch 31, val_loss 0.0281, val_mae 0.1781, val_rmse 0.2309, val_r2 0.4070, val_pearson 0.6880, lr 1.00e-03 ---
2026-10-01 14:32:18,757 - INFO - 
****************************************************************************************************
2026-10-01 14:32:22,638 - INFO - --- training epoch 32, loss 0.0227, mae 0.1661, rmse 0.2128, time elapsed(min) 0.06---
2026-10-01 14:32:22,969 - INFO - --- validation at epoch 32, val_loss 0.0254, val_mae 0.1685, val_rmse 0.2204, val_r2 0.4594, val_pearson 0.6961, lr 1.00e-03 ---
2026-10-01 14:32:22,969 - INFO - 
****************************************************************************************************
2026-10-01 14:32:27,095 - INFO - --- training epoch 33, loss 0.0227, mae 0.1655, rmse 0.2133, time elapsed(min) 0.06---
2026-10-01 14:32:27,606 - INFO - --- validation at epoch 33, val_loss 0.0271, val_mae 0.1732, val_rmse 0.2261, val_r2 0.4309, val_pearson 0.6867, lr 1.00e-03 ---
2026-10-01 14:32:27,606 - INFO - 
****************************************************************************************************
2026-10-01 14:32:31,594 - INFO - --- training epoch 34, loss 0.0226, mae 0.1647, rmse 0.2125, time elapsed(min) 0.06---
2026-10-01 14:32:31,933 - INFO - --- validation at epoch 34, val_loss 0.0276, val_mae 0.1740, val_rmse 0.2286, val_r2 0.4183, val_pearson 0.6906, lr 1.00e-03 ---
2026-10-01 14:32:31,934 - INFO - 
****************************************************************************************************
2026-10-01 14:32:35,821 - INFO - --- training epoch 35, loss 0.0226, mae 0.1657, rmse 0.2127, time elapsed(min) 0.06---
2026-10-01 14:32:36,144 - INFO - --- validation at epoch 35, val_loss 0.0273, val_mae 0.1758, val_rmse 0.2275, val_r2 0.4239, val_pearson 0.6932, lr 1.00e-03 ---
2026-10-01 14:32:36,144 - INFO - 
****************************************************************************************************
2026-10-01 14:32:40,197 - INFO - --- training epoch 36, loss 0.0230, mae 0.1668, rmse 0.2144, time elapsed(min) 0.06---
2026-10-01 14:32:40,700 - INFO - --- validation at epoch 36, val_loss 0.0281, val_mae 0.1771, val_rmse 0.2319, val_r2 0.4018, val_pearson 0.6915, lr 1.00e-03 ---
2026-10-01 14:32:40,700 - INFO - 
****************************************************************************************************
2026-10-01 14:32:44,703 - INFO - --- training epoch 37, loss 0.0222, mae 0.1637, rmse 0.2107, time elapsed(min) 0.06---
2026-10-01 14:32:45,023 - INFO - --- validation at epoch 37, val_loss 0.0275, val_mae 0.1740, val_rmse 0.2293, val_r2 0.4151, val_pearson 0.7029, lr 1.00e-03 ---
2026-10-01 14:32:45,023 - INFO - 
****************************************************************************************************
2026-10-01 14:32:48,923 - INFO - --- training epoch 38, loss 0.0222, mae 0.1634, rmse 0.2105, time elapsed(min) 0.06---
2026-10-01 14:32:49,244 - INFO - --- validation at epoch 38, val_loss 0.0255, val_mae 0.1677, val_rmse 0.2205, val_r2 0.4592, val_pearson 0.7048, lr 1.00e-03 ---
2026-10-01 14:32:49,244 - INFO - 
****************************************************************************************************
2026-10-01 14:32:53,172 - INFO - --- training epoch 39, loss 0.0220, mae 0.1630, rmse 0.2097, time elapsed(min) 0.06---
2026-10-01 14:32:53,628 - INFO - --- validation at epoch 39, val_loss 0.0236, val_mae 0.1650, val_rmse 0.2135, val_r2 0.4927, val_pearson 0.7117, lr 1.00e-03 ---
2026-10-01 14:32:53,628 - INFO - 
****************************************************************************************************
2026-10-01 14:32:57,892 - INFO - --- training epoch 40, loss 0.0226, mae 0.1654, rmse 0.2126, time elapsed(min) 0.06---
2026-10-01 14:32:58,216 - INFO - --- validation at epoch 40, val_loss 0.0289, val_mae 0.1806, val_rmse 0.2356, val_r2 0.3824, val_pearson 0.6759, lr 1.00e-03 ---
2026-10-01 14:32:58,216 - INFO - 
****************************************************************************************************
2026-10-01 14:33:02,124 - INFO - --- training epoch 41, loss 0.0218, mae 0.1624, rmse 0.2090, time elapsed(min) 0.06---
2026-10-01 14:33:02,448 - INFO - --- validation at epoch 41, val_loss 0.0264, val_mae 0.1707, val_rmse 0.2242, val_r2 0.4407, val_pearson 0.7101, lr 1.00e-03 ---
2026-10-01 14:33:02,448 - INFO - 
****************************************************************************************************
2026-10-01 14:33:06,391 - INFO - --- training epoch 42, loss 0.0223, mae 0.1646, rmse 0.2112, time elapsed(min) 0.06---
2026-10-01 14:33:06,835 - INFO - --- validation at epoch 42, val_loss 0.0259, val_mae 0.1695, val_rmse 0.2219, val_r2 0.4523, val_pearson 0.7054, lr 1.00e-03 ---
2026-10-01 14:33:06,835 - INFO - 
****************************************************************************************************
2026-10-01 14:33:10,980 - INFO - --- training epoch 43, loss 0.0215, mae 0.1600, rmse 0.2075, time elapsed(min) 0.06---
2026-10-01 14:33:11,303 - INFO - --- validation at epoch 43, val_loss 0.0254, val_mae 0.1708, val_rmse 0.2216, val_r2 0.4538, val_pearson 0.7201, lr 1.00e-03 ---
2026-10-01 14:33:11,303 - INFO - 
****************************************************************************************************
2026-10-01 14:33:15,197 - INFO - --- training epoch 44, loss 0.0223, mae 0.1648, rmse 0.2114, time elapsed(min) 0.06---
2026-10-01 14:33:15,524 - INFO - --- validation at epoch 44, val_loss 0.0246, val_mae 0.1656, val_rmse 0.2174, val_r2 0.4742, val_pearson 0.7060, lr 1.00e-03 ---
2026-10-01 14:33:15,525 - INFO - 
****************************************************************************************************
2026-10-01 14:33:19,415 - INFO - --- training epoch 45, loss 0.0224, mae 0.1641, rmse 0.2116, time elapsed(min) 0.06---
2026-10-01 14:33:19,793 - INFO - --- validation at epoch 45, val_loss 0.0250, val_mae 0.1719, val_rmse 0.2205, val_r2 0.4590, val_pearson 0.7002, lr 1.00e-03 ---
2026-10-01 14:33:19,793 - INFO - 
****************************************************************************************************
2026-10-01 14:33:23,933 - INFO - --- training epoch 46, loss 0.0229, mae 0.1669, rmse 0.2139, time elapsed(min) 0.06---
2026-10-01 14:33:24,260 - INFO - --- validation at epoch 46, val_loss 0.0347, val_mae 0.2062, val_rmse 0.2580, val_r2 0.2590, val_pearson 0.7300, lr 1.00e-03 ---
2026-10-01 14:33:24,260 - INFO - 
****************************************************************************************************
2026-10-01 14:33:28,142 - INFO - --- training epoch 47, loss 0.0238, mae 0.1715, rmse 0.2181, time elapsed(min) 0.06---
2026-10-01 14:33:28,468 - INFO - --- validation at epoch 47, val_loss 0.0276, val_mae 0.1787, val_rmse 0.2326, val_r2 0.3980, val_pearson 0.6982, lr 1.00e-03 ---
2026-10-01 14:33:28,468 - INFO - 
****************************************************************************************************
2026-10-01 14:33:32,400 - INFO - --- training epoch 48, loss 0.0215, mae 0.1612, rmse 0.2075, time elapsed(min) 0.06---
2026-10-01 14:33:32,779 - INFO - --- validation at epoch 48, val_loss 0.0234, val_mae 0.1668, val_rmse 0.2140, val_r2 0.4906, val_pearson 0.7319, lr 1.00e-03 ---
2026-10-01 14:33:32,779 - INFO - 
****************************************************************************************************
2026-10-01 14:33:37,012 - INFO - --- training epoch 49, loss 0.0216, mae 0.1622, rmse 0.2080, time elapsed(min) 0.06---
2026-10-01 14:33:37,334 - INFO - --- validation at epoch 49, val_loss 0.0224, val_mae 0.1612, val_rmse 0.2101, val_r2 0.5086, val_pearson 0.7384, lr 1.00e-03 ---
2026-10-01 14:33:37,334 - INFO - 
****************************************************************************************************
2026-10-01 14:33:41,329 - INFO - --- training epoch 50, loss 0.0216, mae 0.1623, rmse 0.2079, time elapsed(min) 0.06---
2026-10-01 14:33:41,669 - INFO - --- validation at epoch 50, val_loss 0.0205, val_mae 0.1549, val_rmse 0.2007, val_r2 0.5516, val_pearson 0.7490, lr 1.00e-03 ---
2026-10-01 14:33:41,669 - INFO - 
****************************************************************************************************
2026-10-01 14:33:45,665 - INFO - --- training epoch 51, loss 0.0203, mae 0.1573, rmse 0.2015, time elapsed(min) 0.06---
2026-10-01 14:33:46,041 - INFO - --- validation at epoch 51, val_loss 0.0239, val_mae 0.1659, val_rmse 0.2143, val_r2 0.4889, val_pearson 0.7536, lr 1.00e-03 ---
2026-10-01 14:33:46,041 - INFO - 
****************************************************************************************************
2026-10-01 14:33:50,195 - INFO - --- training epoch 52, loss 0.0211, mae 0.1602, rmse 0.2054, time elapsed(min) 0.06---
2026-10-01 14:33:50,519 - INFO - --- validation at epoch 52, val_loss 0.0225, val_mae 0.1623, val_rmse 0.2090, val_r2 0.5140, val_pearson 0.7623, lr 1.00e-03 ---
2026-10-01 14:33:50,519 - INFO - 
****************************************************************************************************
2026-10-01 14:33:54,436 - INFO - --- training epoch 53, loss 0.0214, mae 0.1615, rmse 0.2067, time elapsed(min) 0.06---
2026-10-01 14:33:54,756 - INFO - --- validation at epoch 53, val_loss 0.0203, val_mae 0.1544, val_rmse 0.1994, val_r2 0.5574, val_pearson 0.7585, lr 1.00e-03 ---
2026-10-01 14:33:54,756 - INFO - 
****************************************************************************************************
2026-10-01 14:33:58,753 - INFO - --- training epoch 54, loss 0.0207, mae 0.1591, rmse 0.2035, time elapsed(min) 0.06---
2026-10-01 14:33:59,071 - INFO - --- validation at epoch 54, val_loss 0.0202, val_mae 0.1543, val_rmse 0.1985, val_r2 0.5617, val_pearson 0.7654, lr 1.00e-03 ---
2026-10-01 14:33:59,071 - INFO - 
****************************************************************************************************
2026-10-01 14:34:03,200 - INFO - --- training epoch 55, loss 0.0202, mae 0.1566, rmse 0.2011, time elapsed(min) 0.06---
2026-10-01 14:34:03,792 - INFO - --- validation at epoch 55, val_loss 0.0201, val_mae 0.1564, val_rmse 0.1996, val_r2 0.5569, val_pearson 0.7613, lr 1.00e-03 ---
2026-10-01 14:34:03,792 - INFO - 
****************************************************************************************************
2026-10-01 14:34:07,764 - INFO - --- training epoch 56, loss 0.0198, mae 0.1549, rmse 0.1992, time elapsed(min) 0.06---
2026-10-01 14:34:08,089 - INFO - --- validation at epoch 56, val_loss 0.0201, val_mae 0.1580, val_rmse 0.1999, val_r2 0.5553, val_pearson 0.7522, lr 1.00e-03 ---
2026-10-01 14:34:08,090 - INFO - 
****************************************************************************************************
2026-10-01 14:34:12,075 - INFO - --- training epoch 57, loss 0.0198, mae 0.1545, rmse 0.1990, time elapsed(min) 0.06---
2026-10-01 14:34:12,443 - INFO - --- validation at epoch 57, val_loss 0.0222, val_mae 0.1624, val_rmse 0.2071, val_r2 0.5225, val_pearson 0.7730, lr 1.00e-03 ---
2026-10-01 14:34:12,443 - INFO - 
****************************************************************************************************
2026-10-01 14:34:16,561 - INFO - --- training epoch 58, loss 0.0213, mae 0.1614, rmse 0.2062, time elapsed(min) 0.06---
2026-10-01 14:34:17,034 - INFO - --- validation at epoch 58, val_loss 0.0202, val_mae 0.1544, val_rmse 0.1993, val_r2 0.5578, val_pearson 0.7604, lr 1.00e-03 ---
2026-10-01 14:34:17,034 - INFO - 
****************************************************************************************************
2026-10-01 14:34:21,026 - INFO - --- training epoch 59, loss 0.0208, mae 0.1597, rmse 0.2037, time elapsed(min) 0.06---
2026-10-01 14:34:21,348 - INFO - --- validation at epoch 59, val_loss 0.0248, val_mae 0.1711, val_rmse 0.2184, val_r2 0.4694, val_pearson 0.7807, lr 1.00e-03 ---
2026-10-01 14:34:21,348 - INFO - 
****************************************************************************************************
2026-10-01 14:34:25,296 - INFO - --- training epoch 60, loss 0.0248, mae 0.1745, rmse 0.2225, time elapsed(min) 0.06---
2026-10-01 14:34:25,619 - INFO - --- validation at epoch 60, val_loss 0.0212, val_mae 0.1646, val_rmse 0.2064, val_r2 0.5258, val_pearson 0.7348, lr 1.00e-03 ---
2026-10-01 14:34:25,619 - INFO - 
****************************************************************************************************
2026-10-01 14:34:29,590 - INFO - --- training epoch 61, loss 0.0197, mae 0.1548, rmse 0.1987, time elapsed(min) 0.06---
2026-10-01 14:34:30,047 - INFO - --- validation at epoch 61, val_loss 0.0199, val_mae 0.1512, val_rmse 0.1965, val_r2 0.5705, val_pearson 0.7781, lr 1.00e-03 ---
2026-10-01 14:34:30,047 - INFO - 
****************************************************************************************************
2026-10-01 14:34:34,286 - INFO - --- training epoch 62, loss 0.0188, mae 0.1499, rmse 0.1939, time elapsed(min) 0.06---
2026-10-01 14:34:34,613 - INFO - --- validation at epoch 62, val_loss 0.0203, val_mae 0.1537, val_rmse 0.1997, val_r2 0.5560, val_pearson 0.7825, lr 1.00e-03 ---
2026-10-01 14:34:34,613 - INFO - 
****************************************************************************************************
2026-10-01 14:34:38,505 - INFO - --- training epoch 63, loss 0.0189, mae 0.1506, rmse 0.1945, time elapsed(min) 0.06---
2026-10-01 14:34:38,825 - INFO - --- validation at epoch 63, val_loss 0.0186, val_mae 0.1509, val_rmse 0.1922, val_r2 0.5889, val_pearson 0.7872, lr 1.00e-03 ---
2026-10-01 14:34:38,825 - INFO - 
****************************************************************************************************
2026-10-01 14:34:42,827 - INFO - --- training epoch 64, loss 0.0221, mae 0.1648, rmse 0.2103, time elapsed(min) 0.06---
2026-10-01 14:34:43,201 - INFO - --- validation at epoch 64, val_loss 0.0190, val_mae 0.1514, val_rmse 0.1958, val_r2 0.5736, val_pearson 0.7660, lr 1.00e-03 ---
2026-10-01 14:34:43,201 - INFO - 
****************************************************************************************************
2026-10-01 14:34:47,240 - INFO - --- training epoch 65, loss 0.0189, mae 0.1504, rmse 0.1944, time elapsed(min) 0.06---
2026-10-01 14:34:47,721 - INFO - --- validation at epoch 65, val_loss 0.0211, val_mae 0.1621, val_rmse 0.2046, val_r2 0.5341, val_pearson 0.7783, lr 1.00e-03 ---
2026-10-01 14:34:47,721 - INFO - 
****************************************************************************************************
2026-10-01 14:34:51,763 - INFO - --- training epoch 66, loss 0.0189, mae 0.1511, rmse 0.1946, time elapsed(min) 0.06---
2026-10-01 14:34:52,087 - INFO - --- validation at epoch 66, val_loss 0.0195, val_mae 0.1529, val_rmse 0.1961, val_r2 0.5722, val_pearson 0.7882, lr 1.00e-03 ---
2026-10-01 14:34:52,087 - INFO - 
****************************************************************************************************
2026-10-01 14:34:55,980 - INFO - --- training epoch 67, loss 0.0185, mae 0.1486, rmse 0.1922, time elapsed(min) 0.06---
2026-10-01 14:34:56,302 - INFO - --- validation at epoch 67, val_loss 0.0192, val_mae 0.1514, val_rmse 0.1939, val_r2 0.5815, val_pearson 0.7939, lr 1.00e-03 ---
2026-10-01 14:34:56,302 - INFO - 
****************************************************************************************************
2026-10-01 14:35:00,239 - INFO - --- training epoch 68, loss 0.0187, mae 0.1493, rmse 0.1933, time elapsed(min) 0.06---
2026-10-01 14:35:00,690 - INFO - --- validation at epoch 68, val_loss 0.0188, val_mae 0.1481, val_rmse 0.1922, val_r2 0.5890, val_pearson 0.7850, lr 1.00e-03 ---
2026-10-01 14:35:00,690 - INFO - 
****************************************************************************************************
2026-10-01 14:35:04,849 - INFO - --- training epoch 69, loss 0.0186, mae 0.1488, rmse 0.1931, time elapsed(min) 0.06---
2026-10-01 14:35:05,169 - INFO - --- validation at epoch 69, val_loss 0.0186, val_mae 0.1498, val_rmse 0.1918, val_r2 0.5906, val_pearson 0.8005, lr 1.00e-03 ---
2026-10-01 14:35:05,169 - INFO - 
****************************************************************************************************
2026-10-01 14:35:09,078 - INFO - --- training epoch 70, loss 0.0183, mae 0.1474, rmse 0.1914, time elapsed(min) 0.06---
2026-10-01 14:35:09,421 - INFO - --- validation at epoch 70, val_loss 0.0183, val_mae 0.1485, val_rmse 0.1904, val_r2 0.5964, val_pearson 0.7977, lr 1.00e-03 ---
2026-10-01 14:35:09,422 - INFO - 
****************************************************************************************************
2026-10-01 14:35:13,621 - INFO - --- training epoch 71, loss 0.0189, mae 0.1504, rmse 0.1945, time elapsed(min) 0.06---
2026-10-01 14:35:14,076 - INFO - --- validation at epoch 71, val_loss 0.0217, val_mae 0.1588, val_rmse 0.2068, val_r2 0.5239, val_pearson 0.7984, lr 1.00e-03 ---
2026-10-01 14:35:14,076 - INFO - 
****************************************************************************************************
2026-10-01 14:35:18,237 - INFO - --- training epoch 72, loss 0.0186, mae 0.1490, rmse 0.1928, time elapsed(min) 0.06---
2026-10-01 14:35:18,559 - INFO - --- validation at epoch 72, val_loss 0.0208, val_mae 0.1594, val_rmse 0.2025, val_r2 0.5435, val_pearson 0.7998, lr 1.00e-03 ---
2026-10-01 14:35:18,559 - INFO - 
****************************************************************************************************
2026-10-01 14:35:22,449 - INFO - --- training epoch 73, loss 0.0182, mae 0.1466, rmse 0.1907, time elapsed(min) 0.06---
2026-10-01 14:35:22,771 - INFO - --- validation at epoch 73, val_loss 0.0198, val_mae 0.1526, val_rmse 0.1976, val_r2 0.5657, val_pearson 0.8046, lr 1.00e-03 ---
2026-10-01 14:35:22,771 - INFO - 
****************************************************************************************************
2026-10-01 14:35:26,699 - INFO - --- training epoch 74, loss 0.0185, mae 0.1474, rmse 0.1923, time elapsed(min) 0.06---
2026-10-01 14:35:27,075 - INFO - --- validation at epoch 74, val_loss 0.0189, val_mae 0.1498, val_rmse 0.1933, val_r2 0.5844, val_pearson 0.7987, lr 1.00e-03 ---
2026-10-01 14:35:27,075 - INFO - 
****************************************************************************************************
2026-10-01 14:35:31,227 - INFO - --- training epoch 75, loss 0.0221, mae 0.1648, rmse 0.2101, time elapsed(min) 0.06---
2026-10-01 14:35:31,547 - INFO - --- validation at epoch 75, val_loss 0.0197, val_mae 0.1578, val_rmse 0.1971, val_r2 0.5677, val_pearson 0.7741, lr 1.00e-03 ---
2026-10-01 14:35:31,548 - INFO - 
****************************************************************************************************
2026-10-01 14:35:35,426 - INFO - --- training epoch 76, loss 0.0194, mae 0.1540, rmse 0.1968, time elapsed(min) 0.06---
2026-10-01 14:35:35,748 - INFO - --- validation at epoch 76, val_loss 0.0178, val_mae 0.1463, val_rmse 0.1886, val_r2 0.6040, val_pearson 0.7860, lr 1.00e-03 ---
2026-10-01 14:35:35,748 - INFO - 
****************************************************************************************************
2026-10-01 14:35:39,728 - INFO - --- training epoch 77, loss 0.0183, mae 0.1473, rmse 0.1916, time elapsed(min) 0.06---
2026-10-01 14:35:40,180 - INFO - --- validation at epoch 77, val_loss 0.0166, val_mae 0.1421, val_rmse 0.1817, val_r2 0.6328, val_pearson 0.8038, lr 1.00e-03 ---
2026-10-01 14:35:40,180 - INFO - 
****************************************************************************************************
2026-10-01 14:35:44,417 - INFO - --- training epoch 78, loss 0.0172, mae 0.1424, rmse 0.1852, time elapsed(min) 0.06---
2026-10-01 14:35:44,740 - INFO - --- validation at epoch 78, val_loss 0.0171, val_mae 0.1447, val_rmse 0.1854, val_r2 0.6177, val_pearson 0.8070, lr 1.00e-03 ---
2026-10-01 14:35:44,740 - INFO - 
****************************************************************************************************
2026-10-01 14:35:48,629 - INFO - --- training epoch 79, loss 0.0181, mae 0.1459, rmse 0.1904, time elapsed(min) 0.06---
2026-10-01 14:35:48,948 - INFO - --- validation at epoch 79, val_loss 0.0181, val_mae 0.1486, val_rmse 0.1898, val_r2 0.5993, val_pearson 0.8043, lr 1.00e-03 ---
2026-10-01 14:35:48,948 - INFO - 
****************************************************************************************************
2026-10-01 14:35:52,837 - INFO - --- training epoch 80, loss 0.0173, mae 0.1436, rmse 0.1860, time elapsed(min) 0.06---
2026-10-01 14:35:53,304 - INFO - --- validation at epoch 80, val_loss 0.0177, val_mae 0.1453, val_rmse 0.1887, val_r2 0.6038, val_pearson 0.8040, lr 1.00e-03 ---
2026-10-01 14:35:53,304 - INFO - 
****************************************************************************************************
2026-10-01 14:35:57,365 - INFO - --- training epoch 81, loss 0.0182, mae 0.1458, rmse 0.1906, time elapsed(min) 0.06---
2026-10-01 14:35:57,940 - INFO - --- validation at epoch 81, val_loss 0.0190, val_mae 0.1512, val_rmse 0.1945, val_r2 0.5792, val_pearson 0.8043, lr 1.00e-03 ---
2026-10-01 14:35:57,940 - INFO - 
****************************************************************************************************
2026-10-01 14:36:01,830 - INFO - --- training epoch 82, loss 0.0171, mae 0.1420, rmse 0.1847, time elapsed(min) 0.06---
2026-10-01 14:36:02,176 - INFO - --- validation at epoch 82, val_loss 0.0193, val_mae 0.1535, val_rmse 0.1969, val_r2 0.5685, val_pearson 0.8024, lr 1.00e-03 ---
2026-10-01 14:36:02,176 - INFO - 
****************************************************************************************************
2026-10-01 14:36:06,070 - INFO - --- training epoch 83, loss 0.0171, mae 0.1412, rmse 0.1849, time elapsed(min) 0.06---
2026-10-01 14:36:06,390 - INFO - --- validation at epoch 83, val_loss 0.0183, val_mae 0.1478, val_rmse 0.1914, val_r2 0.5924, val_pearson 0.8107, lr 1.00e-03 ---
2026-10-01 14:36:06,390 - INFO - 
****************************************************************************************************
2026-10-01 14:36:10,454 - INFO - --- training epoch 84, loss 0.0176, mae 0.1443, rmse 0.1876, time elapsed(min) 0.06---
2026-10-01 14:36:10,953 - INFO - --- validation at epoch 84, val_loss 0.0165, val_mae 0.1407, val_rmse 0.1822, val_r2 0.6308, val_pearson 0.8143, lr 1.00e-03 ---
2026-10-01 14:36:10,953 - INFO - 
****************************************************************************************************
2026-10-01 14:36:15,048 - INFO - --- training epoch 85, loss 0.0165, mae 0.1397, rmse 0.1817, time elapsed(min) 0.06---
2026-10-01 14:36:15,372 - INFO - --- validation at epoch 85, val_loss 0.0175, val_mae 0.1444, val_rmse 0.1867, val_r2 0.6123, val_pearson 0.8131, lr 1.00e-03 ---
2026-10-01 14:36:15,372 - INFO - 
****************************************************************************************************
2026-10-01 14:36:19,283 - INFO - --- training epoch 86, loss 0.0176, mae 0.1445, rmse 0.1874, time elapsed(min) 0.06---
2026-10-01 14:36:19,608 - INFO - --- validation at epoch 86, val_loss 0.0163, val_mae 0.1415, val_rmse 0.1817, val_r2 0.6326, val_pearson 0.8086, lr 1.00e-03 ---
2026-10-01 14:36:19,609 - INFO - 
****************************************************************************************************
2026-10-01 14:36:23,594 - INFO - --- training epoch 87, loss 0.0214, mae 0.1617, rmse 0.2068, time elapsed(min) 0.06---
2026-10-01 14:36:23,977 - INFO - --- validation at epoch 87, val_loss 0.0170, val_mae 0.1462, val_rmse 0.1858, val_r2 0.6160, val_pearson 0.7949, lr 1.00e-03 ---
2026-10-01 14:36:23,977 - INFO - 
****************************************************************************************************
2026-10-01 14:36:28,163 - INFO - --- training epoch 88, loss 0.0173, mae 0.1450, rmse 0.1861, time elapsed(min) 0.06---
2026-10-01 14:36:28,484 - INFO - --- validation at epoch 88, val_loss 0.0181, val_mae 0.1491, val_rmse 0.1882, val_r2 0.6057, val_pearson 0.7983, lr 1.00e-03 ---
2026-10-01 14:36:28,485 - INFO - 
****************************************************************************************************
2026-10-01 14:36:32,384 - INFO - --- training epoch 89, loss 0.0164, mae 0.1386, rmse 0.1810, time elapsed(min) 0.06---
2026-10-01 14:36:32,707 - INFO - --- validation at epoch 89, val_loss 0.0181, val_mae 0.1471, val_rmse 0.1892, val_r2 0.6016, val_pearson 0.8082, lr 1.00e-03 ---
2026-10-01 14:36:32,708 - INFO - 
****************************************************************************************************
2026-10-01 14:36:36,610 - INFO - --- training epoch 90, loss 0.0161, mae 0.1374, rmse 0.1796, time elapsed(min) 0.06---
2026-10-01 14:36:37,058 - INFO - --- validation at epoch 90, val_loss 0.0162, val_mae 0.1387, val_rmse 0.1809, val_r2 0.6360, val_pearson 0.8227, lr 1.00e-03 ---
2026-10-01 14:36:37,058 - INFO - 
****************************************************************************************************
2026-10-01 14:36:41,299 - INFO - --- training epoch 91, loss 0.0165, mae 0.1389, rmse 0.1816, time elapsed(min) 0.06---
2026-10-01 14:36:41,617 - INFO - --- validation at epoch 91, val_loss 0.0164, val_mae 0.1377, val_rmse 0.1810, val_r2 0.6356, val_pearson 0.8140, lr 1.00e-03 ---
2026-10-01 14:36:41,618 - INFO - 
****************************************************************************************************
2026-10-01 14:36:45,507 - INFO - --- training epoch 92, loss 0.0168, mae 0.1404, rmse 0.1831, time elapsed(min) 0.06---
2026-10-01 14:36:45,831 - INFO - --- validation at epoch 92, val_loss 0.0196, val_mae 0.1525, val_rmse 0.1979, val_r2 0.5642, val_pearson 0.8133, lr 1.00e-03 ---
2026-10-01 14:36:45,831 - INFO - 
****************************************************************************************************
2026-10-01 14:36:49,732 - INFO - --- training epoch 93, loss 0.0165, mae 0.1400, rmse 0.1817, time elapsed(min) 0.06---
2026-10-01 14:36:50,059 - INFO - --- validation at epoch 93, val_loss 0.0183, val_mae 0.1469, val_rmse 0.1906, val_r2 0.5956, val_pearson 0.8183, lr 1.00e-03 ---
2026-10-01 14:36:50,059 - INFO - 
****************************************************************************************************
2026-10-01 14:36:53,988 - INFO - --- training epoch 94, loss 0.0170, mae 0.1427, rmse 0.1844, time elapsed(min) 0.06---
2026-10-01 14:36:54,463 - INFO - --- validation at epoch 94, val_loss 0.0162, val_mae 0.1414, val_rmse 0.1811, val_r2 0.6351, val_pearson 0.8255, lr 1.00e-03 ---
2026-10-01 14:36:54,463 - INFO - 
****************************************************************************************************
2026-10-01 14:36:58,446 - INFO - --- training epoch 95, loss 0.0169, mae 0.1417, rmse 0.1838, time elapsed(min) 0.06---
2026-10-01 14:36:58,771 - INFO - --- validation at epoch 95, val_loss 0.0162, val_mae 0.1398, val_rmse 0.1801, val_r2 0.6390, val_pearson 0.8208, lr 1.00e-03 ---
2026-10-01 14:36:58,771 - INFO - 
****************************************************************************************************
2026-10-01 14:37:02,666 - INFO - --- training epoch 96, loss 0.0163, mae 0.1377, rmse 0.1806, time elapsed(min) 0.06---
2026-10-01 14:37:02,991 - INFO - --- validation at epoch 96, val_loss 0.0168, val_mae 0.1416, val_rmse 0.1838, val_r2 0.6242, val_pearson 0.8134, lr 1.00e-03 ---
2026-10-01 14:37:02,991 - INFO - 
****************************************************************************************************
2026-10-01 14:37:06,884 - INFO - --- training epoch 97, loss 0.0165, mae 0.1401, rmse 0.1819, time elapsed(min) 0.06---
2026-10-01 14:37:07,267 - INFO - --- validation at epoch 97, val_loss 0.0154, val_mae 0.1360, val_rmse 0.1767, val_r2 0.6524, val_pearson 0.8176, lr 1.00e-03 ---
2026-10-01 14:37:07,267 - INFO - 
****************************************************************************************************
2026-10-01 14:37:11,381 - INFO - --- training epoch 98, loss 0.0158, mae 0.1368, rmse 0.1777, time elapsed(min) 0.06---
2026-10-01 14:37:11,856 - INFO - --- validation at epoch 98, val_loss 0.0167, val_mae 0.1396, val_rmse 0.1842, val_r2 0.6226, val_pearson 0.8133, lr 1.00e-03 ---
2026-10-01 14:37:11,857 - INFO - 
****************************************************************************************************
2026-10-01 14:37:15,851 - INFO - --- training epoch 99, loss 0.0167, mae 0.1419, rmse 0.1829, time elapsed(min) 0.06---
2026-10-01 14:37:16,215 - INFO - --- validation at epoch 99, val_loss 0.0168, val_mae 0.1425, val_rmse 0.1822, val_r2 0.6305, val_pearson 0.8203, lr 1.00e-03 ---
2026-10-01 14:37:16,215 - INFO - 
****************************************************************************************************
2026-10-01 14:37:16,854 - INFO - --- selected checkpoint from epoch 97, val_loss 0.0154, val_mae 0.1360, val_rmse 0.1767
2026-10-01 14:37:17,953 - INFO - -- RESULT
2026-10-01 14:37:17,953 - INFO - --- test size: 1728
2026-10-01 14:37:17,954 - INFO - --- MAE: 0.1291 (12.91 pp), RMSE: 0.1686 (16.86 pp), R2: 0.6324, Pearson: 0.7963
2026-10-01 14:37:20,194 - INFO - --- Cell approach_1_linear DONE: test MAE=0.1291 RMSE=0.1686 R2=0.6324 | sec/epoch=4.38
2026-10-01 14:37:20,208 - INFO - === RUNNING: dataset=suzuki split=split_0 cell=approach_1_mlp (tokens=comb, pooling=rn, head=mlp) ===
