2026-10-01 12:20:43,478 - INFO - device is	cuda:0
2026-10-01 12:20:43,562 - INFO - -- CONFIGURATIONS
2026-10-01 12:20:43,562 - INFO - --- train/valid/test: 2491/277/1187
2026-10-01 12:20:43,562 - INFO - --- max no. reactants_train, valid, test respectively: 6, 6, 6
2026-10-01 12:20:43,563 - INFO - --- max no. products_train, valid, test respectively: 1, 1, 1
2026-10-01 12:20:43,563 - INFO - --- model_path: ../logs/approach1_server/option_b_linear/bh/runs/fullcv05_split70/model.pt
2026-10-01 12:20:43,572 - INFO - -- TRAINING
2026-10-01 12:20:44,306 - INFO - --- training epoch 0, loss 23.1482, mae 23.6434, rmse 29.0873, time elapsed(min) 0.01---
2026-10-01 12:20:44,469 - INFO - --- validation at epoch 0, val_loss 24.4394, val_mae 23.3702, val_rmse 26.9399, val_r2 -0.0101, val_pearson -0.2458, lr 1.00e-03 ---
2026-10-01 12:20:44,469 - INFO - 
****************************************************************************************************
2026-10-01 12:20:45,696 - INFO - --- training epoch 1, loss 22.7289, mae 23.2252, rmse 28.0405, time elapsed(min) 0.01---
2026-10-01 12:20:45,870 - INFO - --- validation at epoch 1, val_loss 24.7857, val_mae 23.2733, val_rmse 28.3402, val_r2 -0.1179, val_pearson 0.1265, lr 1.00e-03 ---
2026-10-01 12:20:45,870 - INFO - 
****************************************************************************************************
2026-10-01 12:20:46,668 - INFO - --- training epoch 2, loss 22.4595, mae 22.9547, rmse 27.7629, time elapsed(min) 0.01---
2026-10-01 12:20:46,813 - INFO - --- validation at epoch 2, val_loss 24.5396, val_mae 23.1115, val_rmse 27.0630, val_r2 -0.0194, val_pearson 0.1434, lr 1.00e-03 ---
2026-10-01 12:20:46,813 - INFO - 
****************************************************************************************************
2026-10-01 12:20:47,631 - INFO - --- training epoch 3, loss 22.3269, mae 22.8242, rmse 27.1302, time elapsed(min) 0.01---
2026-10-01 12:20:47,795 - INFO - --- validation at epoch 3, val_loss 24.7792, val_mae 23.2178, val_rmse 27.5940, val_r2 -0.0598, val_pearson 0.1558, lr 1.00e-03 ---
2026-10-01 12:20:47,795 - INFO - 
****************************************************************************************************
2026-10-01 12:20:48,767 - INFO - --- training epoch 4, loss 22.3415, mae 22.8372, rmse 27.4007, time elapsed(min) 0.01---
2026-10-01 12:20:48,937 - INFO - --- validation at epoch 4, val_loss 24.7319, val_mae 23.1766, val_rmse 27.4345, val_r2 -0.0476, val_pearson 0.1642, lr 1.00e-03 ---
2026-10-01 12:20:48,937 - INFO - 
****************************************************************************************************
2026-10-01 12:20:49,916 - INFO - --- training epoch 5, loss 22.2401, mae 22.7374, rmse 27.0858, time elapsed(min) 0.01---
2026-10-01 12:20:50,077 - INFO - --- validation at epoch 5, val_loss 24.7961, val_mae 23.1966, val_rmse 27.5837, val_r2 -0.0590, val_pearson 0.1773, lr 1.00e-03 ---
2026-10-01 12:20:50,077 - INFO - 
****************************************************************************************************
2026-10-01 12:20:51,068 - INFO - --- training epoch 6, loss 22.0014, mae 22.4982, rmse 26.7540, time elapsed(min) 0.01---
2026-10-01 12:20:51,231 - INFO - --- validation at epoch 6, val_loss 24.0099, val_mae 22.6358, val_rmse 26.0365, val_r2 0.0565, val_pearson 0.2630, lr 1.00e-03 ---
2026-10-01 12:20:51,231 - INFO - 
****************************************************************************************************
2026-10-01 12:20:52,285 - INFO - --- training epoch 7, loss 22.1489, mae 22.6448, rmse 26.9675, time elapsed(min) 0.01---
2026-10-01 12:20:52,449 - INFO - --- validation at epoch 7, val_loss 24.7420, val_mae 23.0945, val_rmse 28.1518, val_r2 -0.1031, val_pearson 0.2571, lr 1.00e-03 ---
2026-10-01 12:20:52,449 - INFO - 
****************************************************************************************************
2026-10-01 12:20:53,294 - INFO - --- training epoch 8, loss 21.6995, mae 22.1961, rmse 26.5160, time elapsed(min) 0.01---
2026-10-01 12:20:53,443 - INFO - --- validation at epoch 8, val_loss 23.8829, val_mae 22.7358, val_rmse 25.9035, val_r2 0.0661, val_pearson 0.2617, lr 1.00e-03 ---
2026-10-01 12:20:53,443 - INFO - 
****************************************************************************************************
2026-10-01 12:20:54,378 - INFO - --- training epoch 9, loss 21.6466, mae 22.1425, rmse 26.1915, time elapsed(min) 0.01---
2026-10-01 12:20:54,538 - INFO - --- validation at epoch 9, val_loss 24.1850, val_mae 22.4125, val_rmse 27.1782, val_r2 -0.0281, val_pearson 0.2511, lr 1.00e-03 ---
2026-10-01 12:20:54,538 - INFO - 
****************************************************************************************************
2026-10-01 12:20:55,706 - INFO - --- training epoch 10, loss 21.4489, mae 21.9447, rmse 26.1871, time elapsed(min) 0.01---
2026-10-01 12:20:55,862 - INFO - --- validation at epoch 10, val_loss 23.8579, val_mae 22.4969, val_rmse 26.0240, val_r2 0.0574, val_pearson 0.2522, lr 1.00e-03 ---
2026-10-01 12:20:55,862 - INFO - 
****************************************************************************************************
2026-10-01 12:20:56,940 - INFO - --- training epoch 11, loss 21.4392, mae 21.9356, rmse 25.9042, time elapsed(min) 0.01---
2026-10-01 12:20:57,098 - INFO - --- validation at epoch 11, val_loss 24.1850, val_mae 22.4002, val_rmse 27.2316, val_r2 -0.0321, val_pearson 0.2414, lr 1.00e-03 ---
2026-10-01 12:20:57,098 - INFO - 
****************************************************************************************************
2026-10-01 12:20:58,267 - INFO - --- training epoch 12, loss 21.5170, mae 22.0139, rmse 26.1733, time elapsed(min) 0.01---
2026-10-01 12:20:58,436 - INFO - --- validation at epoch 12, val_loss 24.2894, val_mae 22.4485, val_rmse 27.2656, val_r2 -0.0347, val_pearson 0.2424, lr 1.00e-03 ---
2026-10-01 12:20:58,436 - INFO - 
****************************************************************************************************
2026-10-01 12:20:59,278 - INFO - --- training epoch 13, loss 21.3993, mae 21.8956, rmse 26.1059, time elapsed(min) 0.01---
2026-10-01 12:20:59,446 - INFO - --- validation at epoch 13, val_loss 24.0820, val_mae 22.3423, val_rmse 26.9835, val_r2 -0.0134, val_pearson 0.2383, lr 1.00e-03 ---
2026-10-01 12:20:59,446 - INFO - 
****************************************************************************************************
2026-10-01 12:21:00,286 - INFO - --- training epoch 14, loss 21.4487, mae 21.9450, rmse 25.9602, time elapsed(min) 0.01---
2026-10-01 12:21:00,436 - INFO - --- validation at epoch 14, val_loss 24.2752, val_mae 22.3917, val_rmse 27.3526, val_r2 -0.0413, val_pearson 0.2445, lr 1.00e-03 ---
2026-10-01 12:21:00,436 - INFO - 
****************************************************************************************************
2026-10-01 12:21:01,449 - INFO - --- training epoch 15, loss 21.4167, mae 21.9139, rmse 26.2197, time elapsed(min) 0.01---
2026-10-01 12:21:01,614 - INFO - --- validation at epoch 15, val_loss 24.2324, val_mae 22.3615, val_rmse 27.3765, val_r2 -0.0432, val_pearson 0.2378, lr 1.00e-03 ---
2026-10-01 12:21:01,614 - INFO - 
****************************************************************************************************
2026-10-01 12:21:02,621 - INFO - --- training epoch 16, loss 21.3916, mae 21.8890, rmse 26.0282, time elapsed(min) 0.01---
2026-10-01 12:21:02,769 - INFO - --- validation at epoch 16, val_loss 24.3171, val_mae 22.4142, val_rmse 27.6329, val_r2 -0.0628, val_pearson 0.2343, lr 1.00e-03 ---
2026-10-01 12:21:02,770 - INFO - 
****************************************************************************************************
2026-10-01 12:21:03,810 - INFO - --- training epoch 17, loss 21.4524, mae 21.9494, rmse 26.1731, time elapsed(min) 0.01---
2026-10-01 12:21:04,175 - INFO - --- validation at epoch 17, val_loss 24.3916, val_mae 22.4712, val_rmse 27.6991, val_r2 -0.0679, val_pearson 0.2364, lr 1.00e-03 ---
2026-10-01 12:21:04,176 - INFO - 
****************************************************************************************************
2026-10-01 12:21:05,154 - INFO - --- training epoch 18, loss 21.3983, mae 21.8940, rmse 26.1410, time elapsed(min) 0.01---
2026-10-01 12:21:05,322 - INFO - --- validation at epoch 18, val_loss 24.4285, val_mae 22.4849, val_rmse 27.9141, val_r2 -0.0845, val_pearson 0.2335, lr 1.00e-03 ---
2026-10-01 12:21:05,322 - INFO - 
****************************************************************************************************
2026-10-01 12:21:06,160 - INFO - --- training epoch 19, loss 21.4537, mae 21.9502, rmse 26.1656, time elapsed(min) 0.01---
2026-10-01 12:21:06,328 - INFO - --- validation at epoch 19, val_loss 24.4144, val_mae 22.4751, val_rmse 27.7833, val_r2 -0.0744, val_pearson 0.2375, lr 1.00e-03 ---
2026-10-01 12:21:06,328 - INFO - 
****************************************************************************************************
2026-10-01 12:21:07,385 - INFO - --- training epoch 20, loss 21.4469, mae 21.9440, rmse 26.2531, time elapsed(min) 0.01---
2026-10-01 12:21:07,544 - INFO - --- validation at epoch 20, val_loss 24.0989, val_mae 22.3004, val_rmse 27.0835, val_r2 -0.0209, val_pearson 0.2373, lr 1.00e-03 ---
2026-10-01 12:21:07,544 - INFO - 
****************************************************************************************************
2026-10-01 12:21:07,833 - INFO - --- early stopping at epoch 20: val_loss did not improve for 10 epochs ---
2026-10-01 12:21:08,037 - INFO - --- selected checkpoint from epoch 10, val_loss 23.8579, val_mae 22.4969, val_rmse 26.0240
2026-10-01 12:21:08,597 - INFO - -- RESULT
2026-10-01 12:21:08,597 - INFO - --- test size: 1187
2026-10-01 12:21:08,597 - INFO - --- MAE: 22.5004 pp, RMSE: 26.1940 pp, R2: 0.1088, Pearson: 0.3642
2026-10-01 12:21:08,599 - INFO - --- fullcv05_split70: MAE 22.500404146281028, RMSE 26.193998257316984, R2 0.10882309843754345
2026-10-01 12:21:08,609 - INFO - --- training fullcv06_split70 (npz/bh/fullcv06_split70)
