2026-10-01 17:24:37,904 - INFO - device is	cuda:0
2026-10-01 17:24:38,012 - INFO - -- CONFIGURATIONS
2026-10-01 17:24:38,012 - INFO - --- train/valid/test: 3628/404/1728
2026-10-01 17:24:38,012 - INFO - --- max no. reactants_train, valid, test respectively: 14, 14, 14
2026-10-01 17:24:38,012 - INFO - --- max no. products_train, valid, test respectively: 1, 1, 1
2026-10-01 17:24:38,013 - INFO - --- model_path: ../logs/suzuki_approach1_grid/runs/suzuki/split_8/approach_1_mlp/model.pt
2026-10-01 17:24:38,021 - INFO - -- TRAINING
2026-10-01 17:24:41,656 - INFO - --- training epoch 0, loss 0.9455, mae 1.2542, rmse 2.9610, time elapsed(min) 0.06---
2026-10-01 17:24:41,977 - INFO - --- validation at epoch 0, val_loss 0.0483, val_mae 0.2444, val_rmse 0.3120, val_r2 -0.2580, val_pearson 0.1514, lr 1.00e-03 ---
2026-10-01 17:24:41,977 - INFO - 
****************************************************************************************************
2026-10-01 17:24:45,940 - INFO - --- training epoch 1, loss 0.0425, mae 0.2482, rmse 0.2914, time elapsed(min) 0.06---
2026-10-01 17:24:46,262 - INFO - --- validation at epoch 1, val_loss 0.0388, val_mae 0.2378, val_rmse 0.2819, val_r2 -0.0271, val_pearson 0.1563, lr 1.00e-03 ---
2026-10-01 17:24:46,262 - INFO - 
****************************************************************************************************
2026-10-01 17:24:50,232 - INFO - --- training epoch 2, loss 0.0408, mae 0.2447, rmse 0.2856, time elapsed(min) 0.06---
2026-10-01 17:24:50,608 - INFO - --- validation at epoch 2, val_loss 0.0410, val_mae 0.2383, val_rmse 0.2892, val_r2 -0.0806, val_pearson 0.1593, lr 1.00e-03 ---
2026-10-01 17:24:50,608 - INFO - 
****************************************************************************************************
2026-10-01 17:24:54,737 - INFO - --- training epoch 3, loss 0.0400, mae 0.2445, rmse 0.2828, time elapsed(min) 0.06---
2026-10-01 17:24:55,062 - INFO - --- validation at epoch 3, val_loss 0.0393, val_mae 0.2369, val_rmse 0.2837, val_r2 -0.0402, val_pearson 0.1623, lr 1.00e-03 ---
2026-10-01 17:24:55,062 - INFO - 
****************************************************************************************************
2026-10-01 17:24:58,925 - INFO - --- training epoch 4, loss 0.0396, mae 0.2426, rmse 0.2813, time elapsed(min) 0.06---
2026-10-01 17:24:59,246 - INFO - --- validation at epoch 4, val_loss 0.0396, val_mae 0.2362, val_rmse 0.2850, val_r2 -0.0494, val_pearson 0.1803, lr 1.00e-03 ---
2026-10-01 17:24:59,246 - INFO - 
****************************************************************************************************
2026-10-01 17:25:03,133 - INFO - --- training epoch 5, loss 0.0396, mae 0.2422, rmse 0.2813, time elapsed(min) 0.06---
2026-10-01 17:25:03,464 - INFO - --- validation at epoch 5, val_loss 0.0407, val_mae 0.2363, val_rmse 0.2888, val_r2 -0.0776, val_pearson 0.1953, lr 1.00e-03 ---
2026-10-01 17:25:03,464 - INFO - 
****************************************************************************************************
2026-10-01 17:25:07,395 - INFO - --- training epoch 6, loss 0.0387, mae 0.2394, rmse 0.2782, time elapsed(min) 0.06---
2026-10-01 17:25:07,871 - INFO - --- validation at epoch 6, val_loss 0.0356, val_mae 0.2369, val_rmse 0.2733, val_r2 0.0349, val_pearson 0.2142, lr 1.00e-03 ---
2026-10-01 17:25:07,871 - INFO - 
****************************************************************************************************
2026-10-01 17:25:11,952 - INFO - --- training epoch 7, loss 0.0377, mae 0.2356, rmse 0.2747, time elapsed(min) 0.06---
2026-10-01 17:25:12,273 - INFO - --- validation at epoch 7, val_loss 0.0348, val_mae 0.2322, val_rmse 0.2701, val_r2 0.0578, val_pearson 0.2439, lr 1.00e-03 ---
2026-10-01 17:25:12,273 - INFO - 
****************************************************************************************************
2026-10-01 17:25:16,301 - INFO - --- training epoch 8, loss 0.0376, mae 0.2342, rmse 0.2744, time elapsed(min) 0.06---
2026-10-01 17:25:16,627 - INFO - --- validation at epoch 8, val_loss 0.0390, val_mae 0.2325, val_rmse 0.2830, val_r2 -0.0346, val_pearson 0.2612, lr 1.00e-03 ---
2026-10-01 17:25:16,627 - INFO - 
****************************************************************************************************
2026-10-01 17:25:20,577 - INFO - --- training epoch 9, loss 0.0375, mae 0.2343, rmse 0.2737, time elapsed(min) 0.06---
2026-10-01 17:25:20,957 - INFO - --- validation at epoch 9, val_loss 0.0353, val_mae 0.2339, val_rmse 0.2714, val_r2 0.0480, val_pearson 0.2639, lr 1.00e-03 ---
2026-10-01 17:25:20,957 - INFO - 
****************************************************************************************************
2026-10-01 17:25:25,100 - INFO - --- training epoch 10, loss 0.0371, mae 0.2316, rmse 0.2723, time elapsed(min) 0.06---
2026-10-01 17:25:25,420 - INFO - --- validation at epoch 10, val_loss 0.0349, val_mae 0.2287, val_rmse 0.2691, val_r2 0.0642, val_pearson 0.2702, lr 1.00e-03 ---
2026-10-01 17:25:25,420 - INFO - 
****************************************************************************************************
2026-10-01 17:25:29,287 - INFO - --- training epoch 11, loss 0.0367, mae 0.2303, rmse 0.2709, time elapsed(min) 0.06---
2026-10-01 17:25:29,625 - INFO - --- validation at epoch 11, val_loss 0.0347, val_mae 0.2287, val_rmse 0.2677, val_r2 0.0738, val_pearson 0.2733, lr 1.00e-03 ---
2026-10-01 17:25:29,625 - INFO - 
****************************************************************************************************
2026-10-01 17:25:33,621 - INFO - --- training epoch 12, loss 0.0359, mae 0.2282, rmse 0.2680, time elapsed(min) 0.06---
2026-10-01 17:25:33,999 - INFO - --- validation at epoch 12, val_loss 0.0370, val_mae 0.2349, val_rmse 0.2758, val_r2 0.0170, val_pearson 0.3985, lr 1.00e-03 ---
2026-10-01 17:25:33,999 - INFO - 
****************************************************************************************************
2026-10-01 17:25:38,139 - INFO - --- training epoch 13, loss 0.0387, mae 0.2382, rmse 0.2782, time elapsed(min) 0.06---
2026-10-01 17:25:38,461 - INFO - --- validation at epoch 13, val_loss 0.0383, val_mae 0.2289, val_rmse 0.2783, val_r2 -0.0006, val_pearson 0.2926, lr 1.00e-03 ---
2026-10-01 17:25:38,461 - INFO - 
****************************************************************************************************
2026-10-01 17:25:42,368 - INFO - --- training epoch 14, loss 0.0356, mae 0.2243, rmse 0.2667, time elapsed(min) 0.06---
2026-10-01 17:25:42,739 - INFO - --- validation at epoch 14, val_loss 0.0333, val_mae 0.2123, val_rmse 0.2608, val_r2 0.1214, val_pearson 0.4089, lr 1.00e-03 ---
2026-10-01 17:25:42,739 - INFO - 
****************************************************************************************************
2026-10-01 17:25:46,718 - INFO - --- training epoch 15, loss 0.0334, mae 0.2112, rmse 0.2585, time elapsed(min) 0.06---
2026-10-01 17:25:47,101 - INFO - --- validation at epoch 15, val_loss 0.0336, val_mae 0.2099, val_rmse 0.2595, val_r2 0.1299, val_pearson 0.4255, lr 1.00e-03 ---
2026-10-01 17:25:47,101 - INFO - 
****************************************************************************************************
2026-10-01 17:25:51,244 - INFO - --- training epoch 16, loss 0.0334, mae 0.2129, rmse 0.2585, time elapsed(min) 0.06---
2026-10-01 17:25:51,566 - INFO - --- validation at epoch 16, val_loss 0.0368, val_mae 0.2200, val_rmse 0.2723, val_r2 0.0418, val_pearson 0.3925, lr 1.00e-03 ---
2026-10-01 17:25:51,566 - INFO - 
****************************************************************************************************
2026-10-01 17:25:55,486 - INFO - --- training epoch 17, loss 0.0328, mae 0.2099, rmse 0.2562, time elapsed(min) 0.06---
2026-10-01 17:25:55,810 - INFO - --- validation at epoch 17, val_loss 0.0343, val_mae 0.2110, val_rmse 0.2622, val_r2 0.1118, val_pearson 0.4432, lr 1.00e-03 ---
2026-10-01 17:25:55,810 - INFO - 
****************************************************************************************************
2026-10-01 17:25:59,752 - INFO - --- training epoch 18, loss 0.0322, mae 0.2079, rmse 0.2537, time elapsed(min) 0.06---
2026-10-01 17:26:00,077 - INFO - --- validation at epoch 18, val_loss 0.0319, val_mae 0.2058, val_rmse 0.2536, val_r2 0.1689, val_pearson 0.4681, lr 1.00e-03 ---
2026-10-01 17:26:00,077 - INFO - 
****************************************************************************************************
2026-10-01 17:26:04,232 - INFO - --- training epoch 19, loss 0.0321, mae 0.2062, rmse 0.2534, time elapsed(min) 0.06---
2026-10-01 17:26:04,824 - INFO - --- validation at epoch 19, val_loss 0.0310, val_mae 0.2054, val_rmse 0.2511, val_r2 0.1854, val_pearson 0.4673, lr 1.00e-03 ---
2026-10-01 17:26:04,824 - INFO - 
****************************************************************************************************
2026-10-01 17:26:08,797 - INFO - --- training epoch 20, loss 0.0314, mae 0.2044, rmse 0.2507, time elapsed(min) 0.06---
2026-10-01 17:26:09,121 - INFO - --- validation at epoch 20, val_loss 0.0295, val_mae 0.1989, val_rmse 0.2451, val_r2 0.2240, val_pearson 0.4800, lr 1.00e-03 ---
2026-10-01 17:26:09,122 - INFO - 
****************************************************************************************************
2026-10-01 17:26:13,106 - INFO - --- training epoch 21, loss 0.0321, mae 0.2052, rmse 0.2533, time elapsed(min) 0.06---
2026-10-01 17:26:13,429 - INFO - --- validation at epoch 21, val_loss 0.0288, val_mae 0.1978, val_rmse 0.2439, val_r2 0.2314, val_pearson 0.5205, lr 1.00e-03 ---
2026-10-01 17:26:13,429 - INFO - 
****************************************************************************************************
2026-10-01 17:26:17,454 - INFO - --- training epoch 22, loss 0.0316, mae 0.2041, rmse 0.2516, time elapsed(min) 0.06---
2026-10-01 17:26:17,930 - INFO - --- validation at epoch 22, val_loss 0.0306, val_mae 0.2022, val_rmse 0.2489, val_r2 0.1998, val_pearson 0.4527, lr 1.00e-03 ---
2026-10-01 17:26:17,931 - INFO - 
****************************************************************************************************
2026-10-01 17:26:22,087 - INFO - --- training epoch 23, loss 0.0308, mae 0.2008, rmse 0.2481, time elapsed(min) 0.06---
2026-10-01 17:26:22,409 - INFO - --- validation at epoch 23, val_loss 0.0273, val_mae 0.1950, val_rmse 0.2387, val_r2 0.2636, val_pearson 0.5211, lr 1.00e-03 ---
2026-10-01 17:26:22,410 - INFO - 
****************************************************************************************************
2026-10-01 17:26:26,407 - INFO - --- training epoch 24, loss 0.0267, mae 0.1840, rmse 0.2312, time elapsed(min) 0.06---
2026-10-01 17:26:26,735 - INFO - --- validation at epoch 24, val_loss 0.0221, val_mae 0.1684, val_rmse 0.2119, val_r2 0.4199, val_pearson 0.6547, lr 1.00e-03 ---
2026-10-01 17:26:26,735 - INFO - 
****************************************************************************************************
2026-10-01 17:26:30,762 - INFO - --- training epoch 25, loss 0.0279, mae 0.1899, rmse 0.2361, time elapsed(min) 0.06---
2026-10-01 17:26:31,210 - INFO - --- validation at epoch 25, val_loss 0.0241, val_mae 0.1639, val_rmse 0.2185, val_r2 0.3831, val_pearson 0.6661, lr 1.00e-03 ---
2026-10-01 17:26:31,210 - INFO - 
****************************************************************************************************
2026-10-01 17:26:35,360 - INFO - --- training epoch 26, loss 0.0237, mae 0.1697, rmse 0.2176, time elapsed(min) 0.06---
2026-10-01 17:26:35,684 - INFO - --- validation at epoch 26, val_loss 0.0233, val_mae 0.1697, val_rmse 0.2199, val_r2 0.3753, val_pearson 0.6437, lr 1.00e-03 ---
2026-10-01 17:26:35,684 - INFO - 
****************************************************************************************************
2026-10-01 17:26:39,586 - INFO - --- training epoch 27, loss 0.0236, mae 0.1705, rmse 0.2173, time elapsed(min) 0.06---
2026-10-01 17:26:39,912 - INFO - --- validation at epoch 27, val_loss 0.0209, val_mae 0.1599, val_rmse 0.2053, val_r2 0.4554, val_pearson 0.6804, lr 1.00e-03 ---
2026-10-01 17:26:39,912 - INFO - 
****************************************************************************************************
2026-10-01 17:26:43,911 - INFO - --- training epoch 28, loss 0.0221, mae 0.1634, rmse 0.2102, time elapsed(min) 0.06---
2026-10-01 17:26:44,288 - INFO - --- validation at epoch 28, val_loss 0.0213, val_mae 0.1542, val_rmse 0.2065, val_r2 0.4490, val_pearson 0.6816, lr 1.00e-03 ---
2026-10-01 17:26:44,288 - INFO - 
****************************************************************************************************
2026-10-01 17:26:48,437 - INFO - --- training epoch 29, loss 0.0222, mae 0.1638, rmse 0.2109, time elapsed(min) 0.06---
2026-10-01 17:26:48,759 - INFO - --- validation at epoch 29, val_loss 0.0208, val_mae 0.1526, val_rmse 0.2008, val_r2 0.4788, val_pearson 0.6947, lr 1.00e-03 ---
2026-10-01 17:26:48,759 - INFO - 
****************************************************************************************************
2026-10-01 17:26:52,745 - INFO - --- training epoch 30, loss 0.0231, mae 0.1674, rmse 0.2151, time elapsed(min) 0.06---
2026-10-01 17:26:53,069 - INFO - --- validation at epoch 30, val_loss 0.0212, val_mae 0.1600, val_rmse 0.2072, val_r2 0.4455, val_pearson 0.6696, lr 1.00e-03 ---
2026-10-01 17:26:53,069 - INFO - 
****************************************************************************************************
2026-10-01 17:26:57,019 - INFO - --- training epoch 31, loss 0.0230, mae 0.1654, rmse 0.2143, time elapsed(min) 0.06---
2026-10-01 17:26:57,343 - INFO - --- validation at epoch 31, val_loss 0.0210, val_mae 0.1552, val_rmse 0.2049, val_r2 0.4573, val_pearson 0.6803, lr 1.00e-03 ---
2026-10-01 17:26:57,343 - INFO - 
****************************************************************************************************
2026-10-01 17:27:01,388 - INFO - --- training epoch 32, loss 0.0217, mae 0.1616, rmse 0.2083, time elapsed(min) 0.06---
2026-10-01 17:27:01,864 - INFO - --- validation at epoch 32, val_loss 0.0236, val_mae 0.1617, val_rmse 0.2171, val_r2 0.3913, val_pearson 0.6471, lr 1.00e-03 ---
2026-10-01 17:27:01,864 - INFO - 
****************************************************************************************************
2026-10-01 17:27:05,881 - INFO - --- training epoch 33, loss 0.0221, mae 0.1629, rmse 0.2102, time elapsed(min) 0.06---
2026-10-01 17:27:06,202 - INFO - --- validation at epoch 33, val_loss 0.0214, val_mae 0.1545, val_rmse 0.2051, val_r2 0.4563, val_pearson 0.6922, lr 1.00e-03 ---
2026-10-01 17:27:06,203 - INFO - 
****************************************************************************************************
2026-10-01 17:27:10,173 - INFO - --- training epoch 34, loss 0.0210, mae 0.1577, rmse 0.2051, time elapsed(min) 0.06---
2026-10-01 17:27:10,500 - INFO - --- validation at epoch 34, val_loss 0.0200, val_mae 0.1497, val_rmse 0.1989, val_r2 0.4890, val_pearson 0.7032, lr 1.00e-03 ---
2026-10-01 17:27:10,500 - INFO - 
****************************************************************************************************
2026-10-01 17:27:14,644 - INFO - --- training epoch 35, loss 0.0216, mae 0.1604, rmse 0.2077, time elapsed(min) 0.06---
2026-10-01 17:27:15,117 - INFO - --- validation at epoch 35, val_loss 0.0199, val_mae 0.1528, val_rmse 0.1982, val_r2 0.4925, val_pearson 0.7084, lr 1.00e-03 ---
2026-10-01 17:27:15,117 - INFO - 
****************************************************************************************************
2026-10-01 17:27:19,220 - INFO - --- training epoch 36, loss 0.0207, mae 0.1563, rmse 0.2037, time elapsed(min) 0.06---
2026-10-01 17:27:19,588 - INFO - --- validation at epoch 36, val_loss 0.0218, val_mae 0.1557, val_rmse 0.2069, val_r2 0.4472, val_pearson 0.6943, lr 1.00e-03 ---
2026-10-01 17:27:19,588 - INFO - 
****************************************************************************************************
2026-10-01 17:27:23,493 - INFO - --- training epoch 37, loss 0.0211, mae 0.1578, rmse 0.2053, time elapsed(min) 0.06---
2026-10-01 17:27:23,817 - INFO - --- validation at epoch 37, val_loss 0.0221, val_mae 0.1595, val_rmse 0.2075, val_r2 0.4436, val_pearson 0.7005, lr 1.00e-03 ---
2026-10-01 17:27:23,817 - INFO - 
****************************************************************************************************
2026-10-01 17:27:27,771 - INFO - --- training epoch 38, loss 0.0229, mae 0.1671, rmse 0.2140, time elapsed(min) 0.06---
2026-10-01 17:27:28,251 - INFO - --- validation at epoch 38, val_loss 0.0228, val_mae 0.1709, val_rmse 0.2146, val_r2 0.4049, val_pearson 0.6442, lr 1.00e-03 ---
2026-10-01 17:27:28,251 - INFO - 
****************************************************************************************************
2026-10-01 17:27:32,413 - INFO - --- training epoch 39, loss 0.0227, mae 0.1673, rmse 0.2129, time elapsed(min) 0.06---
2026-10-01 17:27:32,736 - INFO - --- validation at epoch 39, val_loss 0.0219, val_mae 0.1583, val_rmse 0.2063, val_r2 0.4501, val_pearson 0.6857, lr 1.00e-03 ---
2026-10-01 17:27:32,737 - INFO - 
****************************************************************************************************
2026-10-01 17:27:36,649 - INFO - --- training epoch 40, loss 0.0217, mae 0.1621, rmse 0.2086, time elapsed(min) 0.06---
2026-10-01 17:27:36,977 - INFO - --- validation at epoch 40, val_loss 0.0222, val_mae 0.1606, val_rmse 0.2096, val_r2 0.4323, val_pearson 0.6922, lr 1.00e-03 ---
2026-10-01 17:27:36,978 - INFO - 
****************************************************************************************************
2026-10-01 17:27:40,873 - INFO - --- training epoch 41, loss 0.0210, mae 0.1595, rmse 0.2048, time elapsed(min) 0.06---
2026-10-01 17:27:41,320 - INFO - --- validation at epoch 41, val_loss 0.0193, val_mae 0.1493, val_rmse 0.1947, val_r2 0.5102, val_pearson 0.7245, lr 1.00e-03 ---
2026-10-01 17:27:41,320 - INFO - 
****************************************************************************************************
2026-10-01 17:27:45,561 - INFO - --- training epoch 42, loss 0.0207, mae 0.1571, rmse 0.2033, time elapsed(min) 0.06---
2026-10-01 17:27:45,891 - INFO - --- validation at epoch 42, val_loss 0.0195, val_mae 0.1504, val_rmse 0.1959, val_r2 0.5041, val_pearson 0.7119, lr 1.00e-03 ---
2026-10-01 17:27:45,891 - INFO - 
****************************************************************************************************
2026-10-01 17:27:49,789 - INFO - --- training epoch 43, loss 0.0204, mae 0.1556, rmse 0.2021, time elapsed(min) 0.06---
2026-10-01 17:27:50,129 - INFO - --- validation at epoch 43, val_loss 0.0187, val_mae 0.1466, val_rmse 0.1899, val_r2 0.5343, val_pearson 0.7326, lr 1.00e-03 ---
2026-10-01 17:27:50,129 - INFO - 
****************************************************************************************************
2026-10-01 17:27:54,130 - INFO - --- training epoch 44, loss 0.0203, mae 0.1548, rmse 0.2015, time elapsed(min) 0.06---
2026-10-01 17:27:54,512 - INFO - --- validation at epoch 44, val_loss 0.0189, val_mae 0.1463, val_rmse 0.1927, val_r2 0.5202, val_pearson 0.7309, lr 1.00e-03 ---
2026-10-01 17:27:54,512 - INFO - 
****************************************************************************************************
2026-10-01 17:27:58,699 - INFO - --- training epoch 45, loss 0.0201, mae 0.1538, rmse 0.2006, time elapsed(min) 0.07---
2026-10-01 17:27:59,021 - INFO - --- validation at epoch 45, val_loss 0.0186, val_mae 0.1475, val_rmse 0.1918, val_r2 0.5245, val_pearson 0.7272, lr 1.00e-03 ---
2026-10-01 17:27:59,021 - INFO - 
****************************************************************************************************
2026-10-01 17:28:03,020 - INFO - --- training epoch 46, loss 0.0199, mae 0.1535, rmse 0.1996, time elapsed(min) 0.06---
2026-10-01 17:28:03,344 - INFO - --- validation at epoch 46, val_loss 0.0187, val_mae 0.1469, val_rmse 0.1905, val_r2 0.5314, val_pearson 0.7341, lr 1.00e-03 ---
2026-10-01 17:28:03,344 - INFO - 
****************************************************************************************************
2026-10-01 17:28:07,255 - INFO - --- training epoch 47, loss 0.0200, mae 0.1532, rmse 0.2001, time elapsed(min) 0.06---
2026-10-01 17:28:07,581 - INFO - --- validation at epoch 47, val_loss 0.0182, val_mae 0.1454, val_rmse 0.1880, val_r2 0.5432, val_pearson 0.7388, lr 1.00e-03 ---
2026-10-01 17:28:07,581 - INFO - 
****************************************************************************************************
2026-10-01 17:28:11,786 - INFO - --- training epoch 48, loss 0.0197, mae 0.1520, rmse 0.1983, time elapsed(min) 0.06---
2026-10-01 17:28:12,272 - INFO - --- validation at epoch 48, val_loss 0.0183, val_mae 0.1441, val_rmse 0.1873, val_r2 0.5468, val_pearson 0.7400, lr 1.00e-03 ---
2026-10-01 17:28:12,272 - INFO - 
****************************************************************************************************
2026-10-01 17:28:16,275 - INFO - --- training epoch 49, loss 0.0206, mae 0.1561, rmse 0.2028, time elapsed(min) 0.06---
2026-10-01 17:28:16,598 - INFO - --- validation at epoch 49, val_loss 0.0190, val_mae 0.1475, val_rmse 0.1929, val_r2 0.5191, val_pearson 0.7321, lr 1.00e-03 ---
2026-10-01 17:28:16,598 - INFO - 
****************************************************************************************************
2026-10-01 17:28:20,517 - INFO - --- training epoch 50, loss 0.0201, mae 0.1533, rmse 0.2004, time elapsed(min) 0.06---
2026-10-01 17:28:20,837 - INFO - --- validation at epoch 50, val_loss 0.0181, val_mae 0.1457, val_rmse 0.1887, val_r2 0.5402, val_pearson 0.7371, lr 1.00e-03 ---
2026-10-01 17:28:20,837 - INFO - 
****************************************************************************************************
2026-10-01 17:28:24,896 - INFO - --- training epoch 51, loss 0.0194, mae 0.1505, rmse 0.1972, time elapsed(min) 0.06---
2026-10-01 17:28:25,372 - INFO - --- validation at epoch 51, val_loss 0.0189, val_mae 0.1454, val_rmse 0.1906, val_r2 0.5308, val_pearson 0.7395, lr 1.00e-03 ---
2026-10-01 17:28:25,372 - INFO - 
****************************************************************************************************
2026-10-01 17:28:29,440 - INFO - --- training epoch 52, loss 0.0197, mae 0.1512, rmse 0.1984, time elapsed(min) 0.06---
2026-10-01 17:28:29,763 - INFO - --- validation at epoch 52, val_loss 0.0190, val_mae 0.1447, val_rmse 0.1921, val_r2 0.5232, val_pearson 0.7340, lr 1.00e-03 ---
2026-10-01 17:28:29,763 - INFO - 
****************************************************************************************************
2026-10-01 17:28:33,662 - INFO - --- training epoch 53, loss 0.0197, mae 0.1510, rmse 0.1983, time elapsed(min) 0.06---
2026-10-01 17:28:33,985 - INFO - --- validation at epoch 53, val_loss 0.0189, val_mae 0.1479, val_rmse 0.1915, val_r2 0.5263, val_pearson 0.7310, lr 1.00e-03 ---
2026-10-01 17:28:33,985 - INFO - 
****************************************************************************************************
2026-10-01 17:28:37,912 - INFO - --- training epoch 54, loss 0.0193, mae 0.1501, rmse 0.1967, time elapsed(min) 0.06---
2026-10-01 17:28:38,295 - INFO - --- validation at epoch 54, val_loss 0.0186, val_mae 0.1457, val_rmse 0.1879, val_r2 0.5440, val_pearson 0.7465, lr 1.00e-03 ---
2026-10-01 17:28:38,295 - INFO - 
****************************************************************************************************
2026-10-01 17:28:42,482 - INFO - --- training epoch 55, loss 0.0191, mae 0.1487, rmse 0.1955, time elapsed(min) 0.07---
2026-10-01 17:28:42,805 - INFO - --- validation at epoch 55, val_loss 0.0179, val_mae 0.1442, val_rmse 0.1856, val_r2 0.5550, val_pearson 0.7510, lr 1.00e-03 ---
2026-10-01 17:28:42,806 - INFO - 
****************************************************************************************************
2026-10-01 17:28:46,803 - INFO - --- training epoch 56, loss 0.0194, mae 0.1501, rmse 0.1968, time elapsed(min) 0.06---
2026-10-01 17:28:47,124 - INFO - --- validation at epoch 56, val_loss 0.0192, val_mae 0.1483, val_rmse 0.1946, val_r2 0.5108, val_pearson 0.7170, lr 1.00e-03 ---
2026-10-01 17:28:47,125 - INFO - 
****************************************************************************************************
2026-10-01 17:28:51,022 - INFO - --- training epoch 57, loss 0.0193, mae 0.1499, rmse 0.1966, time elapsed(min) 0.06---
2026-10-01 17:28:51,345 - INFO - --- validation at epoch 57, val_loss 0.0179, val_mae 0.1419, val_rmse 0.1848, val_r2 0.5589, val_pearson 0.7506, lr 1.00e-03 ---
2026-10-01 17:28:51,345 - INFO - 
****************************************************************************************************
2026-10-01 17:28:55,401 - INFO - --- training epoch 58, loss 0.0186, mae 0.1457, rmse 0.1930, time elapsed(min) 0.06---
2026-10-01 17:28:55,884 - INFO - --- validation at epoch 58, val_loss 0.0174, val_mae 0.1394, val_rmse 0.1836, val_r2 0.5644, val_pearson 0.7612, lr 1.00e-03 ---
2026-10-01 17:28:55,884 - INFO - 
****************************************************************************************************
2026-10-01 17:29:00,023 - INFO - --- training epoch 59, loss 0.0186, mae 0.1475, rmse 0.1930, time elapsed(min) 0.06---
2026-10-01 17:29:00,344 - INFO - --- validation at epoch 59, val_loss 0.0186, val_mae 0.1482, val_rmse 0.1914, val_r2 0.5268, val_pearson 0.7787, lr 1.00e-03 ---
2026-10-01 17:29:00,344 - INFO - 
****************************************************************************************************
2026-10-01 17:29:04,258 - INFO - --- training epoch 60, loss 0.0193, mae 0.1491, rmse 0.1962, time elapsed(min) 0.06---
2026-10-01 17:29:04,582 - INFO - --- validation at epoch 60, val_loss 0.0200, val_mae 0.1527, val_rmse 0.1963, val_r2 0.5020, val_pearson 0.7117, lr 1.00e-03 ---
2026-10-01 17:29:04,582 - INFO - 
****************************************************************************************************
2026-10-01 17:29:08,589 - INFO - --- training epoch 61, loss 0.0200, mae 0.1539, rmse 0.2000, time elapsed(min) 0.06---
2026-10-01 17:29:09,044 - INFO - --- validation at epoch 61, val_loss 0.0191, val_mae 0.1488, val_rmse 0.1956, val_r2 0.5056, val_pearson 0.7382, lr 1.00e-03 ---
2026-10-01 17:29:09,044 - INFO - 
****************************************************************************************************
2026-10-01 17:29:13,279 - INFO - --- training epoch 62, loss 0.0190, mae 0.1492, rmse 0.1950, time elapsed(min) 0.07---
2026-10-01 17:29:13,618 - INFO - --- validation at epoch 62, val_loss 0.0175, val_mae 0.1378, val_rmse 0.1829, val_r2 0.5679, val_pearson 0.7651, lr 1.00e-03 ---
2026-10-01 17:29:13,618 - INFO - 
****************************************************************************************************
2026-10-01 17:29:17,517 - INFO - --- training epoch 63, loss 0.0178, mae 0.1450, rmse 0.1887, time elapsed(min) 0.06---
2026-10-01 17:29:17,839 - INFO - --- validation at epoch 63, val_loss 0.0174, val_mae 0.1397, val_rmse 0.1841, val_r2 0.5623, val_pearson 0.7674, lr 1.00e-03 ---
2026-10-01 17:29:17,839 - INFO - 
****************************************************************************************************
2026-10-01 17:29:21,929 - INFO - --- training epoch 64, loss 0.0178, mae 0.1435, rmse 0.1885, time elapsed(min) 0.06---
2026-10-01 17:29:22,305 - INFO - --- validation at epoch 64, val_loss 0.0182, val_mae 0.1408, val_rmse 0.1862, val_r2 0.5520, val_pearson 0.7704, lr 1.00e-03 ---
2026-10-01 17:29:22,305 - INFO - 
****************************************************************************************************
2026-10-01 17:29:26,475 - INFO - --- training epoch 65, loss 0.0186, mae 0.1479, rmse 0.1931, time elapsed(min) 0.06---
2026-10-01 17:29:26,800 - INFO - --- validation at epoch 65, val_loss 0.0184, val_mae 0.1402, val_rmse 0.1882, val_r2 0.5422, val_pearson 0.7497, lr 1.00e-03 ---
2026-10-01 17:29:26,800 - INFO - 
****************************************************************************************************
2026-10-01 17:29:30,722 - INFO - --- training epoch 66, loss 0.0188, mae 0.1488, rmse 0.1938, time elapsed(min) 0.06---
2026-10-01 17:29:31,045 - INFO - --- validation at epoch 66, val_loss 0.0185, val_mae 0.1477, val_rmse 0.1917, val_r2 0.5253, val_pearson 0.7696, lr 1.00e-03 ---
2026-10-01 17:29:31,045 - INFO - 
****************************************************************************************************
2026-10-01 17:29:34,949 - INFO - --- training epoch 67, loss 0.0185, mae 0.1468, rmse 0.1925, time elapsed(min) 0.06---
2026-10-01 17:29:35,327 - INFO - --- validation at epoch 67, val_loss 0.0194, val_mae 0.1445, val_rmse 0.1939, val_r2 0.5144, val_pearson 0.7477, lr 1.00e-03 ---
2026-10-01 17:29:35,327 - INFO - 
****************************************************************************************************
2026-10-01 17:29:39,382 - INFO - --- training epoch 68, loss 0.0179, mae 0.1444, rmse 0.1889, time elapsed(min) 0.06---
2026-10-01 17:29:39,861 - INFO - --- validation at epoch 68, val_loss 0.0191, val_mae 0.1395, val_rmse 0.1887, val_r2 0.5399, val_pearson 0.7563, lr 1.00e-03 ---
2026-10-01 17:29:39,862 - INFO - 
****************************************************************************************************
2026-10-01 17:29:43,865 - INFO - --- training epoch 69, loss 0.0173, mae 0.1419, rmse 0.1858, time elapsed(min) 0.06---
2026-10-01 17:29:44,187 - INFO - --- validation at epoch 69, val_loss 0.0182, val_mae 0.1417, val_rmse 0.1856, val_r2 0.5551, val_pearson 0.7726, lr 1.00e-03 ---
2026-10-01 17:29:44,188 - INFO - 
****************************************************************************************************
2026-10-01 17:29:48,108 - INFO - --- training epoch 70, loss 0.0170, mae 0.1400, rmse 0.1845, time elapsed(min) 0.06---
2026-10-01 17:29:48,435 - INFO - --- validation at epoch 70, val_loss 0.0178, val_mae 0.1392, val_rmse 0.1837, val_r2 0.5640, val_pearson 0.7770, lr 1.00e-03 ---
2026-10-01 17:29:48,435 - INFO - 
****************************************************************************************************
2026-10-01 17:29:52,403 - INFO - --- training epoch 71, loss 0.0164, mae 0.1392, rmse 0.1812, time elapsed(min) 0.06---
2026-10-01 17:29:52,877 - INFO - --- validation at epoch 71, val_loss 0.0173, val_mae 0.1388, val_rmse 0.1824, val_r2 0.5701, val_pearson 0.7750, lr 1.00e-03 ---
2026-10-01 17:29:52,877 - INFO - 
****************************************************************************************************
2026-10-01 17:29:57,155 - INFO - --- training epoch 72, loss 0.0174, mae 0.1426, rmse 0.1865, time elapsed(min) 0.06---
2026-10-01 17:29:57,476 - INFO - --- validation at epoch 72, val_loss 0.0198, val_mae 0.1472, val_rmse 0.1935, val_r2 0.5160, val_pearson 0.7647, lr 1.00e-03 ---
2026-10-01 17:29:57,476 - INFO - 
****************************************************************************************************
2026-10-01 17:30:01,385 - INFO - --- training epoch 73, loss 0.0163, mae 0.1376, rmse 0.1807, time elapsed(min) 0.06---
2026-10-01 17:30:01,706 - INFO - --- validation at epoch 73, val_loss 0.0194, val_mae 0.1466, val_rmse 0.1914, val_r2 0.5269, val_pearson 0.7816, lr 1.00e-03 ---
2026-10-01 17:30:01,706 - INFO - 
****************************************************************************************************
2026-10-01 17:30:05,636 - INFO - --- training epoch 74, loss 0.0160, mae 0.1364, rmse 0.1789, time elapsed(min) 0.06---
2026-10-01 17:30:06,016 - INFO - --- validation at epoch 74, val_loss 0.0186, val_mae 0.1431, val_rmse 0.1885, val_r2 0.5411, val_pearson 0.7795, lr 1.00e-03 ---
2026-10-01 17:30:06,016 - INFO - 
****************************************************************************************************
2026-10-01 17:30:10,217 - INFO - --- training epoch 75, loss 0.0154, mae 0.1337, rmse 0.1757, time elapsed(min) 0.07---
2026-10-01 17:30:10,541 - INFO - --- validation at epoch 75, val_loss 0.0189, val_mae 0.1474, val_rmse 0.1909, val_r2 0.5293, val_pearson 0.7658, lr 1.00e-03 ---
2026-10-01 17:30:10,541 - INFO - 
****************************************************************************************************
2026-10-01 17:30:14,443 - INFO - --- training epoch 76, loss 0.0156, mae 0.1346, rmse 0.1764, time elapsed(min) 0.06---
2026-10-01 17:30:14,769 - INFO - --- validation at epoch 76, val_loss 0.0185, val_mae 0.1427, val_rmse 0.1875, val_r2 0.5458, val_pearson 0.7756, lr 1.00e-03 ---
2026-10-01 17:30:14,769 - INFO - 
****************************************************************************************************
2026-10-01 17:30:18,750 - INFO - --- training epoch 77, loss 0.0164, mae 0.1387, rmse 0.1809, time elapsed(min) 0.06---
2026-10-01 17:30:19,078 - INFO - --- validation at epoch 77, val_loss 0.0201, val_mae 0.1505, val_rmse 0.1988, val_r2 0.4895, val_pearson 0.7474, lr 1.00e-03 ---
2026-10-01 17:30:19,078 - INFO - 
****************************************************************************************************
2026-10-01 17:30:23,158 - INFO - --- training epoch 78, loss 0.0160, mae 0.1374, rmse 0.1791, time elapsed(min) 0.06---
2026-10-01 17:30:23,681 - INFO - --- validation at epoch 78, val_loss 0.0187, val_mae 0.1422, val_rmse 0.1857, val_r2 0.5545, val_pearson 0.7685, lr 1.00e-03 ---
2026-10-01 17:30:23,681 - INFO - 
****************************************************************************************************
2026-10-01 17:30:27,699 - INFO - --- training epoch 79, loss 0.0158, mae 0.1353, rmse 0.1776, time elapsed(min) 0.06---
2026-10-01 17:30:28,021 - INFO - --- validation at epoch 79, val_loss 0.0171, val_mae 0.1352, val_rmse 0.1786, val_r2 0.5877, val_pearson 0.7757, lr 1.00e-03 ---
2026-10-01 17:30:28,021 - INFO - 
****************************************************************************************************
2026-10-01 17:30:32,030 - INFO - --- training epoch 80, loss 0.0154, mae 0.1345, rmse 0.1753, time elapsed(min) 0.06---
2026-10-01 17:30:32,352 - INFO - --- validation at epoch 80, val_loss 0.0173, val_mae 0.1377, val_rmse 0.1800, val_r2 0.5813, val_pearson 0.7719, lr 1.00e-03 ---
2026-10-01 17:30:32,352 - INFO - 
****************************************************************************************************
2026-10-01 17:30:36,444 - INFO - --- training epoch 81, loss 0.0152, mae 0.1327, rmse 0.1745, time elapsed(min) 0.06---
2026-10-01 17:30:36,945 - INFO - --- validation at epoch 81, val_loss 0.0173, val_mae 0.1375, val_rmse 0.1791, val_r2 0.5856, val_pearson 0.7941, lr 1.00e-03 ---
2026-10-01 17:30:36,945 - INFO - 
****************************************************************************************************
2026-10-01 17:30:40,957 - INFO - --- training epoch 82, loss 0.0149, mae 0.1309, rmse 0.1724, time elapsed(min) 0.06---
2026-10-01 17:30:41,281 - INFO - --- validation at epoch 82, val_loss 0.0181, val_mae 0.1399, val_rmse 0.1852, val_r2 0.5568, val_pearson 0.7691, lr 1.00e-03 ---
2026-10-01 17:30:41,281 - INFO - 
****************************************************************************************************
2026-10-01 17:30:45,190 - INFO - --- training epoch 83, loss 0.0150, mae 0.1321, rmse 0.1731, time elapsed(min) 0.06---
2026-10-01 17:30:45,517 - INFO - --- validation at epoch 83, val_loss 0.0172, val_mae 0.1371, val_rmse 0.1787, val_r2 0.5876, val_pearson 0.7792, lr 1.00e-03 ---
2026-10-01 17:30:45,517 - INFO - 
****************************************************************************************************
2026-10-01 17:30:49,448 - INFO - --- training epoch 84, loss 0.0152, mae 0.1323, rmse 0.1743, time elapsed(min) 0.06---
2026-10-01 17:30:49,900 - INFO - --- validation at epoch 84, val_loss 0.0167, val_mae 0.1330, val_rmse 0.1739, val_r2 0.6091, val_pearson 0.7901, lr 1.00e-03 ---
2026-10-01 17:30:49,900 - INFO - 
****************************************************************************************************
2026-10-01 17:30:54,162 - INFO - --- training epoch 85, loss 0.0154, mae 0.1334, rmse 0.1755, time elapsed(min) 0.06---
2026-10-01 17:30:54,499 - INFO - --- validation at epoch 85, val_loss 0.0189, val_mae 0.1403, val_rmse 0.1844, val_r2 0.5607, val_pearson 0.7560, lr 1.00e-03 ---
2026-10-01 17:30:54,499 - INFO - 
****************************************************************************************************
2026-10-01 17:30:58,418 - INFO - --- training epoch 86, loss 0.0161, mae 0.1369, rmse 0.1793, time elapsed(min) 0.06---
2026-10-01 17:30:58,744 - INFO - --- validation at epoch 86, val_loss 0.0171, val_mae 0.1334, val_rmse 0.1768, val_r2 0.5963, val_pearson 0.7811, lr 1.00e-03 ---
2026-10-01 17:30:58,744 - INFO - 
****************************************************************************************************
2026-10-01 17:31:02,685 - INFO - --- training epoch 87, loss 0.0156, mae 0.1348, rmse 0.1766, time elapsed(min) 0.06---
2026-10-01 17:31:03,067 - INFO - --- validation at epoch 87, val_loss 0.0174, val_mae 0.1371, val_rmse 0.1791, val_r2 0.5857, val_pearson 0.7729, lr 1.00e-03 ---
2026-10-01 17:31:03,067 - INFO - 
****************************************************************************************************
2026-10-01 17:31:07,246 - INFO - --- training epoch 88, loss 0.0157, mae 0.1349, rmse 0.1774, time elapsed(min) 0.06---
2026-10-01 17:31:07,570 - INFO - --- validation at epoch 88, val_loss 0.0183, val_mae 0.1434, val_rmse 0.1831, val_r2 0.5668, val_pearson 0.7692, lr 1.00e-03 ---
2026-10-01 17:31:07,570 - INFO - 
****************************************************************************************************
2026-10-01 17:31:11,497 - INFO - --- training epoch 89, loss 0.0154, mae 0.1339, rmse 0.1752, time elapsed(min) 0.06---
2026-10-01 17:31:11,819 - INFO - --- validation at epoch 89, val_loss 0.0172, val_mae 0.1395, val_rmse 0.1801, val_r2 0.5808, val_pearson 0.7871, lr 1.00e-03 ---
2026-10-01 17:31:11,819 - INFO - 
****************************************************************************************************
2026-10-01 17:31:15,727 - INFO - --- training epoch 90, loss 0.0146, mae 0.1291, rmse 0.1709, time elapsed(min) 0.06---
2026-10-01 17:31:16,107 - INFO - --- validation at epoch 90, val_loss 0.0161, val_mae 0.1274, val_rmse 0.1697, val_r2 0.6281, val_pearson 0.7972, lr 1.00e-03 ---
2026-10-01 17:31:16,107 - INFO - 
****************************************************************************************************
2026-10-01 17:31:20,400 - INFO - --- training epoch 91, loss 0.0145, mae 0.1281, rmse 0.1701, time elapsed(min) 0.06---
2026-10-01 17:31:20,734 - INFO - --- validation at epoch 91, val_loss 0.0160, val_mae 0.1293, val_rmse 0.1695, val_r2 0.6288, val_pearson 0.7962, lr 1.00e-03 ---
2026-10-01 17:31:20,734 - INFO - 
****************************************************************************************************
2026-10-01 17:31:24,783 - INFO - --- training epoch 92, loss 0.0146, mae 0.1290, rmse 0.1711, time elapsed(min) 0.06---
2026-10-01 17:31:25,106 - INFO - --- validation at epoch 92, val_loss 0.0203, val_mae 0.1496, val_rmse 0.1943, val_r2 0.5120, val_pearson 0.7624, lr 1.00e-03 ---
2026-10-01 17:31:25,106 - INFO - 
****************************************************************************************************
2026-10-01 17:31:29,000 - INFO - --- training epoch 93, loss 0.0152, mae 0.1324, rmse 0.1741, time elapsed(min) 0.06---
2026-10-01 17:31:29,324 - INFO - --- validation at epoch 93, val_loss 0.0163, val_mae 0.1269, val_rmse 0.1703, val_r2 0.6251, val_pearson 0.7942, lr 1.00e-03 ---
2026-10-01 17:31:29,324 - INFO - 
****************************************************************************************************
2026-10-01 17:31:33,379 - INFO - --- training epoch 94, loss 0.0148, mae 0.1296, rmse 0.1721, time elapsed(min) 0.06---
2026-10-01 17:31:33,876 - INFO - --- validation at epoch 94, val_loss 0.0165, val_mae 0.1306, val_rmse 0.1730, val_r2 0.6134, val_pearson 0.7975, lr 1.00e-03 ---
2026-10-01 17:31:33,876 - INFO - 
****************************************************************************************************
2026-10-01 17:31:37,898 - INFO - --- training epoch 95, loss 0.0143, mae 0.1285, rmse 0.1692, time elapsed(min) 0.06---
2026-10-01 17:31:38,226 - INFO - --- validation at epoch 95, val_loss 0.0164, val_mae 0.1273, val_rmse 0.1694, val_r2 0.6292, val_pearson 0.7976, lr 1.00e-03 ---
2026-10-01 17:31:38,226 - INFO - 
****************************************************************************************************
2026-10-01 17:31:42,161 - INFO - --- training epoch 96, loss 0.0146, mae 0.1283, rmse 0.1706, time elapsed(min) 0.06---
2026-10-01 17:31:42,485 - INFO - --- validation at epoch 96, val_loss 0.0163, val_mae 0.1270, val_rmse 0.1693, val_r2 0.6296, val_pearson 0.7950, lr 1.00e-03 ---
2026-10-01 17:31:42,485 - INFO - 
****************************************************************************************************
2026-10-01 17:31:46,463 - INFO - --- training epoch 97, loss 0.0142, mae 0.1275, rmse 0.1687, time elapsed(min) 0.06---
2026-10-01 17:31:46,919 - INFO - --- validation at epoch 97, val_loss 0.0154, val_mae 0.1261, val_rmse 0.1685, val_r2 0.6331, val_pearson 0.8052, lr 1.00e-03 ---
2026-10-01 17:31:46,919 - INFO - 
****************************************************************************************************
2026-10-01 17:31:51,315 - INFO - --- training epoch 98, loss 0.0142, mae 0.1271, rmse 0.1683, time elapsed(min) 0.07---
2026-10-01 17:31:51,637 - INFO - --- validation at epoch 98, val_loss 0.0162, val_mae 0.1285, val_rmse 0.1704, val_r2 0.6249, val_pearson 0.8020, lr 1.00e-03 ---
2026-10-01 17:31:51,637 - INFO - 
****************************************************************************************************
2026-10-01 17:31:55,533 - INFO - --- training epoch 99, loss 0.0146, mae 0.1291, rmse 0.1707, time elapsed(min) 0.06---
2026-10-01 17:31:55,856 - INFO - --- validation at epoch 99, val_loss 0.0168, val_mae 0.1286, val_rmse 0.1725, val_r2 0.6158, val_pearson 0.7928, lr 1.00e-03 ---
2026-10-01 17:31:55,856 - INFO - 
****************************************************************************************************
2026-10-01 17:31:56,495 - INFO - --- selected checkpoint from epoch 97, val_loss 0.0154, val_mae 0.1261, val_rmse 0.1685
2026-10-01 17:31:57,639 - INFO - -- RESULT
2026-10-01 17:31:57,639 - INFO - --- test size: 1728
2026-10-01 17:31:57,639 - INFO - --- MAE: 0.1312 (13.12 pp), RMSE: 0.1760 (17.60 pp), R2: 0.6145, Pearson: 0.7916
2026-10-01 17:32:00,003 - INFO - --- Cell approach_1_mlp DONE: test MAE=0.1312 RMSE=0.1760 R2=0.6145 | sec/epoch=4.38
2026-10-01 17:32:00,020 - INFO - === RUNNING: dataset=suzuki split=split_8 cell=option_b_linear (tokens=ind, pooling=rn, head=linear) ===
