2026-10-01 11:34:09,467 - INFO - device is	cuda:0
2026-10-01 11:34:09,580 - INFO - -- CONFIGURATIONS
2026-10-01 11:34:09,580 - INFO - --- train/valid/test: 2491/277/1187
2026-10-01 11:34:09,580 - INFO - --- max no. reactants_train, valid, test respectively: 6, 6, 6
2026-10-01 11:34:09,580 - INFO - --- max no. products_train, valid, test respectively: 1, 1, 1
2026-10-01 11:34:09,580 - INFO - --- model_path: ../logs/approach1_server/current_model/bh/runs/fullcv10_split70/model.pt
2026-10-01 11:34:09,589 - INFO - -- TRAINING
2026-10-01 11:34:10,136 - INFO - --- training epoch 0, loss 24.3393, mae 24.8337, rmse 30.6892, time elapsed(min) 0.01---
2026-10-01 11:34:10,287 - INFO - --- validation at epoch 0, val_loss 22.3206, val_mae 23.6510, val_rmse 28.8555, val_r2 -0.1301, val_pearson -0.2685, lr 1.00e-03 ---
2026-10-01 11:34:10,287 - INFO - 
****************************************************************************************************
2026-10-01 11:34:11,305 - INFO - --- training epoch 1, loss 22.5825, mae 23.0796, rmse 27.8520, time elapsed(min) 0.01---
2026-10-01 11:34:11,443 - INFO - --- validation at epoch 1, val_loss 22.5375, val_mae 23.3349, val_rmse 27.9015, val_r2 -0.0566, val_pearson 0.0899, lr 1.00e-03 ---
2026-10-01 11:34:11,444 - INFO - 
****************************************************************************************************
2026-10-01 11:34:12,419 - INFO - --- training epoch 2, loss 22.0768, mae 22.5716, rmse 27.2497, time elapsed(min) 0.01---
2026-10-01 11:34:12,574 - INFO - --- validation at epoch 2, val_loss 23.0266, val_mae 23.5529, val_rmse 28.7376, val_r2 -0.1209, val_pearson 0.0986, lr 1.00e-03 ---
2026-10-01 11:34:12,574 - INFO - 
****************************************************************************************************
2026-10-01 11:34:13,656 - INFO - --- training epoch 3, loss 22.0732, mae 22.5689, rmse 27.3992, time elapsed(min) 0.01---
2026-10-01 11:34:13,805 - INFO - --- validation at epoch 3, val_loss 22.6999, val_mae 23.1206, val_rmse 27.4157, val_r2 -0.0202, val_pearson 0.1004, lr 1.00e-03 ---
2026-10-01 11:34:13,805 - INFO - 
****************************************************************************************************
2026-10-01 11:34:14,600 - INFO - --- training epoch 4, loss 21.9146, mae 22.4116, rmse 27.1195, time elapsed(min) 0.01---
2026-10-01 11:34:14,756 - INFO - --- validation at epoch 4, val_loss 22.7791, val_mae 23.2741, val_rmse 28.3370, val_r2 -0.0899, val_pearson 0.1102, lr 1.00e-03 ---
2026-10-01 11:34:14,756 - INFO - 
****************************************************************************************************
2026-10-01 11:34:15,542 - INFO - --- training epoch 5, loss 21.8831, mae 22.3785, rmse 27.1794, time elapsed(min) 0.01---
2026-10-01 11:34:15,674 - INFO - --- validation at epoch 5, val_loss 22.6305, val_mae 23.0347, val_rmse 27.4387, val_r2 -0.0219, val_pearson 0.1188, lr 1.00e-03 ---
2026-10-01 11:34:15,674 - INFO - 
****************************************************************************************************
2026-10-01 11:34:16,748 - INFO - --- training epoch 6, loss 21.9210, mae 22.4177, rmse 27.0892, time elapsed(min) 0.01---
2026-10-01 11:34:16,906 - INFO - --- validation at epoch 6, val_loss 22.5928, val_mae 23.0105, val_rmse 27.6888, val_r2 -0.0406, val_pearson 0.1242, lr 1.00e-03 ---
2026-10-01 11:34:16,906 - INFO - 
****************************************************************************************************
2026-10-01 11:34:17,868 - INFO - --- training epoch 7, loss 21.8346, mae 22.3320, rmse 26.9483, time elapsed(min) 0.01---
2026-10-01 11:34:18,021 - INFO - --- validation at epoch 7, val_loss 22.7722, val_mae 23.0229, val_rmse 27.4393, val_r2 -0.0219, val_pearson 0.1449, lr 1.00e-03 ---
2026-10-01 11:34:18,021 - INFO - 
****************************************************************************************************
2026-10-01 11:34:19,037 - INFO - --- training epoch 8, loss 22.2581, mae 22.7551, rmse 27.0086, time elapsed(min) 0.01---
2026-10-01 11:34:19,373 - INFO - --- validation at epoch 8, val_loss 22.3686, val_mae 22.9301, val_rmse 26.4653, val_r2 0.0494, val_pearson 0.2374, lr 1.00e-03 ---
2026-10-01 11:34:19,373 - INFO - 
****************************************************************************************************
2026-10-01 11:34:20,320 - INFO - --- training epoch 9, loss 22.2821, mae 22.7789, rmse 26.8664, time elapsed(min) 0.01---
2026-10-01 11:34:20,468 - INFO - --- validation at epoch 9, val_loss 22.1761, val_mae 23.1872, val_rmse 27.5639, val_r2 -0.0312, val_pearson 0.2345, lr 1.00e-03 ---
2026-10-01 11:34:20,468 - INFO - 
****************************************************************************************************
2026-10-01 11:34:21,355 - INFO - --- training epoch 10, loss 22.3225, mae 22.8188, rmse 27.1177, time elapsed(min) 0.01---
2026-10-01 11:34:21,510 - INFO - --- validation at epoch 10, val_loss 22.2716, val_mae 23.0365, val_rmse 26.8740, val_r2 0.0198, val_pearson 0.2389, lr 1.00e-03 ---
2026-10-01 11:34:21,510 - INFO - 
****************************************************************************************************
2026-10-01 11:34:22,440 - INFO - --- training epoch 11, loss 22.5982, mae 23.0953, rmse 27.3084, time elapsed(min) 0.01---
2026-10-01 11:34:22,592 - INFO - --- validation at epoch 11, val_loss 22.2861, val_mae 23.4666, val_rmse 28.2637, val_r2 -0.0842, val_pearson 0.2214, lr 1.00e-03 ---
2026-10-01 11:34:22,592 - INFO - 
****************************************************************************************************
2026-10-01 11:34:23,720 - INFO - --- training epoch 12, loss 22.9108, mae 23.4080, rmse 28.0945, time elapsed(min) 0.01---
2026-10-01 11:34:23,878 - INFO - --- validation at epoch 12, val_loss 22.2347, val_mae 23.2093, val_rmse 27.0349, val_r2 0.0080, val_pearson 0.2181, lr 1.00e-03 ---
2026-10-01 11:34:23,878 - INFO - 
****************************************************************************************************
2026-10-01 11:34:24,861 - INFO - --- training epoch 13, loss 22.4329, mae 22.9304, rmse 27.0270, time elapsed(min) 0.01---
2026-10-01 11:34:25,004 - INFO - --- validation at epoch 13, val_loss 22.1539, val_mae 23.1427, val_rmse 27.2494, val_r2 -0.0078, val_pearson 0.2403, lr 1.00e-03 ---
2026-10-01 11:34:25,004 - INFO - 
****************************************************************************************************
2026-10-01 11:34:26,031 - INFO - --- training epoch 14, loss 22.3796, mae 22.8762, rmse 27.1055, time elapsed(min) 0.01---
2026-10-01 11:34:26,183 - INFO - --- validation at epoch 14, val_loss 22.0805, val_mae 22.9906, val_rmse 26.7353, val_r2 0.0299, val_pearson 0.2626, lr 1.00e-03 ---
2026-10-01 11:34:26,183 - INFO - 
****************************************************************************************************
2026-10-01 11:34:27,053 - INFO - --- training epoch 15, loss 22.1922, mae 22.6881, rmse 26.5506, time elapsed(min) 0.01---
2026-10-01 11:34:27,216 - INFO - --- validation at epoch 15, val_loss 20.5800, val_mae 22.0199, val_rmse 25.7088, val_r2 0.1029, val_pearson 0.3689, lr 1.00e-03 ---
2026-10-01 11:34:27,216 - INFO - 
****************************************************************************************************
2026-10-01 11:34:28,241 - INFO - --- training epoch 16, loss 22.3173, mae 22.8133, rmse 27.0554, time elapsed(min) 0.01---
2026-10-01 11:34:28,395 - INFO - --- validation at epoch 16, val_loss 22.0403, val_mae 22.8246, val_rmse 26.1709, val_r2 0.0704, val_pearson 0.3147, lr 1.00e-03 ---
2026-10-01 11:34:28,395 - INFO - 
****************************************************************************************************
2026-10-01 11:34:29,399 - INFO - --- training epoch 17, loss 22.0827, mae 22.5796, rmse 26.3980, time elapsed(min) 0.01---
2026-10-01 11:34:29,551 - INFO - --- validation at epoch 17, val_loss 20.4492, val_mae 22.0160, val_rmse 26.2107, val_r2 0.0676, val_pearson 0.3766, lr 1.00e-03 ---
2026-10-01 11:34:29,551 - INFO - 
****************************************************************************************************
2026-10-01 11:34:30,636 - INFO - --- training epoch 18, loss 22.0375, mae 22.5340, rmse 26.3900, time elapsed(min) 0.01---
2026-10-01 11:34:30,786 - INFO - --- validation at epoch 18, val_loss 21.0959, val_mae 22.2404, val_rmse 25.5662, val_r2 0.1128, val_pearson 0.3785, lr 1.00e-03 ---
2026-10-01 11:34:30,786 - INFO - 
****************************************************************************************************
2026-10-01 11:34:31,782 - INFO - --- training epoch 19, loss 21.8837, mae 22.3803, rmse 26.0506, time elapsed(min) 0.01---
2026-10-01 11:34:31,926 - INFO - --- validation at epoch 19, val_loss 20.4210, val_mae 21.7981, val_rmse 25.3801, val_r2 0.1257, val_pearson 0.3790, lr 1.00e-03 ---
2026-10-01 11:34:31,926 - INFO - 
****************************************************************************************************
2026-10-01 11:34:32,834 - INFO - --- training epoch 20, loss 21.8171, mae 22.3133, rmse 26.0288, time elapsed(min) 0.01---
2026-10-01 11:34:32,977 - INFO - --- validation at epoch 20, val_loss 20.6264, val_mae 21.9467, val_rmse 25.6716, val_r2 0.1055, val_pearson 0.3797, lr 1.00e-03 ---
2026-10-01 11:34:32,977 - INFO - 
****************************************************************************************************
2026-10-01 11:34:33,813 - INFO - --- training epoch 21, loss 21.8200, mae 22.3159, rmse 26.0009, time elapsed(min) 0.01---
2026-10-01 11:34:33,961 - INFO - --- validation at epoch 21, val_loss 20.6360, val_mae 21.8203, val_rmse 25.2287, val_r2 0.1361, val_pearson 0.3831, lr 1.00e-03 ---
2026-10-01 11:34:33,961 - INFO - 
****************************************************************************************************
2026-10-01 11:34:34,910 - INFO - --- training epoch 22, loss 21.6616, mae 22.1576, rmse 25.8768, time elapsed(min) 0.01---
2026-10-01 11:34:35,069 - INFO - --- validation at epoch 22, val_loss 20.2769, val_mae 21.6723, val_rmse 25.5491, val_r2 0.1140, val_pearson 0.3846, lr 1.00e-03 ---
2026-10-01 11:34:35,069 - INFO - 
****************************************************************************************************
2026-10-01 11:34:36,119 - INFO - --- training epoch 23, loss 21.6959, mae 22.1940, rmse 25.9375, time elapsed(min) 0.01---
2026-10-01 11:34:36,262 - INFO - --- validation at epoch 23, val_loss 20.5364, val_mae 21.6659, val_rmse 25.2565, val_r2 0.1342, val_pearson 0.3870, lr 1.00e-03 ---
2026-10-01 11:34:36,262 - INFO - 
****************************************************************************************************
2026-10-01 11:34:37,290 - INFO - --- training epoch 24, loss 21.6280, mae 22.1240, rmse 26.0667, time elapsed(min) 0.01---
2026-10-01 11:34:37,631 - INFO - --- validation at epoch 24, val_loss 20.1657, val_mae 21.5547, val_rmse 25.6795, val_r2 0.1050, val_pearson 0.3822, lr 1.00e-03 ---
2026-10-01 11:34:37,631 - INFO - 
****************************************************************************************************
2026-10-01 11:34:38,659 - INFO - --- training epoch 25, loss 21.5721, mae 22.0682, rmse 25.8869, time elapsed(min) 0.01---
2026-10-01 11:34:38,823 - INFO - --- validation at epoch 25, val_loss 20.3984, val_mae 21.5050, val_rmse 25.2632, val_r2 0.1338, val_pearson 0.3880, lr 1.00e-03 ---
2026-10-01 11:34:38,824 - INFO - 
****************************************************************************************************
2026-10-01 11:34:39,790 - INFO - --- training epoch 26, loss 21.3835, mae 21.8802, rmse 25.8026, time elapsed(min) 0.01---
2026-10-01 11:34:39,945 - INFO - --- validation at epoch 26, val_loss 20.5733, val_mae 21.8442, val_rmse 26.3472, val_r2 0.0578, val_pearson 0.3647, lr 1.00e-03 ---
2026-10-01 11:34:39,945 - INFO - 
****************************************************************************************************
2026-10-01 11:34:40,939 - INFO - --- training epoch 27, loss 21.5345, mae 22.0310, rmse 26.0385, time elapsed(min) 0.01---
2026-10-01 11:34:41,079 - INFO - --- validation at epoch 27, val_loss 20.0647, val_mae 21.6226, val_rmse 26.1010, val_r2 0.0753, val_pearson 0.3643, lr 1.00e-03 ---
2026-10-01 11:34:41,079 - INFO - 
****************************************************************************************************
2026-10-01 11:34:42,270 - INFO - --- training epoch 28, loss 21.4154, mae 21.9104, rmse 26.0063, time elapsed(min) 0.01---
2026-10-01 11:34:42,408 - INFO - --- validation at epoch 28, val_loss 20.2093, val_mae 21.1929, val_rmse 25.3614, val_r2 0.1270, val_pearson 0.3973, lr 1.00e-03 ---
2026-10-01 11:34:42,408 - INFO - 
****************************************************************************************************
2026-10-01 11:34:43,422 - INFO - --- training epoch 29, loss 21.3172, mae 21.8138, rmse 25.9094, time elapsed(min) 0.01---
2026-10-01 11:34:43,750 - INFO - --- validation at epoch 29, val_loss 20.6211, val_mae 21.4898, val_rmse 25.4312, val_r2 0.1222, val_pearson 0.3591, lr 1.00e-03 ---
2026-10-01 11:34:43,750 - INFO - 
****************************************************************************************************
2026-10-01 11:34:44,712 - INFO - --- training epoch 30, loss 21.4241, mae 21.9204, rmse 25.8975, time elapsed(min) 0.01---
2026-10-01 11:34:44,847 - INFO - --- validation at epoch 30, val_loss 19.8548, val_mae 21.1791, val_rmse 25.4081, val_r2 0.1238, val_pearson 0.3888, lr 1.00e-03 ---
2026-10-01 11:34:44,847 - INFO - 
****************************************************************************************************
2026-10-01 11:34:45,735 - INFO - --- training epoch 31, loss 21.2459, mae 21.7432, rmse 25.5811, time elapsed(min) 0.01---
2026-10-01 11:34:45,887 - INFO - --- validation at epoch 31, val_loss 19.8934, val_mae 21.0226, val_rmse 24.8404, val_r2 0.1625, val_pearson 0.4372, lr 1.00e-03 ---
2026-10-01 11:34:45,887 - INFO - 
****************************************************************************************************
2026-10-01 11:34:46,850 - INFO - --- training epoch 32, loss 20.7483, mae 21.2444, rmse 25.3629, time elapsed(min) 0.01---
2026-10-01 11:34:46,992 - INFO - --- validation at epoch 32, val_loss 20.2381, val_mae 21.1791, val_rmse 25.5618, val_r2 0.1132, val_pearson 0.3939, lr 1.00e-03 ---
2026-10-01 11:34:46,992 - INFO - 
****************************************************************************************************
2026-10-01 11:34:47,992 - INFO - --- training epoch 33, loss 20.7259, mae 21.2209, rmse 25.2773, time elapsed(min) 0.01---
2026-10-01 11:34:48,138 - INFO - --- validation at epoch 33, val_loss 19.9806, val_mae 21.0904, val_rmse 25.1857, val_r2 0.1391, val_pearson 0.4363, lr 1.00e-03 ---
2026-10-01 11:34:48,138 - INFO - 
****************************************************************************************************
2026-10-01 11:34:49,149 - INFO - --- training epoch 34, loss 20.6465, mae 21.1413, rmse 25.4283, time elapsed(min) 0.01---
2026-10-01 11:34:49,487 - INFO - --- validation at epoch 34, val_loss 20.4410, val_mae 21.6513, val_rmse 26.7909, val_r2 0.0258, val_pearson 0.3909, lr 1.00e-03 ---
2026-10-01 11:34:49,487 - INFO - 
****************************************************************************************************
2026-10-01 11:34:50,468 - INFO - --- training epoch 35, loss 20.7892, mae 21.2848, rmse 25.3598, time elapsed(min) 0.01---
2026-10-01 11:34:50,611 - INFO - --- validation at epoch 35, val_loss 20.3571, val_mae 21.0982, val_rmse 24.9880, val_r2 0.1525, val_pearson 0.3988, lr 1.00e-03 ---
2026-10-01 11:34:50,612 - INFO - 
****************************************************************************************************
2026-10-01 11:34:51,437 - INFO - --- training epoch 36, loss 20.4822, mae 20.9780, rmse 25.2630, time elapsed(min) 0.01---
2026-10-01 11:34:51,587 - INFO - --- validation at epoch 36, val_loss 19.9891, val_mae 20.9190, val_rmse 25.9512, val_r2 0.0859, val_pearson 0.3957, lr 1.00e-03 ---
2026-10-01 11:34:51,587 - INFO - 
****************************************************************************************************
2026-10-01 11:34:52,432 - INFO - --- training epoch 37, loss 20.3330, mae 20.8295, rmse 24.9883, time elapsed(min) 0.01---
2026-10-01 11:34:52,586 - INFO - --- validation at epoch 37, val_loss 19.9557, val_mae 20.9908, val_rmse 25.7970, val_r2 0.0968, val_pearson 0.3972, lr 1.00e-03 ---
2026-10-01 11:34:52,586 - INFO - 
****************************************************************************************************
2026-10-01 11:34:53,592 - INFO - --- training epoch 38, loss 20.5668, mae 21.0628, rmse 25.1859, time elapsed(min) 0.01---
2026-10-01 11:34:53,742 - INFO - --- validation at epoch 38, val_loss 20.2436, val_mae 21.2768, val_rmse 25.9472, val_r2 0.0862, val_pearson 0.3960, lr 1.00e-03 ---
2026-10-01 11:34:53,742 - INFO - 
****************************************************************************************************
2026-10-01 11:34:54,761 - INFO - --- training epoch 39, loss 20.4343, mae 20.9284, rmse 25.2514, time elapsed(min) 0.01---
2026-10-01 11:34:54,913 - INFO - --- validation at epoch 39, val_loss 19.7275, val_mae 20.9257, val_rmse 25.8987, val_r2 0.0896, val_pearson 0.4162, lr 1.00e-03 ---
2026-10-01 11:34:54,913 - INFO - 
****************************************************************************************************
2026-10-01 11:34:56,113 - INFO - --- training epoch 40, loss 20.0798, mae 20.5739, rmse 24.6635, time elapsed(min) 0.01---
2026-10-01 11:34:56,271 - INFO - --- validation at epoch 40, val_loss 19.9427, val_mae 20.9361, val_rmse 25.7850, val_r2 0.0976, val_pearson 0.4190, lr 1.00e-03 ---
2026-10-01 11:34:56,271 - INFO - 
****************************************************************************************************
2026-10-01 11:34:57,104 - INFO - --- training epoch 41, loss 20.4858, mae 20.9809, rmse 25.1469, time elapsed(min) 0.01---
2026-10-01 11:34:57,249 - INFO - --- validation at epoch 41, val_loss 20.1463, val_mae 21.0057, val_rmse 24.9942, val_r2 0.1521, val_pearson 0.4146, lr 1.00e-03 ---
2026-10-01 11:34:57,249 - INFO - 
****************************************************************************************************
2026-10-01 11:34:58,076 - INFO - --- training epoch 42, loss 20.1781, mae 20.6726, rmse 25.0890, time elapsed(min) 0.01---
2026-10-01 11:34:58,225 - INFO - --- validation at epoch 42, val_loss 20.1050, val_mae 20.7948, val_rmse 24.9802, val_r2 0.1531, val_pearson 0.4113, lr 1.00e-03 ---
2026-10-01 11:34:58,225 - INFO - 
****************************************************************************************************
2026-10-01 11:34:59,342 - INFO - --- training epoch 43, loss 20.2366, mae 20.7321, rmse 24.9001, time elapsed(min) 0.01---
2026-10-01 11:34:59,495 - INFO - --- validation at epoch 43, val_loss 19.8963, val_mae 20.7271, val_rmse 25.4605, val_r2 0.1202, val_pearson 0.4189, lr 1.00e-03 ---
2026-10-01 11:34:59,495 - INFO - 
****************************************************************************************************
2026-10-01 11:35:00,482 - INFO - --- training epoch 44, loss 20.4452, mae 20.9399, rmse 25.0316, time elapsed(min) 0.01---
2026-10-01 11:35:00,619 - INFO - --- validation at epoch 44, val_loss 20.2480, val_mae 20.6521, val_rmse 24.4830, val_r2 0.1864, val_pearson 0.4432, lr 1.00e-03 ---
2026-10-01 11:35:00,619 - INFO - 
****************************************************************************************************
2026-10-01 11:35:01,651 - INFO - --- training epoch 45, loss 19.8231, mae 20.3175, rmse 25.1434, time elapsed(min) 0.01---
2026-10-01 11:35:01,962 - INFO - --- validation at epoch 45, val_loss 17.7612, val_mae 18.6573, val_rmse 25.0361, val_r2 0.1493, val_pearson 0.4783, lr 1.00e-03 ---
2026-10-01 11:35:01,962 - INFO - 
****************************************************************************************************
2026-10-01 11:35:02,974 - INFO - --- training epoch 46, loss 17.3057, mae 17.7992, rmse 22.7939, time elapsed(min) 0.01---
2026-10-01 11:35:03,124 - INFO - --- validation at epoch 46, val_loss 18.0328, val_mae 17.5464, val_rmse 22.4407, val_r2 0.3165, val_pearson 0.5875, lr 1.00e-03 ---
2026-10-01 11:35:03,124 - INFO - 
****************************************************************************************************
2026-10-01 11:35:03,951 - INFO - --- training epoch 47, loss 17.1392, mae 17.6306, rmse 22.6830, time elapsed(min) 0.01---
2026-10-01 11:35:04,103 - INFO - --- validation at epoch 47, val_loss 18.0979, val_mae 18.0160, val_rmse 23.1615, val_r2 0.2719, val_pearson 0.5952, lr 1.00e-03 ---
2026-10-01 11:35:04,103 - INFO - 
****************************************************************************************************
2026-10-01 11:35:05,125 - INFO - --- training epoch 48, loss 16.3652, mae 16.8566, rmse 21.9956, time elapsed(min) 0.01---
2026-10-01 11:35:05,277 - INFO - --- validation at epoch 48, val_loss 18.4078, val_mae 17.8896, val_rmse 23.1013, val_r2 0.2757, val_pearson 0.5831, lr 1.00e-03 ---
2026-10-01 11:35:05,277 - INFO - 
****************************************************************************************************
2026-10-01 11:35:06,417 - INFO - --- training epoch 49, loss 16.6280, mae 17.1187, rmse 22.2813, time elapsed(min) 0.01---
2026-10-01 11:35:06,572 - INFO - --- validation at epoch 49, val_loss 18.0182, val_mae 17.6711, val_rmse 22.5263, val_r2 0.3113, val_pearson 0.5916, lr 1.00e-03 ---
2026-10-01 11:35:06,572 - INFO - 
****************************************************************************************************
2026-10-01 11:35:07,594 - INFO - --- training epoch 50, loss 16.2415, mae 16.7323, rmse 21.8427, time elapsed(min) 0.01---
2026-10-01 11:35:07,923 - INFO - --- validation at epoch 50, val_loss 17.8821, val_mae 17.5426, val_rmse 22.8010, val_r2 0.2944, val_pearson 0.5920, lr 1.00e-03 ---
2026-10-01 11:35:07,923 - INFO - 
****************************************************************************************************
2026-10-01 11:35:08,898 - INFO - --- training epoch 51, loss 16.1193, mae 16.6094, rmse 21.8726, time elapsed(min) 0.01---
2026-10-01 11:35:09,033 - INFO - --- validation at epoch 51, val_loss 17.5965, val_mae 17.1206, val_rmse 22.4260, val_r2 0.3174, val_pearson 0.5928, lr 1.00e-03 ---
2026-10-01 11:35:09,033 - INFO - 
****************************************************************************************************
2026-10-01 11:35:09,911 - INFO - --- training epoch 52, loss 16.0893, mae 16.5808, rmse 21.7728, time elapsed(min) 0.01---
2026-10-01 11:35:10,047 - INFO - --- validation at epoch 52, val_loss 17.5081, val_mae 16.9753, val_rmse 22.2111, val_r2 0.3304, val_pearson 0.5909, lr 1.00e-03 ---
2026-10-01 11:35:10,047 - INFO - 
****************************************************************************************************
2026-10-01 11:35:11,077 - INFO - --- training epoch 53, loss 15.9650, mae 16.4552, rmse 21.6533, time elapsed(min) 0.01---
2026-10-01 11:35:11,224 - INFO - --- validation at epoch 53, val_loss 17.4973, val_mae 17.1347, val_rmse 22.4025, val_r2 0.3188, val_pearson 0.6045, lr 1.00e-03 ---
2026-10-01 11:35:11,224 - INFO - 
****************************************************************************************************
2026-10-01 11:35:12,413 - INFO - --- training epoch 54, loss 16.0491, mae 16.5377, rmse 21.8276, time elapsed(min) 0.01---
2026-10-01 11:35:12,563 - INFO - --- validation at epoch 54, val_loss 17.3481, val_mae 17.0241, val_rmse 22.3843, val_r2 0.3199, val_pearson 0.6003, lr 1.00e-03 ---
2026-10-01 11:35:12,563 - INFO - 
****************************************************************************************************
2026-10-01 11:35:13,624 - INFO - --- training epoch 55, loss 16.0491, mae 16.5384, rmse 21.5874, time elapsed(min) 0.01---
2026-10-01 11:35:13,769 - INFO - --- validation at epoch 55, val_loss 17.6550, val_mae 17.2849, val_rmse 22.4292, val_r2 0.3172, val_pearson 0.5976, lr 1.00e-03 ---
2026-10-01 11:35:13,769 - INFO - 
****************************************************************************************************
2026-10-01 11:35:14,730 - INFO - --- training epoch 56, loss 15.8477, mae 16.3376, rmse 21.6417, time elapsed(min) 0.01---
2026-10-01 11:35:14,886 - INFO - --- validation at epoch 56, val_loss 17.3026, val_mae 16.8463, val_rmse 22.1366, val_r2 0.3349, val_pearson 0.6010, lr 1.00e-03 ---
2026-10-01 11:35:14,886 - INFO - 
****************************************************************************************************
2026-10-01 11:35:15,770 - INFO - --- training epoch 57, loss 15.8060, mae 16.2946, rmse 21.4939, time elapsed(min) 0.01---
2026-10-01 11:35:15,912 - INFO - --- validation at epoch 57, val_loss 17.2391, val_mae 16.8535, val_rmse 22.1141, val_r2 0.3363, val_pearson 0.6023, lr 1.00e-03 ---
2026-10-01 11:35:15,912 - INFO - 
****************************************************************************************************
2026-10-01 11:35:16,925 - INFO - --- training epoch 58, loss 15.8045, mae 16.2937, rmse 21.4380, time elapsed(min) 0.01---
2026-10-01 11:35:17,081 - INFO - --- validation at epoch 58, val_loss 17.4629, val_mae 16.7297, val_rmse 21.7827, val_r2 0.3560, val_pearson 0.6079, lr 1.00e-03 ---
2026-10-01 11:35:17,081 - INFO - 
****************************************************************************************************
2026-10-01 11:35:18,193 - INFO - --- training epoch 59, loss 15.8446, mae 16.3338, rmse 21.5799, time elapsed(min) 0.01---
2026-10-01 11:35:18,343 - INFO - --- validation at epoch 59, val_loss 17.6084, val_mae 16.8563, val_rmse 22.1656, val_r2 0.3332, val_pearson 0.6036, lr 1.00e-03 ---
2026-10-01 11:35:18,343 - INFO - 
****************************************************************************************************
2026-10-01 11:35:19,339 - INFO - --- training epoch 60, loss 16.1087, mae 16.5975, rmse 21.8675, time elapsed(min) 0.01---
2026-10-01 11:35:19,495 - INFO - --- validation at epoch 60, val_loss 17.8316, val_mae 17.5600, val_rmse 23.2394, val_r2 0.2670, val_pearson 0.5834, lr 1.00e-03 ---
2026-10-01 11:35:19,495 - INFO - 
****************************************************************************************************
2026-10-01 11:35:20,472 - INFO - --- training epoch 61, loss 16.2354, mae 16.7261, rmse 22.1076, time elapsed(min) 0.01---
2026-10-01 11:35:20,619 - INFO - --- validation at epoch 61, val_loss 17.4365, val_mae 16.9619, val_rmse 22.2635, val_r2 0.3273, val_pearson 0.5910, lr 1.00e-03 ---
2026-10-01 11:35:20,619 - INFO - 
****************************************************************************************************
2026-10-01 11:35:21,437 - INFO - --- training epoch 62, loss 16.0670, mae 16.5578, rmse 21.7594, time elapsed(min) 0.01---
2026-10-01 11:35:21,585 - INFO - --- validation at epoch 62, val_loss 17.4403, val_mae 16.7671, val_rmse 22.0245, val_r2 0.3416, val_pearson 0.5970, lr 1.00e-03 ---
2026-10-01 11:35:21,585 - INFO - 
****************************************************************************************************
2026-10-01 11:35:22,399 - INFO - --- training epoch 63, loss 15.8792, mae 16.3680, rmse 21.6837, time elapsed(min) 0.01---
2026-10-01 11:35:22,560 - INFO - --- validation at epoch 63, val_loss 17.7693, val_mae 17.2850, val_rmse 22.2606, val_r2 0.3274, val_pearson 0.6042, lr 1.00e-03 ---
2026-10-01 11:35:22,560 - INFO - 
****************************************************************************************************
2026-10-01 11:35:23,551 - INFO - --- training epoch 64, loss 15.8540, mae 16.3425, rmse 21.6045, time elapsed(min) 0.01---
2026-10-01 11:35:23,709 - INFO - --- validation at epoch 64, val_loss 17.6676, val_mae 16.7673, val_rmse 21.9708, val_r2 0.3448, val_pearson 0.6025, lr 1.00e-03 ---
2026-10-01 11:35:23,709 - INFO - 
****************************************************************************************************
2026-10-01 11:35:24,698 - INFO - --- training epoch 65, loss 15.7061, mae 16.1961, rmse 21.2973, time elapsed(min) 0.01---
2026-10-01 11:35:24,833 - INFO - --- validation at epoch 65, val_loss 17.3121, val_mae 16.7372, val_rmse 21.7571, val_r2 0.3575, val_pearson 0.6153, lr 1.00e-03 ---
2026-10-01 11:35:24,833 - INFO - 
****************************************************************************************************
2026-10-01 11:35:25,859 - INFO - --- training epoch 66, loss 15.8505, mae 16.3402, rmse 21.6024, time elapsed(min) 0.01---
2026-10-01 11:35:26,196 - INFO - --- validation at epoch 66, val_loss 17.3063, val_mae 16.5348, val_rmse 21.8204, val_r2 0.3538, val_pearson 0.6076, lr 1.00e-03 ---
2026-10-01 11:35:26,196 - INFO - 
****************************************************************************************************
2026-10-01 11:35:27,166 - INFO - --- training epoch 67, loss 15.7630, mae 16.2515, rmse 21.5413, time elapsed(min) 0.01---
2026-10-01 11:35:27,320 - INFO - --- validation at epoch 67, val_loss 17.2522, val_mae 16.7329, val_rmse 21.8039, val_r2 0.3547, val_pearson 0.6149, lr 1.00e-03 ---
2026-10-01 11:35:27,320 - INFO - 
****************************************************************************************************
2026-10-01 11:35:27,602 - INFO - --- early stopping at epoch 67: val_loss did not improve for 10 epochs ---
2026-10-01 11:35:27,771 - INFO - --- selected checkpoint from epoch 57, val_loss 17.2391, val_mae 16.8535, val_rmse 22.1141
2026-10-01 11:35:28,152 - INFO - -- RESULT
2026-10-01 11:35:28,152 - INFO - --- test size: 1187
2026-10-01 11:35:28,152 - INFO - --- MAE: 16.3967 pp, RMSE: 22.1170 pp, R2: 0.3551, Pearson: 0.6119
2026-10-01 11:35:28,153 - INFO - --- fullcv10_split70: MAE 16.39674839677906, RMSE 22.116981841909325, R2 0.35508325228966786
2026-10-01 11:35:28,163 - INFO - --- training test1 (npz/bh/test1)
