2026-10-01 15:01:09,764 - INFO - device is	cuda:0
2026-10-01 15:01:09,876 - INFO - -- CONFIGURATIONS
2026-10-01 15:01:09,876 - INFO - --- train/valid/test: 3628/404/1728
2026-10-01 15:01:09,876 - INFO - --- max no. reactants_train, valid, test respectively: 14, 14, 14
2026-10-01 15:01:09,876 - INFO - --- max no. products_train, valid, test respectively: 1, 1, 1
2026-10-01 15:01:09,876 - INFO - --- model_path: ../logs/approach1_server/approach_3/suzuki/runs/suzuki_split_4_20261001_150109/split_4/model.pt
2026-10-01 15:01:09,971 - INFO - -- TRAINING
2026-10-01 15:01:12,281 - INFO - --- training epoch 0, loss 2.7929, mae 3.1598, rmse 7.2214, time elapsed(min) 0.04---
2026-10-01 15:01:12,551 - INFO - --- validation at epoch 0, val_loss 0.0538, val_mae 0.2407, val_rmse 0.3200, val_r2 -0.3822, val_pearson -0.1294, lr 1.00e-03 ---
2026-10-01 15:01:12,551 - INFO - 
****************************************************************************************************
2026-10-01 15:01:14,796 - INFO - --- training epoch 1, loss 0.0464, mae 0.2540, rmse 0.3045, time elapsed(min) 0.03---
2026-10-01 15:01:15,061 - INFO - --- validation at epoch 1, val_loss 0.0374, val_mae 0.2323, val_rmse 0.2676, val_r2 0.0334, val_pearson 0.1927, lr 1.00e-03 ---
2026-10-01 15:01:15,061 - INFO - 
****************************************************************************************************
2026-10-01 15:01:17,305 - INFO - --- training epoch 2, loss 0.0393, mae 0.2412, rmse 0.2802, time elapsed(min) 0.03---
2026-10-01 15:01:17,554 - INFO - --- validation at epoch 2, val_loss 0.0370, val_mae 0.2274, val_rmse 0.2680, val_r2 0.0307, val_pearson 0.2067, lr 1.00e-03 ---
2026-10-01 15:01:17,554 - INFO - 
****************************************************************************************************
2026-10-01 15:01:19,861 - INFO - --- training epoch 3, loss 0.0389, mae 0.2395, rmse 0.2791, time elapsed(min) 0.03---
2026-10-01 15:01:20,321 - INFO - --- validation at epoch 3, val_loss 0.0369, val_mae 0.2263, val_rmse 0.2674, val_r2 0.0346, val_pearson 0.2201, lr 1.00e-03 ---
2026-10-01 15:01:20,321 - INFO - 
****************************************************************************************************
2026-10-01 15:01:22,749 - INFO - --- training epoch 4, loss 0.0388, mae 0.2384, rmse 0.2786, time elapsed(min) 0.03---
2026-10-01 15:01:23,001 - INFO - --- validation at epoch 4, val_loss 0.0365, val_mae 0.2309, val_rmse 0.2655, val_r2 0.0488, val_pearson 0.2260, lr 1.00e-03 ---
2026-10-01 15:01:23,001 - INFO - 
****************************************************************************************************
2026-10-01 15:01:25,275 - INFO - --- training epoch 5, loss 0.0393, mae 0.2394, rmse 0.2805, time elapsed(min) 0.03---
2026-10-01 15:01:25,553 - INFO - --- validation at epoch 5, val_loss 0.0365, val_mae 0.2266, val_rmse 0.2652, val_r2 0.0509, val_pearson 0.2328, lr 1.00e-03 ---
2026-10-01 15:01:25,554 - INFO - 
****************************************************************************************************
2026-10-01 15:01:27,910 - INFO - --- training epoch 6, loss 0.0386, mae 0.2377, rmse 0.2778, time elapsed(min) 0.03---
2026-10-01 15:01:28,327 - INFO - --- validation at epoch 6, val_loss 0.0362, val_mae 0.2276, val_rmse 0.2641, val_r2 0.0585, val_pearson 0.2429, lr 1.00e-03 ---
2026-10-01 15:01:28,327 - INFO - 
****************************************************************************************************
2026-10-01 15:01:30,940 - INFO - --- training epoch 7, loss 0.0383, mae 0.2366, rmse 0.2769, time elapsed(min) 0.04---
2026-10-01 15:01:31,187 - INFO - --- validation at epoch 7, val_loss 0.0361, val_mae 0.2292, val_rmse 0.2641, val_r2 0.0588, val_pearson 0.2498, lr 1.00e-03 ---
2026-10-01 15:01:31,187 - INFO - 
****************************************************************************************************
2026-10-01 15:01:33,444 - INFO - --- training epoch 8, loss 0.0382, mae 0.2360, rmse 0.2765, time elapsed(min) 0.03---
2026-10-01 15:01:33,694 - INFO - --- validation at epoch 8, val_loss 0.0363, val_mae 0.2239, val_rmse 0.2643, val_r2 0.0575, val_pearson 0.2601, lr 1.00e-03 ---
2026-10-01 15:01:33,694 - INFO - 
****************************************************************************************************
2026-10-01 15:01:35,934 - INFO - --- training epoch 9, loss 0.0382, mae 0.2355, rmse 0.2763, time elapsed(min) 0.03---
2026-10-01 15:01:36,331 - INFO - --- validation at epoch 9, val_loss 0.0360, val_mae 0.2225, val_rmse 0.2639, val_r2 0.0597, val_pearson 0.2720, lr 1.00e-03 ---
2026-10-01 15:01:36,331 - INFO - 
****************************************************************************************************
2026-10-01 15:01:38,887 - INFO - --- training epoch 10, loss 0.0383, mae 0.2355, rmse 0.2768, time elapsed(min) 0.03---
2026-10-01 15:01:39,134 - INFO - --- validation at epoch 10, val_loss 0.0353, val_mae 0.2195, val_rmse 0.2603, val_r2 0.0856, val_pearson 0.3098, lr 1.00e-03 ---
2026-10-01 15:01:39,134 - INFO - 
****************************************************************************************************
2026-10-01 15:01:41,369 - INFO - --- training epoch 11, loss 0.0357, mae 0.2246, rmse 0.2673, time elapsed(min) 0.03---
2026-10-01 15:01:41,614 - INFO - --- validation at epoch 11, val_loss 0.0314, val_mae 0.2073, val_rmse 0.2480, val_r2 0.1695, val_pearson 0.4767, lr 1.00e-03 ---
2026-10-01 15:01:41,614 - INFO - 
****************************************************************************************************
2026-10-01 15:01:43,865 - INFO - --- training epoch 12, loss 0.0324, mae 0.2094, rmse 0.2546, time elapsed(min) 0.03---
2026-10-01 15:01:44,268 - INFO - --- validation at epoch 12, val_loss 0.0267, val_mae 0.1918, val_rmse 0.2317, val_r2 0.2753, val_pearson 0.5529, lr 1.00e-03 ---
2026-10-01 15:01:44,268 - INFO - 
****************************************************************************************************
2026-10-01 15:01:46,639 - INFO - --- training epoch 13, loss 0.0295, mae 0.1996, rmse 0.2431, time elapsed(min) 0.03---
2026-10-01 15:01:47,080 - INFO - --- validation at epoch 13, val_loss 0.0246, val_mae 0.1806, val_rmse 0.2242, val_r2 0.3217, val_pearson 0.5959, lr 1.00e-03 ---
2026-10-01 15:01:47,080 - INFO - 
****************************************************************************************************
2026-10-01 15:01:49,634 - INFO - --- training epoch 14, loss 0.0261, mae 0.1849, rmse 0.2286, time elapsed(min) 0.03---
2026-10-01 15:01:49,877 - INFO - --- validation at epoch 14, val_loss 0.0268, val_mae 0.1918, val_rmse 0.2307, val_r2 0.2819, val_pearson 0.5444, lr 1.00e-03 ---
2026-10-01 15:01:49,877 - INFO - 
****************************************************************************************************
2026-10-01 15:01:52,097 - INFO - --- training epoch 15, loss 0.0257, mae 0.1820, rmse 0.2267, time elapsed(min) 0.03---
2026-10-01 15:01:52,350 - INFO - --- validation at epoch 15, val_loss 0.0222, val_mae 0.1624, val_rmse 0.2096, val_r2 0.4068, val_pearson 0.6441, lr 1.00e-03 ---
2026-10-01 15:01:52,350 - INFO - 
****************************************************************************************************
2026-10-01 15:01:54,880 - INFO - --- training epoch 16, loss 0.0240, mae 0.1733, rmse 0.2192, time elapsed(min) 0.03---
2026-10-01 15:01:55,328 - INFO - --- validation at epoch 16, val_loss 0.0233, val_mae 0.1635, val_rmse 0.2112, val_r2 0.3978, val_pearson 0.6352, lr 1.00e-03 ---
2026-10-01 15:01:55,328 - INFO - 
****************************************************************************************************
2026-10-01 15:01:57,724 - INFO - --- training epoch 17, loss 0.0253, mae 0.1795, rmse 0.2250, time elapsed(min) 0.03---
2026-10-01 15:01:57,978 - INFO - --- validation at epoch 17, val_loss 0.0244, val_mae 0.1718, val_rmse 0.2162, val_r2 0.3690, val_pearson 0.6184, lr 1.00e-03 ---
2026-10-01 15:01:57,978 - INFO - 
****************************************************************************************************
2026-10-01 15:02:00,203 - INFO - --- training epoch 18, loss 0.0229, mae 0.1698, rmse 0.2140, time elapsed(min) 0.03---
2026-10-01 15:02:00,455 - INFO - --- validation at epoch 18, val_loss 0.0231, val_mae 0.1621, val_rmse 0.2099, val_r2 0.4051, val_pearson 0.6379, lr 1.00e-03 ---
2026-10-01 15:02:00,455 - INFO - 
****************************************************************************************************
2026-10-01 15:02:02,844 - INFO - --- training epoch 19, loss 0.0230, mae 0.1695, rmse 0.2147, time elapsed(min) 0.03---
2026-10-01 15:02:03,283 - INFO - --- validation at epoch 19, val_loss 0.0215, val_mae 0.1545, val_rmse 0.2050, val_r2 0.4328, val_pearson 0.6611, lr 1.00e-03 ---
2026-10-01 15:02:03,283 - INFO - 
****************************************************************************************************
2026-10-01 15:02:05,786 - INFO - --- training epoch 20, loss 0.0230, mae 0.1695, rmse 0.2145, time elapsed(min) 0.03---
2026-10-01 15:02:06,055 - INFO - --- validation at epoch 20, val_loss 0.0215, val_mae 0.1575, val_rmse 0.2054, val_r2 0.4306, val_pearson 0.6571, lr 1.00e-03 ---
2026-10-01 15:02:06,055 - INFO - 
****************************************************************************************************
2026-10-01 15:02:08,362 - INFO - --- training epoch 21, loss 0.0228, mae 0.1684, rmse 0.2134, time elapsed(min) 0.03---
2026-10-01 15:02:08,611 - INFO - --- validation at epoch 21, val_loss 0.0211, val_mae 0.1552, val_rmse 0.2041, val_r2 0.4375, val_pearson 0.6689, lr 1.00e-03 ---
2026-10-01 15:02:08,611 - INFO - 
****************************************************************************************************
2026-10-01 15:02:10,977 - INFO - --- training epoch 22, loss 0.0221, mae 0.1661, rmse 0.2103, time elapsed(min) 0.03---
2026-10-01 15:02:11,400 - INFO - --- validation at epoch 22, val_loss 0.0206, val_mae 0.1544, val_rmse 0.2007, val_r2 0.4563, val_pearson 0.6808, lr 1.00e-03 ---
2026-10-01 15:02:11,400 - INFO - 
****************************************************************************************************
2026-10-01 15:02:13,971 - INFO - --- training epoch 23, loss 0.0220, mae 0.1669, rmse 0.2099, time elapsed(min) 0.04---
2026-10-01 15:02:14,223 - INFO - --- validation at epoch 23, val_loss 0.0209, val_mae 0.1533, val_rmse 0.2021, val_r2 0.4486, val_pearson 0.6704, lr 1.00e-03 ---
2026-10-01 15:02:14,223 - INFO - 
****************************************************************************************************
2026-10-01 15:02:16,440 - INFO - --- training epoch 24, loss 0.0218, mae 0.1652, rmse 0.2089, time elapsed(min) 0.03---
2026-10-01 15:02:16,695 - INFO - --- validation at epoch 24, val_loss 0.0215, val_mae 0.1556, val_rmse 0.2051, val_r2 0.4323, val_pearson 0.6609, lr 1.00e-03 ---
2026-10-01 15:02:16,695 - INFO - 
****************************************************************************************************
2026-10-01 15:02:18,934 - INFO - --- training epoch 25, loss 0.0218, mae 0.1658, rmse 0.2089, time elapsed(min) 0.03---
2026-10-01 15:02:19,184 - INFO - --- validation at epoch 25, val_loss 0.0211, val_mae 0.1600, val_rmse 0.2047, val_r2 0.4346, val_pearson 0.6821, lr 1.00e-03 ---
2026-10-01 15:02:19,184 - INFO - 
****************************************************************************************************
2026-10-01 15:02:21,571 - INFO - --- training epoch 26, loss 0.0211, mae 0.1622, rmse 0.2054, time elapsed(min) 0.03---
2026-10-01 15:02:22,025 - INFO - --- validation at epoch 26, val_loss 0.0203, val_mae 0.1513, val_rmse 0.2004, val_r2 0.4582, val_pearson 0.6853, lr 1.00e-03 ---
2026-10-01 15:02:22,025 - INFO - 
****************************************************************************************************
2026-10-01 15:02:24,389 - INFO - --- training epoch 27, loss 0.0212, mae 0.1629, rmse 0.2059, time elapsed(min) 0.03---
2026-10-01 15:02:24,640 - INFO - --- validation at epoch 27, val_loss 0.0197, val_mae 0.1521, val_rmse 0.1980, val_r2 0.4708, val_pearson 0.6916, lr 1.00e-03 ---
2026-10-01 15:02:24,640 - INFO - 
****************************************************************************************************
2026-10-01 15:02:27,003 - INFO - --- training epoch 28, loss 0.0213, mae 0.1636, rmse 0.2063, time elapsed(min) 0.03---
2026-10-01 15:02:27,257 - INFO - --- validation at epoch 28, val_loss 0.0214, val_mae 0.1538, val_rmse 0.2044, val_r2 0.4362, val_pearson 0.6623, lr 1.00e-03 ---
2026-10-01 15:02:27,257 - INFO - 
****************************************************************************************************
2026-10-01 15:02:29,633 - INFO - --- training epoch 29, loss 0.0210, mae 0.1625, rmse 0.2049, time elapsed(min) 0.03---
2026-10-01 15:02:30,123 - INFO - --- validation at epoch 29, val_loss 0.0201, val_mae 0.1506, val_rmse 0.1983, val_r2 0.4694, val_pearson 0.6856, lr 1.00e-03 ---
2026-10-01 15:02:30,123 - INFO - 
****************************************************************************************************
2026-10-01 15:02:32,709 - INFO - --- training epoch 30, loss 0.0213, mae 0.1635, rmse 0.2062, time elapsed(min) 0.03---
2026-10-01 15:02:32,968 - INFO - --- validation at epoch 30, val_loss 0.0205, val_mae 0.1514, val_rmse 0.2002, val_r2 0.4591, val_pearson 0.6780, lr 1.00e-03 ---
2026-10-01 15:02:32,968 - INFO - 
****************************************************************************************************
2026-10-01 15:02:35,166 - INFO - --- training epoch 31, loss 0.0208, mae 0.1619, rmse 0.2040, time elapsed(min) 0.03---
2026-10-01 15:02:35,421 - INFO - --- validation at epoch 31, val_loss 0.0210, val_mae 0.1524, val_rmse 0.2020, val_r2 0.4493, val_pearson 0.6726, lr 1.00e-03 ---
2026-10-01 15:02:35,421 - INFO - 
****************************************************************************************************
2026-10-01 15:02:37,795 - INFO - --- training epoch 32, loss 0.0215, mae 0.1644, rmse 0.2073, time elapsed(min) 0.03---
2026-10-01 15:02:38,222 - INFO - --- validation at epoch 32, val_loss 0.0210, val_mae 0.1560, val_rmse 0.2043, val_r2 0.4365, val_pearson 0.6695, lr 1.00e-03 ---
2026-10-01 15:02:38,223 - INFO - 
****************************************************************************************************
2026-10-01 15:02:40,751 - INFO - --- training epoch 33, loss 0.0213, mae 0.1630, rmse 0.2064, time elapsed(min) 0.04---
2026-10-01 15:02:41,007 - INFO - --- validation at epoch 33, val_loss 0.0206, val_mae 0.1527, val_rmse 0.1996, val_r2 0.4625, val_pearson 0.6816, lr 1.00e-03 ---
2026-10-01 15:02:41,007 - INFO - 
****************************************************************************************************
2026-10-01 15:02:43,257 - INFO - --- training epoch 34, loss 0.0216, mae 0.1646, rmse 0.2080, time elapsed(min) 0.03---
2026-10-01 15:02:43,506 - INFO - --- validation at epoch 34, val_loss 0.0204, val_mae 0.1527, val_rmse 0.2018, val_r2 0.4506, val_pearson 0.6798, lr 1.00e-03 ---
2026-10-01 15:02:43,506 - INFO - 
****************************************************************************************************
2026-10-01 15:02:45,723 - INFO - --- training epoch 35, loss 0.0204, mae 0.1589, rmse 0.2018, time elapsed(min) 0.03---
2026-10-01 15:02:45,974 - INFO - --- validation at epoch 35, val_loss 0.0204, val_mae 0.1530, val_rmse 0.2003, val_r2 0.4583, val_pearson 0.6789, lr 1.00e-03 ---
2026-10-01 15:02:45,974 - INFO - 
****************************************************************************************************
2026-10-01 15:02:48,341 - INFO - --- training epoch 36, loss 0.0204, mae 0.1593, rmse 0.2018, time elapsed(min) 0.03---
2026-10-01 15:02:48,791 - INFO - --- validation at epoch 36, val_loss 0.0194, val_mae 0.1488, val_rmse 0.1953, val_r2 0.4853, val_pearson 0.6974, lr 1.00e-03 ---
2026-10-01 15:02:48,791 - INFO - 
****************************************************************************************************
2026-10-01 15:02:51,227 - INFO - --- training epoch 37, loss 0.0200, mae 0.1587, rmse 0.2002, time elapsed(min) 0.03---
2026-10-01 15:02:51,476 - INFO - --- validation at epoch 37, val_loss 0.0195, val_mae 0.1513, val_rmse 0.1957, val_r2 0.4833, val_pearson 0.6966, lr 1.00e-03 ---
2026-10-01 15:02:51,476 - INFO - 
****************************************************************************************************
2026-10-01 15:02:53,708 - INFO - --- training epoch 38, loss 0.0200, mae 0.1583, rmse 0.2001, time elapsed(min) 0.03---
2026-10-01 15:02:53,961 - INFO - --- validation at epoch 38, val_loss 0.0194, val_mae 0.1477, val_rmse 0.1941, val_r2 0.4914, val_pearson 0.7020, lr 1.00e-03 ---
2026-10-01 15:02:53,961 - INFO - 
****************************************************************************************************
2026-10-01 15:02:56,402 - INFO - --- training epoch 39, loss 0.0200, mae 0.1583, rmse 0.2002, time elapsed(min) 0.03---
2026-10-01 15:02:56,852 - INFO - --- validation at epoch 39, val_loss 0.0192, val_mae 0.1479, val_rmse 0.1944, val_r2 0.4897, val_pearson 0.7006, lr 1.00e-03 ---
2026-10-01 15:02:56,852 - INFO - 
****************************************************************************************************
2026-10-01 15:02:59,310 - INFO - --- training epoch 40, loss 0.0201, mae 0.1594, rmse 0.2006, time elapsed(min) 0.03---
2026-10-01 15:02:59,561 - INFO - --- validation at epoch 40, val_loss 0.0192, val_mae 0.1480, val_rmse 0.1940, val_r2 0.4919, val_pearson 0.7033, lr 1.00e-03 ---
2026-10-01 15:02:59,561 - INFO - 
****************************************************************************************************
2026-10-01 15:03:01,817 - INFO - --- training epoch 41, loss 0.0196, mae 0.1566, rmse 0.1979, time elapsed(min) 0.03---
2026-10-01 15:03:02,076 - INFO - --- validation at epoch 41, val_loss 0.0183, val_mae 0.1476, val_rmse 0.1891, val_r2 0.5175, val_pearson 0.7224, lr 1.00e-03 ---
2026-10-01 15:03:02,076 - INFO - 
****************************************************************************************************
2026-10-01 15:03:04,484 - INFO - --- training epoch 42, loss 0.0200, mae 0.1578, rmse 0.2000, time elapsed(min) 0.03---
2026-10-01 15:03:04,901 - INFO - --- validation at epoch 42, val_loss 0.0187, val_mae 0.1466, val_rmse 0.1900, val_r2 0.5130, val_pearson 0.7215, lr 1.00e-03 ---
2026-10-01 15:03:04,901 - INFO - 
****************************************************************************************************
2026-10-01 15:03:07,413 - INFO - --- training epoch 43, loss 0.0197, mae 0.1569, rmse 0.1982, time elapsed(min) 0.04---
2026-10-01 15:03:07,672 - INFO - --- validation at epoch 43, val_loss 0.0183, val_mae 0.1479, val_rmse 0.1893, val_r2 0.5164, val_pearson 0.7240, lr 1.00e-03 ---
2026-10-01 15:03:07,672 - INFO - 
****************************************************************************************************
2026-10-01 15:03:09,990 - INFO - --- training epoch 44, loss 0.0192, mae 0.1544, rmse 0.1957, time elapsed(min) 0.03---
2026-10-01 15:03:10,244 - INFO - --- validation at epoch 44, val_loss 0.0181, val_mae 0.1493, val_rmse 0.1894, val_r2 0.5158, val_pearson 0.7204, lr 1.00e-03 ---
2026-10-01 15:03:10,244 - INFO - 
****************************************************************************************************
2026-10-01 15:03:12,641 - INFO - --- training epoch 45, loss 0.0192, mae 0.1543, rmse 0.1958, time elapsed(min) 0.03---
2026-10-01 15:03:13,062 - INFO - --- validation at epoch 45, val_loss 0.0189, val_mae 0.1531, val_rmse 0.1928, val_r2 0.4980, val_pearson 0.7103, lr 1.00e-03 ---
2026-10-01 15:03:13,062 - INFO - 
****************************************************************************************************
2026-10-01 15:03:15,586 - INFO - --- training epoch 46, loss 0.0194, mae 0.1558, rmse 0.1971, time elapsed(min) 0.04---
2026-10-01 15:03:15,844 - INFO - --- validation at epoch 46, val_loss 0.0189, val_mae 0.1510, val_rmse 0.1913, val_r2 0.5062, val_pearson 0.7154, lr 1.00e-03 ---
2026-10-01 15:03:15,844 - INFO - 
****************************************************************************************************
2026-10-01 15:03:18,086 - INFO - --- training epoch 47, loss 0.0193, mae 0.1546, rmse 0.1964, time elapsed(min) 0.03---
2026-10-01 15:03:18,342 - INFO - --- validation at epoch 47, val_loss 0.0195, val_mae 0.1486, val_rmse 0.1932, val_r2 0.4962, val_pearson 0.7165, lr 1.00e-03 ---
2026-10-01 15:03:18,342 - INFO - 
****************************************************************************************************
2026-10-01 15:03:20,613 - INFO - --- training epoch 48, loss 0.0194, mae 0.1563, rmse 0.1972, time elapsed(min) 0.03---
2026-10-01 15:03:20,863 - INFO - --- validation at epoch 48, val_loss 0.0178, val_mae 0.1443, val_rmse 0.1862, val_r2 0.5319, val_pearson 0.7308, lr 1.00e-03 ---
2026-10-01 15:03:20,864 - INFO - 
****************************************************************************************************
2026-10-01 15:03:23,306 - INFO - --- training epoch 49, loss 0.0205, mae 0.1599, rmse 0.2023, time elapsed(min) 0.03---
2026-10-01 15:03:23,795 - INFO - --- validation at epoch 49, val_loss 0.0212, val_mae 0.1604, val_rmse 0.2031, val_r2 0.4435, val_pearson 0.6676, lr 1.00e-03 ---
2026-10-01 15:03:23,796 - INFO - 
****************************************************************************************************
2026-10-01 15:03:26,163 - INFO - --- training epoch 50, loss 0.0236, mae 0.1719, rmse 0.2172, time elapsed(min) 0.03---
2026-10-01 15:03:26,415 - INFO - --- validation at epoch 50, val_loss 0.0206, val_mae 0.1649, val_rmse 0.2050, val_r2 0.4327, val_pearson 0.6782, lr 1.00e-03 ---
2026-10-01 15:03:26,415 - INFO - 
****************************************************************************************************
2026-10-01 15:03:28,735 - INFO - --- training epoch 51, loss 0.0206, mae 0.1619, rmse 0.2030, time elapsed(min) 0.03---
2026-10-01 15:03:28,990 - INFO - --- validation at epoch 51, val_loss 0.0188, val_mae 0.1467, val_rmse 0.1922, val_r2 0.5016, val_pearson 0.7090, lr 1.00e-03 ---
2026-10-01 15:03:28,990 - INFO - 
****************************************************************************************************
2026-10-01 15:03:31,362 - INFO - --- training epoch 52, loss 0.0192, mae 0.1544, rmse 0.1962, time elapsed(min) 0.03---
2026-10-01 15:03:31,811 - INFO - --- validation at epoch 52, val_loss 0.0192, val_mae 0.1481, val_rmse 0.1946, val_r2 0.4886, val_pearson 0.7045, lr 1.00e-03 ---
2026-10-01 15:03:31,811 - INFO - 
****************************************************************************************************
2026-10-01 15:03:34,313 - INFO - --- training epoch 53, loss 0.0188, mae 0.1532, rmse 0.1937, time elapsed(min) 0.03---
2026-10-01 15:03:34,579 - INFO - --- validation at epoch 53, val_loss 0.0179, val_mae 0.1439, val_rmse 0.1872, val_r2 0.5272, val_pearson 0.7289, lr 1.00e-03 ---
2026-10-01 15:03:34,579 - INFO - 
****************************************************************************************************
2026-10-01 15:03:36,803 - INFO - --- training epoch 54, loss 0.0184, mae 0.1511, rmse 0.1919, time elapsed(min) 0.03---
2026-10-01 15:03:37,055 - INFO - --- validation at epoch 54, val_loss 0.0184, val_mae 0.1453, val_rmse 0.1885, val_r2 0.5205, val_pearson 0.7241, lr 1.00e-03 ---
2026-10-01 15:03:37,056 - INFO - 
****************************************************************************************************
2026-10-01 15:03:39,322 - INFO - --- training epoch 55, loss 0.0186, mae 0.1523, rmse 0.1926, time elapsed(min) 0.03---
2026-10-01 15:03:39,751 - INFO - --- validation at epoch 55, val_loss 0.0178, val_mae 0.1420, val_rmse 0.1860, val_r2 0.5332, val_pearson 0.7302, lr 1.00e-03 ---
2026-10-01 15:03:39,751 - INFO - 
****************************************************************************************************
2026-10-01 15:03:42,308 - INFO - --- training epoch 56, loss 0.0183, mae 0.1503, rmse 0.1911, time elapsed(min) 0.04---
2026-10-01 15:03:42,555 - INFO - --- validation at epoch 56, val_loss 0.0187, val_mae 0.1444, val_rmse 0.1887, val_r2 0.5196, val_pearson 0.7274, lr 1.00e-03 ---
2026-10-01 15:03:42,555 - INFO - 
****************************************************************************************************
2026-10-01 15:03:44,789 - INFO - --- training epoch 57, loss 0.0183, mae 0.1502, rmse 0.1911, time elapsed(min) 0.03---
2026-10-01 15:03:45,042 - INFO - --- validation at epoch 57, val_loss 0.0179, val_mae 0.1430, val_rmse 0.1850, val_r2 0.5381, val_pearson 0.7349, lr 1.00e-03 ---
2026-10-01 15:03:45,042 - INFO - 
****************************************************************************************************
2026-10-01 15:03:47,304 - INFO - --- training epoch 58, loss 0.0187, mae 0.1521, rmse 0.1931, time elapsed(min) 0.03---
2026-10-01 15:03:47,717 - INFO - --- validation at epoch 58, val_loss 0.0181, val_mae 0.1427, val_rmse 0.1874, val_r2 0.5260, val_pearson 0.7294, lr 1.00e-03 ---
2026-10-01 15:03:47,717 - INFO - 
****************************************************************************************************
2026-10-01 15:03:50,328 - INFO - --- training epoch 59, loss 0.0182, mae 0.1504, rmse 0.1910, time elapsed(min) 0.04---
2026-10-01 15:03:50,587 - INFO - --- validation at epoch 59, val_loss 0.0174, val_mae 0.1424, val_rmse 0.1833, val_r2 0.5466, val_pearson 0.7405, lr 1.00e-03 ---
2026-10-01 15:03:50,587 - INFO - 
****************************************************************************************************
2026-10-01 15:03:52,874 - INFO - --- training epoch 60, loss 0.0180, mae 0.1494, rmse 0.1897, time elapsed(min) 0.03---
2026-10-01 15:03:53,130 - INFO - --- validation at epoch 60, val_loss 0.0169, val_mae 0.1412, val_rmse 0.1826, val_r2 0.5498, val_pearson 0.7442, lr 1.00e-03 ---
2026-10-01 15:03:53,131 - INFO - 
****************************************************************************************************
2026-10-01 15:03:55,426 - INFO - --- training epoch 61, loss 0.0187, mae 0.1528, rmse 0.1934, time elapsed(min) 0.03---
2026-10-01 15:03:55,680 - INFO - --- validation at epoch 61, val_loss 0.0185, val_mae 0.1454, val_rmse 0.1886, val_r2 0.5200, val_pearson 0.7280, lr 1.00e-03 ---
2026-10-01 15:03:55,680 - INFO - 
****************************************************************************************************
2026-10-01 15:03:58,073 - INFO - --- training epoch 62, loss 0.0176, mae 0.1475, rmse 0.1875, time elapsed(min) 0.03---
2026-10-01 15:03:58,548 - INFO - --- validation at epoch 62, val_loss 0.0170, val_mae 0.1417, val_rmse 0.1821, val_r2 0.5524, val_pearson 0.7434, lr 1.00e-03 ---
2026-10-01 15:03:58,548 - INFO - 
****************************************************************************************************
2026-10-01 15:04:00,928 - INFO - --- training epoch 63, loss 0.0179, mae 0.1493, rmse 0.1892, time elapsed(min) 0.03---
2026-10-01 15:04:01,184 - INFO - --- validation at epoch 63, val_loss 0.0170, val_mae 0.1413, val_rmse 0.1821, val_r2 0.5523, val_pearson 0.7455, lr 1.00e-03 ---
2026-10-01 15:04:01,185 - INFO - 
****************************************************************************************************
2026-10-01 15:04:03,400 - INFO - --- training epoch 64, loss 0.0172, mae 0.1462, rmse 0.1857, time elapsed(min) 0.03---
2026-10-01 15:04:03,651 - INFO - --- validation at epoch 64, val_loss 0.0307, val_mae 0.2072, val_rmse 0.2486, val_r2 0.1661, val_pearson 0.7526, lr 1.00e-03 ---
2026-10-01 15:04:03,652 - INFO - 
****************************************************************************************************
2026-10-01 15:04:06,016 - INFO - --- training epoch 65, loss 0.0224, mae 0.1699, rmse 0.2118, time elapsed(min) 0.03---
2026-10-01 15:04:06,462 - INFO - --- validation at epoch 65, val_loss 0.0181, val_mae 0.1462, val_rmse 0.1878, val_r2 0.5242, val_pearson 0.7248, lr 1.00e-03 ---
2026-10-01 15:04:06,462 - INFO - 
****************************************************************************************************
2026-10-01 15:04:08,987 - INFO - --- training epoch 66, loss 0.0182, mae 0.1501, rmse 0.1909, time elapsed(min) 0.04---
2026-10-01 15:04:09,238 - INFO - --- validation at epoch 66, val_loss 0.0185, val_mae 0.1432, val_rmse 0.1889, val_r2 0.5183, val_pearson 0.7226, lr 1.00e-03 ---
2026-10-01 15:04:09,238 - INFO - 
****************************************************************************************************
2026-10-01 15:04:11,497 - INFO - --- training epoch 67, loss 0.0171, mae 0.1451, rmse 0.1851, time elapsed(min) 0.03---
2026-10-01 15:04:11,746 - INFO - --- validation at epoch 67, val_loss 0.0164, val_mae 0.1363, val_rmse 0.1800, val_r2 0.5626, val_pearson 0.7524, lr 1.00e-03 ---
2026-10-01 15:04:11,746 - INFO - 
****************************************************************************************************
2026-10-01 15:04:14,145 - INFO - --- training epoch 68, loss 0.0171, mae 0.1454, rmse 0.1851, time elapsed(min) 0.03---
2026-10-01 15:04:14,414 - INFO - --- validation at epoch 68, val_loss 0.0166, val_mae 0.1372, val_rmse 0.1808, val_r2 0.5585, val_pearson 0.7498, lr 1.00e-03 ---
2026-10-01 15:04:14,414 - INFO - 
****************************************************************************************************
2026-10-01 15:04:16,815 - INFO - --- training epoch 69, loss 0.0169, mae 0.1440, rmse 0.1838, time elapsed(min) 0.03---
2026-10-01 15:04:17,409 - INFO - --- validation at epoch 69, val_loss 0.0155, val_mae 0.1359, val_rmse 0.1752, val_r2 0.5859, val_pearson 0.7694, lr 1.00e-03 ---
2026-10-01 15:04:17,410 - INFO - 
****************************************************************************************************
2026-10-01 15:04:19,790 - INFO - --- training epoch 70, loss 0.0164, mae 0.1425, rmse 0.1811, time elapsed(min) 0.03---
2026-10-01 15:04:20,043 - INFO - --- validation at epoch 70, val_loss 0.0160, val_mae 0.1387, val_rmse 0.1774, val_r2 0.5752, val_pearson 0.7615, lr 1.00e-03 ---
2026-10-01 15:04:20,044 - INFO - 
****************************************************************************************************
2026-10-01 15:04:22,463 - INFO - --- training epoch 71, loss 0.0161, mae 0.1414, rmse 0.1796, time elapsed(min) 0.03---
2026-10-01 15:04:22,717 - INFO - --- validation at epoch 71, val_loss 0.0151, val_mae 0.1322, val_rmse 0.1738, val_r2 0.5923, val_pearson 0.7697, lr 1.00e-03 ---
2026-10-01 15:04:22,717 - INFO - 
****************************************************************************************************
2026-10-01 15:04:25,143 - INFO - --- training epoch 72, loss 0.0160, mae 0.1403, rmse 0.1790, time elapsed(min) 0.03---
2026-10-01 15:04:25,608 - INFO - --- validation at epoch 72, val_loss 0.0156, val_mae 0.1372, val_rmse 0.1761, val_r2 0.5816, val_pearson 0.7634, lr 1.00e-03 ---
2026-10-01 15:04:25,608 - INFO - 
****************************************************************************************************
2026-10-01 15:04:28,030 - INFO - --- training epoch 73, loss 0.0163, mae 0.1426, rmse 0.1808, time elapsed(min) 0.03---
2026-10-01 15:04:28,284 - INFO - --- validation at epoch 73, val_loss 0.0152, val_mae 0.1350, val_rmse 0.1742, val_r2 0.5905, val_pearson 0.7707, lr 1.00e-03 ---
2026-10-01 15:04:28,284 - INFO - 
****************************************************************************************************
2026-10-01 15:04:30,630 - INFO - --- training epoch 74, loss 0.0155, mae 0.1379, rmse 0.1761, time elapsed(min) 0.03---
2026-10-01 15:04:30,900 - INFO - --- validation at epoch 74, val_loss 0.0154, val_mae 0.1333, val_rmse 0.1736, val_r2 0.5932, val_pearson 0.7706, lr 1.00e-03 ---
2026-10-01 15:04:30,900 - INFO - 
****************************************************************************************************
2026-10-01 15:04:33,366 - INFO - --- training epoch 75, loss 0.0159, mae 0.1401, rmse 0.1783, time elapsed(min) 0.03---
2026-10-01 15:04:33,786 - INFO - --- validation at epoch 75, val_loss 0.0146, val_mae 0.1312, val_rmse 0.1721, val_r2 0.6001, val_pearson 0.7767, lr 1.00e-03 ---
2026-10-01 15:04:33,787 - INFO - 
****************************************************************************************************
2026-10-01 15:04:36,353 - INFO - --- training epoch 76, loss 0.0154, mae 0.1374, rmse 0.1757, time elapsed(min) 0.04---
2026-10-01 15:04:36,605 - INFO - --- validation at epoch 76, val_loss 0.0151, val_mae 0.1328, val_rmse 0.1721, val_r2 0.6004, val_pearson 0.7762, lr 1.00e-03 ---
2026-10-01 15:04:36,605 - INFO - 
****************************************************************************************************
2026-10-01 15:04:38,879 - INFO - --- training epoch 77, loss 0.0161, mae 0.1406, rmse 0.1793, time elapsed(min) 0.03---
2026-10-01 15:04:39,145 - INFO - --- validation at epoch 77, val_loss 0.0163, val_mae 0.1384, val_rmse 0.1776, val_r2 0.5742, val_pearson 0.7605, lr 1.00e-03 ---
2026-10-01 15:04:39,145 - INFO - 
****************************************************************************************************
2026-10-01 15:04:41,512 - INFO - --- training epoch 78, loss 0.0161, mae 0.1403, rmse 0.1794, time elapsed(min) 0.03---
2026-10-01 15:04:41,771 - INFO - --- validation at epoch 78, val_loss 0.0156, val_mae 0.1357, val_rmse 0.1747, val_r2 0.5880, val_pearson 0.7695, lr 1.00e-03 ---
2026-10-01 15:04:41,771 - INFO - 
****************************************************************************************************
2026-10-01 15:04:44,233 - INFO - --- training epoch 79, loss 0.0163, mae 0.1421, rmse 0.1803, time elapsed(min) 0.03---
2026-10-01 15:04:44,709 - INFO - --- validation at epoch 79, val_loss 0.0150, val_mae 0.1325, val_rmse 0.1741, val_r2 0.5910, val_pearson 0.7745, lr 1.00e-03 ---
2026-10-01 15:04:44,709 - INFO - 
****************************************************************************************************
2026-10-01 15:04:47,165 - INFO - --- training epoch 80, loss 0.0155, mae 0.1375, rmse 0.1763, time elapsed(min) 0.03---
2026-10-01 15:04:47,475 - INFO - --- validation at epoch 80, val_loss 0.0161, val_mae 0.1347, val_rmse 0.1768, val_r2 0.5781, val_pearson 0.7650, lr 1.00e-03 ---
2026-10-01 15:04:47,475 - INFO - 
****************************************************************************************************
2026-10-01 15:04:49,714 - INFO - --- training epoch 81, loss 0.0165, mae 0.1425, rmse 0.1815, time elapsed(min) 0.03---
2026-10-01 15:04:49,969 - INFO - --- validation at epoch 81, val_loss 0.0160, val_mae 0.1348, val_rmse 0.1783, val_r2 0.5708, val_pearson 0.7569, lr 1.00e-03 ---
2026-10-01 15:04:49,969 - INFO - 
****************************************************************************************************
2026-10-01 15:04:52,449 - INFO - --- training epoch 82, loss 0.0166, mae 0.1437, rmse 0.1824, time elapsed(min) 0.04---
2026-10-01 15:04:52,927 - INFO - --- validation at epoch 82, val_loss 0.0156, val_mae 0.1363, val_rmse 0.1766, val_r2 0.5791, val_pearson 0.7736, lr 1.00e-03 ---
2026-10-01 15:04:52,927 - INFO - 
****************************************************************************************************
2026-10-01 15:04:55,364 - INFO - --- training epoch 83, loss 0.0167, mae 0.1441, rmse 0.1826, time elapsed(min) 0.03---
2026-10-01 15:04:55,617 - INFO - --- validation at epoch 83, val_loss 0.0174, val_mae 0.1439, val_rmse 0.1851, val_r2 0.5377, val_pearson 0.7563, lr 1.00e-03 ---
2026-10-01 15:04:55,617 - INFO - 
****************************************************************************************************
2026-10-01 15:04:57,859 - INFO - --- training epoch 84, loss 0.0167, mae 0.1446, rmse 0.1825, time elapsed(min) 0.03---
2026-10-01 15:04:58,121 - INFO - --- validation at epoch 84, val_loss 0.0186, val_mae 0.1522, val_rmse 0.1927, val_r2 0.4988, val_pearson 0.7635, lr 1.00e-03 ---
2026-10-01 15:04:58,122 - INFO - 
****************************************************************************************************
2026-10-01 15:05:00,396 - INFO - --- training epoch 85, loss 0.0166, mae 0.1432, rmse 0.1822, time elapsed(min) 0.03---
2026-10-01 15:05:00,865 - INFO - --- validation at epoch 85, val_loss 0.0146, val_mae 0.1316, val_rmse 0.1726, val_r2 0.5980, val_pearson 0.7744, lr 1.00e-03 ---
2026-10-01 15:05:00,865 - INFO - 
****************************************************************************************************
2026-10-01 15:05:01,243 - INFO - --- early stopping at epoch 85: val_loss did not improve for 10 epochs ---
2026-10-01 15:05:01,908 - INFO - --- selected checkpoint from epoch 75, val_loss 0.0146, val_mae 0.1312, val_rmse 0.1721
2026-10-01 15:05:02,997 - INFO - -- RESULT
2026-10-01 15:05:02,997 - INFO - --- test size: 1728
2026-10-01 15:05:02,997 - INFO - --- MAE: 0.1313 (13.13 pp), RMSE: 0.1707 (17.07 pp), R2: 0.6262, Pearson: 0.7927
