2026-10-01 15:11:22,170 - INFO - device is	cuda:0
2026-10-01 15:11:22,281 - INFO - -- CONFIGURATIONS
2026-10-01 15:11:22,281 - INFO - --- train/valid/test: 3628/404/1728
2026-10-01 15:11:22,281 - INFO - --- max no. reactants_train, valid, test respectively: 14, 14, 14
2026-10-01 15:11:22,281 - INFO - --- max no. products_train, valid, test respectively: 1, 1, 1
2026-10-01 15:11:22,281 - INFO - --- model_path: ../logs/approach1_server/approach_3/suzuki/runs/suzuki_split_7_20261001_151122/split_7/model.pt
2026-10-01 15:11:22,377 - INFO - -- TRAINING
2026-10-01 15:11:24,501 - INFO - --- training epoch 0, loss 2.0149, mae 2.3461, rmse 7.6550, time elapsed(min) 0.04---
2026-10-01 15:11:24,923 - INFO - --- validation at epoch 0, val_loss 0.0564, val_mae 0.2457, val_rmse 0.3266, val_r2 -0.5033, val_pearson 0.0932, lr 1.00e-03 ---
2026-10-01 15:11:24,923 - INFO - 
****************************************************************************************************
2026-10-01 15:11:27,274 - INFO - --- training epoch 1, loss 0.0529, mae 0.2705, rmse 0.3253, time elapsed(min) 0.03---
2026-10-01 15:11:27,521 - INFO - --- validation at epoch 1, val_loss 0.0351, val_mae 0.2293, val_rmse 0.2637, val_r2 0.0202, val_pearson 0.1569, lr 1.00e-03 ---
2026-10-01 15:11:27,521 - INFO - 
****************************************************************************************************
2026-10-01 15:11:29,735 - INFO - --- training epoch 2, loss 0.0430, mae 0.2501, rmse 0.2933, time elapsed(min) 0.03---
2026-10-01 15:11:29,986 - INFO - --- validation at epoch 2, val_loss 0.0352, val_mae 0.2245, val_rmse 0.2632, val_r2 0.0242, val_pearson 0.1752, lr 1.00e-03 ---
2026-10-01 15:11:29,986 - INFO - 
****************************************************************************************************
2026-10-01 15:11:32,325 - INFO - --- training epoch 3, loss 0.0406, mae 0.2440, rmse 0.2851, time elapsed(min) 0.03---
2026-10-01 15:11:32,788 - INFO - --- validation at epoch 3, val_loss 0.0353, val_mae 0.2289, val_rmse 0.2658, val_r2 0.0043, val_pearson 0.1935, lr 1.00e-03 ---
2026-10-01 15:11:32,788 - INFO - 
****************************************************************************************************
2026-10-01 15:11:35,048 - INFO - --- training epoch 4, loss 0.0405, mae 0.2439, rmse 0.2846, time elapsed(min) 0.03---
2026-10-01 15:11:35,312 - INFO - --- validation at epoch 4, val_loss 0.0348, val_mae 0.2239, val_rmse 0.2630, val_r2 0.0252, val_pearson 0.2078, lr 1.00e-03 ---
2026-10-01 15:11:35,312 - INFO - 
****************************************************************************************************
2026-10-01 15:11:37,578 - INFO - --- training epoch 5, loss 0.0411, mae 0.2438, rmse 0.2867, time elapsed(min) 0.03---
2026-10-01 15:11:37,832 - INFO - --- validation at epoch 5, val_loss 0.0339, val_mae 0.2219, val_rmse 0.2596, val_r2 0.0507, val_pearson 0.2333, lr 1.00e-03 ---
2026-10-01 15:11:37,832 - INFO - 
****************************************************************************************************
2026-10-01 15:11:40,112 - INFO - --- training epoch 6, loss 0.0387, mae 0.2386, rmse 0.2782, time elapsed(min) 0.03---
2026-10-01 15:11:40,529 - INFO - --- validation at epoch 6, val_loss 0.0334, val_mae 0.2207, val_rmse 0.2581, val_r2 0.0612, val_pearson 0.2640, lr 1.00e-03 ---
2026-10-01 15:11:40,529 - INFO - 
****************************************************************************************************
2026-10-01 15:11:42,984 - INFO - --- training epoch 7, loss 0.0380, mae 0.2363, rmse 0.2756, time elapsed(min) 0.03---
2026-10-01 15:11:43,239 - INFO - --- validation at epoch 7, val_loss 0.0325, val_mae 0.2167, val_rmse 0.2549, val_r2 0.0844, val_pearson 0.2999, lr 1.00e-03 ---
2026-10-01 15:11:43,239 - INFO - 
****************************************************************************************************
2026-10-01 15:11:45,491 - INFO - --- training epoch 8, loss 0.0375, mae 0.2334, rmse 0.2738, time elapsed(min) 0.03---
2026-10-01 15:11:45,742 - INFO - --- validation at epoch 8, val_loss 0.0307, val_mae 0.2114, val_rmse 0.2491, val_r2 0.1255, val_pearson 0.3730, lr 1.00e-03 ---
2026-10-01 15:11:45,742 - INFO - 
****************************************************************************************************
2026-10-01 15:11:47,998 - INFO - --- training epoch 9, loss 0.0351, mae 0.2230, rmse 0.2649, time elapsed(min) 0.03---
2026-10-01 15:11:48,413 - INFO - --- validation at epoch 9, val_loss 0.0368, val_mae 0.2099, val_rmse 0.2618, val_r2 0.0339, val_pearson 0.4699, lr 1.00e-03 ---
2026-10-01 15:11:48,413 - INFO - 
****************************************************************************************************
2026-10-01 15:11:50,911 - INFO - --- training epoch 10, loss 0.0321, mae 0.2089, rmse 0.2535, time elapsed(min) 0.04---
2026-10-01 15:11:51,167 - INFO - --- validation at epoch 10, val_loss 0.0346, val_mae 0.2077, val_rmse 0.2533, val_r2 0.0959, val_pearson 0.5265, lr 1.00e-03 ---
2026-10-01 15:11:51,167 - INFO - 
****************************************************************************************************
2026-10-01 15:11:53,370 - INFO - --- training epoch 11, loss 0.0277, mae 0.1912, rmse 0.2355, time elapsed(min) 0.03---
2026-10-01 15:11:53,629 - INFO - --- validation at epoch 11, val_loss 0.0275, val_mae 0.1758, val_rmse 0.2277, val_r2 0.2694, val_pearson 0.6037, lr 1.00e-03 ---
2026-10-01 15:11:53,629 - INFO - 
****************************************************************************************************
2026-10-01 15:11:55,902 - INFO - --- training epoch 12, loss 0.0254, mae 0.1813, rmse 0.2256, time elapsed(min) 0.03---
2026-10-01 15:11:56,151 - INFO - --- validation at epoch 12, val_loss 0.0284, val_mae 0.1756, val_rmse 0.2290, val_r2 0.2613, val_pearson 0.6086, lr 1.00e-03 ---
2026-10-01 15:11:56,151 - INFO - 
****************************************************************************************************
2026-10-01 15:11:58,541 - INFO - --- training epoch 13, loss 0.0257, mae 0.1836, rmse 0.2266, time elapsed(min) 0.03---
2026-10-01 15:11:58,983 - INFO - --- validation at epoch 13, val_loss 0.0260, val_mae 0.1752, val_rmse 0.2250, val_r2 0.2865, val_pearson 0.6016, lr 1.00e-03 ---
2026-10-01 15:11:58,983 - INFO - 
****************************************************************************************************
2026-10-01 15:12:01,361 - INFO - --- training epoch 14, loss 0.0244, mae 0.1771, rmse 0.2210, time elapsed(min) 0.03---
2026-10-01 15:12:01,622 - INFO - --- validation at epoch 14, val_loss 0.0270, val_mae 0.1821, val_rmse 0.2301, val_r2 0.2537, val_pearson 0.5841, lr 1.00e-03 ---
2026-10-01 15:12:01,622 - INFO - 
****************************************************************************************************
2026-10-01 15:12:03,862 - INFO - --- training epoch 15, loss 0.0233, mae 0.1724, rmse 0.2160, time elapsed(min) 0.03---
2026-10-01 15:12:04,117 - INFO - --- validation at epoch 15, val_loss 0.0242, val_mae 0.1684, val_rmse 0.2126, val_r2 0.3629, val_pearson 0.6230, lr 1.00e-03 ---
2026-10-01 15:12:04,117 - INFO - 
****************************************************************************************************
2026-10-01 15:12:06,488 - INFO - --- training epoch 16, loss 0.0227, mae 0.1713, rmse 0.2129, time elapsed(min) 0.03---
2026-10-01 15:12:06,932 - INFO - --- validation at epoch 16, val_loss 0.0243, val_mae 0.1675, val_rmse 0.2134, val_r2 0.3581, val_pearson 0.6301, lr 1.00e-03 ---
2026-10-01 15:12:06,932 - INFO - 
****************************************************************************************************
2026-10-01 15:12:09,362 - INFO - --- training epoch 17, loss 0.0225, mae 0.1703, rmse 0.2120, time elapsed(min) 0.03---
2026-10-01 15:12:09,611 - INFO - --- validation at epoch 17, val_loss 0.0256, val_mae 0.1729, val_rmse 0.2208, val_r2 0.3129, val_pearson 0.6246, lr 1.00e-03 ---
2026-10-01 15:12:09,611 - INFO - 
****************************************************************************************************
2026-10-01 15:12:11,834 - INFO - --- training epoch 18, loss 0.0224, mae 0.1702, rmse 0.2118, time elapsed(min) 0.03---
2026-10-01 15:12:12,086 - INFO - --- validation at epoch 18, val_loss 0.0254, val_mae 0.1711, val_rmse 0.2192, val_r2 0.3230, val_pearson 0.6263, lr 1.00e-03 ---
2026-10-01 15:12:12,086 - INFO - 
****************************************************************************************************
2026-10-01 15:12:14,389 - INFO - --- training epoch 19, loss 0.0223, mae 0.1703, rmse 0.2111, time elapsed(min) 0.03---
2026-10-01 15:12:14,848 - INFO - --- validation at epoch 19, val_loss 0.0263, val_mae 0.1713, val_rmse 0.2222, val_r2 0.3045, val_pearson 0.6342, lr 1.00e-03 ---
2026-10-01 15:12:14,848 - INFO - 
****************************************************************************************************
2026-10-01 15:12:17,348 - INFO - --- training epoch 20, loss 0.0222, mae 0.1688, rmse 0.2106, time elapsed(min) 0.04---
2026-10-01 15:12:17,613 - INFO - --- validation at epoch 20, val_loss 0.0279, val_mae 0.1770, val_rmse 0.2289, val_r2 0.2614, val_pearson 0.6402, lr 1.00e-03 ---
2026-10-01 15:12:17,613 - INFO - 
****************************************************************************************************
2026-10-01 15:12:20,009 - INFO - --- training epoch 21, loss 0.0232, mae 0.1742, rmse 0.2155, time elapsed(min) 0.03---
2026-10-01 15:12:20,261 - INFO - --- validation at epoch 21, val_loss 0.0262, val_mae 0.1726, val_rmse 0.2219, val_r2 0.3061, val_pearson 0.6464, lr 1.00e-03 ---
2026-10-01 15:12:20,261 - INFO - 
****************************************************************************************************
2026-10-01 15:12:22,574 - INFO - --- training epoch 22, loss 0.0223, mae 0.1693, rmse 0.2113, time elapsed(min) 0.03---
2026-10-01 15:12:22,982 - INFO - --- validation at epoch 22, val_loss 0.0218, val_mae 0.1640, val_rmse 0.2035, val_r2 0.4166, val_pearson 0.6496, lr 1.00e-03 ---
2026-10-01 15:12:22,982 - INFO - 
****************************************************************************************************
2026-10-01 15:12:25,586 - INFO - --- training epoch 23, loss 0.0216, mae 0.1661, rmse 0.2080, time elapsed(min) 0.04---
2026-10-01 15:12:25,838 - INFO - --- validation at epoch 23, val_loss 0.0239, val_mae 0.1652, val_rmse 0.2114, val_r2 0.3702, val_pearson 0.6487, lr 1.00e-03 ---
2026-10-01 15:12:25,838 - INFO - 
****************************************************************************************************
2026-10-01 15:12:28,061 - INFO - --- training epoch 24, loss 0.0212, mae 0.1652, rmse 0.2058, time elapsed(min) 0.03---
2026-10-01 15:12:28,318 - INFO - --- validation at epoch 24, val_loss 0.0254, val_mae 0.1706, val_rmse 0.2185, val_r2 0.3270, val_pearson 0.6537, lr 1.00e-03 ---
2026-10-01 15:12:28,318 - INFO - 
****************************************************************************************************
2026-10-01 15:12:30,582 - INFO - --- training epoch 25, loss 0.0211, mae 0.1648, rmse 0.2054, time elapsed(min) 0.03---
2026-10-01 15:12:30,993 - INFO - --- validation at epoch 25, val_loss 0.0249, val_mae 0.1676, val_rmse 0.2149, val_r2 0.3490, val_pearson 0.6614, lr 1.00e-03 ---
2026-10-01 15:12:30,993 - INFO - 
****************************************************************************************************
2026-10-01 15:12:33,525 - INFO - --- training epoch 26, loss 0.0210, mae 0.1642, rmse 0.2050, time elapsed(min) 0.04---
2026-10-01 15:12:33,795 - INFO - --- validation at epoch 26, val_loss 0.0222, val_mae 0.1629, val_rmse 0.2051, val_r2 0.4072, val_pearson 0.6657, lr 1.00e-03 ---
2026-10-01 15:12:33,795 - INFO - 
****************************************************************************************************
2026-10-01 15:12:36,054 - INFO - --- training epoch 27, loss 0.0210, mae 0.1637, rmse 0.2052, time elapsed(min) 0.03---
2026-10-01 15:12:36,305 - INFO - --- validation at epoch 27, val_loss 0.0235, val_mae 0.1651, val_rmse 0.2101, val_r2 0.3781, val_pearson 0.6644, lr 1.00e-03 ---
2026-10-01 15:12:36,305 - INFO - 
****************************************************************************************************
2026-10-01 15:12:38,578 - INFO - --- training epoch 28, loss 0.0211, mae 0.1640, rmse 0.2053, time elapsed(min) 0.03---
2026-10-01 15:12:38,996 - INFO - --- validation at epoch 28, val_loss 0.0226, val_mae 0.1634, val_rmse 0.2073, val_r2 0.3946, val_pearson 0.6696, lr 1.00e-03 ---
2026-10-01 15:12:38,996 - INFO - 
****************************************************************************************************
2026-10-01 15:12:41,367 - INFO - --- training epoch 29, loss 0.0207, mae 0.1624, rmse 0.2033, time elapsed(min) 0.03---
2026-10-01 15:12:41,839 - INFO - --- validation at epoch 29, val_loss 0.0208, val_mae 0.1615, val_rmse 0.2013, val_r2 0.4292, val_pearson 0.6721, lr 1.00e-03 ---
2026-10-01 15:12:41,839 - INFO - 
****************************************************************************************************
2026-10-01 15:12:44,433 - INFO - --- training epoch 30, loss 0.0205, mae 0.1618, rmse 0.2027, time elapsed(min) 0.03---
2026-10-01 15:12:44,693 - INFO - --- validation at epoch 30, val_loss 0.0254, val_mae 0.1726, val_rmse 0.2200, val_r2 0.3181, val_pearson 0.6764, lr 1.00e-03 ---
2026-10-01 15:12:44,693 - INFO - 
****************************************************************************************************
2026-10-01 15:12:46,925 - INFO - --- training epoch 31, loss 0.0208, mae 0.1631, rmse 0.2042, time elapsed(min) 0.03---
2026-10-01 15:12:47,185 - INFO - --- validation at epoch 31, val_loss 0.0219, val_mae 0.1643, val_rmse 0.2058, val_r2 0.4030, val_pearson 0.6707, lr 1.00e-03 ---
2026-10-01 15:12:47,185 - INFO - 
****************************************************************************************************
2026-10-01 15:12:49,569 - INFO - --- training epoch 32, loss 0.0199, mae 0.1586, rmse 0.1994, time elapsed(min) 0.03---
2026-10-01 15:12:50,038 - INFO - --- validation at epoch 32, val_loss 0.0236, val_mae 0.1682, val_rmse 0.2130, val_r2 0.3607, val_pearson 0.6836, lr 1.00e-03 ---
2026-10-01 15:12:50,038 - INFO - 
****************************************************************************************************
2026-10-01 15:12:52,461 - INFO - --- training epoch 33, loss 0.0203, mae 0.1605, rmse 0.2017, time elapsed(min) 0.03---
2026-10-01 15:12:52,721 - INFO - --- validation at epoch 33, val_loss 0.0201, val_mae 0.1578, val_rmse 0.1984, val_r2 0.4455, val_pearson 0.6846, lr 1.00e-03 ---
2026-10-01 15:12:52,721 - INFO - 
****************************************************************************************************
2026-10-01 15:12:55,027 - INFO - --- training epoch 34, loss 0.0191, mae 0.1542, rmse 0.1952, time elapsed(min) 0.03---
2026-10-01 15:12:55,279 - INFO - --- validation at epoch 34, val_loss 0.0209, val_mae 0.1579, val_rmse 0.2010, val_r2 0.4310, val_pearson 0.7004, lr 1.00e-03 ---
2026-10-01 15:12:55,279 - INFO - 
****************************************************************************************************
2026-10-01 15:12:57,675 - INFO - --- training epoch 35, loss 0.0197, mae 0.1580, rmse 0.1983, time elapsed(min) 0.03---
2026-10-01 15:12:58,093 - INFO - --- validation at epoch 35, val_loss 0.0231, val_mae 0.1677, val_rmse 0.2122, val_r2 0.3655, val_pearson 0.6758, lr 1.00e-03 ---
2026-10-01 15:12:58,093 - INFO - 
****************************************************************************************************
2026-10-01 15:13:00,645 - INFO - --- training epoch 36, loss 0.0191, mae 0.1547, rmse 0.1954, time elapsed(min) 0.04---
2026-10-01 15:13:00,909 - INFO - --- validation at epoch 36, val_loss 0.0206, val_mae 0.1565, val_rmse 0.1979, val_r2 0.4480, val_pearson 0.7019, lr 1.00e-03 ---
2026-10-01 15:13:00,909 - INFO - 
****************************************************************************************************
2026-10-01 15:13:03,142 - INFO - --- training epoch 37, loss 0.0193, mae 0.1563, rmse 0.1965, time elapsed(min) 0.03---
2026-10-01 15:13:03,394 - INFO - --- validation at epoch 37, val_loss 0.0201, val_mae 0.1542, val_rmse 0.1949, val_r2 0.4645, val_pearson 0.7040, lr 1.00e-03 ---
2026-10-01 15:13:03,394 - INFO - 
****************************************************************************************************
2026-10-01 15:13:05,694 - INFO - --- training epoch 38, loss 0.0194, mae 0.1565, rmse 0.1970, time elapsed(min) 0.03---
2026-10-01 15:13:06,117 - INFO - --- validation at epoch 38, val_loss 0.0228, val_mae 0.1624, val_rmse 0.2069, val_r2 0.3966, val_pearson 0.6883, lr 1.00e-03 ---
2026-10-01 15:13:06,117 - INFO - 
****************************************************************************************************
2026-10-01 15:13:08,628 - INFO - --- training epoch 39, loss 0.0189, mae 0.1543, rmse 0.1944, time elapsed(min) 0.04---
2026-10-01 15:13:08,878 - INFO - --- validation at epoch 39, val_loss 0.0209, val_mae 0.1537, val_rmse 0.1962, val_r2 0.4574, val_pearson 0.7032, lr 1.00e-03 ---
2026-10-01 15:13:08,879 - INFO - 
****************************************************************************************************
2026-10-01 15:13:11,111 - INFO - --- training epoch 40, loss 0.0192, mae 0.1558, rmse 0.1962, time elapsed(min) 0.03---
2026-10-01 15:13:11,367 - INFO - --- validation at epoch 40, val_loss 0.0217, val_mae 0.1599, val_rmse 0.2026, val_r2 0.4218, val_pearson 0.7012, lr 1.00e-03 ---
2026-10-01 15:13:11,367 - INFO - 
****************************************************************************************************
2026-10-01 15:13:13,678 - INFO - --- training epoch 41, loss 0.0182, mae 0.1510, rmse 0.1907, time elapsed(min) 0.03---
2026-10-01 15:13:13,943 - INFO - --- validation at epoch 41, val_loss 0.0209, val_mae 0.1567, val_rmse 0.1994, val_r2 0.4396, val_pearson 0.7070, lr 1.00e-03 ---
2026-10-01 15:13:13,943 - INFO - 
****************************************************************************************************
2026-10-01 15:13:16,560 - INFO - --- training epoch 42, loss 0.0182, mae 0.1511, rmse 0.1907, time elapsed(min) 0.04---
2026-10-01 15:13:16,814 - INFO - --- validation at epoch 42, val_loss 0.0220, val_mae 0.1625, val_rmse 0.2055, val_r2 0.4049, val_pearson 0.7044, lr 1.00e-03 ---
2026-10-01 15:13:16,814 - INFO - 
****************************************************************************************************
2026-10-01 15:13:19,077 - INFO - --- training epoch 43, loss 0.0189, mae 0.1546, rmse 0.1942, time elapsed(min) 0.03---
2026-10-01 15:13:19,340 - INFO - --- validation at epoch 43, val_loss 0.0224, val_mae 0.1624, val_rmse 0.2065, val_r2 0.3990, val_pearson 0.7002, lr 1.00e-03 ---
2026-10-01 15:13:19,340 - INFO - 
****************************************************************************************************
2026-10-01 15:13:21,607 - INFO - --- training epoch 44, loss 0.0183, mae 0.1511, rmse 0.1912, time elapsed(min) 0.03---
2026-10-01 15:13:22,027 - INFO - --- validation at epoch 44, val_loss 0.0199, val_mae 0.1543, val_rmse 0.1958, val_r2 0.4599, val_pearson 0.7060, lr 1.00e-03 ---
2026-10-01 15:13:22,027 - INFO - 
****************************************************************************************************
2026-10-01 15:13:24,533 - INFO - --- training epoch 45, loss 0.0184, mae 0.1517, rmse 0.1917, time elapsed(min) 0.03---
2026-10-01 15:13:24,988 - INFO - --- validation at epoch 45, val_loss 0.0239, val_mae 0.1696, val_rmse 0.2144, val_r2 0.3526, val_pearson 0.6997, lr 1.00e-03 ---
2026-10-01 15:13:24,989 - INFO - 
****************************************************************************************************
2026-10-01 15:13:27,354 - INFO - --- training epoch 46, loss 0.0185, mae 0.1522, rmse 0.1924, time elapsed(min) 0.03---
2026-10-01 15:13:27,608 - INFO - --- validation at epoch 46, val_loss 0.0199, val_mae 0.1531, val_rmse 0.1946, val_r2 0.4665, val_pearson 0.7006, lr 1.00e-03 ---
2026-10-01 15:13:27,608 - INFO - 
****************************************************************************************************
2026-10-01 15:13:29,938 - INFO - --- training epoch 47, loss 0.0179, mae 0.1496, rmse 0.1890, time elapsed(min) 0.03---
2026-10-01 15:13:30,227 - INFO - --- validation at epoch 47, val_loss 0.0202, val_mae 0.1547, val_rmse 0.1984, val_r2 0.4451, val_pearson 0.7065, lr 1.00e-03 ---
2026-10-01 15:13:30,227 - INFO - 
****************************************************************************************************
2026-10-01 15:13:32,571 - INFO - --- training epoch 48, loss 0.0177, mae 0.1493, rmse 0.1881, time elapsed(min) 0.03---
2026-10-01 15:13:33,059 - INFO - --- validation at epoch 48, val_loss 0.0201, val_mae 0.1543, val_rmse 0.1973, val_r2 0.4515, val_pearson 0.7081, lr 1.00e-03 ---
2026-10-01 15:13:33,059 - INFO - 
****************************************************************************************************
2026-10-01 15:13:35,484 - INFO - --- training epoch 49, loss 0.0182, mae 0.1502, rmse 0.1906, time elapsed(min) 0.03---
2026-10-01 15:13:35,740 - INFO - --- validation at epoch 49, val_loss 0.0214, val_mae 0.1604, val_rmse 0.2032, val_r2 0.4182, val_pearson 0.7079, lr 1.00e-03 ---
2026-10-01 15:13:35,740 - INFO - 
****************************************************************************************************
2026-10-01 15:13:38,049 - INFO - --- training epoch 50, loss 0.0181, mae 0.1504, rmse 0.1900, time elapsed(min) 0.03---
2026-10-01 15:13:38,300 - INFO - --- validation at epoch 50, val_loss 0.0203, val_mae 0.1557, val_rmse 0.1985, val_r2 0.4449, val_pearson 0.7113, lr 1.00e-03 ---
2026-10-01 15:13:38,300 - INFO - 
****************************************************************************************************
2026-10-01 15:13:40,710 - INFO - --- training epoch 51, loss 0.0177, mae 0.1492, rmse 0.1883, time elapsed(min) 0.03---
2026-10-01 15:13:41,138 - INFO - --- validation at epoch 51, val_loss 0.0203, val_mae 0.1534, val_rmse 0.1963, val_r2 0.4569, val_pearson 0.7093, lr 1.00e-03 ---
2026-10-01 15:13:41,138 - INFO - 
****************************************************************************************************
2026-10-01 15:13:43,658 - INFO - --- training epoch 52, loss 0.0173, mae 0.1470, rmse 0.1860, time elapsed(min) 0.04---
2026-10-01 15:13:43,929 - INFO - --- validation at epoch 52, val_loss 0.0210, val_mae 0.1593, val_rmse 0.2011, val_r2 0.4301, val_pearson 0.7174, lr 1.00e-03 ---
2026-10-01 15:13:43,929 - INFO - 
****************************************************************************************************
2026-10-01 15:13:46,201 - INFO - --- training epoch 53, loss 0.0179, mae 0.1499, rmse 0.1894, time elapsed(min) 0.03---
2026-10-01 15:13:46,455 - INFO - --- validation at epoch 53, val_loss 0.0203, val_mae 0.1547, val_rmse 0.1974, val_r2 0.4509, val_pearson 0.7135, lr 1.00e-03 ---
2026-10-01 15:13:46,455 - INFO - 
****************************************************************************************************
2026-10-01 15:13:48,734 - INFO - --- training epoch 54, loss 0.0182, mae 0.1506, rmse 0.1906, time elapsed(min) 0.03---
2026-10-01 15:13:49,154 - INFO - --- validation at epoch 54, val_loss 0.0213, val_mae 0.1565, val_rmse 0.1997, val_r2 0.4381, val_pearson 0.7101, lr 1.00e-03 ---
2026-10-01 15:13:49,154 - INFO - 
****************************************************************************************************
2026-10-01 15:13:51,729 - INFO - --- training epoch 55, loss 0.0174, mae 0.1471, rmse 0.1867, time elapsed(min) 0.04---
2026-10-01 15:13:51,986 - INFO - --- validation at epoch 55, val_loss 0.0203, val_mae 0.1558, val_rmse 0.1980, val_r2 0.4474, val_pearson 0.7195, lr 1.00e-03 ---
2026-10-01 15:13:51,986 - INFO - 
****************************************************************************************************
2026-10-01 15:13:54,258 - INFO - --- training epoch 56, loss 0.0175, mae 0.1479, rmse 0.1869, time elapsed(min) 0.03---
2026-10-01 15:13:54,514 - INFO - --- validation at epoch 56, val_loss 0.0191, val_mae 0.1494, val_rmse 0.1906, val_r2 0.4882, val_pearson 0.7273, lr 1.00e-03 ---
2026-10-01 15:13:54,514 - INFO - 
****************************************************************************************************
2026-10-01 15:13:56,833 - INFO - --- training epoch 57, loss 0.0181, mae 0.1508, rmse 0.1904, time elapsed(min) 0.03---
2026-10-01 15:13:57,252 - INFO - --- validation at epoch 57, val_loss 0.0196, val_mae 0.1508, val_rmse 0.1941, val_r2 0.4689, val_pearson 0.7092, lr 1.00e-03 ---
2026-10-01 15:13:57,252 - INFO - 
****************************************************************************************************
2026-10-01 15:13:59,887 - INFO - --- training epoch 58, loss 0.0198, mae 0.1583, rmse 0.1989, time elapsed(min) 0.04---
2026-10-01 15:14:00,143 - INFO - --- validation at epoch 58, val_loss 0.0235, val_mae 0.1670, val_rmse 0.2116, val_r2 0.3693, val_pearson 0.7003, lr 1.00e-03 ---
2026-10-01 15:14:00,143 - INFO - 
****************************************************************************************************
2026-10-01 15:14:02,464 - INFO - --- training epoch 59, loss 0.0181, mae 0.1502, rmse 0.1901, time elapsed(min) 0.03---
2026-10-01 15:14:02,721 - INFO - --- validation at epoch 59, val_loss 0.0203, val_mae 0.1549, val_rmse 0.1995, val_r2 0.4392, val_pearson 0.7146, lr 1.00e-03 ---
2026-10-01 15:14:02,721 - INFO - 
****************************************************************************************************
2026-10-01 15:14:04,995 - INFO - --- training epoch 60, loss 0.0173, mae 0.1469, rmse 0.1860, time elapsed(min) 0.03---
2026-10-01 15:14:05,258 - INFO - --- validation at epoch 60, val_loss 0.0186, val_mae 0.1492, val_rmse 0.1905, val_r2 0.4885, val_pearson 0.7163, lr 1.00e-03 ---
2026-10-01 15:14:05,258 - INFO - 
****************************************************************************************************
2026-10-01 15:14:07,734 - INFO - --- training epoch 61, loss 0.0177, mae 0.1482, rmse 0.1882, time elapsed(min) 0.03---
2026-10-01 15:14:08,213 - INFO - --- validation at epoch 61, val_loss 0.0226, val_mae 0.1677, val_rmse 0.2106, val_r2 0.3748, val_pearson 0.7293, lr 1.00e-03 ---
2026-10-01 15:14:08,213 - INFO - 
****************************************************************************************************
2026-10-01 15:14:10,622 - INFO - --- training epoch 62, loss 0.0176, mae 0.1484, rmse 0.1875, time elapsed(min) 0.03---
2026-10-01 15:14:10,882 - INFO - --- validation at epoch 62, val_loss 0.0202, val_mae 0.1529, val_rmse 0.1975, val_r2 0.4506, val_pearson 0.7215, lr 1.00e-03 ---
2026-10-01 15:14:10,882 - INFO - 
****************************************************************************************************
2026-10-01 15:14:13,162 - INFO - --- training epoch 63, loss 0.0170, mae 0.1458, rmse 0.1843, time elapsed(min) 0.03---
2026-10-01 15:14:13,425 - INFO - --- validation at epoch 63, val_loss 0.0190, val_mae 0.1497, val_rmse 0.1919, val_r2 0.4809, val_pearson 0.7339, lr 1.00e-03 ---
2026-10-01 15:14:13,425 - INFO - 
****************************************************************************************************
2026-10-01 15:14:15,717 - INFO - --- training epoch 64, loss 0.0171, mae 0.1458, rmse 0.1852, time elapsed(min) 0.03---
2026-10-01 15:14:16,146 - INFO - --- validation at epoch 64, val_loss 0.0214, val_mae 0.1623, val_rmse 0.2058, val_r2 0.4033, val_pearson 0.7300, lr 1.00e-03 ---
2026-10-01 15:14:16,146 - INFO - 
****************************************************************************************************
2026-10-01 15:14:18,660 - INFO - --- training epoch 65, loss 0.0180, mae 0.1498, rmse 0.1895, time elapsed(min) 0.04---
2026-10-01 15:14:18,917 - INFO - --- validation at epoch 65, val_loss 0.0183, val_mae 0.1480, val_rmse 0.1877, val_r2 0.5038, val_pearson 0.7246, lr 1.00e-03 ---
2026-10-01 15:14:18,917 - INFO - 
****************************************************************************************************
2026-10-01 15:14:21,261 - INFO - --- training epoch 66, loss 0.0200, mae 0.1589, rmse 0.1998, time elapsed(min) 0.03---
2026-10-01 15:14:21,522 - INFO - --- validation at epoch 66, val_loss 0.0197, val_mae 0.1541, val_rmse 0.1951, val_r2 0.4636, val_pearson 0.7089, lr 1.00e-03 ---
2026-10-01 15:14:21,522 - INFO - 
****************************************************************************************************
2026-10-01 15:14:23,804 - INFO - --- training epoch 67, loss 0.0189, mae 0.1539, rmse 0.1944, time elapsed(min) 0.03---
2026-10-01 15:14:24,222 - INFO - --- validation at epoch 67, val_loss 0.0228, val_mae 0.1624, val_rmse 0.2068, val_r2 0.3972, val_pearson 0.7105, lr 1.00e-03 ---
2026-10-01 15:14:24,222 - INFO - 
****************************************************************************************************
2026-10-01 15:14:26,765 - INFO - --- training epoch 68, loss 0.0182, mae 0.1507, rmse 0.1906, time elapsed(min) 0.04---
2026-10-01 15:14:27,016 - INFO - --- validation at epoch 68, val_loss 0.0182, val_mae 0.1471, val_rmse 0.1860, val_r2 0.5123, val_pearson 0.7268, lr 1.00e-03 ---
2026-10-01 15:14:27,016 - INFO - 
****************************************************************************************************
2026-10-01 15:14:29,409 - INFO - --- training epoch 69, loss 0.0182, mae 0.1518, rmse 0.1909, time elapsed(min) 0.03---
2026-10-01 15:14:29,675 - INFO - --- validation at epoch 69, val_loss 0.0197, val_mae 0.1527, val_rmse 0.1952, val_r2 0.4631, val_pearson 0.7237, lr 1.00e-03 ---
2026-10-01 15:14:29,675 - INFO - 
****************************************************************************************************
2026-10-01 15:14:32,050 - INFO - --- training epoch 70, loss 0.0172, mae 0.1459, rmse 0.1853, time elapsed(min) 0.03---
2026-10-01 15:14:32,473 - INFO - --- validation at epoch 70, val_loss 0.0182, val_mae 0.1488, val_rmse 0.1888, val_r2 0.4976, val_pearson 0.7356, lr 1.00e-03 ---
2026-10-01 15:14:32,473 - INFO - 
****************************************************************************************************
2026-10-01 15:14:35,024 - INFO - --- training epoch 71, loss 0.0178, mae 0.1493, rmse 0.1885, time elapsed(min) 0.04---
2026-10-01 15:14:35,313 - INFO - --- validation at epoch 71, val_loss 0.0192, val_mae 0.1478, val_rmse 0.1885, val_r2 0.4991, val_pearson 0.7290, lr 1.00e-03 ---
2026-10-01 15:14:35,313 - INFO - 
****************************************************************************************************
2026-10-01 15:14:37,562 - INFO - --- training epoch 72, loss 0.0181, mae 0.1514, rmse 0.1902, time elapsed(min) 0.03---
2026-10-01 15:14:37,820 - INFO - --- validation at epoch 72, val_loss 0.0175, val_mae 0.1436, val_rmse 0.1834, val_r2 0.5260, val_pearson 0.7339, lr 1.00e-03 ---
2026-10-01 15:14:37,820 - INFO - 
****************************************************************************************************
2026-10-01 15:14:40,141 - INFO - --- training epoch 73, loss 0.0169, mae 0.1450, rmse 0.1837, time elapsed(min) 0.03---
2026-10-01 15:14:40,557 - INFO - --- validation at epoch 73, val_loss 0.0188, val_mae 0.1496, val_rmse 0.1898, val_r2 0.4926, val_pearson 0.7394, lr 1.00e-03 ---
2026-10-01 15:14:40,557 - INFO - 
****************************************************************************************************
2026-10-01 15:14:43,158 - INFO - --- training epoch 74, loss 0.0180, mae 0.1501, rmse 0.1899, time elapsed(min) 0.04---
2026-10-01 15:14:43,410 - INFO - --- validation at epoch 74, val_loss 0.0208, val_mae 0.1572, val_rmse 0.1979, val_r2 0.4480, val_pearson 0.7240, lr 1.00e-03 ---
2026-10-01 15:14:43,410 - INFO - 
****************************************************************************************************
2026-10-01 15:14:45,645 - INFO - --- training epoch 75, loss 0.0172, mae 0.1467, rmse 0.1854, time elapsed(min) 0.03---
2026-10-01 15:14:45,893 - INFO - --- validation at epoch 75, val_loss 0.0187, val_mae 0.1494, val_rmse 0.1903, val_r2 0.4896, val_pearson 0.7299, lr 1.00e-03 ---
2026-10-01 15:14:45,893 - INFO - 
****************************************************************************************************
2026-10-01 15:14:48,202 - INFO - --- training epoch 76, loss 0.0173, mae 0.1463, rmse 0.1859, time elapsed(min) 0.03---
2026-10-01 15:14:48,622 - INFO - --- validation at epoch 76, val_loss 0.0177, val_mae 0.1436, val_rmse 0.1832, val_r2 0.5268, val_pearson 0.7402, lr 1.00e-03 ---
2026-10-01 15:14:48,622 - INFO - 
****************************************************************************************************
2026-10-01 15:14:51,062 - INFO - --- training epoch 77, loss 0.0169, mae 0.1455, rmse 0.1838, time elapsed(min) 0.03---
2026-10-01 15:14:51,682 - INFO - --- validation at epoch 77, val_loss 0.0178, val_mae 0.1441, val_rmse 0.1840, val_r2 0.5231, val_pearson 0.7357, lr 1.00e-03 ---
2026-10-01 15:14:51,682 - INFO - 
****************************************************************************************************
2026-10-01 15:14:53,978 - INFO - --- training epoch 78, loss 0.0170, mae 0.1462, rmse 0.1843, time elapsed(min) 0.03---
2026-10-01 15:14:54,251 - INFO - --- validation at epoch 78, val_loss 0.0182, val_mae 0.1451, val_rmse 0.1858, val_r2 0.5135, val_pearson 0.7351, lr 1.00e-03 ---
2026-10-01 15:14:54,251 - INFO - 
****************************************************************************************************
2026-10-01 15:14:56,539 - INFO - --- training epoch 79, loss 0.0175, mae 0.1483, rmse 0.1871, time elapsed(min) 0.03---
2026-10-01 15:14:56,797 - INFO - --- validation at epoch 79, val_loss 0.0194, val_mae 0.1514, val_rmse 0.1939, val_r2 0.4704, val_pearson 0.7245, lr 1.00e-03 ---
2026-10-01 15:14:56,797 - INFO - 
****************************************************************************************************
2026-10-01 15:14:59,203 - INFO - --- training epoch 80, loss 0.0169, mae 0.1445, rmse 0.1838, time elapsed(min) 0.03---
2026-10-01 15:14:59,692 - INFO - --- validation at epoch 80, val_loss 0.0177, val_mae 0.1477, val_rmse 0.1870, val_r2 0.5070, val_pearson 0.7371, lr 1.00e-03 ---
2026-10-01 15:14:59,692 - INFO - 
****************************************************************************************************
2026-10-01 15:15:02,238 - INFO - --- training epoch 81, loss 0.0171, mae 0.1458, rmse 0.1849, time elapsed(min) 0.03---
2026-10-01 15:15:02,498 - INFO - --- validation at epoch 81, val_loss 0.0179, val_mae 0.1467, val_rmse 0.1876, val_r2 0.5042, val_pearson 0.7362, lr 1.00e-03 ---
2026-10-01 15:15:02,498 - INFO - 
****************************************************************************************************
2026-10-01 15:15:04,794 - INFO - --- training epoch 82, loss 0.0180, mae 0.1507, rmse 0.1898, time elapsed(min) 0.03---
2026-10-01 15:15:05,051 - INFO - --- validation at epoch 82, val_loss 0.0198, val_mae 0.1523, val_rmse 0.1927, val_r2 0.4768, val_pearson 0.7245, lr 1.00e-03 ---
2026-10-01 15:15:05,052 - INFO - 
****************************************************************************************************
2026-10-01 15:15:05,443 - INFO - --- early stopping at epoch 82: val_loss did not improve for 10 epochs ---
2026-10-01 15:15:05,921 - INFO - --- selected checkpoint from epoch 72, val_loss 0.0175, val_mae 0.1436, val_rmse 0.1834
2026-10-01 15:15:07,020 - INFO - -- RESULT
2026-10-01 15:15:07,020 - INFO - --- test size: 1728
2026-10-01 15:15:07,020 - INFO - --- MAE: 0.1398 (13.98 pp), RMSE: 0.1822 (18.22 pp), R2: 0.5703, Pearson: 0.7621
