2026-10-01 11:57:57,538 - INFO - device is	cuda:0
2026-10-01 11:57:57,622 - INFO - -- CONFIGURATIONS
2026-10-01 11:57:57,622 - INFO - --- train/valid/test: 2491/277/1187
2026-10-01 11:57:57,622 - INFO - --- max no. reactants_train, valid, test respectively: 6, 6, 6
2026-10-01 11:57:57,622 - INFO - --- max no. products_train, valid, test respectively: 1, 1, 1
2026-10-01 11:57:57,622 - INFO - --- model_path: ../logs/approach1_server/approach_1_linear/bh/runs/fullcv02_split70/model.pt
2026-10-01 11:57:57,631 - INFO - -- TRAINING
2026-10-01 11:57:58,507 - INFO - --- training epoch 0, loss 26.5327, mae 27.0299, rmse 33.9954, time elapsed(min) 0.01---
2026-10-01 11:57:58,668 - INFO - --- validation at epoch 0, val_loss 21.9602, val_mae 23.1036, val_rmse 27.7006, val_r2 -0.0312, val_pearson -0.3064, lr 1.00e-03 ---
2026-10-01 11:57:58,668 - INFO - 
****************************************************************************************************
2026-10-01 11:57:59,742 - INFO - --- training epoch 1, loss 23.3457, mae 23.8418, rmse 28.7164, time elapsed(min) 0.01---
2026-10-01 11:57:59,892 - INFO - --- validation at epoch 1, val_loss 21.1345, val_mae 22.7730, val_rmse 28.6210, val_r2 -0.1009, val_pearson -0.3296, lr 1.00e-03 ---
2026-10-01 11:57:59,892 - INFO - 
****************************************************************************************************
2026-10-01 11:58:00,992 - INFO - --- training epoch 2, loss 23.6570, mae 24.1552, rmse 29.0866, time elapsed(min) 0.01---
2026-10-01 11:58:01,150 - INFO - --- validation at epoch 2, val_loss 21.2246, val_mae 22.9028, val_rmse 29.1281, val_r2 -0.1403, val_pearson -0.3311, lr 1.00e-03 ---
2026-10-01 11:58:01,150 - INFO - 
****************************************************************************************************
2026-10-01 11:58:02,183 - INFO - --- training epoch 3, loss 23.5602, mae 24.0569, rmse 28.8660, time elapsed(min) 0.01---
2026-10-01 11:58:02,665 - INFO - --- validation at epoch 3, val_loss 21.1159, val_mae 22.7070, val_rmse 28.5336, val_r2 -0.0942, val_pearson 0.0990, lr 1.00e-03 ---
2026-10-01 11:58:02,665 - INFO - 
****************************************************************************************************
2026-10-01 11:58:03,600 - INFO - --- training epoch 4, loss 23.4750, mae 23.9715, rmse 28.6729, time elapsed(min) 0.01---
2026-10-01 11:58:03,757 - INFO - --- validation at epoch 4, val_loss 21.1661, val_mae 22.7311, val_rmse 28.8072, val_r2 -0.1153, val_pearson 0.2706, lr 1.00e-03 ---
2026-10-01 11:58:03,757 - INFO - 
****************************************************************************************************
2026-10-01 11:58:04,598 - INFO - --- training epoch 5, loss 23.4310, mae 23.9282, rmse 28.4138, time elapsed(min) 0.01---
2026-10-01 11:58:04,765 - INFO - --- validation at epoch 5, val_loss 21.1298, val_mae 22.6055, val_rmse 28.0227, val_r2 -0.0554, val_pearson 0.2088, lr 1.00e-03 ---
2026-10-01 11:58:04,765 - INFO - 
****************************************************************************************************
2026-10-01 11:58:05,764 - INFO - --- training epoch 6, loss 23.2477, mae 23.7442, rmse 28.1540, time elapsed(min) 0.01---
2026-10-01 11:58:05,920 - INFO - --- validation at epoch 6, val_loss 21.1384, val_mae 22.5288, val_rmse 27.9408, val_r2 -0.0492, val_pearson 0.2831, lr 1.00e-03 ---
2026-10-01 11:58:05,920 - INFO - 
****************************************************************************************************
2026-10-01 11:58:06,935 - INFO - --- training epoch 7, loss 23.2045, mae 23.7010, rmse 27.9486, time elapsed(min) 0.01---
2026-10-01 11:58:07,093 - INFO - --- validation at epoch 7, val_loss 21.1875, val_mae 22.5137, val_rmse 27.8561, val_r2 -0.0428, val_pearson 0.2719, lr 1.00e-03 ---
2026-10-01 11:58:07,093 - INFO - 
****************************************************************************************************
2026-10-01 11:58:08,128 - INFO - --- training epoch 8, loss 23.0496, mae 23.5463, rmse 27.9175, time elapsed(min) 0.01---
2026-10-01 11:58:08,290 - INFO - --- validation at epoch 8, val_loss 21.0160, val_mae 22.1858, val_rmse 27.3035, val_r2 -0.0019, val_pearson 0.3039, lr 1.00e-03 ---
2026-10-01 11:58:08,290 - INFO - 
****************************************************************************************************
2026-10-01 11:58:09,414 - INFO - --- training epoch 9, loss 22.7222, mae 23.2183, rmse 27.5548, time elapsed(min) 0.01---
2026-10-01 11:58:09,579 - INFO - --- validation at epoch 9, val_loss 21.3294, val_mae 22.1644, val_rmse 27.0373, val_r2 0.0176, val_pearson 0.2625, lr 1.00e-03 ---
2026-10-01 11:58:09,579 - INFO - 
****************************************************************************************************
2026-10-01 11:58:10,501 - INFO - --- training epoch 10, loss 22.6082, mae 23.1051, rmse 27.4012, time elapsed(min) 0.01---
2026-10-01 11:58:10,660 - INFO - --- validation at epoch 10, val_loss 21.5482, val_mae 22.5436, val_rmse 26.7513, val_r2 0.0382, val_pearson 0.2709, lr 1.00e-03 ---
2026-10-01 11:58:10,660 - INFO - 
****************************************************************************************************
2026-10-01 11:58:11,537 - INFO - --- training epoch 11, loss 21.9174, mae 22.4137, rmse 26.9273, time elapsed(min) 0.01---
2026-10-01 11:58:11,689 - INFO - --- validation at epoch 11, val_loss 20.7921, val_mae 21.6386, val_rmse 26.3102, val_r2 0.0697, val_pearson 0.3086, lr 1.00e-03 ---
2026-10-01 11:58:11,689 - INFO - 
****************************************************************************************************
2026-10-01 11:58:12,798 - INFO - --- training epoch 12, loss 21.8435, mae 22.3394, rmse 26.7476, time elapsed(min) 0.01---
2026-10-01 11:58:12,949 - INFO - --- validation at epoch 12, val_loss 21.6698, val_mae 22.0560, val_rmse 26.8924, val_r2 0.0281, val_pearson 0.2847, lr 1.00e-03 ---
2026-10-01 11:58:12,949 - INFO - 
****************************************************************************************************
2026-10-01 11:58:14,052 - INFO - --- training epoch 13, loss 21.8385, mae 22.3331, rmse 26.5872, time elapsed(min) 0.01---
2026-10-01 11:58:14,201 - INFO - --- validation at epoch 13, val_loss 20.6454, val_mae 21.4598, val_rmse 25.5934, val_r2 0.1197, val_pearson 0.3545, lr 1.00e-03 ---
2026-10-01 11:58:14,201 - INFO - 
****************************************************************************************************
2026-10-01 11:58:15,356 - INFO - --- training epoch 14, loss 21.3817, mae 21.8772, rmse 26.0118, time elapsed(min) 0.01---
2026-10-01 11:58:15,706 - INFO - --- validation at epoch 14, val_loss 20.9235, val_mae 21.6452, val_rmse 25.4443, val_r2 0.1299, val_pearson 0.3613, lr 1.00e-03 ---
2026-10-01 11:58:15,706 - INFO - 
****************************************************************************************************
2026-10-01 11:58:16,747 - INFO - --- training epoch 15, loss 21.2724, mae 21.7685, rmse 25.7555, time elapsed(min) 0.01---
2026-10-01 11:58:16,911 - INFO - --- validation at epoch 15, val_loss 21.2805, val_mae 21.9772, val_rmse 25.6699, val_r2 0.1144, val_pearson 0.3666, lr 1.00e-03 ---
2026-10-01 11:58:16,911 - INFO - 
****************************************************************************************************
2026-10-01 11:58:17,799 - INFO - --- training epoch 16, loss 20.4146, mae 20.9100, rmse 25.0511, time elapsed(min) 0.01---
2026-10-01 11:58:17,959 - INFO - --- validation at epoch 16, val_loss 21.1533, val_mae 21.3380, val_rmse 25.1071, val_r2 0.1528, val_pearson 0.4216, lr 1.00e-03 ---
2026-10-01 11:58:17,960 - INFO - 
****************************************************************************************************
2026-10-01 11:58:19,137 - INFO - --- training epoch 17, loss 20.1361, mae 20.6305, rmse 24.5495, time elapsed(min) 0.01---
2026-10-01 11:58:19,299 - INFO - --- validation at epoch 17, val_loss 21.2632, val_mae 21.5565, val_rmse 25.6430, val_r2 0.1163, val_pearson 0.4221, lr 1.00e-03 ---
2026-10-01 11:58:19,299 - INFO - 
****************************************************************************************************
2026-10-01 11:58:20,475 - INFO - --- training epoch 18, loss 20.5232, mae 21.0189, rmse 25.1505, time elapsed(min) 0.01---
2026-10-01 11:58:20,626 - INFO - --- validation at epoch 18, val_loss 21.2591, val_mae 21.4513, val_rmse 25.3248, val_r2 0.1381, val_pearson 0.4331, lr 1.00e-03 ---
2026-10-01 11:58:20,626 - INFO - 
****************************************************************************************************
2026-10-01 11:58:21,720 - INFO - --- training epoch 19, loss 20.6946, mae 21.1890, rmse 25.3592, time elapsed(min) 0.01---
2026-10-01 11:58:22,063 - INFO - --- validation at epoch 19, val_loss 22.8931, val_mae 23.3133, val_rmse 27.4599, val_r2 -0.0134, val_pearson 0.3960, lr 1.00e-03 ---
2026-10-01 11:58:22,063 - INFO - 
****************************************************************************************************
2026-10-01 11:58:23,066 - INFO - --- training epoch 20, loss 20.6378, mae 21.1333, rmse 25.0026, time elapsed(min) 0.01---
2026-10-01 11:58:23,223 - INFO - --- validation at epoch 20, val_loss 21.3838, val_mae 21.5558, val_rmse 26.0385, val_r2 0.0888, val_pearson 0.3947, lr 1.00e-03 ---
2026-10-01 11:58:23,223 - INFO - 
****************************************************************************************************
2026-10-01 11:58:24,106 - INFO - --- training epoch 21, loss 20.4180, mae 20.9143, rmse 24.9059, time elapsed(min) 0.01---
2026-10-01 11:58:24,267 - INFO - --- validation at epoch 21, val_loss 21.0859, val_mae 21.2203, val_rmse 25.1833, val_r2 0.1477, val_pearson 0.4259, lr 1.00e-03 ---
2026-10-01 11:58:24,267 - INFO - 
****************************************************************************************************
2026-10-01 11:58:25,302 - INFO - --- training epoch 22, loss 20.2117, mae 20.7085, rmse 24.7721, time elapsed(min) 0.01---
2026-10-01 11:58:25,461 - INFO - --- validation at epoch 22, val_loss 20.8841, val_mae 21.2772, val_rmse 25.3694, val_r2 0.1350, val_pearson 0.4058, lr 1.00e-03 ---
2026-10-01 11:58:25,461 - INFO - 
****************************************************************************************************
2026-10-01 11:58:26,500 - INFO - --- training epoch 23, loss 20.5762, mae 21.0716, rmse 25.3131, time elapsed(min) 0.01---
2026-10-01 11:58:26,664 - INFO - --- validation at epoch 23, val_loss 21.0949, val_mae 21.0342, val_rmse 25.3733, val_r2 0.1348, val_pearson 0.4402, lr 1.00e-03 ---
2026-10-01 11:58:26,664 - INFO - 
****************************************************************************************************
2026-10-01 11:58:26,949 - INFO - --- early stopping at epoch 23: val_loss did not improve for 10 epochs ---
2026-10-01 11:58:27,133 - INFO - --- selected checkpoint from epoch 13, val_loss 20.6454, val_mae 21.4598, val_rmse 25.5934
2026-10-01 11:58:27,700 - INFO - -- RESULT
2026-10-01 11:58:27,700 - INFO - --- test size: 1187
2026-10-01 11:58:27,701 - INFO - --- MAE: 21.0617 pp, RMSE: 24.8131 pp, R2: 0.1394, Pearson: 0.3904
2026-10-01 11:58:27,702 - INFO - --- fullcv02_split70: MAE 21.0616777769989, RMSE 24.813095356094763, R2 0.13938461726923734
2026-10-01 11:58:27,713 - INFO - --- training fullcv03_split70 (npz/bh/fullcv03_split70)
