2026-10-01 16:02:21,317 - INFO - device is	cuda:0
2026-10-01 16:02:21,427 - INFO - -- CONFIGURATIONS
2026-10-01 16:02:21,427 - INFO - --- train/valid/test: 3628/404/1728
2026-10-01 16:02:21,427 - INFO - --- max no. reactants_train, valid, test respectively: 14, 14, 14
2026-10-01 16:02:21,427 - INFO - --- max no. products_train, valid, test respectively: 1, 1, 1
2026-10-01 16:02:21,427 - INFO - --- model_path: ../logs/approach1_server/approach_1_linear/suzuki/runs/suzuki_split_1_20261001_160221/split_1/model.pt
2026-10-01 16:02:21,527 - INFO - -- TRAINING
2026-10-01 16:02:27,227 - INFO - --- training epoch 0, loss 1.9900, mae 2.2855, rmse 7.5199, time elapsed(min) 0.09---
2026-10-01 16:02:27,660 - INFO - --- validation at epoch 0, val_loss 0.0635, val_mae 0.3121, val_rmse 0.3580, val_r2 -0.7500, val_pearson -0.0004, lr 1.00e-03 ---
2026-10-01 16:02:27,660 - INFO - 
****************************************************************************************************
2026-10-01 16:02:33,308 - INFO - --- training epoch 1, loss 0.0445, mae 0.2556, rmse 0.2983, time elapsed(min) 0.09---
2026-10-01 16:02:33,730 - INFO - --- validation at epoch 1, val_loss 0.0396, val_mae 0.2430, val_rmse 0.2770, val_r2 -0.0479, val_pearson 0.0501, lr 1.00e-03 ---
2026-10-01 16:02:33,730 - INFO - 
****************************************************************************************************
2026-10-01 16:02:39,362 - INFO - --- training epoch 2, loss 0.0408, mae 0.2481, rmse 0.2857, time elapsed(min) 0.09---
2026-10-01 16:02:39,777 - INFO - --- validation at epoch 2, val_loss 0.0407, val_mae 0.2481, val_rmse 0.2818, val_r2 -0.0842, val_pearson 0.0960, lr 1.00e-03 ---
2026-10-01 16:02:39,777 - INFO - 
****************************************************************************************************
2026-10-01 16:02:45,420 - INFO - --- training epoch 3, loss 0.0407, mae 0.2476, rmse 0.2852, time elapsed(min) 0.09---
2026-10-01 16:02:46,023 - INFO - --- validation at epoch 3, val_loss 0.0409, val_mae 0.2488, val_rmse 0.2824, val_r2 -0.0894, val_pearson 0.1292, lr 1.00e-03 ---
2026-10-01 16:02:46,023 - INFO - 
****************************************************************************************************
2026-10-01 16:02:51,651 - INFO - --- training epoch 4, loss 0.0403, mae 0.2465, rmse 0.2838, time elapsed(min) 0.09---
2026-10-01 16:02:52,077 - INFO - --- validation at epoch 4, val_loss 0.0399, val_mae 0.2447, val_rmse 0.2784, val_r2 -0.0589, val_pearson 0.1483, lr 1.00e-03 ---
2026-10-01 16:02:52,078 - INFO - 
****************************************************************************************************
2026-10-01 16:02:57,623 - INFO - --- training epoch 5, loss 0.0405, mae 0.2469, rmse 0.2845, time elapsed(min) 0.09---
2026-10-01 16:02:58,046 - INFO - --- validation at epoch 5, val_loss 0.0402, val_mae 0.2461, val_rmse 0.2796, val_r2 -0.0680, val_pearson 0.1643, lr 1.00e-03 ---
2026-10-01 16:02:58,046 - INFO - 
****************************************************************************************************
2026-10-01 16:03:03,581 - INFO - --- training epoch 6, loss 0.0403, mae 0.2472, rmse 0.2840, time elapsed(min) 0.09---
2026-10-01 16:03:04,222 - INFO - --- validation at epoch 6, val_loss 0.0396, val_mae 0.2437, val_rmse 0.2773, val_r2 -0.0503, val_pearson 0.1703, lr 1.00e-03 ---
2026-10-01 16:03:04,222 - INFO - 
****************************************************************************************************
2026-10-01 16:03:10,014 - INFO - --- training epoch 7, loss 0.0405, mae 0.2473, rmse 0.2848, time elapsed(min) 0.09---
2026-10-01 16:03:10,436 - INFO - --- validation at epoch 7, val_loss 0.0401, val_mae 0.2467, val_rmse 0.2800, val_r2 -0.0707, val_pearson 0.1687, lr 1.00e-03 ---
2026-10-01 16:03:10,436 - INFO - 
****************************************************************************************************
2026-10-01 16:03:16,041 - INFO - --- training epoch 8, loss 0.0402, mae 0.2465, rmse 0.2836, time elapsed(min) 0.09---
2026-10-01 16:03:16,464 - INFO - --- validation at epoch 8, val_loss 0.0398, val_mae 0.2457, val_rmse 0.2789, val_r2 -0.0621, val_pearson 0.1748, lr 1.00e-03 ---
2026-10-01 16:03:16,465 - INFO - 
****************************************************************************************************
2026-10-01 16:03:22,037 - INFO - --- training epoch 9, loss 0.0402, mae 0.2460, rmse 0.2837, time elapsed(min) 0.09---
2026-10-01 16:03:22,630 - INFO - --- validation at epoch 9, val_loss 0.0395, val_mae 0.2447, val_rmse 0.2778, val_r2 -0.0537, val_pearson 0.1874, lr 1.00e-03 ---
2026-10-01 16:03:22,630 - INFO - 
****************************************************************************************************
2026-10-01 16:03:28,730 - INFO - --- training epoch 10, loss 0.0405, mae 0.2462, rmse 0.2845, time elapsed(min) 0.09---
2026-10-01 16:03:29,153 - INFO - --- validation at epoch 10, val_loss 0.0385, val_mae 0.2400, val_rmse 0.2735, val_r2 -0.0213, val_pearson 0.1953, lr 1.00e-03 ---
2026-10-01 16:03:29,153 - INFO - 
****************************************************************************************************
2026-10-01 16:03:34,782 - INFO - --- training epoch 11, loss 0.0404, mae 0.2466, rmse 0.2844, time elapsed(min) 0.09---
2026-10-01 16:03:35,214 - INFO - --- validation at epoch 11, val_loss 0.0371, val_mae 0.2338, val_rmse 0.2680, val_r2 0.0193, val_pearson 0.1983, lr 1.00e-03 ---
2026-10-01 16:03:35,214 - INFO - 
****************************************************************************************************
2026-10-01 16:03:40,904 - INFO - --- training epoch 12, loss 0.0407, mae 0.2459, rmse 0.2852, time elapsed(min) 0.09---
2026-10-01 16:03:41,379 - INFO - --- validation at epoch 12, val_loss 0.0413, val_mae 0.2531, val_rmse 0.2868, val_r2 -0.1236, val_pearson 0.1817, lr 1.00e-03 ---
2026-10-01 16:03:41,379 - INFO - 
****************************************************************************************************
2026-10-01 16:03:47,223 - INFO - --- training epoch 13, loss 0.0399, mae 0.2454, rmse 0.2826, time elapsed(min) 0.09---
2026-10-01 16:03:47,648 - INFO - --- validation at epoch 13, val_loss 0.0374, val_mae 0.2380, val_rmse 0.2707, val_r2 -0.0010, val_pearson 0.2009, lr 1.00e-03 ---
2026-10-01 16:03:47,648 - INFO - 
****************************************************************************************************
2026-10-01 16:03:53,172 - INFO - --- training epoch 14, loss 0.0401, mae 0.2454, rmse 0.2834, time elapsed(min) 0.09---
2026-10-01 16:03:53,597 - INFO - --- validation at epoch 14, val_loss 0.0367, val_mae 0.2322, val_rmse 0.2661, val_r2 0.0328, val_pearson 0.2313, lr 1.00e-03 ---
2026-10-01 16:03:53,597 - INFO - 
****************************************************************************************************
2026-10-01 16:03:59,244 - INFO - --- training epoch 15, loss 0.0399, mae 0.2441, rmse 0.2823, time elapsed(min) 0.09---
2026-10-01 16:03:59,670 - INFO - --- validation at epoch 15, val_loss 0.0363, val_mae 0.2326, val_rmse 0.2655, val_r2 0.0370, val_pearson 0.2455, lr 1.00e-03 ---
2026-10-01 16:03:59,670 - INFO - 
****************************************************************************************************
2026-10-01 16:04:05,459 - INFO - --- training epoch 16, loss 0.0401, mae 0.2441, rmse 0.2832, time elapsed(min) 0.09---
2026-10-01 16:04:06,189 - INFO - --- validation at epoch 16, val_loss 0.0364, val_mae 0.2277, val_rmse 0.2630, val_r2 0.0551, val_pearson 0.2615, lr 1.00e-03 ---
2026-10-01 16:04:06,189 - INFO - 
****************************************************************************************************
2026-10-01 16:04:11,769 - INFO - --- training epoch 17, loss 0.0409, mae 0.2450, rmse 0.2860, time elapsed(min) 0.09---
2026-10-01 16:04:12,200 - INFO - --- validation at epoch 17, val_loss 0.0358, val_mae 0.2301, val_rmse 0.2634, val_r2 0.0526, val_pearson 0.2568, lr 1.00e-03 ---
2026-10-01 16:04:12,200 - INFO - 
****************************************************************************************************
2026-10-01 16:04:17,817 - INFO - --- training epoch 18, loss 0.0390, mae 0.2415, rmse 0.2794, time elapsed(min) 0.09---
2026-10-01 16:04:18,237 - INFO - --- validation at epoch 18, val_loss 0.0360, val_mae 0.2286, val_rmse 0.2629, val_r2 0.0560, val_pearson 0.2604, lr 1.00e-03 ---
2026-10-01 16:04:18,237 - INFO - 
****************************************************************************************************
2026-10-01 16:04:23,990 - INFO - --- training epoch 19, loss 0.0446, mae 0.2495, rmse 0.2986, time elapsed(min) 0.09---
2026-10-01 16:04:24,745 - INFO - --- validation at epoch 19, val_loss 0.0776, val_mae 0.3447, val_rmse 0.4019, val_r2 -1.2059, val_pearson 0.1958, lr 1.00e-03 ---
2026-10-01 16:04:24,745 - INFO - 
****************************************************************************************************
2026-10-01 16:04:30,333 - INFO - --- training epoch 20, loss 0.0455, mae 0.2566, rmse 0.3018, time elapsed(min) 0.09---
2026-10-01 16:04:30,759 - INFO - --- validation at epoch 20, val_loss 0.0379, val_mae 0.2365, val_rmse 0.2703, val_r2 0.0021, val_pearson 0.2259, lr 1.00e-03 ---
2026-10-01 16:04:30,759 - INFO - 
****************************************************************************************************
2026-10-01 16:04:36,294 - INFO - --- training epoch 21, loss 0.0387, mae 0.2421, rmse 0.2782, time elapsed(min) 0.09---
2026-10-01 16:04:36,733 - INFO - --- validation at epoch 21, val_loss 0.0393, val_mae 0.2454, val_rmse 0.2778, val_r2 -0.0542, val_pearson 0.2630, lr 1.00e-03 ---
2026-10-01 16:04:36,733 - INFO - 
****************************************************************************************************
2026-10-01 16:04:42,497 - INFO - --- training epoch 22, loss 0.0390, mae 0.2421, rmse 0.2792, time elapsed(min) 0.09---
2026-10-01 16:04:43,102 - INFO - --- validation at epoch 22, val_loss 0.0382, val_mae 0.2422, val_rmse 0.2745, val_r2 -0.0290, val_pearson 0.2691, lr 1.00e-03 ---
2026-10-01 16:04:43,102 - INFO - 
****************************************************************************************************
2026-10-01 16:04:48,795 - INFO - --- training epoch 23, loss 0.0383, mae 0.2399, rmse 0.2767, time elapsed(min) 0.09---
2026-10-01 16:04:49,233 - INFO - --- validation at epoch 23, val_loss 0.0371, val_mae 0.2379, val_rmse 0.2700, val_r2 0.0045, val_pearson 0.2801, lr 1.00e-03 ---
2026-10-01 16:04:49,234 - INFO - 
****************************************************************************************************
2026-10-01 16:04:54,783 - INFO - --- training epoch 24, loss 0.0383, mae 0.2393, rmse 0.2766, time elapsed(min) 0.09---
2026-10-01 16:04:55,209 - INFO - --- validation at epoch 24, val_loss 0.0371, val_mae 0.2388, val_rmse 0.2714, val_r2 -0.0060, val_pearson 0.2794, lr 1.00e-03 ---
2026-10-01 16:04:55,209 - INFO - 
****************************************************************************************************
2026-10-01 16:05:00,874 - INFO - --- training epoch 25, loss 0.0377, mae 0.2372, rmse 0.2746, time elapsed(min) 0.09---
2026-10-01 16:05:01,507 - INFO - --- validation at epoch 25, val_loss 0.0364, val_mae 0.2333, val_rmse 0.2672, val_r2 0.0251, val_pearson 0.2904, lr 1.00e-03 ---
2026-10-01 16:05:01,507 - INFO - 
****************************************************************************************************
2026-10-01 16:05:07,255 - INFO - --- training epoch 26, loss 0.0386, mae 0.2400, rmse 0.2779, time elapsed(min) 0.09---
2026-10-01 16:05:07,692 - INFO - --- validation at epoch 26, val_loss 0.0365, val_mae 0.2353, val_rmse 0.2684, val_r2 0.0160, val_pearson 0.2963, lr 1.00e-03 ---
2026-10-01 16:05:07,692 - INFO - 
****************************************************************************************************
2026-10-01 16:05:13,312 - INFO - --- training epoch 27, loss 0.0377, mae 0.2365, rmse 0.2745, time elapsed(min) 0.09---
2026-10-01 16:05:13,734 - INFO - --- validation at epoch 27, val_loss 0.0364, val_mae 0.2322, val_rmse 0.2652, val_r2 0.0393, val_pearson 0.3327, lr 1.00e-03 ---
2026-10-01 16:05:13,734 - INFO - 
****************************************************************************************************
2026-10-01 16:05:14,120 - INFO - --- early stopping at epoch 27: val_loss did not improve for 10 epochs ---
2026-10-01 16:05:14,639 - INFO - --- selected checkpoint from epoch 17, val_loss 0.0358, val_mae 0.2301, val_rmse 0.2634
2026-10-01 16:05:16,229 - INFO - -- RESULT
2026-10-01 16:05:16,229 - INFO - --- test size: 1728
2026-10-01 16:05:16,229 - INFO - --- MAE: 0.2340 (23.40 pp), RMSE: 0.2713 (27.13 pp), R2: 0.0700, Pearson: 0.2879
