2026-10-01 18:53:12,256 - INFO - device is	cuda:0
2026-10-01 18:53:12,373 - INFO - -- CONFIGURATIONS
2026-10-01 18:53:12,373 - INFO - --- train/valid/test: 3628/404/1728
2026-10-01 18:53:12,373 - INFO - --- max no. reactants_train, valid, test respectively: 14, 14, 14
2026-10-01 18:53:12,373 - INFO - --- max no. products_train, valid, test respectively: 1, 1, 1
2026-10-01 18:53:12,373 - INFO - --- model_path: ../logs/approach1_server/ind_mean_mlp/suzuki/runs/suzuki_split_4_20261001_185312/split_4/model.pt
2026-10-01 18:53:12,472 - INFO - -- TRAINING
2026-10-01 18:53:14,515 - INFO - --- training epoch 0, loss 0.5469, mae 0.8057, rmse 2.3183, time elapsed(min) 0.03---
2026-10-01 18:53:14,967 - INFO - --- validation at epoch 0, val_loss 0.0390, val_mae 0.2329, val_rmse 0.2698, val_r2 0.0177, val_pearson 0.1677, lr 1.00e-03 ---
2026-10-01 18:53:14,967 - INFO - 
****************************************************************************************************
2026-10-01 18:53:17,291 - INFO - --- training epoch 1, loss 0.0405, mae 0.2435, rmse 0.2846, time elapsed(min) 0.03---
2026-10-01 18:53:17,548 - INFO - --- validation at epoch 1, val_loss 0.0390, val_mae 0.2397, val_rmse 0.2712, val_r2 0.0071, val_pearson 0.1860, lr 1.00e-03 ---
2026-10-01 18:53:17,548 - INFO - 
****************************************************************************************************
2026-10-01 18:53:19,750 - INFO - --- training epoch 2, loss 0.0397, mae 0.2422, rmse 0.2819, time elapsed(min) 0.03---
2026-10-01 18:53:19,997 - INFO - --- validation at epoch 2, val_loss 0.0377, val_mae 0.2334, val_rmse 0.2673, val_r2 0.0357, val_pearson 0.2019, lr 1.00e-03 ---
2026-10-01 18:53:19,997 - INFO - 
****************************************************************************************************
2026-10-01 18:53:22,338 - INFO - --- training epoch 3, loss 0.0392, mae 0.2412, rmse 0.2801, time elapsed(min) 0.03---
2026-10-01 18:53:22,770 - INFO - --- validation at epoch 3, val_loss 0.0371, val_mae 0.2282, val_rmse 0.2661, val_r2 0.0440, val_pearson 0.2263, lr 1.00e-03 ---
2026-10-01 18:53:22,770 - INFO - 
****************************************************************************************************
2026-10-01 18:53:25,221 - INFO - --- training epoch 4, loss 0.0385, mae 0.2384, rmse 0.2775, time elapsed(min) 0.03---
2026-10-01 18:53:25,471 - INFO - --- validation at epoch 4, val_loss 0.0366, val_mae 0.2288, val_rmse 0.2649, val_r2 0.0531, val_pearson 0.2321, lr 1.00e-03 ---
2026-10-01 18:53:25,471 - INFO - 
****************************************************************************************************
2026-10-01 18:53:27,744 - INFO - --- training epoch 5, loss 0.0388, mae 0.2388, rmse 0.2787, time elapsed(min) 0.03---
2026-10-01 18:53:27,989 - INFO - --- validation at epoch 5, val_loss 0.0371, val_mae 0.2277, val_rmse 0.2657, val_r2 0.0470, val_pearson 0.2244, lr 1.00e-03 ---
2026-10-01 18:53:27,989 - INFO - 
****************************************************************************************************
2026-10-01 18:53:30,206 - INFO - --- training epoch 6, loss 0.0379, mae 0.2363, rmse 0.2755, time elapsed(min) 0.03---
2026-10-01 18:53:30,604 - INFO - --- validation at epoch 6, val_loss 0.0374, val_mae 0.2260, val_rmse 0.2656, val_r2 0.0478, val_pearson 0.2317, lr 1.00e-03 ---
2026-10-01 18:53:30,604 - INFO - 
****************************************************************************************************
2026-10-01 18:53:33,065 - INFO - --- training epoch 7, loss 0.0381, mae 0.2362, rmse 0.2762, time elapsed(min) 0.03---
2026-10-01 18:53:33,313 - INFO - --- validation at epoch 7, val_loss 0.0370, val_mae 0.2225, val_rmse 0.2644, val_r2 0.0567, val_pearson 0.2660, lr 1.00e-03 ---
2026-10-01 18:53:33,314 - INFO - 
****************************************************************************************************
2026-10-01 18:53:35,497 - INFO - --- training epoch 8, loss 0.0373, mae 0.2329, rmse 0.2733, time elapsed(min) 0.03---
2026-10-01 18:53:35,745 - INFO - --- validation at epoch 8, val_loss 0.0371, val_mae 0.2141, val_rmse 0.2656, val_r2 0.0481, val_pearson 0.3360, lr 1.00e-03 ---
2026-10-01 18:53:35,745 - INFO - 
****************************************************************************************************
2026-10-01 18:53:38,010 - INFO - --- training epoch 9, loss 0.0337, mae 0.2164, rmse 0.2598, time elapsed(min) 0.03---
2026-10-01 18:53:38,254 - INFO - --- validation at epoch 9, val_loss 0.0275, val_mae 0.1892, val_rmse 0.2312, val_r2 0.2782, val_pearson 0.5461, lr 1.00e-03 ---
2026-10-01 18:53:38,254 - INFO - 
****************************************************************************************************
2026-10-01 18:53:40,709 - INFO - --- training epoch 10, loss 0.0322, mae 0.2096, rmse 0.2538, time elapsed(min) 0.03---
2026-10-01 18:53:41,167 - INFO - --- validation at epoch 10, val_loss 0.0267, val_mae 0.1779, val_rmse 0.2314, val_r2 0.2770, val_pearson 0.5490, lr 1.00e-03 ---
2026-10-01 18:53:41,167 - INFO - 
****************************************************************************************************
2026-10-01 18:53:43,519 - INFO - --- training epoch 11, loss 0.0273, mae 0.1891, rmse 0.2335, time elapsed(min) 0.03---
2026-10-01 18:53:43,762 - INFO - --- validation at epoch 11, val_loss 0.0236, val_mae 0.1726, val_rmse 0.2205, val_r2 0.3439, val_pearson 0.5939, lr 1.00e-03 ---
2026-10-01 18:53:43,762 - INFO - 
****************************************************************************************************
2026-10-01 18:53:46,003 - INFO - --- training epoch 12, loss 0.0262, mae 0.1843, rmse 0.2290, time elapsed(min) 0.03---
2026-10-01 18:53:46,250 - INFO - --- validation at epoch 12, val_loss 0.0241, val_mae 0.1678, val_rmse 0.2186, val_r2 0.3547, val_pearson 0.5991, lr 1.00e-03 ---
2026-10-01 18:53:46,250 - INFO - 
****************************************************************************************************
2026-10-01 18:53:48,579 - INFO - --- training epoch 13, loss 0.0261, mae 0.1831, rmse 0.2284, time elapsed(min) 0.03---
2026-10-01 18:53:48,988 - INFO - --- validation at epoch 13, val_loss 0.0239, val_mae 0.1691, val_rmse 0.2191, val_r2 0.3520, val_pearson 0.5965, lr 1.00e-03 ---
2026-10-01 18:53:48,988 - INFO - 
****************************************************************************************************
2026-10-01 18:53:51,505 - INFO - --- training epoch 14, loss 0.0245, mae 0.1780, rmse 0.2212, time elapsed(min) 0.04---
2026-10-01 18:53:51,750 - INFO - --- validation at epoch 14, val_loss 0.0232, val_mae 0.1690, val_rmse 0.2171, val_r2 0.3640, val_pearson 0.6147, lr 1.00e-03 ---
2026-10-01 18:53:51,750 - INFO - 
****************************************************************************************************
2026-10-01 18:53:54,031 - INFO - --- training epoch 15, loss 0.0244, mae 0.1764, rmse 0.2211, time elapsed(min) 0.03---
2026-10-01 18:53:54,276 - INFO - --- validation at epoch 15, val_loss 0.0234, val_mae 0.1728, val_rmse 0.2185, val_r2 0.3553, val_pearson 0.6196, lr 1.00e-03 ---
2026-10-01 18:53:54,277 - INFO - 
****************************************************************************************************
2026-10-01 18:53:56,608 - INFO - --- training epoch 16, loss 0.0235, mae 0.1725, rmse 0.2169, time elapsed(min) 0.03---
2026-10-01 18:53:57,017 - INFO - --- validation at epoch 16, val_loss 0.0222, val_mae 0.1626, val_rmse 0.2097, val_r2 0.4066, val_pearson 0.6399, lr 1.00e-03 ---
2026-10-01 18:53:57,017 - INFO - 
****************************************************************************************************
2026-10-01 18:53:59,441 - INFO - --- training epoch 17, loss 0.0226, mae 0.1684, rmse 0.2126, time elapsed(min) 0.03---
2026-10-01 18:54:00,023 - INFO - --- validation at epoch 17, val_loss 0.0224, val_mae 0.1569, val_rmse 0.2077, val_r2 0.4175, val_pearson 0.6467, lr 1.00e-03 ---
2026-10-01 18:54:00,023 - INFO - 
****************************************************************************************************
2026-10-01 18:54:02,409 - INFO - --- training epoch 18, loss 0.0224, mae 0.1672, rmse 0.2114, time elapsed(min) 0.03---
2026-10-01 18:54:02,658 - INFO - --- validation at epoch 18, val_loss 0.0228, val_mae 0.1558, val_rmse 0.2091, val_r2 0.4100, val_pearson 0.6475, lr 1.00e-03 ---
2026-10-01 18:54:02,658 - INFO - 
****************************************************************************************************
2026-10-01 18:54:04,878 - INFO - --- training epoch 19, loss 0.0225, mae 0.1674, rmse 0.2121, time elapsed(min) 0.03---
2026-10-01 18:54:05,135 - INFO - --- validation at epoch 19, val_loss 0.0217, val_mae 0.1539, val_rmse 0.2061, val_r2 0.4264, val_pearson 0.6717, lr 1.00e-03 ---
2026-10-01 18:54:05,136 - INFO - 
****************************************************************************************************
2026-10-01 18:54:07,541 - INFO - --- training epoch 20, loss 0.0221, mae 0.1648, rmse 0.2102, time elapsed(min) 0.03---
2026-10-01 18:54:08,007 - INFO - --- validation at epoch 20, val_loss 0.0233, val_mae 0.1565, val_rmse 0.2093, val_r2 0.4088, val_pearson 0.6730, lr 1.00e-03 ---
2026-10-01 18:54:08,007 - INFO - 
****************************************************************************************************
2026-10-01 18:54:10,452 - INFO - --- training epoch 21, loss 0.0223, mae 0.1665, rmse 0.2110, time elapsed(min) 0.03---
2026-10-01 18:54:10,697 - INFO - --- validation at epoch 21, val_loss 0.0227, val_mae 0.1578, val_rmse 0.2086, val_r2 0.4126, val_pearson 0.6600, lr 1.00e-03 ---
2026-10-01 18:54:10,697 - INFO - 
****************************************************************************************************
2026-10-01 18:54:12,981 - INFO - --- training epoch 22, loss 0.0217, mae 0.1633, rmse 0.2082, time elapsed(min) 0.03---
2026-10-01 18:54:13,232 - INFO - --- validation at epoch 22, val_loss 0.0222, val_mae 0.1555, val_rmse 0.2070, val_r2 0.4216, val_pearson 0.6805, lr 1.00e-03 ---
2026-10-01 18:54:13,232 - INFO - 
****************************************************************************************************
2026-10-01 18:54:15,440 - INFO - --- training epoch 23, loss 0.0216, mae 0.1625, rmse 0.2081, time elapsed(min) 0.03---
2026-10-01 18:54:15,865 - INFO - --- validation at epoch 23, val_loss 0.0235, val_mae 0.1539, val_rmse 0.2076, val_r2 0.4180, val_pearson 0.6578, lr 1.00e-03 ---
2026-10-01 18:54:15,865 - INFO - 
****************************************************************************************************
2026-10-01 18:54:18,440 - INFO - --- training epoch 24, loss 0.0208, mae 0.1591, rmse 0.2039, time elapsed(min) 0.04---
2026-10-01 18:54:18,692 - INFO - --- validation at epoch 24, val_loss 0.0231, val_mae 0.1578, val_rmse 0.2104, val_r2 0.4026, val_pearson 0.6801, lr 1.00e-03 ---
2026-10-01 18:54:18,692 - INFO - 
****************************************************************************************************
2026-10-01 18:54:21,001 - INFO - --- training epoch 25, loss 0.0211, mae 0.1609, rmse 0.2053, time elapsed(min) 0.03---
2026-10-01 18:54:21,249 - INFO - --- validation at epoch 25, val_loss 0.0248, val_mae 0.1599, val_rmse 0.2150, val_r2 0.3763, val_pearson 0.6843, lr 1.00e-03 ---
2026-10-01 18:54:21,249 - INFO - 
****************************************************************************************************
2026-10-01 18:54:23,473 - INFO - --- training epoch 26, loss 0.0213, mae 0.1610, rmse 0.2064, time elapsed(min) 0.03---
2026-10-01 18:54:23,889 - INFO - --- validation at epoch 26, val_loss 0.0212, val_mae 0.1533, val_rmse 0.2014, val_r2 0.4526, val_pearson 0.6887, lr 1.00e-03 ---
2026-10-01 18:54:23,889 - INFO - 
****************************************************************************************************
2026-10-01 18:54:26,508 - INFO - --- training epoch 27, loss 0.0202, mae 0.1561, rmse 0.2008, time elapsed(min) 0.04---
2026-10-01 18:54:26,756 - INFO - --- validation at epoch 27, val_loss 0.0228, val_mae 0.1574, val_rmse 0.2079, val_r2 0.4168, val_pearson 0.6957, lr 1.00e-03 ---
2026-10-01 18:54:26,756 - INFO - 
****************************************************************************************************
2026-10-01 18:54:28,986 - INFO - --- training epoch 28, loss 0.0204, mae 0.1574, rmse 0.2018, time elapsed(min) 0.03---
2026-10-01 18:54:29,239 - INFO - --- validation at epoch 28, val_loss 0.0239, val_mae 0.1603, val_rmse 0.2126, val_r2 0.3898, val_pearson 0.6893, lr 1.00e-03 ---
2026-10-01 18:54:29,239 - INFO - 
****************************************************************************************************
2026-10-01 18:54:31,555 - INFO - --- training epoch 29, loss 0.0202, mae 0.1561, rmse 0.2009, time elapsed(min) 0.03---
2026-10-01 18:54:31,817 - INFO - --- validation at epoch 29, val_loss 0.0223, val_mae 0.1528, val_rmse 0.2055, val_r2 0.4299, val_pearson 0.6998, lr 1.00e-03 ---
2026-10-01 18:54:31,817 - INFO - 
****************************************************************************************************
2026-10-01 18:54:34,278 - INFO - --- training epoch 30, loss 0.0206, mae 0.1585, rmse 0.2032, time elapsed(min) 0.03---
2026-10-01 18:54:34,720 - INFO - --- validation at epoch 30, val_loss 0.0213, val_mae 0.1545, val_rmse 0.2034, val_r2 0.4418, val_pearson 0.6849, lr 1.00e-03 ---
2026-10-01 18:54:34,720 - INFO - 
****************************************************************************************************
2026-10-01 18:54:37,091 - INFO - --- training epoch 31, loss 0.0204, mae 0.1580, rmse 0.2020, time elapsed(min) 0.03---
2026-10-01 18:54:37,336 - INFO - --- validation at epoch 31, val_loss 0.0219, val_mae 0.1547, val_rmse 0.2036, val_r2 0.4406, val_pearson 0.7005, lr 1.00e-03 ---
2026-10-01 18:54:37,337 - INFO - 
****************************************************************************************************
2026-10-01 18:54:39,589 - INFO - --- training epoch 32, loss 0.0200, mae 0.1563, rmse 0.2002, time elapsed(min) 0.03---
2026-10-01 18:54:39,836 - INFO - --- validation at epoch 32, val_loss 0.0212, val_mae 0.1505, val_rmse 0.2011, val_r2 0.4539, val_pearson 0.7148, lr 1.00e-03 ---
2026-10-01 18:54:39,836 - INFO - 
****************************************************************************************************
2026-10-01 18:54:42,088 - INFO - --- training epoch 33, loss 0.0201, mae 0.1561, rmse 0.2007, time elapsed(min) 0.03---
2026-10-01 18:54:42,500 - INFO - --- validation at epoch 33, val_loss 0.0206, val_mae 0.1464, val_rmse 0.1980, val_r2 0.4709, val_pearson 0.7088, lr 1.00e-03 ---
2026-10-01 18:54:42,501 - INFO - 
****************************************************************************************************
2026-10-01 18:54:45,127 - INFO - --- training epoch 34, loss 0.0200, mae 0.1553, rmse 0.1998, time elapsed(min) 0.04---
2026-10-01 18:54:45,383 - INFO - --- validation at epoch 34, val_loss 0.0212, val_mae 0.1518, val_rmse 0.2023, val_r2 0.4476, val_pearson 0.6956, lr 1.00e-03 ---
2026-10-01 18:54:45,383 - INFO - 
****************************************************************************************************
2026-10-01 18:54:47,650 - INFO - --- training epoch 35, loss 0.0203, mae 0.1563, rmse 0.2014, time elapsed(min) 0.03---
2026-10-01 18:54:47,896 - INFO - --- validation at epoch 35, val_loss 0.0203, val_mae 0.1458, val_rmse 0.1966, val_r2 0.4784, val_pearson 0.7040, lr 1.00e-03 ---
2026-10-01 18:54:47,896 - INFO - 
****************************************************************************************************
2026-10-01 18:54:50,210 - INFO - --- training epoch 36, loss 0.0194, mae 0.1530, rmse 0.1967, time elapsed(min) 0.03---
2026-10-01 18:54:50,627 - INFO - --- validation at epoch 36, val_loss 0.0216, val_mae 0.1504, val_rmse 0.2043, val_r2 0.4368, val_pearson 0.7081, lr 1.00e-03 ---
2026-10-01 18:54:50,627 - INFO - 
****************************************************************************************************
2026-10-01 18:54:53,118 - INFO - --- training epoch 37, loss 0.0197, mae 0.1541, rmse 0.1984, time elapsed(min) 0.03---
2026-10-01 18:54:53,369 - INFO - --- validation at epoch 37, val_loss 0.0202, val_mae 0.1477, val_rmse 0.1988, val_r2 0.4664, val_pearson 0.7051, lr 1.00e-03 ---
2026-10-01 18:54:53,369 - INFO - 
****************************************************************************************************
2026-10-01 18:54:55,669 - INFO - --- training epoch 38, loss 0.0199, mae 0.1538, rmse 0.1994, time elapsed(min) 0.03---
2026-10-01 18:54:55,920 - INFO - --- validation at epoch 38, val_loss 0.0196, val_mae 0.1459, val_rmse 0.1958, val_r2 0.4824, val_pearson 0.7043, lr 1.00e-03 ---
2026-10-01 18:54:55,920 - INFO - 
****************************************************************************************************
2026-10-01 18:54:58,294 - INFO - --- training epoch 39, loss 0.0192, mae 0.1530, rmse 0.1961, time elapsed(min) 0.03---
2026-10-01 18:54:58,700 - INFO - --- validation at epoch 39, val_loss 0.0217, val_mae 0.1528, val_rmse 0.2032, val_r2 0.4429, val_pearson 0.7101, lr 1.00e-03 ---
2026-10-01 18:54:58,700 - INFO - 
****************************************************************************************************
2026-10-01 18:55:01,104 - INFO - --- training epoch 40, loss 0.0195, mae 0.1522, rmse 0.1973, time elapsed(min) 0.03---
2026-10-01 18:55:01,566 - INFO - --- validation at epoch 40, val_loss 0.0213, val_mae 0.1507, val_rmse 0.2021, val_r2 0.4488, val_pearson 0.7145, lr 1.00e-03 ---
2026-10-01 18:55:01,566 - INFO - 
****************************************************************************************************
2026-10-01 18:55:03,936 - INFO - --- training epoch 41, loss 0.0193, mae 0.1516, rmse 0.1964, time elapsed(min) 0.03---
2026-10-01 18:55:04,184 - INFO - --- validation at epoch 41, val_loss 0.0200, val_mae 0.1469, val_rmse 0.1968, val_r2 0.4774, val_pearson 0.7076, lr 1.00e-03 ---
2026-10-01 18:55:04,184 - INFO - 
****************************************************************************************************
2026-10-01 18:55:06,425 - INFO - --- training epoch 42, loss 0.0191, mae 0.1514, rmse 0.1954, time elapsed(min) 0.03---
2026-10-01 18:55:06,841 - INFO - --- validation at epoch 42, val_loss 0.0210, val_mae 0.1525, val_rmse 0.2014, val_r2 0.4524, val_pearson 0.7046, lr 1.00e-03 ---
2026-10-01 18:55:06,841 - INFO - 
****************************************************************************************************
2026-10-01 18:55:09,226 - INFO - --- training epoch 43, loss 0.0192, mae 0.1529, rmse 0.1961, time elapsed(min) 0.03---
2026-10-01 18:55:09,681 - INFO - --- validation at epoch 43, val_loss 0.0206, val_mae 0.1472, val_rmse 0.1998, val_r2 0.4612, val_pearson 0.7166, lr 1.00e-03 ---
2026-10-01 18:55:09,681 - INFO - 
****************************************************************************************************
2026-10-01 18:55:12,103 - INFO - --- training epoch 44, loss 0.0192, mae 0.1523, rmse 0.1959, time elapsed(min) 0.03---
2026-10-01 18:55:12,356 - INFO - --- validation at epoch 44, val_loss 0.0197, val_mae 0.1461, val_rmse 0.1955, val_r2 0.4840, val_pearson 0.7159, lr 1.00e-03 ---
2026-10-01 18:55:12,356 - INFO - 
****************************************************************************************************
2026-10-01 18:55:14,602 - INFO - --- training epoch 45, loss 0.0192, mae 0.1528, rmse 0.1959, time elapsed(min) 0.03---
2026-10-01 18:55:14,855 - INFO - --- validation at epoch 45, val_loss 0.0216, val_mae 0.1528, val_rmse 0.2027, val_r2 0.4455, val_pearson 0.7099, lr 1.00e-03 ---
2026-10-01 18:55:14,855 - INFO - 
****************************************************************************************************
2026-10-01 18:55:17,290 - INFO - --- training epoch 46, loss 0.0190, mae 0.1520, rmse 0.1948, time elapsed(min) 0.03---
2026-10-01 18:55:17,744 - INFO - --- validation at epoch 46, val_loss 0.0202, val_mae 0.1490, val_rmse 0.1981, val_r2 0.4705, val_pearson 0.7207, lr 1.00e-03 ---
2026-10-01 18:55:17,744 - INFO - 
****************************************************************************************************
2026-10-01 18:55:20,337 - INFO - --- training epoch 47, loss 0.0192, mae 0.1518, rmse 0.1961, time elapsed(min) 0.04---
2026-10-01 18:55:20,584 - INFO - --- validation at epoch 47, val_loss 0.0213, val_mae 0.1539, val_rmse 0.2022, val_r2 0.4482, val_pearson 0.7022, lr 1.00e-03 ---
2026-10-01 18:55:20,584 - INFO - 
****************************************************************************************************
2026-10-01 18:55:22,882 - INFO - --- training epoch 48, loss 0.0197, mae 0.1541, rmse 0.1983, time elapsed(min) 0.03---
2026-10-01 18:55:23,144 - INFO - --- validation at epoch 48, val_loss 0.0223, val_mae 0.1560, val_rmse 0.2071, val_r2 0.4209, val_pearson 0.7024, lr 1.00e-03 ---
2026-10-01 18:55:23,144 - INFO - 
****************************************************************************************************
2026-10-01 18:55:23,523 - INFO - --- early stopping at epoch 48: val_loss did not improve for 10 epochs ---
2026-10-01 18:55:23,813 - INFO - --- selected checkpoint from epoch 38, val_loss 0.0196, val_mae 0.1459, val_rmse 0.1958
2026-10-01 18:55:24,861 - INFO - -- RESULT
2026-10-01 18:55:24,861 - INFO - --- test size: 1728
2026-10-01 18:55:24,861 - INFO - --- MAE: 0.1456 (14.56 pp), RMSE: 0.1945 (19.45 pp), R2: 0.5150, Pearson: 0.7319
