2026-10-01 12:40:21,758 - INFO - device is	cuda:0
2026-10-01 12:40:21,837 - INFO - -- CONFIGURATIONS
2026-10-01 12:40:21,837 - INFO - --- train/valid/test: 2491/277/1187
2026-10-01 12:40:21,837 - INFO - --- max no. reactants_train, valid, test respectively: 6, 6, 6
2026-10-01 12:40:21,837 - INFO - --- max no. products_train, valid, test respectively: 1, 1, 1
2026-10-01 12:40:21,837 - INFO - --- model_path: ../logs/approach1_server/ind_mean_mlp/bh/runs/fullcv09_split70/model.pt
2026-10-01 12:40:21,844 - INFO - -- TRAINING
2026-10-01 12:40:22,515 - INFO - --- training epoch 0, loss 24.6431, mae 25.1395, rmse 31.0319, time elapsed(min) 0.01---
2026-10-01 12:40:22,658 - INFO - --- validation at epoch 0, val_loss 23.1826, val_mae 23.5260, val_rmse 28.9131, val_r2 -0.1122, val_pearson -0.3349, lr 1.00e-03 ---
2026-10-01 12:40:22,658 - INFO - 
****************************************************************************************************
2026-10-01 12:40:23,716 - INFO - --- training epoch 1, loss 22.8317, mae 23.3267, rmse 28.1432, time elapsed(min) 0.01---
2026-10-01 12:40:24,046 - INFO - --- validation at epoch 1, val_loss 22.7744, val_mae 23.3052, val_rmse 27.9078, val_r2 -0.0362, val_pearson -0.3490, lr 1.00e-03 ---
2026-10-01 12:40:24,046 - INFO - 
****************************************************************************************************
2026-10-01 12:40:24,993 - INFO - --- training epoch 2, loss 22.7695, mae 23.2667, rmse 27.8760, time elapsed(min) 0.01---
2026-10-01 12:40:25,141 - INFO - --- validation at epoch 2, val_loss 22.7885, val_mae 23.2177, val_rmse 27.9398, val_r2 -0.0386, val_pearson 0.0710, lr 1.00e-03 ---
2026-10-01 12:40:25,141 - INFO - 
****************************************************************************************************
2026-10-01 12:40:25,889 - INFO - --- training epoch 3, loss 22.6842, mae 23.1816, rmse 27.9323, time elapsed(min) 0.01---
2026-10-01 12:40:26,032 - INFO - --- validation at epoch 3, val_loss 22.5324, val_mae 23.1431, val_rmse 27.2578, val_r2 0.0115, val_pearson 0.1659, lr 1.00e-03 ---
2026-10-01 12:40:26,032 - INFO - 
****************************************************************************************************
2026-10-01 12:40:26,988 - INFO - --- training epoch 4, loss 22.3812, mae 22.8777, rmse 27.2163, time elapsed(min) 0.01---
2026-10-01 12:40:27,129 - INFO - --- validation at epoch 4, val_loss 22.5286, val_mae 22.9857, val_rmse 27.3914, val_r2 0.0018, val_pearson 0.1790, lr 1.00e-03 ---
2026-10-01 12:40:27,129 - INFO - 
****************************************************************************************************
2026-10-01 12:40:28,239 - INFO - --- training epoch 5, loss 22.2370, mae 22.7335, rmse 27.0301, time elapsed(min) 0.01---
2026-10-01 12:40:28,386 - INFO - --- validation at epoch 5, val_loss 22.5193, val_mae 22.9644, val_rmse 27.3718, val_r2 0.0032, val_pearson 0.1833, lr 1.00e-03 ---
2026-10-01 12:40:28,386 - INFO - 
****************************************************************************************************
2026-10-01 12:40:29,392 - INFO - --- training epoch 6, loss 22.3292, mae 22.8244, rmse 27.4466, time elapsed(min) 0.01---
2026-10-01 12:40:29,531 - INFO - --- validation at epoch 6, val_loss 22.8372, val_mae 23.2705, val_rmse 28.3532, val_r2 -0.0695, val_pearson 0.0822, lr 1.00e-03 ---
2026-10-01 12:40:29,531 - INFO - 
****************************************************************************************************
2026-10-01 12:40:30,461 - INFO - --- training epoch 7, loss 22.5868, mae 23.0831, rmse 27.3318, time elapsed(min) 0.01---
2026-10-01 12:40:30,773 - INFO - --- validation at epoch 7, val_loss 22.5872, val_mae 23.0054, val_rmse 27.5763, val_r2 -0.0117, val_pearson 0.1756, lr 1.00e-03 ---
2026-10-01 12:40:30,774 - INFO - 
****************************************************************************************************
2026-10-01 12:40:31,685 - INFO - --- training epoch 8, loss 22.3952, mae 22.8929, rmse 27.3456, time elapsed(min) 0.01---
2026-10-01 12:40:31,821 - INFO - --- validation at epoch 8, val_loss 22.5120, val_mae 23.0686, val_rmse 27.0913, val_r2 0.0236, val_pearson 0.1807, lr 1.00e-03 ---
2026-10-01 12:40:31,821 - INFO - 
****************************************************************************************************
2026-10-01 12:40:32,676 - INFO - --- training epoch 9, loss 22.2414, mae 22.7383, rmse 27.0889, time elapsed(min) 0.01---
2026-10-01 12:40:32,814 - INFO - --- validation at epoch 9, val_loss 22.4944, val_mae 22.8904, val_rmse 27.3811, val_r2 0.0026, val_pearson 0.2048, lr 1.00e-03 ---
2026-10-01 12:40:32,814 - INFO - 
****************************************************************************************************
2026-10-01 12:40:33,796 - INFO - --- training epoch 10, loss 22.2130, mae 22.7107, rmse 26.9936, time elapsed(min) 0.01---
2026-10-01 12:40:33,940 - INFO - --- validation at epoch 10, val_loss 22.4684, val_mae 22.8386, val_rmse 27.3655, val_r2 0.0037, val_pearson 0.2192, lr 1.00e-03 ---
2026-10-01 12:40:33,940 - INFO - 
****************************************************************************************************
2026-10-01 12:40:34,958 - INFO - --- training epoch 11, loss 22.2654, mae 22.7609, rmse 26.9749, time elapsed(min) 0.01---
2026-10-01 12:40:35,109 - INFO - --- validation at epoch 11, val_loss 22.4718, val_mae 22.7401, val_rmse 27.3259, val_r2 0.0066, val_pearson 0.1819, lr 1.00e-03 ---
2026-10-01 12:40:35,109 - INFO - 
****************************************************************************************************
2026-10-01 12:40:36,051 - INFO - --- training epoch 12, loss 22.8078, mae 23.3051, rmse 28.1222, time elapsed(min) 0.01---
2026-10-01 12:40:36,205 - INFO - --- validation at epoch 12, val_loss 22.3925, val_mae 22.7769, val_rmse 26.9498, val_r2 0.0337, val_pearson 0.3193, lr 1.00e-03 ---
2026-10-01 12:40:36,205 - INFO - 
****************************************************************************************************
2026-10-01 12:40:37,182 - INFO - --- training epoch 13, loss 22.4560, mae 22.9531, rmse 27.3010, time elapsed(min) 0.01---
2026-10-01 12:40:37,328 - INFO - --- validation at epoch 13, val_loss 22.3438, val_mae 22.6958, val_rmse 26.6861, val_r2 0.0526, val_pearson 0.3068, lr 1.00e-03 ---
2026-10-01 12:40:37,328 - INFO - 
****************************************************************************************************
2026-10-01 12:40:38,175 - INFO - --- training epoch 14, loss 22.8378, mae 23.3342, rmse 28.1825, time elapsed(min) 0.01---
2026-10-01 12:40:38,312 - INFO - --- validation at epoch 14, val_loss 22.5043, val_mae 22.3238, val_rmse 26.9956, val_r2 0.0304, val_pearson 0.3160, lr 1.00e-03 ---
2026-10-01 12:40:38,312 - INFO - 
****************************************************************************************************
2026-10-01 12:40:39,093 - INFO - --- training epoch 15, loss 21.8749, mae 22.3719, rmse 26.8369, time elapsed(min) 0.01---
2026-10-01 12:40:39,245 - INFO - --- validation at epoch 15, val_loss 22.3260, val_mae 22.3268, val_rmse 26.2281, val_r2 0.0848, val_pearson 0.3191, lr 1.00e-03 ---
2026-10-01 12:40:39,245 - INFO - 
****************************************************************************************************
2026-10-01 12:40:40,265 - INFO - --- training epoch 16, loss 22.1856, mae 22.6822, rmse 26.9191, time elapsed(min) 0.01---
2026-10-01 12:40:40,422 - INFO - --- validation at epoch 16, val_loss 22.5168, val_mae 22.2727, val_rmse 27.0883, val_r2 0.0238, val_pearson 0.3229, lr 1.00e-03 ---
2026-10-01 12:40:40,422 - INFO - 
****************************************************************************************************
2026-10-01 12:40:41,507 - INFO - --- training epoch 17, loss 22.0294, mae 22.5255, rmse 27.0464, time elapsed(min) 0.01---
2026-10-01 12:40:41,641 - INFO - --- validation at epoch 17, val_loss 22.4325, val_mae 22.2277, val_rmse 26.8327, val_r2 0.0421, val_pearson 0.3259, lr 1.00e-03 ---
2026-10-01 12:40:41,641 - INFO - 
****************************************************************************************************
2026-10-01 12:40:42,609 - INFO - --- training epoch 18, loss 21.7726, mae 22.2693, rmse 26.5187, time elapsed(min) 0.01---
2026-10-01 12:40:42,953 - INFO - --- validation at epoch 18, val_loss 22.2603, val_mae 22.1025, val_rmse 26.2599, val_r2 0.0826, val_pearson 0.3350, lr 1.00e-03 ---
2026-10-01 12:40:42,953 - INFO - 
****************************************************************************************************
2026-10-01 12:40:43,956 - INFO - --- training epoch 19, loss 21.4700, mae 21.9674, rmse 25.8456, time elapsed(min) 0.01---
2026-10-01 12:40:44,094 - INFO - --- validation at epoch 19, val_loss 21.8541, val_mae 21.6800, val_rmse 26.5173, val_r2 0.0645, val_pearson 0.3848, lr 1.00e-03 ---
2026-10-01 12:40:44,094 - INFO - 
****************************************************************************************************
2026-10-01 12:40:44,965 - INFO - --- training epoch 20, loss 20.7972, mae 21.2931, rmse 25.6048, time elapsed(min) 0.01---
2026-10-01 12:40:45,099 - INFO - --- validation at epoch 20, val_loss 20.9622, val_mae 20.8162, val_rmse 26.2905, val_r2 0.0804, val_pearson 0.4154, lr 1.00e-03 ---
2026-10-01 12:40:45,100 - INFO - 
****************************************************************************************************
2026-10-01 12:40:46,147 - INFO - --- training epoch 21, loss 20.3357, mae 20.8312, rmse 25.0996, time elapsed(min) 0.01---
2026-10-01 12:40:46,294 - INFO - --- validation at epoch 21, val_loss 22.5562, val_mae 22.0766, val_rmse 28.4665, val_r2 -0.0781, val_pearson 0.4304, lr 1.00e-03 ---
2026-10-01 12:40:46,294 - INFO - 
****************************************************************************************************
2026-10-01 12:40:47,331 - INFO - --- training epoch 22, loss 20.1284, mae 20.6244, rmse 25.1633, time elapsed(min) 0.01---
2026-10-01 12:40:47,476 - INFO - --- validation at epoch 22, val_loss 20.8005, val_mae 20.7012, val_rmse 26.7407, val_r2 0.0487, val_pearson 0.4392, lr 1.00e-03 ---
2026-10-01 12:40:47,476 - INFO - 
****************************************************************************************************
2026-10-01 12:40:48,496 - INFO - --- training epoch 23, loss 19.7142, mae 20.2086, rmse 25.0197, time elapsed(min) 0.01---
2026-10-01 12:40:48,840 - INFO - --- validation at epoch 23, val_loss 22.5952, val_mae 22.1404, val_rmse 29.6881, val_r2 -0.1726, val_pearson 0.4303, lr 1.00e-03 ---
2026-10-01 12:40:48,840 - INFO - 
****************************************************************************************************
2026-10-01 12:40:49,746 - INFO - --- training epoch 24, loss 20.3352, mae 20.8317, rmse 25.4144, time elapsed(min) 0.01---
2026-10-01 12:40:49,881 - INFO - --- validation at epoch 24, val_loss 22.5778, val_mae 22.1466, val_rmse 29.2743, val_r2 -0.1401, val_pearson 0.4414, lr 1.00e-03 ---
2026-10-01 12:40:49,881 - INFO - 
****************************************************************************************************
2026-10-01 12:40:50,668 - INFO - --- training epoch 25, loss 19.4004, mae 19.8950, rmse 24.6742, time elapsed(min) 0.01---
2026-10-01 12:40:50,821 - INFO - --- validation at epoch 25, val_loss 21.4853, val_mae 21.5549, val_rmse 28.9661, val_r2 -0.1163, val_pearson 0.4489, lr 1.00e-03 ---
2026-10-01 12:40:50,821 - INFO - 
****************************************************************************************************
2026-10-01 12:40:51,760 - INFO - --- training epoch 26, loss 19.0473, mae 19.5427, rmse 24.5188, time elapsed(min) 0.01---
2026-10-01 12:40:51,911 - INFO - --- validation at epoch 26, val_loss 21.2585, val_mae 21.3416, val_rmse 29.0304, val_r2 -0.1212, val_pearson 0.4425, lr 1.00e-03 ---
2026-10-01 12:40:51,911 - INFO - 
****************************************************************************************************
2026-10-01 12:40:52,875 - INFO - --- training epoch 27, loss 18.9744, mae 19.4696, rmse 24.4498, time elapsed(min) 0.01---
2026-10-01 12:40:53,027 - INFO - --- validation at epoch 27, val_loss 19.8838, val_mae 19.5313, val_rmse 26.0757, val_r2 0.0954, val_pearson 0.4737, lr 1.00e-03 ---
2026-10-01 12:40:53,027 - INFO - 
****************************************************************************************************
2026-10-01 12:40:54,081 - INFO - --- training epoch 28, loss 19.4276, mae 19.9217, rmse 25.0212, time elapsed(min) 0.01---
2026-10-01 12:40:54,430 - INFO - --- validation at epoch 28, val_loss 20.9951, val_mae 21.1089, val_rmse 27.9512, val_r2 -0.0394, val_pearson 0.4799, lr 1.00e-03 ---
2026-10-01 12:40:54,430 - INFO - 
****************************************************************************************************
2026-10-01 12:40:55,334 - INFO - --- training epoch 29, loss 19.0581, mae 19.5544, rmse 24.1230, time elapsed(min) 0.01---
2026-10-01 12:40:55,472 - INFO - --- validation at epoch 29, val_loss 19.5209, val_mae 19.9392, val_rmse 25.6852, val_r2 0.1223, val_pearson 0.4561, lr 1.00e-03 ---
2026-10-01 12:40:55,472 - INFO - 
****************************************************************************************************
2026-10-01 12:40:56,320 - INFO - --- training epoch 30, loss 18.9916, mae 19.4861, rmse 24.5132, time elapsed(min) 0.01---
2026-10-01 12:40:56,458 - INFO - --- validation at epoch 30, val_loss 19.9549, val_mae 19.6197, val_rmse 25.2961, val_r2 0.1487, val_pearson 0.5033, lr 1.00e-03 ---
2026-10-01 12:40:56,458 - INFO - 
****************************************************************************************************
2026-10-01 12:40:57,249 - INFO - --- training epoch 31, loss 19.5773, mae 20.0739, rmse 24.9220, time elapsed(min) 0.01---
2026-10-01 12:40:57,402 - INFO - --- validation at epoch 31, val_loss 20.7202, val_mae 21.0909, val_rmse 28.4475, val_r2 -0.0766, val_pearson 0.3785, lr 1.00e-03 ---
2026-10-01 12:40:57,402 - INFO - 
****************************************************************************************************
2026-10-01 12:40:58,358 - INFO - --- training epoch 32, loss 19.5252, mae 20.0202, rmse 24.9994, time elapsed(min) 0.01---
2026-10-01 12:40:58,496 - INFO - --- validation at epoch 32, val_loss 20.7183, val_mae 21.2010, val_rmse 28.4499, val_r2 -0.0768, val_pearson 0.3702, lr 1.00e-03 ---
2026-10-01 12:40:58,496 - INFO - 
****************************************************************************************************
2026-10-01 12:40:59,452 - INFO - --- training epoch 33, loss 20.7684, mae 21.2642, rmse 26.1154, time elapsed(min) 0.01---
2026-10-01 12:40:59,595 - INFO - --- validation at epoch 33, val_loss 21.9528, val_mae 21.7555, val_rmse 27.4814, val_r2 -0.0048, val_pearson 0.4227, lr 1.00e-03 ---
2026-10-01 12:40:59,596 - INFO - 
****************************************************************************************************
2026-10-01 12:41:00,702 - INFO - --- training epoch 34, loss 19.9631, mae 20.4578, rmse 25.3961, time elapsed(min) 0.01---
2026-10-01 12:41:00,849 - INFO - --- validation at epoch 34, val_loss 26.3562, val_mae 25.4976, val_rmse 33.8311, val_r2 -0.5227, val_pearson 0.4568, lr 1.00e-03 ---
2026-10-01 12:41:00,849 - INFO - 
****************************************************************************************************
2026-10-01 12:41:01,642 - INFO - --- training epoch 35, loss 22.6054, mae 23.1007, rmse 27.7431, time elapsed(min) 0.01---
2026-10-01 12:41:01,787 - INFO - --- validation at epoch 35, val_loss 22.3649, val_mae 22.3792, val_rmse 26.1981, val_r2 0.0869, val_pearson 0.3253, lr 1.00e-03 ---
2026-10-01 12:41:01,787 - INFO - 
****************************************************************************************************
2026-10-01 12:41:02,588 - INFO - --- training epoch 36, loss 21.5838, mae 22.0812, rmse 26.3882, time elapsed(min) 0.01---
2026-10-01 12:41:02,736 - INFO - --- validation at epoch 36, val_loss 22.9539, val_mae 22.3850, val_rmse 28.5835, val_r2 -0.0870, val_pearson 0.2862, lr 1.00e-03 ---
2026-10-01 12:41:02,736 - INFO - 
****************************************************************************************************
2026-10-01 12:41:03,698 - INFO - --- training epoch 37, loss 21.4357, mae 21.9327, rmse 26.4983, time elapsed(min) 0.01---
2026-10-01 12:41:03,837 - INFO - --- validation at epoch 37, val_loss 22.7804, val_mae 22.0823, val_rmse 27.7375, val_r2 -0.0236, val_pearson 0.2944, lr 1.00e-03 ---
2026-10-01 12:41:03,837 - INFO - 
****************************************************************************************************
2026-10-01 12:41:04,795 - INFO - --- training epoch 38, loss 21.5010, mae 21.9974, rmse 26.9893, time elapsed(min) 0.01---
2026-10-01 12:41:04,941 - INFO - --- validation at epoch 38, val_loss 22.6216, val_mae 22.1390, val_rmse 27.3766, val_r2 0.0029, val_pearson 0.2937, lr 1.00e-03 ---
2026-10-01 12:41:04,941 - INFO - 
****************************************************************************************************
2026-10-01 12:41:06,021 - INFO - --- training epoch 39, loss 20.9860, mae 21.4834, rmse 25.7735, time elapsed(min) 0.01---
2026-10-01 12:41:06,162 - INFO - --- validation at epoch 39, val_loss 22.5831, val_mae 21.8453, val_rmse 26.7513, val_r2 0.0479, val_pearson 0.3174, lr 1.00e-03 ---
2026-10-01 12:41:06,162 - INFO - 
****************************************************************************************************
2026-10-01 12:41:06,447 - INFO - --- early stopping at epoch 39: val_loss did not improve for 10 epochs ---
2026-10-01 12:41:06,620 - INFO - --- selected checkpoint from epoch 29, val_loss 19.5209, val_mae 19.9392, val_rmse 25.6852
2026-10-01 12:41:06,954 - INFO - -- RESULT
2026-10-01 12:41:06,954 - INFO - --- test size: 1187
2026-10-01 12:41:06,955 - INFO - --- MAE: 20.6341 pp, RMSE: 25.9658 pp, R2: 0.1052, Pearson: 0.4461
2026-10-01 12:41:06,955 - INFO - --- fullcv09_split70: MAE 20.63407964473896, RMSE 25.965805090012413, R2 0.10524695411020801
2026-10-01 12:41:06,965 - INFO - --- training fullcv10_split70 (npz/bh/fullcv10_split70)
