2026-10-01 18:06:01,677 - INFO - device is	cuda:0
2026-10-01 18:06:01,789 - INFO - -- CONFIGURATIONS
2026-10-01 18:06:01,789 - INFO - --- train/valid/test: 3628/404/1728
2026-10-01 18:06:01,789 - INFO - --- max no. reactants_train, valid, test respectively: 14, 14, 14
2026-10-01 18:06:01,789 - INFO - --- max no. products_train, valid, test respectively: 1, 1, 1
2026-10-01 18:06:01,789 - INFO - --- model_path: ../logs/approach1_server/option_b_linear/suzuki/runs/suzuki_split_9_20261001_180601/split_9/model.pt
2026-10-01 18:06:01,890 - INFO - -- TRAINING
2026-10-01 18:06:04,144 - INFO - --- training epoch 0, loss 2.6935, mae 3.0378, rmse 7.9630, time elapsed(min) 0.04---
2026-10-01 18:06:04,661 - INFO - --- validation at epoch 0, val_loss 0.0426, val_mae 0.2516, val_rmse 0.2873, val_r2 -0.1149, val_pearson 0.1586, lr 1.00e-03 ---
2026-10-01 18:06:04,661 - INFO - 
****************************************************************************************************
2026-10-01 18:06:06,926 - INFO - --- training epoch 1, loss 0.0430, mae 0.2522, rmse 0.2932, time elapsed(min) 0.03---
2026-10-01 18:06:07,174 - INFO - --- validation at epoch 1, val_loss 0.0378, val_mae 0.2360, val_rmse 0.2727, val_r2 -0.0040, val_pearson 0.1636, lr 1.00e-03 ---
2026-10-01 18:06:07,174 - INFO - 
****************************************************************************************************
2026-10-01 18:06:09,445 - INFO - --- training epoch 2, loss 0.0402, mae 0.2456, rmse 0.2835, time elapsed(min) 0.03---
2026-10-01 18:06:09,692 - INFO - --- validation at epoch 2, val_loss 0.0376, val_mae 0.2368, val_rmse 0.2718, val_r2 0.0028, val_pearson 0.1661, lr 1.00e-03 ---
2026-10-01 18:06:09,692 - INFO - 
****************************************************************************************************
2026-10-01 18:06:12,082 - INFO - --- training epoch 3, loss 0.0400, mae 0.2451, rmse 0.2827, time elapsed(min) 0.03---
2026-10-01 18:06:12,546 - INFO - --- validation at epoch 3, val_loss 0.0376, val_mae 0.2364, val_rmse 0.2718, val_r2 0.0023, val_pearson 0.1705, lr 1.00e-03 ---
2026-10-01 18:06:12,547 - INFO - 
****************************************************************************************************
2026-10-01 18:06:14,999 - INFO - --- training epoch 4, loss 0.0402, mae 0.2459, rmse 0.2835, time elapsed(min) 0.03---
2026-10-01 18:06:15,248 - INFO - --- validation at epoch 4, val_loss 0.0376, val_mae 0.2370, val_rmse 0.2715, val_r2 0.0047, val_pearson 0.1729, lr 1.00e-03 ---
2026-10-01 18:06:15,248 - INFO - 
****************************************************************************************************
2026-10-01 18:06:17,570 - INFO - --- training epoch 5, loss 0.0400, mae 0.2451, rmse 0.2829, time elapsed(min) 0.03---
2026-10-01 18:06:17,826 - INFO - --- validation at epoch 5, val_loss 0.0375, val_mae 0.2363, val_rmse 0.2714, val_r2 0.0051, val_pearson 0.1780, lr 1.00e-03 ---
2026-10-01 18:06:17,826 - INFO - 
****************************************************************************************************
2026-10-01 18:06:20,230 - INFO - --- training epoch 6, loss 0.0401, mae 0.2452, rmse 0.2833, time elapsed(min) 0.03---
2026-10-01 18:06:20,639 - INFO - --- validation at epoch 6, val_loss 0.0375, val_mae 0.2367, val_rmse 0.2711, val_r2 0.0074, val_pearson 0.1817, lr 1.00e-03 ---
2026-10-01 18:06:20,639 - INFO - 
****************************************************************************************************
2026-10-01 18:06:23,302 - INFO - --- training epoch 7, loss 0.0405, mae 0.2461, rmse 0.2847, time elapsed(min) 0.04---
2026-10-01 18:06:23,556 - INFO - --- validation at epoch 7, val_loss 0.0378, val_mae 0.2349, val_rmse 0.2730, val_r2 -0.0061, val_pearson 0.1835, lr 1.00e-03 ---
2026-10-01 18:06:23,557 - INFO - 
****************************************************************************************************
2026-10-01 18:06:25,786 - INFO - --- training epoch 8, loss 0.0403, mae 0.2453, rmse 0.2839, time elapsed(min) 0.03---
2026-10-01 18:06:26,036 - INFO - --- validation at epoch 8, val_loss 0.0399, val_mae 0.2443, val_rmse 0.2784, val_r2 -0.0466, val_pearson 0.1837, lr 1.00e-03 ---
2026-10-01 18:06:26,036 - INFO - 
****************************************************************************************************
2026-10-01 18:06:28,393 - INFO - --- training epoch 9, loss 0.0407, mae 0.2464, rmse 0.2854, time elapsed(min) 0.03---
2026-10-01 18:06:28,801 - INFO - --- validation at epoch 9, val_loss 0.0378, val_mae 0.2346, val_rmse 0.2728, val_r2 -0.0052, val_pearson 0.1844, lr 1.00e-03 ---
2026-10-01 18:06:28,801 - INFO - 
****************************************************************************************************
2026-10-01 18:06:31,287 - INFO - --- training epoch 10, loss 0.0400, mae 0.2449, rmse 0.2827, time elapsed(min) 0.03---
2026-10-01 18:06:31,536 - INFO - --- validation at epoch 10, val_loss 0.0381, val_mae 0.2341, val_rmse 0.2743, val_r2 -0.0162, val_pearson 0.1886, lr 1.00e-03 ---
2026-10-01 18:06:31,536 - INFO - 
****************************************************************************************************
2026-10-01 18:06:33,737 - INFO - --- training epoch 11, loss 0.0401, mae 0.2450, rmse 0.2831, time elapsed(min) 0.03---
2026-10-01 18:06:33,988 - INFO - --- validation at epoch 11, val_loss 0.0384, val_mae 0.2338, val_rmse 0.2752, val_r2 -0.0224, val_pearson 0.1951, lr 1.00e-03 ---
2026-10-01 18:06:33,988 - INFO - 
****************************************************************************************************
2026-10-01 18:06:36,233 - INFO - --- training epoch 12, loss 0.0399, mae 0.2447, rmse 0.2825, time elapsed(min) 0.03---
2026-10-01 18:06:36,636 - INFO - --- validation at epoch 12, val_loss 0.0383, val_mae 0.2331, val_rmse 0.2750, val_r2 -0.0209, val_pearson 0.2090, lr 1.00e-03 ---
2026-10-01 18:06:36,636 - INFO - 
****************************************************************************************************
2026-10-01 18:06:38,982 - INFO - --- training epoch 13, loss 0.0401, mae 0.2446, rmse 0.2832, time elapsed(min) 0.03---
2026-10-01 18:06:39,557 - INFO - --- validation at epoch 13, val_loss 0.0372, val_mae 0.2324, val_rmse 0.2710, val_r2 0.0082, val_pearson 0.2184, lr 1.00e-03 ---
2026-10-01 18:06:39,557 - INFO - 
****************************************************************************************************
2026-10-01 18:06:41,859 - INFO - --- training epoch 14, loss 0.0400, mae 0.2444, rmse 0.2830, time elapsed(min) 0.03---
2026-10-01 18:06:42,119 - INFO - --- validation at epoch 14, val_loss 0.0388, val_mae 0.2312, val_rmse 0.2777, val_r2 -0.0411, val_pearson 0.2206, lr 1.00e-03 ---
2026-10-01 18:06:42,119 - INFO - 
****************************************************************************************************
2026-10-01 18:06:44,381 - INFO - --- training epoch 15, loss 0.0403, mae 0.2447, rmse 0.2838, time elapsed(min) 0.03---
2026-10-01 18:06:44,645 - INFO - --- validation at epoch 15, val_loss 0.0383, val_mae 0.2306, val_rmse 0.2760, val_r2 -0.0284, val_pearson 0.2251, lr 1.00e-03 ---
2026-10-01 18:06:44,645 - INFO - 
****************************************************************************************************
2026-10-01 18:06:47,095 - INFO - --- training epoch 16, loss 0.0399, mae 0.2433, rmse 0.2824, time elapsed(min) 0.03---
2026-10-01 18:06:47,551 - INFO - --- validation at epoch 16, val_loss 0.0380, val_mae 0.2299, val_rmse 0.2747, val_r2 -0.0193, val_pearson 0.2245, lr 1.00e-03 ---
2026-10-01 18:06:47,551 - INFO - 
****************************************************************************************************
2026-10-01 18:06:49,976 - INFO - --- training epoch 17, loss 0.0403, mae 0.2444, rmse 0.2840, time elapsed(min) 0.03---
2026-10-01 18:06:50,226 - INFO - --- validation at epoch 17, val_loss 0.0384, val_mae 0.2298, val_rmse 0.2762, val_r2 -0.0305, val_pearson 0.2318, lr 1.00e-03 ---
2026-10-01 18:06:50,226 - INFO - 
****************************************************************************************************
2026-10-01 18:06:52,552 - INFO - --- training epoch 18, loss 0.0404, mae 0.2441, rmse 0.2844, time elapsed(min) 0.03---
2026-10-01 18:06:52,808 - INFO - --- validation at epoch 18, val_loss 0.0385, val_mae 0.2296, val_rmse 0.2765, val_r2 -0.0326, val_pearson 0.2320, lr 1.00e-03 ---
2026-10-01 18:06:52,808 - INFO - 
****************************************************************************************************
2026-10-01 18:06:55,138 - INFO - --- training epoch 19, loss 0.0411, mae 0.2447, rmse 0.2866, time elapsed(min) 0.03---
2026-10-01 18:06:55,566 - INFO - --- validation at epoch 19, val_loss 0.0361, val_mae 0.2323, val_rmse 0.2664, val_r2 0.0418, val_pearson 0.2334, lr 1.00e-03 ---
2026-10-01 18:06:55,566 - INFO - 
****************************************************************************************************
2026-10-01 18:06:58,147 - INFO - --- training epoch 20, loss 0.0411, mae 0.2457, rmse 0.2866, time elapsed(min) 0.04---
2026-10-01 18:06:58,411 - INFO - --- validation at epoch 20, val_loss 0.0412, val_mae 0.2315, val_rmse 0.2868, val_r2 -0.1105, val_pearson 0.2385, lr 1.00e-03 ---
2026-10-01 18:06:58,411 - INFO - 
****************************************************************************************************
2026-10-01 18:07:00,656 - INFO - --- training epoch 21, loss 0.0403, mae 0.2441, rmse 0.2837, time elapsed(min) 0.03---
2026-10-01 18:07:00,906 - INFO - --- validation at epoch 21, val_loss 0.0374, val_mae 0.2288, val_rmse 0.2726, val_r2 -0.0038, val_pearson 0.2310, lr 1.00e-03 ---
2026-10-01 18:07:00,906 - INFO - 
****************************************************************************************************
2026-10-01 18:07:03,265 - INFO - --- training epoch 22, loss 0.0404, mae 0.2436, rmse 0.2843, time elapsed(min) 0.03---
2026-10-01 18:07:03,688 - INFO - --- validation at epoch 22, val_loss 0.0366, val_mae 0.2295, val_rmse 0.2692, val_r2 0.0215, val_pearson 0.2393, lr 1.00e-03 ---
2026-10-01 18:07:03,688 - INFO - 
****************************************************************************************************
2026-10-01 18:07:06,204 - INFO - --- training epoch 23, loss 0.0436, mae 0.2511, rmse 0.2953, time elapsed(min) 0.04---
2026-10-01 18:07:06,457 - INFO - --- validation at epoch 23, val_loss 0.0367, val_mae 0.2351, val_rmse 0.2677, val_r2 0.0320, val_pearson 0.2373, lr 1.00e-03 ---
2026-10-01 18:07:06,457 - INFO - 
****************************************************************************************************
2026-10-01 18:07:08,698 - INFO - --- training epoch 24, loss 0.0396, mae 0.2416, rmse 0.2814, time elapsed(min) 0.03---
2026-10-01 18:07:08,958 - INFO - --- validation at epoch 24, val_loss 0.0358, val_mae 0.2315, val_rmse 0.2653, val_r2 0.0498, val_pearson 0.2365, lr 1.00e-03 ---
2026-10-01 18:07:08,958 - INFO - 
****************************************************************************************************
2026-10-01 18:07:11,358 - INFO - --- training epoch 25, loss 0.0409, mae 0.2443, rmse 0.2862, time elapsed(min) 0.03---
2026-10-01 18:07:11,622 - INFO - --- validation at epoch 25, val_loss 0.0382, val_mae 0.2290, val_rmse 0.2752, val_r2 -0.0230, val_pearson 0.2433, lr 1.00e-03 ---
2026-10-01 18:07:11,622 - INFO - 
****************************************************************************************************
2026-10-01 18:07:14,123 - INFO - --- training epoch 26, loss 0.0407, mae 0.2441, rmse 0.2853, time elapsed(min) 0.03---
2026-10-01 18:07:14,727 - INFO - --- validation at epoch 26, val_loss 0.0383, val_mae 0.2284, val_rmse 0.2757, val_r2 -0.0264, val_pearson 0.2437, lr 1.00e-03 ---
2026-10-01 18:07:14,728 - INFO - 
****************************************************************************************************
2026-10-01 18:07:17,102 - INFO - --- training epoch 27, loss 0.0405, mae 0.2433, rmse 0.2844, time elapsed(min) 0.03---
2026-10-01 18:07:17,363 - INFO - --- validation at epoch 27, val_loss 0.0374, val_mae 0.2284, val_rmse 0.2723, val_r2 -0.0010, val_pearson 0.2457, lr 1.00e-03 ---
2026-10-01 18:07:17,363 - INFO - 
****************************************************************************************************
2026-10-01 18:07:19,633 - INFO - --- training epoch 28, loss 0.0405, mae 0.2432, rmse 0.2844, time elapsed(min) 0.03---
2026-10-01 18:07:19,884 - INFO - --- validation at epoch 28, val_loss 0.0373, val_mae 0.2283, val_rmse 0.2715, val_r2 0.0045, val_pearson 0.2487, lr 1.00e-03 ---
2026-10-01 18:07:19,884 - INFO - 
****************************************************************************************************
2026-10-01 18:07:22,207 - INFO - --- training epoch 29, loss 0.0408, mae 0.2438, rmse 0.2856, time elapsed(min) 0.03---
2026-10-01 18:07:22,662 - INFO - --- validation at epoch 29, val_loss 0.0376, val_mae 0.2283, val_rmse 0.2730, val_r2 -0.0064, val_pearson 0.2487, lr 1.00e-03 ---
2026-10-01 18:07:22,662 - INFO - 
****************************************************************************************************
2026-10-01 18:07:25,051 - INFO - --- training epoch 30, loss 0.0410, mae 0.2445, rmse 0.2864, time elapsed(min) 0.03---
2026-10-01 18:07:25,304 - INFO - --- validation at epoch 30, val_loss 0.0383, val_mae 0.2281, val_rmse 0.2755, val_r2 -0.0248, val_pearson 0.2491, lr 1.00e-03 ---
2026-10-01 18:07:25,304 - INFO - 
****************************************************************************************************
2026-10-01 18:07:27,669 - INFO - --- training epoch 31, loss 0.0404, mae 0.2429, rmse 0.2843, time elapsed(min) 0.03---
2026-10-01 18:07:27,920 - INFO - --- validation at epoch 31, val_loss 0.0374, val_mae 0.2276, val_rmse 0.2720, val_r2 0.0007, val_pearson 0.2518, lr 1.00e-03 ---
2026-10-01 18:07:27,921 - INFO - 
****************************************************************************************************
2026-10-01 18:07:30,226 - INFO - --- training epoch 32, loss 0.0395, mae 0.2414, rmse 0.2811, time elapsed(min) 0.03---
2026-10-01 18:07:30,643 - INFO - --- validation at epoch 32, val_loss 0.0356, val_mae 0.2285, val_rmse 0.2646, val_r2 0.0545, val_pearson 0.2553, lr 1.00e-03 ---
2026-10-01 18:07:30,644 - INFO - 
****************************************************************************************************
2026-10-01 18:07:33,292 - INFO - --- training epoch 33, loss 0.0402, mae 0.2421, rmse 0.2837, time elapsed(min) 0.04---
2026-10-01 18:07:33,546 - INFO - --- validation at epoch 33, val_loss 0.0361, val_mae 0.2294, val_rmse 0.2660, val_r2 0.0444, val_pearson 0.2557, lr 1.00e-03 ---
2026-10-01 18:07:33,546 - INFO - 
****************************************************************************************************
2026-10-01 18:07:35,930 - INFO - --- training epoch 34, loss 0.0407, mae 0.2430, rmse 0.2851, time elapsed(min) 0.03---
2026-10-01 18:07:36,192 - INFO - --- validation at epoch 34, val_loss 0.0367, val_mae 0.2282, val_rmse 0.2690, val_r2 0.0226, val_pearson 0.2565, lr 1.00e-03 ---
2026-10-01 18:07:36,192 - INFO - 
****************************************************************************************************
2026-10-01 18:07:38,543 - INFO - --- training epoch 35, loss 0.0406, mae 0.2432, rmse 0.2851, time elapsed(min) 0.03---
2026-10-01 18:07:38,965 - INFO - --- validation at epoch 35, val_loss 0.0375, val_mae 0.2276, val_rmse 0.2723, val_r2 -0.0010, val_pearson 0.2571, lr 1.00e-03 ---
2026-10-01 18:07:38,965 - INFO - 
****************************************************************************************************
2026-10-01 18:07:41,575 - INFO - --- training epoch 36, loss 0.0405, mae 0.2428, rmse 0.2848, time elapsed(min) 0.04---
2026-10-01 18:07:41,834 - INFO - --- validation at epoch 36, val_loss 0.0382, val_mae 0.2274, val_rmse 0.2746, val_r2 -0.0183, val_pearson 0.2585, lr 1.00e-03 ---
2026-10-01 18:07:41,834 - INFO - 
****************************************************************************************************
2026-10-01 18:07:44,179 - INFO - --- training epoch 37, loss 0.0401, mae 0.2421, rmse 0.2833, time elapsed(min) 0.03---
2026-10-01 18:07:44,431 - INFO - --- validation at epoch 37, val_loss 0.0372, val_mae 0.2272, val_rmse 0.2708, val_r2 0.0098, val_pearson 0.2611, lr 1.00e-03 ---
2026-10-01 18:07:44,431 - INFO - 
****************************************************************************************************
2026-10-01 18:07:46,688 - INFO - --- training epoch 38, loss 0.0404, mae 0.2428, rmse 0.2844, time elapsed(min) 0.03---
2026-10-01 18:07:47,102 - INFO - --- validation at epoch 38, val_loss 0.0376, val_mae 0.2274, val_rmse 0.2723, val_r2 -0.0011, val_pearson 0.2633, lr 1.00e-03 ---
2026-10-01 18:07:47,102 - INFO - 
****************************************************************************************************
2026-10-01 18:07:49,671 - INFO - --- training epoch 39, loss 0.0402, mae 0.2416, rmse 0.2834, time elapsed(min) 0.04---
2026-10-01 18:07:49,931 - INFO - --- validation at epoch 39, val_loss 0.0368, val_mae 0.2271, val_rmse 0.2690, val_r2 0.0225, val_pearson 0.2658, lr 1.00e-03 ---
2026-10-01 18:07:49,931 - INFO - 
****************************************************************************************************
2026-10-01 18:07:52,245 - INFO - --- training epoch 40, loss 0.0402, mae 0.2418, rmse 0.2835, time elapsed(min) 0.03---
2026-10-01 18:07:52,497 - INFO - --- validation at epoch 40, val_loss 0.0370, val_mae 0.2274, val_rmse 0.2701, val_r2 0.0151, val_pearson 0.2651, lr 1.00e-03 ---
2026-10-01 18:07:52,498 - INFO - 
****************************************************************************************************
2026-10-01 18:07:54,748 - INFO - --- training epoch 41, loss 0.0404, mae 0.2422, rmse 0.2841, time elapsed(min) 0.03---
2026-10-01 18:07:55,005 - INFO - --- validation at epoch 41, val_loss 0.0373, val_mae 0.2270, val_rmse 0.2710, val_r2 0.0084, val_pearson 0.2668, lr 1.00e-03 ---
2026-10-01 18:07:55,005 - INFO - 
****************************************************************************************************
2026-10-01 18:07:57,387 - INFO - --- training epoch 42, loss 0.0401, mae 0.2417, rmse 0.2832, time elapsed(min) 0.03---
2026-10-01 18:07:57,861 - INFO - --- validation at epoch 42, val_loss 0.0356, val_mae 0.2271, val_rmse 0.2643, val_r2 0.0566, val_pearson 0.2706, lr 1.00e-03 ---
2026-10-01 18:07:57,861 - INFO - 
****************************************************************************************************
2026-10-01 18:08:00,502 - INFO - --- training epoch 43, loss 0.0402, mae 0.2416, rmse 0.2835, time elapsed(min) 0.03---
2026-10-01 18:08:00,752 - INFO - --- validation at epoch 43, val_loss 0.0369, val_mae 0.2274, val_rmse 0.2695, val_r2 0.0190, val_pearson 0.2703, lr 1.00e-03 ---
2026-10-01 18:08:00,752 - INFO - 
****************************************************************************************************
2026-10-01 18:08:03,021 - INFO - --- training epoch 44, loss 0.0397, mae 0.2406, rmse 0.2818, time elapsed(min) 0.03---
2026-10-01 18:08:03,274 - INFO - --- validation at epoch 44, val_loss 0.0367, val_mae 0.2260, val_rmse 0.2686, val_r2 0.0255, val_pearson 0.2718, lr 1.00e-03 ---
2026-10-01 18:08:03,274 - INFO - 
****************************************************************************************************
2026-10-01 18:08:05,693 - INFO - --- training epoch 45, loss 0.0401, mae 0.2413, rmse 0.2832, time elapsed(min) 0.03---
2026-10-01 18:08:06,176 - INFO - --- validation at epoch 45, val_loss 0.0374, val_mae 0.2265, val_rmse 0.2715, val_r2 0.0044, val_pearson 0.2770, lr 1.00e-03 ---
2026-10-01 18:08:06,176 - INFO - 
****************************************************************************************************
2026-10-01 18:08:08,608 - INFO - --- training epoch 46, loss 0.0401, mae 0.2412, rmse 0.2830, time elapsed(min) 0.03---
2026-10-01 18:08:08,871 - INFO - --- validation at epoch 46, val_loss 0.0373, val_mae 0.2257, val_rmse 0.2712, val_r2 0.0066, val_pearson 0.2807, lr 1.00e-03 ---
2026-10-01 18:08:08,871 - INFO - 
****************************************************************************************************
2026-10-01 18:08:11,107 - INFO - --- training epoch 47, loss 0.0399, mae 0.2408, rmse 0.2824, time elapsed(min) 0.03---
2026-10-01 18:08:11,361 - INFO - --- validation at epoch 47, val_loss 0.0364, val_mae 0.2248, val_rmse 0.2676, val_r2 0.0328, val_pearson 0.2859, lr 1.00e-03 ---
2026-10-01 18:08:11,361 - INFO - 
****************************************************************************************************
2026-10-01 18:08:13,768 - INFO - --- training epoch 48, loss 0.0395, mae 0.2395, rmse 0.2811, time elapsed(min) 0.03---
2026-10-01 18:08:14,202 - INFO - --- validation at epoch 48, val_loss 0.0359, val_mae 0.2235, val_rmse 0.2657, val_r2 0.0467, val_pearson 0.3081, lr 1.00e-03 ---
2026-10-01 18:08:14,202 - INFO - 
****************************************************************************************************
2026-10-01 18:08:16,816 - INFO - --- training epoch 49, loss 0.0391, mae 0.2367, rmse 0.2795, time elapsed(min) 0.04---
2026-10-01 18:08:17,068 - INFO - --- validation at epoch 49, val_loss 0.0316, val_mae 0.2108, val_rmse 0.2489, val_r2 0.1631, val_pearson 0.4236, lr 1.00e-03 ---
2026-10-01 18:08:17,068 - INFO - 
****************************************************************************************************
2026-10-01 18:08:19,432 - INFO - --- training epoch 50, loss 0.0355, mae 0.2221, rmse 0.2664, time elapsed(min) 0.03---
2026-10-01 18:08:19,682 - INFO - --- validation at epoch 50, val_loss 0.0295, val_mae 0.1964, val_rmse 0.2403, val_r2 0.2204, val_pearson 0.4785, lr 1.00e-03 ---
2026-10-01 18:08:19,682 - INFO - 
****************************************************************************************************
2026-10-01 18:08:22,037 - INFO - --- training epoch 51, loss 0.0362, mae 0.2218, rmse 0.2692, time elapsed(min) 0.03---
2026-10-01 18:08:22,456 - INFO - --- validation at epoch 51, val_loss 0.0329, val_mae 0.2091, val_rmse 0.2521, val_r2 0.1417, val_pearson 0.4911, lr 1.00e-03 ---
2026-10-01 18:08:22,456 - INFO - 
****************************************************************************************************
2026-10-01 18:08:25,065 - INFO - --- training epoch 52, loss 0.0337, mae 0.2118, rmse 0.2595, time elapsed(min) 0.04---
2026-10-01 18:08:25,320 - INFO - --- validation at epoch 52, val_loss 0.0299, val_mae 0.1911, val_rmse 0.2392, val_r2 0.2274, val_pearson 0.5289, lr 1.00e-03 ---
2026-10-01 18:08:25,320 - INFO - 
****************************************************************************************************
2026-10-01 18:08:27,585 - INFO - --- training epoch 53, loss 0.0288, mae 0.1907, rmse 0.2402, time elapsed(min) 0.03---
2026-10-01 18:08:27,848 - INFO - --- validation at epoch 53, val_loss 0.0273, val_mae 0.1791, val_rmse 0.2263, val_r2 0.3085, val_pearson 0.5640, lr 1.00e-03 ---
2026-10-01 18:08:27,848 - INFO - 
****************************************************************************************************
2026-10-01 18:08:30,202 - INFO - --- training epoch 54, loss 0.0341, mae 0.2098, rmse 0.2610, time elapsed(min) 0.03---
2026-10-01 18:08:30,455 - INFO - --- validation at epoch 54, val_loss 0.0270, val_mae 0.1857, val_rmse 0.2316, val_r2 0.2757, val_pearson 0.5345, lr 1.00e-03 ---
2026-10-01 18:08:30,455 - INFO - 
****************************************************************************************************
2026-10-01 18:08:32,984 - INFO - --- training epoch 55, loss 0.0283, mae 0.1874, rmse 0.2379, time elapsed(min) 0.03---
2026-10-01 18:08:33,486 - INFO - --- validation at epoch 55, val_loss 0.0266, val_mae 0.1787, val_rmse 0.2269, val_r2 0.3048, val_pearson 0.5615, lr 1.00e-03 ---
2026-10-01 18:08:33,487 - INFO - 
****************************************************************************************************
2026-10-01 18:08:35,969 - INFO - --- training epoch 56, loss 0.0278, mae 0.1856, rmse 0.2360, time elapsed(min) 0.03---
2026-10-01 18:08:36,224 - INFO - --- validation at epoch 56, val_loss 0.0257, val_mae 0.1782, val_rmse 0.2216, val_r2 0.3367, val_pearson 0.5877, lr 1.00e-03 ---
2026-10-01 18:08:36,224 - INFO - 
****************************************************************************************************
2026-10-01 18:08:38,600 - INFO - --- training epoch 57, loss 0.0286, mae 0.1890, rmse 0.2393, time elapsed(min) 0.03---
2026-10-01 18:08:38,861 - INFO - --- validation at epoch 57, val_loss 0.0256, val_mae 0.1737, val_rmse 0.2205, val_r2 0.3433, val_pearson 0.5878, lr 1.00e-03 ---
2026-10-01 18:08:38,861 - INFO - 
****************************************************************************************************
2026-10-01 18:08:41,229 - INFO - --- training epoch 58, loss 0.0274, mae 0.1845, rmse 0.2339, time elapsed(min) 0.03---
2026-10-01 18:08:41,653 - INFO - --- validation at epoch 58, val_loss 0.0259, val_mae 0.1788, val_rmse 0.2217, val_r2 0.3364, val_pearson 0.5877, lr 1.00e-03 ---
2026-10-01 18:08:41,653 - INFO - 
****************************************************************************************************
2026-10-01 18:08:44,111 - INFO - --- training epoch 59, loss 0.0274, mae 0.1855, rmse 0.2342, time elapsed(min) 0.03---
2026-10-01 18:08:44,371 - INFO - --- validation at epoch 59, val_loss 0.0254, val_mae 0.1711, val_rmse 0.2214, val_r2 0.3379, val_pearson 0.5873, lr 1.00e-03 ---
2026-10-01 18:08:44,371 - INFO - 
****************************************************************************************************
2026-10-01 18:08:46,796 - INFO - --- training epoch 60, loss 0.0266, mae 0.1817, rmse 0.2309, time elapsed(min) 0.03---
2026-10-01 18:08:47,068 - INFO - --- validation at epoch 60, val_loss 0.0260, val_mae 0.1810, val_rmse 0.2215, val_r2 0.3375, val_pearson 0.5967, lr 1.00e-03 ---
2026-10-01 18:08:47,068 - INFO - 
****************************************************************************************************
2026-10-01 18:08:49,384 - INFO - --- training epoch 61, loss 0.0265, mae 0.1816, rmse 0.2303, time elapsed(min) 0.03---
2026-10-01 18:08:49,804 - INFO - --- validation at epoch 61, val_loss 0.0251, val_mae 0.1764, val_rmse 0.2179, val_r2 0.3588, val_pearson 0.6110, lr 1.00e-03 ---
2026-10-01 18:08:49,804 - INFO - 
****************************************************************************************************
2026-10-01 18:08:52,479 - INFO - --- training epoch 62, loss 0.0263, mae 0.1821, rmse 0.2295, time elapsed(min) 0.04---
2026-10-01 18:08:52,735 - INFO - --- validation at epoch 62, val_loss 0.0241, val_mae 0.1731, val_rmse 0.2147, val_r2 0.3774, val_pearson 0.6318, lr 1.00e-03 ---
2026-10-01 18:08:52,735 - INFO - 
****************************************************************************************************
2026-10-01 18:08:55,094 - INFO - --- training epoch 63, loss 0.0257, mae 0.1788, rmse 0.2266, time elapsed(min) 0.03---
2026-10-01 18:08:55,348 - INFO - --- validation at epoch 63, val_loss 0.0237, val_mae 0.1680, val_rmse 0.2137, val_r2 0.3834, val_pearson 0.6289, lr 1.00e-03 ---
2026-10-01 18:08:55,348 - INFO - 
****************************************************************************************************
2026-10-01 18:08:57,768 - INFO - --- training epoch 64, loss 0.0256, mae 0.1778, rmse 0.2263, time elapsed(min) 0.03---
2026-10-01 18:08:58,028 - INFO - --- validation at epoch 64, val_loss 0.0229, val_mae 0.1707, val_rmse 0.2118, val_r2 0.3942, val_pearson 0.6482, lr 1.00e-03 ---
2026-10-01 18:08:58,028 - INFO - 
****************************************************************************************************
2026-10-01 18:09:00,584 - INFO - --- training epoch 65, loss 0.0254, mae 0.1776, rmse 0.2255, time elapsed(min) 0.03---
2026-10-01 18:09:01,224 - INFO - --- validation at epoch 65, val_loss 0.0254, val_mae 0.1789, val_rmse 0.2208, val_r2 0.3419, val_pearson 0.6554, lr 1.00e-03 ---
2026-10-01 18:09:01,224 - INFO - 
****************************************************************************************************
2026-10-01 18:09:03,568 - INFO - --- training epoch 66, loss 0.0243, mae 0.1729, rmse 0.2203, time elapsed(min) 0.03---
2026-10-01 18:09:03,848 - INFO - --- validation at epoch 66, val_loss 0.0239, val_mae 0.1716, val_rmse 0.2162, val_r2 0.3686, val_pearson 0.6388, lr 1.00e-03 ---
2026-10-01 18:09:03,848 - INFO - 
****************************************************************************************************
2026-10-01 18:09:06,154 - INFO - --- training epoch 67, loss 0.0249, mae 0.1752, rmse 0.2231, time elapsed(min) 0.03---
2026-10-01 18:09:06,410 - INFO - --- validation at epoch 67, val_loss 0.0235, val_mae 0.1723, val_rmse 0.2146, val_r2 0.3779, val_pearson 0.6455, lr 1.00e-03 ---
2026-10-01 18:09:06,410 - INFO - 
****************************************************************************************************
2026-10-01 18:09:09,036 - INFO - --- training epoch 68, loss 0.0251, mae 0.1753, rmse 0.2240, time elapsed(min) 0.04---
2026-10-01 18:09:09,515 - INFO - --- validation at epoch 68, val_loss 0.0218, val_mae 0.1677, val_rmse 0.2063, val_r2 0.4255, val_pearson 0.6631, lr 1.00e-03 ---
2026-10-01 18:09:09,515 - INFO - 
****************************************************************************************************
2026-10-01 18:09:11,998 - INFO - --- training epoch 69, loss 0.0238, mae 0.1710, rmse 0.2180, time elapsed(min) 0.03---
2026-10-01 18:09:12,257 - INFO - --- validation at epoch 69, val_loss 0.0224, val_mae 0.1683, val_rmse 0.2107, val_r2 0.4004, val_pearson 0.6605, lr 1.00e-03 ---
2026-10-01 18:09:12,257 - INFO - 
****************************************************************************************************
2026-10-01 18:09:14,637 - INFO - --- training epoch 70, loss 0.0238, mae 0.1712, rmse 0.2182, time elapsed(min) 0.03---
2026-10-01 18:09:14,893 - INFO - --- validation at epoch 70, val_loss 0.0241, val_mae 0.1751, val_rmse 0.2179, val_r2 0.3589, val_pearson 0.6635, lr 1.00e-03 ---
2026-10-01 18:09:14,893 - INFO - 
****************************************************************************************************
2026-10-01 18:09:17,348 - INFO - --- training epoch 71, loss 0.0240, mae 0.1722, rmse 0.2191, time elapsed(min) 0.03---
2026-10-01 18:09:17,773 - INFO - --- validation at epoch 71, val_loss 0.0215, val_mae 0.1641, val_rmse 0.2057, val_r2 0.4288, val_pearson 0.6681, lr 1.00e-03 ---
2026-10-01 18:09:17,773 - INFO - 
****************************************************************************************************
2026-10-01 18:09:20,459 - INFO - --- training epoch 72, loss 0.0242, mae 0.1730, rmse 0.2200, time elapsed(min) 0.04---
2026-10-01 18:09:20,712 - INFO - --- validation at epoch 72, val_loss 0.0222, val_mae 0.1697, val_rmse 0.2085, val_r2 0.4131, val_pearson 0.6775, lr 1.00e-03 ---
2026-10-01 18:09:20,712 - INFO - 
****************************************************************************************************
2026-10-01 18:09:23,002 - INFO - --- training epoch 73, loss 0.0236, mae 0.1700, rmse 0.2171, time elapsed(min) 0.03---
2026-10-01 18:09:23,330 - INFO - --- validation at epoch 73, val_loss 0.0219, val_mae 0.1651, val_rmse 0.2077, val_r2 0.4175, val_pearson 0.6669, lr 1.00e-03 ---
2026-10-01 18:09:23,330 - INFO - 
****************************************************************************************************
2026-10-01 18:09:25,585 - INFO - --- training epoch 74, loss 0.0239, mae 0.1716, rmse 0.2186, time elapsed(min) 0.03---
2026-10-01 18:09:26,003 - INFO - --- validation at epoch 74, val_loss 0.0213, val_mae 0.1599, val_rmse 0.2040, val_r2 0.4380, val_pearson 0.6741, lr 1.00e-03 ---
2026-10-01 18:09:26,003 - INFO - 
****************************************************************************************************
2026-10-01 18:09:28,610 - INFO - --- training epoch 75, loss 0.0241, mae 0.1721, rmse 0.2194, time elapsed(min) 0.04---
2026-10-01 18:09:28,863 - INFO - --- validation at epoch 75, val_loss 0.0217, val_mae 0.1593, val_rmse 0.2050, val_r2 0.4324, val_pearson 0.6594, lr 1.00e-03 ---
2026-10-01 18:09:28,863 - INFO - 
****************************************************************************************************
2026-10-01 18:09:31,306 - INFO - --- training epoch 76, loss 0.0228, mae 0.1664, rmse 0.2135, time elapsed(min) 0.03---
2026-10-01 18:09:31,560 - INFO - --- validation at epoch 76, val_loss 0.0214, val_mae 0.1659, val_rmse 0.2047, val_r2 0.4340, val_pearson 0.6855, lr 1.00e-03 ---
2026-10-01 18:09:31,560 - INFO - 
****************************************************************************************************
2026-10-01 18:09:33,885 - INFO - --- training epoch 77, loss 0.0227, mae 0.1671, rmse 0.2133, time elapsed(min) 0.03---
2026-10-01 18:09:34,300 - INFO - --- validation at epoch 77, val_loss 0.0205, val_mae 0.1592, val_rmse 0.2029, val_r2 0.4439, val_pearson 0.6668, lr 1.00e-03 ---
2026-10-01 18:09:34,300 - INFO - 
****************************************************************************************************
2026-10-01 18:09:36,933 - INFO - --- training epoch 78, loss 0.0221, mae 0.1644, rmse 0.2102, time elapsed(min) 0.04---
2026-10-01 18:09:37,218 - INFO - --- validation at epoch 78, val_loss 0.0222, val_mae 0.1698, val_rmse 0.2079, val_r2 0.4166, val_pearson 0.6946, lr 1.00e-03 ---
2026-10-01 18:09:37,218 - INFO - 
****************************************************************************************************
2026-10-01 18:09:39,470 - INFO - --- training epoch 79, loss 0.0216, mae 0.1630, rmse 0.2081, time elapsed(min) 0.03---
2026-10-01 18:09:39,737 - INFO - --- validation at epoch 79, val_loss 0.0206, val_mae 0.1629, val_rmse 0.1998, val_r2 0.4610, val_pearson 0.6928, lr 1.00e-03 ---
2026-10-01 18:09:39,737 - INFO - 
****************************************************************************************************
2026-10-01 18:09:42,068 - INFO - --- training epoch 80, loss 0.0209, mae 0.1594, rmse 0.2044, time elapsed(min) 0.03---
2026-10-01 18:09:42,480 - INFO - --- validation at epoch 80, val_loss 0.0194, val_mae 0.1540, val_rmse 0.1958, val_r2 0.4823, val_pearson 0.6969, lr 1.00e-03 ---
2026-10-01 18:09:42,480 - INFO - 
****************************************************************************************************
2026-10-01 18:09:45,039 - INFO - --- training epoch 81, loss 0.0206, mae 0.1583, rmse 0.2028, time elapsed(min) 0.03---
2026-10-01 18:09:45,500 - INFO - --- validation at epoch 81, val_loss 0.0202, val_mae 0.1576, val_rmse 0.1981, val_r2 0.4700, val_pearson 0.6861, lr 1.00e-03 ---
2026-10-01 18:09:45,500 - INFO - 
****************************************************************************************************
2026-10-01 18:09:47,982 - INFO - --- training epoch 82, loss 0.0208, mae 0.1586, rmse 0.2038, time elapsed(min) 0.03---
2026-10-01 18:09:48,237 - INFO - --- validation at epoch 82, val_loss 0.0190, val_mae 0.1557, val_rmse 0.1937, val_r2 0.4935, val_pearson 0.7092, lr 1.00e-03 ---
2026-10-01 18:09:48,237 - INFO - 
****************************************************************************************************
2026-10-01 18:09:50,635 - INFO - --- training epoch 83, loss 0.0208, mae 0.1588, rmse 0.2039, time elapsed(min) 0.03---
2026-10-01 18:09:50,886 - INFO - --- validation at epoch 83, val_loss 0.0195, val_mae 0.1570, val_rmse 0.1962, val_r2 0.4802, val_pearson 0.6949, lr 1.00e-03 ---
2026-10-01 18:09:50,886 - INFO - 
****************************************************************************************************
2026-10-01 18:09:53,376 - INFO - --- training epoch 84, loss 0.0224, mae 0.1662, rmse 0.2117, time elapsed(min) 0.03---
2026-10-01 18:09:53,833 - INFO - --- validation at epoch 84, val_loss 0.0192, val_mae 0.1550, val_rmse 0.1951, val_r2 0.4860, val_pearson 0.7066, lr 1.00e-03 ---
2026-10-01 18:09:53,833 - INFO - 
****************************************************************************************************
2026-10-01 18:09:56,288 - INFO - --- training epoch 85, loss 0.0211, mae 0.1603, rmse 0.2054, time elapsed(min) 0.03---
2026-10-01 18:09:56,540 - INFO - --- validation at epoch 85, val_loss 0.0195, val_mae 0.1543, val_rmse 0.1945, val_r2 0.4893, val_pearson 0.7043, lr 1.00e-03 ---
2026-10-01 18:09:56,540 - INFO - 
****************************************************************************************************
2026-10-01 18:09:58,823 - INFO - --- training epoch 86, loss 0.0210, mae 0.1601, rmse 0.2051, time elapsed(min) 0.03---
2026-10-01 18:09:59,082 - INFO - --- validation at epoch 86, val_loss 0.0187, val_mae 0.1559, val_rmse 0.1942, val_r2 0.4905, val_pearson 0.7111, lr 1.00e-03 ---
2026-10-01 18:09:59,082 - INFO - 
****************************************************************************************************
2026-10-01 18:10:01,610 - INFO - --- training epoch 87, loss 0.0198, mae 0.1549, rmse 0.1988, time elapsed(min) 0.03---
2026-10-01 18:10:02,068 - INFO - --- validation at epoch 87, val_loss 0.0189, val_mae 0.1583, val_rmse 0.1946, val_r2 0.4887, val_pearson 0.7040, lr 1.00e-03 ---
2026-10-01 18:10:02,068 - INFO - 
****************************************************************************************************
2026-10-01 18:10:04,710 - INFO - --- training epoch 88, loss 0.0195, mae 0.1530, rmse 0.1973, time elapsed(min) 0.04---
2026-10-01 18:10:04,964 - INFO - --- validation at epoch 88, val_loss 0.0187, val_mae 0.1552, val_rmse 0.1926, val_r2 0.4990, val_pearson 0.7100, lr 1.00e-03 ---
2026-10-01 18:10:04,964 - INFO - 
****************************************************************************************************
2026-10-01 18:10:07,322 - INFO - --- training epoch 89, loss 0.0193, mae 0.1534, rmse 0.1966, time elapsed(min) 0.03---
2026-10-01 18:10:07,580 - INFO - --- validation at epoch 89, val_loss 0.0181, val_mae 0.1486, val_rmse 0.1897, val_r2 0.5143, val_pearson 0.7189, lr 1.00e-03 ---
2026-10-01 18:10:07,580 - INFO - 
****************************************************************************************************
2026-10-01 18:10:09,964 - INFO - --- training epoch 90, loss 0.0194, mae 0.1525, rmse 0.1968, time elapsed(min) 0.03---
2026-10-01 18:10:10,385 - INFO - --- validation at epoch 90, val_loss 0.0187, val_mae 0.1527, val_rmse 0.1918, val_r2 0.5032, val_pearson 0.7117, lr 1.00e-03 ---
2026-10-01 18:10:10,385 - INFO - 
****************************************************************************************************
2026-10-01 18:10:12,971 - INFO - --- training epoch 91, loss 0.0191, mae 0.1509, rmse 0.1955, time elapsed(min) 0.04---
2026-10-01 18:10:13,234 - INFO - --- validation at epoch 91, val_loss 0.0185, val_mae 0.1505, val_rmse 0.1911, val_r2 0.5068, val_pearson 0.7246, lr 1.00e-03 ---
2026-10-01 18:10:13,234 - INFO - 
****************************************************************************************************
2026-10-01 18:10:15,540 - INFO - --- training epoch 92, loss 0.0194, mae 0.1521, rmse 0.1971, time elapsed(min) 0.03---
2026-10-01 18:10:15,803 - INFO - --- validation at epoch 92, val_loss 0.0182, val_mae 0.1517, val_rmse 0.1898, val_r2 0.5133, val_pearson 0.7187, lr 1.00e-03 ---
2026-10-01 18:10:15,803 - INFO - 
****************************************************************************************************
2026-10-01 18:10:18,118 - INFO - --- training epoch 93, loss 0.0184, mae 0.1484, rmse 0.1921, time elapsed(min) 0.03---
2026-10-01 18:10:18,383 - INFO - --- validation at epoch 93, val_loss 0.0170, val_mae 0.1452, val_rmse 0.1844, val_r2 0.5409, val_pearson 0.7375, lr 1.00e-03 ---
2026-10-01 18:10:18,383 - INFO - 
****************************************************************************************************
2026-10-01 18:10:20,918 - INFO - --- training epoch 94, loss 0.0195, mae 0.1528, rmse 0.1977, time elapsed(min) 0.03---
2026-10-01 18:10:21,518 - INFO - --- validation at epoch 94, val_loss 0.0174, val_mae 0.1500, val_rmse 0.1862, val_r2 0.5318, val_pearson 0.7388, lr 1.00e-03 ---
2026-10-01 18:10:21,518 - INFO - 
****************************************************************************************************
2026-10-01 18:10:23,863 - INFO - --- training epoch 95, loss 0.0207, mae 0.1572, rmse 0.2033, time elapsed(min) 0.03---
2026-10-01 18:10:24,117 - INFO - --- validation at epoch 95, val_loss 0.0188, val_mae 0.1516, val_rmse 0.1942, val_r2 0.4908, val_pearson 0.7114, lr 1.00e-03 ---
2026-10-01 18:10:24,117 - INFO - 
****************************************************************************************************
2026-10-01 18:10:26,399 - INFO - --- training epoch 96, loss 0.0197, mae 0.1541, rmse 0.1985, time elapsed(min) 0.03---
2026-10-01 18:10:26,654 - INFO - --- validation at epoch 96, val_loss 0.0178, val_mae 0.1507, val_rmse 0.1878, val_r2 0.5237, val_pearson 0.7330, lr 1.00e-03 ---
2026-10-01 18:10:26,654 - INFO - 
****************************************************************************************************
2026-10-01 18:10:29,046 - INFO - --- training epoch 97, loss 0.0190, mae 0.1509, rmse 0.1947, time elapsed(min) 0.03---
2026-10-01 18:10:29,534 - INFO - --- validation at epoch 97, val_loss 0.0179, val_mae 0.1532, val_rmse 0.1903, val_r2 0.5109, val_pearson 0.7227, lr 1.00e-03 ---
2026-10-01 18:10:29,534 - INFO - 
****************************************************************************************************
2026-10-01 18:10:31,959 - INFO - --- training epoch 98, loss 0.0183, mae 0.1478, rmse 0.1914, time elapsed(min) 0.03---
2026-10-01 18:10:32,217 - INFO - --- validation at epoch 98, val_loss 0.0178, val_mae 0.1489, val_rmse 0.1885, val_r2 0.5201, val_pearson 0.7239, lr 1.00e-03 ---
2026-10-01 18:10:32,217 - INFO - 
****************************************************************************************************
2026-10-01 18:10:34,603 - INFO - --- training epoch 99, loss 0.0188, mae 0.1500, rmse 0.1941, time elapsed(min) 0.03---
2026-10-01 18:10:34,864 - INFO - --- validation at epoch 99, val_loss 0.0176, val_mae 0.1468, val_rmse 0.1877, val_r2 0.5240, val_pearson 0.7269, lr 1.00e-03 ---
2026-10-01 18:10:34,864 - INFO - 
****************************************************************************************************
2026-10-01 18:10:35,717 - INFO - --- selected checkpoint from epoch 93, val_loss 0.0170, val_mae 0.1452, val_rmse 0.1844
2026-10-01 18:10:36,836 - INFO - -- RESULT
2026-10-01 18:10:36,836 - INFO - --- test size: 1728
2026-10-01 18:10:36,836 - INFO - --- MAE: 0.1466 (14.66 pp), RMSE: 0.1875 (18.75 pp), R2: 0.5540, Pearson: 0.7494
