2026-10-01 15:51:56,210 - INFO - device is	cuda:0
2026-10-01 15:51:56,319 - INFO - -- CONFIGURATIONS
2026-10-01 15:51:56,320 - INFO - --- train/valid/test: 3628/404/1728
2026-10-01 15:51:56,320 - INFO - --- max no. reactants_train, valid, test respectively: 14, 14, 14
2026-10-01 15:51:56,320 - INFO - --- max no. products_train, valid, test respectively: 1, 1, 1
2026-10-01 15:51:56,320 - INFO - --- model_path: ../logs/approach1_server/approach_1_linear/suzuki/runs/suzuki_split_0_20261001_155156/split_0/model.pt
2026-10-01 15:51:56,419 - INFO - -- TRAINING
2026-10-01 15:52:02,073 - INFO - --- training epoch 0, loss 2.4835, mae 2.8411, rmse 7.2399, time elapsed(min) 0.09---
2026-10-01 15:52:02,537 - INFO - --- validation at epoch 0, val_loss 0.0811, val_mae 0.3040, val_rmse 0.4033, val_r2 -0.8101, val_pearson 0.1305, lr 1.00e-03 ---
2026-10-01 15:52:02,537 - INFO - 
****************************************************************************************************
2026-10-01 15:52:08,068 - INFO - --- training epoch 1, loss 0.0428, mae 0.2494, rmse 0.2926, time elapsed(min) 0.08---
2026-10-01 15:52:08,510 - INFO - --- validation at epoch 1, val_loss 0.0445, val_mae 0.2610, val_rmse 0.3032, val_r2 -0.0233, val_pearson 0.1470, lr 1.00e-03 ---
2026-10-01 15:52:08,510 - INFO - 
****************************************************************************************************
2026-10-01 15:52:14,026 - INFO - --- training epoch 2, loss 0.0399, mae 0.2432, rmse 0.2826, time elapsed(min) 0.08---
2026-10-01 15:52:14,448 - INFO - --- validation at epoch 2, val_loss 0.0435, val_mae 0.2679, val_rmse 0.3010, val_r2 -0.0082, val_pearson 0.1347, lr 1.00e-03 ---
2026-10-01 15:52:14,448 - INFO - 
****************************************************************************************************
2026-10-01 15:52:19,986 - INFO - --- training epoch 3, loss 0.0402, mae 0.2439, rmse 0.2836, time elapsed(min) 0.09---
2026-10-01 15:52:20,578 - INFO - --- validation at epoch 3, val_loss 0.0453, val_mae 0.2586, val_rmse 0.3048, val_r2 -0.0337, val_pearson 0.1388, lr 1.00e-03 ---
2026-10-01 15:52:20,578 - INFO - 
****************************************************************************************************
2026-10-01 15:52:26,177 - INFO - --- training epoch 4, loss 0.0400, mae 0.2423, rmse 0.2828, time elapsed(min) 0.09---
2026-10-01 15:52:26,602 - INFO - --- validation at epoch 4, val_loss 0.0435, val_mae 0.2587, val_rmse 0.2988, val_r2 0.0062, val_pearson 0.1440, lr 1.00e-03 ---
2026-10-01 15:52:26,602 - INFO - 
****************************************************************************************************
2026-10-01 15:52:32,067 - INFO - --- training epoch 5, loss 0.0390, mae 0.2408, rmse 0.2793, time elapsed(min) 0.09---
2026-10-01 15:52:32,482 - INFO - --- validation at epoch 5, val_loss 0.0429, val_mae 0.2586, val_rmse 0.2971, val_r2 0.0175, val_pearson 0.1551, lr 1.00e-03 ---
2026-10-01 15:52:32,482 - INFO - 
****************************************************************************************************
2026-10-01 15:52:38,092 - INFO - --- training epoch 6, loss 0.0399, mae 0.2407, rmse 0.2824, time elapsed(min) 0.09---
2026-10-01 15:52:38,566 - INFO - --- validation at epoch 6, val_loss 0.0435, val_mae 0.2677, val_rmse 0.3006, val_r2 -0.0055, val_pearson 0.1721, lr 1.00e-03 ---
2026-10-01 15:52:38,566 - INFO - 
****************************************************************************************************
2026-10-01 15:52:44,350 - INFO - --- training epoch 7, loss 0.0413, mae 0.2464, rmse 0.2875, time elapsed(min) 0.09---
2026-10-01 15:52:44,779 - INFO - --- validation at epoch 7, val_loss 0.0424, val_mae 0.2615, val_rmse 0.2963, val_r2 0.0233, val_pearson 0.1772, lr 1.00e-03 ---
2026-10-01 15:52:44,779 - INFO - 
****************************************************************************************************
2026-10-01 15:52:50,431 - INFO - --- training epoch 8, loss 0.0420, mae 0.2435, rmse 0.2900, time elapsed(min) 0.09---
2026-10-01 15:52:50,850 - INFO - --- validation at epoch 8, val_loss 0.0442, val_mae 0.2577, val_rmse 0.3012, val_r2 -0.0095, val_pearson 0.1688, lr 1.00e-03 ---
2026-10-01 15:52:50,850 - INFO - 
****************************************************************************************************
2026-10-01 15:52:56,449 - INFO - --- training epoch 9, loss 0.0400, mae 0.2441, rmse 0.2829, time elapsed(min) 0.09---
2026-10-01 15:52:57,037 - INFO - --- validation at epoch 9, val_loss 0.0422, val_mae 0.2591, val_rmse 0.2956, val_r2 0.0275, val_pearson 0.1864, lr 1.00e-03 ---
2026-10-01 15:52:57,037 - INFO - 
****************************************************************************************************
2026-10-01 15:53:02,957 - INFO - --- training epoch 10, loss 0.0393, mae 0.2398, rmse 0.2802, time elapsed(min) 0.09---
2026-10-01 15:53:03,388 - INFO - --- validation at epoch 10, val_loss 0.0445, val_mae 0.2548, val_rmse 0.3021, val_r2 -0.0159, val_pearson 0.1933, lr 1.00e-03 ---
2026-10-01 15:53:03,388 - INFO - 
****************************************************************************************************
2026-10-01 15:53:08,929 - INFO - --- training epoch 11, loss 0.0386, mae 0.2382, rmse 0.2778, time elapsed(min) 0.09---
2026-10-01 15:53:09,351 - INFO - --- validation at epoch 11, val_loss 0.0426, val_mae 0.2546, val_rmse 0.2963, val_r2 0.0227, val_pearson 0.2073, lr 1.00e-03 ---
2026-10-01 15:53:09,351 - INFO - 
****************************************************************************************************
2026-10-01 15:53:14,869 - INFO - --- training epoch 12, loss 0.0386, mae 0.2385, rmse 0.2779, time elapsed(min) 0.09---
2026-10-01 15:53:15,336 - INFO - --- validation at epoch 12, val_loss 0.0437, val_mae 0.2525, val_rmse 0.3002, val_r2 -0.0029, val_pearson 0.2253, lr 1.00e-03 ---
2026-10-01 15:53:15,336 - INFO - 
****************************************************************************************************
2026-10-01 15:53:21,130 - INFO - --- training epoch 13, loss 0.0397, mae 0.2411, rmse 0.2818, time elapsed(min) 0.09---
2026-10-01 15:53:21,547 - INFO - --- validation at epoch 13, val_loss 0.0414, val_mae 0.2535, val_rmse 0.2931, val_r2 0.0438, val_pearson 0.2375, lr 1.00e-03 ---
2026-10-01 15:53:21,547 - INFO - 
****************************************************************************************************
2026-10-01 15:53:27,149 - INFO - --- training epoch 14, loss 0.0378, mae 0.2355, rmse 0.2751, time elapsed(min) 0.09---
2026-10-01 15:53:27,576 - INFO - --- validation at epoch 14, val_loss 0.0417, val_mae 0.2510, val_rmse 0.2945, val_r2 0.0347, val_pearson 0.2550, lr 1.00e-03 ---
2026-10-01 15:53:27,576 - INFO - 
****************************************************************************************************
2026-10-01 15:53:33,111 - INFO - --- training epoch 15, loss 0.0385, mae 0.2372, rmse 0.2773, time elapsed(min) 0.09---
2026-10-01 15:53:33,530 - INFO - --- validation at epoch 15, val_loss 0.0406, val_mae 0.2521, val_rmse 0.2911, val_r2 0.0573, val_pearson 0.2700, lr 1.00e-03 ---
2026-10-01 15:53:33,530 - INFO - 
****************************************************************************************************
2026-10-01 15:53:39,294 - INFO - --- training epoch 16, loss 0.0411, mae 0.2416, rmse 0.2869, time elapsed(min) 0.09---
2026-10-01 15:53:39,920 - INFO - --- validation at epoch 16, val_loss 0.0481, val_mae 0.2530, val_rmse 0.3147, val_r2 -0.1019, val_pearson 0.2726, lr 1.00e-03 ---
2026-10-01 15:53:39,920 - INFO - 
****************************************************************************************************
2026-10-01 15:53:45,618 - INFO - --- training epoch 17, loss 0.0382, mae 0.2367, rmse 0.2764, time elapsed(min) 0.09---
2026-10-01 15:53:46,043 - INFO - --- validation at epoch 17, val_loss 0.0420, val_mae 0.2475, val_rmse 0.2958, val_r2 0.0260, val_pearson 0.2862, lr 1.00e-03 ---
2026-10-01 15:53:46,043 - INFO - 
****************************************************************************************************
2026-10-01 15:53:51,576 - INFO - --- training epoch 18, loss 0.0380, mae 0.2348, rmse 0.2758, time elapsed(min) 0.09---
2026-10-01 15:53:52,009 - INFO - --- validation at epoch 18, val_loss 0.0391, val_mae 0.2495, val_rmse 0.2859, val_r2 0.0907, val_pearson 0.3195, lr 1.00e-03 ---
2026-10-01 15:53:52,009 - INFO - 
****************************************************************************************************
2026-10-01 15:53:57,834 - INFO - --- training epoch 19, loss 0.0413, mae 0.2412, rmse 0.2873, time elapsed(min) 0.09---
2026-10-01 15:53:58,450 - INFO - --- validation at epoch 19, val_loss 0.0479, val_mae 0.2517, val_rmse 0.3141, val_r2 -0.0977, val_pearson 0.3379, lr 1.00e-03 ---
2026-10-01 15:53:58,450 - INFO - 
****************************************************************************************************
2026-10-01 15:54:04,172 - INFO - --- training epoch 20, loss 0.0378, mae 0.2338, rmse 0.2750, time elapsed(min) 0.09---
2026-10-01 15:54:04,590 - INFO - --- validation at epoch 20, val_loss 0.0395, val_mae 0.2390, val_rmse 0.2880, val_r2 0.0768, val_pearson 0.3950, lr 1.00e-03 ---
2026-10-01 15:54:04,590 - INFO - 
****************************************************************************************************
2026-10-01 15:54:10,151 - INFO - --- training epoch 21, loss 0.0340, mae 0.2176, rmse 0.2609, time elapsed(min) 0.09---
2026-10-01 15:54:10,585 - INFO - --- validation at epoch 21, val_loss 0.0314, val_mae 0.2178, val_rmse 0.2624, val_r2 0.2341, val_pearson 0.4854, lr 1.00e-03 ---
2026-10-01 15:54:10,585 - INFO - 
****************************************************************************************************
2026-10-01 15:54:16,217 - INFO - --- training epoch 22, loss 0.0330, mae 0.2117, rmse 0.2569, time elapsed(min) 0.09---
2026-10-01 15:54:16,809 - INFO - --- validation at epoch 22, val_loss 0.0305, val_mae 0.2154, val_rmse 0.2554, val_r2 0.2741, val_pearson 0.5411, lr 1.00e-03 ---
2026-10-01 15:54:16,809 - INFO - 
****************************************************************************************************
2026-10-01 15:54:22,758 - INFO - --- training epoch 23, loss 0.0355, mae 0.2193, rmse 0.2666, time elapsed(min) 0.09---
2026-10-01 15:54:23,180 - INFO - --- validation at epoch 23, val_loss 0.0383, val_mae 0.2467, val_rmse 0.2880, val_r2 0.0772, val_pearson 0.5349, lr 1.00e-03 ---
2026-10-01 15:54:23,180 - INFO - 
****************************************************************************************************
2026-10-01 15:54:28,798 - INFO - --- training epoch 24, loss 0.0320, mae 0.2078, rmse 0.2530, time elapsed(min) 0.09---
2026-10-01 15:54:29,219 - INFO - --- validation at epoch 24, val_loss 0.0295, val_mae 0.2121, val_rmse 0.2526, val_r2 0.2900, val_pearson 0.5505, lr 1.00e-03 ---
2026-10-01 15:54:29,219 - INFO - 
****************************************************************************************************
2026-10-01 15:54:34,840 - INFO - --- training epoch 25, loss 0.0282, mae 0.1925, rmse 0.2373, time elapsed(min) 0.09---
2026-10-01 15:54:35,258 - INFO - --- validation at epoch 25, val_loss 0.0257, val_mae 0.1927, val_rmse 0.2293, val_r2 0.4149, val_pearson 0.6867, lr 1.00e-03 ---
2026-10-01 15:54:35,259 - INFO - 
****************************************************************************************************
2026-10-01 15:54:41,096 - INFO - --- training epoch 26, loss 0.0256, mae 0.1809, rmse 0.2261, time elapsed(min) 0.09---
2026-10-01 15:54:41,718 - INFO - --- validation at epoch 26, val_loss 0.0251, val_mae 0.1689, val_rmse 0.2220, val_r2 0.4515, val_pearson 0.6745, lr 1.00e-03 ---
2026-10-01 15:54:41,718 - INFO - 
****************************************************************************************************
2026-10-01 15:54:47,586 - INFO - --- training epoch 27, loss 0.0247, mae 0.1770, rmse 0.2222, time elapsed(min) 0.09---
2026-10-01 15:54:48,008 - INFO - --- validation at epoch 27, val_loss 0.0270, val_mae 0.1791, val_rmse 0.2317, val_r2 0.4024, val_pearson 0.6371, lr 1.00e-03 ---
2026-10-01 15:54:48,008 - INFO - 
****************************************************************************************************
2026-10-01 15:54:53,640 - INFO - --- training epoch 28, loss 0.0238, mae 0.1734, rmse 0.2180, time elapsed(min) 0.09---
2026-10-01 15:54:54,068 - INFO - --- validation at epoch 28, val_loss 0.0268, val_mae 0.1746, val_rmse 0.2295, val_r2 0.4137, val_pearson 0.6645, lr 1.00e-03 ---
2026-10-01 15:54:54,068 - INFO - 
****************************************************************************************************
2026-10-01 15:54:59,741 - INFO - --- training epoch 29, loss 0.0248, mae 0.1773, rmse 0.2225, time elapsed(min) 0.09---
2026-10-01 15:55:00,355 - INFO - --- validation at epoch 29, val_loss 0.0244, val_mae 0.1723, val_rmse 0.2195, val_r2 0.4637, val_pearson 0.6828, lr 1.00e-03 ---
2026-10-01 15:55:00,355 - INFO - 
****************************************************************************************************
2026-10-01 15:55:06,110 - INFO - --- training epoch 30, loss 0.0237, mae 0.1726, rmse 0.2175, time elapsed(min) 0.09---
2026-10-01 15:55:06,536 - INFO - --- validation at epoch 30, val_loss 0.0248, val_mae 0.1726, val_rmse 0.2228, val_r2 0.4475, val_pearson 0.6787, lr 1.00e-03 ---
2026-10-01 15:55:06,537 - INFO - 
****************************************************************************************************
2026-10-01 15:55:12,162 - INFO - --- training epoch 31, loss 0.0239, mae 0.1739, rmse 0.2187, time elapsed(min) 0.09---
2026-10-01 15:55:12,587 - INFO - --- validation at epoch 31, val_loss 0.0245, val_mae 0.1772, val_rmse 0.2216, val_r2 0.4537, val_pearson 0.6810, lr 1.00e-03 ---
2026-10-01 15:55:12,587 - INFO - 
****************************************************************************************************
2026-10-01 15:55:18,142 - INFO - --- training epoch 32, loss 0.0229, mae 0.1697, rmse 0.2140, time elapsed(min) 0.09---
2026-10-01 15:55:18,732 - INFO - --- validation at epoch 32, val_loss 0.0261, val_mae 0.1795, val_rmse 0.2283, val_r2 0.4201, val_pearson 0.6711, lr 1.00e-03 ---
2026-10-01 15:55:18,732 - INFO - 
****************************************************************************************************
2026-10-01 15:55:24,664 - INFO - --- training epoch 33, loss 0.0235, mae 0.1720, rmse 0.2168, time elapsed(min) 0.09---
2026-10-01 15:55:25,082 - INFO - --- validation at epoch 33, val_loss 0.0250, val_mae 0.1792, val_rmse 0.2261, val_r2 0.4310, val_pearson 0.6664, lr 1.00e-03 ---
2026-10-01 15:55:25,082 - INFO - 
****************************************************************************************************
2026-10-01 15:55:30,708 - INFO - --- training epoch 34, loss 0.0244, mae 0.1747, rmse 0.2209, time elapsed(min) 0.09---
2026-10-01 15:55:31,137 - INFO - --- validation at epoch 34, val_loss 0.0233, val_mae 0.1780, val_rmse 0.2196, val_r2 0.4631, val_pearson 0.6912, lr 1.00e-03 ---
2026-10-01 15:55:31,137 - INFO - 
****************************************************************************************************
2026-10-01 15:55:36,823 - INFO - --- training epoch 35, loss 0.0229, mae 0.1694, rmse 0.2142, time elapsed(min) 0.09---
2026-10-01 15:55:37,420 - INFO - --- validation at epoch 35, val_loss 0.0239, val_mae 0.1739, val_rmse 0.2209, val_r2 0.4572, val_pearson 0.6825, lr 1.00e-03 ---
2026-10-01 15:55:37,420 - INFO - 
****************************************************************************************************
2026-10-01 15:55:43,307 - INFO - --- training epoch 36, loss 0.0224, mae 0.1674, rmse 0.2118, time elapsed(min) 0.09---
2026-10-01 15:55:43,732 - INFO - --- validation at epoch 36, val_loss 0.0223, val_mae 0.1676, val_rmse 0.2133, val_r2 0.4937, val_pearson 0.7041, lr 1.00e-03 ---
2026-10-01 15:55:43,732 - INFO - 
****************************************************************************************************
2026-10-01 15:55:49,378 - INFO - --- training epoch 37, loss 0.0233, mae 0.1714, rmse 0.2161, time elapsed(min) 0.09---
2026-10-01 15:55:49,804 - INFO - --- validation at epoch 37, val_loss 0.0221, val_mae 0.1678, val_rmse 0.2093, val_r2 0.5126, val_pearson 0.7233, lr 1.00e-03 ---
2026-10-01 15:55:49,804 - INFO - 
****************************************************************************************************
2026-10-01 15:55:55,504 - INFO - --- training epoch 38, loss 0.0237, mae 0.1732, rmse 0.2175, time elapsed(min) 0.09---
2026-10-01 15:55:55,987 - INFO - --- validation at epoch 38, val_loss 0.0231, val_mae 0.1730, val_rmse 0.2203, val_r2 0.4597, val_pearson 0.6874, lr 1.00e-03 ---
2026-10-01 15:55:55,987 - INFO - 
****************************************************************************************************
2026-10-01 15:56:01,750 - INFO - --- training epoch 39, loss 0.0250, mae 0.1776, rmse 0.2234, time elapsed(min) 0.09---
2026-10-01 15:56:02,370 - INFO - --- validation at epoch 39, val_loss 0.0252, val_mae 0.1772, val_rmse 0.2222, val_r2 0.4507, val_pearson 0.6779, lr 1.00e-03 ---
2026-10-01 15:56:02,370 - INFO - 
****************************************************************************************************
2026-10-01 15:56:08,118 - INFO - --- training epoch 40, loss 0.0220, mae 0.1652, rmse 0.2099, time elapsed(min) 0.09---
2026-10-01 15:56:08,541 - INFO - --- validation at epoch 40, val_loss 0.0255, val_mae 0.1734, val_rmse 0.2256, val_r2 0.4337, val_pearson 0.6780, lr 1.00e-03 ---
2026-10-01 15:56:08,541 - INFO - 
****************************************************************************************************
2026-10-01 15:56:14,135 - INFO - --- training epoch 41, loss 0.0226, mae 0.1688, rmse 0.2126, time elapsed(min) 0.09---
2026-10-01 15:56:14,565 - INFO - --- validation at epoch 41, val_loss 0.0275, val_mae 0.1778, val_rmse 0.2316, val_r2 0.4031, val_pearson 0.7120, lr 1.00e-03 ---
2026-10-01 15:56:14,565 - INFO - 
****************************************************************************************************
2026-10-01 15:56:20,325 - INFO - --- training epoch 42, loss 0.0234, mae 0.1713, rmse 0.2165, time elapsed(min) 0.09---
2026-10-01 15:56:20,971 - INFO - --- validation at epoch 42, val_loss 0.0238, val_mae 0.1689, val_rmse 0.2176, val_r2 0.4729, val_pearson 0.7118, lr 1.00e-03 ---
2026-10-01 15:56:20,971 - INFO - 
****************************************************************************************************
2026-10-01 15:56:26,683 - INFO - --- training epoch 43, loss 0.0222, mae 0.1659, rmse 0.2106, time elapsed(min) 0.09---
2026-10-01 15:56:27,116 - INFO - --- validation at epoch 43, val_loss 0.0228, val_mae 0.1686, val_rmse 0.2153, val_r2 0.4840, val_pearson 0.7126, lr 1.00e-03 ---
2026-10-01 15:56:27,116 - INFO - 
****************************************************************************************************
2026-10-01 15:56:32,675 - INFO - --- training epoch 44, loss 0.0222, mae 0.1670, rmse 0.2106, time elapsed(min) 0.09---
2026-10-01 15:56:33,113 - INFO - --- validation at epoch 44, val_loss 0.0214, val_mae 0.1662, val_rmse 0.2104, val_r2 0.5073, val_pearson 0.7320, lr 1.00e-03 ---
2026-10-01 15:56:33,113 - INFO - 
****************************************************************************************************
2026-10-01 15:56:38,828 - INFO - --- training epoch 45, loss 0.0219, mae 0.1653, rmse 0.2093, time elapsed(min) 0.09---
2026-10-01 15:56:39,465 - INFO - --- validation at epoch 45, val_loss 0.0216, val_mae 0.1664, val_rmse 0.2116, val_r2 0.5015, val_pearson 0.7215, lr 1.00e-03 ---
2026-10-01 15:56:39,466 - INFO - 
****************************************************************************************************
2026-10-01 15:56:45,207 - INFO - --- training epoch 46, loss 0.0330, mae 0.2081, rmse 0.2569, time elapsed(min) 0.09---
2026-10-01 15:56:45,636 - INFO - --- validation at epoch 46, val_loss 0.0412, val_mae 0.2337, val_rmse 0.2897, val_r2 0.0660, val_pearson 0.4095, lr 1.00e-03 ---
2026-10-01 15:56:45,636 - INFO - 
****************************************************************************************************
2026-10-01 15:56:51,260 - INFO - --- training epoch 47, loss 0.0317, mae 0.2072, rmse 0.2516, time elapsed(min) 0.09---
2026-10-01 15:56:51,689 - INFO - --- validation at epoch 47, val_loss 0.0230, val_mae 0.1859, val_rmse 0.2196, val_r2 0.4635, val_pearson 0.7094, lr 1.00e-03 ---
2026-10-01 15:56:51,689 - INFO - 
****************************************************************************************************
2026-10-01 15:56:57,260 - INFO - --- training epoch 48, loss 0.0224, mae 0.1671, rmse 0.2118, time elapsed(min) 0.09---
2026-10-01 15:56:57,741 - INFO - --- validation at epoch 48, val_loss 0.0278, val_mae 0.1838, val_rmse 0.2351, val_r2 0.3848, val_pearson 0.7291, lr 1.00e-03 ---
2026-10-01 15:56:57,742 - INFO - 
****************************************************************************************************
2026-10-01 15:57:03,628 - INFO - --- training epoch 49, loss 0.0223, mae 0.1668, rmse 0.2113, time elapsed(min) 0.09---
2026-10-01 15:57:04,051 - INFO - --- validation at epoch 49, val_loss 0.0207, val_mae 0.1644, val_rmse 0.2084, val_r2 0.5165, val_pearson 0.7316, lr 1.00e-03 ---
2026-10-01 15:57:04,051 - INFO - 
****************************************************************************************************
2026-10-01 15:57:09,757 - INFO - --- training epoch 50, loss 0.0212, mae 0.1626, rmse 0.2059, time elapsed(min) 0.09---
2026-10-01 15:57:10,186 - INFO - --- validation at epoch 50, val_loss 0.0207, val_mae 0.1650, val_rmse 0.2093, val_r2 0.5124, val_pearson 0.7263, lr 1.00e-03 ---
2026-10-01 15:57:10,186 - INFO - 
****************************************************************************************************
2026-10-01 15:57:16,040 - INFO - --- training epoch 51, loss 0.0214, mae 0.1638, rmse 0.2071, time elapsed(min) 0.09---
2026-10-01 15:57:16,519 - INFO - --- validation at epoch 51, val_loss 0.0215, val_mae 0.1665, val_rmse 0.2118, val_r2 0.5009, val_pearson 0.7370, lr 1.00e-03 ---
2026-10-01 15:57:16,519 - INFO - 
****************************************************************************************************
2026-10-01 15:57:22,300 - INFO - --- training epoch 52, loss 0.0208, mae 0.1609, rmse 0.2041, time elapsed(min) 0.09---
2026-10-01 15:57:23,041 - INFO - --- validation at epoch 52, val_loss 0.0217, val_mae 0.1676, val_rmse 0.2134, val_r2 0.4932, val_pearson 0.7335, lr 1.00e-03 ---
2026-10-01 15:57:23,041 - INFO - 
****************************************************************************************************
2026-10-01 15:57:28,631 - INFO - --- training epoch 53, loss 0.0212, mae 0.1623, rmse 0.2057, time elapsed(min) 0.09---
2026-10-01 15:57:29,063 - INFO - --- validation at epoch 53, val_loss 0.0203, val_mae 0.1623, val_rmse 0.2062, val_r2 0.5270, val_pearson 0.7357, lr 1.00e-03 ---
2026-10-01 15:57:29,063 - INFO - 
****************************************************************************************************
2026-10-01 15:57:34,810 - INFO - --- training epoch 54, loss 0.0206, mae 0.1591, rmse 0.2029, time elapsed(min) 0.09---
2026-10-01 15:57:35,238 - INFO - --- validation at epoch 54, val_loss 0.0199, val_mae 0.1599, val_rmse 0.2057, val_r2 0.5291, val_pearson 0.7354, lr 1.00e-03 ---
2026-10-01 15:57:35,238 - INFO - 
****************************************************************************************************
2026-10-01 15:57:41,136 - INFO - --- training epoch 55, loss 0.0210, mae 0.1604, rmse 0.2048, time elapsed(min) 0.09---
2026-10-01 15:57:41,764 - INFO - --- validation at epoch 55, val_loss 0.0192, val_mae 0.1603, val_rmse 0.2040, val_r2 0.5369, val_pearson 0.7348, lr 1.00e-03 ---
2026-10-01 15:57:41,764 - INFO - 
****************************************************************************************************
2026-10-01 15:57:47,567 - INFO - --- training epoch 56, loss 0.0212, mae 0.1618, rmse 0.2057, time elapsed(min) 0.09---
2026-10-01 15:57:47,986 - INFO - --- validation at epoch 56, val_loss 0.0203, val_mae 0.1636, val_rmse 0.2068, val_r2 0.5242, val_pearson 0.7422, lr 1.00e-03 ---
2026-10-01 15:57:47,987 - INFO - 
****************************************************************************************************
2026-10-01 15:57:53,545 - INFO - --- training epoch 57, loss 0.0218, mae 0.1637, rmse 0.2086, time elapsed(min) 0.09---
2026-10-01 15:57:53,975 - INFO - --- validation at epoch 57, val_loss 0.0251, val_mae 0.1893, val_rmse 0.2336, val_r2 0.3929, val_pearson 0.7337, lr 1.00e-03 ---
2026-10-01 15:57:53,976 - INFO - 
****************************************************************************************************
2026-10-01 15:57:59,574 - INFO - --- training epoch 58, loss 0.0217, mae 0.1641, rmse 0.2085, time elapsed(min) 0.09---
2026-10-01 15:58:00,207 - INFO - --- validation at epoch 58, val_loss 0.0217, val_mae 0.1652, val_rmse 0.2124, val_r2 0.4982, val_pearson 0.7361, lr 1.00e-03 ---
2026-10-01 15:58:00,207 - INFO - 
****************************************************************************************************
2026-10-01 15:58:05,913 - INFO - --- training epoch 59, loss 0.0207, mae 0.1595, rmse 0.2035, time elapsed(min) 0.09---
2026-10-01 15:58:06,342 - INFO - --- validation at epoch 59, val_loss 0.0207, val_mae 0.1607, val_rmse 0.2063, val_r2 0.5266, val_pearson 0.7410, lr 1.00e-03 ---
2026-10-01 15:58:06,342 - INFO - 
****************************************************************************************************
2026-10-01 15:58:11,942 - INFO - --- training epoch 60, loss 0.0225, mae 0.1666, rmse 0.2123, time elapsed(min) 0.09---
2026-10-01 15:58:12,370 - INFO - --- validation at epoch 60, val_loss 0.0219, val_mae 0.1682, val_rmse 0.2116, val_r2 0.5016, val_pearson 0.7465, lr 1.00e-03 ---
2026-10-01 15:58:12,370 - INFO - 
****************************************************************************************************
2026-10-01 15:58:18,004 - INFO - --- training epoch 61, loss 0.0203, mae 0.1580, rmse 0.2016, time elapsed(min) 0.09---
2026-10-01 15:58:18,645 - INFO - --- validation at epoch 61, val_loss 0.0196, val_mae 0.1600, val_rmse 0.2022, val_r2 0.5452, val_pearson 0.7569, lr 1.00e-03 ---
2026-10-01 15:58:18,645 - INFO - 
****************************************************************************************************
2026-10-01 15:58:24,348 - INFO - --- training epoch 62, loss 0.0200, mae 0.1562, rmse 0.2002, time elapsed(min) 0.09---
2026-10-01 15:58:24,771 - INFO - --- validation at epoch 62, val_loss 0.0196, val_mae 0.1558, val_rmse 0.2009, val_r2 0.5510, val_pearson 0.7574, lr 1.00e-03 ---
2026-10-01 15:58:24,771 - INFO - 
****************************************************************************************************
2026-10-01 15:58:30,356 - INFO - --- training epoch 63, loss 0.0203, mae 0.1573, rmse 0.2016, time elapsed(min) 0.09---
2026-10-01 15:58:30,782 - INFO - --- validation at epoch 63, val_loss 0.0193, val_mae 0.1574, val_rmse 0.1999, val_r2 0.5553, val_pearson 0.7623, lr 1.00e-03 ---
2026-10-01 15:58:30,782 - INFO - 
****************************************************************************************************
2026-10-01 15:58:36,418 - INFO - --- training epoch 64, loss 0.0204, mae 0.1574, rmse 0.2022, time elapsed(min) 0.09---
2026-10-01 15:58:37,007 - INFO - --- validation at epoch 64, val_loss 0.0193, val_mae 0.1601, val_rmse 0.2028, val_r2 0.5425, val_pearson 0.7646, lr 1.00e-03 ---
2026-10-01 15:58:37,007 - INFO - 
****************************************************************************************************
2026-10-01 15:58:42,965 - INFO - --- training epoch 65, loss 0.0197, mae 0.1542, rmse 0.1984, time elapsed(min) 0.09---
2026-10-01 15:58:43,398 - INFO - --- validation at epoch 65, val_loss 0.0179, val_mae 0.1545, val_rmse 0.1958, val_r2 0.5735, val_pearson 0.7591, lr 1.00e-03 ---
2026-10-01 15:58:43,398 - INFO - 
****************************************************************************************************
2026-10-01 15:58:49,098 - INFO - --- training epoch 66, loss 0.0196, mae 0.1538, rmse 0.1978, time elapsed(min) 0.09---
2026-10-01 15:58:49,521 - INFO - --- validation at epoch 66, val_loss 0.0184, val_mae 0.1557, val_rmse 0.1977, val_r2 0.5652, val_pearson 0.7639, lr 1.00e-03 ---
2026-10-01 15:58:49,521 - INFO - 
****************************************************************************************************
2026-10-01 15:58:55,124 - INFO - --- training epoch 67, loss 0.0254, mae 0.1786, rmse 0.2253, time elapsed(min) 0.09---
2026-10-01 15:58:55,717 - INFO - --- validation at epoch 67, val_loss 0.0233, val_mae 0.1748, val_rmse 0.2194, val_r2 0.4645, val_pearson 0.7459, lr 1.00e-03 ---
2026-10-01 15:58:55,717 - INFO - 
****************************************************************************************************
2026-10-01 15:59:01,609 - INFO - --- training epoch 68, loss 0.0213, mae 0.1633, rmse 0.2066, time elapsed(min) 0.09---
2026-10-01 15:59:02,028 - INFO - --- validation at epoch 68, val_loss 0.0209, val_mae 0.1633, val_rmse 0.2079, val_r2 0.5191, val_pearson 0.7514, lr 1.00e-03 ---
2026-10-01 15:59:02,028 - INFO - 
****************************************************************************************************
2026-10-01 15:59:07,595 - INFO - --- training epoch 69, loss 0.0202, mae 0.1574, rmse 0.2011, time elapsed(min) 0.09---
2026-10-01 15:59:08,031 - INFO - --- validation at epoch 69, val_loss 0.0193, val_mae 0.1593, val_rmse 0.1989, val_r2 0.5596, val_pearson 0.7610, lr 1.00e-03 ---
2026-10-01 15:59:08,031 - INFO - 
****************************************************************************************************
2026-10-01 15:59:13,644 - INFO - --- training epoch 70, loss 0.0195, mae 0.1536, rmse 0.1976, time elapsed(min) 0.09---
2026-10-01 15:59:14,072 - INFO - --- validation at epoch 70, val_loss 0.0204, val_mae 0.1599, val_rmse 0.2030, val_r2 0.5414, val_pearson 0.7634, lr 1.00e-03 ---
2026-10-01 15:59:14,072 - INFO - 
****************************************************************************************************
2026-10-01 15:59:19,837 - INFO - --- training epoch 71, loss 0.0195, mae 0.1539, rmse 0.1973, time elapsed(min) 0.09---
2026-10-01 15:59:20,491 - INFO - --- validation at epoch 71, val_loss 0.0190, val_mae 0.1552, val_rmse 0.1979, val_r2 0.5641, val_pearson 0.7737, lr 1.00e-03 ---
2026-10-01 15:59:20,491 - INFO - 
****************************************************************************************************
2026-10-01 15:59:26,267 - INFO - --- training epoch 72, loss 0.0189, mae 0.1512, rmse 0.1944, time elapsed(min) 0.09---
2026-10-01 15:59:26,722 - INFO - --- validation at epoch 72, val_loss 0.0190, val_mae 0.1556, val_rmse 0.1970, val_r2 0.5683, val_pearson 0.7663, lr 1.00e-03 ---
2026-10-01 15:59:26,722 - INFO - 
****************************************************************************************************
2026-10-01 15:59:32,297 - INFO - --- training epoch 73, loss 0.0189, mae 0.1521, rmse 0.1947, time elapsed(min) 0.09---
2026-10-01 15:59:32,746 - INFO - --- validation at epoch 73, val_loss 0.0179, val_mae 0.1512, val_rmse 0.1942, val_r2 0.5804, val_pearson 0.7710, lr 1.00e-03 ---
2026-10-01 15:59:32,746 - INFO - 
****************************************************************************************************
2026-10-01 15:59:38,382 - INFO - --- training epoch 74, loss 0.0187, mae 0.1500, rmse 0.1936, time elapsed(min) 0.09---
2026-10-01 15:59:39,007 - INFO - --- validation at epoch 74, val_loss 0.0187, val_mae 0.1555, val_rmse 0.1956, val_r2 0.5742, val_pearson 0.7695, lr 1.00e-03 ---
2026-10-01 15:59:39,007 - INFO - 
****************************************************************************************************
2026-10-01 15:59:44,958 - INFO - --- training epoch 75, loss 0.0183, mae 0.1485, rmse 0.1914, time elapsed(min) 0.09---
2026-10-01 15:59:45,379 - INFO - --- validation at epoch 75, val_loss 0.0175, val_mae 0.1495, val_rmse 0.1913, val_r2 0.5926, val_pearson 0.7756, lr 1.00e-03 ---
2026-10-01 15:59:45,380 - INFO - 
****************************************************************************************************
2026-10-01 15:59:51,044 - INFO - --- training epoch 76, loss 0.0189, mae 0.1510, rmse 0.1942, time elapsed(min) 0.09---
2026-10-01 15:59:51,465 - INFO - --- validation at epoch 76, val_loss 0.0178, val_mae 0.1535, val_rmse 0.1937, val_r2 0.5824, val_pearson 0.7717, lr 1.00e-03 ---
2026-10-01 15:59:51,465 - INFO - 
****************************************************************************************************
2026-10-01 15:59:57,053 - INFO - --- training epoch 77, loss 0.0187, mae 0.1502, rmse 0.1934, time elapsed(min) 0.09---
2026-10-01 15:59:57,529 - INFO - --- validation at epoch 77, val_loss 0.0193, val_mae 0.1561, val_rmse 0.2003, val_r2 0.5535, val_pearson 0.7749, lr 1.00e-03 ---
2026-10-01 15:59:57,529 - INFO - 
****************************************************************************************************
2026-10-01 16:00:03,503 - INFO - --- training epoch 78, loss 0.0182, mae 0.1478, rmse 0.1908, time elapsed(min) 0.09---
2026-10-01 16:00:03,929 - INFO - --- validation at epoch 78, val_loss 0.0183, val_mae 0.1525, val_rmse 0.1939, val_r2 0.5816, val_pearson 0.7792, lr 1.00e-03 ---
2026-10-01 16:00:03,929 - INFO - 
****************************************************************************************************
2026-10-01 16:00:09,535 - INFO - --- training epoch 79, loss 0.0177, mae 0.1462, rmse 0.1881, time elapsed(min) 0.09---
2026-10-01 16:00:10,007 - INFO - --- validation at epoch 79, val_loss 0.0185, val_mae 0.1529, val_rmse 0.1942, val_r2 0.5804, val_pearson 0.7782, lr 1.00e-03 ---
2026-10-01 16:00:10,008 - INFO - 
****************************************************************************************************
2026-10-01 16:00:15,567 - INFO - --- training epoch 80, loss 0.0172, mae 0.1432, rmse 0.1856, time elapsed(min) 0.09---
2026-10-01 16:00:16,054 - INFO - --- validation at epoch 80, val_loss 0.0174, val_mae 0.1490, val_rmse 0.1898, val_r2 0.5991, val_pearson 0.7874, lr 1.00e-03 ---
2026-10-01 16:00:16,054 - INFO - 
****************************************************************************************************
2026-10-01 16:00:21,904 - INFO - --- training epoch 81, loss 0.0174, mae 0.1441, rmse 0.1865, time elapsed(min) 0.09---
2026-10-01 16:00:22,701 - INFO - --- validation at epoch 81, val_loss 0.0174, val_mae 0.1470, val_rmse 0.1879, val_r2 0.6071, val_pearson 0.7890, lr 1.00e-03 ---
2026-10-01 16:00:22,701 - INFO - 
****************************************************************************************************
2026-10-01 16:00:28,315 - INFO - --- training epoch 82, loss 0.0169, mae 0.1421, rmse 0.1841, time elapsed(min) 0.09---
2026-10-01 16:00:28,739 - INFO - --- validation at epoch 82, val_loss 0.0168, val_mae 0.1440, val_rmse 0.1855, val_r2 0.6172, val_pearson 0.7926, lr 1.00e-03 ---
2026-10-01 16:00:28,739 - INFO - 
****************************************************************************************************
2026-10-01 16:00:34,432 - INFO - --- training epoch 83, loss 0.0172, mae 0.1429, rmse 0.1852, time elapsed(min) 0.09---
2026-10-01 16:00:34,856 - INFO - --- validation at epoch 83, val_loss 0.0165, val_mae 0.1471, val_rmse 0.1855, val_r2 0.6171, val_pearson 0.7931, lr 1.00e-03 ---
2026-10-01 16:00:34,856 - INFO - 
****************************************************************************************************
2026-10-01 16:00:40,701 - INFO - --- training epoch 84, loss 0.0169, mae 0.1420, rmse 0.1836, time elapsed(min) 0.09---
2026-10-01 16:00:41,357 - INFO - --- validation at epoch 84, val_loss 0.0172, val_mae 0.1439, val_rmse 0.1854, val_r2 0.6176, val_pearson 0.7920, lr 1.00e-03 ---
2026-10-01 16:00:41,357 - INFO - 
****************************************************************************************************
2026-10-01 16:00:47,132 - INFO - --- training epoch 85, loss 0.0165, mae 0.1392, rmse 0.1818, time elapsed(min) 0.09---
2026-10-01 16:00:47,596 - INFO - --- validation at epoch 85, val_loss 0.0166, val_mae 0.1426, val_rmse 0.1852, val_r2 0.6181, val_pearson 0.7915, lr 1.00e-03 ---
2026-10-01 16:00:47,596 - INFO - 
****************************************************************************************************
2026-10-01 16:00:53,174 - INFO - --- training epoch 86, loss 0.0169, mae 0.1424, rmse 0.1840, time elapsed(min) 0.09---
2026-10-01 16:00:53,603 - INFO - --- validation at epoch 86, val_loss 0.0163, val_mae 0.1429, val_rmse 0.1832, val_r2 0.6264, val_pearson 0.7971, lr 1.00e-03 ---
2026-10-01 16:00:53,603 - INFO - 
****************************************************************************************************
2026-10-01 16:00:59,367 - INFO - --- training epoch 87, loss 0.0165, mae 0.1392, rmse 0.1817, time elapsed(min) 0.09---
2026-10-01 16:01:00,008 - INFO - --- validation at epoch 87, val_loss 0.0177, val_mae 0.1454, val_rmse 0.1888, val_r2 0.6035, val_pearson 0.7855, lr 1.00e-03 ---
2026-10-01 16:01:00,008 - INFO - 
****************************************************************************************************
2026-10-01 16:01:05,967 - INFO - --- training epoch 88, loss 0.0162, mae 0.1383, rmse 0.1802, time elapsed(min) 0.09---
2026-10-01 16:01:06,412 - INFO - --- validation at epoch 88, val_loss 0.0162, val_mae 0.1417, val_rmse 0.1830, val_r2 0.6274, val_pearson 0.7946, lr 1.00e-03 ---
2026-10-01 16:01:06,412 - INFO - 
****************************************************************************************************
2026-10-01 16:01:12,111 - INFO - --- training epoch 89, loss 0.0171, mae 0.1428, rmse 0.1848, time elapsed(min) 0.09---
2026-10-01 16:01:12,536 - INFO - --- validation at epoch 89, val_loss 0.0168, val_mae 0.1434, val_rmse 0.1850, val_r2 0.6193, val_pearson 0.7937, lr 1.00e-03 ---
2026-10-01 16:01:12,536 - INFO - 
****************************************************************************************************
2026-10-01 16:01:18,145 - INFO - --- training epoch 90, loss 0.0164, mae 0.1387, rmse 0.1813, time elapsed(min) 0.09---
2026-10-01 16:01:18,625 - INFO - --- validation at epoch 90, val_loss 0.0163, val_mae 0.1403, val_rmse 0.1825, val_r2 0.6294, val_pearson 0.7978, lr 1.00e-03 ---
2026-10-01 16:01:18,625 - INFO - 
****************************************************************************************************
2026-10-01 16:01:24,544 - INFO - --- training epoch 91, loss 0.0163, mae 0.1384, rmse 0.1805, time elapsed(min) 0.09---
2026-10-01 16:01:24,968 - INFO - --- validation at epoch 91, val_loss 0.0173, val_mae 0.1443, val_rmse 0.1874, val_r2 0.6090, val_pearson 0.7939, lr 1.00e-03 ---
2026-10-01 16:01:24,968 - INFO - 
****************************************************************************************************
2026-10-01 16:01:30,555 - INFO - --- training epoch 92, loss 0.0164, mae 0.1392, rmse 0.1810, time elapsed(min) 0.09---
2026-10-01 16:01:30,978 - INFO - --- validation at epoch 92, val_loss 0.0160, val_mae 0.1393, val_rmse 0.1805, val_r2 0.6373, val_pearson 0.7993, lr 1.00e-03 ---
2026-10-01 16:01:30,978 - INFO - 
****************************************************************************************************
2026-10-01 16:01:36,707 - INFO - --- training epoch 93, loss 0.0160, mae 0.1375, rmse 0.1790, time elapsed(min) 0.09---
2026-10-01 16:01:37,191 - INFO - --- validation at epoch 93, val_loss 0.0174, val_mae 0.1446, val_rmse 0.1865, val_r2 0.6131, val_pearson 0.8018, lr 1.00e-03 ---
2026-10-01 16:01:37,191 - INFO - 
****************************************************************************************************
2026-10-01 16:01:43,035 - INFO - --- training epoch 94, loss 0.0162, mae 0.1374, rmse 0.1799, time elapsed(min) 0.09---
2026-10-01 16:01:43,472 - INFO - --- validation at epoch 94, val_loss 0.0165, val_mae 0.1436, val_rmse 0.1840, val_r2 0.6233, val_pearson 0.8107, lr 1.00e-03 ---
2026-10-01 16:01:43,472 - INFO - 
****************************************************************************************************
2026-10-01 16:01:49,040 - INFO - --- training epoch 95, loss 0.0162, mae 0.1386, rmse 0.1801, time elapsed(min) 0.09---
2026-10-01 16:01:49,482 - INFO - --- validation at epoch 95, val_loss 0.0166, val_mae 0.1437, val_rmse 0.1815, val_r2 0.6336, val_pearson 0.8058, lr 1.00e-03 ---
2026-10-01 16:01:49,482 - INFO - 
****************************************************************************************************
2026-10-01 16:01:55,073 - INFO - --- training epoch 96, loss 0.0160, mae 0.1377, rmse 0.1788, time elapsed(min) 0.09---
2026-10-01 16:01:55,505 - INFO - --- validation at epoch 96, val_loss 0.0169, val_mae 0.1447, val_rmse 0.1847, val_r2 0.6203, val_pearson 0.8106, lr 1.00e-03 ---
2026-10-01 16:01:55,505 - INFO - 
****************************************************************************************************
2026-10-01 16:02:01,116 - INFO - --- training epoch 97, loss 0.0161, mae 0.1377, rmse 0.1792, time elapsed(min) 0.09---
2026-10-01 16:02:01,750 - INFO - --- validation at epoch 97, val_loss 0.0159, val_mae 0.1419, val_rmse 0.1799, val_r2 0.6397, val_pearson 0.8187, lr 1.00e-03 ---
2026-10-01 16:02:01,750 - INFO - 
****************************************************************************************************
2026-10-01 16:02:07,545 - INFO - --- training epoch 98, loss 0.0165, mae 0.1406, rmse 0.1818, time elapsed(min) 0.09---
2026-10-01 16:02:07,974 - INFO - --- validation at epoch 98, val_loss 0.0157, val_mae 0.1418, val_rmse 0.1800, val_r2 0.6395, val_pearson 0.8182, lr 1.00e-03 ---
2026-10-01 16:02:07,974 - INFO - 
****************************************************************************************************
2026-10-01 16:02:13,647 - INFO - --- training epoch 99, loss 0.0158, mae 0.1365, rmse 0.1777, time elapsed(min) 0.09---
2026-10-01 16:02:14,072 - INFO - --- validation at epoch 99, val_loss 0.0164, val_mae 0.1415, val_rmse 0.1813, val_r2 0.6340, val_pearson 0.8129, lr 1.00e-03 ---
2026-10-01 16:02:14,072 - INFO - 
****************************************************************************************************
2026-10-01 16:02:15,103 - INFO - --- selected checkpoint from epoch 98, val_loss 0.0157, val_mae 0.1418, val_rmse 0.1800
2026-10-01 16:02:16,758 - INFO - -- RESULT
2026-10-01 16:02:16,758 - INFO - --- test size: 1728
2026-10-01 16:02:16,758 - INFO - --- MAE: 0.1377 (13.77 pp), RMSE: 0.1774 (17.74 pp), R2: 0.5930, Pearson: 0.7779
