2026-10-01 12:06:24,064 - INFO - device is	cuda:0
2026-10-01 12:06:24,155 - INFO - -- CONFIGURATIONS
2026-10-01 12:06:24,155 - INFO - --- train/valid/test: 2491/277/1187
2026-10-01 12:06:24,155 - INFO - --- max no. reactants_train, valid, test respectively: 6, 6, 6
2026-10-01 12:06:24,155 - INFO - --- max no. products_train, valid, test respectively: 1, 1, 1
2026-10-01 12:06:24,155 - INFO - --- model_path: ../logs/bh_approach1_grid/runs/bh/fullcv06_split70/ind_mean_mlp/model.pt
2026-10-01 12:06:24,164 - INFO - -- TRAINING
2026-10-01 12:06:24,835 - INFO - --- training epoch 0, loss 25.4852, mae 25.9808, rmse 32.7280, time elapsed(min) 0.01---
2026-10-01 12:06:25,007 - INFO - --- validation at epoch 0, val_loss 24.4654, val_mae 22.7845, val_rmse 28.7800, val_r2 -0.1730, val_pearson -0.3187, lr 1.00e-03 ---
2026-10-01 12:06:25,007 - INFO - 
****************************************************************************************************
2026-10-01 12:06:26,103 - INFO - --- training epoch 1, loss 23.0172, mae 23.5128, rmse 28.3141, time elapsed(min) 0.01---
2026-10-01 12:06:26,264 - INFO - --- validation at epoch 1, val_loss 23.6450, val_mae 22.1768, val_rmse 26.7946, val_r2 -0.0168, val_pearson -0.0416, lr 1.00e-03 ---
2026-10-01 12:06:26,264 - INFO - 
****************************************************************************************************
2026-10-01 12:06:27,377 - INFO - --- training epoch 2, loss 22.3673, mae 22.8640, rmse 27.6240, time elapsed(min) 0.01---
2026-10-01 12:06:27,535 - INFO - --- validation at epoch 2, val_loss 24.1768, val_mae 23.4610, val_rmse 27.7049, val_r2 -0.0870, val_pearson 0.1167, lr 1.00e-03 ---
2026-10-01 12:06:27,535 - INFO - 
****************************************************************************************************
2026-10-01 12:06:28,742 - INFO - --- training epoch 3, loss 22.2253, mae 22.7214, rmse 27.7113, time elapsed(min) 0.01---
2026-10-01 12:06:28,898 - INFO - --- validation at epoch 3, val_loss 23.5527, val_mae 22.4632, val_rmse 26.9959, val_r2 -0.0321, val_pearson 0.1443, lr 1.00e-03 ---
2026-10-01 12:06:28,898 - INFO - 
****************************************************************************************************
2026-10-01 12:06:30,219 - INFO - --- training epoch 4, loss 22.0187, mae 22.5143, rmse 27.4068, time elapsed(min) 0.01---
2026-10-01 12:06:30,379 - INFO - --- validation at epoch 4, val_loss 24.0637, val_mae 23.1409, val_rmse 27.5136, val_r2 -0.0721, val_pearson 0.1077, lr 1.00e-03 ---
2026-10-01 12:06:30,379 - INFO - 
****************************************************************************************************
2026-10-01 12:06:31,612 - INFO - --- training epoch 5, loss 22.0508, mae 22.5475, rmse 27.6622, time elapsed(min) 0.01---
2026-10-01 12:06:31,950 - INFO - --- validation at epoch 5, val_loss 23.8163, val_mae 22.5173, val_rmse 27.3910, val_r2 -0.0625, val_pearson 0.1103, lr 1.00e-03 ---
2026-10-01 12:06:31,950 - INFO - 
****************************************************************************************************
2026-10-01 12:06:33,129 - INFO - --- training epoch 6, loss 21.8225, mae 22.3182, rmse 27.3960, time elapsed(min) 0.01---
2026-10-01 12:06:33,295 - INFO - --- validation at epoch 6, val_loss 23.6929, val_mae 22.5138, val_rmse 27.0277, val_r2 -0.0345, val_pearson 0.1200, lr 1.00e-03 ---
2026-10-01 12:06:33,295 - INFO - 
****************************************************************************************************
2026-10-01 12:06:34,332 - INFO - --- training epoch 7, loss 21.7619, mae 22.2568, rmse 27.2526, time elapsed(min) 0.01---
2026-10-01 12:06:34,503 - INFO - --- validation at epoch 7, val_loss 23.8322, val_mae 22.8418, val_rmse 27.2328, val_r2 -0.0503, val_pearson 0.1281, lr 1.00e-03 ---
2026-10-01 12:06:34,503 - INFO - 
****************************************************************************************************
2026-10-01 12:06:35,713 - INFO - --- training epoch 8, loss 21.9411, mae 22.4373, rmse 27.3315, time elapsed(min) 0.01---
2026-10-01 12:06:35,876 - INFO - --- validation at epoch 8, val_loss 23.6334, val_mae 22.6466, val_rmse 26.8665, val_r2 -0.0222, val_pearson 0.1526, lr 1.00e-03 ---
2026-10-01 12:06:35,876 - INFO - 
****************************************************************************************************
2026-10-01 12:06:37,278 - INFO - --- training epoch 9, loss 22.0338, mae 22.5295, rmse 27.6244, time elapsed(min) 0.02---
2026-10-01 12:06:37,443 - INFO - --- validation at epoch 9, val_loss 23.5392, val_mae 22.0794, val_rmse 27.1988, val_r2 -0.0477, val_pearson 0.1328, lr 1.00e-03 ---
2026-10-01 12:06:37,443 - INFO - 
****************************************************************************************************
2026-10-01 12:06:38,778 - INFO - --- training epoch 10, loss 21.7329, mae 22.2296, rmse 27.1787, time elapsed(min) 0.01---
2026-10-01 12:06:38,943 - INFO - --- validation at epoch 10, val_loss 23.2063, val_mae 22.0751, val_rmse 26.3218, val_r2 0.0188, val_pearson 0.2079, lr 1.00e-03 ---
2026-10-01 12:06:38,943 - INFO - 
****************************************************************************************************
2026-10-01 12:06:40,456 - INFO - --- training epoch 11, loss 21.4854, mae 21.9825, rmse 26.6591, time elapsed(min) 0.02---
2026-10-01 12:06:40,624 - INFO - --- validation at epoch 11, val_loss 23.0675, val_mae 22.6934, val_rmse 26.2240, val_r2 0.0261, val_pearson 0.3585, lr 1.00e-03 ---
2026-10-01 12:06:40,624 - INFO - 
****************************************************************************************************
2026-10-01 12:06:41,745 - INFO - --- training epoch 12, loss 20.7180, mae 21.2135, rmse 25.6827, time elapsed(min) 0.01---
2026-10-01 12:06:41,907 - INFO - --- validation at epoch 12, val_loss 22.5629, val_mae 22.3333, val_rmse 26.9130, val_r2 -0.0258, val_pearson 0.4239, lr 1.00e-03 ---
2026-10-01 12:06:41,908 - INFO - 
****************************************************************************************************
2026-10-01 12:06:43,017 - INFO - --- training epoch 13, loss 21.1215, mae 21.6161, rmse 26.3907, time elapsed(min) 0.01---
2026-10-01 12:06:43,190 - INFO - --- validation at epoch 13, val_loss 22.9390, val_mae 22.8686, val_rmse 27.1246, val_r2 -0.0420, val_pearson 0.4106, lr 1.00e-03 ---
2026-10-01 12:06:43,190 - INFO - 
****************************************************************************************************
2026-10-01 12:06:44,366 - INFO - --- training epoch 14, loss 21.1732, mae 21.6686, rmse 26.4035, time elapsed(min) 0.01---
2026-10-01 12:06:44,533 - INFO - --- validation at epoch 14, val_loss 21.9778, val_mae 21.4243, val_rmse 25.0778, val_r2 0.1094, val_pearson 0.3982, lr 1.00e-03 ---
2026-10-01 12:06:44,533 - INFO - 
****************************************************************************************************
2026-10-01 12:06:45,966 - INFO - --- training epoch 15, loss 20.9964, mae 21.4921, rmse 26.0684, time elapsed(min) 0.02---
2026-10-01 12:06:46,137 - INFO - --- validation at epoch 15, val_loss 21.6673, val_mae 21.0650, val_rmse 24.6140, val_r2 0.1420, val_pearson 0.4157, lr 1.00e-03 ---
2026-10-01 12:06:46,137 - INFO - 
****************************************************************************************************
2026-10-01 12:06:47,482 - INFO - --- training epoch 16, loss 20.3104, mae 20.8059, rmse 25.2900, time elapsed(min) 0.01---
2026-10-01 12:06:47,820 - INFO - --- validation at epoch 16, val_loss 21.5586, val_mae 21.1000, val_rmse 25.1353, val_r2 0.1053, val_pearson 0.4515, lr 1.00e-03 ---
2026-10-01 12:06:47,820 - INFO - 
****************************************************************************************************
2026-10-01 12:06:49,086 - INFO - --- training epoch 17, loss 21.1359, mae 21.6321, rmse 26.4298, time elapsed(min) 0.01---
2026-10-01 12:06:49,254 - INFO - --- validation at epoch 17, val_loss 22.5396, val_mae 21.8478, val_rmse 25.9619, val_r2 0.0455, val_pearson 0.3526, lr 1.00e-03 ---
2026-10-01 12:06:49,254 - INFO - 
****************************************************************************************************
2026-10-01 12:06:50,307 - INFO - --- training epoch 18, loss 21.1209, mae 21.6177, rmse 25.7467, time elapsed(min) 0.01---
2026-10-01 12:06:50,478 - INFO - --- validation at epoch 18, val_loss 22.0435, val_mae 21.1745, val_rmse 24.8332, val_r2 0.1267, val_pearson 0.3906, lr 1.00e-03 ---
2026-10-01 12:06:50,478 - INFO - 
****************************************************************************************************
2026-10-01 12:06:51,674 - INFO - --- training epoch 19, loss 20.6584, mae 21.1540, rmse 25.4585, time elapsed(min) 0.01---
2026-10-01 12:06:51,843 - INFO - --- validation at epoch 19, val_loss 21.9977, val_mae 20.7566, val_rmse 24.5680, val_r2 0.1452, val_pearson 0.3911, lr 1.00e-03 ---
2026-10-01 12:06:51,843 - INFO - 
****************************************************************************************************
2026-10-01 12:06:53,237 - INFO - --- training epoch 20, loss 20.3455, mae 20.8409, rmse 25.0932, time elapsed(min) 0.02---
2026-10-01 12:06:53,403 - INFO - --- validation at epoch 20, val_loss 21.9168, val_mae 21.2030, val_rmse 25.1995, val_r2 0.1007, val_pearson 0.4164, lr 1.00e-03 ---
2026-10-01 12:06:53,403 - INFO - 
****************************************************************************************************
2026-10-01 12:06:54,651 - INFO - --- training epoch 21, loss 20.3214, mae 20.8176, rmse 25.2751, time elapsed(min) 0.01---
2026-10-01 12:06:54,820 - INFO - --- validation at epoch 21, val_loss 21.7976, val_mae 20.9804, val_rmse 25.1501, val_r2 0.1042, val_pearson 0.4181, lr 1.00e-03 ---
2026-10-01 12:06:54,820 - INFO - 
****************************************************************************************************
2026-10-01 12:06:56,022 - INFO - --- training epoch 22, loss 20.3351, mae 20.8315, rmse 25.3148, time elapsed(min) 0.01---
2026-10-01 12:06:56,187 - INFO - --- validation at epoch 22, val_loss 21.9816, val_mae 21.4321, val_rmse 25.8440, val_r2 0.0541, val_pearson 0.4188, lr 1.00e-03 ---
2026-10-01 12:06:56,187 - INFO - 
****************************************************************************************************
2026-10-01 12:06:57,236 - INFO - --- training epoch 23, loss 20.5232, mae 21.0196, rmse 25.5713, time elapsed(min) 0.01---
2026-10-01 12:06:57,400 - INFO - --- validation at epoch 23, val_loss 22.0478, val_mae 20.9824, val_rmse 25.0897, val_r2 0.1085, val_pearson 0.3957, lr 1.00e-03 ---
2026-10-01 12:06:57,400 - INFO - 
****************************************************************************************************
2026-10-01 12:06:58,785 - INFO - --- training epoch 24, loss 20.2106, mae 20.7066, rmse 25.2009, time elapsed(min) 0.02---
2026-10-01 12:06:58,962 - INFO - --- validation at epoch 24, val_loss 21.6379, val_mae 20.6683, val_rmse 24.9423, val_r2 0.1190, val_pearson 0.4256, lr 1.00e-03 ---
2026-10-01 12:06:58,962 - INFO - 
****************************************************************************************************
2026-10-01 12:07:00,218 - INFO - --- training epoch 25, loss 20.2475, mae 20.7419, rmse 25.1592, time elapsed(min) 0.01---
2026-10-01 12:07:00,380 - INFO - --- validation at epoch 25, val_loss 20.9946, val_mae 19.9043, val_rmse 23.3988, val_r2 0.2246, val_pearson 0.4757, lr 1.00e-03 ---
2026-10-01 12:07:00,380 - INFO - 
****************************************************************************************************
2026-10-01 12:07:01,719 - INFO - --- training epoch 26, loss 21.7181, mae 22.2144, rmse 26.7000, time elapsed(min) 0.01---
2026-10-01 12:07:01,882 - INFO - --- validation at epoch 26, val_loss 22.0129, val_mae 20.6396, val_rmse 24.7980, val_r2 0.1291, val_pearson 0.4236, lr 1.00e-03 ---
2026-10-01 12:07:01,882 - INFO - 
****************************************************************************************************
2026-10-01 12:07:03,098 - INFO - --- training epoch 27, loss 21.8049, mae 22.3013, rmse 27.0372, time elapsed(min) 0.01---
2026-10-01 12:07:03,264 - INFO - --- validation at epoch 27, val_loss 23.2084, val_mae 21.7797, val_rmse 25.9195, val_r2 0.0486, val_pearson 0.2700, lr 1.00e-03 ---
2026-10-01 12:07:03,264 - INFO - 
****************************************************************************************************
2026-10-01 12:07:04,339 - INFO - --- training epoch 28, loss 23.0119, mae 23.5093, rmse 28.3772, time elapsed(min) 0.01---
2026-10-01 12:07:04,508 - INFO - --- validation at epoch 28, val_loss 23.5063, val_mae 22.3489, val_rmse 26.3311, val_r2 0.0181, val_pearson 0.1647, lr 1.00e-03 ---
2026-10-01 12:07:04,508 - INFO - 
****************************************************************************************************
2026-10-01 12:07:05,780 - INFO - --- training epoch 29, loss 22.9636, mae 23.4614, rmse 28.1791, time elapsed(min) 0.01---
2026-10-01 12:07:05,943 - INFO - --- validation at epoch 29, val_loss 23.2285, val_mae 21.9609, val_rmse 25.9279, val_r2 0.0480, val_pearson 0.2871, lr 1.00e-03 ---
2026-10-01 12:07:05,943 - INFO - 
****************************************************************************************************
2026-10-01 12:07:07,229 - INFO - --- training epoch 30, loss 22.5157, mae 23.0117, rmse 27.3108, time elapsed(min) 0.02---
2026-10-01 12:07:07,405 - INFO - --- validation at epoch 30, val_loss 23.1854, val_mae 22.1165, val_rmse 26.1463, val_r2 0.0319, val_pearson 0.2016, lr 1.00e-03 ---
2026-10-01 12:07:07,405 - INFO - 
****************************************************************************************************
2026-10-01 12:07:08,665 - INFO - --- training epoch 31, loss 22.2675, mae 22.7643, rmse 27.2475, time elapsed(min) 0.01---
2026-10-01 12:07:08,828 - INFO - --- validation at epoch 31, val_loss 22.9912, val_mae 21.8190, val_rmse 25.8944, val_r2 0.0504, val_pearson 0.2460, lr 1.00e-03 ---
2026-10-01 12:07:08,828 - INFO - 
****************************************************************************************************
2026-10-01 12:07:10,038 - INFO - --- training epoch 32, loss 22.2601, mae 22.7568, rmse 27.1379, time elapsed(min) 0.01---
2026-10-01 12:07:10,205 - INFO - --- validation at epoch 32, val_loss 23.1706, val_mae 21.9714, val_rmse 26.4729, val_r2 0.0075, val_pearson 0.1971, lr 1.00e-03 ---
2026-10-01 12:07:10,206 - INFO - 
****************************************************************************************************
2026-10-01 12:07:11,262 - INFO - --- training epoch 33, loss 22.0707, mae 22.5680, rmse 26.8745, time elapsed(min) 0.01---
2026-10-01 12:07:11,431 - INFO - --- validation at epoch 33, val_loss 23.0679, val_mae 21.7291, val_rmse 26.3909, val_r2 0.0137, val_pearson 0.2558, lr 1.00e-03 ---
2026-10-01 12:07:11,431 - INFO - 
****************************************************************************************************
2026-10-01 12:07:12,497 - INFO - --- training epoch 34, loss 21.9711, mae 22.4679, rmse 26.7062, time elapsed(min) 0.01---
2026-10-01 12:07:12,660 - INFO - --- validation at epoch 34, val_loss 23.0725, val_mae 22.3872, val_rmse 25.8833, val_r2 0.0512, val_pearson 0.2902, lr 1.00e-03 ---
2026-10-01 12:07:12,660 - INFO - 
****************************************************************************************************
2026-10-01 12:07:13,921 - INFO - --- training epoch 35, loss 21.6908, mae 22.1882, rmse 26.2447, time elapsed(min) 0.01---
2026-10-01 12:07:14,085 - INFO - --- validation at epoch 35, val_loss 22.8054, val_mae 21.9333, val_rmse 25.7703, val_r2 0.0595, val_pearson 0.2928, lr 1.00e-03 ---
2026-10-01 12:07:14,086 - INFO - 
****************************************************************************************************
2026-10-01 12:07:14,475 - INFO - --- early stopping at epoch 35: val_loss did not improve for 10 epochs ---
2026-10-01 12:07:14,671 - INFO - --- selected checkpoint from epoch 25, val_loss 20.9946, val_mae 19.9043, val_rmse 23.3988
2026-10-01 12:07:15,280 - INFO - -- RESULT
2026-10-01 12:07:15,280 - INFO - --- test size: 1187
2026-10-01 12:07:15,280 - INFO - --- MAE: 20.0707 pp, RMSE: 24.1732 pp, R2: 0.2047, Pearson: 0.4596
2026-10-01 12:07:16,333 - INFO - --- Cell ind_mean_mlp DONE: test MAE=20.0707 RMSE=24.1732 R2=0.2047 | sec/epoch=1.40
2026-10-01 12:07:16,347 - INFO - === RUNNING: dataset=bh split=fullcv07_split70 cell=current_model (tokens=ind, pooling=mean, head=linear) ===
