2026-10-01 12:38:21,219 - INFO - device is	cuda:0
2026-10-01 12:38:21,298 - INFO - -- CONFIGURATIONS
2026-10-01 12:38:21,298 - INFO - --- train/valid/test: 2491/277/1187
2026-10-01 12:38:21,298 - INFO - --- max no. reactants_train, valid, test respectively: 6, 6, 6
2026-10-01 12:38:21,298 - INFO - --- max no. products_train, valid, test respectively: 1, 1, 1
2026-10-01 12:38:21,298 - INFO - --- model_path: ../logs/approach1_server/ind_mean_mlp/bh/runs/fullcv06_split70/model.pt
2026-10-01 12:38:21,306 - INFO - -- TRAINING
2026-10-01 12:38:21,811 - INFO - --- training epoch 0, loss 25.5290, mae 26.0257, rmse 32.7725, time elapsed(min) 0.01---
2026-10-01 12:38:21,960 - INFO - --- validation at epoch 0, val_loss 24.3074, val_mae 22.6576, val_rmse 28.4484, val_r2 -0.1461, val_pearson -0.3067, lr 1.00e-03 ---
2026-10-01 12:38:21,960 - INFO - 
****************************************************************************************************
2026-10-01 12:38:22,900 - INFO - --- training epoch 1, loss 22.8626, mae 23.3588, rmse 28.2316, time elapsed(min) 0.01---
2026-10-01 12:38:23,050 - INFO - --- validation at epoch 1, val_loss 23.6034, val_mae 22.2183, val_rmse 26.7981, val_r2 -0.0170, val_pearson 0.1071, lr 1.00e-03 ---
2026-10-01 12:38:23,051 - INFO - 
****************************************************************************************************
2026-10-01 12:38:24,038 - INFO - --- training epoch 2, loss 22.1354, mae 22.6312, rmse 27.5247, time elapsed(min) 0.01---
2026-10-01 12:38:24,192 - INFO - --- validation at epoch 2, val_loss 23.8821, val_mae 22.8737, val_rmse 27.2912, val_r2 -0.0548, val_pearson 0.1128, lr 1.00e-03 ---
2026-10-01 12:38:24,192 - INFO - 
****************************************************************************************************
2026-10-01 12:38:25,107 - INFO - --- training epoch 3, loss 21.9653, mae 22.4614, rmse 27.4421, time elapsed(min) 0.01---
2026-10-01 12:38:25,237 - INFO - --- validation at epoch 3, val_loss 23.9268, val_mae 22.8493, val_rmse 27.3265, val_r2 -0.0575, val_pearson 0.1029, lr 1.00e-03 ---
2026-10-01 12:38:25,237 - INFO - 
****************************************************************************************************
2026-10-01 12:38:26,197 - INFO - --- training epoch 4, loss 21.9819, mae 22.4782, rmse 27.5495, time elapsed(min) 0.01---
2026-10-01 12:38:26,514 - INFO - --- validation at epoch 4, val_loss 23.9188, val_mae 22.6884, val_rmse 27.5427, val_r2 -0.0743, val_pearson 0.1096, lr 1.00e-03 ---
2026-10-01 12:38:26,515 - INFO - 
****************************************************************************************************
2026-10-01 12:38:27,393 - INFO - --- training epoch 5, loss 21.8888, mae 22.3839, rmse 27.3795, time elapsed(min) 0.01---
2026-10-01 12:38:27,532 - INFO - --- validation at epoch 5, val_loss 23.7178, val_mae 22.5350, val_rmse 26.9561, val_r2 -0.0290, val_pearson 0.1153, lr 1.00e-03 ---
2026-10-01 12:38:27,533 - INFO - 
****************************************************************************************************
2026-10-01 12:38:28,294 - INFO - --- training epoch 6, loss 21.8015, mae 22.2980, rmse 27.3799, time elapsed(min) 0.01---
2026-10-01 12:38:28,438 - INFO - --- validation at epoch 6, val_loss 23.9865, val_mae 23.0507, val_rmse 27.2773, val_r2 -0.0537, val_pearson 0.1147, lr 1.00e-03 ---
2026-10-01 12:38:28,438 - INFO - 
****************************************************************************************************
2026-10-01 12:38:29,331 - INFO - --- training epoch 7, loss 21.8610, mae 22.3570, rmse 27.3816, time elapsed(min) 0.01---
2026-10-01 12:38:29,473 - INFO - --- validation at epoch 7, val_loss 23.6938, val_mae 22.4910, val_rmse 27.1192, val_r2 -0.0415, val_pearson 0.1241, lr 1.00e-03 ---
2026-10-01 12:38:29,474 - INFO - 
****************************************************************************************************
2026-10-01 12:38:30,416 - INFO - --- training epoch 8, loss 21.8836, mae 22.3790, rmse 27.3475, time elapsed(min) 0.01---
2026-10-01 12:38:30,552 - INFO - --- validation at epoch 8, val_loss 23.5676, val_mae 22.3267, val_rmse 26.9486, val_r2 -0.0285, val_pearson 0.1390, lr 1.00e-03 ---
2026-10-01 12:38:30,552 - INFO - 
****************************************************************************************************
2026-10-01 12:38:31,580 - INFO - --- training epoch 9, loss 21.7369, mae 22.2332, rmse 27.1243, time elapsed(min) 0.01---
2026-10-01 12:38:31,735 - INFO - --- validation at epoch 9, val_loss 23.4838, val_mae 22.6050, val_rmse 26.2870, val_r2 0.0214, val_pearson 0.2209, lr 1.00e-03 ---
2026-10-01 12:38:31,735 - INFO - 
****************************************************************************************************
2026-10-01 12:38:32,714 - INFO - --- training epoch 10, loss 21.8106, mae 22.3062, rmse 26.8908, time elapsed(min) 0.01---
2026-10-01 12:38:32,855 - INFO - --- validation at epoch 10, val_loss 24.5386, val_mae 22.7681, val_rmse 29.5020, val_r2 -0.2326, val_pearson 0.2803, lr 1.00e-03 ---
2026-10-01 12:38:32,855 - INFO - 
****************************************************************************************************
2026-10-01 12:38:33,635 - INFO - --- training epoch 11, loss 22.3193, mae 22.8156, rmse 27.4427, time elapsed(min) 0.01---
2026-10-01 12:38:33,781 - INFO - --- validation at epoch 11, val_loss 22.8956, val_mae 21.5404, val_rmse 25.3762, val_r2 0.0880, val_pearson 0.3408, lr 1.00e-03 ---
2026-10-01 12:38:33,781 - INFO - 
****************************************************************************************************
2026-10-01 12:38:34,623 - INFO - --- training epoch 12, loss 22.0396, mae 22.5372, rmse 26.6696, time elapsed(min) 0.01---
2026-10-01 12:38:34,759 - INFO - --- validation at epoch 12, val_loss 22.5158, val_mae 21.3351, val_rmse 24.9427, val_r2 0.1189, val_pearson 0.3483, lr 1.00e-03 ---
2026-10-01 12:38:34,759 - INFO - 
****************************************************************************************************
2026-10-01 12:38:35,881 - INFO - --- training epoch 13, loss 21.8671, mae 22.3639, rmse 26.3212, time elapsed(min) 0.01---
2026-10-01 12:38:36,024 - INFO - --- validation at epoch 13, val_loss 22.1595, val_mae 21.2009, val_rmse 24.9973, val_r2 0.1151, val_pearson 0.3636, lr 1.00e-03 ---
2026-10-01 12:38:36,025 - INFO - 
****************************************************************************************************
2026-10-01 12:38:37,047 - INFO - --- training epoch 14, loss 21.5001, mae 21.9964, rmse 26.2773, time elapsed(min) 0.01---
2026-10-01 12:38:37,195 - INFO - --- validation at epoch 14, val_loss 22.0958, val_mae 21.8077, val_rmse 27.2028, val_r2 -0.0480, val_pearson 0.3836, lr 1.00e-03 ---
2026-10-01 12:38:37,195 - INFO - 
****************************************************************************************************
2026-10-01 12:38:38,376 - INFO - --- training epoch 15, loss 21.5526, mae 22.0478, rmse 26.8467, time elapsed(min) 0.01---
2026-10-01 12:38:38,518 - INFO - --- validation at epoch 15, val_loss 20.8563, val_mae 20.1710, val_rmse 24.7296, val_r2 0.1339, val_pearson 0.4481, lr 1.00e-03 ---
2026-10-01 12:38:38,518 - INFO - 
****************************************************************************************************
2026-10-01 12:38:39,385 - INFO - --- training epoch 16, loss 20.8674, mae 21.3636, rmse 25.8073, time elapsed(min) 0.01---
2026-10-01 12:38:39,530 - INFO - --- validation at epoch 16, val_loss 21.8153, val_mae 21.7552, val_rmse 27.6370, val_r2 -0.0817, val_pearson 0.4270, lr 1.00e-03 ---
2026-10-01 12:38:39,530 - INFO - 
****************************************************************************************************
2026-10-01 12:38:40,434 - INFO - --- training epoch 17, loss 21.3027, mae 21.7985, rmse 26.8211, time elapsed(min) 0.01---
2026-10-01 12:38:40,583 - INFO - --- validation at epoch 17, val_loss 19.6339, val_mae 19.0369, val_rmse 23.2669, val_r2 0.2333, val_pearson 0.5118, lr 1.00e-03 ---
2026-10-01 12:38:40,583 - INFO - 
****************************************************************************************************
2026-10-01 12:38:41,585 - INFO - --- training epoch 18, loss 20.2356, mae 20.7315, rmse 25.4383, time elapsed(min) 0.01---
2026-10-01 12:38:41,730 - INFO - --- validation at epoch 18, val_loss 20.7034, val_mae 19.7635, val_rmse 23.0841, val_r2 0.2453, val_pearson 0.5246, lr 1.00e-03 ---
2026-10-01 12:38:41,730 - INFO - 
****************************************************************************************************
2026-10-01 12:38:42,678 - INFO - --- training epoch 19, loss 19.6467, mae 20.1412, rmse 24.8160, time elapsed(min) 0.01---
2026-10-01 12:38:42,829 - INFO - --- validation at epoch 19, val_loss 18.7635, val_mae 18.2401, val_rmse 21.9138, val_r2 0.3199, val_pearson 0.5734, lr 1.00e-03 ---
2026-10-01 12:38:42,829 - INFO - 
****************************************************************************************************
2026-10-01 12:38:43,856 - INFO - --- training epoch 20, loss 19.1150, mae 19.6101, rmse 24.3440, time elapsed(min) 0.01---
2026-10-01 12:38:44,159 - INFO - --- validation at epoch 20, val_loss 18.1758, val_mae 17.8764, val_rmse 21.7295, val_r2 0.3313, val_pearson 0.5963, lr 1.00e-03 ---
2026-10-01 12:38:44,159 - INFO - 
****************************************************************************************************
2026-10-01 12:38:45,125 - INFO - --- training epoch 21, loss 18.4927, mae 18.9867, rmse 23.9402, time elapsed(min) 0.01---
2026-10-01 12:38:45,266 - INFO - --- validation at epoch 21, val_loss 17.9856, val_mae 17.2992, val_rmse 22.2508, val_r2 0.2989, val_pearson 0.5864, lr 1.00e-03 ---
2026-10-01 12:38:45,266 - INFO - 
****************************************************************************************************
2026-10-01 12:38:46,116 - INFO - --- training epoch 22, loss 19.4099, mae 19.9057, rmse 25.1327, time elapsed(min) 0.01---
2026-10-01 12:38:46,254 - INFO - --- validation at epoch 22, val_loss 19.8448, val_mae 19.0602, val_rmse 24.4644, val_r2 0.1524, val_pearson 0.5059, lr 1.00e-03 ---
2026-10-01 12:38:46,254 - INFO - 
****************************************************************************************************
2026-10-01 12:38:47,177 - INFO - --- training epoch 23, loss 18.8017, mae 19.2972, rmse 24.5234, time elapsed(min) 0.01---
2026-10-01 12:38:47,317 - INFO - --- validation at epoch 23, val_loss 19.1229, val_mae 18.3922, val_rmse 22.5556, val_r2 0.2795, val_pearson 0.5827, lr 1.00e-03 ---
2026-10-01 12:38:47,317 - INFO - 
****************************************************************************************************
2026-10-01 12:38:48,386 - INFO - --- training epoch 24, loss 18.7361, mae 19.2310, rmse 23.8216, time elapsed(min) 0.01---
2026-10-01 12:38:48,536 - INFO - --- validation at epoch 24, val_loss 17.8793, val_mae 17.1533, val_rmse 21.4682, val_r2 0.3473, val_pearson 0.5963, lr 1.00e-03 ---
2026-10-01 12:38:48,536 - INFO - 
****************************************************************************************************
2026-10-01 12:38:49,574 - INFO - --- training epoch 25, loss 18.5872, mae 19.0815, rmse 23.9058, time elapsed(min) 0.01---
2026-10-01 12:38:49,718 - INFO - --- validation at epoch 25, val_loss 18.5233, val_mae 17.7220, val_rmse 21.9486, val_r2 0.3178, val_pearson 0.5938, lr 1.00e-03 ---
2026-10-01 12:38:49,718 - INFO - 
****************************************************************************************************
2026-10-01 12:38:50,618 - INFO - --- training epoch 26, loss 19.9603, mae 20.4553, rmse 25.3587, time elapsed(min) 0.01---
2026-10-01 12:38:50,766 - INFO - --- validation at epoch 26, val_loss 20.4011, val_mae 20.5350, val_rmse 25.8859, val_r2 0.0510, val_pearson 0.5265, lr 1.00e-03 ---
2026-10-01 12:38:50,767 - INFO - 
****************************************************************************************************
2026-10-01 12:38:51,555 - INFO - --- training epoch 27, loss 21.6994, mae 22.1950, rmse 27.3758, time elapsed(min) 0.01---
2026-10-01 12:38:51,697 - INFO - --- validation at epoch 27, val_loss 21.4465, val_mae 20.5266, val_rmse 23.9900, val_r2 0.1850, val_pearson 0.5095, lr 1.00e-03 ---
2026-10-01 12:38:51,697 - INFO - 
****************************************************************************************************
2026-10-01 12:38:52,637 - INFO - --- training epoch 28, loss 19.7883, mae 20.2836, rmse 25.3287, time elapsed(min) 0.01---
2026-10-01 12:38:52,780 - INFO - --- validation at epoch 28, val_loss 18.6121, val_mae 18.0488, val_rmse 22.2645, val_r2 0.2980, val_pearson 0.5514, lr 1.00e-03 ---
2026-10-01 12:38:52,780 - INFO - 
****************************************************************************************************
2026-10-01 12:38:53,720 - INFO - --- training epoch 29, loss 18.9533, mae 19.4479, rmse 24.4552, time elapsed(min) 0.01---
2026-10-01 12:38:53,859 - INFO - --- validation at epoch 29, val_loss 20.3260, val_mae 19.1372, val_rmse 22.8081, val_r2 0.2633, val_pearson 0.5417, lr 1.00e-03 ---
2026-10-01 12:38:53,859 - INFO - 
****************************************************************************************************
2026-10-01 12:38:54,790 - INFO - --- training epoch 30, loss 19.7639, mae 20.2592, rmse 25.2610, time elapsed(min) 0.01---
2026-10-01 12:38:54,943 - INFO - --- validation at epoch 30, val_loss 19.4245, val_mae 18.1162, val_rmse 22.8968, val_r2 0.2575, val_pearson 0.5589, lr 1.00e-03 ---
2026-10-01 12:38:54,943 - INFO - 
****************************************************************************************************
2026-10-01 12:38:55,842 - INFO - --- training epoch 31, loss 19.5350, mae 20.0300, rmse 25.3573, time elapsed(min) 0.01---
2026-10-01 12:38:55,983 - INFO - --- validation at epoch 31, val_loss 20.4678, val_mae 19.9850, val_rmse 24.6601, val_r2 0.1388, val_pearson 0.5028, lr 1.00e-03 ---
2026-10-01 12:38:55,983 - INFO - 
****************************************************************************************************
2026-10-01 12:38:56,770 - INFO - --- training epoch 32, loss 20.3413, mae 20.8386, rmse 25.2746, time elapsed(min) 0.01---
2026-10-01 12:38:56,909 - INFO - --- validation at epoch 32, val_loss 19.2008, val_mae 18.9355, val_rmse 23.3351, val_r2 0.2288, val_pearson 0.5240, lr 1.00e-03 ---
2026-10-01 12:38:56,909 - INFO - 
****************************************************************************************************
2026-10-01 12:38:57,698 - INFO - --- training epoch 33, loss 18.9931, mae 19.4882, rmse 24.2368, time elapsed(min) 0.01---
2026-10-01 12:38:57,838 - INFO - --- validation at epoch 33, val_loss 18.5642, val_mae 17.7134, val_rmse 22.9324, val_r2 0.2552, val_pearson 0.5784, lr 1.00e-03 ---
2026-10-01 12:38:57,838 - INFO - 
****************************************************************************************************
2026-10-01 12:38:58,776 - INFO - --- training epoch 34, loss 19.5309, mae 20.0260, rmse 25.3621, time elapsed(min) 0.01---
2026-10-01 12:38:58,922 - INFO - --- validation at epoch 34, val_loss 18.9714, val_mae 17.7806, val_rmse 22.8636, val_r2 0.2597, val_pearson 0.5499, lr 1.00e-03 ---
2026-10-01 12:38:58,923 - INFO - 
****************************************************************************************************
2026-10-01 12:38:59,204 - INFO - --- early stopping at epoch 34: val_loss did not improve for 10 epochs ---
2026-10-01 12:38:59,375 - INFO - --- selected checkpoint from epoch 24, val_loss 17.8793, val_mae 17.1533, val_rmse 21.4682
2026-10-01 12:38:59,877 - INFO - -- RESULT
2026-10-01 12:38:59,877 - INFO - --- test size: 1187
2026-10-01 12:38:59,877 - INFO - --- MAE: 18.4139 pp, RMSE: 22.7704 pp, R2: 0.2944, Pearson: 0.5511
2026-10-01 12:38:59,878 - INFO - --- fullcv06_split70: MAE 18.41389590208501, RMSE 22.770378799860733, R2 0.29436738449803146
2026-10-01 12:38:59,888 - INFO - --- training fullcv07_split70 (npz/bh/fullcv07_split70)
