2026-10-01 15:43:37,293 - INFO - device is	cuda:0
2026-10-01 15:43:37,402 - INFO - -- CONFIGURATIONS
2026-10-01 15:43:37,402 - INFO - --- train/valid/test: 3628/404/1728
2026-10-01 15:43:37,402 - INFO - --- max no. reactants_train, valid, test respectively: 14, 14, 14
2026-10-01 15:43:37,402 - INFO - --- max no. products_train, valid, test respectively: 1, 1, 1
2026-10-01 15:43:37,402 - INFO - --- model_path: ../logs/approach1_server/approach_2/suzuki/runs/suzuki_split_8_20261001_154337/split_8/model.pt
2026-10-01 15:43:37,499 - INFO - -- TRAINING
2026-10-01 15:43:39,654 - INFO - --- training epoch 0, loss 0.6690, mae 0.9579, rmse 2.6141, time elapsed(min) 0.04---
2026-10-01 15:43:40,090 - INFO - --- validation at epoch 0, val_loss 0.0378, val_mae 0.2378, val_rmse 0.2787, val_r2 -0.0032, val_pearson 0.1534, lr 1.00e-03 ---
2026-10-01 15:43:40,090 - INFO - 
****************************************************************************************************
2026-10-01 15:43:42,459 - INFO - --- training epoch 1, loss 0.0438, mae 0.2507, rmse 0.2960, time elapsed(min) 0.03---
2026-10-01 15:43:42,712 - INFO - --- validation at epoch 1, val_loss 0.0384, val_mae 0.2380, val_rmse 0.2806, val_r2 -0.0175, val_pearson 0.1347, lr 1.00e-03 ---
2026-10-01 15:43:42,712 - INFO - 
****************************************************************************************************
2026-10-01 15:43:44,856 - INFO - --- training epoch 2, loss 0.0404, mae 0.2438, rmse 0.2843, time elapsed(min) 0.03---
2026-10-01 15:43:45,123 - INFO - --- validation at epoch 2, val_loss 0.0377, val_mae 0.2464, val_rmse 0.2796, val_r2 -0.0104, val_pearson 0.1626, lr 1.00e-03 ---
2026-10-01 15:43:45,123 - INFO - 
****************************************************************************************************
2026-10-01 15:43:47,456 - INFO - --- training epoch 3, loss 0.0389, mae 0.2398, rmse 0.2791, time elapsed(min) 0.03---
2026-10-01 15:43:47,892 - INFO - --- validation at epoch 3, val_loss 0.0362, val_mae 0.2384, val_rmse 0.2737, val_r2 0.0323, val_pearson 0.1905, lr 1.00e-03 ---
2026-10-01 15:43:47,892 - INFO - 
****************************************************************************************************
2026-10-01 15:43:50,357 - INFO - --- training epoch 4, loss 0.0382, mae 0.2370, rmse 0.2765, time elapsed(min) 0.03---
2026-10-01 15:43:50,608 - INFO - --- validation at epoch 4, val_loss 0.0362, val_mae 0.2358, val_rmse 0.2733, val_r2 0.0351, val_pearson 0.2121, lr 1.00e-03 ---
2026-10-01 15:43:50,608 - INFO - 
****************************************************************************************************
2026-10-01 15:43:52,841 - INFO - --- training epoch 5, loss 0.0386, mae 0.2367, rmse 0.2778, time elapsed(min) 0.03---
2026-10-01 15:43:53,088 - INFO - --- validation at epoch 5, val_loss 0.0389, val_mae 0.2337, val_rmse 0.2818, val_r2 -0.0261, val_pearson 0.2177, lr 1.00e-03 ---
2026-10-01 15:43:53,088 - INFO - 
****************************************************************************************************
2026-10-01 15:43:55,247 - INFO - --- training epoch 6, loss 0.0384, mae 0.2368, rmse 0.2770, time elapsed(min) 0.03---
2026-10-01 15:43:55,661 - INFO - --- validation at epoch 6, val_loss 0.0367, val_mae 0.2332, val_rmse 0.2745, val_r2 0.0268, val_pearson 0.2235, lr 1.00e-03 ---
2026-10-01 15:43:55,662 - INFO - 
****************************************************************************************************
2026-10-01 15:43:58,174 - INFO - --- training epoch 7, loss 0.0380, mae 0.2360, rmse 0.2756, time elapsed(min) 0.04---
2026-10-01 15:43:58,424 - INFO - --- validation at epoch 7, val_loss 0.0392, val_mae 0.2318, val_rmse 0.2824, val_r2 -0.0303, val_pearson 0.2343, lr 1.00e-03 ---
2026-10-01 15:43:58,424 - INFO - 
****************************************************************************************************
2026-10-01 15:44:00,609 - INFO - --- training epoch 8, loss 0.0377, mae 0.2349, rmse 0.2747, time elapsed(min) 0.03---
2026-10-01 15:44:00,863 - INFO - --- validation at epoch 8, val_loss 0.0408, val_mae 0.2323, val_rmse 0.2871, val_r2 -0.0653, val_pearson 0.2478, lr 1.00e-03 ---
2026-10-01 15:44:00,863 - INFO - 
****************************************************************************************************
2026-10-01 15:44:03,066 - INFO - --- training epoch 9, loss 0.0367, mae 0.2303, rmse 0.2709, time elapsed(min) 0.03---
2026-10-01 15:44:03,323 - INFO - --- validation at epoch 9, val_loss 0.0354, val_mae 0.2273, val_rmse 0.2666, val_r2 0.0819, val_pearson 0.2870, lr 1.00e-03 ---
2026-10-01 15:44:03,323 - INFO - 
****************************************************************************************************
2026-10-01 15:44:05,762 - INFO - --- training epoch 10, loss 0.0355, mae 0.2225, rmse 0.2663, time elapsed(min) 0.03---
2026-10-01 15:44:06,230 - INFO - --- validation at epoch 10, val_loss 0.0377, val_mae 0.2221, val_rmse 0.2736, val_r2 0.0331, val_pearson 0.3106, lr 1.00e-03 ---
2026-10-01 15:44:06,230 - INFO - 
****************************************************************************************************
2026-10-01 15:44:08,593 - INFO - --- training epoch 11, loss 0.0346, mae 0.2196, rmse 0.2631, time elapsed(min) 0.03---
2026-10-01 15:44:08,844 - INFO - --- validation at epoch 11, val_loss 0.0384, val_mae 0.2204, val_rmse 0.2754, val_r2 0.0198, val_pearson 0.3100, lr 1.00e-03 ---
2026-10-01 15:44:08,844 - INFO - 
****************************************************************************************************
2026-10-01 15:44:11,099 - INFO - --- training epoch 12, loss 0.0346, mae 0.2177, rmse 0.2629, time elapsed(min) 0.03---
2026-10-01 15:44:11,350 - INFO - --- validation at epoch 12, val_loss 0.0352, val_mae 0.2215, val_rmse 0.2649, val_r2 0.0933, val_pearson 0.3170, lr 1.00e-03 ---
2026-10-01 15:44:11,350 - INFO - 
****************************************************************************************************
2026-10-01 15:44:13,736 - INFO - --- training epoch 13, loss 0.0346, mae 0.2181, rmse 0.2632, time elapsed(min) 0.03---
2026-10-01 15:44:14,226 - INFO - --- validation at epoch 13, val_loss 0.0386, val_mae 0.2190, val_rmse 0.2756, val_r2 0.0187, val_pearson 0.3142, lr 1.00e-03 ---
2026-10-01 15:44:14,226 - INFO - 
****************************************************************************************************
2026-10-01 15:44:16,592 - INFO - --- training epoch 14, loss 0.0344, mae 0.2176, rmse 0.2622, time elapsed(min) 0.03---
2026-10-01 15:44:16,838 - INFO - --- validation at epoch 14, val_loss 0.0394, val_mae 0.2220, val_rmse 0.2786, val_r2 -0.0026, val_pearson 0.2962, lr 1.00e-03 ---
2026-10-01 15:44:16,838 - INFO - 
****************************************************************************************************
2026-10-01 15:44:19,129 - INFO - --- training epoch 15, loss 0.0342, mae 0.2174, rmse 0.2615, time elapsed(min) 0.03---
2026-10-01 15:44:19,381 - INFO - --- validation at epoch 15, val_loss 0.0383, val_mae 0.2191, val_rmse 0.2747, val_r2 0.0249, val_pearson 0.3237, lr 1.00e-03 ---
2026-10-01 15:44:19,381 - INFO - 
****************************************************************************************************
2026-10-01 15:44:21,722 - INFO - --- training epoch 16, loss 0.0345, mae 0.2187, rmse 0.2626, time elapsed(min) 0.03---
2026-10-01 15:44:22,195 - INFO - --- validation at epoch 16, val_loss 0.0384, val_mae 0.2187, val_rmse 0.2748, val_r2 0.0241, val_pearson 0.3201, lr 1.00e-03 ---
2026-10-01 15:44:22,196 - INFO - 
****************************************************************************************************
2026-10-01 15:44:24,721 - INFO - --- training epoch 17, loss 0.0346, mae 0.2182, rmse 0.2631, time elapsed(min) 0.03---
2026-10-01 15:44:24,974 - INFO - --- validation at epoch 17, val_loss 0.0384, val_mae 0.2202, val_rmse 0.2747, val_r2 0.0250, val_pearson 0.3215, lr 1.00e-03 ---
2026-10-01 15:44:24,974 - INFO - 
****************************************************************************************************
2026-10-01 15:44:27,220 - INFO - --- training epoch 18, loss 0.0342, mae 0.2169, rmse 0.2614, time elapsed(min) 0.03---
2026-10-01 15:44:27,472 - INFO - --- validation at epoch 18, val_loss 0.0384, val_mae 0.2165, val_rmse 0.2719, val_r2 0.0448, val_pearson 0.3256, lr 1.00e-03 ---
2026-10-01 15:44:27,472 - INFO - 
****************************************************************************************************
2026-10-01 15:44:29,818 - INFO - --- training epoch 19, loss 0.0330, mae 0.2105, rmse 0.2568, time elapsed(min) 0.03---
2026-10-01 15:44:30,273 - INFO - --- validation at epoch 19, val_loss 0.0329, val_mae 0.2024, val_rmse 0.2516, val_r2 0.1820, val_pearson 0.4465, lr 1.00e-03 ---
2026-10-01 15:44:30,273 - INFO - 
****************************************************************************************************
2026-10-01 15:44:32,848 - INFO - --- training epoch 20, loss 0.0302, mae 0.1961, rmse 0.2457, time elapsed(min) 0.04---
2026-10-01 15:44:33,098 - INFO - --- validation at epoch 20, val_loss 0.0246, val_mae 0.1731, val_rmse 0.2206, val_r2 0.3713, val_pearson 0.6133, lr 1.00e-03 ---
2026-10-01 15:44:33,099 - INFO - 
****************************************************************************************************
2026-10-01 15:44:35,468 - INFO - --- training epoch 21, loss 0.0262, mae 0.1789, rmse 0.2291, time elapsed(min) 0.03---
2026-10-01 15:44:35,719 - INFO - --- validation at epoch 21, val_loss 0.0243, val_mae 0.1699, val_rmse 0.2204, val_r2 0.3722, val_pearson 0.6361, lr 1.00e-03 ---
2026-10-01 15:44:35,719 - INFO - 
****************************************************************************************************
2026-10-01 15:44:38,108 - INFO - --- training epoch 22, loss 0.0252, mae 0.1757, rmse 0.2247, time elapsed(min) 0.03---
2026-10-01 15:44:38,527 - INFO - --- validation at epoch 22, val_loss 0.0258, val_mae 0.1757, val_rmse 0.2272, val_r2 0.3328, val_pearson 0.6389, lr 1.00e-03 ---
2026-10-01 15:44:38,527 - INFO - 
****************************************************************************************************
2026-10-01 15:44:41,028 - INFO - --- training epoch 23, loss 0.0252, mae 0.1752, rmse 0.2243, time elapsed(min) 0.04---
2026-10-01 15:44:41,472 - INFO - --- validation at epoch 23, val_loss 0.0234, val_mae 0.1687, val_rmse 0.2164, val_r2 0.3952, val_pearson 0.6404, lr 1.00e-03 ---
2026-10-01 15:44:41,472 - INFO - 
****************************************************************************************************
2026-10-01 15:44:43,950 - INFO - --- training epoch 24, loss 0.0252, mae 0.1754, rmse 0.2247, time elapsed(min) 0.03---
2026-10-01 15:44:44,209 - INFO - --- validation at epoch 24, val_loss 0.0252, val_mae 0.1750, val_rmse 0.2247, val_r2 0.3475, val_pearson 0.6449, lr 1.00e-03 ---
2026-10-01 15:44:44,209 - INFO - 
****************************************************************************************************
2026-10-01 15:44:46,435 - INFO - --- training epoch 25, loss 0.0245, mae 0.1731, rmse 0.2212, time elapsed(min) 0.03---
2026-10-01 15:44:46,686 - INFO - --- validation at epoch 25, val_loss 0.0230, val_mae 0.1675, val_rmse 0.2129, val_r2 0.4146, val_pearson 0.6503, lr 1.00e-03 ---
2026-10-01 15:44:46,686 - INFO - 
****************************************************************************************************
2026-10-01 15:44:49,139 - INFO - --- training epoch 26, loss 0.0255, mae 0.1778, rmse 0.2260, time elapsed(min) 0.03---
2026-10-01 15:44:49,593 - INFO - --- validation at epoch 26, val_loss 0.0259, val_mae 0.1766, val_rmse 0.2285, val_r2 0.3253, val_pearson 0.6493, lr 1.00e-03 ---
2026-10-01 15:44:49,593 - INFO - 
****************************************************************************************************
2026-10-01 15:44:51,963 - INFO - --- training epoch 27, loss 0.0247, mae 0.1742, rmse 0.2223, time elapsed(min) 0.03---
2026-10-01 15:44:52,214 - INFO - --- validation at epoch 27, val_loss 0.0245, val_mae 0.1730, val_rmse 0.2214, val_r2 0.3668, val_pearson 0.6683, lr 1.00e-03 ---
2026-10-01 15:44:52,214 - INFO - 
****************************************************************************************************
2026-10-01 15:44:54,495 - INFO - --- training epoch 28, loss 0.0238, mae 0.1713, rmse 0.2183, time elapsed(min) 0.03---
2026-10-01 15:44:54,762 - INFO - --- validation at epoch 28, val_loss 0.0212, val_mae 0.1624, val_rmse 0.2056, val_r2 0.4536, val_pearson 0.6801, lr 1.00e-03 ---
2026-10-01 15:44:54,762 - INFO - 
****************************************************************************************************
2026-10-01 15:44:57,146 - INFO - --- training epoch 29, loss 0.0239, mae 0.1724, rmse 0.2188, time elapsed(min) 0.03---
2026-10-01 15:44:57,604 - INFO - --- validation at epoch 29, val_loss 0.0207, val_mae 0.1581, val_rmse 0.2008, val_r2 0.4790, val_pearson 0.7015, lr 1.00e-03 ---
2026-10-01 15:44:57,604 - INFO - 
****************************************************************************************************
2026-10-01 15:45:00,153 - INFO - --- training epoch 30, loss 0.0233, mae 0.1696, rmse 0.2161, time elapsed(min) 0.03---
2026-10-01 15:45:00,418 - INFO - --- validation at epoch 30, val_loss 0.0207, val_mae 0.1567, val_rmse 0.1991, val_r2 0.4881, val_pearson 0.7077, lr 1.00e-03 ---
2026-10-01 15:45:00,418 - INFO - 
****************************************************************************************************
2026-10-01 15:45:02,658 - INFO - --- training epoch 31, loss 0.0244, mae 0.1729, rmse 0.2210, time elapsed(min) 0.03---
2026-10-01 15:45:02,911 - INFO - --- validation at epoch 31, val_loss 0.0223, val_mae 0.1720, val_rmse 0.2102, val_r2 0.4292, val_pearson 0.6707, lr 1.00e-03 ---
2026-10-01 15:45:02,911 - INFO - 
****************************************************************************************************
2026-10-01 15:45:05,227 - INFO - --- training epoch 32, loss 0.0242, mae 0.1744, rmse 0.2199, time elapsed(min) 0.03---
2026-10-01 15:45:05,662 - INFO - --- validation at epoch 32, val_loss 0.0212, val_mae 0.1603, val_rmse 0.2009, val_r2 0.4784, val_pearson 0.6951, lr 1.00e-03 ---
2026-10-01 15:45:05,663 - INFO - 
****************************************************************************************************
2026-10-01 15:45:08,255 - INFO - --- training epoch 33, loss 0.0234, mae 0.1699, rmse 0.2161, time elapsed(min) 0.04---
2026-10-01 15:45:08,507 - INFO - --- validation at epoch 33, val_loss 0.0211, val_mae 0.1625, val_rmse 0.2028, val_r2 0.4688, val_pearson 0.7121, lr 1.00e-03 ---
2026-10-01 15:45:08,507 - INFO - 
****************************************************************************************************
2026-10-01 15:45:10,780 - INFO - --- training epoch 34, loss 0.0232, mae 0.1701, rmse 0.2156, time elapsed(min) 0.03---
2026-10-01 15:45:11,039 - INFO - --- validation at epoch 34, val_loss 0.0222, val_mae 0.1639, val_rmse 0.2068, val_r2 0.4476, val_pearson 0.7089, lr 1.00e-03 ---
2026-10-01 15:45:11,039 - INFO - 
****************************************************************************************************
2026-10-01 15:45:13,361 - INFO - --- training epoch 35, loss 0.0221, mae 0.1645, rmse 0.2104, time elapsed(min) 0.03---
2026-10-01 15:45:13,780 - INFO - --- validation at epoch 35, val_loss 0.0209, val_mae 0.1610, val_rmse 0.1988, val_r2 0.4891, val_pearson 0.7122, lr 1.00e-03 ---
2026-10-01 15:45:13,780 - INFO - 
****************************************************************************************************
2026-10-01 15:45:16,298 - INFO - --- training epoch 36, loss 0.0222, mae 0.1657, rmse 0.2107, time elapsed(min) 0.04---
2026-10-01 15:45:16,558 - INFO - --- validation at epoch 36, val_loss 0.0201, val_mae 0.1532, val_rmse 0.1933, val_r2 0.5171, val_pearson 0.7235, lr 1.00e-03 ---
2026-10-01 15:45:16,558 - INFO - 
****************************************************************************************************
2026-10-01 15:45:18,901 - INFO - --- training epoch 37, loss 0.0208, mae 0.1582, rmse 0.2040, time elapsed(min) 0.03---
2026-10-01 15:45:19,165 - INFO - --- validation at epoch 37, val_loss 0.0196, val_mae 0.1487, val_rmse 0.1899, val_r2 0.5343, val_pearson 0.7324, lr 1.00e-03 ---
2026-10-01 15:45:19,165 - INFO - 
****************************************************************************************************
2026-10-01 15:45:21,549 - INFO - --- training epoch 38, loss 0.0220, mae 0.1633, rmse 0.2099, time elapsed(min) 0.03---
2026-10-01 15:45:21,804 - INFO - --- validation at epoch 38, val_loss 0.0262, val_mae 0.1852, val_rmse 0.2279, val_r2 0.3290, val_pearson 0.6228, lr 1.00e-03 ---
2026-10-01 15:45:21,804 - INFO - 
****************************************************************************************************
2026-10-01 15:45:24,161 - INFO - --- training epoch 39, loss 0.0223, mae 0.1659, rmse 0.2113, time elapsed(min) 0.03---
2026-10-01 15:45:24,612 - INFO - --- validation at epoch 39, val_loss 0.0208, val_mae 0.1524, val_rmse 0.1940, val_r2 0.5139, val_pearson 0.7171, lr 1.00e-03 ---
2026-10-01 15:45:24,612 - INFO - 
****************************************************************************************************
2026-10-01 15:45:27,009 - INFO - --- training epoch 40, loss 0.0210, mae 0.1593, rmse 0.2051, time elapsed(min) 0.03---
2026-10-01 15:45:27,273 - INFO - --- validation at epoch 40, val_loss 0.0197, val_mae 0.1505, val_rmse 0.1898, val_r2 0.5344, val_pearson 0.7360, lr 1.00e-03 ---
2026-10-01 15:45:27,273 - INFO - 
****************************************************************************************************
2026-10-01 15:45:29,541 - INFO - --- training epoch 41, loss 0.0208, mae 0.1591, rmse 0.2038, time elapsed(min) 0.03---
2026-10-01 15:45:29,813 - INFO - --- validation at epoch 41, val_loss 0.0192, val_mae 0.1463, val_rmse 0.1865, val_r2 0.5506, val_pearson 0.7449, lr 1.00e-03 ---
2026-10-01 15:45:29,813 - INFO - 
****************************************************************************************************
2026-10-01 15:45:32,116 - INFO - --- training epoch 42, loss 0.0209, mae 0.1598, rmse 0.2045, time elapsed(min) 0.03---
2026-10-01 15:45:32,535 - INFO - --- validation at epoch 42, val_loss 0.0196, val_mae 0.1506, val_rmse 0.1915, val_r2 0.5264, val_pearson 0.7405, lr 1.00e-03 ---
2026-10-01 15:45:32,535 - INFO - 
****************************************************************************************************
2026-10-01 15:45:35,058 - INFO - --- training epoch 43, loss 0.0199, mae 0.1558, rmse 0.1997, time elapsed(min) 0.04---
2026-10-01 15:45:35,317 - INFO - --- validation at epoch 43, val_loss 0.0197, val_mae 0.1480, val_rmse 0.1884, val_r2 0.5416, val_pearson 0.7400, lr 1.00e-03 ---
2026-10-01 15:45:35,317 - INFO - 
****************************************************************************************************
2026-10-01 15:45:37,592 - INFO - --- training epoch 44, loss 0.0202, mae 0.1567, rmse 0.2011, time elapsed(min) 0.03---
2026-10-01 15:45:37,854 - INFO - --- validation at epoch 44, val_loss 0.0199, val_mae 0.1518, val_rmse 0.1924, val_r2 0.5217, val_pearson 0.7281, lr 1.00e-03 ---
2026-10-01 15:45:37,854 - INFO - 
****************************************************************************************************
2026-10-01 15:45:40,120 - INFO - --- training epoch 45, loss 0.0202, mae 0.1562, rmse 0.2012, time elapsed(min) 0.03---
2026-10-01 15:45:40,527 - INFO - --- validation at epoch 45, val_loss 0.0192, val_mae 0.1505, val_rmse 0.1900, val_r2 0.5334, val_pearson 0.7380, lr 1.00e-03 ---
2026-10-01 15:45:40,527 - INFO - 
****************************************************************************************************
2026-10-01 15:45:43,031 - INFO - --- training epoch 46, loss 0.0197, mae 0.1549, rmse 0.1985, time elapsed(min) 0.04---
2026-10-01 15:45:43,292 - INFO - --- validation at epoch 46, val_loss 0.0200, val_mae 0.1465, val_rmse 0.1904, val_r2 0.5317, val_pearson 0.7394, lr 1.00e-03 ---
2026-10-01 15:45:43,292 - INFO - 
****************************************************************************************************
2026-10-01 15:45:45,714 - INFO - --- training epoch 47, loss 0.0195, mae 0.1542, rmse 0.1977, time elapsed(min) 0.03---
2026-10-01 15:45:45,970 - INFO - --- validation at epoch 47, val_loss 0.0198, val_mae 0.1461, val_rmse 0.1881, val_r2 0.5431, val_pearson 0.7386, lr 1.00e-03 ---
2026-10-01 15:45:45,970 - INFO - 
****************************************************************************************************
2026-10-01 15:45:48,205 - INFO - --- training epoch 48, loss 0.0194, mae 0.1528, rmse 0.1967, time elapsed(min) 0.03---
2026-10-01 15:45:48,614 - INFO - --- validation at epoch 48, val_loss 0.0176, val_mae 0.1430, val_rmse 0.1834, val_r2 0.5653, val_pearson 0.7557, lr 1.00e-03 ---
2026-10-01 15:45:48,614 - INFO - 
****************************************************************************************************
2026-10-01 15:45:51,004 - INFO - --- training epoch 49, loss 0.0188, mae 0.1519, rmse 0.1941, time elapsed(min) 0.03---
2026-10-01 15:45:51,481 - INFO - --- validation at epoch 49, val_loss 0.0180, val_mae 0.1427, val_rmse 0.1830, val_r2 0.5675, val_pearson 0.7597, lr 1.00e-03 ---
2026-10-01 15:45:51,481 - INFO - 
****************************************************************************************************
2026-10-01 15:45:53,868 - INFO - --- training epoch 50, loss 0.0185, mae 0.1494, rmse 0.1924, time elapsed(min) 0.03---
2026-10-01 15:45:54,134 - INFO - --- validation at epoch 50, val_loss 0.0180, val_mae 0.1446, val_rmse 0.1850, val_r2 0.5578, val_pearson 0.7518, lr 1.00e-03 ---
2026-10-01 15:45:54,134 - INFO - 
****************************************************************************************************
2026-10-01 15:45:56,409 - INFO - --- training epoch 51, loss 0.0188, mae 0.1502, rmse 0.1939, time elapsed(min) 0.03---
2026-10-01 15:45:56,666 - INFO - --- validation at epoch 51, val_loss 0.0178, val_mae 0.1411, val_rmse 0.1822, val_r2 0.5712, val_pearson 0.7571, lr 1.00e-03 ---
2026-10-01 15:45:56,666 - INFO - 
****************************************************************************************************
2026-10-01 15:45:59,041 - INFO - --- training epoch 52, loss 0.0189, mae 0.1506, rmse 0.1944, time elapsed(min) 0.03---
2026-10-01 15:45:59,501 - INFO - --- validation at epoch 52, val_loss 0.0167, val_mae 0.1397, val_rmse 0.1793, val_r2 0.5847, val_pearson 0.7679, lr 1.00e-03 ---
2026-10-01 15:45:59,501 - INFO - 
****************************************************************************************************
2026-10-01 15:46:02,216 - INFO - --- training epoch 53, loss 0.0179, mae 0.1463, rmse 0.1892, time elapsed(min) 0.04---
2026-10-01 15:46:02,466 - INFO - --- validation at epoch 53, val_loss 0.0170, val_mae 0.1396, val_rmse 0.1799, val_r2 0.5820, val_pearson 0.7661, lr 1.00e-03 ---
2026-10-01 15:46:02,466 - INFO - 
****************************************************************************************************
2026-10-01 15:46:04,710 - INFO - --- training epoch 54, loss 0.0177, mae 0.1455, rmse 0.1879, time elapsed(min) 0.03---
2026-10-01 15:46:04,967 - INFO - --- validation at epoch 54, val_loss 0.0172, val_mae 0.1384, val_rmse 0.1795, val_r2 0.5837, val_pearson 0.7666, lr 1.00e-03 ---
2026-10-01 15:46:04,967 - INFO - 
****************************************************************************************************
2026-10-01 15:46:07,236 - INFO - --- training epoch 55, loss 0.0178, mae 0.1453, rmse 0.1885, time elapsed(min) 0.03---
2026-10-01 15:46:07,691 - INFO - --- validation at epoch 55, val_loss 0.0177, val_mae 0.1414, val_rmse 0.1821, val_r2 0.5715, val_pearson 0.7568, lr 1.00e-03 ---
2026-10-01 15:46:07,691 - INFO - 
****************************************************************************************************
2026-10-01 15:46:10,297 - INFO - --- training epoch 56, loss 0.0178, mae 0.1465, rmse 0.1885, time elapsed(min) 0.04---
2026-10-01 15:46:10,564 - INFO - --- validation at epoch 56, val_loss 0.0174, val_mae 0.1388, val_rmse 0.1798, val_r2 0.5821, val_pearson 0.7675, lr 1.00e-03 ---
2026-10-01 15:46:10,565 - INFO - 
****************************************************************************************************
2026-10-01 15:46:12,811 - INFO - --- training epoch 57, loss 0.0172, mae 0.1437, rmse 0.1856, time elapsed(min) 0.03---
2026-10-01 15:46:13,063 - INFO - --- validation at epoch 57, val_loss 0.0169, val_mae 0.1369, val_rmse 0.1773, val_r2 0.5938, val_pearson 0.7720, lr 1.00e-03 ---
2026-10-01 15:46:13,063 - INFO - 
****************************************************************************************************
2026-10-01 15:46:15,299 - INFO - --- training epoch 58, loss 0.0173, mae 0.1442, rmse 0.1863, time elapsed(min) 0.03---
2026-10-01 15:46:15,713 - INFO - --- validation at epoch 58, val_loss 0.0174, val_mae 0.1391, val_rmse 0.1798, val_r2 0.5825, val_pearson 0.7684, lr 1.00e-03 ---
2026-10-01 15:46:15,713 - INFO - 
****************************************************************************************************
2026-10-01 15:46:18,275 - INFO - --- training epoch 59, loss 0.0174, mae 0.1446, rmse 0.1866, time elapsed(min) 0.04---
2026-10-01 15:46:18,529 - INFO - --- validation at epoch 59, val_loss 0.0168, val_mae 0.1357, val_rmse 0.1774, val_r2 0.5936, val_pearson 0.7738, lr 1.00e-03 ---
2026-10-01 15:46:18,529 - INFO - 
****************************************************************************************************
2026-10-01 15:46:20,739 - INFO - --- training epoch 60, loss 0.0175, mae 0.1443, rmse 0.1868, time elapsed(min) 0.03---
2026-10-01 15:46:20,994 - INFO - --- validation at epoch 60, val_loss 0.0165, val_mae 0.1350, val_rmse 0.1746, val_r2 0.6062, val_pearson 0.7799, lr 1.00e-03 ---
2026-10-01 15:46:20,994 - INFO - 
****************************************************************************************************
2026-10-01 15:46:23,347 - INFO - --- training epoch 61, loss 0.0169, mae 0.1411, rmse 0.1838, time elapsed(min) 0.03---
2026-10-01 15:46:23,609 - INFO - --- validation at epoch 61, val_loss 0.0165, val_mae 0.1343, val_rmse 0.1749, val_r2 0.6048, val_pearson 0.7779, lr 1.00e-03 ---
2026-10-01 15:46:23,609 - INFO - 
****************************************************************************************************
2026-10-01 15:46:26,054 - INFO - --- training epoch 62, loss 0.0167, mae 0.1410, rmse 0.1829, time elapsed(min) 0.03---
2026-10-01 15:46:26,539 - INFO - --- validation at epoch 62, val_loss 0.0171, val_mae 0.1344, val_rmse 0.1755, val_r2 0.6022, val_pearson 0.7762, lr 1.00e-03 ---
2026-10-01 15:46:26,539 - INFO - 
****************************************************************************************************
2026-10-01 15:46:28,929 - INFO - --- training epoch 63, loss 0.0174, mae 0.1435, rmse 0.1867, time elapsed(min) 0.03---
2026-10-01 15:46:29,192 - INFO - --- validation at epoch 63, val_loss 0.0172, val_mae 0.1377, val_rmse 0.1800, val_r2 0.5812, val_pearson 0.7717, lr 1.00e-03 ---
2026-10-01 15:46:29,192 - INFO - 
****************************************************************************************************
2026-10-01 15:46:31,421 - INFO - --- training epoch 64, loss 0.0173, mae 0.1430, rmse 0.1863, time elapsed(min) 0.03---
2026-10-01 15:46:31,678 - INFO - --- validation at epoch 64, val_loss 0.0166, val_mae 0.1358, val_rmse 0.1776, val_r2 0.5923, val_pearson 0.7764, lr 1.00e-03 ---
2026-10-01 15:46:31,678 - INFO - 
****************************************************************************************************
2026-10-01 15:46:33,993 - INFO - --- training epoch 65, loss 0.0200, mae 0.1546, rmse 0.1998, time elapsed(min) 0.03---
2026-10-01 15:46:34,415 - INFO - --- validation at epoch 65, val_loss 0.0191, val_mae 0.1448, val_rmse 0.1895, val_r2 0.5362, val_pearson 0.7324, lr 1.00e-03 ---
2026-10-01 15:46:34,415 - INFO - 
****************************************************************************************************
2026-10-01 15:46:36,975 - INFO - --- training epoch 66, loss 0.0184, mae 0.1490, rmse 0.1920, time elapsed(min) 0.04---
2026-10-01 15:46:37,224 - INFO - --- validation at epoch 66, val_loss 0.0177, val_mae 0.1399, val_rmse 0.1837, val_r2 0.5640, val_pearson 0.7703, lr 1.00e-03 ---
2026-10-01 15:46:37,224 - INFO - 
****************************************************************************************************
2026-10-01 15:46:39,452 - INFO - --- training epoch 67, loss 0.0173, mae 0.1432, rmse 0.1863, time elapsed(min) 0.03---
2026-10-01 15:46:39,711 - INFO - --- validation at epoch 67, val_loss 0.0173, val_mae 0.1339, val_rmse 0.1785, val_r2 0.5884, val_pearson 0.7723, lr 1.00e-03 ---
2026-10-01 15:46:39,711 - INFO - 
****************************************************************************************************
2026-10-01 15:46:41,949 - INFO - --- training epoch 68, loss 0.0170, mae 0.1418, rmse 0.1846, time elapsed(min) 0.03---
2026-10-01 15:46:42,361 - INFO - --- validation at epoch 68, val_loss 0.0162, val_mae 0.1354, val_rmse 0.1754, val_r2 0.6026, val_pearson 0.7772, lr 1.00e-03 ---
2026-10-01 15:46:42,361 - INFO - 
****************************************************************************************************
2026-10-01 15:46:44,967 - INFO - --- training epoch 69, loss 0.0164, mae 0.1390, rmse 0.1809, time elapsed(min) 0.04---
2026-10-01 15:46:45,239 - INFO - --- validation at epoch 69, val_loss 0.0166, val_mae 0.1342, val_rmse 0.1773, val_r2 0.5938, val_pearson 0.7791, lr 1.00e-03 ---
2026-10-01 15:46:45,239 - INFO - 
****************************************************************************************************
2026-10-01 15:46:47,501 - INFO - --- training epoch 70, loss 0.0179, mae 0.1453, rmse 0.1893, time elapsed(min) 0.03---
2026-10-01 15:46:47,761 - INFO - --- validation at epoch 70, val_loss 0.0193, val_mae 0.1443, val_rmse 0.1936, val_r2 0.5157, val_pearson 0.7690, lr 1.00e-03 ---
2026-10-01 15:46:47,761 - INFO - 
****************************************************************************************************
2026-10-01 15:46:50,020 - INFO - --- training epoch 71, loss 0.0172, mae 0.1423, rmse 0.1856, time elapsed(min) 0.03---
2026-10-01 15:46:50,435 - INFO - --- validation at epoch 71, val_loss 0.0184, val_mae 0.1419, val_rmse 0.1891, val_r2 0.5378, val_pearson 0.7771, lr 1.00e-03 ---
2026-10-01 15:46:50,436 - INFO - 
****************************************************************************************************
2026-10-01 15:46:52,817 - INFO - --- training epoch 72, loss 0.0170, mae 0.1416, rmse 0.1843, time elapsed(min) 0.03---
2026-10-01 15:46:53,266 - INFO - --- validation at epoch 72, val_loss 0.0175, val_mae 0.1413, val_rmse 0.1842, val_r2 0.5615, val_pearson 0.7676, lr 1.00e-03 ---
2026-10-01 15:46:53,266 - INFO - 
****************************************************************************************************
2026-10-01 15:46:55,658 - INFO - --- training epoch 73, loss 0.0170, mae 0.1423, rmse 0.1844, time elapsed(min) 0.03---
2026-10-01 15:46:55,927 - INFO - --- validation at epoch 73, val_loss 0.0163, val_mae 0.1374, val_rmse 0.1795, val_r2 0.5837, val_pearson 0.7709, lr 1.00e-03 ---
2026-10-01 15:46:55,927 - INFO - 
****************************************************************************************************
2026-10-01 15:46:58,159 - INFO - --- training epoch 74, loss 0.0171, mae 0.1431, rmse 0.1850, time elapsed(min) 0.03---
2026-10-01 15:46:58,409 - INFO - --- validation at epoch 74, val_loss 0.0169, val_mae 0.1357, val_rmse 0.1771, val_r2 0.5946, val_pearson 0.7752, lr 1.00e-03 ---
2026-10-01 15:46:58,410 - INFO - 
****************************************************************************************************
2026-10-01 15:47:00,827 - INFO - --- training epoch 75, loss 0.0172, mae 0.1429, rmse 0.1855, time elapsed(min) 0.03---
2026-10-01 15:47:01,297 - INFO - --- validation at epoch 75, val_loss 0.0170, val_mae 0.1335, val_rmse 0.1797, val_r2 0.5828, val_pearson 0.7735, lr 1.00e-03 ---
2026-10-01 15:47:01,297 - INFO - 
****************************************************************************************************
2026-10-01 15:47:03,683 - INFO - --- training epoch 76, loss 0.0180, mae 0.1458, rmse 0.1897, time elapsed(min) 0.03---
2026-10-01 15:47:04,149 - INFO - --- validation at epoch 76, val_loss 0.0187, val_mae 0.1463, val_rmse 0.1938, val_r2 0.5148, val_pearson 0.7621, lr 1.00e-03 ---
2026-10-01 15:47:04,150 - INFO - 
****************************************************************************************************
2026-10-01 15:47:06,392 - INFO - --- training epoch 77, loss 0.0173, mae 0.1426, rmse 0.1858, time elapsed(min) 0.03---
2026-10-01 15:47:06,647 - INFO - --- validation at epoch 77, val_loss 0.0190, val_mae 0.1427, val_rmse 0.1928, val_r2 0.5198, val_pearson 0.7617, lr 1.00e-03 ---
2026-10-01 15:47:06,647 - INFO - 
****************************************************************************************************
2026-10-01 15:47:09,016 - INFO - --- training epoch 78, loss 0.0169, mae 0.1418, rmse 0.1840, time elapsed(min) 0.03---
2026-10-01 15:47:09,437 - INFO - --- validation at epoch 78, val_loss 0.0178, val_mae 0.1380, val_rmse 0.1862, val_r2 0.5522, val_pearson 0.7790, lr 1.00e-03 ---
2026-10-01 15:47:09,437 - INFO - 
****************************************************************************************************
2026-10-01 15:47:09,810 - INFO - --- early stopping at epoch 78: val_loss did not improve for 10 epochs ---
2026-10-01 15:47:10,323 - INFO - --- selected checkpoint from epoch 68, val_loss 0.0162, val_mae 0.1354, val_rmse 0.1754
2026-10-01 15:47:11,608 - INFO - -- RESULT
2026-10-01 15:47:11,608 - INFO - --- test size: 1728
2026-10-01 15:47:11,608 - INFO - --- MAE: 0.1399 (13.99 pp), RMSE: 0.1811 (18.11 pp), R2: 0.5918, Pearson: 0.7701
