2026-10-01 12:31:00,895 - INFO - device is	cuda:0
2026-10-01 12:31:01,049 - INFO - -- CONFIGURATIONS
2026-10-01 12:31:01,049 - INFO - --- train/valid/test: 2491/277/1187
2026-10-01 12:31:01,049 - INFO - --- max no. reactants_train, valid, test respectively: 6, 6, 6
2026-10-01 12:31:01,049 - INFO - --- max no. products_train, valid, test respectively: 1, 1, 1
2026-10-01 12:31:01,049 - INFO - --- model_path: ../logs/bh_approach1_grid/runs/bh/fullcv10_split70/current_model/model.pt
2026-10-01 12:31:01,057 - INFO - -- TRAINING
2026-10-01 12:31:01,754 - INFO - --- training epoch 0, loss 24.2981, mae 24.7928, rmse 30.5901, time elapsed(min) 0.01---
2026-10-01 12:31:01,912 - INFO - --- validation at epoch 0, val_loss 22.2671, val_mae 23.5645, val_rmse 28.4814, val_r2 -0.1010, val_pearson -0.2829, lr 1.00e-03 ---
2026-10-01 12:31:01,912 - INFO - 
****************************************************************************************************
2026-10-01 12:31:03,011 - INFO - --- training epoch 1, loss 22.7666, mae 23.2621, rmse 27.9766, time elapsed(min) 0.01---
2026-10-01 12:31:03,177 - INFO - --- validation at epoch 1, val_loss 22.2919, val_mae 23.3848, val_rmse 27.5303, val_r2 -0.0287, val_pearson -0.3150, lr 1.00e-03 ---
2026-10-01 12:31:03,177 - INFO - 
****************************************************************************************************
2026-10-01 12:31:04,327 - INFO - --- training epoch 2, loss 22.6527, mae 23.1491, rmse 27.9316, time elapsed(min) 0.01---
2026-10-01 12:31:04,492 - INFO - --- validation at epoch 2, val_loss 22.6380, val_mae 23.5965, val_rmse 28.7468, val_r2 -0.1216, val_pearson 0.0956, lr 1.00e-03 ---
2026-10-01 12:31:04,492 - INFO - 
****************************************************************************************************
2026-10-01 12:31:05,703 - INFO - --- training epoch 3, loss 22.0273, mae 22.5235, rmse 27.2587, time elapsed(min) 0.01---
2026-10-01 12:31:05,855 - INFO - --- validation at epoch 3, val_loss 22.6704, val_mae 23.3643, val_rmse 28.0234, val_r2 -0.0659, val_pearson 0.1086, lr 1.00e-03 ---
2026-10-01 12:31:05,855 - INFO - 
****************************************************************************************************
2026-10-01 12:31:07,206 - INFO - --- training epoch 4, loss 22.6671, mae 23.1646, rmse 27.4905, time elapsed(min) 0.02---
2026-10-01 12:31:07,378 - INFO - --- validation at epoch 4, val_loss 22.3857, val_mae 23.2922, val_rmse 27.4719, val_r2 -0.0243, val_pearson 0.2088, lr 1.00e-03 ---
2026-10-01 12:31:07,378 - INFO - 
****************************************************************************************************
2026-10-01 12:31:08,599 - INFO - --- training epoch 5, loss 22.6434, mae 23.1410, rmse 27.4455, time elapsed(min) 0.01---
2026-10-01 12:31:08,775 - INFO - --- validation at epoch 5, val_loss 22.1931, val_mae 23.0704, val_rmse 26.8588, val_r2 0.0209, val_pearson 0.2199, lr 1.00e-03 ---
2026-10-01 12:31:08,775 - INFO - 
****************************************************************************************************
2026-10-01 12:31:10,037 - INFO - --- training epoch 6, loss 22.4299, mae 22.9271, rmse 26.9485, time elapsed(min) 0.01---
2026-10-01 12:31:10,211 - INFO - --- validation at epoch 6, val_loss 22.2377, val_mae 23.0665, val_rmse 26.9140, val_r2 0.0168, val_pearson 0.2351, lr 1.00e-03 ---
2026-10-01 12:31:10,211 - INFO - 
****************************************************************************************************
2026-10-01 12:31:11,266 - INFO - --- training epoch 7, loss 22.3920, mae 22.8887, rmse 27.0883, time elapsed(min) 0.01---
2026-10-01 12:31:11,430 - INFO - --- validation at epoch 7, val_loss 22.0417, val_mae 22.9033, val_rmse 26.6920, val_r2 0.0330, val_pearson 0.2523, lr 1.00e-03 ---
2026-10-01 12:31:11,430 - INFO - 
****************************************************************************************************
2026-10-01 12:31:12,534 - INFO - --- training epoch 8, loss 22.0634, mae 22.5589, rmse 26.5880, time elapsed(min) 0.01---
2026-10-01 12:31:12,716 - INFO - --- validation at epoch 8, val_loss 20.8672, val_mae 22.0206, val_rmse 25.4529, val_r2 0.1207, val_pearson 0.3798, lr 1.00e-03 ---
2026-10-01 12:31:12,716 - INFO - 
****************************************************************************************************
2026-10-01 12:31:14,124 - INFO - --- training epoch 9, loss 22.0713, mae 22.5666, rmse 26.4539, time elapsed(min) 0.02---
2026-10-01 12:31:14,294 - INFO - --- validation at epoch 9, val_loss 20.9896, val_mae 22.0211, val_rmse 25.4071, val_r2 0.1239, val_pearson 0.3746, lr 1.00e-03 ---
2026-10-01 12:31:14,294 - INFO - 
****************************************************************************************************
2026-10-01 12:31:15,578 - INFO - --- training epoch 10, loss 22.0840, mae 22.5801, rmse 26.6299, time elapsed(min) 0.01---
2026-10-01 12:31:15,968 - INFO - --- validation at epoch 10, val_loss 20.8572, val_mae 21.9347, val_rmse 25.4817, val_r2 0.1187, val_pearson 0.3770, lr 1.00e-03 ---
2026-10-01 12:31:15,968 - INFO - 
****************************************************************************************************
2026-10-01 12:31:17,230 - INFO - --- training epoch 11, loss 21.5604, mae 22.0575, rmse 26.0370, time elapsed(min) 0.01---
2026-10-01 12:31:17,400 - INFO - --- validation at epoch 11, val_loss 20.1713, val_mae 21.4148, val_rmse 25.4404, val_r2 0.1216, val_pearson 0.3616, lr 1.00e-03 ---
2026-10-01 12:31:17,400 - INFO - 
****************************************************************************************************
2026-10-01 12:31:18,497 - INFO - --- training epoch 12, loss 21.5305, mae 22.0264, rmse 25.9536, time elapsed(min) 0.01---
2026-10-01 12:31:18,672 - INFO - --- validation at epoch 12, val_loss 20.4288, val_mae 21.6922, val_rmse 26.0161, val_r2 0.0814, val_pearson 0.3467, lr 1.00e-03 ---
2026-10-01 12:31:18,673 - INFO - 
****************************************************************************************************
2026-10-01 12:31:19,727 - INFO - --- training epoch 13, loss 21.5720, mae 22.0679, rmse 26.1712, time elapsed(min) 0.01---
2026-10-01 12:31:19,891 - INFO - --- validation at epoch 13, val_loss 19.9167, val_mae 21.1662, val_rmse 25.2494, val_r2 0.1347, val_pearson 0.3877, lr 1.00e-03 ---
2026-10-01 12:31:19,892 - INFO - 
****************************************************************************************************
2026-10-01 12:31:21,200 - INFO - --- training epoch 14, loss 21.1731, mae 21.6699, rmse 25.8486, time elapsed(min) 0.01---
2026-10-01 12:31:21,374 - INFO - --- validation at epoch 14, val_loss 20.9722, val_mae 22.0889, val_rmse 26.5422, val_r2 0.0438, val_pearson 0.3569, lr 1.00e-03 ---
2026-10-01 12:31:21,374 - INFO - 
****************************************************************************************************
2026-10-01 12:31:22,687 - INFO - --- training epoch 15, loss 21.1757, mae 21.6716, rmse 25.6172, time elapsed(min) 0.02---
2026-10-01 12:31:22,863 - INFO - --- validation at epoch 15, val_loss 20.2022, val_mae 21.3747, val_rmse 26.1575, val_r2 0.0713, val_pearson 0.3914, lr 1.00e-03 ---
2026-10-01 12:31:22,863 - INFO - 
****************************************************************************************************
2026-10-01 12:31:24,092 - INFO - --- training epoch 16, loss 20.9322, mae 21.4289, rmse 25.3888, time elapsed(min) 0.01---
2026-10-01 12:31:24,260 - INFO - --- validation at epoch 16, val_loss 21.4715, val_mae 22.7685, val_rmse 27.2209, val_r2 -0.0057, val_pearson 0.3745, lr 1.00e-03 ---
2026-10-01 12:31:24,260 - INFO - 
****************************************************************************************************
2026-10-01 12:31:25,323 - INFO - --- training epoch 17, loss 21.1388, mae 21.6340, rmse 25.4609, time elapsed(min) 0.01---
2026-10-01 12:31:25,490 - INFO - --- validation at epoch 17, val_loss 19.9808, val_mae 21.0808, val_rmse 25.4058, val_r2 0.1239, val_pearson 0.3997, lr 1.00e-03 ---
2026-10-01 12:31:25,490 - INFO - 
****************************************************************************************************
2026-10-01 12:31:26,709 - INFO - --- training epoch 18, loss 20.9877, mae 21.4850, rmse 25.4732, time elapsed(min) 0.01---
2026-10-01 12:31:26,880 - INFO - --- validation at epoch 18, val_loss 20.9869, val_mae 21.5791, val_rmse 25.4154, val_r2 0.1233, val_pearson 0.3856, lr 1.00e-03 ---
2026-10-01 12:31:26,880 - INFO - 
****************************************************************************************************
2026-10-01 12:31:28,281 - INFO - --- training epoch 19, loss 21.0836, mae 21.5805, rmse 25.6513, time elapsed(min) 0.02---
2026-10-01 12:31:28,447 - INFO - --- validation at epoch 19, val_loss 20.7866, val_mae 21.4797, val_rmse 25.9571, val_r2 0.0855, val_pearson 0.3924, lr 1.00e-03 ---
2026-10-01 12:31:28,447 - INFO - 
****************************************************************************************************
2026-10-01 12:31:29,733 - INFO - --- training epoch 20, loss 20.6676, mae 21.1644, rmse 25.2608, time elapsed(min) 0.02---
2026-10-01 12:31:29,896 - INFO - --- validation at epoch 20, val_loss 20.5059, val_mae 21.3258, val_rmse 25.7894, val_r2 0.0973, val_pearson 0.3825, lr 1.00e-03 ---
2026-10-01 12:31:29,896 - INFO - 
****************************************************************************************************
2026-10-01 12:31:31,403 - INFO - --- training epoch 21, loss 20.7114, mae 21.2074, rmse 25.3464, time elapsed(min) 0.02---
2026-10-01 12:31:31,567 - INFO - --- validation at epoch 21, val_loss 21.0599, val_mae 21.3485, val_rmse 25.3159, val_r2 0.1301, val_pearson 0.3798, lr 1.00e-03 ---
2026-10-01 12:31:31,567 - INFO - 
****************************************************************************************************
2026-10-01 12:31:32,640 - INFO - --- training epoch 22, loss 20.7846, mae 21.2806, rmse 25.4919, time elapsed(min) 0.01---
2026-10-01 12:31:32,809 - INFO - --- validation at epoch 22, val_loss 21.0475, val_mae 21.9717, val_rmse 26.4553, val_r2 0.0501, val_pearson 0.3714, lr 1.00e-03 ---
2026-10-01 12:31:32,809 - INFO - 
****************************************************************************************************
2026-10-01 12:31:34,011 - INFO - --- training epoch 23, loss 20.7134, mae 21.2097, rmse 25.3886, time elapsed(min) 0.01---
2026-10-01 12:31:34,181 - INFO - --- validation at epoch 23, val_loss 20.2248, val_mae 20.8332, val_rmse 25.6356, val_r2 0.1080, val_pearson 0.3739, lr 1.00e-03 ---
2026-10-01 12:31:34,181 - INFO - 
****************************************************************************************************
2026-10-01 12:31:34,575 - INFO - --- early stopping at epoch 23: val_loss did not improve for 10 epochs ---
2026-10-01 12:31:34,841 - INFO - --- selected checkpoint from epoch 13, val_loss 19.9167, val_mae 21.1662, val_rmse 25.2494
2026-10-01 12:31:35,443 - INFO - -- RESULT
2026-10-01 12:31:35,443 - INFO - --- test size: 1187
2026-10-01 12:31:35,443 - INFO - --- MAE: 21.0498 pp, RMSE: 25.0252 pp, R2: 0.1743, Pearson: 0.4251
2026-10-01 12:31:36,491 - INFO - --- Cell current_model DONE: test MAE=21.0498 RMSE=25.0252 R2=0.1743 | sec/epoch=1.40
2026-10-01 12:31:36,504 - INFO - === RUNNING: dataset=bh split=fullcv10_split70 cell=approach_3 (tokens=comb, pooling=mean, head=linear) ===
