2026-10-01 12:28:10,115 - INFO - device is	cuda:0
2026-10-01 12:28:10,194 - INFO - -- CONFIGURATIONS
2026-10-01 12:28:10,194 - INFO - --- train/valid/test: 2491/277/1187
2026-10-01 12:28:10,194 - INFO - --- max no. reactants_train, valid, test respectively: 6, 6, 6
2026-10-01 12:28:10,194 - INFO - --- max no. products_train, valid, test respectively: 1, 1, 1
2026-10-01 12:28:10,194 - INFO - --- model_path: ../logs/approach1_server/option_b_mlp/bh/runs/fullcv04_split70/model.pt
2026-10-01 12:28:10,203 - INFO - -- TRAINING
2026-10-01 12:28:10,722 - INFO - --- training epoch 0, loss 24.2517, mae 24.7448, rmse 30.6581, time elapsed(min) 0.01---
2026-10-01 12:28:10,875 - INFO - --- validation at epoch 0, val_loss 22.6509, val_mae 22.8098, val_rmse 27.2385, val_r2 -0.0249, val_pearson -0.3055, lr 1.00e-03 ---
2026-10-01 12:28:10,875 - INFO - 
****************************************************************************************************
2026-10-01 12:28:11,742 - INFO - --- training epoch 1, loss 23.0394, mae 23.5356, rmse 28.0939, time elapsed(min) 0.01---
2026-10-01 12:28:11,895 - INFO - --- validation at epoch 1, val_loss 22.9976, val_mae 22.9546, val_rmse 27.0604, val_r2 -0.0115, val_pearson -0.0844, lr 1.00e-03 ---
2026-10-01 12:28:11,895 - INFO - 
****************************************************************************************************
2026-10-01 12:28:12,815 - INFO - --- training epoch 2, loss 22.8990, mae 23.3965, rmse 27.8647, time elapsed(min) 0.01---
2026-10-01 12:28:12,966 - INFO - --- validation at epoch 2, val_loss 22.5948, val_mae 22.6989, val_rmse 26.9275, val_r2 -0.0016, val_pearson -0.0616, lr 1.00e-03 ---
2026-10-01 12:28:12,966 - INFO - 
****************************************************************************************************
2026-10-01 12:28:14,107 - INFO - --- training epoch 3, loss 22.9898, mae 23.4874, rmse 27.9851, time elapsed(min) 0.01---
2026-10-01 12:28:14,255 - INFO - --- validation at epoch 3, val_loss 22.4444, val_mae 22.5861, val_rmse 26.7930, val_r2 0.0084, val_pearson 0.1828, lr 1.00e-03 ---
2026-10-01 12:28:14,255 - INFO - 
****************************************************************************************************
2026-10-01 12:28:15,279 - INFO - --- training epoch 4, loss 22.8609, mae 23.3582, rmse 27.6235, time elapsed(min) 0.01---
2026-10-01 12:28:15,597 - INFO - --- validation at epoch 4, val_loss 22.9879, val_mae 22.8695, val_rmse 26.5762, val_r2 0.0244, val_pearson 0.2305, lr 1.00e-03 ---
2026-10-01 12:28:15,598 - INFO - 
****************************************************************************************************
2026-10-01 12:28:16,512 - INFO - --- training epoch 5, loss 22.8625, mae 23.3602, rmse 27.4304, time elapsed(min) 0.01---
2026-10-01 12:28:16,652 - INFO - --- validation at epoch 5, val_loss 23.4417, val_mae 23.2141, val_rmse 26.8215, val_r2 0.0063, val_pearson 0.2390, lr 1.00e-03 ---
2026-10-01 12:28:16,652 - INFO - 
****************************************************************************************************
2026-10-01 12:28:17,431 - INFO - --- training epoch 6, loss 22.6701, mae 23.1670, rmse 27.1392, time elapsed(min) 0.01---
2026-10-01 12:28:17,568 - INFO - --- validation at epoch 6, val_loss 23.1534, val_mae 22.9821, val_rmse 26.5254, val_r2 0.0281, val_pearson 0.2508, lr 1.00e-03 ---
2026-10-01 12:28:17,568 - INFO - 
****************************************************************************************************
2026-10-01 12:28:18,469 - INFO - --- training epoch 7, loss 22.6321, mae 23.1298, rmse 26.9509, time elapsed(min) 0.01---
2026-10-01 12:28:18,622 - INFO - --- validation at epoch 7, val_loss 23.1759, val_mae 22.9928, val_rmse 26.4110, val_r2 0.0365, val_pearson 0.2716, lr 1.00e-03 ---
2026-10-01 12:28:18,622 - INFO - 
****************************************************************************************************
2026-10-01 12:28:19,565 - INFO - --- training epoch 8, loss 22.5640, mae 23.0605, rmse 26.8987, time elapsed(min) 0.01---
2026-10-01 12:28:19,699 - INFO - --- validation at epoch 8, val_loss 22.8022, val_mae 22.7131, val_rmse 26.0970, val_r2 0.0592, val_pearson 0.2900, lr 1.00e-03 ---
2026-10-01 12:28:19,699 - INFO - 
****************************************************************************************************
2026-10-01 12:28:20,659 - INFO - --- training epoch 9, loss 22.2799, mae 22.7770, rmse 26.5453, time elapsed(min) 0.01---
2026-10-01 12:28:20,801 - INFO - --- validation at epoch 9, val_loss 22.9446, val_mae 22.6935, val_rmse 26.1644, val_r2 0.0544, val_pearson 0.3500, lr 1.00e-03 ---
2026-10-01 12:28:20,801 - INFO - 
****************************************************************************************************
2026-10-01 12:28:21,895 - INFO - --- training epoch 10, loss 22.1994, mae 22.6959, rmse 26.5558, time elapsed(min) 0.01---
2026-10-01 12:28:22,048 - INFO - --- validation at epoch 10, val_loss 22.4343, val_mae 22.2986, val_rmse 25.7731, val_r2 0.0825, val_pearson 0.3562, lr 1.00e-03 ---
2026-10-01 12:28:22,049 - INFO - 
****************************************************************************************************
2026-10-01 12:28:22,921 - INFO - --- training epoch 11, loss 22.0521, mae 22.5493, rmse 26.7741, time elapsed(min) 0.01---
2026-10-01 12:28:23,073 - INFO - --- validation at epoch 11, val_loss 21.1099, val_mae 21.3275, val_rmse 25.2242, val_r2 0.1211, val_pearson 0.3684, lr 1.00e-03 ---
2026-10-01 12:28:23,073 - INFO - 
****************************************************************************************************
2026-10-01 12:28:24,067 - INFO - --- training epoch 12, loss 21.6639, mae 22.1597, rmse 26.1616, time elapsed(min) 0.01---
2026-10-01 12:28:24,210 - INFO - --- validation at epoch 12, val_loss 21.7428, val_mae 21.6746, val_rmse 25.1594, val_r2 0.1256, val_pearson 0.3793, lr 1.00e-03 ---
2026-10-01 12:28:24,210 - INFO - 
****************************************************************************************************
2026-10-01 12:28:25,251 - INFO - --- training epoch 13, loss 21.6241, mae 22.1214, rmse 26.0861, time elapsed(min) 0.01---
2026-10-01 12:28:25,394 - INFO - --- validation at epoch 13, val_loss 21.2945, val_mae 21.3696, val_rmse 25.0573, val_r2 0.1327, val_pearson 0.3805, lr 1.00e-03 ---
2026-10-01 12:28:25,394 - INFO - 
****************************************************************************************************
2026-10-01 12:28:26,442 - INFO - --- training epoch 14, loss 21.6293, mae 22.1254, rmse 26.2732, time elapsed(min) 0.01---
2026-10-01 12:28:26,587 - INFO - --- validation at epoch 14, val_loss 20.9251, val_mae 21.0309, val_rmse 24.9216, val_r2 0.1421, val_pearson 0.3856, lr 1.00e-03 ---
2026-10-01 12:28:26,587 - INFO - 
****************************************************************************************************
2026-10-01 12:28:27,681 - INFO - --- training epoch 15, loss 21.4297, mae 21.9256, rmse 26.0128, time elapsed(min) 0.01---
2026-10-01 12:28:27,991 - INFO - --- validation at epoch 15, val_loss 21.3659, val_mae 21.2905, val_rmse 24.9396, val_r2 0.1408, val_pearson 0.3760, lr 1.00e-03 ---
2026-10-01 12:28:27,992 - INFO - 
****************************************************************************************************
2026-10-01 12:28:28,915 - INFO - --- training epoch 16, loss 21.4992, mae 21.9949, rmse 26.2510, time elapsed(min) 0.01---
2026-10-01 12:28:29,068 - INFO - --- validation at epoch 16, val_loss 21.1738, val_mae 21.1146, val_rmse 25.2060, val_r2 0.1224, val_pearson 0.3718, lr 1.00e-03 ---
2026-10-01 12:28:29,068 - INFO - 
****************************************************************************************************
2026-10-01 12:28:29,873 - INFO - --- training epoch 17, loss 21.4727, mae 21.9686, rmse 26.1946, time elapsed(min) 0.01---
2026-10-01 12:28:30,025 - INFO - --- validation at epoch 17, val_loss 20.7519, val_mae 20.9529, val_rmse 25.3544, val_r2 0.1120, val_pearson 0.3778, lr 1.00e-03 ---
2026-10-01 12:28:30,025 - INFO - 
****************************************************************************************************
2026-10-01 12:28:31,053 - INFO - --- training epoch 18, loss 21.3239, mae 21.8202, rmse 25.9523, time elapsed(min) 0.01---
2026-10-01 12:28:31,205 - INFO - --- validation at epoch 18, val_loss 21.3502, val_mae 21.2057, val_rmse 24.9721, val_r2 0.1386, val_pearson 0.3784, lr 1.00e-03 ---
2026-10-01 12:28:31,205 - INFO - 
****************************************************************************************************
2026-10-01 12:28:32,179 - INFO - --- training epoch 19, loss 21.1753, mae 21.6714, rmse 25.9257, time elapsed(min) 0.01---
2026-10-01 12:28:32,329 - INFO - --- validation at epoch 19, val_loss 20.7256, val_mae 20.8057, val_rmse 24.7741, val_r2 0.1522, val_pearson 0.4074, lr 1.00e-03 ---
2026-10-01 12:28:32,329 - INFO - 
****************************************************************************************************
2026-10-01 12:28:33,394 - INFO - --- training epoch 20, loss 21.5607, mae 22.0572, rmse 26.3055, time elapsed(min) 0.01---
2026-10-01 12:28:33,706 - INFO - --- validation at epoch 20, val_loss 21.2685, val_mae 21.2691, val_rmse 26.4830, val_r2 0.0312, val_pearson 0.3265, lr 1.00e-03 ---
2026-10-01 12:28:33,706 - INFO - 
****************************************************************************************************
2026-10-01 12:28:34,626 - INFO - --- training epoch 21, loss 21.6037, mae 22.0993, rmse 26.4796, time elapsed(min) 0.01---
2026-10-01 12:28:34,778 - INFO - --- validation at epoch 21, val_loss 22.2013, val_mae 21.8068, val_rmse 25.7960, val_r2 0.0808, val_pearson 0.3515, lr 1.00e-03 ---
2026-10-01 12:28:34,779 - INFO - 
****************************************************************************************************
2026-10-01 12:28:35,576 - INFO - --- training epoch 22, loss 21.8618, mae 22.3589, rmse 27.1821, time elapsed(min) 0.01---
2026-10-01 12:28:35,726 - INFO - --- validation at epoch 22, val_loss 21.1246, val_mae 21.6579, val_rmse 26.6247, val_r2 0.0208, val_pearson 0.3121, lr 1.00e-03 ---
2026-10-01 12:28:35,726 - INFO - 
****************************************************************************************************
2026-10-01 12:28:36,678 - INFO - --- training epoch 23, loss 21.6130, mae 22.1097, rmse 26.4916, time elapsed(min) 0.01---
2026-10-01 12:28:36,812 - INFO - --- validation at epoch 23, val_loss 21.5866, val_mae 21.4281, val_rmse 25.0854, val_r2 0.1308, val_pearson 0.3920, lr 1.00e-03 ---
2026-10-01 12:28:36,813 - INFO - 
****************************************************************************************************
2026-10-01 12:28:37,778 - INFO - --- training epoch 24, loss 21.1276, mae 21.6249, rmse 25.9861, time elapsed(min) 0.01---
2026-10-01 12:28:37,928 - INFO - --- validation at epoch 24, val_loss 20.6871, val_mae 20.6521, val_rmse 25.2518, val_r2 0.1192, val_pearson 0.3901, lr 1.00e-03 ---
2026-10-01 12:28:37,928 - INFO - 
****************************************************************************************************
2026-10-01 12:28:39,152 - INFO - --- training epoch 25, loss 20.6265, mae 21.1227, rmse 25.9055, time elapsed(min) 0.01---
2026-10-01 12:28:39,301 - INFO - --- validation at epoch 25, val_loss 20.4699, val_mae 20.4886, val_rmse 25.3083, val_r2 0.1152, val_pearson 0.4148, lr 1.00e-03 ---
2026-10-01 12:28:39,301 - INFO - 
****************************************************************************************************
2026-10-01 12:28:40,203 - INFO - --- training epoch 26, loss 21.1784, mae 21.6741, rmse 26.5277, time elapsed(min) 0.01---
2026-10-01 12:28:40,341 - INFO - --- validation at epoch 26, val_loss 20.0197, val_mae 20.1556, val_rmse 24.5683, val_r2 0.1662, val_pearson 0.4267, lr 1.00e-03 ---
2026-10-01 12:28:40,341 - INFO - 
****************************************************************************************************
2026-10-01 12:28:41,230 - INFO - --- training epoch 27, loss 22.0165, mae 22.5133, rmse 27.4046, time elapsed(min) 0.01---
2026-10-01 12:28:41,380 - INFO - --- validation at epoch 27, val_loss 21.8549, val_mae 22.2098, val_rmse 26.2921, val_r2 0.0451, val_pearson 0.2136, lr 1.00e-03 ---
2026-10-01 12:28:41,380 - INFO - 
****************************************************************************************************
2026-10-01 12:28:42,333 - INFO - --- training epoch 28, loss 22.9299, mae 23.4257, rmse 28.2500, time elapsed(min) 0.01---
2026-10-01 12:28:42,489 - INFO - --- validation at epoch 28, val_loss 22.2120, val_mae 22.4215, val_rmse 26.2624, val_r2 0.0473, val_pearson 0.2573, lr 1.00e-03 ---
2026-10-01 12:28:42,489 - INFO - 
****************************************************************************************************
2026-10-01 12:28:43,513 - INFO - --- training epoch 29, loss 22.5248, mae 23.0225, rmse 27.2725, time elapsed(min) 0.01---
2026-10-01 12:28:43,661 - INFO - --- validation at epoch 29, val_loss 21.2295, val_mae 21.7375, val_rmse 25.4480, val_r2 0.1055, val_pearson 0.3716, lr 1.00e-03 ---
2026-10-01 12:28:43,661 - INFO - 
****************************************************************************************************
2026-10-01 12:28:44,617 - INFO - --- training epoch 30, loss 22.3677, mae 22.8642, rmse 27.3128, time elapsed(min) 0.01---
2026-10-01 12:28:44,965 - INFO - --- validation at epoch 30, val_loss 23.4157, val_mae 23.1623, val_rmse 26.7784, val_r2 0.0095, val_pearson 0.3222, lr 1.00e-03 ---
2026-10-01 12:28:44,965 - INFO - 
****************************************************************************************************
2026-10-01 12:28:45,866 - INFO - --- training epoch 31, loss 23.3417, mae 23.8378, rmse 28.8552, time elapsed(min) 0.01---
2026-10-01 12:28:46,000 - INFO - --- validation at epoch 31, val_loss 22.8845, val_mae 22.8474, val_rmse 26.7402, val_r2 0.0123, val_pearson 0.1385, lr 1.00e-03 ---
2026-10-01 12:28:46,000 - INFO - 
****************************************************************************************************
2026-10-01 12:28:46,792 - INFO - --- training epoch 32, loss 22.8725, mae 23.3699, rmse 27.6191, time elapsed(min) 0.01---
2026-10-01 12:28:46,936 - INFO - --- validation at epoch 32, val_loss 22.3815, val_mae 22.4850, val_rmse 26.1855, val_r2 0.0528, val_pearson 0.2332, lr 1.00e-03 ---
2026-10-01 12:28:46,936 - INFO - 
****************************************************************************************************
2026-10-01 12:28:47,850 - INFO - --- training epoch 33, loss 22.2950, mae 22.7923, rmse 26.9008, time elapsed(min) 0.01---
2026-10-01 12:28:48,003 - INFO - --- validation at epoch 33, val_loss 22.2918, val_mae 22.3399, val_rmse 25.9224, val_r2 0.0718, val_pearson 0.2959, lr 1.00e-03 ---
2026-10-01 12:28:48,003 - INFO - 
****************************************************************************************************
2026-10-01 12:28:48,952 - INFO - --- training epoch 34, loss 22.0587, mae 22.5558, rmse 26.7129, time elapsed(min) 0.01---
2026-10-01 12:28:49,099 - INFO - --- validation at epoch 34, val_loss 21.5121, val_mae 21.7431, val_rmse 25.6383, val_r2 0.0920, val_pearson 0.3115, lr 1.00e-03 ---
2026-10-01 12:28:49,099 - INFO - 
****************************************************************************************************
2026-10-01 12:28:50,057 - INFO - --- training epoch 35, loss 21.9687, mae 22.4656, rmse 26.7057, time elapsed(min) 0.01---
2026-10-01 12:28:50,206 - INFO - --- validation at epoch 35, val_loss 22.3976, val_mae 22.3747, val_rmse 26.2989, val_r2 0.0446, val_pearson 0.3054, lr 1.00e-03 ---
2026-10-01 12:28:50,206 - INFO - 
****************************************************************************************************
2026-10-01 12:28:51,128 - INFO - --- training epoch 36, loss 22.0682, mae 22.5657, rmse 27.1591, time elapsed(min) 0.01---
2026-10-01 12:28:51,282 - INFO - --- validation at epoch 36, val_loss 22.5358, val_mae 22.4819, val_rmse 26.6959, val_r2 0.0156, val_pearson 0.3116, lr 1.00e-03 ---
2026-10-01 12:28:51,282 - INFO - 
****************************************************************************************************
2026-10-01 12:28:51,565 - INFO - --- early stopping at epoch 36: val_loss did not improve for 10 epochs ---
2026-10-01 12:28:51,733 - INFO - --- selected checkpoint from epoch 26, val_loss 20.0197, val_mae 20.1556, val_rmse 24.5683
2026-10-01 12:28:52,082 - INFO - -- RESULT
2026-10-01 12:28:52,082 - INFO - --- test size: 1187
2026-10-01 12:28:52,082 - INFO - --- MAE: 20.7807 pp, RMSE: 25.3097 pp, R2: 0.1303, Pearson: 0.4122
2026-10-01 12:28:52,083 - INFO - --- fullcv04_split70: MAE 20.78065395596882, RMSE 25.309735444757916, R2 0.13028655290764446
2026-10-01 12:28:52,094 - INFO - --- training fullcv05_split70 (npz/bh/fullcv05_split70)
