2026-10-01 06:51:10,310 - INFO - device is	cuda:0
2026-10-01 06:51:10,532 - INFO - -- CONFIGURATIONS
2026-10-01 06:51:10,532 - INFO - --- train/valid/test: 3628/404/1728
2026-10-01 06:51:10,532 - INFO - --- max no. reactants_train, valid, test respectively: 14, 14, 14
2026-10-01 06:51:10,532 - INFO - --- max no. products_train, valid, test respectively: 1, 1, 1
2026-10-01 06:51:10,532 - INFO - --- model_path: ../logs/approach2_grid_suzuki/e400/runs/Suzuki-Miyaura_split_1_current_model/model.pt
2026-10-01 06:51:10,539 - INFO - -- TRAINING
2026-10-01 06:51:11,812 - INFO - --- training epoch 0, loss 2.3908, mae 2.7646, rmse 6.8272, time elapsed(min) 0.02---
2026-10-01 06:51:12,019 - INFO - --- validation at epoch 0, val_loss 0.0530, val_mae 0.2352, val_rmse 0.3147, val_r2 -0.3526, val_pearson 0.1173, lr 1.00e-03 ---
2026-10-01 06:51:12,019 - INFO - 
****************************************************************************************************
2026-10-01 06:51:13,633 - INFO - --- training epoch 1, loss 0.0437, mae 0.2533, rmse 0.2958, time elapsed(min) 0.02---
2026-10-01 06:51:13,854 - INFO - --- validation at epoch 1, val_loss 0.0382, val_mae 0.2370, val_rmse 0.2708, val_r2 -0.0017, val_pearson 0.1871, lr 1.00e-03 ---
2026-10-01 06:51:13,854 - INFO - 
****************************************************************************************************
2026-10-01 06:51:15,442 - INFO - --- training epoch 2, loss 0.0389, mae 0.2433, rmse 0.2790, time elapsed(min) 0.02---
2026-10-01 06:51:15,822 - INFO - --- validation at epoch 2, val_loss 0.0378, val_mae 0.2364, val_rmse 0.2695, val_r2 0.0080, val_pearson 0.2300, lr 1.00e-03 ---
2026-10-01 06:51:15,822 - INFO - 
****************************************************************************************************
2026-10-01 06:51:17,585 - INFO - --- training epoch 3, loss 0.0385, mae 0.2417, rmse 0.2776, time elapsed(min) 0.02---
2026-10-01 06:51:17,788 - INFO - --- validation at epoch 3, val_loss 0.0367, val_mae 0.2316, val_rmse 0.2653, val_r2 0.0387, val_pearson 0.2541, lr 1.00e-03 ---
2026-10-01 06:51:17,788 - INFO - 
****************************************************************************************************
2026-10-01 06:51:19,425 - INFO - --- training epoch 4, loss 0.0377, mae 0.2383, rmse 0.2745, time elapsed(min) 0.02---
2026-10-01 06:51:19,637 - INFO - --- validation at epoch 4, val_loss 0.0356, val_mae 0.2242, val_rmse 0.2605, val_r2 0.0733, val_pearson 0.2848, lr 1.00e-03 ---
2026-10-01 06:51:19,637 - INFO - 
****************************************************************************************************
2026-10-01 06:51:21,262 - INFO - --- training epoch 5, loss 0.0374, mae 0.2356, rmse 0.2736, time elapsed(min) 0.02---
2026-10-01 06:51:21,584 - INFO - --- validation at epoch 5, val_loss 0.0350, val_mae 0.2214, val_rmse 0.2584, val_r2 0.0879, val_pearson 0.3048, lr 1.00e-03 ---
2026-10-01 06:51:21,584 - INFO - 
****************************************************************************************************
2026-10-01 06:51:23,394 - INFO - --- training epoch 6, loss 0.0372, mae 0.2341, rmse 0.2727, time elapsed(min) 0.02---
2026-10-01 06:51:23,594 - INFO - --- validation at epoch 6, val_loss 0.0346, val_mae 0.2199, val_rmse 0.2572, val_r2 0.0967, val_pearson 0.3169, lr 1.00e-03 ---
2026-10-01 06:51:23,594 - INFO - 
****************************************************************************************************
2026-10-01 06:51:25,215 - INFO - --- training epoch 7, loss 0.0374, mae 0.2336, rmse 0.2734, time elapsed(min) 0.02---
2026-10-01 06:51:25,422 - INFO - --- validation at epoch 7, val_loss 0.0343, val_mae 0.2190, val_rmse 0.2561, val_r2 0.1044, val_pearson 0.3318, lr 1.00e-03 ---
2026-10-01 06:51:25,422 - INFO - 
****************************************************************************************************
2026-10-01 06:51:27,124 - INFO - --- training epoch 8, loss 0.0361, mae 0.2294, rmse 0.2688, time elapsed(min) 0.02---
2026-10-01 06:51:27,329 - INFO - --- validation at epoch 8, val_loss 0.0346, val_mae 0.2279, val_rmse 0.2614, val_r2 0.0671, val_pearson 0.3566, lr 1.00e-03 ---
2026-10-01 06:51:27,329 - INFO - 
****************************************************************************************************
2026-10-01 06:51:28,983 - INFO - --- training epoch 9, loss 0.0344, mae 0.2213, rmse 0.2624, time elapsed(min) 0.02---
2026-10-01 06:51:29,365 - INFO - --- validation at epoch 9, val_loss 0.0316, val_mae 0.2184, val_rmse 0.2538, val_r2 0.1206, val_pearson 0.4437, lr 1.00e-03 ---
2026-10-01 06:51:29,365 - INFO - 
****************************************************************************************************
2026-10-01 06:51:31,159 - INFO - --- training epoch 10, loss 0.0331, mae 0.2149, rmse 0.2573, time elapsed(min) 0.02---
2026-10-01 06:51:31,407 - INFO - --- validation at epoch 10, val_loss 0.0291, val_mae 0.1986, val_rmse 0.2405, val_r2 0.2103, val_pearson 0.4597, lr 1.00e-03 ---
2026-10-01 06:51:31,407 - INFO - 
****************************************************************************************************
2026-10-01 06:51:33,025 - INFO - --- training epoch 11, loss 0.0317, mae 0.2077, rmse 0.2518, time elapsed(min) 0.02---
2026-10-01 06:51:33,232 - INFO - --- validation at epoch 11, val_loss 0.0321, val_mae 0.2147, val_rmse 0.2543, val_r2 0.1165, val_pearson 0.4964, lr 1.00e-03 ---
2026-10-01 06:51:33,233 - INFO - 
****************************************************************************************************
2026-10-01 06:51:34,866 - INFO - --- training epoch 12, loss 0.0304, mae 0.2024, rmse 0.2467, time elapsed(min) 0.02---
2026-10-01 06:51:35,196 - INFO - --- validation at epoch 12, val_loss 0.0298, val_mae 0.1970, val_rmse 0.2414, val_r2 0.2041, val_pearson 0.5355, lr 1.00e-03 ---
2026-10-01 06:51:35,196 - INFO - 
****************************************************************************************************
2026-10-01 06:51:37,089 - INFO - --- training epoch 13, loss 0.0289, mae 0.1959, rmse 0.2404, time elapsed(min) 0.03---
2026-10-01 06:51:37,288 - INFO - --- validation at epoch 13, val_loss 0.0255, val_mae 0.1758, val_rmse 0.2210, val_r2 0.3332, val_pearson 0.5799, lr 1.00e-03 ---
2026-10-01 06:51:37,288 - INFO - 
****************************************************************************************************
2026-10-01 06:51:38,903 - INFO - --- training epoch 14, loss 0.0279, mae 0.1928, rmse 0.2363, time elapsed(min) 0.02---
2026-10-01 06:51:39,116 - INFO - --- validation at epoch 14, val_loss 0.0223, val_mae 0.1640, val_rmse 0.2065, val_r2 0.4177, val_pearson 0.6483, lr 1.00e-03 ---
2026-10-01 06:51:39,116 - INFO - 
****************************************************************************************************
2026-10-01 06:51:40,759 - INFO - --- training epoch 15, loss 0.0244, mae 0.1782, rmse 0.2210, time elapsed(min) 0.02---
2026-10-01 06:51:41,080 - INFO - --- validation at epoch 15, val_loss 0.0229, val_mae 0.1588, val_rmse 0.2002, val_r2 0.4526, val_pearson 0.6768, lr 1.00e-03 ---
2026-10-01 06:51:41,080 - INFO - 
****************************************************************************************************
2026-10-01 06:51:42,856 - INFO - --- training epoch 16, loss 0.0226, mae 0.1705, rmse 0.2125, time elapsed(min) 0.02---
2026-10-01 06:51:43,238 - INFO - --- validation at epoch 16, val_loss 0.0192, val_mae 0.1504, val_rmse 0.1898, val_r2 0.5079, val_pearson 0.7211, lr 1.00e-03 ---
2026-10-01 06:51:43,238 - INFO - 
****************************************************************************************************
2026-10-01 06:51:44,969 - INFO - --- training epoch 17, loss 0.0216, mae 0.1670, rmse 0.2080, time elapsed(min) 0.02---
2026-10-01 06:51:45,172 - INFO - --- validation at epoch 17, val_loss 0.0184, val_mae 0.1507, val_rmse 0.1862, val_r2 0.5266, val_pearson 0.7359, lr 1.00e-03 ---
2026-10-01 06:51:45,172 - INFO - 
****************************************************************************************************
2026-10-01 06:51:46,817 - INFO - --- training epoch 18, loss 0.0203, mae 0.1593, rmse 0.2014, time elapsed(min) 0.02---
2026-10-01 06:51:47,018 - INFO - --- validation at epoch 18, val_loss 0.0191, val_mae 0.1486, val_rmse 0.1848, val_r2 0.5337, val_pearson 0.7326, lr 1.00e-03 ---
2026-10-01 06:51:47,018 - INFO - 
****************************************************************************************************
2026-10-01 06:51:48,750 - INFO - --- training epoch 19, loss 0.0211, mae 0.1632, rmse 0.2055, time elapsed(min) 0.02---
2026-10-01 06:51:49,110 - INFO - --- validation at epoch 19, val_loss 0.0178, val_mae 0.1510, val_rmse 0.1840, val_r2 0.5376, val_pearson 0.7440, lr 1.00e-03 ---
2026-10-01 06:51:49,110 - INFO - 
****************************************************************************************************
2026-10-01 06:51:50,858 - INFO - --- training epoch 20, loss 0.0199, mae 0.1573, rmse 0.1994, time elapsed(min) 0.02---
2026-10-01 06:51:51,109 - INFO - --- validation at epoch 20, val_loss 0.0173, val_mae 0.1432, val_rmse 0.1816, val_r2 0.5497, val_pearson 0.7433, lr 1.00e-03 ---
2026-10-01 06:51:51,109 - INFO - 
****************************************************************************************************
2026-10-01 06:51:52,728 - INFO - --- training epoch 21, loss 0.0194, mae 0.1566, rmse 0.1969, time elapsed(min) 0.02---
2026-10-01 06:51:52,936 - INFO - --- validation at epoch 21, val_loss 0.0167, val_mae 0.1419, val_rmse 0.1771, val_r2 0.5715, val_pearson 0.7584, lr 1.00e-03 ---
2026-10-01 06:51:52,937 - INFO - 
****************************************************************************************************
2026-10-01 06:51:54,644 - INFO - --- training epoch 22, loss 0.0189, mae 0.1537, rmse 0.1945, time elapsed(min) 0.02---
2026-10-01 06:51:54,973 - INFO - --- validation at epoch 22, val_loss 0.0167, val_mae 0.1401, val_rmse 0.1756, val_r2 0.5787, val_pearson 0.7627, lr 1.00e-03 ---
2026-10-01 06:51:54,973 - INFO - 
****************************************************************************************************
2026-10-01 06:51:56,814 - INFO - --- training epoch 23, loss 0.0194, mae 0.1564, rmse 0.1972, time elapsed(min) 0.02---
2026-10-01 06:51:57,017 - INFO - --- validation at epoch 23, val_loss 0.0169, val_mae 0.1394, val_rmse 0.1769, val_r2 0.5724, val_pearson 0.7569, lr 1.00e-03 ---
2026-10-01 06:51:57,017 - INFO - 
****************************************************************************************************
2026-10-01 06:51:58,583 - INFO - --- training epoch 24, loss 0.0186, mae 0.1522, rmse 0.1931, time elapsed(min) 0.02---
2026-10-01 06:51:58,788 - INFO - --- validation at epoch 24, val_loss 0.0160, val_mae 0.1371, val_rmse 0.1736, val_r2 0.5884, val_pearson 0.7682, lr 1.00e-03 ---
2026-10-01 06:51:58,788 - INFO - 
****************************************************************************************************
2026-10-01 06:52:00,427 - INFO - --- training epoch 25, loss 0.0185, mae 0.1518, rmse 0.1923, time elapsed(min) 0.02---
2026-10-01 06:52:00,750 - INFO - --- validation at epoch 25, val_loss 0.0158, val_mae 0.1358, val_rmse 0.1726, val_r2 0.5933, val_pearson 0.7715, lr 1.00e-03 ---
2026-10-01 06:52:00,750 - INFO - 
****************************************************************************************************
2026-10-01 06:52:02,595 - INFO - --- training epoch 26, loss 0.0182, mae 0.1500, rmse 0.1908, time elapsed(min) 0.02---
2026-10-01 06:52:02,797 - INFO - --- validation at epoch 26, val_loss 0.0157, val_mae 0.1355, val_rmse 0.1730, val_r2 0.5914, val_pearson 0.7725, lr 1.00e-03 ---
2026-10-01 06:52:02,797 - INFO - 
****************************************************************************************************
2026-10-01 06:52:04,416 - INFO - --- training epoch 27, loss 0.0181, mae 0.1494, rmse 0.1905, time elapsed(min) 0.02---
2026-10-01 06:52:04,614 - INFO - --- validation at epoch 27, val_loss 0.0158, val_mae 0.1357, val_rmse 0.1723, val_r2 0.5948, val_pearson 0.7724, lr 1.00e-03 ---
2026-10-01 06:52:04,614 - INFO - 
****************************************************************************************************
2026-10-01 06:52:06,260 - INFO - --- training epoch 28, loss 0.0182, mae 0.1506, rmse 0.1906, time elapsed(min) 0.02---
2026-10-01 06:52:06,586 - INFO - --- validation at epoch 28, val_loss 0.0156, val_mae 0.1343, val_rmse 0.1718, val_r2 0.5970, val_pearson 0.7762, lr 1.00e-03 ---
2026-10-01 06:52:06,586 - INFO - 
****************************************************************************************************
2026-10-01 06:52:08,325 - INFO - --- training epoch 29, loss 0.0175, mae 0.1473, rmse 0.1871, time elapsed(min) 0.02---
2026-10-01 06:52:08,704 - INFO - --- validation at epoch 29, val_loss 0.0158, val_mae 0.1358, val_rmse 0.1730, val_r2 0.5912, val_pearson 0.7700, lr 1.00e-03 ---
2026-10-01 06:52:08,704 - INFO - 
****************************************************************************************************
2026-10-01 06:52:10,454 - INFO - --- training epoch 30, loss 0.0177, mae 0.1475, rmse 0.1880, time elapsed(min) 0.02---
2026-10-01 06:52:10,656 - INFO - --- validation at epoch 30, val_loss 0.0154, val_mae 0.1341, val_rmse 0.1720, val_r2 0.5959, val_pearson 0.7767, lr 1.00e-03 ---
2026-10-01 06:52:10,656 - INFO - 
****************************************************************************************************
2026-10-01 06:52:12,334 - INFO - --- training epoch 31, loss 0.0170, mae 0.1444, rmse 0.1845, time elapsed(min) 0.02---
2026-10-01 06:52:12,536 - INFO - --- validation at epoch 31, val_loss 0.0148, val_mae 0.1303, val_rmse 0.1668, val_r2 0.6202, val_pearson 0.7901, lr 1.00e-03 ---
2026-10-01 06:52:12,536 - INFO - 
****************************************************************************************************
2026-10-01 06:52:14,263 - INFO - --- training epoch 32, loss 0.0208, mae 0.1588, rmse 0.2038, time elapsed(min) 0.02---
2026-10-01 06:52:14,629 - INFO - --- validation at epoch 32, val_loss 0.0341, val_mae 0.2254, val_rmse 0.2603, val_r2 0.0747, val_pearson 0.7619, lr 1.00e-03 ---
2026-10-01 06:52:14,629 - INFO - 
****************************************************************************************************
2026-10-01 06:52:16,352 - INFO - --- training epoch 33, loss 0.0223, mae 0.1669, rmse 0.2110, time elapsed(min) 0.02---
2026-10-01 06:52:16,557 - INFO - --- validation at epoch 33, val_loss 0.0171, val_mae 0.1444, val_rmse 0.1783, val_r2 0.5658, val_pearson 0.7704, lr 1.00e-03 ---
2026-10-01 06:52:16,557 - INFO - 
****************************************************************************************************
2026-10-01 06:52:18,123 - INFO - --- training epoch 34, loss 0.0181, mae 0.1480, rmse 0.1905, time elapsed(min) 0.02---
2026-10-01 06:52:18,328 - INFO - --- validation at epoch 34, val_loss 0.0167, val_mae 0.1429, val_rmse 0.1778, val_r2 0.5684, val_pearson 0.7817, lr 1.00e-03 ---
2026-10-01 06:52:18,328 - INFO - 
****************************************************************************************************
2026-10-01 06:52:19,961 - INFO - --- training epoch 35, loss 0.0175, mae 0.1452, rmse 0.1870, time elapsed(min) 0.02---
2026-10-01 06:52:20,298 - INFO - --- validation at epoch 35, val_loss 0.0149, val_mae 0.1314, val_rmse 0.1674, val_r2 0.6173, val_pearson 0.7914, lr 1.00e-03 ---
2026-10-01 06:52:20,298 - INFO - 
****************************************************************************************************
2026-10-01 06:52:22,186 - INFO - --- training epoch 36, loss 0.0163, mae 0.1401, rmse 0.1803, time elapsed(min) 0.03---
2026-10-01 06:52:22,388 - INFO - --- validation at epoch 36, val_loss 0.0150, val_mae 0.1302, val_rmse 0.1680, val_r2 0.6147, val_pearson 0.7860, lr 1.00e-03 ---
2026-10-01 06:52:22,388 - INFO - 
****************************************************************************************************
2026-10-01 06:52:24,010 - INFO - --- training epoch 37, loss 0.0159, mae 0.1389, rmse 0.1782, time elapsed(min) 0.02---
2026-10-01 06:52:24,249 - INFO - --- validation at epoch 37, val_loss 0.0144, val_mae 0.1255, val_rmse 0.1620, val_r2 0.6417, val_pearson 0.8011, lr 1.00e-03 ---
2026-10-01 06:52:24,249 - INFO - 
****************************************************************************************************
2026-10-01 06:52:25,866 - INFO - --- training epoch 38, loss 0.0159, mae 0.1387, rmse 0.1781, time elapsed(min) 0.02---
2026-10-01 06:52:26,192 - INFO - --- validation at epoch 38, val_loss 0.0144, val_mae 0.1233, val_rmse 0.1606, val_r2 0.6479, val_pearson 0.8101, lr 1.00e-03 ---
2026-10-01 06:52:26,192 - INFO - 
****************************************************************************************************
2026-10-01 06:52:27,880 - INFO - --- training epoch 39, loss 0.0153, mae 0.1354, rmse 0.1748, time elapsed(min) 0.02---
2026-10-01 06:52:28,258 - INFO - --- validation at epoch 39, val_loss 0.0137, val_mae 0.1223, val_rmse 0.1571, val_r2 0.6629, val_pearson 0.8155, lr 1.00e-03 ---
2026-10-01 06:52:28,258 - INFO - 
****************************************************************************************************
2026-10-01 06:52:30,002 - INFO - --- training epoch 40, loss 0.0150, mae 0.1350, rmse 0.1732, time elapsed(min) 0.02---
2026-10-01 06:52:30,204 - INFO - --- validation at epoch 40, val_loss 0.0138, val_mae 0.1221, val_rmse 0.1571, val_r2 0.6630, val_pearson 0.8146, lr 1.00e-03 ---
2026-10-01 06:52:30,205 - INFO - 
****************************************************************************************************
2026-10-01 06:52:31,747 - INFO - --- training epoch 41, loss 0.0145, mae 0.1311, rmse 0.1702, time elapsed(min) 0.02---
2026-10-01 06:52:31,957 - INFO - --- validation at epoch 41, val_loss 0.0131, val_mae 0.1202, val_rmse 0.1559, val_r2 0.6681, val_pearson 0.8178, lr 1.00e-03 ---
2026-10-01 06:52:31,957 - INFO - 
****************************************************************************************************
2026-10-01 06:52:33,678 - INFO - --- training epoch 42, loss 0.0143, mae 0.1310, rmse 0.1693, time elapsed(min) 0.02---
2026-10-01 06:52:34,039 - INFO - --- validation at epoch 42, val_loss 0.0144, val_mae 0.1225, val_rmse 0.1587, val_r2 0.6561, val_pearson 0.8154, lr 1.00e-03 ---
2026-10-01 06:52:34,039 - INFO - 
****************************************************************************************************
2026-10-01 06:52:35,698 - INFO - --- training epoch 43, loss 0.0157, mae 0.1380, rmse 0.1770, time elapsed(min) 0.02---
2026-10-01 06:52:35,904 - INFO - --- validation at epoch 43, val_loss 0.0142, val_mae 0.1281, val_rmse 0.1624, val_r2 0.6396, val_pearson 0.8119, lr 1.00e-03 ---
2026-10-01 06:52:35,904 - INFO - 
****************************************************************************************************
2026-10-01 06:52:37,452 - INFO - --- training epoch 44, loss 0.0164, mae 0.1397, rmse 0.1809, time elapsed(min) 0.02---
2026-10-01 06:52:37,680 - INFO - --- validation at epoch 44, val_loss 0.0124, val_mae 0.1183, val_rmse 0.1548, val_r2 0.6728, val_pearson 0.8203, lr 1.00e-03 ---
2026-10-01 06:52:37,680 - INFO - 
****************************************************************************************************
2026-10-01 06:52:39,334 - INFO - --- training epoch 45, loss 0.0141, mae 0.1296, rmse 0.1681, time elapsed(min) 0.02---
2026-10-01 06:52:39,698 - INFO - --- validation at epoch 45, val_loss 0.0125, val_mae 0.1187, val_rmse 0.1513, val_r2 0.6873, val_pearson 0.8291, lr 1.00e-03 ---
2026-10-01 06:52:39,698 - INFO - 
****************************************************************************************************
2026-10-01 06:52:41,460 - INFO - --- training epoch 46, loss 0.0136, mae 0.1277, rmse 0.1648, time elapsed(min) 0.02---
2026-10-01 06:52:41,665 - INFO - --- validation at epoch 46, val_loss 0.0124, val_mae 0.1172, val_rmse 0.1521, val_r2 0.6840, val_pearson 0.8296, lr 1.00e-03 ---
2026-10-01 06:52:41,665 - INFO - 
****************************************************************************************************
2026-10-01 06:52:43,293 - INFO - --- training epoch 47, loss 0.0131, mae 0.1252, rmse 0.1620, time elapsed(min) 0.02---
2026-10-01 06:52:43,517 - INFO - --- validation at epoch 47, val_loss 0.0127, val_mae 0.1173, val_rmse 0.1520, val_r2 0.6845, val_pearson 0.8299, lr 1.00e-03 ---
2026-10-01 06:52:43,517 - INFO - 
****************************************************************************************************
2026-10-01 06:52:45,130 - INFO - --- training epoch 48, loss 0.0125, mae 0.1218, rmse 0.1584, time elapsed(min) 0.02---
2026-10-01 06:52:45,462 - INFO - --- validation at epoch 48, val_loss 0.0116, val_mae 0.1134, val_rmse 0.1467, val_r2 0.7062, val_pearson 0.8416, lr 1.00e-03 ---
2026-10-01 06:52:45,462 - INFO - 
****************************************************************************************************
2026-10-01 06:52:47,296 - INFO - --- training epoch 49, loss 0.0122, mae 0.1203, rmse 0.1559, time elapsed(min) 0.02---
2026-10-01 06:52:47,541 - INFO - --- validation at epoch 49, val_loss 0.0117, val_mae 0.1112, val_rmse 0.1441, val_r2 0.7164, val_pearson 0.8476, lr 1.00e-03 ---
2026-10-01 06:52:47,541 - INFO - 
****************************************************************************************************
2026-10-01 06:52:49,079 - INFO - --- training epoch 50, loss 0.0137, mae 0.1277, rmse 0.1656, time elapsed(min) 0.02---
2026-10-01 06:52:49,290 - INFO - --- validation at epoch 50, val_loss 0.0134, val_mae 0.1217, val_rmse 0.1545, val_r2 0.6740, val_pearson 0.8340, lr 1.00e-03 ---
2026-10-01 06:52:49,290 - INFO - 
****************************************************************************************************
2026-10-01 06:52:50,830 - INFO - --- training epoch 51, loss 0.0150, mae 0.1340, rmse 0.1733, time elapsed(min) 0.02---
2026-10-01 06:52:51,030 - INFO - --- validation at epoch 51, val_loss 0.0113, val_mae 0.1138, val_rmse 0.1488, val_r2 0.6978, val_pearson 0.8455, lr 1.00e-03 ---
2026-10-01 06:52:51,030 - INFO - 
****************************************************************************************************
2026-10-01 06:52:52,752 - INFO - --- training epoch 52, loss 0.0124, mae 0.1214, rmse 0.1572, time elapsed(min) 0.02---
2026-10-01 06:52:53,115 - INFO - --- validation at epoch 52, val_loss 0.0112, val_mae 0.1101, val_rmse 0.1434, val_r2 0.7193, val_pearson 0.8504, lr 1.00e-03 ---
2026-10-01 06:52:53,116 - INFO - 
****************************************************************************************************
2026-10-01 06:52:54,865 - INFO - --- training epoch 53, loss 0.0118, mae 0.1170, rmse 0.1534, time elapsed(min) 0.02---
2026-10-01 06:52:55,067 - INFO - --- validation at epoch 53, val_loss 0.0111, val_mae 0.1114, val_rmse 0.1441, val_r2 0.7165, val_pearson 0.8495, lr 1.00e-03 ---
2026-10-01 06:52:55,067 - INFO - 
****************************************************************************************************
2026-10-01 06:52:56,714 - INFO - --- training epoch 54, loss 0.0112, mae 0.1140, rmse 0.1495, time elapsed(min) 0.02---
2026-10-01 06:52:56,915 - INFO - --- validation at epoch 54, val_loss 0.0103, val_mae 0.1079, val_rmse 0.1390, val_r2 0.7360, val_pearson 0.8608, lr 1.00e-03 ---
2026-10-01 06:52:56,915 - INFO - 
****************************************************************************************************
2026-10-01 06:52:58,626 - INFO - --- training epoch 55, loss 0.0117, mae 0.1173, rmse 0.1530, time elapsed(min) 0.02---
2026-10-01 06:52:58,957 - INFO - --- validation at epoch 55, val_loss 0.0103, val_mae 0.1045, val_rmse 0.1372, val_r2 0.7428, val_pearson 0.8634, lr 1.00e-03 ---
2026-10-01 06:52:58,957 - INFO - 
****************************************************************************************************
2026-10-01 06:53:00,926 - INFO - --- training epoch 56, loss 0.0113, mae 0.1144, rmse 0.1505, time elapsed(min) 0.03---
2026-10-01 06:53:01,128 - INFO - --- validation at epoch 56, val_loss 0.0095, val_mae 0.1018, val_rmse 0.1363, val_r2 0.7463, val_pearson 0.8661, lr 1.00e-03 ---
2026-10-01 06:53:01,128 - INFO - 
****************************************************************************************************
2026-10-01 06:53:02,795 - INFO - --- training epoch 57, loss 0.0108, mae 0.1121, rmse 0.1469, time elapsed(min) 0.02---
2026-10-01 06:53:03,001 - INFO - --- validation at epoch 57, val_loss 0.0095, val_mae 0.1027, val_rmse 0.1356, val_r2 0.7488, val_pearson 0.8672, lr 1.00e-03 ---
2026-10-01 06:53:03,001 - INFO - 
****************************************************************************************************
2026-10-01 06:53:04,587 - INFO - --- training epoch 58, loss 0.0110, mae 0.1133, rmse 0.1482, time elapsed(min) 0.02---
2026-10-01 06:53:04,914 - INFO - --- validation at epoch 58, val_loss 0.0097, val_mae 0.1035, val_rmse 0.1354, val_r2 0.7497, val_pearson 0.8673, lr 1.00e-03 ---
2026-10-01 06:53:04,914 - INFO - 
****************************************************************************************************
2026-10-01 06:53:06,728 - INFO - --- training epoch 59, loss 0.0103, mae 0.1097, rmse 0.1435, time elapsed(min) 0.03---
2026-10-01 06:53:06,928 - INFO - --- validation at epoch 59, val_loss 0.0093, val_mae 0.1010, val_rmse 0.1327, val_r2 0.7597, val_pearson 0.8726, lr 1.00e-03 ---
2026-10-01 06:53:06,928 - INFO - 
****************************************************************************************************
2026-10-01 06:53:08,577 - INFO - --- training epoch 60, loss 0.0105, mae 0.1095, rmse 0.1449, time elapsed(min) 0.02---
2026-10-01 06:53:08,780 - INFO - --- validation at epoch 60, val_loss 0.0091, val_mae 0.1014, val_rmse 0.1327, val_r2 0.7594, val_pearson 0.8733, lr 1.00e-03 ---
2026-10-01 06:53:08,780 - INFO - 
****************************************************************************************************
2026-10-01 06:53:10,417 - INFO - --- training epoch 61, loss 0.0105, mae 0.1101, rmse 0.1452, time elapsed(min) 0.02---
2026-10-01 06:53:10,743 - INFO - --- validation at epoch 61, val_loss 0.0087, val_mae 0.0983, val_rmse 0.1309, val_r2 0.7660, val_pearson 0.8764, lr 1.00e-03 ---
2026-10-01 06:53:10,743 - INFO - 
****************************************************************************************************
2026-10-01 06:53:12,486 - INFO - --- training epoch 62, loss 0.0107, mae 0.1111, rmse 0.1460, time elapsed(min) 0.02---
2026-10-01 06:53:12,852 - INFO - --- validation at epoch 62, val_loss 0.0097, val_mae 0.1029, val_rmse 0.1355, val_r2 0.7494, val_pearson 0.8673, lr 1.00e-03 ---
2026-10-01 06:53:12,852 - INFO - 
****************************************************************************************************
2026-10-01 06:53:14,514 - INFO - --- training epoch 63, loss 0.0105, mae 0.1105, rmse 0.1452, time elapsed(min) 0.02---
2026-10-01 06:53:14,717 - INFO - --- validation at epoch 63, val_loss 0.0095, val_mae 0.1023, val_rmse 0.1332, val_r2 0.7577, val_pearson 0.8744, lr 1.00e-03 ---
2026-10-01 06:53:14,717 - INFO - 
****************************************************************************************************
2026-10-01 06:53:16,291 - INFO - --- training epoch 64, loss 0.0105, mae 0.1098, rmse 0.1446, time elapsed(min) 0.02---
2026-10-01 06:53:16,490 - INFO - --- validation at epoch 64, val_loss 0.0085, val_mae 0.1000, val_rmse 0.1311, val_r2 0.7653, val_pearson 0.8779, lr 1.00e-03 ---
2026-10-01 06:53:16,490 - INFO - 
****************************************************************************************************
2026-10-01 06:53:18,207 - INFO - --- training epoch 65, loss 0.0100, mae 0.1078, rmse 0.1412, time elapsed(min) 0.02---
2026-10-01 06:53:18,591 - INFO - --- validation at epoch 65, val_loss 0.0090, val_mae 0.1013, val_rmse 0.1319, val_r2 0.7625, val_pearson 0.8771, lr 1.00e-03 ---
2026-10-01 06:53:18,592 - INFO - 
****************************************************************************************************
2026-10-01 06:53:20,233 - INFO - --- training epoch 66, loss 0.0098, mae 0.1060, rmse 0.1403, time elapsed(min) 0.02---
2026-10-01 06:53:20,436 - INFO - --- validation at epoch 66, val_loss 0.0084, val_mae 0.0996, val_rmse 0.1295, val_r2 0.7710, val_pearson 0.8792, lr 1.00e-03 ---
2026-10-01 06:53:20,436 - INFO - 
****************************************************************************************************
2026-10-01 06:53:22,076 - INFO - --- training epoch 67, loss 0.0100, mae 0.1067, rmse 0.1413, time elapsed(min) 0.02---
2026-10-01 06:53:22,283 - INFO - --- validation at epoch 67, val_loss 0.0090, val_mae 0.0997, val_rmse 0.1311, val_r2 0.7653, val_pearson 0.8769, lr 1.00e-03 ---
2026-10-01 06:53:22,283 - INFO - 
****************************************************************************************************
2026-10-01 06:53:23,862 - INFO - --- training epoch 68, loss 0.0101, mae 0.1077, rmse 0.1422, time elapsed(min) 0.02---
2026-10-01 06:53:24,219 - INFO - --- validation at epoch 68, val_loss 0.0090, val_mae 0.0990, val_rmse 0.1307, val_r2 0.7668, val_pearson 0.8788, lr 1.00e-03 ---
2026-10-01 06:53:24,219 - INFO - 
****************************************************************************************************
2026-10-01 06:53:25,978 - INFO - --- training epoch 69, loss 0.0097, mae 0.1053, rmse 0.1390, time elapsed(min) 0.02---
2026-10-01 06:53:26,199 - INFO - --- validation at epoch 69, val_loss 0.0091, val_mae 0.1011, val_rmse 0.1310, val_r2 0.7656, val_pearson 0.8790, lr 1.00e-03 ---
2026-10-01 06:53:26,199 - INFO - 
****************************************************************************************************
2026-10-01 06:53:27,792 - INFO - --- training epoch 70, loss 0.0095, mae 0.1044, rmse 0.1377, time elapsed(min) 0.02---
2026-10-01 06:53:27,996 - INFO - --- validation at epoch 70, val_loss 0.0082, val_mae 0.0973, val_rmse 0.1280, val_r2 0.7764, val_pearson 0.8835, lr 1.00e-03 ---
2026-10-01 06:53:27,996 - INFO - 
****************************************************************************************************
2026-10-01 06:53:29,772 - INFO - --- training epoch 71, loss 0.0099, mae 0.1080, rmse 0.1411, time elapsed(min) 0.02---
2026-10-01 06:53:30,098 - INFO - --- validation at epoch 71, val_loss 0.0087, val_mae 0.0983, val_rmse 0.1295, val_r2 0.7711, val_pearson 0.8794, lr 1.00e-03 ---
2026-10-01 06:53:30,099 - INFO - 
****************************************************************************************************
2026-10-01 06:53:31,890 - INFO - --- training epoch 72, loss 0.0097, mae 0.1065, rmse 0.1393, time elapsed(min) 0.02---
2026-10-01 06:53:32,094 - INFO - --- validation at epoch 72, val_loss 0.0084, val_mae 0.0953, val_rmse 0.1267, val_r2 0.7807, val_pearson 0.8842, lr 1.00e-03 ---
2026-10-01 06:53:32,094 - INFO - 
****************************************************************************************************
2026-10-01 06:53:33,712 - INFO - --- training epoch 73, loss 0.0115, mae 0.1161, rmse 0.1518, time elapsed(min) 0.02---
2026-10-01 06:53:33,921 - INFO - --- validation at epoch 73, val_loss 0.0104, val_mae 0.1111, val_rmse 0.1434, val_r2 0.7192, val_pearson 0.8554, lr 1.00e-03 ---
2026-10-01 06:53:33,921 - INFO - 
****************************************************************************************************
2026-10-01 06:53:35,492 - INFO - --- training epoch 74, loss 0.0104, mae 0.1098, rmse 0.1439, time elapsed(min) 0.02---
2026-10-01 06:53:35,813 - INFO - --- validation at epoch 74, val_loss 0.0090, val_mae 0.0995, val_rmse 0.1311, val_r2 0.7651, val_pearson 0.8757, lr 1.00e-03 ---
2026-10-01 06:53:35,813 - INFO - 
****************************************************************************************************
2026-10-01 06:53:37,461 - INFO - --- training epoch 75, loss 0.0102, mae 0.1088, rmse 0.1427, time elapsed(min) 0.02---
2026-10-01 06:53:37,831 - INFO - --- validation at epoch 75, val_loss 0.0096, val_mae 0.1015, val_rmse 0.1348, val_r2 0.7517, val_pearson 0.8687, lr 1.00e-03 ---
2026-10-01 06:53:37,831 - INFO - 
****************************************************************************************************
2026-10-01 06:53:39,532 - INFO - --- training epoch 76, loss 0.0100, mae 0.1079, rmse 0.1416, time elapsed(min) 0.02---
2026-10-01 06:53:39,733 - INFO - --- validation at epoch 76, val_loss 0.0085, val_mae 0.0981, val_rmse 0.1294, val_r2 0.7711, val_pearson 0.8804, lr 1.00e-03 ---
2026-10-01 06:53:39,733 - INFO - 
****************************************************************************************************
2026-10-01 06:53:41,359 - INFO - --- training epoch 77, loss 0.0098, mae 0.1059, rmse 0.1400, time elapsed(min) 0.02---
2026-10-01 06:53:41,561 - INFO - --- validation at epoch 77, val_loss 0.0093, val_mae 0.1015, val_rmse 0.1344, val_r2 0.7533, val_pearson 0.8718, lr 1.00e-03 ---
2026-10-01 06:53:41,561 - INFO - 
****************************************************************************************************
2026-10-01 06:53:43,102 - INFO - --- training epoch 78, loss 0.0129, mae 0.1233, rmse 0.1609, time elapsed(min) 0.02---
2026-10-01 06:53:43,428 - INFO - --- validation at epoch 78, val_loss 0.0096, val_mae 0.1016, val_rmse 0.1359, val_r2 0.7477, val_pearson 0.8656, lr 1.00e-03 ---
2026-10-01 06:53:43,428 - INFO - 
****************************************************************************************************
2026-10-01 06:53:45,253 - INFO - --- training epoch 79, loss 0.0108, mae 0.1106, rmse 0.1469, time elapsed(min) 0.02---
2026-10-01 06:53:45,456 - INFO - --- validation at epoch 79, val_loss 0.0081, val_mae 0.0962, val_rmse 0.1285, val_r2 0.7746, val_pearson 0.8819, lr 1.00e-03 ---
2026-10-01 06:53:45,457 - INFO - 
****************************************************************************************************
2026-10-01 06:53:47,066 - INFO - --- training epoch 80, loss 0.0097, mae 0.1057, rmse 0.1392, time elapsed(min) 0.02---
2026-10-01 06:53:47,277 - INFO - --- validation at epoch 80, val_loss 0.0086, val_mae 0.0966, val_rmse 0.1297, val_r2 0.7702, val_pearson 0.8777, lr 1.00e-03 ---
2026-10-01 06:53:47,277 - INFO - 
****************************************************************************************************
2026-10-01 06:53:48,836 - INFO - --- training epoch 81, loss 0.0094, mae 0.1041, rmse 0.1371, time elapsed(min) 0.02---
2026-10-01 06:53:49,162 - INFO - --- validation at epoch 81, val_loss 0.0080, val_mae 0.0969, val_rmse 0.1276, val_r2 0.7777, val_pearson 0.8838, lr 1.00e-03 ---
2026-10-01 06:53:49,162 - INFO - 
****************************************************************************************************
2026-10-01 06:53:50,841 - INFO - --- training epoch 82, loss 0.0094, mae 0.1035, rmse 0.1369, time elapsed(min) 0.02---
2026-10-01 06:53:51,206 - INFO - --- validation at epoch 82, val_loss 0.0084, val_mae 0.0950, val_rmse 0.1270, val_r2 0.7796, val_pearson 0.8845, lr 1.00e-03 ---
2026-10-01 06:53:51,206 - INFO - 
****************************************************************************************************
2026-10-01 06:53:52,972 - INFO - --- training epoch 83, loss 0.0095, mae 0.1037, rmse 0.1376, time elapsed(min) 0.02---
2026-10-01 06:53:53,177 - INFO - --- validation at epoch 83, val_loss 0.0084, val_mae 0.0982, val_rmse 0.1307, val_r2 0.7669, val_pearson 0.8764, lr 1.00e-03 ---
2026-10-01 06:53:53,178 - INFO - 
****************************************************************************************************
2026-10-01 06:53:54,874 - INFO - --- training epoch 84, loss 0.0096, mae 0.1054, rmse 0.1387, time elapsed(min) 0.02---
2026-10-01 06:53:55,127 - INFO - --- validation at epoch 84, val_loss 0.0085, val_mae 0.0989, val_rmse 0.1314, val_r2 0.7642, val_pearson 0.8742, lr 1.00e-03 ---
2026-10-01 06:53:55,127 - INFO - 
****************************************************************************************************
2026-10-01 06:53:56,701 - INFO - --- training epoch 85, loss 0.0098, mae 0.1067, rmse 0.1400, time elapsed(min) 0.02---
2026-10-01 06:53:57,029 - INFO - --- validation at epoch 85, val_loss 0.0080, val_mae 0.0940, val_rmse 0.1260, val_r2 0.7831, val_pearson 0.8890, lr 1.00e-03 ---
2026-10-01 06:53:57,029 - INFO - 
****************************************************************************************************
2026-10-01 06:53:58,877 - INFO - --- training epoch 86, loss 0.0093, mae 0.1028, rmse 0.1365, time elapsed(min) 0.02---
2026-10-01 06:53:59,081 - INFO - --- validation at epoch 86, val_loss 0.0083, val_mae 0.0968, val_rmse 0.1282, val_r2 0.7755, val_pearson 0.8850, lr 1.00e-03 ---
2026-10-01 06:53:59,081 - INFO - 
****************************************************************************************************
2026-10-01 06:54:00,646 - INFO - --- training epoch 87, loss 0.0091, mae 0.1023, rmse 0.1351, time elapsed(min) 0.02---
2026-10-01 06:54:00,847 - INFO - --- validation at epoch 87, val_loss 0.0080, val_mae 0.0957, val_rmse 0.1268, val_r2 0.7804, val_pearson 0.8871, lr 1.00e-03 ---
2026-10-01 06:54:00,847 - INFO - 
****************************************************************************************************
2026-10-01 06:54:02,479 - INFO - --- training epoch 88, loss 0.0090, mae 0.1014, rmse 0.1340, time elapsed(min) 0.02---
2026-10-01 06:54:02,806 - INFO - --- validation at epoch 88, val_loss 0.0075, val_mae 0.0935, val_rmse 0.1244, val_r2 0.7886, val_pearson 0.8887, lr 1.00e-03 ---
2026-10-01 06:54:02,806 - INFO - 
****************************************************************************************************
2026-10-01 06:54:04,688 - INFO - --- training epoch 89, loss 0.0094, mae 0.1033, rmse 0.1368, time elapsed(min) 0.03---
2026-10-01 06:54:04,892 - INFO - --- validation at epoch 89, val_loss 0.0084, val_mae 0.0968, val_rmse 0.1292, val_r2 0.7722, val_pearson 0.8816, lr 1.00e-03 ---
2026-10-01 06:54:04,892 - INFO - 
****************************************************************************************************
2026-10-01 06:54:06,439 - INFO - --- training epoch 90, loss 0.0098, mae 0.1065, rmse 0.1401, time elapsed(min) 0.02---
2026-10-01 06:54:06,662 - INFO - --- validation at epoch 90, val_loss 0.0084, val_mae 0.1000, val_rmse 0.1302, val_r2 0.7684, val_pearson 0.8825, lr 1.00e-03 ---
2026-10-01 06:54:06,662 - INFO - 
****************************************************************************************************
2026-10-01 06:54:08,197 - INFO - --- training epoch 91, loss 0.0090, mae 0.1003, rmse 0.1343, time elapsed(min) 0.02---
2026-10-01 06:54:08,402 - INFO - --- validation at epoch 91, val_loss 0.0073, val_mae 0.0913, val_rmse 0.1213, val_r2 0.7992, val_pearson 0.8966, lr 1.00e-03 ---
2026-10-01 06:54:08,402 - INFO - 
****************************************************************************************************
2026-10-01 06:54:10,215 - INFO - --- training epoch 92, loss 0.0089, mae 0.1006, rmse 0.1336, time elapsed(min) 0.02---
2026-10-01 06:54:10,571 - INFO - --- validation at epoch 92, val_loss 0.0082, val_mae 0.0964, val_rmse 0.1268, val_r2 0.7805, val_pearson 0.8862, lr 1.00e-03 ---
2026-10-01 06:54:10,571 - INFO - 
****************************************************************************************************
2026-10-01 06:54:12,190 - INFO - --- training epoch 93, loss 0.0090, mae 0.1014, rmse 0.1338, time elapsed(min) 0.02---
2026-10-01 06:54:12,395 - INFO - --- validation at epoch 93, val_loss 0.0073, val_mae 0.0907, val_rmse 0.1220, val_r2 0.7966, val_pearson 0.8947, lr 1.00e-03 ---
2026-10-01 06:54:12,395 - INFO - 
****************************************************************************************************
2026-10-01 06:54:14,000 - INFO - --- training epoch 94, loss 0.0088, mae 0.0996, rmse 0.1325, time elapsed(min) 0.02---
2026-10-01 06:54:14,225 - INFO - --- validation at epoch 94, val_loss 0.0078, val_mae 0.0947, val_rmse 0.1261, val_r2 0.7827, val_pearson 0.8902, lr 1.00e-03 ---
2026-10-01 06:54:14,225 - INFO - 
****************************************************************************************************
2026-10-01 06:54:15,784 - INFO - --- training epoch 95, loss 0.0089, mae 0.1003, rmse 0.1334, time elapsed(min) 0.02---
2026-10-01 06:54:16,115 - INFO - --- validation at epoch 95, val_loss 0.0081, val_mae 0.0959, val_rmse 0.1285, val_r2 0.7746, val_pearson 0.8881, lr 1.00e-03 ---
2026-10-01 06:54:16,115 - INFO - 
****************************************************************************************************
2026-10-01 06:54:17,849 - INFO - --- training epoch 96, loss 0.0091, mae 0.1009, rmse 0.1349, time elapsed(min) 0.02---
2026-10-01 06:54:18,056 - INFO - --- validation at epoch 96, val_loss 0.0076, val_mae 0.0938, val_rmse 0.1247, val_r2 0.7876, val_pearson 0.8904, lr 1.00e-03 ---
2026-10-01 06:54:18,056 - INFO - 
****************************************************************************************************
2026-10-01 06:54:19,606 - INFO - --- training epoch 97, loss 0.0094, mae 0.1021, rmse 0.1370, time elapsed(min) 0.02---
2026-10-01 06:54:19,812 - INFO - --- validation at epoch 97, val_loss 0.0079, val_mae 0.0929, val_rmse 0.1220, val_r2 0.7967, val_pearson 0.8947, lr 1.00e-03 ---
2026-10-01 06:54:19,812 - INFO - 
****************************************************************************************************
2026-10-01 06:54:21,364 - INFO - --- training epoch 98, loss 0.0090, mae 0.1017, rmse 0.1342, time elapsed(min) 0.02---
2026-10-01 06:54:21,691 - INFO - --- validation at epoch 98, val_loss 0.0077, val_mae 0.0923, val_rmse 0.1248, val_r2 0.7874, val_pearson 0.8896, lr 1.00e-03 ---
2026-10-01 06:54:21,691 - INFO - 
****************************************************************************************************
2026-10-01 06:54:23,355 - INFO - --- training epoch 99, loss 0.0084, mae 0.0972, rmse 0.1294, time elapsed(min) 0.02---
2026-10-01 06:54:23,711 - INFO - --- validation at epoch 99, val_loss 0.0077, val_mae 0.0921, val_rmse 0.1239, val_r2 0.7904, val_pearson 0.8904, lr 1.00e-03 ---
2026-10-01 06:54:23,711 - INFO - 
****************************************************************************************************
2026-10-01 06:54:25,439 - INFO - --- training epoch 100, loss 0.0090, mae 0.1011, rmse 0.1342, time elapsed(min) 0.02---
2026-10-01 06:54:25,666 - INFO - --- validation at epoch 100, val_loss 0.0089, val_mae 0.1022, val_rmse 0.1338, val_r2 0.7555, val_pearson 0.8878, lr 1.00e-03 ---
2026-10-01 06:54:25,666 - INFO - 
****************************************************************************************************
2026-10-01 06:54:27,212 - INFO - --- training epoch 101, loss 0.0089, mae 0.1000, rmse 0.1337, time elapsed(min) 0.02---
2026-10-01 06:54:27,418 - INFO - --- validation at epoch 101, val_loss 0.0079, val_mae 0.0919, val_rmse 0.1229, val_r2 0.7937, val_pearson 0.8909, lr 1.00e-03 ---
2026-10-01 06:54:27,418 - INFO - 
****************************************************************************************************
2026-10-01 06:54:29,066 - INFO - --- training epoch 102, loss 0.0095, mae 0.1037, rmse 0.1376, time elapsed(min) 0.02---
2026-10-01 06:54:29,436 - INFO - --- validation at epoch 102, val_loss 0.0079, val_mae 0.0933, val_rmse 0.1248, val_r2 0.7874, val_pearson 0.8888, lr 1.00e-03 ---
2026-10-01 06:54:29,436 - INFO - 
****************************************************************************************************
2026-10-01 06:54:31,116 - INFO - --- training epoch 103, loss 0.0083, mae 0.0958, rmse 0.1287, time elapsed(min) 0.02---
2026-10-01 06:54:31,318 - INFO - --- validation at epoch 103, val_loss 0.0073, val_mae 0.0890, val_rmse 0.1193, val_r2 0.8056, val_pearson 0.8987, lr 3.00e-04 ---
2026-10-01 06:54:31,318 - INFO - 
****************************************************************************************************
2026-10-01 06:54:32,903 - INFO - --- training epoch 104, loss 0.0075, mae 0.0914, rmse 0.1228, time elapsed(min) 0.02---
2026-10-01 06:54:33,106 - INFO - --- validation at epoch 104, val_loss 0.0069, val_mae 0.0868, val_rmse 0.1164, val_r2 0.8151, val_pearson 0.9039, lr 3.00e-04 ---
2026-10-01 06:54:33,106 - INFO - 
****************************************************************************************************
2026-10-01 06:54:34,732 - INFO - --- training epoch 105, loss 0.0078, mae 0.0925, rmse 0.1246, time elapsed(min) 0.02---
2026-10-01 06:54:35,060 - INFO - --- validation at epoch 105, val_loss 0.0071, val_mae 0.0870, val_rmse 0.1165, val_r2 0.8147, val_pearson 0.9035, lr 3.00e-04 ---
2026-10-01 06:54:35,060 - INFO - 
****************************************************************************************************
2026-10-01 06:54:36,849 - INFO - --- training epoch 106, loss 0.0076, mae 0.0911, rmse 0.1230, time elapsed(min) 0.03---
2026-10-01 06:54:37,052 - INFO - --- validation at epoch 106, val_loss 0.0066, val_mae 0.0841, val_rmse 0.1130, val_r2 0.8255, val_pearson 0.9092, lr 3.00e-04 ---
2026-10-01 06:54:37,053 - INFO - 
****************************************************************************************************
2026-10-01 06:54:38,738 - INFO - --- training epoch 107, loss 0.0075, mae 0.0910, rmse 0.1224, time elapsed(min) 0.02---
2026-10-01 06:54:38,946 - INFO - --- validation at epoch 107, val_loss 0.0069, val_mae 0.0849, val_rmse 0.1143, val_r2 0.8215, val_pearson 0.9072, lr 3.00e-04 ---
2026-10-01 06:54:38,946 - INFO - 
****************************************************************************************************
2026-10-01 06:54:40,506 - INFO - --- training epoch 108, loss 0.0076, mae 0.0916, rmse 0.1229, time elapsed(min) 0.02---
2026-10-01 06:54:40,716 - INFO - --- validation at epoch 108, val_loss 0.0065, val_mae 0.0837, val_rmse 0.1120, val_r2 0.8288, val_pearson 0.9107, lr 3.00e-04 ---
2026-10-01 06:54:40,716 - INFO - 
****************************************************************************************************
2026-10-01 06:54:42,449 - INFO - --- training epoch 109, loss 0.0072, mae 0.0898, rmse 0.1204, time elapsed(min) 0.02---
2026-10-01 06:54:42,823 - INFO - --- validation at epoch 109, val_loss 0.0067, val_mae 0.0834, val_rmse 0.1126, val_r2 0.8267, val_pearson 0.9099, lr 3.00e-04 ---
2026-10-01 06:54:42,823 - INFO - 
****************************************************************************************************
2026-10-01 06:54:44,494 - INFO - --- training epoch 110, loss 0.0076, mae 0.0909, rmse 0.1231, time elapsed(min) 0.02---
2026-10-01 06:54:44,696 - INFO - --- validation at epoch 110, val_loss 0.0067, val_mae 0.0832, val_rmse 0.1127, val_r2 0.8265, val_pearson 0.9103, lr 3.00e-04 ---
2026-10-01 06:54:44,696 - INFO - 
****************************************************************************************************
2026-10-01 06:54:46,249 - INFO - --- training epoch 111, loss 0.0074, mae 0.0900, rmse 0.1216, time elapsed(min) 0.02---
2026-10-01 06:54:46,455 - INFO - --- validation at epoch 111, val_loss 0.0065, val_mae 0.0834, val_rmse 0.1119, val_r2 0.8291, val_pearson 0.9112, lr 3.00e-04 ---
2026-10-01 06:54:46,455 - INFO - 
****************************************************************************************************
2026-10-01 06:54:48,184 - INFO - --- training epoch 112, loss 0.0072, mae 0.0891, rmse 0.1202, time elapsed(min) 0.02---
2026-10-01 06:54:48,519 - INFO - --- validation at epoch 112, val_loss 0.0068, val_mae 0.0850, val_rmse 0.1143, val_r2 0.8216, val_pearson 0.9075, lr 3.00e-04 ---
2026-10-01 06:54:48,519 - INFO - 
****************************************************************************************************
2026-10-01 06:54:50,325 - INFO - --- training epoch 113, loss 0.0074, mae 0.0903, rmse 0.1219, time elapsed(min) 0.03---
2026-10-01 06:54:50,528 - INFO - --- validation at epoch 113, val_loss 0.0067, val_mae 0.0845, val_rmse 0.1140, val_r2 0.8226, val_pearson 0.9076, lr 3.00e-04 ---
2026-10-01 06:54:50,528 - INFO - 
****************************************************************************************************
2026-10-01 06:54:52,068 - INFO - --- training epoch 114, loss 0.0076, mae 0.0918, rmse 0.1231, time elapsed(min) 0.02---
2026-10-01 06:54:52,276 - INFO - --- validation at epoch 114, val_loss 0.0066, val_mae 0.0838, val_rmse 0.1124, val_r2 0.8274, val_pearson 0.9109, lr 3.00e-04 ---
2026-10-01 06:54:52,276 - INFO - 
****************************************************************************************************
2026-10-01 06:54:53,900 - INFO - --- training epoch 115, loss 0.0072, mae 0.0897, rmse 0.1200, time elapsed(min) 0.02---
2026-10-01 06:54:54,243 - INFO - --- validation at epoch 115, val_loss 0.0065, val_mae 0.0838, val_rmse 0.1123, val_r2 0.8277, val_pearson 0.9109, lr 3.00e-04 ---
2026-10-01 06:54:54,243 - INFO - 
****************************************************************************************************
2026-10-01 06:54:56,118 - INFO - --- training epoch 116, loss 0.0072, mae 0.0889, rmse 0.1197, time elapsed(min) 0.03---
2026-10-01 06:54:56,325 - INFO - --- validation at epoch 116, val_loss 0.0066, val_mae 0.0836, val_rmse 0.1130, val_r2 0.8255, val_pearson 0.9090, lr 3.00e-04 ---
2026-10-01 06:54:56,325 - INFO - 
****************************************************************************************************
2026-10-01 06:54:57,864 - INFO - --- training epoch 117, loss 0.0072, mae 0.0899, rmse 0.1203, time elapsed(min) 0.02---
2026-10-01 06:54:58,071 - INFO - --- validation at epoch 117, val_loss 0.0066, val_mae 0.0833, val_rmse 0.1117, val_r2 0.8297, val_pearson 0.9112, lr 3.00e-04 ---
2026-10-01 06:54:58,071 - INFO - 
****************************************************************************************************
2026-10-01 06:54:59,651 - INFO - --- training epoch 118, loss 0.0074, mae 0.0908, rmse 0.1220, time elapsed(min) 0.02---
2026-10-01 06:54:59,858 - INFO - --- validation at epoch 118, val_loss 0.0067, val_mae 0.0841, val_rmse 0.1121, val_r2 0.8283, val_pearson 0.9105, lr 3.00e-04 ---
2026-10-01 06:54:59,859 - INFO - 
****************************************************************************************************
2026-10-01 06:55:01,508 - INFO - --- training epoch 119, loss 0.0072, mae 0.0901, rmse 0.1201, time elapsed(min) 0.02---
2026-10-01 06:55:01,895 - INFO - --- validation at epoch 119, val_loss 0.0065, val_mae 0.0827, val_rmse 0.1116, val_r2 0.8299, val_pearson 0.9123, lr 3.00e-04 ---
2026-10-01 06:55:01,895 - INFO - 
****************************************************************************************************
2026-10-01 06:55:03,590 - INFO - --- training epoch 120, loss 0.0073, mae 0.0902, rmse 0.1210, time elapsed(min) 0.02---
2026-10-01 06:55:03,791 - INFO - --- validation at epoch 120, val_loss 0.0066, val_mae 0.0834, val_rmse 0.1121, val_r2 0.8284, val_pearson 0.9107, lr 3.00e-04 ---
2026-10-01 06:55:03,791 - INFO - 
****************************************************************************************************
2026-10-01 06:55:05,353 - INFO - --- training epoch 121, loss 0.0073, mae 0.0900, rmse 0.1210, time elapsed(min) 0.02---
2026-10-01 06:55:05,555 - INFO - --- validation at epoch 121, val_loss 0.0066, val_mae 0.0834, val_rmse 0.1120, val_r2 0.8288, val_pearson 0.9105, lr 3.00e-04 ---
2026-10-01 06:55:05,555 - INFO - 
****************************************************************************************************
2026-10-01 06:55:07,197 - INFO - --- training epoch 122, loss 0.0075, mae 0.0910, rmse 0.1223, time elapsed(min) 0.02---
2026-10-01 06:55:07,571 - INFO - --- validation at epoch 122, val_loss 0.0067, val_mae 0.0834, val_rmse 0.1115, val_r2 0.8302, val_pearson 0.9121, lr 3.00e-04 ---
2026-10-01 06:55:07,572 - INFO - 
****************************************************************************************************
2026-10-01 06:55:09,421 - INFO - --- training epoch 123, loss 0.0074, mae 0.0906, rmse 0.1220, time elapsed(min) 0.02---
2026-10-01 06:55:09,629 - INFO - --- validation at epoch 123, val_loss 0.0065, val_mae 0.0825, val_rmse 0.1111, val_r2 0.8315, val_pearson 0.9121, lr 3.00e-04 ---
2026-10-01 06:55:09,629 - INFO - 
****************************************************************************************************
2026-10-01 06:55:11,195 - INFO - --- training epoch 124, loss 0.0072, mae 0.0891, rmse 0.1198, time elapsed(min) 0.02---
2026-10-01 06:55:11,423 - INFO - --- validation at epoch 124, val_loss 0.0066, val_mae 0.0845, val_rmse 0.1125, val_r2 0.8273, val_pearson 0.9104, lr 3.00e-04 ---
2026-10-01 06:55:11,423 - INFO - 
****************************************************************************************************
2026-10-01 06:55:12,986 - INFO - --- training epoch 125, loss 0.0072, mae 0.0891, rmse 0.1197, time elapsed(min) 0.02---
2026-10-01 06:55:13,316 - INFO - --- validation at epoch 125, val_loss 0.0068, val_mae 0.0841, val_rmse 0.1131, val_r2 0.8253, val_pearson 0.9086, lr 3.00e-04 ---
2026-10-01 06:55:13,316 - INFO - 
****************************************************************************************************
2026-10-01 06:55:15,068 - INFO - --- training epoch 126, loss 0.0071, mae 0.0886, rmse 0.1194, time elapsed(min) 0.02---
2026-10-01 06:55:15,279 - INFO - --- validation at epoch 126, val_loss 0.0065, val_mae 0.0840, val_rmse 0.1125, val_r2 0.8273, val_pearson 0.9108, lr 3.00e-04 ---
2026-10-01 06:55:15,279 - INFO - 
****************************************************************************************************
2026-10-01 06:55:16,840 - INFO - --- training epoch 127, loss 0.0065, mae 0.0851, rmse 0.1140, time elapsed(min) 0.02---
2026-10-01 06:55:17,048 - INFO - --- validation at epoch 127, val_loss 0.0061, val_mae 0.0830, val_rmse 0.1103, val_r2 0.8338, val_pearson 0.9146, lr 9.00e-05 ---
2026-10-01 06:55:17,048 - INFO - 
****************************************************************************************************
2026-10-01 06:55:18,681 - INFO - --- training epoch 128, loss 0.0065, mae 0.0842, rmse 0.1140, time elapsed(min) 0.02---
2026-10-01 06:55:19,008 - INFO - --- validation at epoch 128, val_loss 0.0061, val_mae 0.0823, val_rmse 0.1094, val_r2 0.8365, val_pearson 0.9164, lr 9.00e-05 ---
2026-10-01 06:55:19,008 - INFO - 
****************************************************************************************************
2026-10-01 06:55:20,959 - INFO - --- training epoch 129, loss 0.0065, mae 0.0845, rmse 0.1138, time elapsed(min) 0.03---
2026-10-01 06:55:21,160 - INFO - --- validation at epoch 129, val_loss 0.0061, val_mae 0.0824, val_rmse 0.1099, val_r2 0.8351, val_pearson 0.9154, lr 9.00e-05 ---
2026-10-01 06:55:21,160 - INFO - 
****************************************************************************************************
2026-10-01 06:55:22,840 - INFO - --- training epoch 130, loss 0.0064, mae 0.0836, rmse 0.1128, time elapsed(min) 0.02---
2026-10-01 06:55:23,040 - INFO - --- validation at epoch 130, val_loss 0.0060, val_mae 0.0816, val_rmse 0.1088, val_r2 0.8382, val_pearson 0.9173, lr 9.00e-05 ---
2026-10-01 06:55:23,040 - INFO - 
****************************************************************************************************
2026-10-01 06:55:24,689 - INFO - --- training epoch 131, loss 0.0066, mae 0.0851, rmse 0.1149, time elapsed(min) 0.02---
2026-10-01 06:55:25,017 - INFO - --- validation at epoch 131, val_loss 0.0061, val_mae 0.0817, val_rmse 0.1090, val_r2 0.8377, val_pearson 0.9170, lr 9.00e-05 ---
2026-10-01 06:55:25,017 - INFO - 
****************************************************************************************************
2026-10-01 06:55:26,790 - INFO - --- training epoch 132, loss 0.0065, mae 0.0847, rmse 0.1142, time elapsed(min) 0.02---
2026-10-01 06:55:26,994 - INFO - --- validation at epoch 132, val_loss 0.0060, val_mae 0.0818, val_rmse 0.1093, val_r2 0.8368, val_pearson 0.9172, lr 9.00e-05 ---
2026-10-01 06:55:26,994 - INFO - 
****************************************************************************************************
2026-10-01 06:55:28,615 - INFO - --- training epoch 133, loss 0.0065, mae 0.0845, rmse 0.1137, time elapsed(min) 0.02---
2026-10-01 06:55:28,821 - INFO - --- validation at epoch 133, val_loss 0.0059, val_mae 0.0805, val_rmse 0.1074, val_r2 0.8425, val_pearson 0.9191, lr 9.00e-05 ---
2026-10-01 06:55:28,821 - INFO - 
****************************************************************************************************
2026-10-01 06:55:30,453 - INFO - --- training epoch 134, loss 0.0063, mae 0.0837, rmse 0.1121, time elapsed(min) 0.02---
2026-10-01 06:55:30,781 - INFO - --- validation at epoch 134, val_loss 0.0060, val_mae 0.0817, val_rmse 0.1089, val_r2 0.8379, val_pearson 0.9176, lr 9.00e-05 ---
2026-10-01 06:55:30,781 - INFO - 
****************************************************************************************************
2026-10-01 06:55:32,420 - INFO - --- training epoch 135, loss 0.0065, mae 0.0838, rmse 0.1136, time elapsed(min) 0.02---
2026-10-01 06:55:32,901 - INFO - --- validation at epoch 135, val_loss 0.0060, val_mae 0.0804, val_rmse 0.1075, val_r2 0.8421, val_pearson 0.9187, lr 9.00e-05 ---
2026-10-01 06:55:32,901 - INFO - 
****************************************************************************************************
2026-10-01 06:55:34,462 - INFO - --- training epoch 136, loss 0.0063, mae 0.0832, rmse 0.1122, time elapsed(min) 0.02---
2026-10-01 06:55:34,665 - INFO - --- validation at epoch 136, val_loss 0.0061, val_mae 0.0817, val_rmse 0.1090, val_r2 0.8379, val_pearson 0.9175, lr 9.00e-05 ---
2026-10-01 06:55:34,665 - INFO - 
****************************************************************************************************
2026-10-01 06:55:36,232 - INFO - --- training epoch 137, loss 0.0065, mae 0.0843, rmse 0.1140, time elapsed(min) 0.02---
2026-10-01 06:55:36,436 - INFO - --- validation at epoch 137, val_loss 0.0060, val_mae 0.0806, val_rmse 0.1083, val_r2 0.8398, val_pearson 0.9182, lr 9.00e-05 ---
2026-10-01 06:55:36,436 - INFO - 
****************************************************************************************************
2026-10-01 06:55:38,069 - INFO - --- training epoch 138, loss 0.0066, mae 0.0847, rmse 0.1145, time elapsed(min) 0.02---
2026-10-01 06:55:38,431 - INFO - --- validation at epoch 138, val_loss 0.0060, val_mae 0.0805, val_rmse 0.1080, val_r2 0.8408, val_pearson 0.9187, lr 9.00e-05 ---
2026-10-01 06:55:38,431 - INFO - 
****************************************************************************************************
2026-10-01 06:55:40,098 - INFO - --- training epoch 139, loss 0.0064, mae 0.0844, rmse 0.1132, time elapsed(min) 0.02---
2026-10-01 06:55:40,304 - INFO - --- validation at epoch 139, val_loss 0.0062, val_mae 0.0816, val_rmse 0.1093, val_r2 0.8368, val_pearson 0.9181, lr 9.00e-05 ---
2026-10-01 06:55:40,304 - INFO - 
****************************************************************************************************
2026-10-01 06:55:41,993 - INFO - --- training epoch 140, loss 0.0065, mae 0.0840, rmse 0.1144, time elapsed(min) 0.02---
2026-10-01 06:55:42,201 - INFO - --- validation at epoch 140, val_loss 0.0060, val_mae 0.0798, val_rmse 0.1075, val_r2 0.8421, val_pearson 0.9192, lr 9.00e-05 ---
2026-10-01 06:55:42,201 - INFO - 
****************************************************************************************************
2026-10-01 06:55:43,829 - INFO - --- training epoch 141, loss 0.0066, mae 0.0845, rmse 0.1148, time elapsed(min) 0.02---
2026-10-01 06:55:44,168 - INFO - --- validation at epoch 141, val_loss 0.0061, val_mae 0.0810, val_rmse 0.1094, val_r2 0.8367, val_pearson 0.9181, lr 9.00e-05 ---
2026-10-01 06:55:44,168 - INFO - 
****************************************************************************************************
2026-10-01 06:55:45,919 - INFO - --- training epoch 142, loss 0.0064, mae 0.0839, rmse 0.1131, time elapsed(min) 0.02---
2026-10-01 06:55:46,163 - INFO - --- validation at epoch 142, val_loss 0.0060, val_mae 0.0801, val_rmse 0.1077, val_r2 0.8416, val_pearson 0.9189, lr 9.00e-05 ---
2026-10-01 06:55:46,163 - INFO - 
****************************************************************************************************
2026-10-01 06:55:47,777 - INFO - --- training epoch 143, loss 0.0064, mae 0.0835, rmse 0.1132, time elapsed(min) 0.02---
2026-10-01 06:55:47,981 - INFO - --- validation at epoch 143, val_loss 0.0061, val_mae 0.0799, val_rmse 0.1081, val_r2 0.8404, val_pearson 0.9187, lr 9.00e-05 ---
2026-10-01 06:55:47,981 - INFO - 
****************************************************************************************************
2026-10-01 06:55:49,611 - INFO - --- training epoch 144, loss 0.0064, mae 0.0839, rmse 0.1130, time elapsed(min) 0.02---
2026-10-01 06:55:49,937 - INFO - --- validation at epoch 144, val_loss 0.0061, val_mae 0.0806, val_rmse 0.1085, val_r2 0.8391, val_pearson 0.9174, lr 9.00e-05 ---
2026-10-01 06:55:49,937 - INFO - 
****************************************************************************************************
2026-10-01 06:55:51,570 - INFO - --- training epoch 145, loss 0.0062, mae 0.0818, rmse 0.1113, time elapsed(min) 0.02---
2026-10-01 06:55:51,947 - INFO - --- validation at epoch 145, val_loss 0.0062, val_mae 0.0806, val_rmse 0.1089, val_r2 0.8380, val_pearson 0.9186, lr 2.70e-05 ---
2026-10-01 06:55:51,947 - INFO - 
****************************************************************************************************
2026-10-01 06:55:53,654 - INFO - --- training epoch 146, loss 0.0064, mae 0.0836, rmse 0.1127, time elapsed(min) 0.02---
2026-10-01 06:55:53,903 - INFO - --- validation at epoch 146, val_loss 0.0062, val_mae 0.0808, val_rmse 0.1091, val_r2 0.8376, val_pearson 0.9189, lr 2.70e-05 ---
2026-10-01 06:55:53,903 - INFO - 
****************************************************************************************************
2026-10-01 06:55:55,509 - INFO - --- training epoch 147, loss 0.0063, mae 0.0829, rmse 0.1119, time elapsed(min) 0.02---
2026-10-01 06:55:55,713 - INFO - --- validation at epoch 147, val_loss 0.0062, val_mae 0.0807, val_rmse 0.1091, val_r2 0.8375, val_pearson 0.9187, lr 2.70e-05 ---
2026-10-01 06:55:55,713 - INFO - 
****************************************************************************************************
2026-10-01 06:55:57,337 - INFO - --- training epoch 148, loss 0.0061, mae 0.0826, rmse 0.1108, time elapsed(min) 0.02---
2026-10-01 06:55:57,697 - INFO - --- validation at epoch 148, val_loss 0.0061, val_mae 0.0802, val_rmse 0.1086, val_r2 0.8388, val_pearson 0.9190, lr 2.70e-05 ---
2026-10-01 06:55:57,698 - INFO - 
****************************************************************************************************
2026-10-01 06:55:59,482 - INFO - --- training epoch 149, loss 0.0062, mae 0.0825, rmse 0.1111, time elapsed(min) 0.03---
2026-10-01 06:55:59,687 - INFO - --- validation at epoch 149, val_loss 0.0062, val_mae 0.0809, val_rmse 0.1093, val_r2 0.8369, val_pearson 0.9188, lr 2.70e-05 ---
2026-10-01 06:55:59,687 - INFO - 
****************************************************************************************************
2026-10-01 06:56:01,224 - INFO - --- training epoch 150, loss 0.0061, mae 0.0820, rmse 0.1109, time elapsed(min) 0.02---
2026-10-01 06:56:01,428 - INFO - --- validation at epoch 150, val_loss 0.0062, val_mae 0.0808, val_rmse 0.1091, val_r2 0.8376, val_pearson 0.9193, lr 2.70e-05 ---
2026-10-01 06:56:01,428 - INFO - 
****************************************************************************************************
2026-10-01 06:56:02,974 - INFO - --- training epoch 151, loss 0.0062, mae 0.0825, rmse 0.1110, time elapsed(min) 0.02---
2026-10-01 06:56:03,304 - INFO - --- validation at epoch 151, val_loss 0.0061, val_mae 0.0804, val_rmse 0.1088, val_r2 0.8382, val_pearson 0.9195, lr 2.70e-05 ---
2026-10-01 06:56:03,304 - INFO - 
****************************************************************************************************
2026-10-01 06:56:05,040 - INFO - --- training epoch 152, loss 0.0062, mae 0.0823, rmse 0.1117, time elapsed(min) 0.02---
2026-10-01 06:56:05,240 - INFO - --- validation at epoch 152, val_loss 0.0061, val_mae 0.0800, val_rmse 0.1083, val_r2 0.8397, val_pearson 0.9195, lr 2.70e-05 ---
2026-10-01 06:56:05,240 - INFO - 
****************************************************************************************************
2026-10-01 06:56:06,839 - INFO - --- training epoch 153, loss 0.0063, mae 0.0827, rmse 0.1121, time elapsed(min) 0.02---
2026-10-01 06:56:07,042 - INFO - --- validation at epoch 153, val_loss 0.0061, val_mae 0.0804, val_rmse 0.1088, val_r2 0.8384, val_pearson 0.9196, lr 2.70e-05 ---
2026-10-01 06:56:07,042 - INFO - 
****************************************************************************************************
2026-10-01 06:56:08,602 - INFO - --- training epoch 154, loss 0.0062, mae 0.0824, rmse 0.1110, time elapsed(min) 0.02---
2026-10-01 06:56:08,823 - INFO - --- validation at epoch 154, val_loss 0.0062, val_mae 0.0804, val_rmse 0.1091, val_r2 0.8376, val_pearson 0.9193, lr 2.70e-05 ---
2026-10-01 06:56:08,823 - INFO - 
****************************************************************************************************
2026-10-01 06:56:10,478 - INFO - --- training epoch 155, loss 0.0062, mae 0.0827, rmse 0.1116, time elapsed(min) 0.02---
2026-10-01 06:56:10,850 - INFO - --- validation at epoch 155, val_loss 0.0061, val_mae 0.0805, val_rmse 0.1089, val_r2 0.8379, val_pearson 0.9188, lr 2.70e-05 ---
2026-10-01 06:56:10,850 - INFO - 
****************************************************************************************************
2026-10-01 06:56:12,623 - INFO - --- training epoch 156, loss 0.0062, mae 0.0828, rmse 0.1112, time elapsed(min) 0.02---
2026-10-01 06:56:12,827 - INFO - --- validation at epoch 156, val_loss 0.0060, val_mae 0.0793, val_rmse 0.1072, val_r2 0.8429, val_pearson 0.9190, lr 8.10e-06 ---
2026-10-01 06:56:12,827 - INFO - 
****************************************************************************************************
2026-10-01 06:56:14,380 - INFO - --- training epoch 157, loss 0.0061, mae 0.0815, rmse 0.1106, time elapsed(min) 0.02---
2026-10-01 06:56:14,586 - INFO - --- validation at epoch 157, val_loss 0.0060, val_mae 0.0794, val_rmse 0.1075, val_r2 0.8423, val_pearson 0.9191, lr 8.10e-06 ---
2026-10-01 06:56:14,586 - INFO - 
****************************************************************************************************
2026-10-01 06:56:16,223 - INFO - --- training epoch 158, loss 0.0061, mae 0.0814, rmse 0.1104, time elapsed(min) 0.02---
2026-10-01 06:56:16,608 - INFO - --- validation at epoch 158, val_loss 0.0060, val_mae 0.0794, val_rmse 0.1073, val_r2 0.8427, val_pearson 0.9192, lr 8.10e-06 ---
2026-10-01 06:56:16,608 - INFO - 
****************************************************************************************************
2026-10-01 06:56:18,260 - INFO - --- training epoch 159, loss 0.0061, mae 0.0821, rmse 0.1108, time elapsed(min) 0.02---
2026-10-01 06:56:18,468 - INFO - --- validation at epoch 159, val_loss 0.0059, val_mae 0.0792, val_rmse 0.1071, val_r2 0.8434, val_pearson 0.9195, lr 8.10e-06 ---
2026-10-01 06:56:18,469 - INFO - 
****************************************************************************************************
2026-10-01 06:56:20,048 - INFO - --- training epoch 160, loss 0.0062, mae 0.0828, rmse 0.1111, time elapsed(min) 0.02---
2026-10-01 06:56:20,250 - INFO - --- validation at epoch 160, val_loss 0.0060, val_mae 0.0795, val_rmse 0.1074, val_r2 0.8425, val_pearson 0.9191, lr 8.10e-06 ---
2026-10-01 06:56:20,250 - INFO - 
****************************************************************************************************
2026-10-01 06:56:21,907 - INFO - --- training epoch 161, loss 0.0060, mae 0.0810, rmse 0.1096, time elapsed(min) 0.02---
2026-10-01 06:56:22,242 - INFO - --- validation at epoch 161, val_loss 0.0059, val_mae 0.0792, val_rmse 0.1071, val_r2 0.8434, val_pearson 0.9194, lr 8.10e-06 ---
2026-10-01 06:56:22,242 - INFO - 
****************************************************************************************************
2026-10-01 06:56:24,012 - INFO - --- training epoch 162, loss 0.0062, mae 0.0826, rmse 0.1117, time elapsed(min) 0.02---
2026-10-01 06:56:24,223 - INFO - --- validation at epoch 162, val_loss 0.0060, val_mae 0.0793, val_rmse 0.1071, val_r2 0.8434, val_pearson 0.9196, lr 8.10e-06 ---
2026-10-01 06:56:24,223 - INFO - 
****************************************************************************************************
2026-10-01 06:56:25,776 - INFO - --- training epoch 163, loss 0.0061, mae 0.0823, rmse 0.1106, time elapsed(min) 0.02---
2026-10-01 06:56:25,979 - INFO - --- validation at epoch 163, val_loss 0.0060, val_mae 0.0795, val_rmse 0.1074, val_r2 0.8425, val_pearson 0.9192, lr 8.10e-06 ---
2026-10-01 06:56:25,979 - INFO - 
****************************************************************************************************
2026-10-01 06:56:27,543 - INFO - --- training epoch 164, loss 0.0062, mae 0.0822, rmse 0.1117, time elapsed(min) 0.02---
2026-10-01 06:56:27,870 - INFO - --- validation at epoch 164, val_loss 0.0059, val_mae 0.0791, val_rmse 0.1071, val_r2 0.8432, val_pearson 0.9196, lr 8.10e-06 ---
2026-10-01 06:56:27,870 - INFO - 
****************************************************************************************************
2026-10-01 06:56:29,609 - INFO - --- training epoch 165, loss 0.0062, mae 0.0821, rmse 0.1109, time elapsed(min) 0.02---
2026-10-01 06:56:29,815 - INFO - --- validation at epoch 165, val_loss 0.0059, val_mae 0.0792, val_rmse 0.1070, val_r2 0.8436, val_pearson 0.9195, lr 8.10e-06 ---
2026-10-01 06:56:29,815 - INFO - 
****************************************************************************************************
2026-10-01 06:56:31,368 - INFO - --- training epoch 166, loss 0.0062, mae 0.0824, rmse 0.1109, time elapsed(min) 0.02---
2026-10-01 06:56:31,583 - INFO - --- validation at epoch 166, val_loss 0.0060, val_mae 0.0795, val_rmse 0.1075, val_r2 0.8423, val_pearson 0.9193, lr 8.10e-06 ---
2026-10-01 06:56:31,583 - INFO - 
****************************************************************************************************
2026-10-01 06:56:33,157 - INFO - --- training epoch 167, loss 0.0059, mae 0.0801, rmse 0.1087, time elapsed(min) 0.02---
2026-10-01 06:56:33,363 - INFO - --- validation at epoch 167, val_loss 0.0060, val_mae 0.0794, val_rmse 0.1073, val_r2 0.8428, val_pearson 0.9192, lr 2.43e-06 ---
2026-10-01 06:56:33,363 - INFO - 
****************************************************************************************************
2026-10-01 06:56:34,991 - INFO - --- training epoch 168, loss 0.0059, mae 0.0805, rmse 0.1086, time elapsed(min) 0.02---
2026-10-01 06:56:35,366 - INFO - --- validation at epoch 168, val_loss 0.0059, val_mae 0.0792, val_rmse 0.1071, val_r2 0.8432, val_pearson 0.9193, lr 2.43e-06 ---
2026-10-01 06:56:35,366 - INFO - 
****************************************************************************************************
2026-10-01 06:56:37,035 - INFO - --- training epoch 169, loss 0.0061, mae 0.0818, rmse 0.1104, time elapsed(min) 0.02---
2026-10-01 06:56:37,238 - INFO - --- validation at epoch 169, val_loss 0.0059, val_mae 0.0791, val_rmse 0.1070, val_r2 0.8436, val_pearson 0.9194, lr 2.43e-06 ---
2026-10-01 06:56:37,238 - INFO - 
****************************************************************************************************
2026-10-01 06:56:38,819 - INFO - --- training epoch 170, loss 0.0061, mae 0.0817, rmse 0.1106, time elapsed(min) 0.02---
2026-10-01 06:56:39,025 - INFO - --- validation at epoch 170, val_loss 0.0059, val_mae 0.0790, val_rmse 0.1069, val_r2 0.8439, val_pearson 0.9196, lr 2.43e-06 ---
2026-10-01 06:56:39,025 - INFO - 
****************************************************************************************************
2026-10-01 06:56:40,602 - INFO - --- training epoch 171, loss 0.0059, mae 0.0808, rmse 0.1091, time elapsed(min) 0.02---
2026-10-01 06:56:40,936 - INFO - --- validation at epoch 171, val_loss 0.0059, val_mae 0.0790, val_rmse 0.1070, val_r2 0.8438, val_pearson 0.9197, lr 2.43e-06 ---
2026-10-01 06:56:40,936 - INFO - 
****************************************************************************************************
2026-10-01 06:56:42,680 - INFO - --- training epoch 172, loss 0.0059, mae 0.0804, rmse 0.1090, time elapsed(min) 0.02---
2026-10-01 06:56:42,884 - INFO - --- validation at epoch 172, val_loss 0.0059, val_mae 0.0790, val_rmse 0.1070, val_r2 0.8438, val_pearson 0.9196, lr 2.43e-06 ---
2026-10-01 06:56:42,884 - INFO - 
****************************************************************************************************
2026-10-01 06:56:44,424 - INFO - --- training epoch 173, loss 0.0060, mae 0.0810, rmse 0.1097, time elapsed(min) 0.02---
2026-10-01 06:56:44,649 - INFO - --- validation at epoch 173, val_loss 0.0059, val_mae 0.0791, val_rmse 0.1070, val_r2 0.8436, val_pearson 0.9195, lr 2.43e-06 ---
2026-10-01 06:56:44,649 - INFO - 
****************************************************************************************************
2026-10-01 06:56:46,214 - INFO - --- training epoch 174, loss 0.0061, mae 0.0815, rmse 0.1106, time elapsed(min) 0.02---
2026-10-01 06:56:46,538 - INFO - --- validation at epoch 174, val_loss 0.0059, val_mae 0.0791, val_rmse 0.1070, val_r2 0.8437, val_pearson 0.9196, lr 2.43e-06 ---
2026-10-01 06:56:46,538 - INFO - 
****************************************************************************************************
2026-10-01 06:56:48,304 - INFO - --- training epoch 175, loss 0.0061, mae 0.0818, rmse 0.1107, time elapsed(min) 0.02---
2026-10-01 06:56:48,503 - INFO - --- validation at epoch 175, val_loss 0.0059, val_mae 0.0791, val_rmse 0.1070, val_r2 0.8438, val_pearson 0.9196, lr 2.43e-06 ---
2026-10-01 06:56:48,503 - INFO - 
****************************************************************************************************
2026-10-01 06:56:50,094 - INFO - --- training epoch 176, loss 0.0060, mae 0.0808, rmse 0.1094, time elapsed(min) 0.02---
2026-10-01 06:56:50,295 - INFO - --- validation at epoch 176, val_loss 0.0059, val_mae 0.0792, val_rmse 0.1070, val_r2 0.8436, val_pearson 0.9197, lr 2.43e-06 ---
2026-10-01 06:56:50,295 - INFO - 
****************************************************************************************************
2026-10-01 06:56:51,925 - INFO - --- training epoch 177, loss 0.0061, mae 0.0816, rmse 0.1107, time elapsed(min) 0.02---
2026-10-01 06:56:52,257 - INFO - --- validation at epoch 177, val_loss 0.0059, val_mae 0.0791, val_rmse 0.1069, val_r2 0.8439, val_pearson 0.9197, lr 2.43e-06 ---
2026-10-01 06:56:52,257 - INFO - 
****************************************************************************************************
2026-10-01 06:56:54,078 - INFO - --- training epoch 178, loss 0.0060, mae 0.0804, rmse 0.1092, time elapsed(min) 0.03---
2026-10-01 06:56:54,284 - INFO - --- validation at epoch 178, val_loss 0.0059, val_mae 0.0791, val_rmse 0.1069, val_r2 0.8440, val_pearson 0.9197, lr 1.00e-06 ---
2026-10-01 06:56:54,284 - INFO - 
****************************************************************************************************
2026-10-01 06:56:55,893 - INFO - --- training epoch 179, loss 0.0061, mae 0.0822, rmse 0.1109, time elapsed(min) 0.02---
2026-10-01 06:56:56,092 - INFO - --- validation at epoch 179, val_loss 0.0059, val_mae 0.0791, val_rmse 0.1069, val_r2 0.8439, val_pearson 0.9197, lr 1.00e-06 ---
2026-10-01 06:56:56,092 - INFO - 
****************************************************************************************************
2026-10-01 06:56:57,706 - INFO - --- training epoch 180, loss 0.0060, mae 0.0809, rmse 0.1092, time elapsed(min) 0.02---
2026-10-01 06:56:58,034 - INFO - --- validation at epoch 180, val_loss 0.0059, val_mae 0.0791, val_rmse 0.1069, val_r2 0.8439, val_pearson 0.9197, lr 1.00e-06 ---
2026-10-01 06:56:58,035 - INFO - 
****************************************************************************************************
2026-10-01 06:56:59,853 - INFO - --- training epoch 181, loss 0.0061, mae 0.0812, rmse 0.1100, time elapsed(min) 0.03---
2026-10-01 06:57:00,055 - INFO - --- validation at epoch 181, val_loss 0.0059, val_mae 0.0791, val_rmse 0.1069, val_r2 0.8440, val_pearson 0.9196, lr 1.00e-06 ---
2026-10-01 06:57:00,055 - INFO - 
****************************************************************************************************
2026-10-01 06:57:01,622 - INFO - --- training epoch 182, loss 0.0060, mae 0.0809, rmse 0.1098, time elapsed(min) 0.02---
2026-10-01 06:57:01,847 - INFO - --- validation at epoch 182, val_loss 0.0059, val_mae 0.0791, val_rmse 0.1069, val_r2 0.8439, val_pearson 0.9196, lr 1.00e-06 ---
2026-10-01 06:57:01,847 - INFO - 
****************************************************************************************************
2026-10-01 06:57:03,433 - INFO - --- training epoch 183, loss 0.0062, mae 0.0825, rmse 0.1113, time elapsed(min) 0.02---
2026-10-01 06:57:03,769 - INFO - --- validation at epoch 183, val_loss 0.0059, val_mae 0.0791, val_rmse 0.1069, val_r2 0.8438, val_pearson 0.9196, lr 1.00e-06 ---
2026-10-01 06:57:03,769 - INFO - 
****************************************************************************************************
2026-10-01 06:57:04,044 - INFO - --- early stopping at epoch 183: val_loss did not improve for 50 epochs ---
2026-10-01 06:57:04,461 - INFO - --- selected checkpoint from epoch 133, val_loss 0.0059, val_mae 0.0805, val_rmse 0.1074
2026-10-01 06:57:05,324 - INFO - -- RESULT
2026-10-01 06:57:05,324 - INFO - --- test size: 1728
2026-10-01 06:57:05,324 - INFO - --- MAE: 0.0856 (8.56 pp), RMSE: 0.1163 (11.63 pp), R2: 0.8291, Pearson: 0.9124
2026-10-01 06:57:07,520 - INFO - --- Suzuki-Miyaura | split_1 | current_model: test R2 0.8291 MAE 0.0856 RMSE 0.1163 | 353.5s (1.9s/epoch)
2026-10-01 06:57:07,523 - INFO - --- Suzuki-Miyaura | split_1 | approach 3 (comb/linear) (comb/linear)
