2026-10-01 17:46:56,806 - INFO - device is	cuda:0
2026-10-01 17:46:56,915 - INFO - -- CONFIGURATIONS
2026-10-01 17:46:56,915 - INFO - --- train/valid/test: 3628/404/1728
2026-10-01 17:46:56,915 - INFO - --- max no. reactants_train, valid, test respectively: 14, 14, 14
2026-10-01 17:46:56,915 - INFO - --- max no. products_train, valid, test respectively: 1, 1, 1
2026-10-01 17:46:56,915 - INFO - --- model_path: ../logs/suzuki_approach1_grid/runs/suzuki/split_9/approach_1_mlp/model.pt
2026-10-01 17:46:56,924 - INFO - -- TRAINING
2026-10-01 17:47:00,574 - INFO - --- training epoch 0, loss 0.9351, mae 1.2425, rmse 2.9488, time elapsed(min) 0.06---
2026-10-01 17:47:00,895 - INFO - --- validation at epoch 0, val_loss 0.0420, val_mae 0.2373, val_rmse 0.2893, val_r2 -0.1305, val_pearson 0.1881, lr 1.00e-03 ---
2026-10-01 17:47:00,895 - INFO - 
****************************************************************************************************
2026-10-01 17:47:04,884 - INFO - --- training epoch 1, loss 0.0432, mae 0.2516, rmse 0.2941, time elapsed(min) 0.06---
2026-10-01 17:47:05,207 - INFO - --- validation at epoch 1, val_loss 0.0396, val_mae 0.2360, val_rmse 0.2805, val_r2 -0.0628, val_pearson 0.1323, lr 1.00e-03 ---
2026-10-01 17:47:05,208 - INFO - 
****************************************************************************************************
2026-10-01 17:47:09,176 - INFO - --- training epoch 2, loss 0.0411, mae 0.2480, rmse 0.2867, time elapsed(min) 0.06---
2026-10-01 17:47:09,553 - INFO - --- validation at epoch 2, val_loss 0.0384, val_mae 0.2358, val_rmse 0.2756, val_r2 -0.0257, val_pearson 0.1413, lr 1.00e-03 ---
2026-10-01 17:47:09,553 - INFO - 
****************************************************************************************************
2026-10-01 17:47:13,679 - INFO - --- training epoch 3, loss 0.0406, mae 0.2469, rmse 0.2849, time elapsed(min) 0.06---
2026-10-01 17:47:14,154 - INFO - --- validation at epoch 3, val_loss 0.0376, val_mae 0.2363, val_rmse 0.2720, val_r2 0.0009, val_pearson 0.1399, lr 1.00e-03 ---
2026-10-01 17:47:14,154 - INFO - 
****************************************************************************************************
2026-10-01 17:47:18,223 - INFO - --- training epoch 4, loss 0.0405, mae 0.2460, rmse 0.2846, time elapsed(min) 0.06---
2026-10-01 17:47:18,545 - INFO - --- validation at epoch 4, val_loss 0.0374, val_mae 0.2357, val_rmse 0.2714, val_r2 0.0056, val_pearson 0.1382, lr 1.00e-03 ---
2026-10-01 17:47:18,545 - INFO - 
****************************************************************************************************
2026-10-01 17:47:22,507 - INFO - --- training epoch 5, loss 0.0400, mae 0.2446, rmse 0.2828, time elapsed(min) 0.06---
2026-10-01 17:47:22,831 - INFO - --- validation at epoch 5, val_loss 0.0374, val_mae 0.2337, val_rmse 0.2721, val_r2 0.0004, val_pearson 0.1403, lr 1.00e-03 ---
2026-10-01 17:47:22,831 - INFO - 
****************************************************************************************************
2026-10-01 17:47:26,969 - INFO - --- training epoch 6, loss 0.0397, mae 0.2434, rmse 0.2819, time elapsed(min) 0.06---
2026-10-01 17:47:27,448 - INFO - --- validation at epoch 6, val_loss 0.0381, val_mae 0.2319, val_rmse 0.2756, val_r2 -0.0254, val_pearson 0.1651, lr 1.00e-03 ---
2026-10-01 17:47:27,448 - INFO - 
****************************************************************************************************
2026-10-01 17:47:31,599 - INFO - --- training epoch 7, loss 0.0395, mae 0.2418, rmse 0.2810, time elapsed(min) 0.06---
2026-10-01 17:47:31,925 - INFO - --- validation at epoch 7, val_loss 0.0363, val_mae 0.2278, val_rmse 0.2688, val_r2 0.0246, val_pearson 0.2151, lr 1.00e-03 ---
2026-10-01 17:47:31,925 - INFO - 
****************************************************************************************************
2026-10-01 17:47:35,923 - INFO - --- training epoch 8, loss 0.0403, mae 0.2430, rmse 0.2840, time elapsed(min) 0.06---
2026-10-01 17:47:36,252 - INFO - --- validation at epoch 8, val_loss 0.0371, val_mae 0.2307, val_rmse 0.2710, val_r2 0.0083, val_pearson 0.2162, lr 1.00e-03 ---
2026-10-01 17:47:36,252 - INFO - 
****************************************************************************************************
2026-10-01 17:47:40,137 - INFO - --- training epoch 9, loss 0.0387, mae 0.2390, rmse 0.2782, time elapsed(min) 0.06---
2026-10-01 17:47:40,588 - INFO - --- validation at epoch 9, val_loss 0.0352, val_mae 0.2284, val_rmse 0.2630, val_r2 0.0657, val_pearson 0.2630, lr 1.00e-03 ---
2026-10-01 17:47:40,588 - INFO - 
****************************************************************************************************
2026-10-01 17:47:44,840 - INFO - --- training epoch 10, loss 0.0394, mae 0.2419, rmse 0.2808, time elapsed(min) 0.06---
2026-10-01 17:47:45,166 - INFO - --- validation at epoch 10, val_loss 0.0372, val_mae 0.2350, val_rmse 0.2711, val_r2 0.0073, val_pearson 0.1009, lr 1.00e-03 ---
2026-10-01 17:47:45,166 - INFO - 
****************************************************************************************************
2026-10-01 17:47:49,083 - INFO - --- training epoch 11, loss 0.0399, mae 0.2447, rmse 0.2823, time elapsed(min) 0.06---
2026-10-01 17:47:49,406 - INFO - --- validation at epoch 11, val_loss 0.0369, val_mae 0.2335, val_rmse 0.2703, val_r2 0.0135, val_pearson 0.1352, lr 1.00e-03 ---
2026-10-01 17:47:49,406 - INFO - 
****************************************************************************************************
2026-10-01 17:47:53,307 - INFO - --- training epoch 12, loss 0.0397, mae 0.2438, rmse 0.2819, time elapsed(min) 0.06---
2026-10-01 17:47:53,630 - INFO - --- validation at epoch 12, val_loss 0.0371, val_mae 0.2327, val_rmse 0.2710, val_r2 0.0084, val_pearson 0.1536, lr 1.00e-03 ---
2026-10-01 17:47:53,630 - INFO - 
****************************************************************************************************
2026-10-01 17:47:57,551 - INFO - --- training epoch 13, loss 0.0394, mae 0.2425, rmse 0.2808, time elapsed(min) 0.06---
2026-10-01 17:47:58,031 - INFO - --- validation at epoch 13, val_loss 0.0370, val_mae 0.2317, val_rmse 0.2703, val_r2 0.0134, val_pearson 0.1644, lr 1.00e-03 ---
2026-10-01 17:47:58,031 - INFO - 
****************************************************************************************************
2026-10-01 17:48:02,019 - INFO - --- training epoch 14, loss 0.0395, mae 0.2423, rmse 0.2810, time elapsed(min) 0.06---
2026-10-01 17:48:02,343 - INFO - --- validation at epoch 14, val_loss 0.0370, val_mae 0.2316, val_rmse 0.2699, val_r2 0.0162, val_pearson 0.1743, lr 1.00e-03 ---
2026-10-01 17:48:02,343 - INFO - 
****************************************************************************************************
2026-10-01 17:48:06,251 - INFO - --- training epoch 15, loss 0.0393, mae 0.2417, rmse 0.2805, time elapsed(min) 0.06---
2026-10-01 17:48:06,592 - INFO - --- validation at epoch 15, val_loss 0.0368, val_mae 0.2300, val_rmse 0.2693, val_r2 0.0203, val_pearson 0.2196, lr 1.00e-03 ---
2026-10-01 17:48:06,592 - INFO - 
****************************************************************************************************
2026-10-01 17:48:10,502 - INFO - --- training epoch 16, loss 0.0388, mae 0.2386, rmse 0.2784, time elapsed(min) 0.06---
2026-10-01 17:48:10,956 - INFO - --- validation at epoch 16, val_loss 0.0369, val_mae 0.2349, val_rmse 0.2685, val_r2 0.0263, val_pearson 0.2693, lr 1.00e-03 ---
2026-10-01 17:48:10,956 - INFO - 
****************************************************************************************************
2026-10-01 17:48:15,109 - INFO - --- training epoch 17, loss 0.0402, mae 0.2454, rmse 0.2835, time elapsed(min) 0.06---
2026-10-01 17:48:15,479 - INFO - --- validation at epoch 17, val_loss 0.0365, val_mae 0.2309, val_rmse 0.2682, val_r2 0.0285, val_pearson 0.1883, lr 1.00e-03 ---
2026-10-01 17:48:15,479 - INFO - 
****************************************************************************************************
2026-10-01 17:48:19,367 - INFO - --- training epoch 18, loss 0.0387, mae 0.2382, rmse 0.2781, time elapsed(min) 0.06---
2026-10-01 17:48:19,690 - INFO - --- validation at epoch 18, val_loss 0.0349, val_mae 0.2252, val_rmse 0.2623, val_r2 0.0707, val_pearson 0.2951, lr 1.00e-03 ---
2026-10-01 17:48:19,690 - INFO - 
****************************************************************************************************
2026-10-01 17:48:23,750 - INFO - --- training epoch 19, loss 0.0385, mae 0.2348, rmse 0.2774, time elapsed(min) 0.06---
2026-10-01 17:48:24,208 - INFO - --- validation at epoch 19, val_loss 0.0357, val_mae 0.2216, val_rmse 0.2653, val_r2 0.0498, val_pearson 0.2662, lr 1.00e-03 ---
2026-10-01 17:48:24,208 - INFO - 
****************************************************************************************************
2026-10-01 17:48:28,344 - INFO - --- training epoch 20, loss 0.0395, mae 0.2385, rmse 0.2810, time elapsed(min) 0.06---
2026-10-01 17:48:28,668 - INFO - --- validation at epoch 20, val_loss 0.0365, val_mae 0.2334, val_rmse 0.2670, val_r2 0.0372, val_pearson 0.3003, lr 1.00e-03 ---
2026-10-01 17:48:28,668 - INFO - 
****************************************************************************************************
2026-10-01 17:48:32,562 - INFO - --- training epoch 21, loss 0.0377, mae 0.2339, rmse 0.2745, time elapsed(min) 0.06---
2026-10-01 17:48:32,890 - INFO - --- validation at epoch 21, val_loss 0.0342, val_mae 0.2184, val_rmse 0.2596, val_r2 0.0899, val_pearson 0.3010, lr 1.00e-03 ---
2026-10-01 17:48:32,890 - INFO - 
****************************************************************************************************
2026-10-01 17:48:36,908 - INFO - --- training epoch 22, loss 0.0370, mae 0.2280, rmse 0.2719, time elapsed(min) 0.06---
2026-10-01 17:48:37,286 - INFO - --- validation at epoch 22, val_loss 0.0340, val_mae 0.2167, val_rmse 0.2586, val_r2 0.0969, val_pearson 0.3156, lr 1.00e-03 ---
2026-10-01 17:48:37,287 - INFO - 
****************************************************************************************************
2026-10-01 17:48:41,440 - INFO - --- training epoch 23, loss 0.0384, mae 0.2338, rmse 0.2772, time elapsed(min) 0.06---
2026-10-01 17:48:41,926 - INFO - --- validation at epoch 23, val_loss 0.0341, val_mae 0.2224, val_rmse 0.2584, val_r2 0.0985, val_pearson 0.3564, lr 1.00e-03 ---
2026-10-01 17:48:41,926 - INFO - 
****************************************************************************************************
2026-10-01 17:48:45,959 - INFO - --- training epoch 24, loss 0.0360, mae 0.2218, rmse 0.2684, time elapsed(min) 0.06---
2026-10-01 17:48:46,280 - INFO - --- validation at epoch 24, val_loss 0.0327, val_mae 0.1955, val_rmse 0.2436, val_r2 0.1988, val_pearson 0.4640, lr 1.00e-03 ---
2026-10-01 17:48:46,280 - INFO - 
****************************************************************************************************
2026-10-01 17:48:50,269 - INFO - --- training epoch 25, loss 0.0362, mae 0.2236, rmse 0.2689, time elapsed(min) 0.06---
2026-10-01 17:48:50,594 - INFO - --- validation at epoch 25, val_loss 0.0304, val_mae 0.2000, val_rmse 0.2414, val_r2 0.2131, val_pearson 0.4726, lr 1.00e-03 ---
2026-10-01 17:48:50,594 - INFO - 
****************************************************************************************************
2026-10-01 17:48:54,748 - INFO - --- training epoch 26, loss 0.0285, mae 0.1883, rmse 0.2387, time elapsed(min) 0.06---
2026-10-01 17:48:55,247 - INFO - --- validation at epoch 26, val_loss 0.0277, val_mae 0.1799, val_rmse 0.2278, val_r2 0.2991, val_pearson 0.5596, lr 1.00e-03 ---
2026-10-01 17:48:55,247 - INFO - 
****************************************************************************************************
2026-10-01 17:48:59,357 - INFO - --- training epoch 27, loss 0.0272, mae 0.1837, rmse 0.2331, time elapsed(min) 0.06---
2026-10-01 17:48:59,679 - INFO - --- validation at epoch 27, val_loss 0.0270, val_mae 0.1799, val_rmse 0.2256, val_r2 0.3130, val_pearson 0.5630, lr 1.00e-03 ---
2026-10-01 17:48:59,679 - INFO - 
****************************************************************************************************
2026-10-01 17:49:03,694 - INFO - --- training epoch 28, loss 0.0268, mae 0.1830, rmse 0.2317, time elapsed(min) 0.06---
2026-10-01 17:49:04,018 - INFO - --- validation at epoch 28, val_loss 0.0258, val_mae 0.1707, val_rmse 0.2201, val_r2 0.3459, val_pearson 0.5892, lr 1.00e-03 ---
2026-10-01 17:49:04,018 - INFO - 
****************************************************************************************************
2026-10-01 17:49:08,053 - INFO - --- training epoch 29, loss 0.0272, mae 0.1825, rmse 0.2333, time elapsed(min) 0.06---
2026-10-01 17:49:08,575 - INFO - --- validation at epoch 29, val_loss 0.0254, val_mae 0.1785, val_rmse 0.2208, val_r2 0.3417, val_pearson 0.5891, lr 1.00e-03 ---
2026-10-01 17:49:08,576 - INFO - 
****************************************************************************************************
2026-10-01 17:49:12,689 - INFO - --- training epoch 30, loss 0.0265, mae 0.1813, rmse 0.2301, time elapsed(min) 0.06---
2026-10-01 17:49:13,017 - INFO - --- validation at epoch 30, val_loss 0.0253, val_mae 0.1709, val_rmse 0.2186, val_r2 0.3544, val_pearson 0.5957, lr 1.00e-03 ---
2026-10-01 17:49:13,017 - INFO - 
****************************************************************************************************
2026-10-01 17:49:17,009 - INFO - --- training epoch 31, loss 0.0259, mae 0.1795, rmse 0.2276, time elapsed(min) 0.06---
2026-10-01 17:49:17,332 - INFO - --- validation at epoch 31, val_loss 0.0247, val_mae 0.1683, val_rmse 0.2174, val_r2 0.3619, val_pearson 0.6091, lr 1.00e-03 ---
2026-10-01 17:49:17,332 - INFO - 
****************************************************************************************************
2026-10-01 17:49:21,365 - INFO - --- training epoch 32, loss 0.0263, mae 0.1792, rmse 0.2292, time elapsed(min) 0.06---
2026-10-01 17:49:21,748 - INFO - --- validation at epoch 32, val_loss 0.0256, val_mae 0.1794, val_rmse 0.2198, val_r2 0.3474, val_pearson 0.5999, lr 1.00e-03 ---
2026-10-01 17:49:21,748 - INFO - 
****************************************************************************************************
2026-10-01 17:49:25,904 - INFO - --- training epoch 33, loss 0.0258, mae 0.1797, rmse 0.2274, time elapsed(min) 0.06---
2026-10-01 17:49:26,230 - INFO - --- validation at epoch 33, val_loss 0.0252, val_mae 0.1720, val_rmse 0.2188, val_r2 0.3536, val_pearson 0.6047, lr 1.00e-03 ---
2026-10-01 17:49:26,230 - INFO - 
****************************************************************************************************
2026-10-01 17:49:30,131 - INFO - --- training epoch 34, loss 0.0254, mae 0.1764, rmse 0.2254, time elapsed(min) 0.06---
2026-10-01 17:49:30,457 - INFO - --- validation at epoch 34, val_loss 0.0277, val_mae 0.1798, val_rmse 0.2266, val_r2 0.3063, val_pearson 0.6156, lr 1.00e-03 ---
2026-10-01 17:49:30,457 - INFO - 
****************************************************************************************************
2026-10-01 17:49:34,357 - INFO - --- training epoch 35, loss 0.0265, mae 0.1802, rmse 0.2303, time elapsed(min) 0.06---
2026-10-01 17:49:34,732 - INFO - --- validation at epoch 35, val_loss 0.0257, val_mae 0.1731, val_rmse 0.2204, val_r2 0.3442, val_pearson 0.5871, lr 1.00e-03 ---
2026-10-01 17:49:34,732 - INFO - 
****************************************************************************************************
2026-10-01 17:49:38,799 - INFO - --- training epoch 36, loss 0.0257, mae 0.1777, rmse 0.2267, time elapsed(min) 0.06---
2026-10-01 17:49:39,379 - INFO - --- validation at epoch 36, val_loss 0.0253, val_mae 0.1761, val_rmse 0.2195, val_r2 0.3492, val_pearson 0.5970, lr 1.00e-03 ---
2026-10-01 17:49:39,380 - INFO - 
****************************************************************************************************
2026-10-01 17:49:43,329 - INFO - --- training epoch 37, loss 0.0254, mae 0.1773, rmse 0.2256, time elapsed(min) 0.06---
2026-10-01 17:49:43,653 - INFO - --- validation at epoch 37, val_loss 0.0236, val_mae 0.1669, val_rmse 0.2126, val_r2 0.3895, val_pearson 0.6307, lr 1.00e-03 ---
2026-10-01 17:49:43,653 - INFO - 
****************************************************************************************************
2026-10-01 17:49:47,690 - INFO - --- training epoch 38, loss 0.0256, mae 0.1761, rmse 0.2262, time elapsed(min) 0.06---
2026-10-01 17:49:48,019 - INFO - --- validation at epoch 38, val_loss 0.0251, val_mae 0.1776, val_rmse 0.2185, val_r2 0.3556, val_pearson 0.6095, lr 1.00e-03 ---
2026-10-01 17:49:48,019 - INFO - 
****************************************************************************************************
2026-10-01 17:49:52,080 - INFO - --- training epoch 39, loss 0.0254, mae 0.1754, rmse 0.2253, time elapsed(min) 0.06---
2026-10-01 17:49:52,574 - INFO - --- validation at epoch 39, val_loss 0.0232, val_mae 0.1705, val_rmse 0.2126, val_r2 0.3894, val_pearson 0.6302, lr 1.00e-03 ---
2026-10-01 17:49:52,574 - INFO - 
****************************************************************************************************
2026-10-01 17:49:56,684 - INFO - --- training epoch 40, loss 0.0254, mae 0.1762, rmse 0.2255, time elapsed(min) 0.06---
2026-10-01 17:49:57,009 - INFO - --- validation at epoch 40, val_loss 0.0244, val_mae 0.1634, val_rmse 0.2143, val_r2 0.3796, val_pearson 0.6205, lr 1.00e-03 ---
2026-10-01 17:49:57,009 - INFO - 
****************************************************************************************************
2026-10-01 17:50:00,910 - INFO - --- training epoch 41, loss 0.0256, mae 0.1764, rmse 0.2261, time elapsed(min) 0.06---
2026-10-01 17:50:01,233 - INFO - --- validation at epoch 41, val_loss 0.0254, val_mae 0.1725, val_rmse 0.2211, val_r2 0.3399, val_pearson 0.6146, lr 1.00e-03 ---
2026-10-01 17:50:01,233 - INFO - 
****************************************************************************************************
2026-10-01 17:50:05,149 - INFO - --- training epoch 42, loss 0.0248, mae 0.1731, rmse 0.2225, time elapsed(min) 0.06---
2026-10-01 17:50:05,613 - INFO - --- validation at epoch 42, val_loss 0.0239, val_mae 0.1752, val_rmse 0.2141, val_r2 0.3809, val_pearson 0.6337, lr 1.00e-03 ---
2026-10-01 17:50:05,613 - INFO - 
****************************************************************************************************
2026-10-01 17:50:09,778 - INFO - --- training epoch 43, loss 0.0257, mae 0.1776, rmse 0.2269, time elapsed(min) 0.06---
2026-10-01 17:50:10,100 - INFO - --- validation at epoch 43, val_loss 0.0244, val_mae 0.1732, val_rmse 0.2169, val_r2 0.3644, val_pearson 0.6293, lr 1.00e-03 ---
2026-10-01 17:50:10,100 - INFO - 
****************************************************************************************************
2026-10-01 17:50:14,023 - INFO - --- training epoch 44, loss 0.0252, mae 0.1749, rmse 0.2247, time elapsed(min) 0.06---
2026-10-01 17:50:14,346 - INFO - --- validation at epoch 44, val_loss 0.0233, val_mae 0.1709, val_rmse 0.2134, val_r2 0.3851, val_pearson 0.6227, lr 1.00e-03 ---
2026-10-01 17:50:14,346 - INFO - 
****************************************************************************************************
2026-10-01 17:50:18,253 - INFO - --- training epoch 45, loss 0.0250, mae 0.1739, rmse 0.2236, time elapsed(min) 0.06---
2026-10-01 17:50:18,633 - INFO - --- validation at epoch 45, val_loss 0.0257, val_mae 0.1743, val_rmse 0.2229, val_r2 0.3288, val_pearson 0.6182, lr 1.00e-03 ---
2026-10-01 17:50:18,634 - INFO - 
****************************************************************************************************
2026-10-01 17:50:22,833 - INFO - --- training epoch 46, loss 0.0248, mae 0.1741, rmse 0.2226, time elapsed(min) 0.07---
2026-10-01 17:50:23,156 - INFO - --- validation at epoch 46, val_loss 0.0269, val_mae 0.1898, val_rmse 0.2326, val_r2 0.2696, val_pearson 0.5472, lr 1.00e-03 ---
2026-10-01 17:50:23,156 - INFO - 
****************************************************************************************************
2026-10-01 17:50:27,093 - INFO - --- training epoch 47, loss 0.0245, mae 0.1736, rmse 0.2213, time elapsed(min) 0.06---
2026-10-01 17:50:27,418 - INFO - --- validation at epoch 47, val_loss 0.0233, val_mae 0.1672, val_rmse 0.2103, val_r2 0.4028, val_pearson 0.6408, lr 1.00e-03 ---
2026-10-01 17:50:27,418 - INFO - 
****************************************************************************************************
2026-10-01 17:50:31,314 - INFO - --- training epoch 48, loss 0.0251, mae 0.1739, rmse 0.2239, time elapsed(min) 0.06---
2026-10-01 17:50:31,641 - INFO - --- validation at epoch 48, val_loss 0.0250, val_mae 0.1712, val_rmse 0.2163, val_r2 0.3680, val_pearson 0.6104, lr 1.00e-03 ---
2026-10-01 17:50:31,641 - INFO - 
****************************************************************************************************
2026-10-01 17:50:35,691 - INFO - --- training epoch 49, loss 0.0243, mae 0.1722, rmse 0.2206, time elapsed(min) 0.06---
2026-10-01 17:50:36,185 - INFO - --- validation at epoch 49, val_loss 0.0233, val_mae 0.1638, val_rmse 0.2102, val_r2 0.4034, val_pearson 0.6359, lr 1.00e-03 ---
2026-10-01 17:50:36,185 - INFO - 
****************************************************************************************************
2026-10-01 17:50:36,565 - INFO - --- early stopping at epoch 49: val_loss did not improve for 10 epochs ---
2026-10-01 17:50:36,961 - INFO - --- selected checkpoint from epoch 39, val_loss 0.0232, val_mae 0.1705, val_rmse 0.2126
2026-10-01 17:50:38,095 - INFO - -- RESULT
2026-10-01 17:50:38,095 - INFO - --- test size: 1728
2026-10-01 17:50:38,095 - INFO - --- MAE: 0.1721 (17.21 pp), RMSE: 0.2158 (21.58 pp), R2: 0.4090, Pearson: 0.6521
2026-10-01 17:50:40,344 - INFO - --- Cell approach_1_mlp DONE: test MAE=0.1721 RMSE=0.2158 R2=0.4090 | sec/epoch=4.39
2026-10-01 17:50:40,374 - INFO - === RUNNING: dataset=suzuki split=split_9 cell=option_b_linear (tokens=ind, pooling=rn, head=linear) ===
