2026-10-01 14:52:37,510 - INFO - device is	cuda:0
2026-10-01 14:52:37,613 - INFO - -- CONFIGURATIONS
2026-10-01 14:52:37,614 - INFO - --- train/valid/test: 3628/404/1728
2026-10-01 14:52:37,614 - INFO - --- max no. reactants_train, valid, test respectively: 14, 14, 14
2026-10-01 14:52:37,614 - INFO - --- max no. products_train, valid, test respectively: 1, 1, 1
2026-10-01 14:52:37,614 - INFO - --- model_path: ../logs/suzuki_approach1_grid/runs/suzuki/split_1/approach_2/model.pt
2026-10-01 14:52:37,620 - INFO - -- TRAINING
2026-10-01 14:52:38,972 - INFO - --- training epoch 0, loss 0.8808, mae 1.1686, rmse 2.8036, time elapsed(min) 0.02---
2026-10-01 14:52:39,184 - INFO - --- validation at epoch 0, val_loss 0.0381, val_mae 0.2335, val_rmse 0.2697, val_r2 0.0064, val_pearson 0.1958, lr 1.00e-03 ---
2026-10-01 14:52:39,184 - INFO - 
****************************************************************************************************
2026-10-01 14:52:40,835 - INFO - --- training epoch 1, loss 0.0424, mae 0.2502, rmse 0.2912, time elapsed(min) 0.02---
2026-10-01 14:52:41,048 - INFO - --- validation at epoch 1, val_loss 0.0388, val_mae 0.2412, val_rmse 0.2741, val_r2 -0.0259, val_pearson 0.2062, lr 1.00e-03 ---
2026-10-01 14:52:41,049 - INFO - 
****************************************************************************************************
2026-10-01 14:52:42,632 - INFO - --- training epoch 2, loss 0.0398, mae 0.2445, rmse 0.2823, time elapsed(min) 0.02---
2026-10-01 14:52:42,960 - INFO - --- validation at epoch 2, val_loss 0.0367, val_mae 0.2330, val_rmse 0.2660, val_r2 0.0340, val_pearson 0.2440, lr 1.00e-03 ---
2026-10-01 14:52:42,961 - INFO - 
****************************************************************************************************
2026-10-01 14:52:44,868 - INFO - --- training epoch 3, loss 0.0394, mae 0.2424, rmse 0.2807, time elapsed(min) 0.03---
2026-10-01 14:52:45,078 - INFO - --- validation at epoch 3, val_loss 0.0377, val_mae 0.2393, val_rmse 0.2712, val_r2 -0.0043, val_pearson 0.2725, lr 1.00e-03 ---
2026-10-01 14:52:45,078 - INFO - 
****************************************************************************************************
2026-10-01 14:52:46,733 - INFO - --- training epoch 4, loss 0.0384, mae 0.2395, rmse 0.2771, time elapsed(min) 0.02---
2026-10-01 14:52:46,943 - INFO - --- validation at epoch 4, val_loss 0.0372, val_mae 0.2382, val_rmse 0.2704, val_r2 0.0015, val_pearson 0.2838, lr 1.00e-03 ---
2026-10-01 14:52:46,943 - INFO - 
****************************************************************************************************
2026-10-01 14:52:48,526 - INFO - --- training epoch 5, loss 0.0384, mae 0.2389, rmse 0.2773, time elapsed(min) 0.02---
2026-10-01 14:52:48,737 - INFO - --- validation at epoch 5, val_loss 0.0376, val_mae 0.2396, val_rmse 0.2715, val_r2 -0.0069, val_pearson 0.2841, lr 1.00e-03 ---
2026-10-01 14:52:48,738 - INFO - 
****************************************************************************************************
2026-10-01 14:52:50,451 - INFO - --- training epoch 6, loss 0.0383, mae 0.2389, rmse 0.2768, time elapsed(min) 0.02---
2026-10-01 14:52:50,813 - INFO - --- validation at epoch 6, val_loss 0.0368, val_mae 0.2366, val_rmse 0.2688, val_r2 0.0133, val_pearson 0.2972, lr 1.00e-03 ---
2026-10-01 14:52:50,813 - INFO - 
****************************************************************************************************
2026-10-01 14:52:52,529 - INFO - --- training epoch 7, loss 0.0383, mae 0.2375, rmse 0.2767, time elapsed(min) 0.02---
2026-10-01 14:52:52,742 - INFO - --- validation at epoch 7, val_loss 0.0361, val_mae 0.2333, val_rmse 0.2655, val_r2 0.0373, val_pearson 0.3051, lr 1.00e-03 ---
2026-10-01 14:52:52,742 - INFO - 
****************************************************************************************************
2026-10-01 14:52:54,485 - INFO - --- training epoch 8, loss 0.0373, mae 0.2352, rmse 0.2732, time elapsed(min) 0.02---
2026-10-01 14:52:54,700 - INFO - --- validation at epoch 8, val_loss 0.0368, val_mae 0.2368, val_rmse 0.2698, val_r2 0.0056, val_pearson 0.3286, lr 1.00e-03 ---
2026-10-01 14:52:54,700 - INFO - 
****************************************************************************************************
2026-10-01 14:52:56,314 - INFO - --- training epoch 9, loss 0.0371, mae 0.2339, rmse 0.2724, time elapsed(min) 0.02---
2026-10-01 14:52:56,647 - INFO - --- validation at epoch 9, val_loss 0.0337, val_mae 0.2218, val_rmse 0.2554, val_r2 0.1093, val_pearson 0.3686, lr 1.00e-03 ---
2026-10-01 14:52:56,647 - INFO - 
****************************************************************************************************
2026-10-01 14:52:58,549 - INFO - --- training epoch 10, loss 0.0368, mae 0.2304, rmse 0.2714, time elapsed(min) 0.03---
2026-10-01 14:52:58,764 - INFO - --- validation at epoch 10, val_loss 0.0352, val_mae 0.2297, val_rmse 0.2624, val_r2 0.0593, val_pearson 0.3613, lr 1.00e-03 ---
2026-10-01 14:52:58,764 - INFO - 
****************************************************************************************************
2026-10-01 14:53:00,384 - INFO - --- training epoch 11, loss 0.0358, mae 0.2269, rmse 0.2674, time elapsed(min) 0.02---
2026-10-01 14:53:00,602 - INFO - --- validation at epoch 11, val_loss 0.0332, val_mae 0.2190, val_rmse 0.2548, val_r2 0.1137, val_pearson 0.4505, lr 1.00e-03 ---
2026-10-01 14:53:00,602 - INFO - 
****************************************************************************************************
2026-10-01 14:53:02,342 - INFO - --- training epoch 12, loss 0.0353, mae 0.2232, rmse 0.2656, time elapsed(min) 0.02---
2026-10-01 14:53:02,554 - INFO - --- validation at epoch 12, val_loss 0.0310, val_mae 0.2079, val_rmse 0.2441, val_r2 0.1864, val_pearson 0.4609, lr 1.00e-03 ---
2026-10-01 14:53:02,555 - INFO - 
****************************************************************************************************
2026-10-01 14:53:04,308 - INFO - --- training epoch 13, loss 0.0312, mae 0.2046, rmse 0.2497, time elapsed(min) 0.02---
2026-10-01 14:53:04,679 - INFO - --- validation at epoch 13, val_loss 0.0252, val_mae 0.1851, val_rmse 0.2200, val_r2 0.3389, val_pearson 0.6008, lr 1.00e-03 ---
2026-10-01 14:53:04,679 - INFO - 
****************************************************************************************************
2026-10-01 14:53:06,445 - INFO - --- training epoch 14, loss 0.0273, mae 0.1885, rmse 0.2336, time elapsed(min) 0.02---
2026-10-01 14:53:06,656 - INFO - --- validation at epoch 14, val_loss 0.0226, val_mae 0.1710, val_rmse 0.2066, val_r2 0.4170, val_pearson 0.6573, lr 1.00e-03 ---
2026-10-01 14:53:06,656 - INFO - 
****************************************************************************************************
2026-10-01 14:53:08,403 - INFO - --- training epoch 15, loss 0.0266, mae 0.1839, rmse 0.2307, time elapsed(min) 0.02---
2026-10-01 14:53:08,636 - INFO - --- validation at epoch 15, val_loss 0.0244, val_mae 0.1729, val_rmse 0.2154, val_r2 0.3666, val_pearson 0.6336, lr 1.00e-03 ---
2026-10-01 14:53:08,636 - INFO - 
****************************************************************************************************
2026-10-01 14:53:10,232 - INFO - --- training epoch 16, loss 0.0259, mae 0.1806, rmse 0.2278, time elapsed(min) 0.02---
2026-10-01 14:53:10,573 - INFO - --- validation at epoch 16, val_loss 0.0212, val_mae 0.1653, val_rmse 0.2006, val_r2 0.4505, val_pearson 0.6818, lr 1.00e-03 ---
2026-10-01 14:53:10,573 - INFO - 
****************************************************************************************************
2026-10-01 14:53:12,467 - INFO - --- training epoch 17, loss 0.0247, mae 0.1753, rmse 0.2221, time elapsed(min) 0.03---
2026-10-01 14:53:12,681 - INFO - --- validation at epoch 17, val_loss 0.0222, val_mae 0.1689, val_rmse 0.2057, val_r2 0.4223, val_pearson 0.6742, lr 1.00e-03 ---
2026-10-01 14:53:12,681 - INFO - 
****************************************************************************************************
2026-10-01 14:53:14,294 - INFO - --- training epoch 18, loss 0.0245, mae 0.1748, rmse 0.2214, time elapsed(min) 0.02---
2026-10-01 14:53:14,514 - INFO - --- validation at epoch 18, val_loss 0.0210, val_mae 0.1645, val_rmse 0.2025, val_r2 0.4401, val_pearson 0.6986, lr 1.00e-03 ---
2026-10-01 14:53:14,514 - INFO - 
****************************************************************************************************
2026-10-01 14:53:16,279 - INFO - --- training epoch 19, loss 0.0250, mae 0.1764, rmse 0.2238, time elapsed(min) 0.02---
2026-10-01 14:53:16,609 - INFO - --- validation at epoch 19, val_loss 0.0221, val_mae 0.1690, val_rmse 0.2077, val_r2 0.4107, val_pearson 0.6900, lr 1.00e-03 ---
2026-10-01 14:53:16,609 - INFO - 
****************************************************************************************************
2026-10-01 14:53:18,466 - INFO - --- training epoch 20, loss 0.0240, mae 0.1725, rmse 0.2189, time elapsed(min) 0.03---
2026-10-01 14:53:18,678 - INFO - --- validation at epoch 20, val_loss 0.0212, val_mae 0.1624, val_rmse 0.2002, val_r2 0.4524, val_pearson 0.6903, lr 1.00e-03 ---
2026-10-01 14:53:18,678 - INFO - 
****************************************************************************************************
2026-10-01 14:53:20,290 - INFO - --- training epoch 21, loss 0.0249, mae 0.1762, rmse 0.2232, time elapsed(min) 0.02---
2026-10-01 14:53:20,503 - INFO - --- validation at epoch 21, val_loss 0.0223, val_mae 0.1665, val_rmse 0.2055, val_r2 0.4233, val_pearson 0.6889, lr 1.00e-03 ---
2026-10-01 14:53:20,503 - INFO - 
****************************************************************************************************
2026-10-01 14:53:22,174 - INFO - --- training epoch 22, loss 0.0229, mae 0.1678, rmse 0.2140, time elapsed(min) 0.02---
2026-10-01 14:53:22,388 - INFO - --- validation at epoch 22, val_loss 0.0202, val_mae 0.1609, val_rmse 0.1971, val_r2 0.4697, val_pearson 0.7042, lr 1.00e-03 ---
2026-10-01 14:53:22,388 - INFO - 
****************************************************************************************************
2026-10-01 14:53:24,228 - INFO - --- training epoch 23, loss 0.0224, mae 0.1652, rmse 0.2115, time elapsed(min) 0.02---
2026-10-01 14:53:24,598 - INFO - --- validation at epoch 23, val_loss 0.0188, val_mae 0.1543, val_rmse 0.1909, val_r2 0.5025, val_pearson 0.7184, lr 1.00e-03 ---
2026-10-01 14:53:24,598 - INFO - 
****************************************************************************************************
2026-10-01 14:53:26,385 - INFO - --- training epoch 24, loss 0.0220, mae 0.1637, rmse 0.2097, time elapsed(min) 0.02---
2026-10-01 14:53:26,598 - INFO - --- validation at epoch 24, val_loss 0.0186, val_mae 0.1480, val_rmse 0.1883, val_r2 0.5159, val_pearson 0.7184, lr 1.00e-03 ---
2026-10-01 14:53:26,599 - INFO - 
****************************************************************************************************
2026-10-01 14:53:28,395 - INFO - --- training epoch 25, loss 0.0208, mae 0.1587, rmse 0.2038, time elapsed(min) 0.02---
2026-10-01 14:53:28,606 - INFO - --- validation at epoch 25, val_loss 0.0174, val_mae 0.1422, val_rmse 0.1822, val_r2 0.5464, val_pearson 0.7426, lr 1.00e-03 ---
2026-10-01 14:53:28,606 - INFO - 
****************************************************************************************************
2026-10-01 14:53:30,309 - INFO - --- training epoch 26, loss 0.0213, mae 0.1616, rmse 0.2064, time elapsed(min) 0.02---
2026-10-01 14:53:30,675 - INFO - --- validation at epoch 26, val_loss 0.0177, val_mae 0.1406, val_rmse 0.1854, val_r2 0.5305, val_pearson 0.7381, lr 1.00e-03 ---
2026-10-01 14:53:30,675 - INFO - 
****************************************************************************************************
2026-10-01 14:53:32,491 - INFO - --- training epoch 27, loss 0.0203, mae 0.1561, rmse 0.2014, time elapsed(min) 0.03---
2026-10-01 14:53:32,701 - INFO - --- validation at epoch 27, val_loss 0.0177, val_mae 0.1425, val_rmse 0.1842, val_r2 0.5367, val_pearson 0.7351, lr 1.00e-03 ---
2026-10-01 14:53:32,702 - INFO - 
****************************************************************************************************
2026-10-01 14:53:34,311 - INFO - --- training epoch 28, loss 0.0196, mae 0.1537, rmse 0.1978, time elapsed(min) 0.02---
2026-10-01 14:53:34,527 - INFO - --- validation at epoch 28, val_loss 0.0156, val_mae 0.1366, val_rmse 0.1760, val_r2 0.5772, val_pearson 0.7605, lr 1.00e-03 ---
2026-10-01 14:53:34,527 - INFO - 
****************************************************************************************************
2026-10-01 14:53:36,216 - INFO - --- training epoch 29, loss 0.0195, mae 0.1540, rmse 0.1973, time elapsed(min) 0.02---
2026-10-01 14:53:36,554 - INFO - --- validation at epoch 29, val_loss 0.0163, val_mae 0.1360, val_rmse 0.1779, val_r2 0.5677, val_pearson 0.7657, lr 1.00e-03 ---
2026-10-01 14:53:36,554 - INFO - 
****************************************************************************************************
2026-10-01 14:53:38,355 - INFO - --- training epoch 30, loss 0.0191, mae 0.1514, rmse 0.1954, time elapsed(min) 0.03---
2026-10-01 14:53:38,569 - INFO - --- validation at epoch 30, val_loss 0.0156, val_mae 0.1350, val_rmse 0.1750, val_r2 0.5818, val_pearson 0.7651, lr 1.00e-03 ---
2026-10-01 14:53:38,569 - INFO - 
****************************************************************************************************
2026-10-01 14:53:40,240 - INFO - --- training epoch 31, loss 0.0190, mae 0.1504, rmse 0.1950, time elapsed(min) 0.02---
2026-10-01 14:53:40,460 - INFO - --- validation at epoch 31, val_loss 0.0155, val_mae 0.1319, val_rmse 0.1738, val_r2 0.5875, val_pearson 0.7699, lr 1.00e-03 ---
2026-10-01 14:53:40,460 - INFO - 
****************************************************************************************************
2026-10-01 14:53:42,183 - INFO - --- training epoch 32, loss 0.0190, mae 0.1503, rmse 0.1949, time elapsed(min) 0.02---
2026-10-01 14:53:42,510 - INFO - --- validation at epoch 32, val_loss 0.0158, val_mae 0.1341, val_rmse 0.1758, val_r2 0.5779, val_pearson 0.7613, lr 1.00e-03 ---
2026-10-01 14:53:42,511 - INFO - 
****************************************************************************************************
2026-10-01 14:53:44,357 - INFO - --- training epoch 33, loss 0.0194, mae 0.1508, rmse 0.1969, time elapsed(min) 0.03---
2026-10-01 14:53:44,569 - INFO - --- validation at epoch 33, val_loss 0.0169, val_mae 0.1423, val_rmse 0.1815, val_r2 0.5503, val_pearson 0.7453, lr 1.00e-03 ---
2026-10-01 14:53:44,569 - INFO - 
****************************************************************************************************
2026-10-01 14:53:46,232 - INFO - --- training epoch 34, loss 0.0192, mae 0.1513, rmse 0.1961, time elapsed(min) 0.02---
2026-10-01 14:53:46,445 - INFO - --- validation at epoch 34, val_loss 0.0159, val_mae 0.1390, val_rmse 0.1789, val_r2 0.5629, val_pearson 0.7536, lr 1.00e-03 ---
2026-10-01 14:53:46,445 - INFO - 
****************************************************************************************************
2026-10-01 14:53:48,072 - INFO - --- training epoch 35, loss 0.0184, mae 0.1484, rmse 0.1917, time elapsed(min) 0.02---
2026-10-01 14:53:48,287 - INFO - --- validation at epoch 35, val_loss 0.0147, val_mae 0.1319, val_rmse 0.1706, val_r2 0.6027, val_pearson 0.7766, lr 1.00e-03 ---
2026-10-01 14:53:48,287 - INFO - 
****************************************************************************************************
2026-10-01 14:53:50,071 - INFO - --- training epoch 36, loss 0.0180, mae 0.1466, rmse 0.1897, time elapsed(min) 0.02---
2026-10-01 14:53:50,440 - INFO - --- validation at epoch 36, val_loss 0.0154, val_mae 0.1370, val_rmse 0.1751, val_r2 0.5813, val_pearson 0.7694, lr 1.00e-03 ---
2026-10-01 14:53:50,440 - INFO - 
****************************************************************************************************
2026-10-01 14:53:52,196 - INFO - --- training epoch 37, loss 0.0179, mae 0.1456, rmse 0.1894, time elapsed(min) 0.02---
2026-10-01 14:53:52,431 - INFO - --- validation at epoch 37, val_loss 0.0152, val_mae 0.1354, val_rmse 0.1728, val_r2 0.5923, val_pearson 0.7739, lr 1.00e-03 ---
2026-10-01 14:53:52,431 - INFO - 
****************************************************************************************************
2026-10-01 14:53:54,031 - INFO - --- training epoch 38, loss 0.0178, mae 0.1450, rmse 0.1888, time elapsed(min) 0.02---
2026-10-01 14:53:54,242 - INFO - --- validation at epoch 38, val_loss 0.0152, val_mae 0.1359, val_rmse 0.1743, val_r2 0.5853, val_pearson 0.7663, lr 1.00e-03 ---
2026-10-01 14:53:54,242 - INFO - 
****************************************************************************************************
2026-10-01 14:53:55,933 - INFO - --- training epoch 39, loss 0.0188, mae 0.1486, rmse 0.1937, time elapsed(min) 0.02---
2026-10-01 14:53:56,336 - INFO - --- validation at epoch 39, val_loss 0.0177, val_mae 0.1452, val_rmse 0.1835, val_r2 0.5400, val_pearson 0.7436, lr 1.00e-03 ---
2026-10-01 14:53:56,337 - INFO - 
****************************************************************************************************
2026-10-01 14:53:58,202 - INFO - --- training epoch 40, loss 0.0188, mae 0.1500, rmse 0.1939, time elapsed(min) 0.03---
2026-10-01 14:53:58,439 - INFO - --- validation at epoch 40, val_loss 0.0159, val_mae 0.1332, val_rmse 0.1748, val_r2 0.5828, val_pearson 0.7655, lr 1.00e-03 ---
2026-10-01 14:53:58,439 - INFO - 
****************************************************************************************************
2026-10-01 14:54:00,054 - INFO - --- training epoch 41, loss 0.0182, mae 0.1473, rmse 0.1910, time elapsed(min) 0.02---
2026-10-01 14:54:00,262 - INFO - --- validation at epoch 41, val_loss 0.0159, val_mae 0.1347, val_rmse 0.1775, val_r2 0.5696, val_pearson 0.7591, lr 1.00e-03 ---
2026-10-01 14:54:00,262 - INFO - 
****************************************************************************************************
2026-10-01 14:54:01,949 - INFO - --- training epoch 42, loss 0.0181, mae 0.1468, rmse 0.1900, time elapsed(min) 0.02---
2026-10-01 14:54:02,279 - INFO - --- validation at epoch 42, val_loss 0.0146, val_mae 0.1300, val_rmse 0.1706, val_r2 0.6024, val_pearson 0.7761, lr 1.00e-03 ---
2026-10-01 14:54:02,279 - INFO - 
****************************************************************************************************
2026-10-01 14:54:04,215 - INFO - --- training epoch 43, loss 0.0176, mae 0.1445, rmse 0.1877, time elapsed(min) 0.03---
2026-10-01 14:54:04,427 - INFO - --- validation at epoch 43, val_loss 0.0153, val_mae 0.1304, val_rmse 0.1718, val_r2 0.5970, val_pearson 0.7768, lr 1.00e-03 ---
2026-10-01 14:54:04,427 - INFO - 
****************************************************************************************************
2026-10-01 14:54:06,068 - INFO - --- training epoch 44, loss 0.0178, mae 0.1453, rmse 0.1886, time elapsed(min) 0.02---
2026-10-01 14:54:06,297 - INFO - --- validation at epoch 44, val_loss 0.0153, val_mae 0.1338, val_rmse 0.1742, val_r2 0.5855, val_pearson 0.7714, lr 1.00e-03 ---
2026-10-01 14:54:06,297 - INFO - 
****************************************************************************************************
2026-10-01 14:54:07,917 - INFO - --- training epoch 45, loss 0.0183, mae 0.1474, rmse 0.1914, time elapsed(min) 0.02---
2026-10-01 14:54:08,128 - INFO - --- validation at epoch 45, val_loss 0.0147, val_mae 0.1304, val_rmse 0.1709, val_r2 0.6011, val_pearson 0.7766, lr 1.00e-03 ---
2026-10-01 14:54:08,128 - INFO - 
****************************************************************************************************
2026-10-01 14:54:09,952 - INFO - --- training epoch 46, loss 0.0178, mae 0.1451, rmse 0.1888, time elapsed(min) 0.03---
2026-10-01 14:54:10,425 - INFO - --- validation at epoch 46, val_loss 0.0149, val_mae 0.1341, val_rmse 0.1731, val_r2 0.5907, val_pearson 0.7727, lr 1.00e-03 ---
2026-10-01 14:54:10,425 - INFO - 
****************************************************************************************************
2026-10-01 14:54:12,048 - INFO - --- training epoch 47, loss 0.0172, mae 0.1425, rmse 0.1855, time elapsed(min) 0.02---
2026-10-01 14:54:12,257 - INFO - --- validation at epoch 47, val_loss 0.0154, val_mae 0.1302, val_rmse 0.1719, val_r2 0.5966, val_pearson 0.7779, lr 1.00e-03 ---
2026-10-01 14:54:12,257 - INFO - 
****************************************************************************************************
2026-10-01 14:54:13,916 - INFO - --- training epoch 48, loss 0.0173, mae 0.1435, rmse 0.1862, time elapsed(min) 0.02---
2026-10-01 14:54:14,125 - INFO - --- validation at epoch 48, val_loss 0.0146, val_mae 0.1286, val_rmse 0.1687, val_r2 0.6113, val_pearson 0.7822, lr 1.00e-03 ---
2026-10-01 14:54:14,125 - INFO - 
****************************************************************************************************
2026-10-01 14:54:15,807 - INFO - --- training epoch 49, loss 0.0171, mae 0.1425, rmse 0.1850, time elapsed(min) 0.02---
2026-10-01 14:54:16,172 - INFO - --- validation at epoch 49, val_loss 0.0151, val_mae 0.1309, val_rmse 0.1723, val_r2 0.5945, val_pearson 0.7768, lr 1.00e-03 ---
2026-10-01 14:54:16,173 - INFO - 
****************************************************************************************************
2026-10-01 14:54:17,968 - INFO - --- training epoch 50, loss 0.0166, mae 0.1394, rmse 0.1821, time elapsed(min) 0.02---
2026-10-01 14:54:18,181 - INFO - --- validation at epoch 50, val_loss 0.0140, val_mae 0.1268, val_rmse 0.1663, val_r2 0.6224, val_pearson 0.7889, lr 1.00e-03 ---
2026-10-01 14:54:18,182 - INFO - 
****************************************************************************************************
2026-10-01 14:54:19,940 - INFO - --- training epoch 51, loss 0.0169, mae 0.1423, rmse 0.1840, time elapsed(min) 0.02---
2026-10-01 14:54:20,151 - INFO - --- validation at epoch 51, val_loss 0.0149, val_mae 0.1292, val_rmse 0.1700, val_r2 0.6052, val_pearson 0.7865, lr 1.00e-03 ---
2026-10-01 14:54:20,151 - INFO - 
****************************************************************************************************
2026-10-01 14:54:21,780 - INFO - --- training epoch 52, loss 0.0170, mae 0.1414, rmse 0.1843, time elapsed(min) 0.02---
2026-10-01 14:54:22,123 - INFO - --- validation at epoch 52, val_loss 0.0145, val_mae 0.1271, val_rmse 0.1676, val_r2 0.6164, val_pearson 0.7914, lr 1.00e-03 ---
2026-10-01 14:54:22,123 - INFO - 
****************************************************************************************************
2026-10-01 14:54:23,942 - INFO - --- training epoch 53, loss 0.0178, mae 0.1452, rmse 0.1888, time elapsed(min) 0.03---
2026-10-01 14:54:24,157 - INFO - --- validation at epoch 53, val_loss 0.0148, val_mae 0.1313, val_rmse 0.1710, val_r2 0.6009, val_pearson 0.7758, lr 1.00e-03 ---
2026-10-01 14:54:24,158 - INFO - 
****************************************************************************************************
2026-10-01 14:54:25,840 - INFO - --- training epoch 54, loss 0.0183, mae 0.1473, rmse 0.1912, time elapsed(min) 0.02---
2026-10-01 14:54:26,055 - INFO - --- validation at epoch 54, val_loss 0.0167, val_mae 0.1404, val_rmse 0.1805, val_r2 0.5551, val_pearson 0.7473, lr 1.00e-03 ---
2026-10-01 14:54:26,056 - INFO - 
****************************************************************************************************
2026-10-01 14:54:27,777 - INFO - --- training epoch 55, loss 0.0173, mae 0.1445, rmse 0.1861, time elapsed(min) 0.02---
2026-10-01 14:54:28,119 - INFO - --- validation at epoch 55, val_loss 0.0140, val_mae 0.1262, val_rmse 0.1657, val_r2 0.6250, val_pearson 0.7912, lr 1.00e-03 ---
2026-10-01 14:54:28,119 - INFO - 
****************************************************************************************************
2026-10-01 14:54:29,849 - INFO - --- training epoch 56, loss 0.0169, mae 0.1421, rmse 0.1839, time elapsed(min) 0.02---
2026-10-01 14:54:30,211 - INFO - --- validation at epoch 56, val_loss 0.0149, val_mae 0.1295, val_rmse 0.1689, val_r2 0.6104, val_pearson 0.7816, lr 1.00e-03 ---
2026-10-01 14:54:30,211 - INFO - 
****************************************************************************************************
2026-10-01 14:54:31,931 - INFO - --- training epoch 57, loss 0.0163, mae 0.1388, rmse 0.1804, time elapsed(min) 0.02---
2026-10-01 14:54:32,139 - INFO - --- validation at epoch 57, val_loss 0.0137, val_mae 0.1253, val_rmse 0.1640, val_r2 0.6329, val_pearson 0.7961, lr 1.00e-03 ---
2026-10-01 14:54:32,139 - INFO - 
****************************************************************************************************
2026-10-01 14:54:33,828 - INFO - --- training epoch 58, loss 0.0161, mae 0.1376, rmse 0.1793, time elapsed(min) 0.02---
2026-10-01 14:54:34,041 - INFO - --- validation at epoch 58, val_loss 0.0139, val_mae 0.1241, val_rmse 0.1627, val_r2 0.6387, val_pearson 0.8007, lr 1.00e-03 ---
2026-10-01 14:54:34,041 - INFO - 
****************************************************************************************************
2026-10-01 14:54:35,772 - INFO - --- training epoch 59, loss 0.0165, mae 0.1387, rmse 0.1815, time elapsed(min) 0.02---
2026-10-01 14:54:36,116 - INFO - --- validation at epoch 59, val_loss 0.0146, val_mae 0.1277, val_rmse 0.1664, val_r2 0.6218, val_pearson 0.7919, lr 1.00e-03 ---
2026-10-01 14:54:36,116 - INFO - 
****************************************************************************************************
2026-10-01 14:54:37,944 - INFO - --- training epoch 60, loss 0.0174, mae 0.1434, rmse 0.1868, time elapsed(min) 0.03---
2026-10-01 14:54:38,154 - INFO - --- validation at epoch 60, val_loss 0.0164, val_mae 0.1370, val_rmse 0.1768, val_r2 0.5730, val_pearson 0.7688, lr 1.00e-03 ---
2026-10-01 14:54:38,154 - INFO - 
****************************************************************************************************
2026-10-01 14:54:39,851 - INFO - --- training epoch 61, loss 0.0173, mae 0.1434, rmse 0.1858, time elapsed(min) 0.02---
2026-10-01 14:54:40,079 - INFO - --- validation at epoch 61, val_loss 0.0145, val_mae 0.1260, val_rmse 0.1669, val_r2 0.6194, val_pearson 0.7871, lr 1.00e-03 ---
2026-10-01 14:54:40,079 - INFO - 
****************************************************************************************************
2026-10-01 14:54:41,695 - INFO - --- training epoch 62, loss 0.0164, mae 0.1391, rmse 0.1812, time elapsed(min) 0.02---
2026-10-01 14:54:42,027 - INFO - --- validation at epoch 62, val_loss 0.0149, val_mae 0.1251, val_rmse 0.1652, val_r2 0.6273, val_pearson 0.7942, lr 1.00e-03 ---
2026-10-01 14:54:42,027 - INFO - 
****************************************************************************************************
2026-10-01 14:54:43,739 - INFO - --- training epoch 63, loss 0.0164, mae 0.1388, rmse 0.1812, time elapsed(min) 0.02---
2026-10-01 14:54:44,120 - INFO - --- validation at epoch 63, val_loss 0.0138, val_mae 0.1250, val_rmse 0.1627, val_r2 0.6385, val_pearson 0.7999, lr 1.00e-03 ---
2026-10-01 14:54:44,121 - INFO - 
****************************************************************************************************
2026-10-01 14:54:45,955 - INFO - --- training epoch 64, loss 0.0160, mae 0.1375, rmse 0.1788, time elapsed(min) 0.02---
2026-10-01 14:54:46,165 - INFO - --- validation at epoch 64, val_loss 0.0155, val_mae 0.1299, val_rmse 0.1697, val_r2 0.6066, val_pearson 0.7850, lr 1.00e-03 ---
2026-10-01 14:54:46,165 - INFO - 
****************************************************************************************************
2026-10-01 14:54:47,834 - INFO - --- training epoch 65, loss 0.0158, mae 0.1364, rmse 0.1779, time elapsed(min) 0.02---
2026-10-01 14:54:48,046 - INFO - --- validation at epoch 65, val_loss 0.0144, val_mae 0.1242, val_rmse 0.1640, val_r2 0.6328, val_pearson 0.7983, lr 1.00e-03 ---
2026-10-01 14:54:48,046 - INFO - 
****************************************************************************************************
2026-10-01 14:54:49,748 - INFO - --- training epoch 66, loss 0.0158, mae 0.1359, rmse 0.1779, time elapsed(min) 0.02---
2026-10-01 14:54:50,116 - INFO - --- validation at epoch 66, val_loss 0.0143, val_mae 0.1273, val_rmse 0.1648, val_r2 0.6290, val_pearson 0.8013, lr 1.00e-03 ---
2026-10-01 14:54:50,116 - INFO - 
****************************************************************************************************
2026-10-01 14:54:51,863 - INFO - --- training epoch 67, loss 0.0164, mae 0.1385, rmse 0.1812, time elapsed(min) 0.02---
2026-10-01 14:54:52,073 - INFO - --- validation at epoch 67, val_loss 0.0142, val_mae 0.1310, val_rmse 0.1646, val_r2 0.6298, val_pearson 0.7966, lr 1.00e-03 ---
2026-10-01 14:54:52,073 - INFO - 
****************************************************************************************************
2026-10-01 14:54:52,346 - INFO - --- early stopping at epoch 67: val_loss did not improve for 10 epochs ---
2026-10-01 14:54:52,611 - INFO - --- selected checkpoint from epoch 57, val_loss 0.0137, val_mae 0.1253, val_rmse 0.1640
2026-10-01 14:54:53,386 - INFO - -- RESULT
2026-10-01 14:54:53,386 - INFO - --- test size: 1728
2026-10-01 14:54:53,386 - INFO - --- MAE: 0.1365 (13.65 pp), RMSE: 0.1779 (17.79 pp), R2: 0.6000, Pearson: 0.7757
2026-10-01 14:54:54,823 - INFO - --- Cell approach_2 DONE: test MAE=0.1365 RMSE=0.1779 R2=0.6000 | sec/epoch=1.98
2026-10-01 14:54:54,836 - INFO - === RUNNING: dataset=suzuki split=split_1 cell=approach_1_linear (tokens=comb, pooling=rn, head=linear) ===
