2026-09-30 23:26:41,463 - INFO - device is	cuda:0
2026-09-30 23:26:41,559 - INFO - -- CONFIGURATIONS
2026-09-30 23:26:41,559 - INFO - --- train/valid/test: 2491/277/1187
2026-09-30 23:26:41,559 - INFO - --- max no. reactants_train, valid, test respectively: 6, 6, 6
2026-09-30 23:26:41,559 - INFO - --- max no. products_train, valid, test respectively: 1, 1, 1
2026-09-30 23:26:41,559 - INFO - --- model_path: ../logs/approach2_grid_bh/e400/runs/Buchwald-Hartwig_fullcv07_split70_ind_mlp/model.pt
2026-09-30 23:26:41,569 - INFO - -- TRAINING
2026-09-30 23:26:42,208 - INFO - --- training epoch 0, loss 26.5714, mae 27.0670, rmse 34.2555, time elapsed(min) 0.01---
2026-09-30 23:26:42,367 - INFO - --- validation at epoch 0, val_loss 24.0755, val_mae 24.1378, val_rmse 29.7446, val_r2 -0.1481, val_pearson -0.3567, lr 1.00e-03 ---
2026-09-30 23:26:42,368 - INFO - 
****************************************************************************************************
2026-09-30 23:26:43,456 - INFO - --- training epoch 1, loss 23.0687, mae 23.5645, rmse 28.6970, time elapsed(min) 0.01---
2026-09-30 23:26:43,626 - INFO - --- validation at epoch 1, val_loss 24.5069, val_mae 24.6663, val_rmse 31.1515, val_r2 -0.2592, val_pearson -0.3708, lr 1.00e-03 ---
2026-09-30 23:26:43,626 - INFO - 
****************************************************************************************************
2026-09-30 23:26:44,823 - INFO - --- training epoch 2, loss 22.9739, mae 23.4707, rmse 28.4168, time elapsed(min) 0.01---
2026-09-30 23:26:44,994 - INFO - --- validation at epoch 2, val_loss 24.2016, val_mae 24.3545, val_rmse 30.4762, val_r2 -0.2052, val_pearson -0.3285, lr 1.00e-03 ---
2026-09-30 23:26:44,994 - INFO - 
****************************************************************************************************
2026-09-30 23:26:46,335 - INFO - --- training epoch 3, loss 22.8895, mae 23.3872, rmse 28.3429, time elapsed(min) 0.02---
2026-09-30 23:26:46,505 - INFO - --- validation at epoch 3, val_loss 23.4078, val_mae 23.4849, val_rmse 29.0434, val_r2 -0.0946, val_pearson 0.2543, lr 1.00e-03 ---
2026-09-30 23:26:46,505 - INFO - 
****************************************************************************************************
2026-09-30 23:26:47,815 - INFO - --- training epoch 4, loss 22.7468, mae 23.2427, rmse 28.0075, time elapsed(min) 0.01---
2026-09-30 23:26:47,994 - INFO - --- validation at epoch 4, val_loss 23.1629, val_mae 23.1149, val_rmse 28.5654, val_r2 -0.0588, val_pearson 0.2599, lr 1.00e-03 ---
2026-09-30 23:26:47,994 - INFO - 
****************************************************************************************************
2026-09-30 23:26:49,259 - INFO - --- training epoch 5, loss 22.1975, mae 22.6952, rmse 27.2643, time elapsed(min) 0.01---
2026-09-30 23:26:49,425 - INFO - --- validation at epoch 5, val_loss 22.6984, val_mae 22.5195, val_rmse 27.3786, val_r2 0.0273, val_pearson 0.3093, lr 1.00e-03 ---
2026-09-30 23:26:49,425 - INFO - 
****************************************************************************************************
2026-09-30 23:26:50,549 - INFO - --- training epoch 6, loss 22.1665, mae 22.6616, rmse 27.3379, time elapsed(min) 0.01---
2026-09-30 23:26:50,714 - INFO - --- validation at epoch 6, val_loss 22.4900, val_mae 22.7727, val_rmse 28.3999, val_r2 -0.0466, val_pearson 0.3260, lr 1.00e-03 ---
2026-09-30 23:26:50,714 - INFO - 
****************************************************************************************************
2026-09-30 23:26:51,988 - INFO - --- training epoch 7, loss 21.8524, mae 22.3486, rmse 27.1567, time elapsed(min) 0.01---
2026-09-30 23:26:52,165 - INFO - --- validation at epoch 7, val_loss 23.0336, val_mae 23.3523, val_rmse 29.1654, val_r2 -0.1038, val_pearson 0.3336, lr 1.00e-03 ---
2026-09-30 23:26:52,165 - INFO - 
****************************************************************************************************
2026-09-30 23:26:53,387 - INFO - --- training epoch 8, loss 22.0077, mae 22.5050, rmse 26.8046, time elapsed(min) 0.01---
2026-09-30 23:26:53,562 - INFO - --- validation at epoch 8, val_loss 21.7539, val_mae 21.8821, val_rmse 27.0385, val_r2 0.0513, val_pearson 0.4234, lr 1.00e-03 ---
2026-09-30 23:26:53,562 - INFO - 
****************************************************************************************************
2026-09-30 23:26:54,892 - INFO - --- training epoch 9, loss 21.4171, mae 21.9130, rmse 26.4034, time elapsed(min) 0.01---
2026-09-30 23:26:55,059 - INFO - --- validation at epoch 9, val_loss 20.6261, val_mae 20.6516, val_rmse 24.8588, val_r2 0.1981, val_pearson 0.4999, lr 1.00e-03 ---
2026-09-30 23:26:55,059 - INFO - 
****************************************************************************************************
2026-09-30 23:26:56,544 - INFO - --- training epoch 10, loss 22.3510, mae 22.8475, rmse 27.7152, time elapsed(min) 0.02---
2026-09-30 23:26:56,721 - INFO - --- validation at epoch 10, val_loss 22.1318, val_mae 21.7331, val_rmse 26.7958, val_r2 0.0683, val_pearson 0.3991, lr 1.00e-03 ---
2026-09-30 23:26:56,721 - INFO - 
****************************************************************************************************
2026-09-30 23:26:57,743 - INFO - --- training epoch 11, loss 21.9835, mae 22.4787, rmse 27.0874, time elapsed(min) 0.01---
2026-09-30 23:26:57,909 - INFO - --- validation at epoch 11, val_loss 21.6701, val_mae 21.3992, val_rmse 26.2863, val_r2 0.1034, val_pearson 0.4328, lr 1.00e-03 ---
2026-09-30 23:26:57,909 - INFO - 
****************************************************************************************************
2026-09-30 23:26:58,918 - INFO - --- training epoch 12, loss 21.0500, mae 21.5450, rmse 26.1801, time elapsed(min) 0.01---
2026-09-30 23:26:59,088 - INFO - --- validation at epoch 12, val_loss 20.1843, val_mae 20.2999, val_rmse 24.7293, val_r2 0.2064, val_pearson 0.4854, lr 1.00e-03 ---
2026-09-30 23:26:59,088 - INFO - 
****************************************************************************************************
2026-09-30 23:27:00,408 - INFO - --- training epoch 13, loss 20.5886, mae 21.0846, rmse 25.6057, time elapsed(min) 0.01---
2026-09-30 23:27:00,574 - INFO - --- validation at epoch 13, val_loss 19.8397, val_mae 20.4611, val_rmse 25.5091, val_r2 0.1556, val_pearson 0.5283, lr 1.00e-03 ---
2026-09-30 23:27:00,574 - INFO - 
****************************************************************************************************
2026-09-30 23:27:01,887 - INFO - --- training epoch 14, loss 21.3240, mae 21.8203, rmse 26.3324, time elapsed(min) 0.01---
2026-09-30 23:27:02,046 - INFO - --- validation at epoch 14, val_loss 21.0040, val_mae 20.8200, val_rmse 25.5335, val_r2 0.1540, val_pearson 0.4686, lr 1.00e-03 ---
2026-09-30 23:27:02,047 - INFO - 
****************************************************************************************************
2026-09-30 23:27:03,314 - INFO - --- training epoch 15, loss 20.1278, mae 20.6235, rmse 25.1717, time elapsed(min) 0.01---
2026-09-30 23:27:03,734 - INFO - --- validation at epoch 15, val_loss 18.6587, val_mae 18.6836, val_rmse 23.6431, val_r2 0.2746, val_pearson 0.5569, lr 1.00e-03 ---
2026-09-30 23:27:03,734 - INFO - 
****************************************************************************************************
2026-09-30 23:27:05,003 - INFO - --- training epoch 16, loss 19.7995, mae 20.2945, rmse 25.3513, time elapsed(min) 0.01---
2026-09-30 23:27:05,161 - INFO - --- validation at epoch 16, val_loss 19.6533, val_mae 19.6942, val_rmse 24.1423, val_r2 0.2437, val_pearson 0.5360, lr 1.00e-03 ---
2026-09-30 23:27:05,162 - INFO - 
****************************************************************************************************
2026-09-30 23:27:06,195 - INFO - --- training epoch 17, loss 19.8460, mae 20.3411, rmse 25.0369, time elapsed(min) 0.01---
2026-09-30 23:27:06,365 - INFO - --- validation at epoch 17, val_loss 19.0461, val_mae 18.8520, val_rmse 22.9223, val_r2 0.3182, val_pearson 0.5826, lr 1.00e-03 ---
2026-09-30 23:27:06,365 - INFO - 
****************************************************************************************************
2026-09-30 23:27:07,581 - INFO - --- training epoch 18, loss 19.7230, mae 20.2177, rmse 25.2289, time elapsed(min) 0.01---
2026-09-30 23:27:07,750 - INFO - --- validation at epoch 18, val_loss 18.9285, val_mae 18.8517, val_rmse 23.2862, val_r2 0.2964, val_pearson 0.5582, lr 1.00e-03 ---
2026-09-30 23:27:07,750 - INFO - 
****************************************************************************************************
2026-09-30 23:27:08,987 - INFO - --- training epoch 19, loss 19.8000, mae 20.2959, rmse 25.1972, time elapsed(min) 0.01---
2026-09-30 23:27:09,150 - INFO - --- validation at epoch 19, val_loss 23.3447, val_mae 24.0483, val_rmse 31.1769, val_r2 -0.2613, val_pearson 0.3391, lr 1.00e-03 ---
2026-09-30 23:27:09,150 - INFO - 
****************************************************************************************************
2026-09-30 23:27:10,363 - INFO - --- training epoch 20, loss 20.5056, mae 21.0011, rmse 25.9052, time elapsed(min) 0.01---
2026-09-30 23:27:10,742 - INFO - --- validation at epoch 20, val_loss 20.2084, val_mae 21.4132, val_rmse 26.6696, val_r2 0.0770, val_pearson 0.4195, lr 1.00e-03 ---
2026-09-30 23:27:10,742 - INFO - 
****************************************************************************************************
2026-09-30 23:27:11,903 - INFO - --- training epoch 21, loss 20.6937, mae 21.1891, rmse 26.0407, time elapsed(min) 0.01---
2026-09-30 23:27:12,069 - INFO - --- validation at epoch 21, val_loss 22.6872, val_mae 22.9731, val_rmse 28.8376, val_r2 -0.0791, val_pearson 0.4571, lr 1.00e-03 ---
2026-09-30 23:27:12,069 - INFO - 
****************************************************************************************************
2026-09-30 23:27:13,082 - INFO - --- training epoch 22, loss 21.6573, mae 22.1521, rmse 26.9247, time elapsed(min) 0.01---
2026-09-30 23:27:13,244 - INFO - --- validation at epoch 22, val_loss 21.3368, val_mae 21.6469, val_rmse 27.0503, val_r2 0.0505, val_pearson 0.5274, lr 1.00e-03 ---
2026-09-30 23:27:13,244 - INFO - 
****************************************************************************************************
2026-09-30 23:27:14,464 - INFO - --- training epoch 23, loss 20.8394, mae 21.3343, rmse 26.1756, time elapsed(min) 0.01---
2026-09-30 23:27:14,639 - INFO - --- validation at epoch 23, val_loss 20.7528, val_mae 20.7981, val_rmse 26.0637, val_r2 0.1185, val_pearson 0.5211, lr 1.00e-03 ---
2026-09-30 23:27:14,639 - INFO - 
****************************************************************************************************
2026-09-30 23:27:15,988 - INFO - --- training epoch 24, loss 19.9363, mae 20.4312, rmse 25.2427, time elapsed(min) 0.02---
2026-09-30 23:27:16,161 - INFO - --- validation at epoch 24, val_loss 19.2580, val_mae 19.3304, val_rmse 24.0590, val_r2 0.2489, val_pearson 0.5704, lr 1.00e-03 ---
2026-09-30 23:27:16,161 - INFO - 
****************************************************************************************************
2026-09-30 23:27:17,396 - INFO - --- training epoch 25, loss 19.6912, mae 20.1871, rmse 25.3468, time elapsed(min) 0.01---
2026-09-30 23:27:17,556 - INFO - --- validation at epoch 25, val_loss 19.0937, val_mae 18.9893, val_rmse 23.8560, val_r2 0.2615, val_pearson 0.5808, lr 1.00e-03 ---
2026-09-30 23:27:17,556 - INFO - 
****************************************************************************************************
2026-09-30 23:27:18,734 - INFO - --- training epoch 26, loss 19.5407, mae 20.0366, rmse 24.6424, time elapsed(min) 0.01---
2026-09-30 23:27:18,902 - INFO - --- validation at epoch 26, val_loss 18.9103, val_mae 18.8812, val_rmse 23.3619, val_r2 0.2918, val_pearson 0.5581, lr 1.00e-03 ---
2026-09-30 23:27:18,902 - INFO - 
****************************************************************************************************
2026-09-30 23:27:19,930 - INFO - --- training epoch 27, loss 18.9158, mae 19.4117, rmse 24.4902, time elapsed(min) 0.01---
2026-09-30 23:27:20,100 - INFO - --- validation at epoch 27, val_loss 18.0564, val_mae 18.0681, val_rmse 22.6785, val_r2 0.3326, val_pearson 0.5882, lr 3.00e-04 ---
2026-09-30 23:27:20,100 - INFO - 
****************************************************************************************************
2026-09-30 23:27:21,377 - INFO - --- training epoch 28, loss 18.8503, mae 19.3463, rmse 24.3694, time elapsed(min) 0.01---
2026-09-30 23:27:21,546 - INFO - --- validation at epoch 28, val_loss 17.7800, val_mae 17.7656, val_rmse 22.5707, val_r2 0.3389, val_pearson 0.5957, lr 3.00e-04 ---
2026-09-30 23:27:21,546 - INFO - 
****************************************************************************************************
2026-09-30 23:27:22,877 - INFO - --- training epoch 29, loss 18.6449, mae 19.1402, rmse 24.0913, time elapsed(min) 0.01---
2026-09-30 23:27:23,045 - INFO - --- validation at epoch 29, val_loss 17.9175, val_mae 17.9027, val_rmse 22.5619, val_r2 0.3394, val_pearson 0.5963, lr 3.00e-04 ---
2026-09-30 23:27:23,046 - INFO - 
****************************************************************************************************
2026-09-30 23:27:24,422 - INFO - --- training epoch 30, loss 18.4710, mae 18.9666, rmse 24.1417, time elapsed(min) 0.02---
2026-09-30 23:27:24,584 - INFO - --- validation at epoch 30, val_loss 17.9572, val_mae 17.8222, val_rmse 22.7513, val_r2 0.3283, val_pearson 0.5890, lr 3.00e-04 ---
2026-09-30 23:27:24,584 - INFO - 
****************************************************************************************************
2026-09-30 23:27:25,836 - INFO - --- training epoch 31, loss 18.5255, mae 19.0200, rmse 24.1314, time elapsed(min) 0.01---
2026-09-30 23:27:26,225 - INFO - --- validation at epoch 31, val_loss 17.8649, val_mae 17.8558, val_rmse 22.6290, val_r2 0.3355, val_pearson 0.5963, lr 3.00e-04 ---
2026-09-30 23:27:26,225 - INFO - 
****************************************************************************************************
2026-09-30 23:27:27,447 - INFO - --- training epoch 32, loss 18.4452, mae 18.9382, rmse 24.0925, time elapsed(min) 0.01---
2026-09-30 23:27:27,614 - INFO - --- validation at epoch 32, val_loss 17.9803, val_mae 17.9599, val_rmse 22.6898, val_r2 0.3319, val_pearson 0.5889, lr 3.00e-04 ---
2026-09-30 23:27:27,614 - INFO - 
****************************************************************************************************
2026-09-30 23:27:28,637 - INFO - --- training epoch 33, loss 18.3977, mae 18.8924, rmse 24.0051, time elapsed(min) 0.01---
2026-09-30 23:27:28,810 - INFO - --- validation at epoch 33, val_loss 18.0029, val_mae 18.0535, val_rmse 22.6565, val_r2 0.3339, val_pearson 0.5957, lr 3.00e-04 ---
2026-09-30 23:27:28,810 - INFO - 
****************************************************************************************************
2026-09-30 23:27:29,993 - INFO - --- training epoch 34, loss 18.4756, mae 18.9702, rmse 24.0148, time elapsed(min) 0.01---
2026-09-30 23:27:30,160 - INFO - --- validation at epoch 34, val_loss 17.9272, val_mae 18.0181, val_rmse 22.5098, val_r2 0.3425, val_pearson 0.5966, lr 3.00e-04 ---
2026-09-30 23:27:30,160 - INFO - 
****************************************************************************************************
2026-09-30 23:27:31,535 - INFO - --- training epoch 35, loss 18.4906, mae 18.9852, rmse 23.9108, time elapsed(min) 0.02---
2026-09-30 23:27:31,711 - INFO - --- validation at epoch 35, val_loss 17.8941, val_mae 18.0230, val_rmse 22.6194, val_r2 0.3361, val_pearson 0.5926, lr 3.00e-04 ---
2026-09-30 23:27:31,711 - INFO - 
****************************************************************************************************
2026-09-30 23:27:32,962 - INFO - --- training epoch 36, loss 18.4280, mae 18.9214, rmse 23.9914, time elapsed(min) 0.01---
2026-09-30 23:27:33,136 - INFO - --- validation at epoch 36, val_loss 17.9566, val_mae 18.0692, val_rmse 22.5194, val_r2 0.3419, val_pearson 0.5958, lr 3.00e-04 ---
2026-09-30 23:27:33,136 - INFO - 
****************************************************************************************************
2026-09-30 23:27:34,550 - INFO - --- training epoch 37, loss 18.3121, mae 18.8072, rmse 23.9328, time elapsed(min) 0.02---
2026-09-30 23:27:34,709 - INFO - --- validation at epoch 37, val_loss 17.7009, val_mae 17.8092, val_rmse 22.6073, val_r2 0.3368, val_pearson 0.5977, lr 3.00e-04 ---
2026-09-30 23:27:34,709 - INFO - 
****************************************************************************************************
2026-09-30 23:27:35,851 - INFO - --- training epoch 38, loss 18.3419, mae 18.8364, rmse 23.9916, time elapsed(min) 0.01---
2026-09-30 23:27:36,021 - INFO - --- validation at epoch 38, val_loss 18.1015, val_mae 18.3334, val_rmse 22.8654, val_r2 0.3216, val_pearson 0.5874, lr 3.00e-04 ---
2026-09-30 23:27:36,021 - INFO - 
****************************************************************************************************
2026-09-30 23:27:37,053 - INFO - --- training epoch 39, loss 18.4984, mae 18.9925, rmse 23.9717, time elapsed(min) 0.01---
2026-09-30 23:27:37,229 - INFO - --- validation at epoch 39, val_loss 17.9311, val_mae 17.9965, val_rmse 22.4030, val_r2 0.3487, val_pearson 0.6022, lr 3.00e-04 ---
2026-09-30 23:27:37,229 - INFO - 
****************************************************************************************************
2026-09-30 23:27:38,456 - INFO - --- training epoch 40, loss 18.4535, mae 18.9470, rmse 23.9389, time elapsed(min) 0.01---
2026-09-30 23:27:38,620 - INFO - --- validation at epoch 40, val_loss 18.0329, val_mae 18.2102, val_rmse 22.5870, val_r2 0.3380, val_pearson 0.5987, lr 3.00e-04 ---
2026-09-30 23:27:38,620 - INFO - 
****************************************************************************************************
2026-09-30 23:27:39,857 - INFO - --- training epoch 41, loss 18.6718, mae 19.1665, rmse 24.0511, time elapsed(min) 0.01---
2026-09-30 23:27:40,031 - INFO - --- validation at epoch 41, val_loss 18.2303, val_mae 18.2840, val_rmse 22.7251, val_r2 0.3299, val_pearson 0.5961, lr 3.00e-04 ---
2026-09-30 23:27:40,032 - INFO - 
****************************************************************************************************
2026-09-30 23:27:41,274 - INFO - --- training epoch 42, loss 18.5798, mae 19.0754, rmse 23.8852, time elapsed(min) 0.01---
2026-09-30 23:27:41,655 - INFO - --- validation at epoch 42, val_loss 18.1390, val_mae 18.2742, val_rmse 22.6697, val_r2 0.3331, val_pearson 0.5975, lr 3.00e-04 ---
2026-09-30 23:27:41,655 - INFO - 
****************************************************************************************************
2026-09-30 23:27:42,842 - INFO - --- training epoch 43, loss 18.5254, mae 19.0205, rmse 23.8557, time elapsed(min) 0.01---
2026-09-30 23:27:43,006 - INFO - --- validation at epoch 43, val_loss 18.0119, val_mae 18.1411, val_rmse 22.5707, val_r2 0.3389, val_pearson 0.5988, lr 3.00e-04 ---
2026-09-30 23:27:43,006 - INFO - 
****************************************************************************************************
2026-09-30 23:27:44,039 - INFO - --- training epoch 44, loss 18.4825, mae 18.9772, rmse 23.8840, time elapsed(min) 0.01---
2026-09-30 23:27:44,213 - INFO - --- validation at epoch 44, val_loss 18.1787, val_mae 18.3488, val_rmse 22.7307, val_r2 0.3295, val_pearson 0.5984, lr 3.00e-04 ---
2026-09-30 23:27:44,213 - INFO - 
****************************************************************************************************
2026-09-30 23:27:45,403 - INFO - --- training epoch 45, loss 18.4574, mae 18.9517, rmse 23.8887, time elapsed(min) 0.01---
2026-09-30 23:27:45,593 - INFO - --- validation at epoch 45, val_loss 18.1182, val_mae 18.2867, val_rmse 22.7118, val_r2 0.3306, val_pearson 0.6027, lr 3.00e-04 ---
2026-09-30 23:27:45,593 - INFO - 
****************************************************************************************************
2026-09-30 23:27:46,822 - INFO - --- training epoch 46, loss 18.5456, mae 19.0411, rmse 23.8668, time elapsed(min) 0.01---
2026-09-30 23:27:46,986 - INFO - --- validation at epoch 46, val_loss 17.9790, val_mae 18.2591, val_rmse 22.5171, val_r2 0.3421, val_pearson 0.6083, lr 3.00e-04 ---
2026-09-30 23:27:46,986 - INFO - 
****************************************************************************************************
2026-09-30 23:27:48,264 - INFO - --- training epoch 47, loss 18.4046, mae 18.9014, rmse 23.7692, time elapsed(min) 0.02---
2026-09-30 23:27:48,439 - INFO - --- validation at epoch 47, val_loss 17.9605, val_mae 18.1310, val_rmse 22.6175, val_r2 0.3362, val_pearson 0.6009, lr 3.00e-04 ---
2026-09-30 23:27:48,439 - INFO - 
****************************************************************************************************
2026-09-30 23:27:49,633 - INFO - --- training epoch 48, loss 18.4883, mae 18.9831, rmse 24.0312, time elapsed(min) 0.01---
2026-09-30 23:27:49,808 - INFO - --- validation at epoch 48, val_loss 17.7607, val_mae 17.9356, val_rmse 22.4752, val_r2 0.3445, val_pearson 0.6029, lr 3.00e-04 ---
2026-09-30 23:27:49,808 - INFO - 
****************************************************************************************************
2026-09-30 23:27:50,833 - INFO - --- training epoch 49, loss 18.3779, mae 18.8729, rmse 23.8970, time elapsed(min) 0.01---
2026-09-30 23:27:51,007 - INFO - --- validation at epoch 49, val_loss 17.4323, val_mae 17.4294, val_rmse 22.5664, val_r2 0.3392, val_pearson 0.6050, lr 9.00e-05 ---
2026-09-30 23:27:51,007 - INFO - 
****************************************************************************************************
2026-09-30 23:27:52,270 - INFO - --- training epoch 50, loss 18.2290, mae 18.7230, rmse 23.6783, time elapsed(min) 0.01---
2026-09-30 23:27:52,445 - INFO - --- validation at epoch 50, val_loss 17.2582, val_mae 17.4181, val_rmse 22.3300, val_r2 0.3530, val_pearson 0.6068, lr 9.00e-05 ---
2026-09-30 23:27:52,445 - INFO - 
****************************************************************************************************
2026-09-30 23:27:53,779 - INFO - --- training epoch 51, loss 18.1634, mae 18.6566, rmse 23.6083, time elapsed(min) 0.01---
2026-09-30 23:27:53,940 - INFO - --- validation at epoch 51, val_loss 17.2472, val_mae 17.4123, val_rmse 22.3387, val_r2 0.3525, val_pearson 0.6065, lr 9.00e-05 ---
2026-09-30 23:27:53,940 - INFO - 
****************************************************************************************************
2026-09-30 23:27:55,275 - INFO - --- training epoch 52, loss 18.1652, mae 18.6584, rmse 23.6486, time elapsed(min) 0.01---
2026-09-30 23:27:55,445 - INFO - --- validation at epoch 52, val_loss 17.2417, val_mae 17.4087, val_rmse 22.3449, val_r2 0.3521, val_pearson 0.6068, lr 9.00e-05 ---
2026-09-30 23:27:55,445 - INFO - 
****************************************************************************************************
2026-09-30 23:27:56,973 - INFO - --- training epoch 53, loss 18.2266, mae 18.7219, rmse 23.6419, time elapsed(min) 0.02---
2026-09-30 23:27:57,148 - INFO - --- validation at epoch 53, val_loss 17.2280, val_mae 17.3953, val_rmse 22.3627, val_r2 0.3511, val_pearson 0.6063, lr 9.00e-05 ---
2026-09-30 23:27:57,149 - INFO - 
****************************************************************************************************
2026-09-30 23:27:58,286 - INFO - --- training epoch 54, loss 18.1251, mae 18.6202, rmse 23.6031, time elapsed(min) 0.01---
2026-09-30 23:27:58,463 - INFO - --- validation at epoch 54, val_loss 17.2108, val_mae 17.3863, val_rmse 22.3438, val_r2 0.3522, val_pearson 0.6072, lr 9.00e-05 ---
2026-09-30 23:27:58,464 - INFO - 
****************************************************************************************************
2026-09-30 23:27:59,761 - INFO - --- training epoch 55, loss 18.1406, mae 18.6354, rmse 23.6764, time elapsed(min) 0.01---
2026-09-30 23:27:59,937 - INFO - --- validation at epoch 55, val_loss 17.1974, val_mae 17.3839, val_rmse 22.3275, val_r2 0.3531, val_pearson 0.6075, lr 9.00e-05 ---
2026-09-30 23:27:59,937 - INFO - 
****************************************************************************************************
2026-09-30 23:28:01,241 - INFO - --- training epoch 56, loss 18.2492, mae 18.7435, rmse 23.6755, time elapsed(min) 0.01---
2026-09-30 23:28:01,402 - INFO - --- validation at epoch 56, val_loss 17.2069, val_mae 17.3939, val_rmse 22.3636, val_r2 0.3510, val_pearson 0.6067, lr 9.00e-05 ---
2026-09-30 23:28:01,403 - INFO - 
****************************************************************************************************
2026-09-30 23:28:02,790 - INFO - --- training epoch 57, loss 18.1890, mae 18.6822, rmse 23.6738, time elapsed(min) 0.02---
2026-09-30 23:28:02,949 - INFO - --- validation at epoch 57, val_loss 17.2050, val_mae 17.4004, val_rmse 22.3080, val_r2 0.3542, val_pearson 0.6067, lr 9.00e-05 ---
2026-09-30 23:28:02,949 - INFO - 
****************************************************************************************************
2026-09-30 23:28:04,197 - INFO - --- training epoch 58, loss 18.1532, mae 18.6467, rmse 23.5978, time elapsed(min) 0.01---
2026-09-30 23:28:04,578 - INFO - --- validation at epoch 58, val_loss 17.1285, val_mae 17.3066, val_rmse 22.3559, val_r2 0.3515, val_pearson 0.6082, lr 9.00e-05 ---
2026-09-30 23:28:04,578 - INFO - 
****************************************************************************************************
2026-09-30 23:28:05,863 - INFO - --- training epoch 59, loss 18.2396, mae 18.7342, rmse 23.7074, time elapsed(min) 0.01---
2026-09-30 23:28:06,029 - INFO - --- validation at epoch 59, val_loss 17.1621, val_mae 17.3640, val_rmse 22.3348, val_r2 0.3527, val_pearson 0.6075, lr 9.00e-05 ---
2026-09-30 23:28:06,029 - INFO - 
****************************************************************************************************
2026-09-30 23:28:07,056 - INFO - --- training epoch 60, loss 18.0641, mae 18.5562, rmse 23.5981, time elapsed(min) 0.01---
2026-09-30 23:28:07,229 - INFO - --- validation at epoch 60, val_loss 17.2211, val_mae 17.3785, val_rmse 22.3668, val_r2 0.3508, val_pearson 0.6073, lr 9.00e-05 ---
2026-09-30 23:28:07,229 - INFO - 
****************************************************************************************************
2026-09-30 23:28:08,462 - INFO - --- training epoch 61, loss 18.2545, mae 18.7487, rmse 23.7665, time elapsed(min) 0.01---
2026-09-30 23:28:08,627 - INFO - --- validation at epoch 61, val_loss 17.2259, val_mae 17.3712, val_rmse 22.3383, val_r2 0.3525, val_pearson 0.6079, lr 9.00e-05 ---
2026-09-30 23:28:08,627 - INFO - 
****************************************************************************************************
2026-09-30 23:28:09,860 - INFO - --- training epoch 62, loss 18.1426, mae 18.6370, rmse 23.6849, time elapsed(min) 0.01---
2026-09-30 23:28:10,029 - INFO - --- validation at epoch 62, val_loss 17.1744, val_mae 17.3197, val_rmse 22.3438, val_r2 0.3522, val_pearson 0.6091, lr 9.00e-05 ---
2026-09-30 23:28:10,029 - INFO - 
****************************************************************************************************
2026-09-30 23:28:11,281 - INFO - --- training epoch 63, loss 18.0844, mae 18.5792, rmse 23.6041, time elapsed(min) 0.01---
2026-09-30 23:28:11,463 - INFO - --- validation at epoch 63, val_loss 17.1480, val_mae 17.3165, val_rmse 22.2822, val_r2 0.3557, val_pearson 0.6107, lr 9.00e-05 ---
2026-09-30 23:28:11,463 - INFO - 
****************************************************************************************************
2026-09-30 23:28:12,653 - INFO - --- training epoch 64, loss 18.0247, mae 18.5189, rmse 23.5214, time elapsed(min) 0.01---
2026-09-30 23:28:12,829 - INFO - --- validation at epoch 64, val_loss 17.1455, val_mae 17.3269, val_rmse 22.3110, val_r2 0.3541, val_pearson 0.6094, lr 9.00e-05 ---
2026-09-30 23:28:12,829 - INFO - 
****************************************************************************************************
2026-09-30 23:28:13,864 - INFO - --- training epoch 65, loss 18.1025, mae 18.5956, rmse 23.6174, time elapsed(min) 0.01---
2026-09-30 23:28:14,039 - INFO - --- validation at epoch 65, val_loss 17.1666, val_mae 17.3556, val_rmse 22.3117, val_r2 0.3540, val_pearson 0.6083, lr 9.00e-05 ---
2026-09-30 23:28:14,039 - INFO - 
****************************************************************************************************
2026-09-30 23:28:15,228 - INFO - --- training epoch 66, loss 18.0257, mae 18.5203, rmse 23.6552, time elapsed(min) 0.01---
2026-09-30 23:28:15,396 - INFO - --- validation at epoch 66, val_loss 17.1437, val_mae 17.3376, val_rmse 22.2812, val_r2 0.3558, val_pearson 0.6098, lr 9.00e-05 ---
2026-09-30 23:28:15,396 - INFO - 
****************************************************************************************************
2026-09-30 23:28:16,654 - INFO - --- training epoch 67, loss 18.1369, mae 18.6315, rmse 23.6144, time elapsed(min) 0.01---
2026-09-30 23:28:16,822 - INFO - --- validation at epoch 67, val_loss 17.1805, val_mae 17.4033, val_rmse 22.3090, val_r2 0.3542, val_pearson 0.6086, lr 9.00e-05 ---
2026-09-30 23:28:16,822 - INFO - 
****************************************************************************************************
2026-09-30 23:28:18,065 - INFO - --- training epoch 68, loss 18.0922, mae 18.5851, rmse 23.6277, time elapsed(min) 0.01---
2026-09-30 23:28:18,236 - INFO - --- validation at epoch 68, val_loss 17.2219, val_mae 17.4354, val_rmse 22.2668, val_r2 0.3566, val_pearson 0.6085, lr 9.00e-05 ---
2026-09-30 23:28:18,236 - INFO - 
****************************************************************************************************
2026-09-30 23:28:19,703 - INFO - --- training epoch 69, loss 18.0837, mae 18.5777, rmse 23.5160, time elapsed(min) 0.02---
2026-09-30 23:28:19,874 - INFO - --- validation at epoch 69, val_loss 17.1399, val_mae 17.3499, val_rmse 22.2341, val_r2 0.3585, val_pearson 0.6105, lr 9.00e-05 ---
2026-09-30 23:28:19,874 - INFO - 
****************************************************************************************************
2026-09-30 23:28:20,916 - INFO - --- training epoch 70, loss 18.0126, mae 18.5065, rmse 23.4509, time elapsed(min) 0.01---
2026-09-30 23:28:21,110 - INFO - --- validation at epoch 70, val_loss 17.1052, val_mae 17.3111, val_rmse 22.2588, val_r2 0.3571, val_pearson 0.6109, lr 2.70e-05 ---
2026-09-30 23:28:21,110 - INFO - 
****************************************************************************************************
2026-09-30 23:28:22,255 - INFO - --- training epoch 71, loss 18.1269, mae 18.6220, rmse 23.5972, time elapsed(min) 0.01---
2026-09-30 23:28:22,418 - INFO - --- validation at epoch 71, val_loss 17.1071, val_mae 17.2936, val_rmse 22.3016, val_r2 0.3546, val_pearson 0.6113, lr 2.70e-05 ---
2026-09-30 23:28:22,418 - INFO - 
****************************************************************************************************
2026-09-30 23:28:23,643 - INFO - --- training epoch 72, loss 18.0766, mae 18.5707, rmse 23.5768, time elapsed(min) 0.01---
2026-09-30 23:28:23,819 - INFO - --- validation at epoch 72, val_loss 17.1093, val_mae 17.3307, val_rmse 22.2392, val_r2 0.3582, val_pearson 0.6114, lr 2.70e-05 ---
2026-09-30 23:28:23,819 - INFO - 
****************************************************************************************************
2026-09-30 23:28:25,059 - INFO - --- training epoch 73, loss 18.0443, mae 18.5381, rmse 23.5366, time elapsed(min) 0.01---
2026-09-30 23:28:25,228 - INFO - --- validation at epoch 73, val_loss 17.1118, val_mae 17.3196, val_rmse 22.2491, val_r2 0.3576, val_pearson 0.6121, lr 2.70e-05 ---
2026-09-30 23:28:25,229 - INFO - 
****************************************************************************************************
2026-09-30 23:28:26,607 - INFO - --- training epoch 74, loss 18.1287, mae 18.6225, rmse 23.6310, time elapsed(min) 0.02---
2026-09-30 23:28:26,771 - INFO - --- validation at epoch 74, val_loss 17.1100, val_mae 17.3079, val_rmse 22.2561, val_r2 0.3572, val_pearson 0.6123, lr 2.70e-05 ---
2026-09-30 23:28:26,771 - INFO - 
****************************************************************************************************
2026-09-30 23:28:27,795 - INFO - --- training epoch 75, loss 17.9936, mae 18.4878, rmse 23.4651, time elapsed(min) 0.01---
2026-09-30 23:28:27,956 - INFO - --- validation at epoch 75, val_loss 17.0889, val_mae 17.3065, val_rmse 22.2408, val_r2 0.3581, val_pearson 0.6122, lr 2.70e-05 ---
2026-09-30 23:28:27,957 - INFO - 
****************************************************************************************************
2026-09-30 23:28:29,216 - INFO - --- training epoch 76, loss 18.0084, mae 18.5019, rmse 23.4956, time elapsed(min) 0.01---
2026-09-30 23:28:29,385 - INFO - --- validation at epoch 76, val_loss 17.0737, val_mae 17.3048, val_rmse 22.2331, val_r2 0.3586, val_pearson 0.6122, lr 2.70e-05 ---
2026-09-30 23:28:29,385 - INFO - 
****************************************************************************************************
2026-09-30 23:28:30,720 - INFO - --- training epoch 77, loss 17.9734, mae 18.4682, rmse 23.4509, time elapsed(min) 0.01---
2026-09-30 23:28:30,893 - INFO - --- validation at epoch 77, val_loss 17.0827, val_mae 17.3066, val_rmse 22.2440, val_r2 0.3579, val_pearson 0.6119, lr 2.70e-05 ---
2026-09-30 23:28:30,893 - INFO - 
****************************************************************************************************
2026-09-30 23:28:32,117 - INFO - --- training epoch 78, loss 17.9920, mae 18.4860, rmse 23.4951, time elapsed(min) 0.01---
2026-09-30 23:28:32,283 - INFO - --- validation at epoch 78, val_loss 17.0922, val_mae 17.2921, val_rmse 22.2633, val_r2 0.3568, val_pearson 0.6119, lr 2.70e-05 ---
2026-09-30 23:28:32,283 - INFO - 
****************************************************************************************************
2026-09-30 23:28:33,525 - INFO - --- training epoch 79, loss 18.0453, mae 18.5399, rmse 23.5779, time elapsed(min) 0.01---
2026-09-30 23:28:33,922 - INFO - --- validation at epoch 79, val_loss 17.1048, val_mae 17.2859, val_rmse 22.2742, val_r2 0.3562, val_pearson 0.6120, lr 2.70e-05 ---
2026-09-30 23:28:33,923 - INFO - 
****************************************************************************************************
2026-09-30 23:28:35,105 - INFO - --- training epoch 80, loss 17.8730, mae 18.3682, rmse 23.3771, time elapsed(min) 0.01---
2026-09-30 23:28:35,258 - INFO - --- validation at epoch 80, val_loss 17.1132, val_mae 17.2964, val_rmse 22.2570, val_r2 0.3572, val_pearson 0.6125, lr 2.70e-05 ---
2026-09-30 23:28:35,258 - INFO - 
****************************************************************************************************
2026-09-30 23:28:36,304 - INFO - --- training epoch 81, loss 18.1121, mae 18.6057, rmse 23.6373, time elapsed(min) 0.01---
2026-09-30 23:28:36,461 - INFO - --- validation at epoch 81, val_loss 17.1228, val_mae 17.3292, val_rmse 22.2114, val_r2 0.3598, val_pearson 0.6130, lr 2.70e-05 ---
2026-09-30 23:28:36,461 - INFO - 
****************************************************************************************************
2026-09-30 23:28:37,708 - INFO - --- training epoch 82, loss 17.9664, mae 18.4593, rmse 23.4486, time elapsed(min) 0.01---
2026-09-30 23:28:37,892 - INFO - --- validation at epoch 82, val_loss 17.1151, val_mae 17.2787, val_rmse 22.2512, val_r2 0.3575, val_pearson 0.6133, lr 2.70e-05 ---
2026-09-30 23:28:37,892 - INFO - 
****************************************************************************************************
2026-09-30 23:28:39,152 - INFO - --- training epoch 83, loss 17.9798, mae 18.4742, rmse 23.4844, time elapsed(min) 0.01---
2026-09-30 23:28:39,313 - INFO - --- validation at epoch 83, val_loss 17.0890, val_mae 17.2846, val_rmse 22.2392, val_r2 0.3582, val_pearson 0.6126, lr 2.70e-05 ---
2026-09-30 23:28:39,313 - INFO - 
****************************************************************************************************
2026-09-30 23:28:40,559 - INFO - --- training epoch 84, loss 18.0520, mae 18.5459, rmse 23.5822, time elapsed(min) 0.01---
2026-09-30 23:28:40,724 - INFO - --- validation at epoch 84, val_loss 17.0653, val_mae 17.2792, val_rmse 22.2341, val_r2 0.3585, val_pearson 0.6127, lr 2.70e-05 ---
2026-09-30 23:28:40,724 - INFO - 
****************************************************************************************************
2026-09-30 23:28:42,014 - INFO - --- training epoch 85, loss 17.9712, mae 18.4671, rmse 23.4711, time elapsed(min) 0.01---
2026-09-30 23:28:42,184 - INFO - --- validation at epoch 85, val_loss 17.0395, val_mae 17.2767, val_rmse 22.2383, val_r2 0.3583, val_pearson 0.6127, lr 2.70e-05 ---
2026-09-30 23:28:42,184 - INFO - 
****************************************************************************************************
2026-09-30 23:28:43,304 - INFO - --- training epoch 86, loss 18.0308, mae 18.5255, rmse 23.5532, time elapsed(min) 0.01---
2026-09-30 23:28:43,479 - INFO - --- validation at epoch 86, val_loss 17.0701, val_mae 17.2727, val_rmse 22.2595, val_r2 0.3570, val_pearson 0.6132, lr 2.70e-05 ---
2026-09-30 23:28:43,479 - INFO - 
****************************************************************************************************
2026-09-30 23:28:44,679 - INFO - --- training epoch 87, loss 17.9786, mae 18.4712, rmse 23.4828, time elapsed(min) 0.01---
2026-09-30 23:28:44,851 - INFO - --- validation at epoch 87, val_loss 17.1024, val_mae 17.3293, val_rmse 22.2096, val_r2 0.3599, val_pearson 0.6134, lr 2.70e-05 ---
2026-09-30 23:28:44,851 - INFO - 
****************************************************************************************************
2026-09-30 23:28:46,090 - INFO - --- training epoch 88, loss 17.9835, mae 18.4785, rmse 23.3894, time elapsed(min) 0.01---
2026-09-30 23:28:46,253 - INFO - --- validation at epoch 88, val_loss 17.0771, val_mae 17.2738, val_rmse 22.2511, val_r2 0.3575, val_pearson 0.6134, lr 2.70e-05 ---
2026-09-30 23:28:46,253 - INFO - 
****************************************************************************************************
2026-09-30 23:28:47,513 - INFO - --- training epoch 89, loss 17.8797, mae 18.3734, rmse 23.3810, time elapsed(min) 0.01---
2026-09-30 23:28:47,679 - INFO - --- validation at epoch 89, val_loss 17.0499, val_mae 17.2851, val_rmse 22.2275, val_r2 0.3589, val_pearson 0.6132, lr 2.70e-05 ---
2026-09-30 23:28:47,679 - INFO - 
****************************************************************************************************
2026-09-30 23:28:48,877 - INFO - --- training epoch 90, loss 17.9091, mae 18.4029, rmse 23.4044, time elapsed(min) 0.01---
2026-09-30 23:28:49,042 - INFO - --- validation at epoch 90, val_loss 17.0516, val_mae 17.2956, val_rmse 22.2158, val_r2 0.3596, val_pearson 0.6134, lr 2.70e-05 ---
2026-09-30 23:28:49,043 - INFO - 
****************************************************************************************************
2026-09-30 23:28:50,091 - INFO - --- training epoch 91, loss 18.0021, mae 18.4975, rmse 23.4582, time elapsed(min) 0.01---
2026-09-30 23:28:50,255 - INFO - --- validation at epoch 91, val_loss 17.0572, val_mae 17.2973, val_rmse 22.2277, val_r2 0.3589, val_pearson 0.6134, lr 2.70e-05 ---
2026-09-30 23:28:50,255 - INFO - 
****************************************************************************************************
2026-09-30 23:28:51,265 - INFO - --- training epoch 92, loss 17.9536, mae 18.4467, rmse 23.4154, time elapsed(min) 0.01---
2026-09-30 23:28:51,432 - INFO - --- validation at epoch 92, val_loss 17.0325, val_mae 17.2986, val_rmse 22.2140, val_r2 0.3597, val_pearson 0.6136, lr 2.70e-05 ---
2026-09-30 23:28:51,432 - INFO - 
****************************************************************************************************
2026-09-30 23:28:52,878 - INFO - --- training epoch 93, loss 17.8745, mae 18.3679, rmse 23.3457, time elapsed(min) 0.02---
2026-09-30 23:28:53,051 - INFO - --- validation at epoch 93, val_loss 17.0259, val_mae 17.2952, val_rmse 22.2151, val_r2 0.3596, val_pearson 0.6135, lr 2.70e-05 ---
2026-09-30 23:28:53,051 - INFO - 
****************************************************************************************************
2026-09-30 23:28:54,392 - INFO - --- training epoch 94, loss 17.9217, mae 18.4157, rmse 23.4356, time elapsed(min) 0.01---
2026-09-30 23:28:54,558 - INFO - --- validation at epoch 94, val_loss 17.0483, val_mae 17.2737, val_rmse 22.2499, val_r2 0.3576, val_pearson 0.6140, lr 2.70e-05 ---
2026-09-30 23:28:54,558 - INFO - 
****************************************************************************************************
2026-09-30 23:28:55,818 - INFO - --- training epoch 95, loss 17.8522, mae 18.3445, rmse 23.3419, time elapsed(min) 0.01---
2026-09-30 23:28:56,205 - INFO - --- validation at epoch 95, val_loss 17.0546, val_mae 17.2739, val_rmse 22.2394, val_r2 0.3582, val_pearson 0.6139, lr 2.70e-05 ---
2026-09-30 23:28:56,205 - INFO - 
****************************************************************************************************
2026-09-30 23:28:57,403 - INFO - --- training epoch 96, loss 17.9177, mae 18.4118, rmse 23.4473, time elapsed(min) 0.01---
2026-09-30 23:28:57,579 - INFO - --- validation at epoch 96, val_loss 17.0591, val_mae 17.2698, val_rmse 22.2673, val_r2 0.3566, val_pearson 0.6133, lr 2.70e-05 ---
2026-09-30 23:28:57,579 - INFO - 
****************************************************************************************************
2026-09-30 23:28:58,604 - INFO - --- training epoch 97, loss 18.0276, mae 18.5225, rmse 23.5497, time elapsed(min) 0.01---
2026-09-30 23:28:58,772 - INFO - --- validation at epoch 97, val_loss 17.0844, val_mae 17.3358, val_rmse 22.2233, val_r2 0.3591, val_pearson 0.6130, lr 2.70e-05 ---
2026-09-30 23:28:58,772 - INFO - 
****************************************************************************************************
2026-09-30 23:28:59,978 - INFO - --- training epoch 98, loss 18.0042, mae 18.4991, rmse 23.4293, time elapsed(min) 0.01---
2026-09-30 23:29:00,153 - INFO - --- validation at epoch 98, val_loss 17.0776, val_mae 17.3081, val_rmse 22.2296, val_r2 0.3588, val_pearson 0.6132, lr 2.70e-05 ---
2026-09-30 23:29:00,153 - INFO - 
****************************************************************************************************
2026-09-30 23:29:01,512 - INFO - --- training epoch 99, loss 17.8979, mae 18.3913, rmse 23.4924, time elapsed(min) 0.02---
2026-09-30 23:29:01,687 - INFO - --- validation at epoch 99, val_loss 17.0756, val_mae 17.2986, val_rmse 22.2324, val_r2 0.3586, val_pearson 0.6132, lr 2.70e-05 ---
2026-09-30 23:29:01,687 - INFO - 
****************************************************************************************************
2026-09-30 23:29:02,945 - INFO - --- training epoch 100, loss 17.9186, mae 18.4128, rmse 23.3979, time elapsed(min) 0.01---
2026-09-30 23:29:03,111 - INFO - --- validation at epoch 100, val_loss 17.0766, val_mae 17.2844, val_rmse 22.2584, val_r2 0.3571, val_pearson 0.6127, lr 2.70e-05 ---
2026-09-30 23:29:03,111 - INFO - 
****************************************************************************************************
2026-09-30 23:29:04,293 - INFO - --- training epoch 101, loss 17.9205, mae 18.4155, rmse 23.4320, time elapsed(min) 0.01---
2026-09-30 23:29:04,462 - INFO - --- validation at epoch 101, val_loss 17.0806, val_mae 17.2792, val_rmse 22.2576, val_r2 0.3571, val_pearson 0.6135, lr 2.70e-05 ---
2026-09-30 23:29:04,463 - INFO - 
****************************************************************************************************
2026-09-30 23:29:05,509 - INFO - --- training epoch 102, loss 17.9197, mae 18.4134, rmse 23.3911, time elapsed(min) 0.01---
2026-09-30 23:29:05,679 - INFO - --- validation at epoch 102, val_loss 17.0711, val_mae 17.3204, val_rmse 22.2037, val_r2 0.3603, val_pearson 0.6139, lr 2.70e-05 ---
2026-09-30 23:29:05,679 - INFO - 
****************************************************************************************************
2026-09-30 23:29:06,866 - INFO - --- training epoch 103, loss 17.9382, mae 18.4322, rmse 23.4243, time elapsed(min) 0.01---
2026-09-30 23:29:07,037 - INFO - --- validation at epoch 103, val_loss 17.0328, val_mae 17.2616, val_rmse 22.2087, val_r2 0.3600, val_pearson 0.6147, lr 2.70e-05 ---
2026-09-30 23:29:07,037 - INFO - 
****************************************************************************************************
2026-09-30 23:29:08,271 - INFO - --- training epoch 104, loss 17.8914, mae 18.3855, rmse 23.3650, time elapsed(min) 0.01---
2026-09-30 23:29:08,447 - INFO - --- validation at epoch 104, val_loss 17.0578, val_mae 17.3147, val_rmse 22.1806, val_r2 0.3616, val_pearson 0.6151, lr 2.70e-05 ---
2026-09-30 23:29:08,447 - INFO - 
****************************************************************************************************
2026-09-30 23:29:09,691 - INFO - --- training epoch 105, loss 17.9109, mae 18.4045, rmse 23.3201, time elapsed(min) 0.01---
2026-09-30 23:29:09,862 - INFO - --- validation at epoch 105, val_loss 17.0509, val_mae 17.2993, val_rmse 22.1956, val_r2 0.3607, val_pearson 0.6150, lr 8.10e-06 ---
2026-09-30 23:29:09,862 - INFO - 
****************************************************************************************************
2026-09-30 23:29:11,292 - INFO - --- training epoch 106, loss 17.9433, mae 18.4379, rmse 23.4299, time elapsed(min) 0.02---
2026-09-30 23:29:11,468 - INFO - --- validation at epoch 106, val_loss 17.0417, val_mae 17.2980, val_rmse 22.1869, val_r2 0.3612, val_pearson 0.6151, lr 8.10e-06 ---
2026-09-30 23:29:11,468 - INFO - 
****************************************************************************************************
2026-09-30 23:29:12,496 - INFO - --- training epoch 107, loss 17.8795, mae 18.3731, rmse 23.3968, time elapsed(min) 0.01---
2026-09-30 23:29:12,681 - INFO - --- validation at epoch 107, val_loss 17.0383, val_mae 17.2907, val_rmse 22.1920, val_r2 0.3609, val_pearson 0.6150, lr 8.10e-06 ---
2026-09-30 23:29:12,681 - INFO - 
****************************************************************************************************
2026-09-30 23:29:13,702 - INFO - --- training epoch 108, loss 17.8592, mae 18.3530, rmse 23.3930, time elapsed(min) 0.01---
2026-09-30 23:29:13,870 - INFO - --- validation at epoch 108, val_loss 17.0329, val_mae 17.2698, val_rmse 22.2128, val_r2 0.3597, val_pearson 0.6149, lr 8.10e-06 ---
2026-09-30 23:29:13,870 - INFO - 
****************************************************************************************************
2026-09-30 23:29:15,213 - INFO - --- training epoch 109, loss 17.8530, mae 18.3466, rmse 23.3844, time elapsed(min) 0.02---
2026-09-30 23:29:15,388 - INFO - --- validation at epoch 109, val_loss 17.0236, val_mae 17.2623, val_rmse 22.2164, val_r2 0.3595, val_pearson 0.6149, lr 8.10e-06 ---
2026-09-30 23:29:15,388 - INFO - 
****************************************************************************************************
2026-09-30 23:29:16,720 - INFO - --- training epoch 110, loss 17.8955, mae 18.3904, rmse 23.3822, time elapsed(min) 0.01---
2026-09-30 23:29:16,889 - INFO - --- validation at epoch 110, val_loss 17.0118, val_mae 17.2477, val_rmse 22.2320, val_r2 0.3586, val_pearson 0.6148, lr 8.10e-06 ---
2026-09-30 23:29:16,889 - INFO - 
****************************************************************************************************
2026-09-30 23:29:18,208 - INFO - --- training epoch 111, loss 17.8730, mae 18.3672, rmse 23.3873, time elapsed(min) 0.01---
2026-09-30 23:29:18,565 - INFO - --- validation at epoch 111, val_loss 17.0026, val_mae 17.2491, val_rmse 22.2253, val_r2 0.3590, val_pearson 0.6148, lr 8.10e-06 ---
2026-09-30 23:29:18,565 - INFO - 
****************************************************************************************************
2026-09-30 23:29:19,859 - INFO - --- training epoch 112, loss 17.8733, mae 18.3666, rmse 23.3892, time elapsed(min) 0.01---
2026-09-30 23:29:20,021 - INFO - --- validation at epoch 112, val_loss 16.9926, val_mae 17.2511, val_rmse 22.2221, val_r2 0.3592, val_pearson 0.6147, lr 8.10e-06 ---
2026-09-30 23:29:20,021 - INFO - 
****************************************************************************************************
2026-09-30 23:29:21,143 - INFO - --- training epoch 113, loss 17.9320, mae 18.4271, rmse 23.4268, time elapsed(min) 0.01---
2026-09-30 23:29:21,307 - INFO - --- validation at epoch 113, val_loss 16.9910, val_mae 17.2540, val_rmse 22.2216, val_r2 0.3592, val_pearson 0.6147, lr 8.10e-06 ---
2026-09-30 23:29:21,307 - INFO - 
****************************************************************************************************
2026-09-30 23:29:22,428 - INFO - --- training epoch 114, loss 17.9022, mae 18.3956, rmse 23.4450, time elapsed(min) 0.01---
2026-09-30 23:29:22,584 - INFO - --- validation at epoch 114, val_loss 16.9966, val_mae 17.2666, val_rmse 22.2194, val_r2 0.3594, val_pearson 0.6146, lr 8.10e-06 ---
2026-09-30 23:29:22,584 - INFO - 
****************************************************************************************************
2026-09-30 23:29:23,934 - INFO - --- training epoch 115, loss 17.8609, mae 18.3547, rmse 23.3575, time elapsed(min) 0.02---
2026-09-30 23:29:24,111 - INFO - --- validation at epoch 115, val_loss 16.9961, val_mae 17.2632, val_rmse 22.2231, val_r2 0.3591, val_pearson 0.6146, lr 8.10e-06 ---
2026-09-30 23:29:24,111 - INFO - 
****************************************************************************************************
2026-09-30 23:29:25,343 - INFO - --- training epoch 116, loss 17.8671, mae 18.3620, rmse 23.3415, time elapsed(min) 0.01---
2026-09-30 23:29:25,502 - INFO - --- validation at epoch 116, val_loss 16.9896, val_mae 17.2605, val_rmse 22.2237, val_r2 0.3591, val_pearson 0.6145, lr 8.10e-06 ---
2026-09-30 23:29:25,502 - INFO - 
****************************************************************************************************
2026-09-30 23:29:27,022 - INFO - --- training epoch 117, loss 17.8801, mae 18.3741, rmse 23.4237, time elapsed(min) 0.02---
2026-09-30 23:29:27,179 - INFO - --- validation at epoch 117, val_loss 16.9829, val_mae 17.2556, val_rmse 22.2441, val_r2 0.3579, val_pearson 0.6141, lr 8.10e-06 ---
2026-09-30 23:29:27,179 - INFO - 
****************************************************************************************************
2026-09-30 23:29:28,323 - INFO - --- training epoch 118, loss 17.9509, mae 18.4470, rmse 23.4153, time elapsed(min) 0.01---
2026-09-30 23:29:28,490 - INFO - --- validation at epoch 118, val_loss 16.9829, val_mae 17.2601, val_rmse 22.2356, val_r2 0.3584, val_pearson 0.6140, lr 8.10e-06 ---
2026-09-30 23:29:28,490 - INFO - 
****************************************************************************************************
2026-09-30 23:29:29,519 - INFO - --- training epoch 119, loss 17.8788, mae 18.3717, rmse 23.4515, time elapsed(min) 0.01---
2026-09-30 23:29:29,686 - INFO - --- validation at epoch 119, val_loss 16.9855, val_mae 17.2596, val_rmse 22.2291, val_r2 0.3588, val_pearson 0.6143, lr 8.10e-06 ---
2026-09-30 23:29:29,686 - INFO - 
****************************************************************************************************
2026-09-30 23:29:30,906 - INFO - --- training epoch 120, loss 17.8709, mae 18.3636, rmse 23.4630, time elapsed(min) 0.01---
2026-09-30 23:29:31,076 - INFO - --- validation at epoch 120, val_loss 16.9985, val_mae 17.2394, val_rmse 22.2542, val_r2 0.3573, val_pearson 0.6147, lr 8.10e-06 ---
2026-09-30 23:29:31,076 - INFO - 
****************************************************************************************************
2026-09-30 23:29:32,316 - INFO - --- training epoch 121, loss 17.8630, mae 18.3567, rmse 23.3788, time elapsed(min) 0.01---
2026-09-30 23:29:32,479 - INFO - --- validation at epoch 121, val_loss 16.9989, val_mae 17.2351, val_rmse 22.2488, val_r2 0.3577, val_pearson 0.6149, lr 8.10e-06 ---
2026-09-30 23:29:32,479 - INFO - 
****************************************************************************************************
2026-09-30 23:29:33,710 - INFO - --- training epoch 122, loss 17.9719, mae 18.4666, rmse 23.4703, time elapsed(min) 0.01---
2026-09-30 23:29:34,112 - INFO - --- validation at epoch 122, val_loss 16.9999, val_mae 17.2349, val_rmse 22.2473, val_r2 0.3577, val_pearson 0.6150, lr 8.10e-06 ---
2026-09-30 23:29:34,112 - INFO - 
****************************************************************************************************
2026-09-30 23:29:35,310 - INFO - --- training epoch 123, loss 17.8542, mae 18.3482, rmse 23.3850, time elapsed(min) 0.01---
2026-09-30 23:29:35,476 - INFO - --- validation at epoch 123, val_loss 16.9830, val_mae 17.2465, val_rmse 22.2254, val_r2 0.3590, val_pearson 0.6147, lr 8.10e-06 ---
2026-09-30 23:29:35,476 - INFO - 
****************************************************************************************************
2026-09-30 23:29:36,514 - INFO - --- training epoch 124, loss 17.8950, mae 18.3888, rmse 23.4390, time elapsed(min) 0.01---
2026-09-30 23:29:36,676 - INFO - --- validation at epoch 124, val_loss 16.9862, val_mae 17.2500, val_rmse 22.2227, val_r2 0.3592, val_pearson 0.6146, lr 8.10e-06 ---
2026-09-30 23:29:36,676 - INFO - 
****************************************************************************************************
2026-09-30 23:29:37,721 - INFO - --- training epoch 125, loss 17.9263, mae 18.4212, rmse 23.3856, time elapsed(min) 0.01---
2026-09-30 23:29:37,889 - INFO - --- validation at epoch 125, val_loss 16.9913, val_mae 17.2501, val_rmse 22.2366, val_r2 0.3584, val_pearson 0.6144, lr 8.10e-06 ---
2026-09-30 23:29:37,889 - INFO - 
****************************************************************************************************
2026-09-30 23:29:39,265 - INFO - --- training epoch 126, loss 17.8496, mae 18.3432, rmse 23.3632, time elapsed(min) 0.02---
2026-09-30 23:29:39,427 - INFO - --- validation at epoch 126, val_loss 17.0032, val_mae 17.2630, val_rmse 22.2212, val_r2 0.3592, val_pearson 0.6145, lr 8.10e-06 ---
2026-09-30 23:29:39,427 - INFO - 
****************************************************************************************************
2026-09-30 23:29:40,665 - INFO - --- training epoch 127, loss 17.8618, mae 18.3563, rmse 23.4127, time elapsed(min) 0.01---
2026-09-30 23:29:40,829 - INFO - --- validation at epoch 127, val_loss 17.0039, val_mae 17.2616, val_rmse 22.2213, val_r2 0.3592, val_pearson 0.6146, lr 8.10e-06 ---
2026-09-30 23:29:40,829 - INFO - 
****************************************************************************************************
2026-09-30 23:29:42,246 - INFO - --- training epoch 128, loss 17.8269, mae 18.3224, rmse 23.3329, time elapsed(min) 0.02---
2026-09-30 23:29:42,416 - INFO - --- validation at epoch 128, val_loss 16.9972, val_mae 17.2414, val_rmse 22.2385, val_r2 0.3583, val_pearson 0.6147, lr 8.10e-06 ---
2026-09-30 23:29:42,416 - INFO - 
****************************************************************************************************
2026-09-30 23:29:43,441 - INFO - --- training epoch 129, loss 17.9660, mae 18.4596, rmse 23.4566, time elapsed(min) 0.01---
2026-09-30 23:29:43,612 - INFO - --- validation at epoch 129, val_loss 16.9949, val_mae 17.2434, val_rmse 22.2383, val_r2 0.3583, val_pearson 0.6146, lr 2.43e-06 ---
2026-09-30 23:29:43,612 - INFO - 
****************************************************************************************************
2026-09-30 23:29:44,811 - INFO - --- training epoch 130, loss 17.8380, mae 18.3325, rmse 23.3826, time elapsed(min) 0.01---
2026-09-30 23:29:44,970 - INFO - --- validation at epoch 130, val_loss 16.9945, val_mae 17.2444, val_rmse 22.2386, val_r2 0.3582, val_pearson 0.6145, lr 2.43e-06 ---
2026-09-30 23:29:44,970 - INFO - 
****************************************************************************************************
2026-09-30 23:29:46,336 - INFO - --- training epoch 131, loss 17.9815, mae 18.4764, rmse 23.4879, time elapsed(min) 0.02---
2026-09-30 23:29:46,507 - INFO - --- validation at epoch 131, val_loss 16.9938, val_mae 17.2447, val_rmse 22.2410, val_r2 0.3581, val_pearson 0.6145, lr 2.43e-06 ---
2026-09-30 23:29:46,507 - INFO - 
****************************************************************************************************
2026-09-30 23:29:47,869 - INFO - --- training epoch 132, loss 17.9085, mae 18.4016, rmse 23.4049, time elapsed(min) 0.02---
2026-09-30 23:29:48,043 - INFO - --- validation at epoch 132, val_loss 16.9920, val_mae 17.2462, val_rmse 22.2370, val_r2 0.3583, val_pearson 0.6145, lr 2.43e-06 ---
2026-09-30 23:29:48,043 - INFO - 
****************************************************************************************************
2026-09-30 23:29:49,459 - INFO - --- training epoch 133, loss 17.9139, mae 18.4085, rmse 23.4334, time elapsed(min) 0.02---
2026-09-30 23:29:49,627 - INFO - --- validation at epoch 133, val_loss 16.9899, val_mae 17.2506, val_rmse 22.2291, val_r2 0.3588, val_pearson 0.6145, lr 2.43e-06 ---
2026-09-30 23:29:49,627 - INFO - 
****************************************************************************************************
2026-09-30 23:29:50,662 - INFO - --- training epoch 134, loss 17.9274, mae 18.4204, rmse 23.4602, time elapsed(min) 0.01---
2026-09-30 23:29:50,829 - INFO - --- validation at epoch 134, val_loss 16.9875, val_mae 17.2510, val_rmse 22.2316, val_r2 0.3587, val_pearson 0.6144, lr 2.43e-06 ---
2026-09-30 23:29:50,829 - INFO - 
****************************************************************************************************
2026-09-30 23:29:52,029 - INFO - --- training epoch 135, loss 17.8411, mae 18.3353, rmse 23.3244, time elapsed(min) 0.01---
2026-09-30 23:29:52,205 - INFO - --- validation at epoch 135, val_loss 16.9868, val_mae 17.2504, val_rmse 22.2323, val_r2 0.3586, val_pearson 0.6144, lr 2.43e-06 ---
2026-09-30 23:29:52,205 - INFO - 
****************************************************************************************************
2026-09-30 23:29:53,447 - INFO - --- training epoch 136, loss 17.8735, mae 18.3684, rmse 23.3615, time elapsed(min) 0.01---
2026-09-30 23:29:53,612 - INFO - --- validation at epoch 136, val_loss 16.9850, val_mae 17.2513, val_rmse 22.2289, val_r2 0.3588, val_pearson 0.6145, lr 2.43e-06 ---
2026-09-30 23:29:53,612 - INFO - 
****************************************************************************************************
2026-09-30 23:29:54,970 - INFO - --- training epoch 137, loss 17.8743, mae 18.3677, rmse 23.3888, time elapsed(min) 0.02---
2026-09-30 23:29:55,125 - INFO - --- validation at epoch 137, val_loss 16.9881, val_mae 17.2482, val_rmse 22.2320, val_r2 0.3586, val_pearson 0.6146, lr 2.43e-06 ---
2026-09-30 23:29:55,125 - INFO - 
****************************************************************************************************
2026-09-30 23:29:56,525 - INFO - --- training epoch 138, loss 17.8252, mae 18.3181, rmse 23.3647, time elapsed(min) 0.02---
2026-09-30 23:29:56,692 - INFO - --- validation at epoch 138, val_loss 16.9876, val_mae 17.2472, val_rmse 22.2389, val_r2 0.3582, val_pearson 0.6144, lr 2.43e-06 ---
2026-09-30 23:29:56,692 - INFO - 
****************************************************************************************************
2026-09-30 23:29:57,720 - INFO - --- training epoch 139, loss 17.9023, mae 18.3962, rmse 23.4044, time elapsed(min) 0.01---
2026-09-30 23:29:57,892 - INFO - --- validation at epoch 139, val_loss 16.9877, val_mae 17.2466, val_rmse 22.2427, val_r2 0.3580, val_pearson 0.6144, lr 2.43e-06 ---
2026-09-30 23:29:57,892 - INFO - 
****************************************************************************************************
2026-09-30 23:29:58,917 - INFO - --- training epoch 140, loss 17.8951, mae 18.3898, rmse 23.3989, time elapsed(min) 0.01---
2026-09-30 23:29:59,094 - INFO - --- validation at epoch 140, val_loss 16.9884, val_mae 17.2465, val_rmse 22.2430, val_r2 0.3580, val_pearson 0.6144, lr 1.00e-06 ---
2026-09-30 23:29:59,094 - INFO - 
****************************************************************************************************
2026-09-30 23:30:00,423 - INFO - --- training epoch 141, loss 17.8263, mae 18.3191, rmse 23.3535, time elapsed(min) 0.02---
2026-09-30 23:30:00,603 - INFO - --- validation at epoch 141, val_loss 16.9883, val_mae 17.2461, val_rmse 22.2449, val_r2 0.3579, val_pearson 0.6144, lr 1.00e-06 ---
2026-09-30 23:30:00,603 - INFO - 
****************************************************************************************************
2026-09-30 23:30:01,827 - INFO - --- training epoch 142, loss 17.8931, mae 18.3875, rmse 23.4283, time elapsed(min) 0.01---
2026-09-30 23:30:01,988 - INFO - --- validation at epoch 142, val_loss 16.9872, val_mae 17.2475, val_rmse 22.2428, val_r2 0.3580, val_pearson 0.6144, lr 1.00e-06 ---
2026-09-30 23:30:01,988 - INFO - 
****************************************************************************************************
2026-09-30 23:30:03,221 - INFO - --- training epoch 143, loss 17.8489, mae 18.3435, rmse 23.3664, time elapsed(min) 0.01---
2026-09-30 23:30:03,584 - INFO - --- validation at epoch 143, val_loss 16.9866, val_mae 17.2478, val_rmse 22.2421, val_r2 0.3580, val_pearson 0.6144, lr 1.00e-06 ---
2026-09-30 23:30:03,585 - INFO - 
****************************************************************************************************
2026-09-30 23:30:04,757 - INFO - --- training epoch 144, loss 17.8057, mae 18.3007, rmse 23.2634, time elapsed(min) 0.01---
2026-09-30 23:30:04,926 - INFO - --- validation at epoch 144, val_loss 16.9855, val_mae 17.2481, val_rmse 22.2403, val_r2 0.3581, val_pearson 0.6144, lr 1.00e-06 ---
2026-09-30 23:30:04,926 - INFO - 
****************************************************************************************************
2026-09-30 23:30:05,954 - INFO - --- training epoch 145, loss 17.8593, mae 18.3549, rmse 23.3434, time elapsed(min) 0.01---
2026-09-30 23:30:06,122 - INFO - --- validation at epoch 145, val_loss 16.9848, val_mae 17.2485, val_rmse 22.2378, val_r2 0.3583, val_pearson 0.6144, lr 1.00e-06 ---
2026-09-30 23:30:06,123 - INFO - 
****************************************************************************************************
2026-09-30 23:30:07,346 - INFO - --- training epoch 146, loss 17.8966, mae 18.3913, rmse 23.4100, time elapsed(min) 0.01---
2026-09-30 23:30:07,501 - INFO - --- validation at epoch 146, val_loss 16.9838, val_mae 17.2494, val_rmse 22.2360, val_r2 0.3584, val_pearson 0.6144, lr 1.00e-06 ---
2026-09-30 23:30:07,501 - INFO - 
****************************************************************************************************
2026-09-30 23:30:08,755 - INFO - --- training epoch 147, loss 17.8739, mae 18.3677, rmse 23.4007, time elapsed(min) 0.01---
2026-09-30 23:30:08,923 - INFO - --- validation at epoch 147, val_loss 16.9847, val_mae 17.2477, val_rmse 22.2401, val_r2 0.3582, val_pearson 0.6144, lr 1.00e-06 ---
2026-09-30 23:30:08,923 - INFO - 
****************************************************************************************************
2026-09-30 23:30:10,155 - INFO - --- training epoch 148, loss 17.8632, mae 18.3576, rmse 23.3769, time elapsed(min) 0.01---
2026-09-30 23:30:10,326 - INFO - --- validation at epoch 148, val_loss 16.9857, val_mae 17.2475, val_rmse 22.2417, val_r2 0.3581, val_pearson 0.6144, lr 1.00e-06 ---
2026-09-30 23:30:10,326 - INFO - 
****************************************************************************************************
2026-09-30 23:30:11,497 - INFO - --- training epoch 149, loss 17.9264, mae 18.4213, rmse 23.4361, time elapsed(min) 0.01---
2026-09-30 23:30:11,664 - INFO - --- validation at epoch 149, val_loss 16.9842, val_mae 17.2495, val_rmse 22.2393, val_r2 0.3582, val_pearson 0.6144, lr 1.00e-06 ---
2026-09-30 23:30:11,664 - INFO - 
****************************************************************************************************
2026-09-30 23:30:12,700 - INFO - --- training epoch 150, loss 17.8631, mae 18.3573, rmse 23.4376, time elapsed(min) 0.01---
2026-09-30 23:30:12,866 - INFO - --- validation at epoch 150, val_loss 16.9833, val_mae 17.2506, val_rmse 22.2394, val_r2 0.3582, val_pearson 0.6144, lr 1.00e-06 ---
2026-09-30 23:30:12,867 - INFO - 
****************************************************************************************************
2026-09-30 23:30:14,079 - INFO - --- training epoch 151, loss 17.7819, mae 18.2748, rmse 23.3367, time elapsed(min) 0.01---
2026-09-30 23:30:14,246 - INFO - --- validation at epoch 151, val_loss 16.9822, val_mae 17.2524, val_rmse 22.2380, val_r2 0.3583, val_pearson 0.6144, lr 1.00e-06 ---
2026-09-30 23:30:14,247 - INFO - 
****************************************************************************************************
2026-09-30 23:30:15,565 - INFO - --- training epoch 152, loss 17.9161, mae 18.4102, rmse 23.4564, time elapsed(min) 0.01---
2026-09-30 23:30:15,742 - INFO - --- validation at epoch 152, val_loss 16.9813, val_mae 17.2538, val_rmse 22.2350, val_r2 0.3585, val_pearson 0.6144, lr 1.00e-06 ---
2026-09-30 23:30:15,742 - INFO - 
****************************************************************************************************
2026-09-30 23:30:17,072 - INFO - --- training epoch 153, loss 17.8650, mae 18.3579, rmse 23.3680, time elapsed(min) 0.01---
2026-09-30 23:30:17,247 - INFO - --- validation at epoch 153, val_loss 16.9807, val_mae 17.2550, val_rmse 22.2330, val_r2 0.3586, val_pearson 0.6144, lr 1.00e-06 ---
2026-09-30 23:30:17,247 - INFO - 
****************************************************************************************************
2026-09-30 23:30:18,588 - INFO - --- training epoch 154, loss 17.8245, mae 18.3179, rmse 23.3766, time elapsed(min) 0.01---
2026-09-30 23:30:18,983 - INFO - --- validation at epoch 154, val_loss 16.9806, val_mae 17.2559, val_rmse 22.2309, val_r2 0.3587, val_pearson 0.6144, lr 1.00e-06 ---
2026-09-30 23:30:18,983 - INFO - 
****************************************************************************************************
2026-09-30 23:30:20,261 - INFO - --- training epoch 155, loss 17.8474, mae 18.3417, rmse 23.3831, time elapsed(min) 0.01---
2026-09-30 23:30:20,425 - INFO - --- validation at epoch 155, val_loss 16.9802, val_mae 17.2571, val_rmse 22.2305, val_r2 0.3587, val_pearson 0.6144, lr 1.00e-06 ---
2026-09-30 23:30:20,425 - INFO - 
****************************************************************************************************
2026-09-30 23:30:21,558 - INFO - --- training epoch 156, loss 17.8116, mae 18.3076, rmse 23.3468, time elapsed(min) 0.01---
2026-09-30 23:30:21,725 - INFO - --- validation at epoch 156, val_loss 16.9800, val_mae 17.2576, val_rmse 22.2305, val_r2 0.3587, val_pearson 0.6144, lr 1.00e-06 ---
2026-09-30 23:30:21,725 - INFO - 
****************************************************************************************************
2026-09-30 23:30:23,040 - INFO - --- training epoch 157, loss 17.8302, mae 18.3241, rmse 23.2845, time elapsed(min) 0.01---
2026-09-30 23:30:23,217 - INFO - --- validation at epoch 157, val_loss 16.9800, val_mae 17.2570, val_rmse 22.2311, val_r2 0.3587, val_pearson 0.6144, lr 1.00e-06 ---
2026-09-30 23:30:23,217 - INFO - 
****************************************************************************************************
2026-09-30 23:30:24,558 - INFO - --- training epoch 158, loss 17.9190, mae 18.4125, rmse 23.4804, time elapsed(min) 0.01---
2026-09-30 23:30:24,727 - INFO - --- validation at epoch 158, val_loss 16.9794, val_mae 17.2571, val_rmse 22.2325, val_r2 0.3586, val_pearson 0.6144, lr 1.00e-06 ---
2026-09-30 23:30:24,727 - INFO - 
****************************************************************************************************
2026-09-30 23:30:26,056 - INFO - --- training epoch 159, loss 17.8713, mae 18.3655, rmse 23.4389, time elapsed(min) 0.01---
2026-09-30 23:30:26,402 - INFO - --- validation at epoch 159, val_loss 16.9790, val_mae 17.2577, val_rmse 22.2315, val_r2 0.3587, val_pearson 0.6144, lr 1.00e-06 ---
2026-09-30 23:30:26,402 - INFO - 
****************************************************************************************************
2026-09-30 23:30:27,675 - INFO - --- training epoch 160, loss 17.7822, mae 18.2772, rmse 23.3554, time elapsed(min) 0.01---
2026-09-30 23:30:27,843 - INFO - --- validation at epoch 160, val_loss 16.9792, val_mae 17.2573, val_rmse 22.2326, val_r2 0.3586, val_pearson 0.6144, lr 1.00e-06 ---
2026-09-30 23:30:27,844 - INFO - 
****************************************************************************************************
2026-09-30 23:30:28,887 - INFO - --- training epoch 161, loss 17.8463, mae 18.3398, rmse 23.3138, time elapsed(min) 0.01---
2026-09-30 23:30:29,054 - INFO - --- validation at epoch 161, val_loss 16.9787, val_mae 17.2575, val_rmse 22.2324, val_r2 0.3586, val_pearson 0.6144, lr 1.00e-06 ---
2026-09-30 23:30:29,054 - INFO - 
****************************************************************************************************
2026-09-30 23:30:30,379 - INFO - --- training epoch 162, loss 17.9336, mae 18.4272, rmse 23.4198, time elapsed(min) 0.01---
2026-09-30 23:30:30,551 - INFO - --- validation at epoch 162, val_loss 16.9788, val_mae 17.2570, val_rmse 22.2339, val_r2 0.3585, val_pearson 0.6144, lr 1.00e-06 ---
2026-09-30 23:30:30,551 - INFO - 
****************************************************************************************************
2026-09-30 23:30:31,785 - INFO - --- training epoch 163, loss 17.8509, mae 18.3451, rmse 23.3107, time elapsed(min) 0.01---
2026-09-30 23:30:31,956 - INFO - --- validation at epoch 163, val_loss 16.9790, val_mae 17.2560, val_rmse 22.2348, val_r2 0.3585, val_pearson 0.6144, lr 1.00e-06 ---
2026-09-30 23:30:31,956 - INFO - 
****************************************************************************************************
2026-09-30 23:30:33,331 - INFO - --- training epoch 164, loss 17.8704, mae 18.3642, rmse 23.4209, time elapsed(min) 0.02---
2026-09-30 23:30:33,502 - INFO - --- validation at epoch 164, val_loss 16.9795, val_mae 17.2561, val_rmse 22.2340, val_r2 0.3585, val_pearson 0.6145, lr 1.00e-06 ---
2026-09-30 23:30:33,502 - INFO - 
****************************************************************************************************
2026-09-30 23:30:34,753 - INFO - --- training epoch 165, loss 17.8805, mae 18.3757, rmse 23.3619, time elapsed(min) 0.01---
2026-09-30 23:30:35,137 - INFO - --- validation at epoch 165, val_loss 16.9781, val_mae 17.2563, val_rmse 22.2330, val_r2 0.3586, val_pearson 0.6145, lr 1.00e-06 ---
2026-09-30 23:30:35,137 - INFO - 
****************************************************************************************************
2026-09-30 23:30:36,407 - INFO - --- training epoch 166, loss 17.8241, mae 18.3181, rmse 23.3530, time elapsed(min) 0.01---
2026-09-30 23:30:36,578 - INFO - --- validation at epoch 166, val_loss 16.9773, val_mae 17.2567, val_rmse 22.2322, val_r2 0.3586, val_pearson 0.6144, lr 1.00e-06 ---
2026-09-30 23:30:36,578 - INFO - 
****************************************************************************************************
2026-09-30 23:30:37,685 - INFO - --- training epoch 167, loss 17.9077, mae 18.4022, rmse 23.3889, time elapsed(min) 0.01---
2026-09-30 23:30:37,853 - INFO - --- validation at epoch 167, val_loss 16.9781, val_mae 17.2551, val_rmse 22.2356, val_r2 0.3584, val_pearson 0.6144, lr 1.00e-06 ---
2026-09-30 23:30:37,854 - INFO - 
****************************************************************************************************
2026-09-30 23:30:39,043 - INFO - --- training epoch 168, loss 17.7940, mae 18.2887, rmse 23.2569, time elapsed(min) 0.01---
2026-09-30 23:30:39,218 - INFO - --- validation at epoch 168, val_loss 16.9792, val_mae 17.2538, val_rmse 22.2392, val_r2 0.3582, val_pearson 0.6144, lr 1.00e-06 ---
2026-09-30 23:30:39,218 - INFO - 
****************************************************************************************************
2026-09-30 23:30:40,584 - INFO - --- training epoch 169, loss 17.8224, mae 18.3157, rmse 23.3082, time elapsed(min) 0.02---
2026-09-30 23:30:40,753 - INFO - --- validation at epoch 169, val_loss 16.9808, val_mae 17.2511, val_rmse 22.2426, val_r2 0.3580, val_pearson 0.6144, lr 1.00e-06 ---
2026-09-30 23:30:40,753 - INFO - 
****************************************************************************************************
2026-09-30 23:30:42,030 - INFO - --- training epoch 170, loss 17.8760, mae 18.3687, rmse 23.4489, time elapsed(min) 0.01---
2026-09-30 23:30:42,406 - INFO - --- validation at epoch 170, val_loss 16.9812, val_mae 17.2514, val_rmse 22.2443, val_r2 0.3579, val_pearson 0.6144, lr 1.00e-06 ---
2026-09-30 23:30:42,406 - INFO - 
****************************************************************************************************
2026-09-30 23:30:43,617 - INFO - --- training epoch 171, loss 17.8448, mae 18.3373, rmse 23.3308, time elapsed(min) 0.01---
2026-09-30 23:30:43,778 - INFO - --- validation at epoch 171, val_loss 16.9823, val_mae 17.2516, val_rmse 22.2455, val_r2 0.3578, val_pearson 0.6144, lr 1.00e-06 ---
2026-09-30 23:30:43,778 - INFO - 
****************************************************************************************************
2026-09-30 23:30:44,820 - INFO - --- training epoch 172, loss 17.9202, mae 18.4149, rmse 23.3863, time elapsed(min) 0.01---
2026-09-30 23:30:44,994 - INFO - --- validation at epoch 172, val_loss 16.9833, val_mae 17.2513, val_rmse 22.2461, val_r2 0.3578, val_pearson 0.6144, lr 1.00e-06 ---
2026-09-30 23:30:44,994 - INFO - 
****************************************************************************************************
2026-09-30 23:30:46,194 - INFO - --- training epoch 173, loss 17.8509, mae 18.3449, rmse 23.3922, time elapsed(min) 0.01---
2026-09-30 23:30:46,373 - INFO - --- validation at epoch 173, val_loss 16.9835, val_mae 17.2517, val_rmse 22.2475, val_r2 0.3577, val_pearson 0.6144, lr 1.00e-06 ---
2026-09-30 23:30:46,373 - INFO - 
****************************************************************************************************
2026-09-30 23:30:47,629 - INFO - --- training epoch 174, loss 17.8359, mae 18.3299, rmse 23.3305, time elapsed(min) 0.01---
2026-09-30 23:30:47,793 - INFO - --- validation at epoch 174, val_loss 16.9825, val_mae 17.2521, val_rmse 22.2482, val_r2 0.3577, val_pearson 0.6143, lr 1.00e-06 ---
2026-09-30 23:30:47,793 - INFO - 
****************************************************************************************************
2026-09-30 23:30:49,040 - INFO - --- training epoch 175, loss 17.9094, mae 18.4024, rmse 23.3900, time elapsed(min) 0.01---
2026-09-30 23:30:49,220 - INFO - --- validation at epoch 175, val_loss 16.9826, val_mae 17.2532, val_rmse 22.2470, val_r2 0.3578, val_pearson 0.6143, lr 1.00e-06 ---
2026-09-30 23:30:49,220 - INFO - 
****************************************************************************************************
2026-09-30 23:30:50,413 - INFO - --- training epoch 176, loss 17.8365, mae 18.3301, rmse 23.3739, time elapsed(min) 0.01---
2026-09-30 23:30:50,584 - INFO - --- validation at epoch 176, val_loss 16.9839, val_mae 17.2533, val_rmse 22.2488, val_r2 0.3577, val_pearson 0.6143, lr 1.00e-06 ---
2026-09-30 23:30:50,584 - INFO - 
****************************************************************************************************
2026-09-30 23:30:51,639 - INFO - --- training epoch 177, loss 17.8658, mae 18.3593, rmse 23.4252, time elapsed(min) 0.01---
2026-09-30 23:30:51,809 - INFO - --- validation at epoch 177, val_loss 16.9844, val_mae 17.2527, val_rmse 22.2503, val_r2 0.3576, val_pearson 0.6143, lr 1.00e-06 ---
2026-09-30 23:30:51,809 - INFO - 
****************************************************************************************************
2026-09-30 23:30:53,002 - INFO - --- training epoch 178, loss 17.9064, mae 18.3997, rmse 23.4691, time elapsed(min) 0.01---
2026-09-30 23:30:53,164 - INFO - --- validation at epoch 178, val_loss 16.9860, val_mae 17.2523, val_rmse 22.2514, val_r2 0.3575, val_pearson 0.6143, lr 1.00e-06 ---
2026-09-30 23:30:53,164 - INFO - 
****************************************************************************************************
2026-09-30 23:30:54,412 - INFO - --- training epoch 179, loss 17.9096, mae 18.4033, rmse 23.4497, time elapsed(min) 0.01---
2026-09-30 23:30:54,582 - INFO - --- validation at epoch 179, val_loss 16.9857, val_mae 17.2532, val_rmse 22.2494, val_r2 0.3576, val_pearson 0.6144, lr 1.00e-06 ---
2026-09-30 23:30:54,582 - INFO - 
****************************************************************************************************
2026-09-30 23:30:55,832 - INFO - --- training epoch 180, loss 17.8737, mae 18.3675, rmse 23.3851, time elapsed(min) 0.01---
2026-09-30 23:30:56,015 - INFO - --- validation at epoch 180, val_loss 16.9860, val_mae 17.2534, val_rmse 22.2489, val_r2 0.3577, val_pearson 0.6144, lr 1.00e-06 ---
2026-09-30 23:30:56,015 - INFO - 
****************************************************************************************************
2026-09-30 23:30:57,462 - INFO - --- training epoch 181, loss 17.9117, mae 18.4050, rmse 23.4165, time elapsed(min) 0.02---
2026-09-30 23:30:57,622 - INFO - --- validation at epoch 181, val_loss 16.9856, val_mae 17.2535, val_rmse 22.2477, val_r2 0.3577, val_pearson 0.6144, lr 1.00e-06 ---
2026-09-30 23:30:57,622 - INFO - 
****************************************************************************************************
2026-09-30 23:30:58,655 - INFO - --- training epoch 182, loss 17.7290, mae 18.2227, rmse 23.2866, time elapsed(min) 0.01---
2026-09-30 23:30:58,821 - INFO - --- validation at epoch 182, val_loss 16.9855, val_mae 17.2535, val_rmse 22.2482, val_r2 0.3577, val_pearson 0.6144, lr 1.00e-06 ---
2026-09-30 23:30:58,821 - INFO - 
****************************************************************************************************
2026-09-30 23:30:59,837 - INFO - --- training epoch 183, loss 17.8137, mae 18.3071, rmse 23.3369, time elapsed(min) 0.01---
2026-09-30 23:31:00,016 - INFO - --- validation at epoch 183, val_loss 16.9852, val_mae 17.2538, val_rmse 22.2478, val_r2 0.3577, val_pearson 0.6144, lr 1.00e-06 ---
2026-09-30 23:31:00,016 - INFO - 
****************************************************************************************************
2026-09-30 23:31:01,387 - INFO - --- training epoch 184, loss 17.9275, mae 18.4217, rmse 23.4760, time elapsed(min) 0.02---
2026-09-30 23:31:01,541 - INFO - --- validation at epoch 184, val_loss 16.9840, val_mae 17.2544, val_rmse 22.2461, val_r2 0.3578, val_pearson 0.6145, lr 1.00e-06 ---
2026-09-30 23:31:01,541 - INFO - 
****************************************************************************************************
2026-09-30 23:31:02,786 - INFO - --- training epoch 185, loss 17.8444, mae 18.3382, rmse 23.3717, time elapsed(min) 0.01---
2026-09-30 23:31:02,957 - INFO - --- validation at epoch 185, val_loss 16.9818, val_mae 17.2565, val_rmse 22.2424, val_r2 0.3580, val_pearson 0.6145, lr 1.00e-06 ---
2026-09-30 23:31:02,957 - INFO - 
****************************************************************************************************
2026-09-30 23:31:04,224 - INFO - --- training epoch 186, loss 17.7701, mae 18.2625, rmse 23.3525, time elapsed(min) 0.01---
2026-09-30 23:31:04,610 - INFO - --- validation at epoch 186, val_loss 16.9827, val_mae 17.2571, val_rmse 22.2414, val_r2 0.3581, val_pearson 0.6145, lr 1.00e-06 ---
2026-09-30 23:31:04,610 - INFO - 
****************************************************************************************************
2026-09-30 23:31:05,791 - INFO - --- training epoch 187, loss 17.9082, mae 18.4030, rmse 23.4003, time elapsed(min) 0.01---
2026-09-30 23:31:05,962 - INFO - --- validation at epoch 187, val_loss 16.9836, val_mae 17.2569, val_rmse 22.2418, val_r2 0.3581, val_pearson 0.6145, lr 1.00e-06 ---
2026-09-30 23:31:05,962 - INFO - 
****************************************************************************************************
2026-09-30 23:31:06,986 - INFO - --- training epoch 188, loss 17.9166, mae 18.4098, rmse 23.4194, time elapsed(min) 0.01---
2026-09-30 23:31:07,165 - INFO - --- validation at epoch 188, val_loss 16.9854, val_mae 17.2560, val_rmse 22.2438, val_r2 0.3579, val_pearson 0.6145, lr 1.00e-06 ---
2026-09-30 23:31:07,165 - INFO - 
****************************************************************************************************
2026-09-30 23:31:08,407 - INFO - --- training epoch 189, loss 17.8390, mae 18.3322, rmse 23.3289, time elapsed(min) 0.01---
2026-09-30 23:31:08,571 - INFO - --- validation at epoch 189, val_loss 16.9869, val_mae 17.2546, val_rmse 22.2454, val_r2 0.3579, val_pearson 0.6145, lr 1.00e-06 ---
2026-09-30 23:31:08,571 - INFO - 
****************************************************************************************************
2026-09-30 23:31:09,816 - INFO - --- training epoch 190, loss 17.7964, mae 18.2893, rmse 23.3276, time elapsed(min) 0.01---
2026-09-30 23:31:10,006 - INFO - --- validation at epoch 190, val_loss 16.9849, val_mae 17.2557, val_rmse 22.2430, val_r2 0.3580, val_pearson 0.6145, lr 1.00e-06 ---
2026-09-30 23:31:10,007 - INFO - 
****************************************************************************************************
2026-09-30 23:31:11,256 - INFO - --- training epoch 191, loss 17.7445, mae 18.2384, rmse 23.2870, time elapsed(min) 0.01---
2026-09-30 23:31:11,416 - INFO - --- validation at epoch 191, val_loss 16.9847, val_mae 17.2561, val_rmse 22.2405, val_r2 0.3581, val_pearson 0.6146, lr 1.00e-06 ---
2026-09-30 23:31:11,416 - INFO - 
****************************************************************************************************
2026-09-30 23:31:12,603 - INFO - --- training epoch 192, loss 17.8651, mae 18.3596, rmse 23.3280, time elapsed(min) 0.01---
2026-09-30 23:31:12,765 - INFO - --- validation at epoch 192, val_loss 16.9857, val_mae 17.2548, val_rmse 22.2398, val_r2 0.3582, val_pearson 0.6146, lr 1.00e-06 ---
2026-09-30 23:31:12,765 - INFO - 
****************************************************************************************************
2026-09-30 23:31:13,796 - INFO - --- training epoch 193, loss 17.7925, mae 18.2861, rmse 23.3306, time elapsed(min) 0.01---
2026-09-30 23:31:13,955 - INFO - --- validation at epoch 193, val_loss 16.9853, val_mae 17.2545, val_rmse 22.2374, val_r2 0.3583, val_pearson 0.6146, lr 1.00e-06 ---
2026-09-30 23:31:13,956 - INFO - 
****************************************************************************************************
2026-09-30 23:31:15,201 - INFO - --- training epoch 194, loss 17.8606, mae 18.3544, rmse 23.4266, time elapsed(min) 0.01---
2026-09-30 23:31:15,364 - INFO - --- validation at epoch 194, val_loss 16.9844, val_mae 17.2555, val_rmse 22.2344, val_r2 0.3585, val_pearson 0.6147, lr 1.00e-06 ---
2026-09-30 23:31:15,364 - INFO - 
****************************************************************************************************
2026-09-30 23:31:16,613 - INFO - --- training epoch 195, loss 17.8268, mae 18.3198, rmse 23.3357, time elapsed(min) 0.01---
2026-09-30 23:31:16,778 - INFO - --- validation at epoch 195, val_loss 16.9851, val_mae 17.2550, val_rmse 22.2343, val_r2 0.3585, val_pearson 0.6147, lr 1.00e-06 ---
2026-09-30 23:31:16,778 - INFO - 
****************************************************************************************************
2026-09-30 23:31:18,036 - INFO - --- training epoch 196, loss 17.8295, mae 18.3233, rmse 23.3221, time elapsed(min) 0.01---
2026-09-30 23:31:18,211 - INFO - --- validation at epoch 196, val_loss 16.9860, val_mae 17.2536, val_rmse 22.2369, val_r2 0.3583, val_pearson 0.6147, lr 1.00e-06 ---
2026-09-30 23:31:18,211 - INFO - 
****************************************************************************************************
2026-09-30 23:31:19,637 - INFO - --- training epoch 197, loss 17.8674, mae 18.3605, rmse 23.3784, time elapsed(min) 0.02---
2026-09-30 23:31:19,806 - INFO - --- validation at epoch 197, val_loss 16.9868, val_mae 17.2531, val_rmse 22.2384, val_r2 0.3583, val_pearson 0.6147, lr 1.00e-06 ---
2026-09-30 23:31:19,806 - INFO - 
****************************************************************************************************
2026-09-30 23:31:20,853 - INFO - --- training epoch 198, loss 17.8660, mae 18.3591, rmse 23.3937, time elapsed(min) 0.01---
2026-09-30 23:31:21,026 - INFO - --- validation at epoch 198, val_loss 16.9862, val_mae 17.2541, val_rmse 22.2361, val_r2 0.3584, val_pearson 0.6147, lr 1.00e-06 ---
2026-09-30 23:31:21,026 - INFO - 
****************************************************************************************************
2026-09-30 23:31:22,206 - INFO - --- training epoch 199, loss 17.8770, mae 18.3711, rmse 23.3568, time elapsed(min) 0.01---
2026-09-30 23:31:22,372 - INFO - --- validation at epoch 199, val_loss 16.9872, val_mae 17.2542, val_rmse 22.2355, val_r2 0.3584, val_pearson 0.6147, lr 1.00e-06 ---
2026-09-30 23:31:22,372 - INFO - 
****************************************************************************************************
2026-09-30 23:31:23,600 - INFO - --- training epoch 200, loss 17.7940, mae 18.2886, rmse 23.3391, time elapsed(min) 0.01---
2026-09-30 23:31:23,779 - INFO - --- validation at epoch 200, val_loss 16.9887, val_mae 17.2538, val_rmse 22.2355, val_r2 0.3584, val_pearson 0.6148, lr 1.00e-06 ---
2026-09-30 23:31:23,779 - INFO - 
****************************************************************************************************
2026-09-30 23:31:25,036 - INFO - --- training epoch 201, loss 17.8772, mae 18.3711, rmse 23.4056, time elapsed(min) 0.01---
2026-09-30 23:31:25,191 - INFO - --- validation at epoch 201, val_loss 16.9877, val_mae 17.2545, val_rmse 22.2349, val_r2 0.3585, val_pearson 0.6147, lr 1.00e-06 ---
2026-09-30 23:31:25,191 - INFO - 
****************************************************************************************************
2026-09-30 23:31:26,462 - INFO - --- training epoch 202, loss 17.8845, mae 18.3790, rmse 23.3898, time elapsed(min) 0.01---
2026-09-30 23:31:26,836 - INFO - --- validation at epoch 202, val_loss 16.9868, val_mae 17.2551, val_rmse 22.2358, val_r2 0.3584, val_pearson 0.6147, lr 1.00e-06 ---
2026-09-30 23:31:26,836 - INFO - 
****************************************************************************************************
2026-09-30 23:31:28,032 - INFO - --- training epoch 203, loss 17.8644, mae 18.3579, rmse 23.3889, time elapsed(min) 0.01---
2026-09-30 23:31:28,196 - INFO - --- validation at epoch 203, val_loss 16.9851, val_mae 17.2556, val_rmse 22.2354, val_r2 0.3584, val_pearson 0.6147, lr 1.00e-06 ---
2026-09-30 23:31:28,196 - INFO - 
****************************************************************************************************
2026-09-30 23:31:29,215 - INFO - --- training epoch 204, loss 17.8353, mae 18.3290, rmse 23.3636, time elapsed(min) 0.01---
2026-09-30 23:31:29,370 - INFO - --- validation at epoch 204, val_loss 16.9848, val_mae 17.2559, val_rmse 22.2368, val_r2 0.3584, val_pearson 0.6146, lr 1.00e-06 ---
2026-09-30 23:31:29,370 - INFO - 
****************************************************************************************************
2026-09-30 23:31:30,606 - INFO - --- training epoch 205, loss 17.8192, mae 18.3138, rmse 23.3256, time elapsed(min) 0.01---
2026-09-30 23:31:30,772 - INFO - --- validation at epoch 205, val_loss 16.9848, val_mae 17.2560, val_rmse 22.2368, val_r2 0.3584, val_pearson 0.6147, lr 1.00e-06 ---
2026-09-30 23:31:30,772 - INFO - 
****************************************************************************************************
2026-09-30 23:31:32,026 - INFO - --- training epoch 206, loss 17.8534, mae 18.3471, rmse 23.3624, time elapsed(min) 0.01---
2026-09-30 23:31:32,186 - INFO - --- validation at epoch 206, val_loss 16.9852, val_mae 17.2555, val_rmse 22.2360, val_r2 0.3584, val_pearson 0.6147, lr 1.00e-06 ---
2026-09-30 23:31:32,186 - INFO - 
****************************************************************************************************
2026-09-30 23:31:33,434 - INFO - --- training epoch 207, loss 17.7853, mae 18.2792, rmse 23.3052, time elapsed(min) 0.01---
2026-09-30 23:31:33,827 - INFO - --- validation at epoch 207, val_loss 16.9847, val_mae 17.2563, val_rmse 22.2334, val_r2 0.3585, val_pearson 0.6147, lr 1.00e-06 ---
2026-09-30 23:31:33,827 - INFO - 
****************************************************************************************************
2026-09-30 23:31:35,038 - INFO - --- training epoch 208, loss 17.8429, mae 18.3374, rmse 23.3517, time elapsed(min) 0.01---
2026-09-30 23:31:35,208 - INFO - --- validation at epoch 208, val_loss 16.9851, val_mae 17.2555, val_rmse 22.2346, val_r2 0.3585, val_pearson 0.6147, lr 1.00e-06 ---
2026-09-30 23:31:35,208 - INFO - 
****************************************************************************************************
2026-09-30 23:31:36,244 - INFO - --- training epoch 209, loss 17.8475, mae 18.3421, rmse 23.3637, time elapsed(min) 0.01---
2026-09-30 23:31:36,428 - INFO - --- validation at epoch 209, val_loss 16.9853, val_mae 17.2555, val_rmse 22.2332, val_r2 0.3586, val_pearson 0.6148, lr 1.00e-06 ---
2026-09-30 23:31:36,428 - INFO - 
****************************************************************************************************
2026-09-30 23:31:37,497 - INFO - --- training epoch 210, loss 17.9039, mae 18.3984, rmse 23.4298, time elapsed(min) 0.01---
2026-09-30 23:31:37,654 - INFO - --- validation at epoch 210, val_loss 16.9864, val_mae 17.2541, val_rmse 22.2339, val_r2 0.3585, val_pearson 0.6149, lr 1.00e-06 ---
2026-09-30 23:31:37,654 - INFO - 
****************************************************************************************************
2026-09-30 23:31:39,012 - INFO - --- training epoch 211, loss 17.8230, mae 18.3177, rmse 23.3805, time elapsed(min) 0.02---
2026-09-30 23:31:39,175 - INFO - --- validation at epoch 211, val_loss 16.9869, val_mae 17.2532, val_rmse 22.2355, val_r2 0.3584, val_pearson 0.6149, lr 1.00e-06 ---
2026-09-30 23:31:39,175 - INFO - 
****************************************************************************************************
2026-09-30 23:31:40,551 - INFO - --- training epoch 212, loss 17.8669, mae 18.3604, rmse 23.3748, time elapsed(min) 0.02---
2026-09-30 23:31:40,718 - INFO - --- validation at epoch 212, val_loss 16.9863, val_mae 17.2527, val_rmse 22.2370, val_r2 0.3583, val_pearson 0.6148, lr 1.00e-06 ---
2026-09-30 23:31:40,719 - INFO - 
****************************************************************************************************
2026-09-30 23:31:42,128 - INFO - --- training epoch 213, loss 17.9804, mae 18.4754, rmse 23.4725, time elapsed(min) 0.02---
2026-09-30 23:31:42,298 - INFO - --- validation at epoch 213, val_loss 16.9867, val_mae 17.2528, val_rmse 22.2374, val_r2 0.3583, val_pearson 0.6148, lr 1.00e-06 ---
2026-09-30 23:31:42,298 - INFO - 
****************************************************************************************************
2026-09-30 23:31:43,331 - INFO - --- training epoch 214, loss 17.7461, mae 18.2409, rmse 23.3016, time elapsed(min) 0.01---
2026-09-30 23:31:43,497 - INFO - --- validation at epoch 214, val_loss 16.9861, val_mae 17.2526, val_rmse 22.2393, val_r2 0.3582, val_pearson 0.6148, lr 1.00e-06 ---
2026-09-30 23:31:43,497 - INFO - 
****************************************************************************************************
2026-09-30 23:31:44,523 - INFO - --- training epoch 215, loss 17.7881, mae 18.2821, rmse 23.3195, time elapsed(min) 0.01---
2026-09-30 23:31:44,691 - INFO - --- validation at epoch 215, val_loss 16.9848, val_mae 17.2532, val_rmse 22.2390, val_r2 0.3582, val_pearson 0.6148, lr 1.00e-06 ---
2026-09-30 23:31:44,691 - INFO - 
****************************************************************************************************
2026-09-30 23:31:46,092 - INFO - --- training epoch 216, loss 17.8810, mae 18.3760, rmse 23.4291, time elapsed(min) 0.02---
2026-09-30 23:31:46,275 - INFO - --- validation at epoch 216, val_loss 16.9842, val_mae 17.2527, val_rmse 22.2391, val_r2 0.3582, val_pearson 0.6148, lr 1.00e-06 ---
2026-09-30 23:31:46,275 - INFO - 
****************************************************************************************************
2026-09-30 23:31:46,659 - INFO - --- early stopping at epoch 216: val_loss did not improve for 50 epochs ---
2026-09-30 23:31:46,859 - INFO - --- selected checkpoint from epoch 166, val_loss 16.9773, val_mae 17.2567, val_rmse 22.2322
2026-09-30 23:31:47,519 - INFO - -- RESULT
2026-09-30 23:31:47,519 - INFO - --- test size: 1187
2026-09-30 23:31:47,519 - INFO - --- MAE: 18.4909 pp, RMSE: 23.4525 pp, R2: 0.2583, Pearson: 0.5429
2026-09-30 23:31:49,015 - INFO - --- Buchwald-Hartwig | fullcv07_split70 | ind_mlp: test R2 0.2583 MAE 18.4909 RMSE 23.4525 | 305.1s (1.4s/epoch)
2026-09-30 23:31:49,101 - INFO - --- Buchwald-Hartwig | fullcv08_split70 | current model (ind/linear) (ind/linear)
