2026-10-01 12:12:38,405 - INFO - device is	cuda:0
2026-10-01 12:12:38,494 - INFO - -- CONFIGURATIONS
2026-10-01 12:12:38,494 - INFO - --- train/valid/test: 2491/277/1187
2026-10-01 12:12:38,494 - INFO - --- max no. reactants_train, valid, test respectively: 6, 6, 6
2026-10-01 12:12:38,494 - INFO - --- max no. products_train, valid, test respectively: 1, 1, 1
2026-10-01 12:12:38,494 - INFO - --- model_path: ../logs/bh_approach1_grid/runs/bh/fullcv07_split70/option_b_linear/model.pt
2026-10-01 12:12:38,504 - INFO - -- TRAINING
2026-10-01 12:12:39,211 - INFO - --- training epoch 0, loss 23.9535, mae 24.4496, rmse 29.9663, time elapsed(min) 0.01---
2026-10-01 12:12:39,392 - INFO - --- validation at epoch 0, val_loss 24.3575, val_mae 24.5010, val_rmse 30.7708, val_r2 -0.2287, val_pearson -0.3725, lr 1.00e-03 ---
2026-10-01 12:12:39,392 - INFO - 
****************************************************************************************************
2026-10-01 12:12:40,540 - INFO - --- training epoch 1, loss 22.9644, mae 23.4614, rmse 28.3938, time elapsed(min) 0.01---
2026-10-01 12:12:40,701 - INFO - --- validation at epoch 1, val_loss 24.0292, val_mae 24.1626, val_rmse 29.9521, val_r2 -0.1641, val_pearson -0.3854, lr 1.00e-03 ---
2026-10-01 12:12:40,701 - INFO - 
****************************************************************************************************
2026-10-01 12:12:41,795 - INFO - --- training epoch 2, loss 22.8879, mae 23.3840, rmse 28.1693, time elapsed(min) 0.01---
2026-10-01 12:12:41,966 - INFO - --- validation at epoch 2, val_loss 23.7942, val_mae 23.9132, val_rmse 29.4170, val_r2 -0.1229, val_pearson 0.1911, lr 1.00e-03 ---
2026-10-01 12:12:41,966 - INFO - 
****************************************************************************************************
2026-10-01 12:12:43,289 - INFO - --- training epoch 3, loss 22.7843, mae 23.2810, rmse 28.0280, time elapsed(min) 0.01---
2026-10-01 12:12:43,451 - INFO - --- validation at epoch 3, val_loss 23.7466, val_mae 23.9056, val_rmse 29.5611, val_r2 -0.1340, val_pearson 0.3491, lr 1.00e-03 ---
2026-10-01 12:12:43,452 - INFO - 
****************************************************************************************************
2026-10-01 12:12:44,884 - INFO - --- training epoch 4, loss 22.5330, mae 23.0290, rmse 27.5223, time elapsed(min) 0.02---
2026-10-01 12:12:45,034 - INFO - --- validation at epoch 4, val_loss 23.0989, val_mae 23.1930, val_rmse 28.4417, val_r2 -0.0497, val_pearson 0.3131, lr 1.00e-03 ---
2026-10-01 12:12:45,035 - INFO - 
****************************************************************************************************
2026-10-01 12:12:46,385 - INFO - --- training epoch 5, loss 22.6337, mae 23.1304, rmse 27.3171, time elapsed(min) 0.01---
2026-10-01 12:12:46,738 - INFO - --- validation at epoch 5, val_loss 23.6392, val_mae 23.9413, val_rmse 29.7179, val_r2 -0.1460, val_pearson 0.3204, lr 1.00e-03 ---
2026-10-01 12:12:46,739 - INFO - 
****************************************************************************************************
2026-10-01 12:12:47,941 - INFO - --- training epoch 6, loss 22.6296, mae 23.1270, rmse 27.4008, time elapsed(min) 0.01---
2026-10-01 12:12:48,120 - INFO - --- validation at epoch 6, val_loss 23.2443, val_mae 23.4410, val_rmse 28.5342, val_r2 -0.0565, val_pearson 0.3224, lr 1.00e-03 ---
2026-10-01 12:12:48,120 - INFO - 
****************************************************************************************************
2026-10-01 12:12:49,170 - INFO - --- training epoch 7, loss 22.5006, mae 22.9979, rmse 27.1301, time elapsed(min) 0.01---
2026-10-01 12:12:49,336 - INFO - --- validation at epoch 7, val_loss 23.1306, val_mae 23.4988, val_rmse 28.6752, val_r2 -0.0670, val_pearson 0.3337, lr 1.00e-03 ---
2026-10-01 12:12:49,336 - INFO - 
****************************************************************************************************
2026-10-01 12:12:50,402 - INFO - --- training epoch 8, loss 22.4988, mae 22.9952, rmse 26.9561, time elapsed(min) 0.01---
2026-10-01 12:12:50,564 - INFO - --- validation at epoch 8, val_loss 22.3549, val_mae 22.7402, val_rmse 27.2021, val_r2 0.0398, val_pearson 0.3907, lr 1.00e-03 ---
2026-10-01 12:12:50,564 - INFO - 
****************************************************************************************************
2026-10-01 12:12:51,946 - INFO - --- training epoch 9, loss 22.1499, mae 22.6466, rmse 26.5979, time elapsed(min) 0.01---
2026-10-01 12:12:52,096 - INFO - --- validation at epoch 9, val_loss 22.7998, val_mae 23.3526, val_rmse 28.9039, val_r2 -0.0841, val_pearson 0.3771, lr 1.00e-03 ---
2026-10-01 12:12:52,097 - INFO - 
****************************************************************************************************
2026-10-01 12:12:53,364 - INFO - --- training epoch 10, loss 21.9528, mae 22.4494, rmse 26.6538, time elapsed(min) 0.01---
2026-10-01 12:12:53,526 - INFO - --- validation at epoch 10, val_loss 22.1845, val_mae 22.5685, val_rmse 26.6669, val_r2 0.0772, val_pearson 0.3495, lr 1.00e-03 ---
2026-10-01 12:12:53,526 - INFO - 
****************************************************************************************************
2026-10-01 12:12:55,009 - INFO - --- training epoch 11, loss 21.9705, mae 22.4676, rmse 26.3739, time elapsed(min) 0.02---
2026-10-01 12:12:55,172 - INFO - --- validation at epoch 11, val_loss 22.1135, val_mae 22.4231, val_rmse 26.4375, val_r2 0.0930, val_pearson 0.3741, lr 1.00e-03 ---
2026-10-01 12:12:55,172 - INFO - 
****************************************************************************************************
2026-10-01 12:12:56,305 - INFO - --- training epoch 12, loss 21.7184, mae 22.2146, rmse 26.3730, time elapsed(min) 0.01---
2026-10-01 12:12:56,470 - INFO - --- validation at epoch 12, val_loss 22.2296, val_mae 23.0028, val_rmse 28.2384, val_r2 -0.0347, val_pearson 0.3786, lr 1.00e-03 ---
2026-10-01 12:12:56,470 - INFO - 
****************************************************************************************************
2026-10-01 12:12:57,649 - INFO - --- training epoch 13, loss 21.7734, mae 22.2711, rmse 26.3250, time elapsed(min) 0.01---
2026-10-01 12:12:57,814 - INFO - --- validation at epoch 13, val_loss 21.8434, val_mae 22.4221, val_rmse 26.8460, val_r2 0.0648, val_pearson 0.3796, lr 1.00e-03 ---
2026-10-01 12:12:57,814 - INFO - 
****************************************************************************************************
2026-10-01 12:12:59,140 - INFO - --- training epoch 14, loss 21.7325, mae 22.2291, rmse 26.2365, time elapsed(min) 0.01---
2026-10-01 12:12:59,307 - INFO - --- validation at epoch 14, val_loss 21.9395, val_mae 22.5856, val_rmse 27.2763, val_r2 0.0346, val_pearson 0.3819, lr 1.00e-03 ---
2026-10-01 12:12:59,307 - INFO - 
****************************************************************************************************
2026-10-01 12:13:00,559 - INFO - --- training epoch 15, loss 21.7486, mae 22.2460, rmse 26.3908, time elapsed(min) 0.01---
2026-10-01 12:13:00,722 - INFO - --- validation at epoch 15, val_loss 21.9191, val_mae 22.6575, val_rmse 27.5060, val_r2 0.0182, val_pearson 0.3807, lr 1.00e-03 ---
2026-10-01 12:13:00,722 - INFO - 
****************************************************************************************************
2026-10-01 12:13:02,000 - INFO - --- training epoch 16, loss 21.6902, mae 22.1874, rmse 26.2997, time elapsed(min) 0.02---
2026-10-01 12:13:02,386 - INFO - --- validation at epoch 16, val_loss 21.7742, val_mae 22.4068, val_rmse 26.9585, val_r2 0.0569, val_pearson 0.3856, lr 1.00e-03 ---
2026-10-01 12:13:02,386 - INFO - 
****************************************************************************************************
2026-10-01 12:13:03,689 - INFO - --- training epoch 17, loss 21.7107, mae 22.2067, rmse 26.2758, time elapsed(min) 0.01---
2026-10-01 12:13:03,864 - INFO - --- validation at epoch 17, val_loss 21.7910, val_mae 22.4204, val_rmse 27.0155, val_r2 0.0529, val_pearson 0.3885, lr 1.00e-03 ---
2026-10-01 12:13:03,864 - INFO - 
****************************************************************************************************
2026-10-01 12:13:04,931 - INFO - --- training epoch 18, loss 21.6802, mae 22.1766, rmse 26.3754, time elapsed(min) 0.01---
2026-10-01 12:13:05,100 - INFO - --- validation at epoch 18, val_loss 21.7937, val_mae 22.5014, val_rmse 27.2703, val_r2 0.0350, val_pearson 0.3863, lr 1.00e-03 ---
2026-10-01 12:13:05,101 - INFO - 
****************************************************************************************************
2026-10-01 12:13:06,368 - INFO - --- training epoch 19, loss 21.6740, mae 22.1711, rmse 26.3165, time elapsed(min) 0.01---
2026-10-01 12:13:06,533 - INFO - --- validation at epoch 19, val_loss 21.7448, val_mae 22.3455, val_rmse 26.7785, val_r2 0.0695, val_pearson 0.3870, lr 1.00e-03 ---
2026-10-01 12:13:06,534 - INFO - 
****************************************************************************************************
2026-10-01 12:13:08,024 - INFO - --- training epoch 20, loss 21.6650, mae 22.1611, rmse 26.3200, time elapsed(min) 0.02---
2026-10-01 12:13:08,193 - INFO - --- validation at epoch 20, val_loss 21.7861, val_mae 22.3984, val_rmse 26.9273, val_r2 0.0591, val_pearson 0.3863, lr 1.00e-03 ---
2026-10-01 12:13:08,193 - INFO - 
****************************************************************************************************
2026-10-01 12:13:09,469 - INFO - --- training epoch 21, loss 21.6724, mae 22.1689, rmse 26.3647, time elapsed(min) 0.01---
2026-10-01 12:13:09,633 - INFO - --- validation at epoch 21, val_loss 21.7774, val_mae 22.3957, val_rmse 26.8843, val_r2 0.0621, val_pearson 0.3846, lr 1.00e-03 ---
2026-10-01 12:13:09,633 - INFO - 
****************************************************************************************************
2026-10-01 12:13:10,839 - INFO - --- training epoch 22, loss 21.6598, mae 22.1564, rmse 26.3494, time elapsed(min) 0.01---
2026-10-01 12:13:11,003 - INFO - --- validation at epoch 22, val_loss 21.7735, val_mae 22.3915, val_rmse 26.9118, val_r2 0.0602, val_pearson 0.3859, lr 1.00e-03 ---
2026-10-01 12:13:11,003 - INFO - 
****************************************************************************************************
2026-10-01 12:13:12,059 - INFO - --- training epoch 23, loss 21.6372, mae 22.1332, rmse 26.3430, time elapsed(min) 0.01---
2026-10-01 12:13:12,223 - INFO - --- validation at epoch 23, val_loss 21.7966, val_mae 22.4646, val_rmse 27.1421, val_r2 0.0440, val_pearson 0.3853, lr 1.00e-03 ---
2026-10-01 12:13:12,223 - INFO - 
****************************************************************************************************
2026-10-01 12:13:13,484 - INFO - --- training epoch 24, loss 21.6614, mae 22.1581, rmse 26.3525, time elapsed(min) 0.01---
2026-10-01 12:13:13,648 - INFO - --- validation at epoch 24, val_loss 21.7695, val_mae 22.3998, val_rmse 26.9214, val_r2 0.0595, val_pearson 0.3855, lr 1.00e-03 ---
2026-10-01 12:13:13,648 - INFO - 
****************************************************************************************************
2026-10-01 12:13:14,920 - INFO - --- training epoch 25, loss 21.6043, mae 22.0999, rmse 26.2899, time elapsed(min) 0.01---
2026-10-01 12:13:15,082 - INFO - --- validation at epoch 25, val_loss 21.7679, val_mae 22.3942, val_rmse 26.9070, val_r2 0.0605, val_pearson 0.3860, lr 1.00e-03 ---
2026-10-01 12:13:15,083 - INFO - 
****************************************************************************************************
2026-10-01 12:13:16,359 - INFO - --- training epoch 26, loss 21.6747, mae 22.1717, rmse 26.3529, time elapsed(min) 0.01---
2026-10-01 12:13:16,539 - INFO - --- validation at epoch 26, val_loss 21.7544, val_mae 22.3261, val_rmse 26.6832, val_r2 0.0761, val_pearson 0.3863, lr 1.00e-03 ---
2026-10-01 12:13:16,539 - INFO - 
****************************************************************************************************
2026-10-01 12:13:17,984 - INFO - --- training epoch 27, loss 21.6112, mae 22.1070, rmse 26.3005, time elapsed(min) 0.01---
2026-10-01 12:13:18,149 - INFO - --- validation at epoch 27, val_loss 21.7694, val_mae 22.3791, val_rmse 26.8596, val_r2 0.0638, val_pearson 0.3856, lr 1.00e-03 ---
2026-10-01 12:13:18,149 - INFO - 
****************************************************************************************************
2026-10-01 12:13:19,224 - INFO - --- training epoch 28, loss 21.6122, mae 22.1092, rmse 26.3503, time elapsed(min) 0.01---
2026-10-01 12:13:19,377 - INFO - --- validation at epoch 28, val_loss 21.7869, val_mae 22.4227, val_rmse 26.9780, val_r2 0.0556, val_pearson 0.3846, lr 1.00e-03 ---
2026-10-01 12:13:19,377 - INFO - 
****************************************************************************************************
2026-10-01 12:13:20,426 - INFO - --- training epoch 29, loss 21.6339, mae 22.1303, rmse 26.3279, time elapsed(min) 0.01---
2026-10-01 12:13:20,587 - INFO - --- validation at epoch 29, val_loss 21.7638, val_mae 22.2706, val_rmse 26.4510, val_r2 0.0921, val_pearson 0.3850, lr 1.00e-03 ---
2026-10-01 12:13:20,587 - INFO - 
****************************************************************************************************
2026-10-01 12:13:20,966 - INFO - --- early stopping at epoch 29: val_loss did not improve for 10 epochs ---
2026-10-01 12:13:21,174 - INFO - --- selected checkpoint from epoch 19, val_loss 21.7448, val_mae 22.3455, val_rmse 26.7785
2026-10-01 12:13:21,757 - INFO - -- RESULT
2026-10-01 12:13:21,757 - INFO - --- test size: 1187
2026-10-01 12:13:21,757 - INFO - --- MAE: 22.5266 pp, RMSE: 27.0932 pp, R2: 0.0102, Pearson: 0.3218
2026-10-01 12:13:22,932 - INFO - --- Cell option_b_linear DONE: test MAE=22.5266 RMSE=27.0932 R2=0.0102 | sec/epoch=1.42
2026-10-01 12:13:22,945 - INFO - === RUNNING: dataset=bh split=fullcv07_split70 cell=option_b_mlp (tokens=ind, pooling=rn, head=mlp) ===
