2026-09-30 20:44:11,138 - INFO - device is	cuda:0
2026-09-30 20:44:11,286 - INFO - -- CONFIGURATIONS
2026-09-30 20:44:11,286 - INFO - --- train/valid/test: 2491/277/1187
2026-09-30 20:44:11,286 - INFO - --- max no. reactants_train, valid, test respectively: 6, 6, 6
2026-09-30 20:44:11,286 - INFO - --- max no. products_train, valid, test respectively: 1, 1, 1
2026-09-30 20:44:11,286 - INFO - --- model_path: ../logs/approach2_grid_bh/e400/runs/Buchwald-Hartwig_fullcv01_split70_current_model/model.pt
2026-09-30 20:44:11,401 - INFO - -- TRAINING
2026-09-30 20:44:12,705 - INFO - --- training epoch 0, loss 24.1745, mae 24.6701, rmse 30.4586, time elapsed(min) 0.02---
2026-09-30 20:44:12,907 - INFO - --- validation at epoch 0, val_loss 22.4490, val_mae 23.4020, val_rmse 29.1861, val_r2 -0.1447, val_pearson -0.3126, lr 1.00e-03 ---
2026-09-30 20:44:12,907 - INFO - 
****************************************************************************************************
2026-09-30 20:44:14,419 - INFO - --- training epoch 1, loss 22.8074, mae 23.3041, rmse 28.1240, time elapsed(min) 0.01---
2026-09-30 20:44:14,657 - INFO - --- validation at epoch 1, val_loss 22.0379, val_mae 23.0064, val_rmse 27.2610, val_r2 0.0013, val_pearson 0.1272, lr 1.00e-03 ---
2026-09-30 20:44:14,657 - INFO - 
****************************************************************************************************
2026-09-30 20:44:16,005 - INFO - --- training epoch 2, loss 22.4035, mae 22.8990, rmse 27.4673, time elapsed(min) 0.01---
2026-09-30 20:44:16,214 - INFO - --- validation at epoch 2, val_loss 21.0756, val_mae 22.3466, val_rmse 26.1100, val_r2 0.0839, val_pearson 0.3448, lr 1.00e-03 ---
2026-09-30 20:44:16,214 - INFO - 
****************************************************************************************************
2026-09-30 20:44:17,733 - INFO - --- training epoch 3, loss 21.9943, mae 22.4900, rmse 27.3794, time elapsed(min) 0.02---
2026-09-30 20:44:17,956 - INFO - --- validation at epoch 3, val_loss 21.0314, val_mae 22.2300, val_rmse 26.0004, val_r2 0.0915, val_pearson 0.3938, lr 1.00e-03 ---
2026-09-30 20:44:17,956 - INFO - 
****************************************************************************************************
2026-09-30 20:44:19,613 - INFO - --- training epoch 4, loss 21.8645, mae 22.3595, rmse 27.0946, time elapsed(min) 0.02---
2026-09-30 20:44:19,864 - INFO - --- validation at epoch 4, val_loss 20.3790, val_mae 21.6833, val_rmse 25.5407, val_r2 0.1234, val_pearson 0.3898, lr 1.00e-03 ---
2026-09-30 20:44:19,864 - INFO - 
****************************************************************************************************
2026-09-30 20:44:21,571 - INFO - --- training epoch 5, loss 21.4220, mae 21.9175, rmse 26.4509, time elapsed(min) 0.02---
2026-09-30 20:44:21,802 - INFO - --- validation at epoch 5, val_loss 19.2580, val_mae 20.5313, val_rmse 25.0264, val_r2 0.1583, val_pearson 0.4269, lr 1.00e-03 ---
2026-09-30 20:44:21,803 - INFO - 
****************************************************************************************************
2026-09-30 20:44:23,652 - INFO - --- training epoch 6, loss 21.2542, mae 21.7503, rmse 26.2272, time elapsed(min) 0.02---
2026-09-30 20:44:23,896 - INFO - --- validation at epoch 6, val_loss 19.8364, val_mae 20.9337, val_rmse 24.6471, val_r2 0.1837, val_pearson 0.4704, lr 1.00e-03 ---
2026-09-30 20:44:23,896 - INFO - 
****************************************************************************************************
2026-09-30 20:44:25,168 - INFO - --- training epoch 7, loss 20.9903, mae 21.4859, rmse 26.0775, time elapsed(min) 0.01---
2026-09-30 20:44:25,399 - INFO - --- validation at epoch 7, val_loss 19.3013, val_mae 20.3896, val_rmse 24.5127, val_r2 0.1925, val_pearson 0.5052, lr 1.00e-03 ---
2026-09-30 20:44:25,399 - INFO - 
****************************************************************************************************
2026-09-30 20:44:26,708 - INFO - --- training epoch 8, loss 20.8952, mae 21.3905, rmse 25.7238, time elapsed(min) 0.01---
2026-09-30 20:44:26,927 - INFO - --- validation at epoch 8, val_loss 19.8452, val_mae 21.1234, val_rmse 24.4616, val_r2 0.1959, val_pearson 0.4756, lr 1.00e-03 ---
2026-09-30 20:44:26,927 - INFO - 
****************************************************************************************************
2026-09-30 20:44:28,498 - INFO - --- training epoch 9, loss 20.8227, mae 21.3192, rmse 25.4248, time elapsed(min) 0.02---
2026-09-30 20:44:28,722 - INFO - --- validation at epoch 9, val_loss 18.3420, val_mae 20.0380, val_rmse 23.5741, val_r2 0.2532, val_pearson 0.5119, lr 1.00e-03 ---
2026-09-30 20:44:28,723 - INFO - 
****************************************************************************************************
2026-09-30 20:44:30,467 - INFO - --- training epoch 10, loss 19.8437, mae 20.3398, rmse 24.3222, time elapsed(min) 0.02---
2026-09-30 20:44:30,700 - INFO - --- validation at epoch 10, val_loss 18.5457, val_mae 19.8827, val_rmse 24.4638, val_r2 0.1958, val_pearson 0.4910, lr 1.00e-03 ---
2026-09-30 20:44:30,700 - INFO - 
****************************************************************************************************
2026-09-30 20:44:32,573 - INFO - --- training epoch 11, loss 20.6346, mae 21.1304, rmse 25.3769, time elapsed(min) 0.02---
2026-09-30 20:44:32,821 - INFO - --- validation at epoch 11, val_loss 19.1625, val_mae 20.3951, val_rmse 24.7638, val_r2 0.1759, val_pearson 0.5029, lr 1.00e-03 ---
2026-09-30 20:44:32,821 - INFO - 
****************************************************************************************************
2026-09-30 20:44:34,161 - INFO - --- training epoch 12, loss 20.5798, mae 21.0761, rmse 25.4005, time elapsed(min) 0.02---
2026-09-30 20:44:34,390 - INFO - --- validation at epoch 12, val_loss 19.4031, val_mae 20.6510, val_rmse 25.9221, val_r2 0.0970, val_pearson 0.4995, lr 1.00e-03 ---
2026-09-30 20:44:34,390 - INFO - 
****************************************************************************************************
2026-09-30 20:44:35,689 - INFO - --- training epoch 13, loss 20.0368, mae 20.5316, rmse 24.9303, time elapsed(min) 0.01---
2026-09-30 20:44:35,919 - INFO - --- validation at epoch 13, val_loss 18.2865, val_mae 19.8206, val_rmse 24.4227, val_r2 0.1985, val_pearson 0.5187, lr 1.00e-03 ---
2026-09-30 20:44:35,919 - INFO - 
****************************************************************************************************
2026-09-30 20:44:37,542 - INFO - --- training epoch 14, loss 19.5580, mae 20.0532, rmse 24.3379, time elapsed(min) 0.02---
2026-09-30 20:44:37,761 - INFO - --- validation at epoch 14, val_loss 17.8377, val_mae 19.2885, val_rmse 23.6304, val_r2 0.2496, val_pearson 0.5239, lr 1.00e-03 ---
2026-09-30 20:44:37,761 - INFO - 
****************************************************************************************************
2026-09-30 20:44:39,624 - INFO - --- training epoch 15, loss 19.7399, mae 20.2363, rmse 24.4270, time elapsed(min) 0.02---
2026-09-30 20:44:39,861 - INFO - --- validation at epoch 15, val_loss 17.9797, val_mae 19.2917, val_rmse 23.4731, val_r2 0.2596, val_pearson 0.5140, lr 1.00e-03 ---
2026-09-30 20:44:39,861 - INFO - 
****************************************************************************************************
2026-09-30 20:44:41,447 - INFO - --- training epoch 16, loss 19.7740, mae 20.2674, rmse 24.6718, time elapsed(min) 0.02---
2026-09-30 20:44:41,954 - INFO - --- validation at epoch 16, val_loss 18.1227, val_mae 19.4298, val_rmse 23.7616, val_r2 0.2413, val_pearson 0.5057, lr 1.00e-03 ---
2026-09-30 20:44:41,954 - INFO - 
****************************************************************************************************
2026-09-30 20:44:43,523 - INFO - --- training epoch 17, loss 19.5267, mae 20.0226, rmse 24.0912, time elapsed(min) 0.01---
2026-09-30 20:44:43,744 - INFO - --- validation at epoch 17, val_loss 18.6873, val_mae 19.6586, val_rmse 23.5633, val_r2 0.2539, val_pearson 0.5140, lr 1.00e-03 ---
2026-09-30 20:44:43,744 - INFO - 
****************************************************************************************************
2026-09-30 20:44:45,334 - INFO - --- training epoch 18, loss 19.6798, mae 20.1748, rmse 24.4688, time elapsed(min) 0.02---
2026-09-30 20:44:45,563 - INFO - --- validation at epoch 18, val_loss 18.3920, val_mae 19.4978, val_rmse 23.6658, val_r2 0.2474, val_pearson 0.5204, lr 1.00e-03 ---
2026-09-30 20:44:45,563 - INFO - 
****************************************************************************************************
2026-09-30 20:44:47,366 - INFO - --- training epoch 19, loss 19.3965, mae 19.8925, rmse 24.2447, time elapsed(min) 0.02---
2026-09-30 20:44:47,589 - INFO - --- validation at epoch 19, val_loss 17.2697, val_mae 18.6826, val_rmse 23.1902, val_r2 0.2773, val_pearson 0.5426, lr 1.00e-03 ---
2026-09-30 20:44:47,589 - INFO - 
****************************************************************************************************
2026-09-30 20:44:49,530 - INFO - --- training epoch 20, loss 19.0219, mae 19.5174, rmse 23.9611, time elapsed(min) 0.02---
2026-09-30 20:44:49,756 - INFO - --- validation at epoch 20, val_loss 17.8023, val_mae 18.8690, val_rmse 23.1626, val_r2 0.2790, val_pearson 0.5411, lr 1.00e-03 ---
2026-09-30 20:44:49,756 - INFO - 
****************************************************************************************************
2026-09-30 20:44:51,363 - INFO - --- training epoch 21, loss 18.9130, mae 19.4081, rmse 23.8034, time elapsed(min) 0.02---
2026-09-30 20:44:51,591 - INFO - --- validation at epoch 21, val_loss 18.4036, val_mae 19.4147, val_rmse 24.1985, val_r2 0.2131, val_pearson 0.5862, lr 1.00e-03 ---
2026-09-30 20:44:51,591 - INFO - 
****************************************************************************************************
2026-09-30 20:44:53,191 - INFO - --- training epoch 22, loss 17.1264, mae 17.6199, rmse 21.6856, time elapsed(min) 0.01---
2026-09-30 20:44:53,432 - INFO - --- validation at epoch 22, val_loss 14.6371, val_mae 15.4386, val_rmse 18.9645, val_r2 0.5167, val_pearson 0.7281, lr 1.00e-03 ---
2026-09-30 20:44:53,432 - INFO - 
****************************************************************************************************
2026-09-30 20:44:54,837 - INFO - --- training epoch 23, loss 16.3854, mae 16.8791, rmse 21.0512, time elapsed(min) 0.01---
2026-09-30 20:44:55,107 - INFO - --- validation at epoch 23, val_loss 13.5599, val_mae 14.6034, val_rmse 18.7909, val_r2 0.5255, val_pearson 0.7277, lr 1.00e-03 ---
2026-09-30 20:44:55,107 - INFO - 
****************************************************************************************************
2026-09-30 20:44:56,757 - INFO - --- training epoch 24, loss 15.7527, mae 16.2447, rmse 20.4578, time elapsed(min) 0.02---
2026-09-30 20:44:57,006 - INFO - --- validation at epoch 24, val_loss 13.4547, val_mae 14.8180, val_rmse 18.8541, val_r2 0.5223, val_pearson 0.7523, lr 1.00e-03 ---
2026-09-30 20:44:57,006 - INFO - 
****************************************************************************************************
2026-09-30 20:44:58,743 - INFO - --- training epoch 25, loss 15.5241, mae 16.0156, rmse 20.5108, time elapsed(min) 0.02---
2026-09-30 20:44:58,987 - INFO - --- validation at epoch 25, val_loss 14.1638, val_mae 15.4687, val_rmse 19.8768, val_r2 0.4691, val_pearson 0.7332, lr 1.00e-03 ---
2026-09-30 20:44:58,987 - INFO - 
****************************************************************************************************
2026-09-30 20:45:00,680 - INFO - --- training epoch 26, loss 16.1877, mae 16.6812, rmse 21.0272, time elapsed(min) 0.02---
2026-09-30 20:45:00,945 - INFO - --- validation at epoch 26, val_loss 15.0189, val_mae 16.0128, val_rmse 20.6618, val_r2 0.4263, val_pearson 0.7565, lr 1.00e-03 ---
2026-09-30 20:45:00,945 - INFO - 
****************************************************************************************************
2026-09-30 20:45:02,573 - INFO - --- training epoch 27, loss 15.1684, mae 15.6612, rmse 19.7774, time elapsed(min) 0.02---
2026-09-30 20:45:02,797 - INFO - --- validation at epoch 27, val_loss 12.7696, val_mae 14.1008, val_rmse 18.5117, val_r2 0.5395, val_pearson 0.7703, lr 1.00e-03 ---
2026-09-30 20:45:02,798 - INFO - 
****************************************************************************************************
2026-09-30 20:45:04,222 - INFO - --- training epoch 28, loss 14.5347, mae 15.0272, rmse 19.3399, time elapsed(min) 0.01---
2026-09-30 20:45:04,463 - INFO - --- validation at epoch 28, val_loss 11.4979, val_mae 13.0547, val_rmse 17.8481, val_r2 0.5719, val_pearson 0.7792, lr 1.00e-03 ---
2026-09-30 20:45:04,463 - INFO - 
****************************************************************************************************
2026-09-30 20:45:05,888 - INFO - --- training epoch 29, loss 14.1210, mae 14.6123, rmse 18.9985, time elapsed(min) 0.01---
2026-09-30 20:45:06,129 - INFO - --- validation at epoch 29, val_loss 11.8491, val_mae 12.9360, val_rmse 17.1526, val_r2 0.6046, val_pearson 0.7865, lr 1.00e-03 ---
2026-09-30 20:45:06,129 - INFO - 
****************************************************************************************************
2026-09-30 20:45:07,977 - INFO - --- training epoch 30, loss 13.8792, mae 14.3711, rmse 18.7719, time elapsed(min) 0.02---
2026-09-30 20:45:08,195 - INFO - --- validation at epoch 30, val_loss 11.1520, val_mae 12.5598, val_rmse 16.8982, val_r2 0.6163, val_pearson 0.7944, lr 1.00e-03 ---
2026-09-30 20:45:08,195 - INFO - 
****************************************************************************************************
2026-09-30 20:45:09,964 - INFO - --- training epoch 31, loss 13.4093, mae 13.9010, rmse 18.0501, time elapsed(min) 0.02---
2026-09-30 20:45:10,192 - INFO - --- validation at epoch 31, val_loss 11.2277, val_mae 12.0717, val_rmse 15.8698, val_r2 0.6616, val_pearson 0.8259, lr 1.00e-03 ---
2026-09-30 20:45:10,192 - INFO - 
****************************************************************************************************
2026-09-30 20:45:11,995 - INFO - --- training epoch 32, loss 13.0582, mae 13.5472, rmse 17.6945, time elapsed(min) 0.02---
2026-09-30 20:45:12,538 - INFO - --- validation at epoch 32, val_loss 11.7599, val_mae 12.4344, val_rmse 16.5008, val_r2 0.6341, val_pearson 0.7987, lr 1.00e-03 ---
2026-09-30 20:45:12,538 - INFO - 
****************************************************************************************************
2026-09-30 20:45:14,186 - INFO - --- training epoch 33, loss 13.9922, mae 14.4858, rmse 18.8068, time elapsed(min) 0.01---
2026-09-30 20:45:14,419 - INFO - --- validation at epoch 33, val_loss 12.0390, val_mae 13.2571, val_rmse 17.7653, val_r2 0.5759, val_pearson 0.8156, lr 1.00e-03 ---
2026-09-30 20:45:14,419 - INFO - 
****************************************************************************************************
2026-09-30 20:45:15,757 - INFO - --- training epoch 34, loss 14.0122, mae 14.5031, rmse 18.7422, time elapsed(min) 0.01---
2026-09-30 20:45:15,991 - INFO - --- validation at epoch 34, val_loss 11.1589, val_mae 12.0536, val_rmse 15.6842, val_r2 0.6694, val_pearson 0.8358, lr 1.00e-03 ---
2026-09-30 20:45:15,991 - INFO - 
****************************************************************************************************
2026-09-30 20:45:17,634 - INFO - --- training epoch 35, loss 13.3768, mae 13.8683, rmse 17.7830, time elapsed(min) 0.02---
2026-09-30 20:45:17,895 - INFO - --- validation at epoch 35, val_loss 11.2538, val_mae 11.7099, val_rmse 15.8139, val_r2 0.6639, val_pearson 0.8285, lr 1.00e-03 ---
2026-09-30 20:45:17,895 - INFO - 
****************************************************************************************************
2026-09-30 20:45:19,629 - INFO - --- training epoch 36, loss 13.3242, mae 13.8141, rmse 18.0241, time elapsed(min) 0.02---
2026-09-30 20:45:19,884 - INFO - --- validation at epoch 36, val_loss 11.2148, val_mae 11.6825, val_rmse 14.9681, val_r2 0.6989, val_pearson 0.8371, lr 1.00e-03 ---
2026-09-30 20:45:19,884 - INFO - 
****************************************************************************************************
2026-09-30 20:45:21,607 - INFO - --- training epoch 37, loss 12.7246, mae 13.2154, rmse 17.3179, time elapsed(min) 0.02---
2026-09-30 20:45:22,182 - INFO - --- validation at epoch 37, val_loss 12.1145, val_mae 12.7831, val_rmse 16.9419, val_r2 0.6143, val_pearson 0.8010, lr 1.00e-03 ---
2026-09-30 20:45:22,182 - INFO - 
****************************************************************************************************
2026-09-30 20:45:23,759 - INFO - --- training epoch 38, loss 13.4518, mae 13.9433, rmse 18.2614, time elapsed(min) 0.01---
2026-09-30 20:45:23,994 - INFO - --- validation at epoch 38, val_loss 10.0983, val_mae 10.6603, val_rmse 14.4405, val_r2 0.7198, val_pearson 0.8650, lr 1.00e-03 ---
2026-09-30 20:45:23,995 - INFO - 
****************************************************************************************************
2026-09-30 20:45:25,417 - INFO - --- training epoch 39, loss 11.8814, mae 12.3717, rmse 16.2563, time elapsed(min) 0.01---
2026-09-30 20:45:25,613 - INFO - --- validation at epoch 39, val_loss 11.3627, val_mae 11.6149, val_rmse 15.2809, val_r2 0.6862, val_pearson 0.8519, lr 1.00e-03 ---
2026-09-30 20:45:25,613 - INFO - 
****************************************************************************************************
2026-09-30 20:45:27,291 - INFO - --- training epoch 40, loss 11.9710, mae 12.4621, rmse 16.5102, time elapsed(min) 0.02---
2026-09-30 20:45:27,519 - INFO - --- validation at epoch 40, val_loss 11.1851, val_mae 11.9131, val_rmse 16.2098, val_r2 0.6469, val_pearson 0.8603, lr 1.00e-03 ---
2026-09-30 20:45:27,519 - INFO - 
****************************************************************************************************
2026-09-30 20:45:29,196 - INFO - --- training epoch 41, loss 11.7358, mae 12.2240, rmse 16.1371, time elapsed(min) 0.02---
2026-09-30 20:45:29,430 - INFO - --- validation at epoch 41, val_loss 10.1436, val_mae 10.1992, val_rmse 13.6552, val_r2 0.7494, val_pearson 0.8706, lr 1.00e-03 ---
2026-09-30 20:45:29,430 - INFO - 
****************************************************************************************************
2026-09-30 20:45:31,029 - INFO - --- training epoch 42, loss 10.8737, mae 11.3618, rmse 15.1856, time elapsed(min) 0.01---
2026-09-30 20:45:31,246 - INFO - --- validation at epoch 42, val_loss 10.3972, val_mae 10.8240, val_rmse 14.4856, val_r2 0.7180, val_pearson 0.8835, lr 1.00e-03 ---
2026-09-30 20:45:31,246 - INFO - 
****************************************************************************************************
2026-09-30 20:45:32,606 - INFO - --- training epoch 43, loss 11.7046, mae 12.1949, rmse 16.1920, time elapsed(min) 0.01---
2026-09-30 20:45:32,855 - INFO - --- validation at epoch 43, val_loss 10.4795, val_mae 10.7319, val_rmse 13.7986, val_r2 0.7441, val_pearson 0.8772, lr 1.00e-03 ---
2026-09-30 20:45:32,855 - INFO - 
****************************************************************************************************
2026-09-30 20:45:34,466 - INFO - --- training epoch 44, loss 10.6715, mae 11.1597, rmse 15.2404, time elapsed(min) 0.02---
2026-09-30 20:45:34,681 - INFO - --- validation at epoch 44, val_loss 9.2410, val_mae 9.6018, val_rmse 13.1919, val_r2 0.7661, val_pearson 0.8896, lr 1.00e-03 ---
2026-09-30 20:45:34,681 - INFO - 
****************************************************************************************************
2026-09-30 20:45:36,577 - INFO - --- training epoch 45, loss 10.3466, mae 10.8358, rmse 14.9036, time elapsed(min) 0.02---
2026-09-30 20:45:36,811 - INFO - --- validation at epoch 45, val_loss 9.9115, val_mae 10.3921, val_rmse 14.3199, val_r2 0.7244, val_pearson 0.8829, lr 1.00e-03 ---
2026-09-30 20:45:36,811 - INFO - 
****************************************************************************************************
2026-09-30 20:45:38,522 - INFO - --- training epoch 46, loss 10.6786, mae 11.1689, rmse 15.4519, time elapsed(min) 0.02---
2026-09-30 20:45:38,738 - INFO - --- validation at epoch 46, val_loss 10.0374, val_mae 10.8075, val_rmse 14.5372, val_r2 0.7160, val_pearson 0.8832, lr 1.00e-03 ---
2026-09-30 20:45:38,738 - INFO - 
****************************************************************************************************
2026-09-30 20:45:40,736 - INFO - --- training epoch 47, loss 11.7150, mae 12.2026, rmse 16.3812, time elapsed(min) 0.03---
2026-09-30 20:45:41,002 - INFO - --- validation at epoch 47, val_loss 9.3357, val_mae 9.9390, val_rmse 13.4880, val_r2 0.7555, val_pearson 0.8831, lr 1.00e-03 ---
2026-09-30 20:45:41,003 - INFO - 
****************************************************************************************************
2026-09-30 20:45:42,379 - INFO - --- training epoch 48, loss 10.3343, mae 10.8229, rmse 14.8471, time elapsed(min) 0.02---
2026-09-30 20:45:42,645 - INFO - --- validation at epoch 48, val_loss 8.6513, val_mae 9.1569, val_rmse 12.6499, val_r2 0.7850, val_pearson 0.8868, lr 1.00e-03 ---
2026-09-30 20:45:42,646 - INFO - 
****************************************************************************************************
2026-09-30 20:45:44,076 - INFO - --- training epoch 49, loss 10.1051, mae 10.5958, rmse 14.5213, time elapsed(min) 0.01---
2026-09-30 20:45:44,310 - INFO - --- validation at epoch 49, val_loss 9.5780, val_mae 9.8092, val_rmse 13.3992, val_r2 0.7587, val_pearson 0.8841, lr 1.00e-03 ---
2026-09-30 20:45:44,310 - INFO - 
****************************************************************************************************
2026-09-30 20:45:46,150 - INFO - --- training epoch 50, loss 10.5876, mae 11.0757, rmse 15.2499, time elapsed(min) 0.02---
2026-09-30 20:45:46,391 - INFO - --- validation at epoch 50, val_loss 8.4958, val_mae 9.1181, val_rmse 12.7851, val_r2 0.7803, val_pearson 0.8882, lr 1.00e-03 ---
2026-09-30 20:45:46,391 - INFO - 
****************************************************************************************************
2026-09-30 20:45:48,282 - INFO - --- training epoch 51, loss 11.3223, mae 11.8109, rmse 15.9951, time elapsed(min) 0.02---
2026-09-30 20:45:48,504 - INFO - --- validation at epoch 51, val_loss 13.9320, val_mae 14.3302, val_rmse 17.7405, val_r2 0.5771, val_pearson 0.7699, lr 1.00e-03 ---
2026-09-30 20:45:48,505 - INFO - 
****************************************************************************************************
2026-09-30 20:45:50,470 - INFO - --- training epoch 52, loss 13.9444, mae 14.4375, rmse 18.2883, time elapsed(min) 0.02---
2026-09-30 20:45:50,691 - INFO - --- validation at epoch 52, val_loss 12.2840, val_mae 13.4310, val_rmse 18.6525, val_r2 0.5325, val_pearson 0.7428, lr 1.00e-03 ---
2026-09-30 20:45:50,691 - INFO - 
****************************************************************************************************
2026-09-30 20:45:52,054 - INFO - --- training epoch 53, loss 13.7914, mae 14.2826, rmse 19.1975, time elapsed(min) 0.01---
2026-09-30 20:45:52,290 - INFO - --- validation at epoch 53, val_loss 12.1644, val_mae 12.8910, val_rmse 17.4340, val_r2 0.5916, val_pearson 0.7701, lr 1.00e-03 ---
2026-09-30 20:45:52,290 - INFO - 
****************************************************************************************************
2026-09-30 20:45:53,946 - INFO - --- training epoch 54, loss 14.5169, mae 15.0097, rmse 19.6645, time elapsed(min) 0.02---
2026-09-30 20:45:54,184 - INFO - --- validation at epoch 54, val_loss 15.2934, val_mae 16.1267, val_rmse 19.6898, val_r2 0.4790, val_pearson 0.8063, lr 1.00e-03 ---
2026-09-30 20:45:54,184 - INFO - 
****************************************************************************************************
2026-09-30 20:45:56,089 - INFO - --- training epoch 55, loss 13.5206, mae 14.0132, rmse 17.8713, time elapsed(min) 0.02---
2026-09-30 20:45:56,313 - INFO - --- validation at epoch 55, val_loss 10.9337, val_mae 11.5872, val_rmse 14.9731, val_r2 0.6987, val_pearson 0.8500, lr 1.00e-03 ---
2026-09-30 20:45:56,313 - INFO - 
****************************************************************************************************
2026-09-30 20:45:57,935 - INFO - --- training epoch 56, loss 12.5625, mae 13.0532, rmse 16.8569, time elapsed(min) 0.02---
2026-09-30 20:45:58,206 - INFO - --- validation at epoch 56, val_loss 11.2434, val_mae 12.3184, val_rmse 15.6845, val_r2 0.6694, val_pearson 0.8393, lr 1.00e-03 ---
2026-09-30 20:45:58,206 - INFO - 
****************************************************************************************************
2026-09-30 20:45:59,783 - INFO - --- training epoch 57, loss 12.1691, mae 12.6586, rmse 16.8761, time elapsed(min) 0.01---
2026-09-30 20:46:00,007 - INFO - --- validation at epoch 57, val_loss 9.8899, val_mae 10.9221, val_rmse 14.6469, val_r2 0.7117, val_pearson 0.8463, lr 1.00e-03 ---
2026-09-30 20:46:00,007 - INFO - 
****************************************************************************************************
2026-09-30 20:46:01,350 - INFO - --- training epoch 58, loss 12.0807, mae 12.5710, rmse 16.5195, time elapsed(min) 0.01---
2026-09-30 20:46:01,624 - INFO - --- validation at epoch 58, val_loss 11.2129, val_mae 11.7819, val_rmse 15.7035, val_r2 0.6686, val_pearson 0.8204, lr 1.00e-03 ---
2026-09-30 20:46:01,624 - INFO - 
****************************************************************************************************
2026-09-30 20:46:03,276 - INFO - --- training epoch 59, loss 12.5793, mae 13.0700, rmse 17.1939, time elapsed(min) 0.02---
2026-09-30 20:46:03,494 - INFO - --- validation at epoch 59, val_loss 10.5166, val_mae 11.5705, val_rmse 15.1650, val_r2 0.6910, val_pearson 0.8446, lr 1.00e-03 ---
2026-09-30 20:46:03,495 - INFO - 
****************************************************************************************************
2026-09-30 20:46:05,143 - INFO - --- training epoch 60, loss 11.9656, mae 12.4567, rmse 16.4706, time elapsed(min) 0.02---
2026-09-30 20:46:05,400 - INFO - --- validation at epoch 60, val_loss 10.8115, val_mae 11.5302, val_rmse 15.3928, val_r2 0.6816, val_pearson 0.8362, lr 1.00e-03 ---
2026-09-30 20:46:05,400 - INFO - 
****************************************************************************************************
2026-09-30 20:46:07,277 - INFO - --- training epoch 61, loss 12.5096, mae 12.9979, rmse 17.4449, time elapsed(min) 0.02---
2026-09-30 20:46:07,499 - INFO - --- validation at epoch 61, val_loss 10.5471, val_mae 11.0654, val_rmse 14.5675, val_r2 0.7148, val_pearson 0.8456, lr 1.00e-03 ---
2026-09-30 20:46:07,500 - INFO - 
****************************************************************************************************
2026-09-30 20:46:09,496 - INFO - --- training epoch 62, loss 11.6010, mae 12.0921, rmse 16.0898, time elapsed(min) 0.03---
2026-09-30 20:46:09,755 - INFO - --- validation at epoch 62, val_loss 9.6351, val_mae 10.1736, val_rmse 13.4043, val_r2 0.7585, val_pearson 0.8726, lr 3.00e-04 ---
2026-09-30 20:46:09,755 - INFO - 
****************************************************************************************************
2026-09-30 20:46:11,100 - INFO - --- training epoch 63, loss 11.6832, mae 12.1710, rmse 16.3871, time elapsed(min) 0.01---
2026-09-30 20:46:11,334 - INFO - --- validation at epoch 63, val_loss 9.6864, val_mae 10.8037, val_rmse 13.9856, val_r2 0.7372, val_pearson 0.8603, lr 3.00e-04 ---
2026-09-30 20:46:11,334 - INFO - 
****************************************************************************************************
2026-09-30 20:46:12,654 - INFO - --- training epoch 64, loss 11.5986, mae 12.0875, rmse 16.3524, time elapsed(min) 0.01---
2026-09-30 20:46:12,900 - INFO - --- validation at epoch 64, val_loss 9.6624, val_mae 10.2217, val_rmse 13.3902, val_r2 0.7591, val_pearson 0.8712, lr 3.00e-04 ---
2026-09-30 20:46:12,901 - INFO - 
****************************************************************************************************
2026-09-30 20:46:14,549 - INFO - --- training epoch 65, loss 11.0503, mae 11.5368, rmse 15.5976, time elapsed(min) 0.02---
2026-09-30 20:46:14,764 - INFO - --- validation at epoch 65, val_loss 9.9407, val_mae 10.2741, val_rmse 13.5058, val_r2 0.7549, val_pearson 0.8693, lr 3.00e-04 ---
2026-09-30 20:46:14,764 - INFO - 
****************************************************************************************************
2026-09-30 20:46:16,572 - INFO - --- training epoch 66, loss 10.6982, mae 11.1882, rmse 15.1761, time elapsed(min) 0.02---
2026-09-30 20:46:16,783 - INFO - --- validation at epoch 66, val_loss 9.6944, val_mae 10.1719, val_rmse 13.5741, val_r2 0.7524, val_pearson 0.8677, lr 3.00e-04 ---
2026-09-30 20:46:16,784 - INFO - 
****************************************************************************************************
2026-09-30 20:46:18,376 - INFO - --- training epoch 67, loss 10.8375, mae 11.3248, rmse 15.3994, time elapsed(min) 0.02---
2026-09-30 20:46:18,600 - INFO - --- validation at epoch 67, val_loss 9.4782, val_mae 10.0910, val_rmse 13.5466, val_r2 0.7534, val_pearson 0.8727, lr 3.00e-04 ---
2026-09-30 20:46:18,600 - INFO - 
****************************************************************************************************
2026-09-30 20:46:19,949 - INFO - --- training epoch 68, loss 11.3054, mae 11.7951, rmse 15.7104, time elapsed(min) 0.01---
2026-09-30 20:46:20,175 - INFO - --- validation at epoch 68, val_loss 9.7331, val_mae 10.4103, val_rmse 14.1104, val_r2 0.7324, val_pearson 0.8559, lr 3.00e-04 ---
2026-09-30 20:46:20,175 - INFO - 
****************************************************************************************************
2026-09-30 20:46:21,870 - INFO - --- training epoch 69, loss 10.5708, mae 11.0602, rmse 15.0873, time elapsed(min) 0.02---
2026-09-30 20:46:22,094 - INFO - --- validation at epoch 69, val_loss 9.0774, val_mae 9.7155, val_rmse 13.0275, val_r2 0.7719, val_pearson 0.8790, lr 3.00e-04 ---
2026-09-30 20:46:22,094 - INFO - 
****************************************************************************************************
2026-09-30 20:46:23,751 - INFO - --- training epoch 70, loss 10.4641, mae 10.9523, rmse 15.1605, time elapsed(min) 0.02---
2026-09-30 20:46:23,967 - INFO - --- validation at epoch 70, val_loss 9.7080, val_mae 10.2299, val_rmse 13.5407, val_r2 0.7536, val_pearson 0.8697, lr 3.00e-04 ---
2026-09-30 20:46:23,967 - INFO - 
****************************************************************************************************
2026-09-30 20:46:25,935 - INFO - --- training epoch 71, loss 10.4411, mae 10.9272, rmse 14.9357, time elapsed(min) 0.02---
2026-09-30 20:46:26,156 - INFO - --- validation at epoch 71, val_loss 9.7438, val_mae 10.3327, val_rmse 13.6912, val_r2 0.7481, val_pearson 0.8651, lr 3.00e-04 ---
2026-09-30 20:46:26,156 - INFO - 
****************************************************************************************************
2026-09-30 20:46:28,154 - INFO - --- training epoch 72, loss 10.3038, mae 10.7915, rmse 14.9141, time elapsed(min) 0.03---
2026-09-30 20:46:28,373 - INFO - --- validation at epoch 72, val_loss 9.2797, val_mae 9.9789, val_rmse 13.5471, val_r2 0.7534, val_pearson 0.8688, lr 3.00e-04 ---
2026-09-30 20:46:28,373 - INFO - 
****************************************************************************************************
2026-09-30 20:46:29,710 - INFO - --- training epoch 73, loss 10.1451, mae 10.6308, rmse 14.6863, time elapsed(min) 0.01---
2026-09-30 20:46:29,965 - INFO - --- validation at epoch 73, val_loss 9.4187, val_mae 9.8879, val_rmse 13.4900, val_r2 0.7555, val_pearson 0.8726, lr 9.00e-05 ---
2026-09-30 20:46:29,965 - INFO - 
****************************************************************************************************
2026-09-30 20:46:31,299 - INFO - --- training epoch 74, loss 10.1885, mae 10.6763, rmse 14.7801, time elapsed(min) 0.01---
2026-09-30 20:46:31,526 - INFO - --- validation at epoch 74, val_loss 9.1960, val_mae 9.7265, val_rmse 13.2020, val_r2 0.7658, val_pearson 0.8802, lr 9.00e-05 ---
2026-09-30 20:46:31,526 - INFO - 
****************************************************************************************************
2026-09-30 20:46:33,172 - INFO - --- training epoch 75, loss 10.0943, mae 10.5815, rmse 14.6027, time elapsed(min) 0.02---
2026-09-30 20:46:33,395 - INFO - --- validation at epoch 75, val_loss 9.1285, val_mae 9.5953, val_rmse 13.0174, val_r2 0.7723, val_pearson 0.8802, lr 9.00e-05 ---
2026-09-30 20:46:33,395 - INFO - 
****************************************************************************************************
2026-09-30 20:46:35,054 - INFO - --- training epoch 76, loss 9.9925, mae 10.4798, rmse 14.6063, time elapsed(min) 0.02---
2026-09-30 20:46:35,290 - INFO - --- validation at epoch 76, val_loss 9.5790, val_mae 10.0761, val_rmse 13.5466, val_r2 0.7534, val_pearson 0.8682, lr 9.00e-05 ---
2026-09-30 20:46:35,290 - INFO - 
****************************************************************************************************
2026-09-30 20:46:37,238 - INFO - --- training epoch 77, loss 10.0208, mae 10.5051, rmse 14.6695, time elapsed(min) 0.02---
2026-09-30 20:46:37,462 - INFO - --- validation at epoch 77, val_loss 9.2345, val_mae 9.6263, val_rmse 12.9549, val_r2 0.7745, val_pearson 0.8809, lr 9.00e-05 ---
2026-09-30 20:46:37,462 - INFO - 
****************************************************************************************************
2026-09-30 20:46:38,818 - INFO - --- training epoch 78, loss 9.8456, mae 10.3323, rmse 14.4164, time elapsed(min) 0.01---
2026-09-30 20:46:39,038 - INFO - --- validation at epoch 78, val_loss 9.0743, val_mae 9.6390, val_rmse 13.0502, val_r2 0.7711, val_pearson 0.8785, lr 9.00e-05 ---
2026-09-30 20:46:39,038 - INFO - 
****************************************************************************************************
2026-09-30 20:46:40,606 - INFO - --- training epoch 79, loss 10.1133, mae 10.5988, rmse 14.8365, time elapsed(min) 0.02---
2026-09-30 20:46:40,841 - INFO - --- validation at epoch 79, val_loss 9.0859, val_mae 9.6705, val_rmse 13.1403, val_r2 0.7680, val_pearson 0.8785, lr 9.00e-05 ---
2026-09-30 20:46:40,841 - INFO - 
****************************************************************************************************
2026-09-30 20:46:42,496 - INFO - --- training epoch 80, loss 9.8405, mae 10.3262, rmse 14.4168, time elapsed(min) 0.02---
2026-09-30 20:46:42,722 - INFO - --- validation at epoch 80, val_loss 9.0803, val_mae 9.5357, val_rmse 13.0021, val_r2 0.7728, val_pearson 0.8812, lr 9.00e-05 ---
2026-09-30 20:46:42,722 - INFO - 
****************************************************************************************************
2026-09-30 20:46:44,449 - INFO - --- training epoch 81, loss 9.7425, mae 10.2311, rmse 14.3173, time elapsed(min) 0.02---
2026-09-30 20:46:44,687 - INFO - --- validation at epoch 81, val_loss 9.3662, val_mae 9.5690, val_rmse 13.2232, val_r2 0.7650, val_pearson 0.8785, lr 9.00e-05 ---
2026-09-30 20:46:44,687 - INFO - 
****************************************************************************************************
2026-09-30 20:46:46,610 - INFO - --- training epoch 82, loss 9.8411, mae 10.3265, rmse 14.3726, time elapsed(min) 0.02---
2026-09-30 20:46:46,876 - INFO - --- validation at epoch 82, val_loss 9.1416, val_mae 9.4305, val_rmse 12.9307, val_r2 0.7753, val_pearson 0.8814, lr 9.00e-05 ---
2026-09-30 20:46:46,876 - INFO - 
****************************************************************************************************
2026-09-30 20:46:48,206 - INFO - --- training epoch 83, loss 9.7280, mae 10.2150, rmse 14.2943, time elapsed(min) 0.01---
2026-09-30 20:46:48,462 - INFO - --- validation at epoch 83, val_loss 8.8633, val_mae 9.1898, val_rmse 12.7455, val_r2 0.7817, val_pearson 0.8846, lr 9.00e-05 ---
2026-09-30 20:46:48,462 - INFO - 
****************************************************************************************************
2026-09-30 20:46:49,865 - INFO - --- training epoch 84, loss 9.7587, mae 10.2457, rmse 14.3273, time elapsed(min) 0.02---
2026-09-30 20:46:50,091 - INFO - --- validation at epoch 84, val_loss 8.9107, val_mae 9.2548, val_rmse 12.8093, val_r2 0.7795, val_pearson 0.8831, lr 2.70e-05 ---
2026-09-30 20:46:50,091 - INFO - 
****************************************************************************************************
2026-09-30 20:46:51,984 - INFO - --- training epoch 85, loss 9.5564, mae 10.0412, rmse 14.1398, time elapsed(min) 0.02---
2026-09-30 20:46:52,213 - INFO - --- validation at epoch 85, val_loss 8.8941, val_mae 9.2326, val_rmse 12.7838, val_r2 0.7804, val_pearson 0.8836, lr 2.70e-05 ---
2026-09-30 20:46:52,213 - INFO - 
****************************************************************************************************
2026-09-30 20:46:53,969 - INFO - --- training epoch 86, loss 9.6945, mae 10.1812, rmse 14.3422, time elapsed(min) 0.02---
2026-09-30 20:46:54,217 - INFO - --- validation at epoch 86, val_loss 8.8538, val_mae 9.1980, val_rmse 12.7450, val_r2 0.7817, val_pearson 0.8843, lr 2.70e-05 ---
2026-09-30 20:46:54,217 - INFO - 
****************************************************************************************************
2026-09-30 20:46:56,177 - INFO - --- training epoch 87, loss 9.6001, mae 10.0840, rmse 14.2490, time elapsed(min) 0.02---
2026-09-30 20:46:56,403 - INFO - --- validation at epoch 87, val_loss 8.8665, val_mae 9.1991, val_rmse 12.7235, val_r2 0.7825, val_pearson 0.8848, lr 2.70e-05 ---
2026-09-30 20:46:56,403 - INFO - 
****************************************************************************************************
2026-09-30 20:46:57,794 - INFO - --- training epoch 88, loss 9.6060, mae 10.0927, rmse 14.2235, time elapsed(min) 0.02---
2026-09-30 20:46:58,001 - INFO - --- validation at epoch 88, val_loss 8.8804, val_mae 9.1538, val_rmse 12.7192, val_r2 0.7826, val_pearson 0.8856, lr 2.70e-05 ---
2026-09-30 20:46:58,001 - INFO - 
****************************************************************************************************
2026-09-30 20:46:59,357 - INFO - --- training epoch 89, loss 9.7219, mae 10.2075, rmse 14.3501, time elapsed(min) 0.01---
2026-09-30 20:46:59,623 - INFO - --- validation at epoch 89, val_loss 8.8366, val_mae 9.1563, val_rmse 12.6774, val_r2 0.7840, val_pearson 0.8857, lr 2.70e-05 ---
2026-09-30 20:46:59,624 - INFO - 
****************************************************************************************************
2026-09-30 20:47:01,373 - INFO - --- training epoch 90, loss 9.6246, mae 10.1104, rmse 14.2741, time elapsed(min) 0.02---
2026-09-30 20:47:01,657 - INFO - --- validation at epoch 90, val_loss 8.8729, val_mae 9.1235, val_rmse 12.5945, val_r2 0.7868, val_pearson 0.8872, lr 2.70e-05 ---
2026-09-30 20:47:01,657 - INFO - 
****************************************************************************************************
2026-09-30 20:47:03,420 - INFO - --- training epoch 91, loss 9.5620, mae 10.0466, rmse 14.2043, time elapsed(min) 0.02---
2026-09-30 20:47:03,636 - INFO - --- validation at epoch 91, val_loss 8.8431, val_mae 9.1396, val_rmse 12.6368, val_r2 0.7854, val_pearson 0.8866, lr 2.70e-05 ---
2026-09-30 20:47:03,636 - INFO - 
****************************************************************************************************
2026-09-30 20:47:05,616 - INFO - --- training epoch 92, loss 9.5516, mae 10.0362, rmse 14.1544, time elapsed(min) 0.03---
2026-09-30 20:47:05,839 - INFO - --- validation at epoch 92, val_loss 8.8697, val_mae 9.1426, val_rmse 12.6449, val_r2 0.7851, val_pearson 0.8865, lr 2.70e-05 ---
2026-09-30 20:47:05,839 - INFO - 
****************************************************************************************************
2026-09-30 20:47:07,187 - INFO - --- training epoch 93, loss 9.5007, mae 9.9857, rmse 14.1712, time elapsed(min) 0.01---
2026-09-30 20:47:07,426 - INFO - --- validation at epoch 93, val_loss 8.8184, val_mae 9.1255, val_rmse 12.6257, val_r2 0.7858, val_pearson 0.8869, lr 2.70e-05 ---
2026-09-30 20:47:07,426 - INFO - 
****************************************************************************************************
2026-09-30 20:47:08,792 - INFO - --- training epoch 94, loss 9.4930, mae 9.9784, rmse 14.0747, time elapsed(min) 0.02---
2026-09-30 20:47:09,014 - INFO - --- validation at epoch 94, val_loss 8.7161, val_mae 9.0607, val_rmse 12.5639, val_r2 0.7879, val_pearson 0.8878, lr 2.70e-05 ---
2026-09-30 20:47:09,015 - INFO - 
****************************************************************************************************
2026-09-30 20:47:10,687 - INFO - --- training epoch 95, loss 9.5869, mae 10.0718, rmse 14.0973, time elapsed(min) 0.02---
2026-09-30 20:47:10,911 - INFO - --- validation at epoch 95, val_loss 8.7286, val_mae 9.0762, val_rmse 12.5806, val_r2 0.7873, val_pearson 0.8874, lr 8.10e-06 ---
2026-09-30 20:47:10,912 - INFO - 
****************************************************************************************************
2026-09-30 20:47:12,645 - INFO - --- training epoch 96, loss 9.6079, mae 10.0951, rmse 14.3003, time elapsed(min) 0.02---
2026-09-30 20:47:12,859 - INFO - --- validation at epoch 96, val_loss 8.7381, val_mae 9.0777, val_rmse 12.5809, val_r2 0.7873, val_pearson 0.8875, lr 8.10e-06 ---
2026-09-30 20:47:12,859 - INFO - 
****************************************************************************************************
2026-09-30 20:47:14,565 - INFO - --- training epoch 97, loss 9.4749, mae 9.9586, rmse 14.1358, time elapsed(min) 0.02---
2026-09-30 20:47:15,185 - INFO - --- validation at epoch 97, val_loss 8.7720, val_mae 9.0905, val_rmse 12.5771, val_r2 0.7874, val_pearson 0.8876, lr 8.10e-06 ---
2026-09-30 20:47:15,185 - INFO - 
****************************************************************************************************
2026-09-30 20:47:16,787 - INFO - --- training epoch 98, loss 9.6633, mae 10.1497, rmse 14.3009, time elapsed(min) 0.02---
2026-09-30 20:47:17,017 - INFO - --- validation at epoch 98, val_loss 8.7683, val_mae 9.1156, val_rmse 12.5919, val_r2 0.7869, val_pearson 0.8872, lr 8.10e-06 ---
2026-09-30 20:47:17,017 - INFO - 
****************************************************************************************************
2026-09-30 20:47:18,375 - INFO - --- training epoch 99, loss 9.6163, mae 10.1015, rmse 14.2180, time elapsed(min) 0.02---
2026-09-30 20:47:18,602 - INFO - --- validation at epoch 99, val_loss 8.7576, val_mae 9.1433, val_rmse 12.6185, val_r2 0.7860, val_pearson 0.8868, lr 8.10e-06 ---
2026-09-30 20:47:18,602 - INFO - 
****************************************************************************************************
2026-09-30 20:47:20,182 - INFO - --- training epoch 100, loss 9.4451, mae 9.9298, rmse 14.0470, time elapsed(min) 0.02---
2026-09-30 20:47:20,417 - INFO - --- validation at epoch 100, val_loss 8.7552, val_mae 9.1051, val_rmse 12.5833, val_r2 0.7872, val_pearson 0.8875, lr 8.10e-06 ---
2026-09-30 20:47:20,417 - INFO - 
****************************************************************************************************
2026-09-30 20:47:20,883 - INFO - --- early stopping at epoch 100: val_loss did not improve for 50 epochs ---
2026-09-30 20:47:21,157 - INFO - --- selected checkpoint from epoch 50, val_loss 8.4958, val_mae 9.1181, val_rmse 12.7851
2026-09-30 20:47:21,730 - INFO - -- RESULT
2026-09-30 20:47:21,730 - INFO - --- test size: 1187
2026-09-30 20:47:21,730 - INFO - --- MAE: 9.8314 pp, RMSE: 14.0564 pp, R2: 0.7402, Pearson: 0.8720
2026-09-30 20:47:24,119 - INFO - --- Buchwald-Hartwig | fullcv01_split70 | current_model: test R2 0.7402 MAE 9.8314 RMSE 14.0564 | 189.6s (1.9s/epoch)
2026-09-30 20:47:24,125 - INFO - --- Buchwald-Hartwig | fullcv01_split70 | approach 3 (comb/linear) (comb/linear)
