2026-10-01 11:50:39,847 - INFO - device is	cuda:0
2026-10-01 11:50:39,930 - INFO - -- CONFIGURATIONS
2026-10-01 11:50:39,930 - INFO - --- train/valid/test: 2491/277/1187
2026-10-01 11:50:39,930 - INFO - --- max no. reactants_train, valid, test respectively: 6, 6, 6
2026-10-01 11:50:39,930 - INFO - --- max no. products_train, valid, test respectively: 1, 1, 1
2026-10-01 11:50:39,930 - INFO - --- model_path: ../logs/approach1_server/approach_2/bh/runs/fullcv08_split70/model.pt
2026-10-01 11:50:39,938 - INFO - -- TRAINING
2026-10-01 11:50:40,673 - INFO - --- training epoch 0, loss 25.2222, mae 25.7183, rmse 32.1585, time elapsed(min) 0.01---
2026-10-01 11:50:40,827 - INFO - --- validation at epoch 0, val_loss 24.1912, val_mae 25.7973, val_rmse 32.4913, val_r2 -0.2902, val_pearson -0.2501, lr 1.00e-03 ---
2026-10-01 11:50:40,827 - INFO - 
****************************************************************************************************
2026-10-01 11:50:41,892 - INFO - --- training epoch 1, loss 22.7855, mae 23.2821, rmse 28.3925, time elapsed(min) 0.01---
2026-10-01 11:50:42,042 - INFO - --- validation at epoch 1, val_loss 22.2884, val_mae 24.1879, val_rmse 28.9231, val_r2 -0.0224, val_pearson 0.2226, lr 1.00e-03 ---
2026-10-01 11:50:42,042 - INFO - 
****************************************************************************************************
2026-10-01 11:50:43,239 - INFO - --- training epoch 2, loss 22.1956, mae 22.6912, rmse 27.3019, time elapsed(min) 0.01---
2026-10-01 11:50:43,391 - INFO - --- validation at epoch 2, val_loss 20.8590, val_mae 23.0103, val_rmse 27.6223, val_r2 0.0675, val_pearson 0.2788, lr 1.00e-03 ---
2026-10-01 11:50:43,391 - INFO - 
****************************************************************************************************
2026-10-01 11:50:44,242 - INFO - --- training epoch 3, loss 21.9510, mae 22.4468, rmse 27.2300, time elapsed(min) 0.01---
2026-10-01 11:50:44,409 - INFO - --- validation at epoch 3, val_loss 20.7991, val_mae 22.9516, val_rmse 28.0418, val_r2 0.0390, val_pearson 0.2605, lr 1.00e-03 ---
2026-10-01 11:50:44,409 - INFO - 
****************************************************************************************************
2026-10-01 11:50:45,292 - INFO - --- training epoch 4, loss 21.8477, mae 22.3449, rmse 27.1510, time elapsed(min) 0.01---
2026-10-01 11:50:45,445 - INFO - --- validation at epoch 4, val_loss 20.5732, val_mae 22.7859, val_rmse 27.9408, val_r2 0.0459, val_pearson 0.2727, lr 1.00e-03 ---
2026-10-01 11:50:45,445 - INFO - 
****************************************************************************************************
2026-10-01 11:50:46,631 - INFO - --- training epoch 5, loss 21.8177, mae 22.3120, rmse 27.1804, time elapsed(min) 0.01---
2026-10-01 11:50:46,790 - INFO - --- validation at epoch 5, val_loss 20.7239, val_mae 22.9197, val_rmse 28.1874, val_r2 0.0290, val_pearson 0.2752, lr 1.00e-03 ---
2026-10-01 11:50:46,790 - INFO - 
****************************************************************************************************
2026-10-01 11:50:47,762 - INFO - --- training epoch 6, loss 21.7721, mae 22.2669, rmse 27.0761, time elapsed(min) 0.01---
2026-10-01 11:50:47,910 - INFO - --- validation at epoch 6, val_loss 20.5833, val_mae 22.8094, val_rmse 28.1073, val_r2 0.0345, val_pearson 0.2780, lr 1.00e-03 ---
2026-10-01 11:50:47,910 - INFO - 
****************************************************************************************************
2026-10-01 11:50:48,908 - INFO - --- training epoch 7, loss 21.8026, mae 22.2987, rmse 27.1307, time elapsed(min) 0.01---
2026-10-01 11:50:49,061 - INFO - --- validation at epoch 7, val_loss 20.5707, val_mae 22.7878, val_rmse 28.1184, val_r2 0.0337, val_pearson 0.2849, lr 1.00e-03 ---
2026-10-01 11:50:49,061 - INFO - 
****************************************************************************************************
2026-10-01 11:50:50,101 - INFO - --- training epoch 8, loss 21.6638, mae 22.1599, rmse 26.9065, time elapsed(min) 0.01---
2026-10-01 11:50:50,256 - INFO - --- validation at epoch 8, val_loss 20.4502, val_mae 22.5277, val_rmse 27.0489, val_r2 0.1058, val_pearson 0.3340, lr 1.00e-03 ---
2026-10-01 11:50:50,257 - INFO - 
****************************************************************************************************
2026-10-01 11:50:51,179 - INFO - --- training epoch 9, loss 21.6200, mae 22.1146, rmse 26.6375, time elapsed(min) 0.01---
2026-10-01 11:50:51,347 - INFO - --- validation at epoch 9, val_loss 20.2095, val_mae 22.1296, val_rmse 26.4946, val_r2 0.1421, val_pearson 0.4274, lr 1.00e-03 ---
2026-10-01 11:50:51,347 - INFO - 
****************************************************************************************************
2026-10-01 11:50:52,388 - INFO - --- training epoch 10, loss 21.2106, mae 21.7058, rmse 26.1896, time elapsed(min) 0.01---
2026-10-01 11:50:52,533 - INFO - --- validation at epoch 10, val_loss 20.4917, val_mae 22.1779, val_rmse 26.8347, val_r2 0.1199, val_pearson 0.4359, lr 1.00e-03 ---
2026-10-01 11:50:52,533 - INFO - 
****************************************************************************************************
2026-10-01 11:50:53,671 - INFO - --- training epoch 11, loss 21.0546, mae 21.5496, rmse 25.8948, time elapsed(min) 0.01---
2026-10-01 11:50:53,831 - INFO - --- validation at epoch 11, val_loss 20.0096, val_mae 21.6522, val_rmse 25.6154, val_r2 0.1981, val_pearson 0.4653, lr 1.00e-03 ---
2026-10-01 11:50:53,831 - INFO - 
****************************************************************************************************
2026-10-01 11:50:54,939 - INFO - --- training epoch 12, loss 21.2298, mae 21.7245, rmse 26.1996, time elapsed(min) 0.01---
2026-10-01 11:50:55,102 - INFO - --- validation at epoch 12, val_loss 20.2907, val_mae 21.9575, val_rmse 26.2623, val_r2 0.1571, val_pearson 0.4659, lr 1.00e-03 ---
2026-10-01 11:50:55,102 - INFO - 
****************************************************************************************************
2026-10-01 11:50:56,274 - INFO - --- training epoch 13, loss 21.0240, mae 21.5195, rmse 25.8936, time elapsed(min) 0.01---
2026-10-01 11:50:56,424 - INFO - --- validation at epoch 13, val_loss 20.4762, val_mae 22.1517, val_rmse 26.6704, val_r2 0.1307, val_pearson 0.4695, lr 1.00e-03 ---
2026-10-01 11:50:56,424 - INFO - 
****************************************************************************************************
2026-10-01 11:50:57,262 - INFO - --- training epoch 14, loss 20.9303, mae 21.4245, rmse 25.6956, time elapsed(min) 0.01---
2026-10-01 11:50:57,418 - INFO - --- validation at epoch 14, val_loss 20.0000, val_mae 21.6803, val_rmse 25.8238, val_r2 0.1850, val_pearson 0.4761, lr 1.00e-03 ---
2026-10-01 11:50:57,418 - INFO - 
****************************************************************************************************
2026-10-01 11:50:58,292 - INFO - --- training epoch 15, loss 20.9526, mae 21.4473, rmse 25.8804, time elapsed(min) 0.01---
2026-10-01 11:50:58,457 - INFO - --- validation at epoch 15, val_loss 20.2689, val_mae 21.8974, val_rmse 26.2059, val_r2 0.1607, val_pearson 0.4802, lr 1.00e-03 ---
2026-10-01 11:50:58,457 - INFO - 
****************************************************************************************************
2026-10-01 11:50:59,428 - INFO - --- training epoch 16, loss 20.8829, mae 21.3779, rmse 25.7352, time elapsed(min) 0.01---
2026-10-01 11:50:59,587 - INFO - --- validation at epoch 16, val_loss 19.7755, val_mae 21.5191, val_rmse 25.5828, val_r2 0.2001, val_pearson 0.4853, lr 1.00e-03 ---
2026-10-01 11:50:59,587 - INFO - 
****************************************************************************************************
2026-10-01 11:51:00,661 - INFO - --- training epoch 17, loss 20.9487, mae 21.4441, rmse 25.9460, time elapsed(min) 0.01---
2026-10-01 11:51:00,830 - INFO - --- validation at epoch 17, val_loss 20.0104, val_mae 21.6823, val_rmse 26.0093, val_r2 0.1732, val_pearson 0.4833, lr 1.00e-03 ---
2026-10-01 11:51:00,830 - INFO - 
****************************************************************************************************
2026-10-01 11:51:01,852 - INFO - --- training epoch 18, loss 20.8296, mae 21.3257, rmse 25.7664, time elapsed(min) 0.01---
2026-10-01 11:51:02,195 - INFO - --- validation at epoch 18, val_loss 20.0315, val_mae 21.6175, val_rmse 25.9141, val_r2 0.1793, val_pearson 0.4922, lr 1.00e-03 ---
2026-10-01 11:51:02,195 - INFO - 
****************************************************************************************************
2026-10-01 11:51:03,168 - INFO - --- training epoch 19, loss 20.7529, mae 21.2481, rmse 25.6876, time elapsed(min) 0.01---
2026-10-01 11:51:03,320 - INFO - --- validation at epoch 19, val_loss 19.3716, val_mae 21.1421, val_rmse 25.2408, val_r2 0.2214, val_pearson 0.4918, lr 1.00e-03 ---
2026-10-01 11:51:03,320 - INFO - 
****************************************************************************************************
2026-10-01 11:51:04,223 - INFO - --- training epoch 20, loss 20.6503, mae 21.1461, rmse 25.7133, time elapsed(min) 0.01---
2026-10-01 11:51:04,370 - INFO - --- validation at epoch 20, val_loss 19.7503, val_mae 21.4416, val_rmse 25.5345, val_r2 0.2032, val_pearson 0.4908, lr 1.00e-03 ---
2026-10-01 11:51:04,370 - INFO - 
****************************************************************************************************
2026-10-01 11:51:05,230 - INFO - --- training epoch 21, loss 20.8133, mae 21.3094, rmse 26.0123, time elapsed(min) 0.01---
2026-10-01 11:51:05,379 - INFO - --- validation at epoch 21, val_loss 19.4551, val_mae 21.1041, val_rmse 25.1996, val_r2 0.2239, val_pearson 0.4858, lr 1.00e-03 ---
2026-10-01 11:51:05,379 - INFO - 
****************************************************************************************************
2026-10-01 11:51:06,375 - INFO - --- training epoch 22, loss 20.8023, mae 21.2978, rmse 25.7817, time elapsed(min) 0.01---
2026-10-01 11:51:06,530 - INFO - --- validation at epoch 22, val_loss 19.3482, val_mae 21.0913, val_rmse 25.4396, val_r2 0.2091, val_pearson 0.4877, lr 1.00e-03 ---
2026-10-01 11:51:06,530 - INFO - 
****************************************************************************************************
2026-10-01 11:51:07,609 - INFO - --- training epoch 23, loss 20.4356, mae 20.9294, rmse 25.2055, time elapsed(min) 0.01---
2026-10-01 11:51:07,762 - INFO - --- validation at epoch 23, val_loss 18.8229, val_mae 20.6991, val_rmse 25.2843, val_r2 0.2187, val_pearson 0.4886, lr 1.00e-03 ---
2026-10-01 11:51:07,762 - INFO - 
****************************************************************************************************
2026-10-01 11:51:08,994 - INFO - --- training epoch 24, loss 20.4630, mae 20.9582, rmse 25.4808, time elapsed(min) 0.01---
2026-10-01 11:51:09,151 - INFO - --- validation at epoch 24, val_loss 19.0324, val_mae 20.8796, val_rmse 25.0760, val_r2 0.2315, val_pearson 0.5021, lr 1.00e-03 ---
2026-10-01 11:51:09,151 - INFO - 
****************************************************************************************************
2026-10-01 11:51:10,006 - INFO - --- training epoch 25, loss 20.2167, mae 20.7135, rmse 25.4317, time elapsed(min) 0.01---
2026-10-01 11:51:10,146 - INFO - --- validation at epoch 25, val_loss 19.1334, val_mae 20.9213, val_rmse 25.1757, val_r2 0.2254, val_pearson 0.5090, lr 1.00e-03 ---
2026-10-01 11:51:10,146 - INFO - 
****************************************************************************************************
2026-10-01 11:51:11,099 - INFO - --- training epoch 26, loss 20.3055, mae 20.8002, rmse 25.5866, time elapsed(min) 0.01---
2026-10-01 11:51:11,256 - INFO - --- validation at epoch 26, val_loss 19.2910, val_mae 20.9687, val_rmse 25.4776, val_r2 0.2067, val_pearson 0.5049, lr 1.00e-03 ---
2026-10-01 11:51:11,256 - INFO - 
****************************************************************************************************
2026-10-01 11:51:12,282 - INFO - --- training epoch 27, loss 21.1417, mae 21.6368, rmse 26.6535, time elapsed(min) 0.01---
2026-10-01 11:51:12,448 - INFO - --- validation at epoch 27, val_loss 20.2667, val_mae 21.6770, val_rmse 25.6535, val_r2 0.1957, val_pearson 0.4755, lr 1.00e-03 ---
2026-10-01 11:51:12,448 - INFO - 
****************************************************************************************************
2026-10-01 11:51:13,468 - INFO - --- training epoch 28, loss 20.7118, mae 21.2075, rmse 25.4938, time elapsed(min) 0.01---
2026-10-01 11:51:13,633 - INFO - --- validation at epoch 28, val_loss 18.7261, val_mae 20.3805, val_rmse 24.5537, val_r2 0.2632, val_pearson 0.5418, lr 1.00e-03 ---
2026-10-01 11:51:13,633 - INFO - 
****************************************************************************************************
2026-10-01 11:51:14,668 - INFO - --- training epoch 29, loss 20.7402, mae 21.2364, rmse 26.0732, time elapsed(min) 0.01---
2026-10-01 11:51:14,834 - INFO - --- validation at epoch 29, val_loss 20.4356, val_mae 21.8131, val_rmse 25.8389, val_r2 0.1840, val_pearson 0.4517, lr 1.00e-03 ---
2026-10-01 11:51:14,834 - INFO - 
****************************************************************************************************
2026-10-01 11:51:15,673 - INFO - --- training epoch 30, loss 19.9916, mae 20.4868, rmse 24.9149, time elapsed(min) 0.01---
2026-10-01 11:51:15,832 - INFO - --- validation at epoch 30, val_loss 17.9470, val_mae 19.7329, val_rmse 25.0702, val_r2 0.2319, val_pearson 0.5081, lr 1.00e-03 ---
2026-10-01 11:51:15,832 - INFO - 
****************************************************************************************************
2026-10-01 11:51:16,736 - INFO - --- training epoch 31, loss 20.0967, mae 20.5923, rmse 25.7311, time elapsed(min) 0.01---
2026-10-01 11:51:16,892 - INFO - --- validation at epoch 31, val_loss 19.4861, val_mae 20.6729, val_rmse 25.7772, val_r2 0.1879, val_pearson 0.5213, lr 1.00e-03 ---
2026-10-01 11:51:16,892 - INFO - 
****************************************************************************************************
2026-10-01 11:51:17,904 - INFO - --- training epoch 32, loss 21.2139, mae 21.7102, rmse 26.9886, time elapsed(min) 0.01---
2026-10-01 11:51:18,047 - INFO - --- validation at epoch 32, val_loss 22.4816, val_mae 24.0952, val_rmse 28.2609, val_r2 0.0239, val_pearson 0.1553, lr 1.00e-03 ---
2026-10-01 11:51:18,047 - INFO - 
****************************************************************************************************
2026-10-01 11:51:19,194 - INFO - --- training epoch 33, loss 22.2594, mae 22.7568, rmse 27.3059, time elapsed(min) 0.01---
2026-10-01 11:51:19,357 - INFO - --- validation at epoch 33, val_loss 21.6524, val_mae 22.9564, val_rmse 26.7107, val_r2 0.1280, val_pearson 0.3944, lr 1.00e-03 ---
2026-10-01 11:51:19,357 - INFO - 
****************************************************************************************************
2026-10-01 11:51:20,544 - INFO - --- training epoch 34, loss 21.4807, mae 21.9771, rmse 26.4254, time elapsed(min) 0.01---
2026-10-01 11:51:20,702 - INFO - --- validation at epoch 34, val_loss 20.4515, val_mae 21.7792, val_rmse 25.5830, val_r2 0.2001, val_pearson 0.4569, lr 1.00e-03 ---
2026-10-01 11:51:20,702 - INFO - 
****************************************************************************************************
2026-10-01 11:51:21,555 - INFO - --- training epoch 35, loss 20.6395, mae 21.1349, rmse 25.5284, time elapsed(min) 0.01---
2026-10-01 11:51:21,724 - INFO - --- validation at epoch 35, val_loss 19.8048, val_mae 21.3071, val_rmse 25.5060, val_r2 0.2049, val_pearson 0.4769, lr 1.00e-03 ---
2026-10-01 11:51:21,724 - INFO - 
****************************************************************************************************
2026-10-01 11:51:22,710 - INFO - --- training epoch 36, loss 20.6994, mae 21.1959, rmse 25.6562, time elapsed(min) 0.01---
2026-10-01 11:51:22,867 - INFO - --- validation at epoch 36, val_loss 19.2938, val_mae 20.9288, val_rmse 25.2125, val_r2 0.2231, val_pearson 0.4900, lr 1.00e-03 ---
2026-10-01 11:51:22,867 - INFO - 
****************************************************************************************************
2026-10-01 11:51:23,875 - INFO - --- training epoch 37, loss 20.7424, mae 21.2383, rmse 25.8683, time elapsed(min) 0.01---
2026-10-01 11:51:24,026 - INFO - --- validation at epoch 37, val_loss 19.3943, val_mae 20.9800, val_rmse 25.4230, val_r2 0.2101, val_pearson 0.4918, lr 1.00e-03 ---
2026-10-01 11:51:24,026 - INFO - 
****************************************************************************************************
2026-10-01 11:51:25,074 - INFO - --- training epoch 38, loss 20.5827, mae 21.0778, rmse 25.6974, time elapsed(min) 0.01---
2026-10-01 11:51:25,226 - INFO - --- validation at epoch 38, val_loss 19.0958, val_mae 20.8271, val_rmse 25.2570, val_r2 0.2204, val_pearson 0.5108, lr 1.00e-03 ---
2026-10-01 11:51:25,226 - INFO - 
****************************************************************************************************
2026-10-01 11:51:26,212 - INFO - --- training epoch 39, loss 20.3829, mae 20.8782, rmse 25.4847, time elapsed(min) 0.01---
2026-10-01 11:51:26,367 - INFO - --- validation at epoch 39, val_loss 18.9807, val_mae 20.8526, val_rmse 25.0871, val_r2 0.2308, val_pearson 0.5052, lr 1.00e-03 ---
2026-10-01 11:51:26,367 - INFO - 
****************************************************************************************************
2026-10-01 11:51:27,211 - INFO - --- training epoch 40, loss 20.2466, mae 20.7420, rmse 25.4479, time elapsed(min) 0.01---
2026-10-01 11:51:27,370 - INFO - --- validation at epoch 40, val_loss 18.4719, val_mae 20.3625, val_rmse 25.1168, val_r2 0.2290, val_pearson 0.5099, lr 1.00e-03 ---
2026-10-01 11:51:27,370 - INFO - 
****************************************************************************************************
2026-10-01 11:51:27,669 - INFO - --- early stopping at epoch 40: val_loss did not improve for 10 epochs ---
2026-10-01 11:51:27,853 - INFO - --- selected checkpoint from epoch 30, val_loss 17.9470, val_mae 19.7329, val_rmse 25.0702
2026-10-01 11:51:28,224 - INFO - -- RESULT
2026-10-01 11:51:28,224 - INFO - --- test size: 1187
2026-10-01 11:51:28,224 - INFO - --- MAE: 19.6759 pp, RMSE: 24.5658 pp, R2: 0.1704, Pearson: 0.4430
2026-10-01 11:51:28,225 - INFO - --- fullcv08_split70: MAE 19.675936842508293, RMSE 24.565751269599886, R2 0.17037562679861062
2026-10-01 11:51:28,235 - INFO - --- training fullcv09_split70 (npz/bh/fullcv09_split70)
