2026-10-01 12:02:28,624 - INFO - device is	cuda:0
2026-10-01 12:02:28,748 - INFO - -- CONFIGURATIONS
2026-10-01 12:02:28,748 - INFO - --- train/valid/test: 3628/404/1728
2026-10-01 12:02:28,748 - INFO - --- max no. reactants_train, valid, test respectively: 14, 14, 14
2026-10-01 12:02:28,748 - INFO - --- max no. products_train, valid, test respectively: 1, 1, 1
2026-10-01 12:02:28,748 - INFO - --- model_path: ../logs/approach2_grid_suzuki/e400/runs/Suzuki-Miyaura_split_9_approach_3/model.pt
2026-10-01 12:02:28,756 - INFO - -- TRAINING
2026-10-01 12:02:30,300 - INFO - --- training epoch 0, loss 2.3807, mae 2.7748, rmse 6.5845, time elapsed(min) 0.03---
2026-10-01 12:02:30,652 - INFO - --- validation at epoch 0, val_loss 0.0389, val_mae 0.2351, val_rmse 0.2784, val_r2 -0.0463, val_pearson 0.0827, lr 1.00e-03 ---
2026-10-01 12:02:30,653 - INFO - 
****************************************************************************************************
2026-10-01 12:02:32,615 - INFO - --- training epoch 1, loss 0.0459, mae 0.2561, rmse 0.3030, time elapsed(min) 0.03---
2026-10-01 12:02:33,029 - INFO - --- validation at epoch 1, val_loss 0.0388, val_mae 0.2320, val_rmse 0.2784, val_r2 -0.0463, val_pearson 0.1896, lr 1.00e-03 ---
2026-10-01 12:02:33,029 - INFO - 
****************************************************************************************************
2026-10-01 12:02:35,098 - INFO - --- training epoch 2, loss 0.0386, mae 0.2395, rmse 0.2780, time elapsed(min) 0.03---
2026-10-01 12:02:35,328 - INFO - --- validation at epoch 2, val_loss 0.0361, val_mae 0.2293, val_rmse 0.2680, val_r2 0.0298, val_pearson 0.2051, lr 1.00e-03 ---
2026-10-01 12:02:35,328 - INFO - 
****************************************************************************************************
2026-10-01 12:02:37,236 - INFO - --- training epoch 3, loss 0.0380, mae 0.2366, rmse 0.2756, time elapsed(min) 0.03---
2026-10-01 12:02:37,469 - INFO - --- validation at epoch 3, val_loss 0.0356, val_mae 0.2305, val_rmse 0.2657, val_r2 0.0470, val_pearson 0.2172, lr 1.00e-03 ---
2026-10-01 12:02:37,469 - INFO - 
****************************************************************************************************
2026-10-01 12:02:39,333 - INFO - --- training epoch 4, loss 0.0376, mae 0.2349, rmse 0.2743, time elapsed(min) 0.03---
2026-10-01 12:02:39,705 - INFO - --- validation at epoch 4, val_loss 0.0355, val_mae 0.2301, val_rmse 0.2650, val_r2 0.0518, val_pearson 0.2302, lr 1.00e-03 ---
2026-10-01 12:02:39,706 - INFO - 
****************************************************************************************************
2026-10-01 12:02:41,686 - INFO - --- training epoch 5, loss 0.0373, mae 0.2338, rmse 0.2730, time elapsed(min) 0.03---
2026-10-01 12:02:42,109 - INFO - --- validation at epoch 5, val_loss 0.0351, val_mae 0.2273, val_rmse 0.2637, val_r2 0.0613, val_pearson 0.2512, lr 1.00e-03 ---
2026-10-01 12:02:42,109 - INFO - 
****************************************************************************************************
2026-10-01 12:02:44,135 - INFO - --- training epoch 6, loss 0.0369, mae 0.2326, rmse 0.2717, time elapsed(min) 0.03---
2026-10-01 12:02:44,392 - INFO - --- validation at epoch 6, val_loss 0.0352, val_mae 0.2230, val_rmse 0.2647, val_r2 0.0540, val_pearson 0.2940, lr 1.00e-03 ---
2026-10-01 12:02:44,392 - INFO - 
****************************************************************************************************
2026-10-01 12:02:46,182 - INFO - --- training epoch 7, loss 0.0365, mae 0.2303, rmse 0.2700, time elapsed(min) 0.03---
2026-10-01 12:02:46,418 - INFO - --- validation at epoch 7, val_loss 0.0340, val_mae 0.2188, val_rmse 0.2604, val_r2 0.0840, val_pearson 0.3435, lr 1.00e-03 ---
2026-10-01 12:02:46,418 - INFO - 
****************************************************************************************************
2026-10-01 12:02:48,432 - INFO - --- training epoch 8, loss 0.0373, mae 0.2316, rmse 0.2732, time elapsed(min) 0.03---
2026-10-01 12:02:48,835 - INFO - --- validation at epoch 8, val_loss 0.0322, val_mae 0.2188, val_rmse 0.2525, val_r2 0.1394, val_pearson 0.3924, lr 1.00e-03 ---
2026-10-01 12:02:48,835 - INFO - 
****************************************************************************************************
2026-10-01 12:02:50,859 - INFO - --- training epoch 9, loss 0.0354, mae 0.2246, rmse 0.2661, time elapsed(min) 0.03---
2026-10-01 12:02:51,096 - INFO - --- validation at epoch 9, val_loss 0.0303, val_mae 0.2084, val_rmse 0.2455, val_r2 0.1859, val_pearson 0.4699, lr 1.00e-03 ---
2026-10-01 12:02:51,096 - INFO - 
****************************************************************************************************
2026-10-01 12:02:53,066 - INFO - --- training epoch 10, loss 0.0337, mae 0.2175, rmse 0.2594, time elapsed(min) 0.03---
2026-10-01 12:02:53,325 - INFO - --- validation at epoch 10, val_loss 0.0282, val_mae 0.1969, val_rmse 0.2361, val_r2 0.2470, val_pearson 0.5300, lr 1.00e-03 ---
2026-10-01 12:02:53,325 - INFO - 
****************************************************************************************************
2026-10-01 12:02:55,284 - INFO - --- training epoch 11, loss 0.0317, mae 0.2089, rmse 0.2518, time elapsed(min) 0.03---
2026-10-01 12:02:55,674 - INFO - --- validation at epoch 11, val_loss 0.0270, val_mae 0.1923, val_rmse 0.2308, val_r2 0.2809, val_pearson 0.5510, lr 1.00e-03 ---
2026-10-01 12:02:55,674 - INFO - 
****************************************************************************************************
2026-10-01 12:02:57,870 - INFO - --- training epoch 12, loss 0.0304, mae 0.2036, rmse 0.2465, time elapsed(min) 0.03---
2026-10-01 12:02:58,127 - INFO - --- validation at epoch 12, val_loss 0.0253, val_mae 0.1837, val_rmse 0.2230, val_r2 0.3285, val_pearson 0.5905, lr 1.00e-03 ---
2026-10-01 12:02:58,127 - INFO - 
****************************************************************************************************
2026-10-01 12:03:00,072 - INFO - --- training epoch 13, loss 0.0279, mae 0.1944, rmse 0.2363, time elapsed(min) 0.03---
2026-10-01 12:03:00,356 - INFO - --- validation at epoch 13, val_loss 0.0242, val_mae 0.1791, val_rmse 0.2184, val_r2 0.3557, val_pearson 0.6287, lr 1.00e-03 ---
2026-10-01 12:03:00,356 - INFO - 
****************************************************************************************************
2026-10-01 12:03:02,275 - INFO - --- training epoch 14, loss 0.0265, mae 0.1890, rmse 0.2303, time elapsed(min) 0.03---
2026-10-01 12:03:02,655 - INFO - --- validation at epoch 14, val_loss 0.0201, val_mae 0.1596, val_rmse 0.2010, val_r2 0.4544, val_pearson 0.6845, lr 1.00e-03 ---
2026-10-01 12:03:02,655 - INFO - 
****************************************************************************************************
2026-10-01 12:03:04,744 - INFO - --- training epoch 15, loss 0.0231, mae 0.1742, rmse 0.2151, time elapsed(min) 0.03---
2026-10-01 12:03:05,305 - INFO - --- validation at epoch 15, val_loss 0.0189, val_mae 0.1549, val_rmse 0.1960, val_r2 0.4811, val_pearson 0.6966, lr 1.00e-03 ---
2026-10-01 12:03:05,305 - INFO - 
****************************************************************************************************
2026-10-01 12:03:07,286 - INFO - --- training epoch 16, loss 0.0213, mae 0.1651, rmse 0.2065, time elapsed(min) 0.03---
2026-10-01 12:03:07,518 - INFO - --- validation at epoch 16, val_loss 0.0174, val_mae 0.1503, val_rmse 0.1909, val_r2 0.5080, val_pearson 0.7134, lr 1.00e-03 ---
2026-10-01 12:03:07,518 - INFO - 
****************************************************************************************************
2026-10-01 12:03:09,541 - INFO - --- training epoch 17, loss 0.0205, mae 0.1615, rmse 0.2026, time elapsed(min) 0.03---
2026-10-01 12:03:09,776 - INFO - --- validation at epoch 17, val_loss 0.0180, val_mae 0.1536, val_rmse 0.1917, val_r2 0.5036, val_pearson 0.7131, lr 1.00e-03 ---
2026-10-01 12:03:09,776 - INFO - 
****************************************************************************************************
2026-10-01 12:03:11,682 - INFO - --- training epoch 18, loss 0.0202, mae 0.1591, rmse 0.2009, time elapsed(min) 0.03---
2026-10-01 12:03:12,083 - INFO - --- validation at epoch 18, val_loss 0.0187, val_mae 0.1604, val_rmse 0.1953, val_r2 0.4847, val_pearson 0.7125, lr 1.00e-03 ---
2026-10-01 12:03:12,083 - INFO - 
****************************************************************************************************
2026-10-01 12:03:14,016 - INFO - --- training epoch 19, loss 0.0197, mae 0.1576, rmse 0.1983, time elapsed(min) 0.03---
2026-10-01 12:03:14,243 - INFO - --- validation at epoch 19, val_loss 0.0166, val_mae 0.1432, val_rmse 0.1854, val_r2 0.5356, val_pearson 0.7340, lr 1.00e-03 ---
2026-10-01 12:03:14,243 - INFO - 
****************************************************************************************************
2026-10-01 12:03:16,126 - INFO - --- training epoch 20, loss 0.0189, mae 0.1535, rmse 0.1946, time elapsed(min) 0.03---
2026-10-01 12:03:16,358 - INFO - --- validation at epoch 20, val_loss 0.0164, val_mae 0.1451, val_rmse 0.1847, val_r2 0.5392, val_pearson 0.7375, lr 1.00e-03 ---
2026-10-01 12:03:16,358 - INFO - 
****************************************************************************************************
2026-10-01 12:03:18,271 - INFO - --- training epoch 21, loss 0.0185, mae 0.1512, rmse 0.1922, time elapsed(min) 0.03---
2026-10-01 12:03:18,663 - INFO - --- validation at epoch 21, val_loss 0.0164, val_mae 0.1465, val_rmse 0.1852, val_r2 0.5368, val_pearson 0.7357, lr 1.00e-03 ---
2026-10-01 12:03:18,663 - INFO - 
****************************************************************************************************
2026-10-01 12:03:20,714 - INFO - --- training epoch 22, loss 0.0186, mae 0.1513, rmse 0.1928, time elapsed(min) 0.03---
2026-10-01 12:03:20,949 - INFO - --- validation at epoch 22, val_loss 0.0171, val_mae 0.1508, val_rmse 0.1878, val_r2 0.5237, val_pearson 0.7301, lr 1.00e-03 ---
2026-10-01 12:03:20,949 - INFO - 
****************************************************************************************************
2026-10-01 12:03:22,815 - INFO - --- training epoch 23, loss 0.0181, mae 0.1491, rmse 0.1903, time elapsed(min) 0.03---
2026-10-01 12:03:23,041 - INFO - --- validation at epoch 23, val_loss 0.0155, val_mae 0.1408, val_rmse 0.1807, val_r2 0.5592, val_pearson 0.7481, lr 1.00e-03 ---
2026-10-01 12:03:23,041 - INFO - 
****************************************************************************************************
2026-10-01 12:03:24,968 - INFO - --- training epoch 24, loss 0.0181, mae 0.1492, rmse 0.1902, time elapsed(min) 0.03---
2026-10-01 12:03:25,348 - INFO - --- validation at epoch 24, val_loss 0.0171, val_mae 0.1498, val_rmse 0.1871, val_r2 0.5272, val_pearson 0.7380, lr 1.00e-03 ---
2026-10-01 12:03:25,348 - INFO - 
****************************************************************************************************
2026-10-01 12:03:27,407 - INFO - --- training epoch 25, loss 0.0180, mae 0.1487, rmse 0.1898, time elapsed(min) 0.03---
2026-10-01 12:03:27,661 - INFO - --- validation at epoch 25, val_loss 0.0156, val_mae 0.1405, val_rmse 0.1813, val_r2 0.5560, val_pearson 0.7581, lr 1.00e-03 ---
2026-10-01 12:03:27,662 - INFO - 
****************************************************************************************************
2026-10-01 12:03:29,530 - INFO - --- training epoch 26, loss 0.0180, mae 0.1481, rmse 0.1900, time elapsed(min) 0.03---
2026-10-01 12:03:29,758 - INFO - --- validation at epoch 26, val_loss 0.0161, val_mae 0.1424, val_rmse 0.1826, val_r2 0.5499, val_pearson 0.7457, lr 1.00e-03 ---
2026-10-01 12:03:29,758 - INFO - 
****************************************************************************************************
2026-10-01 12:03:31,585 - INFO - --- training epoch 27, loss 0.0177, mae 0.1469, rmse 0.1879, time elapsed(min) 0.03---
2026-10-01 12:03:31,961 - INFO - --- validation at epoch 27, val_loss 0.0160, val_mae 0.1399, val_rmse 0.1825, val_r2 0.5505, val_pearson 0.7639, lr 1.00e-03 ---
2026-10-01 12:03:31,961 - INFO - 
****************************************************************************************************
2026-10-01 12:03:33,927 - INFO - --- training epoch 28, loss 0.0179, mae 0.1474, rmse 0.1893, time elapsed(min) 0.03---
2026-10-01 12:03:34,461 - INFO - --- validation at epoch 28, val_loss 0.0153, val_mae 0.1380, val_rmse 0.1786, val_r2 0.5695, val_pearson 0.7614, lr 1.00e-03 ---
2026-10-01 12:03:34,461 - INFO - 
****************************************************************************************************
2026-10-01 12:03:36,416 - INFO - --- training epoch 29, loss 0.0174, mae 0.1455, rmse 0.1863, time elapsed(min) 0.03---
2026-10-01 12:03:36,655 - INFO - --- validation at epoch 29, val_loss 0.0152, val_mae 0.1345, val_rmse 0.1771, val_r2 0.5765, val_pearson 0.7618, lr 1.00e-03 ---
2026-10-01 12:03:36,655 - INFO - 
****************************************************************************************************
2026-10-01 12:03:38,561 - INFO - --- training epoch 30, loss 0.0166, mae 0.1419, rmse 0.1820, time elapsed(min) 0.03---
2026-10-01 12:03:38,962 - INFO - --- validation at epoch 30, val_loss 0.0151, val_mae 0.1350, val_rmse 0.1770, val_r2 0.5770, val_pearson 0.7678, lr 1.00e-03 ---
2026-10-01 12:03:38,962 - INFO - 
****************************************************************************************************
2026-10-01 12:03:41,052 - INFO - --- training epoch 31, loss 0.0161, mae 0.1398, rmse 0.1796, time elapsed(min) 0.03---
2026-10-01 12:03:41,442 - INFO - --- validation at epoch 31, val_loss 0.0151, val_mae 0.1363, val_rmse 0.1763, val_r2 0.5805, val_pearson 0.7660, lr 1.00e-03 ---
2026-10-01 12:03:41,442 - INFO - 
****************************************************************************************************
2026-10-01 12:03:43,463 - INFO - --- training epoch 32, loss 0.0162, mae 0.1406, rmse 0.1801, time elapsed(min) 0.03---
2026-10-01 12:03:43,686 - INFO - --- validation at epoch 32, val_loss 0.0149, val_mae 0.1349, val_rmse 0.1764, val_r2 0.5799, val_pearson 0.7705, lr 1.00e-03 ---
2026-10-01 12:03:43,686 - INFO - 
****************************************************************************************************
2026-10-01 12:03:45,588 - INFO - --- training epoch 33, loss 0.0173, mae 0.1454, rmse 0.1862, time elapsed(min) 0.03---
2026-10-01 12:03:45,818 - INFO - --- validation at epoch 33, val_loss 0.0148, val_mae 0.1374, val_rmse 0.1760, val_r2 0.5818, val_pearson 0.7643, lr 1.00e-03 ---
2026-10-01 12:03:45,818 - INFO - 
****************************************************************************************************
2026-10-01 12:03:47,779 - INFO - --- training epoch 34, loss 0.0157, mae 0.1380, rmse 0.1774, time elapsed(min) 0.03---
2026-10-01 12:03:48,189 - INFO - --- validation at epoch 34, val_loss 0.0145, val_mae 0.1280, val_rmse 0.1730, val_r2 0.5957, val_pearson 0.7764, lr 1.00e-03 ---
2026-10-01 12:03:48,189 - INFO - 
****************************************************************************************************
2026-10-01 12:03:50,297 - INFO - --- training epoch 35, loss 0.0166, mae 0.1418, rmse 0.1821, time elapsed(min) 0.03---
2026-10-01 12:03:50,538 - INFO - --- validation at epoch 35, val_loss 0.0162, val_mae 0.1462, val_rmse 0.1824, val_r2 0.5505, val_pearson 0.7541, lr 1.00e-03 ---
2026-10-01 12:03:50,539 - INFO - 
****************************************************************************************************
2026-10-01 12:03:52,382 - INFO - --- training epoch 36, loss 0.0164, mae 0.1406, rmse 0.1810, time elapsed(min) 0.03---
2026-10-01 12:03:52,614 - INFO - --- validation at epoch 36, val_loss 0.0146, val_mae 0.1318, val_rmse 0.1730, val_r2 0.5959, val_pearson 0.7721, lr 1.00e-03 ---
2026-10-01 12:03:52,614 - INFO - 
****************************************************************************************************
2026-10-01 12:03:54,468 - INFO - --- training epoch 37, loss 0.0164, mae 0.1417, rmse 0.1814, time elapsed(min) 0.03---
2026-10-01 12:03:54,835 - INFO - --- validation at epoch 37, val_loss 0.0159, val_mae 0.1466, val_rmse 0.1795, val_r2 0.5648, val_pearson 0.7660, lr 1.00e-03 ---
2026-10-01 12:03:54,835 - INFO - 
****************************************************************************************************
2026-10-01 12:03:56,903 - INFO - --- training epoch 38, loss 0.0149, mae 0.1334, rmse 0.1724, time elapsed(min) 0.03---
2026-10-01 12:03:57,130 - INFO - --- validation at epoch 38, val_loss 0.0137, val_mae 0.1247, val_rmse 0.1668, val_r2 0.6245, val_pearson 0.7911, lr 1.00e-03 ---
2026-10-01 12:03:57,130 - INFO - 
****************************************************************************************************
2026-10-01 12:03:59,043 - INFO - --- training epoch 39, loss 0.0146, mae 0.1322, rmse 0.1706, time elapsed(min) 0.03---
2026-10-01 12:03:59,277 - INFO - --- validation at epoch 39, val_loss 0.0142, val_mae 0.1303, val_rmse 0.1723, val_r2 0.5991, val_pearson 0.7858, lr 1.00e-03 ---
2026-10-01 12:03:59,277 - INFO - 
****************************************************************************************************
2026-10-01 12:04:01,200 - INFO - --- training epoch 40, loss 0.0139, mae 0.1283, rmse 0.1667, time elapsed(min) 0.03---
2026-10-01 12:04:01,429 - INFO - --- validation at epoch 40, val_loss 0.0142, val_mae 0.1323, val_rmse 0.1701, val_r2 0.6093, val_pearson 0.7829, lr 1.00e-03 ---
2026-10-01 12:04:01,429 - INFO - 
****************************************************************************************************
2026-10-01 12:04:03,447 - INFO - --- training epoch 41, loss 0.0170, mae 0.1437, rmse 0.1845, time elapsed(min) 0.03---
2026-10-01 12:04:03,874 - INFO - --- validation at epoch 41, val_loss 0.0186, val_mae 0.1556, val_rmse 0.1916, val_r2 0.5044, val_pearson 0.7768, lr 1.00e-03 ---
2026-10-01 12:04:03,874 - INFO - 
****************************************************************************************************
2026-10-01 12:04:05,918 - INFO - --- training epoch 42, loss 0.0151, mae 0.1348, rmse 0.1738, time elapsed(min) 0.03---
2026-10-01 12:04:06,148 - INFO - --- validation at epoch 42, val_loss 0.0139, val_mae 0.1306, val_rmse 0.1696, val_r2 0.6118, val_pearson 0.7824, lr 1.00e-03 ---
2026-10-01 12:04:06,148 - INFO - 
****************************************************************************************************
2026-10-01 12:04:08,031 - INFO - --- training epoch 43, loss 0.0134, mae 0.1251, rmse 0.1638, time elapsed(min) 0.03---
2026-10-01 12:04:08,266 - INFO - --- validation at epoch 43, val_loss 0.0141, val_mae 0.1267, val_rmse 0.1661, val_r2 0.6275, val_pearson 0.7922, lr 1.00e-03 ---
2026-10-01 12:04:08,267 - INFO - 
****************************************************************************************************
2026-10-01 12:04:10,236 - INFO - --- training epoch 44, loss 0.0131, mae 0.1236, rmse 0.1616, time elapsed(min) 0.03---
2026-10-01 12:04:10,613 - INFO - --- validation at epoch 44, val_loss 0.0122, val_mae 0.1168, val_rmse 0.1578, val_r2 0.6638, val_pearson 0.8150, lr 1.00e-03 ---
2026-10-01 12:04:10,613 - INFO - 
****************************************************************************************************
2026-10-01 12:04:12,764 - INFO - --- training epoch 45, loss 0.0170, mae 0.1436, rmse 0.1845, time elapsed(min) 0.03---
2026-10-01 12:04:13,029 - INFO - --- validation at epoch 45, val_loss 0.0182, val_mae 0.1472, val_rmse 0.1911, val_r2 0.5068, val_pearson 0.7495, lr 1.00e-03 ---
2026-10-01 12:04:13,029 - INFO - 
****************************************************************************************************
2026-10-01 12:04:14,936 - INFO - --- training epoch 46, loss 0.0152, mae 0.1349, rmse 0.1743, time elapsed(min) 0.03---
2026-10-01 12:04:15,167 - INFO - --- validation at epoch 46, val_loss 0.0141, val_mae 0.1266, val_rmse 0.1691, val_r2 0.6138, val_pearson 0.7930, lr 1.00e-03 ---
2026-10-01 12:04:15,167 - INFO - 
****************************************************************************************************
2026-10-01 12:04:17,071 - INFO - --- training epoch 47, loss 0.0138, mae 0.1280, rmse 0.1663, time elapsed(min) 0.03---
2026-10-01 12:04:17,452 - INFO - --- validation at epoch 47, val_loss 0.0131, val_mae 0.1201, val_rmse 0.1621, val_r2 0.6450, val_pearson 0.8034, lr 1.00e-03 ---
2026-10-01 12:04:17,452 - INFO - 
****************************************************************************************************
2026-10-01 12:04:19,484 - INFO - --- training epoch 48, loss 0.0131, mae 0.1240, rmse 0.1617, time elapsed(min) 0.03---
2026-10-01 12:04:19,719 - INFO - --- validation at epoch 48, val_loss 0.0138, val_mae 0.1278, val_rmse 0.1664, val_r2 0.6262, val_pearson 0.7936, lr 1.00e-03 ---
2026-10-01 12:04:19,719 - INFO - 
****************************************************************************************************
2026-10-01 12:04:21,557 - INFO - --- training epoch 49, loss 0.0127, mae 0.1217, rmse 0.1592, time elapsed(min) 0.03---
2026-10-01 12:04:21,793 - INFO - --- validation at epoch 49, val_loss 0.0128, val_mae 0.1222, val_rmse 0.1621, val_r2 0.6451, val_pearson 0.8075, lr 1.00e-03 ---
2026-10-01 12:04:21,793 - INFO - 
****************************************************************************************************
2026-10-01 12:04:23,676 - INFO - --- training epoch 50, loss 0.0122, mae 0.1198, rmse 0.1560, time elapsed(min) 0.03---
2026-10-01 12:04:23,917 - INFO - --- validation at epoch 50, val_loss 0.0135, val_mae 0.1245, val_rmse 0.1606, val_r2 0.6516, val_pearson 0.8161, lr 1.00e-03 ---
2026-10-01 12:04:23,917 - INFO - 
****************************************************************************************************
2026-10-01 12:04:25,745 - INFO - --- training epoch 51, loss 0.0120, mae 0.1180, rmse 0.1550, time elapsed(min) 0.03---
2026-10-01 12:04:26,143 - INFO - --- validation at epoch 51, val_loss 0.0150, val_mae 0.1369, val_rmse 0.1726, val_r2 0.5979, val_pearson 0.7944, lr 1.00e-03 ---
2026-10-01 12:04:26,143 - INFO - 
****************************************************************************************************
2026-10-01 12:04:28,096 - INFO - --- training epoch 52, loss 0.0124, mae 0.1209, rmse 0.1578, time elapsed(min) 0.03---
2026-10-01 12:04:28,332 - INFO - --- validation at epoch 52, val_loss 0.0131, val_mae 0.1226, val_rmse 0.1614, val_r2 0.6482, val_pearson 0.8092, lr 1.00e-03 ---
2026-10-01 12:04:28,333 - INFO - 
****************************************************************************************************
2026-10-01 12:04:30,235 - INFO - --- training epoch 53, loss 0.0123, mae 0.1197, rmse 0.1571, time elapsed(min) 0.03---
2026-10-01 12:04:30,472 - INFO - --- validation at epoch 53, val_loss 0.0114, val_mae 0.1119, val_rmse 0.1528, val_r2 0.6848, val_pearson 0.8308, lr 1.00e-03 ---
2026-10-01 12:04:30,472 - INFO - 
****************************************************************************************************
2026-10-01 12:04:32,429 - INFO - --- training epoch 54, loss 0.0126, mae 0.1213, rmse 0.1585, time elapsed(min) 0.03---
2026-10-01 12:04:32,806 - INFO - --- validation at epoch 54, val_loss 0.0126, val_mae 0.1212, val_rmse 0.1625, val_r2 0.6432, val_pearson 0.8271, lr 1.00e-03 ---
2026-10-01 12:04:32,806 - INFO - 
****************************************************************************************************
2026-10-01 12:04:34,852 - INFO - --- training epoch 55, loss 0.0125, mae 0.1215, rmse 0.1584, time elapsed(min) 0.03---
2026-10-01 12:04:35,079 - INFO - --- validation at epoch 55, val_loss 0.0116, val_mae 0.1129, val_rmse 0.1523, val_r2 0.6867, val_pearson 0.8327, lr 1.00e-03 ---
2026-10-01 12:04:35,079 - INFO - 
****************************************************************************************************
2026-10-01 12:04:36,894 - INFO - --- training epoch 56, loss 0.0118, mae 0.1187, rmse 0.1539, time elapsed(min) 0.03---
2026-10-01 12:04:37,126 - INFO - --- validation at epoch 56, val_loss 0.0111, val_mae 0.1120, val_rmse 0.1496, val_r2 0.6979, val_pearson 0.8436, lr 1.00e-03 ---
2026-10-01 12:04:37,126 - INFO - 
****************************************************************************************************
2026-10-01 12:04:39,101 - INFO - --- training epoch 57, loss 0.0121, mae 0.1196, rmse 0.1554, time elapsed(min) 0.03---
2026-10-01 12:04:39,478 - INFO - --- validation at epoch 57, val_loss 0.0111, val_mae 0.1131, val_rmse 0.1493, val_r2 0.6992, val_pearson 0.8439, lr 1.00e-03 ---
2026-10-01 12:04:39,478 - INFO - 
****************************************************************************************************
2026-10-01 12:04:41,387 - INFO - --- training epoch 58, loss 0.0111, mae 0.1131, rmse 0.1488, time elapsed(min) 0.03---
2026-10-01 12:04:41,911 - INFO - --- validation at epoch 58, val_loss 0.0107, val_mae 0.1117, val_rmse 0.1466, val_r2 0.7099, val_pearson 0.8431, lr 1.00e-03 ---
2026-10-01 12:04:41,912 - INFO - 
****************************************************************************************************
2026-10-01 12:04:43,782 - INFO - --- training epoch 59, loss 0.0110, mae 0.1132, rmse 0.1480, time elapsed(min) 0.03---
2026-10-01 12:04:44,027 - INFO - --- validation at epoch 59, val_loss 0.0109, val_mae 0.1118, val_rmse 0.1507, val_r2 0.6931, val_pearson 0.8396, lr 1.00e-03 ---
2026-10-01 12:04:44,027 - INFO - 
****************************************************************************************************
2026-10-01 12:04:45,818 - INFO - --- training epoch 60, loss 0.0110, mae 0.1128, rmse 0.1482, time elapsed(min) 0.03---
2026-10-01 12:04:46,049 - INFO - --- validation at epoch 60, val_loss 0.0108, val_mae 0.1093, val_rmse 0.1475, val_r2 0.7064, val_pearson 0.8417, lr 1.00e-03 ---
2026-10-01 12:04:46,049 - INFO - 
****************************************************************************************************
2026-10-01 12:04:47,972 - INFO - --- training epoch 61, loss 0.0108, mae 0.1120, rmse 0.1468, time elapsed(min) 0.03---
2026-10-01 12:04:48,388 - INFO - --- validation at epoch 61, val_loss 0.0111, val_mae 0.1128, val_rmse 0.1484, val_r2 0.7026, val_pearson 0.8402, lr 1.00e-03 ---
2026-10-01 12:04:48,389 - INFO - 
****************************************************************************************************
2026-10-01 12:04:50,304 - INFO - --- training epoch 62, loss 0.0103, mae 0.1090, rmse 0.1433, time elapsed(min) 0.03---
2026-10-01 12:04:50,534 - INFO - --- validation at epoch 62, val_loss 0.0116, val_mae 0.1150, val_rmse 0.1513, val_r2 0.6911, val_pearson 0.8340, lr 1.00e-03 ---
2026-10-01 12:04:50,534 - INFO - 
****************************************************************************************************
2026-10-01 12:04:52,380 - INFO - --- training epoch 63, loss 0.0102, mae 0.1095, rmse 0.1432, time elapsed(min) 0.03---
2026-10-01 12:04:52,620 - INFO - --- validation at epoch 63, val_loss 0.0109, val_mae 0.1121, val_rmse 0.1489, val_r2 0.7006, val_pearson 0.8377, lr 1.00e-03 ---
2026-10-01 12:04:52,620 - INFO - 
****************************************************************************************************
2026-10-01 12:04:54,580 - INFO - --- training epoch 64, loss 0.0105, mae 0.1100, rmse 0.1450, time elapsed(min) 0.03---
2026-10-01 12:04:54,957 - INFO - --- validation at epoch 64, val_loss 0.0113, val_mae 0.1130, val_rmse 0.1501, val_r2 0.6957, val_pearson 0.8360, lr 1.00e-03 ---
2026-10-01 12:04:54,957 - INFO - 
****************************************************************************************************
2026-10-01 12:04:56,987 - INFO - --- training epoch 65, loss 0.0104, mae 0.1097, rmse 0.1442, time elapsed(min) 0.03---
2026-10-01 12:04:57,219 - INFO - --- validation at epoch 65, val_loss 0.0107, val_mae 0.1080, val_rmse 0.1471, val_r2 0.7079, val_pearson 0.8499, lr 1.00e-03 ---
2026-10-01 12:04:57,219 - INFO - 
****************************************************************************************************
2026-10-01 12:04:59,134 - INFO - --- training epoch 66, loss 0.0104, mae 0.1095, rmse 0.1439, time elapsed(min) 0.03---
2026-10-01 12:04:59,364 - INFO - --- validation at epoch 66, val_loss 0.0105, val_mae 0.1084, val_rmse 0.1471, val_r2 0.7078, val_pearson 0.8482, lr 1.00e-03 ---
2026-10-01 12:04:59,364 - INFO - 
****************************************************************************************************
2026-10-01 12:05:01,385 - INFO - --- training epoch 67, loss 0.0100, mae 0.1072, rmse 0.1414, time elapsed(min) 0.03---
2026-10-01 12:05:01,760 - INFO - --- validation at epoch 67, val_loss 0.0102, val_mae 0.1051, val_rmse 0.1436, val_r2 0.7214, val_pearson 0.8548, lr 1.00e-03 ---
2026-10-01 12:05:01,760 - INFO - 
****************************************************************************************************
2026-10-01 12:05:03,841 - INFO - --- training epoch 68, loss 0.0098, mae 0.1060, rmse 0.1400, time elapsed(min) 0.03---
2026-10-01 12:05:04,268 - INFO - --- validation at epoch 68, val_loss 0.0104, val_mae 0.1057, val_rmse 0.1448, val_r2 0.7170, val_pearson 0.8494, lr 1.00e-03 ---
2026-10-01 12:05:04,268 - INFO - 
****************************************************************************************************
2026-10-01 12:05:06,226 - INFO - --- training epoch 69, loss 0.0100, mae 0.1069, rmse 0.1413, time elapsed(min) 0.03---
2026-10-01 12:05:06,466 - INFO - --- validation at epoch 69, val_loss 0.0110, val_mae 0.1107, val_rmse 0.1499, val_r2 0.6965, val_pearson 0.8417, lr 1.00e-03 ---
2026-10-01 12:05:06,466 - INFO - 
****************************************************************************************************
2026-10-01 12:05:08,300 - INFO - --- training epoch 70, loss 0.0103, mae 0.1088, rmse 0.1434, time elapsed(min) 0.03---
2026-10-01 12:05:08,534 - INFO - --- validation at epoch 70, val_loss 0.0110, val_mae 0.1121, val_rmse 0.1497, val_r2 0.6974, val_pearson 0.8352, lr 1.00e-03 ---
2026-10-01 12:05:08,534 - INFO - 
****************************************************************************************************
2026-10-01 12:05:10,578 - INFO - --- training epoch 71, loss 0.0095, mae 0.1046, rmse 0.1379, time elapsed(min) 0.03---
2026-10-01 12:05:10,997 - INFO - --- validation at epoch 71, val_loss 0.0108, val_mae 0.1093, val_rmse 0.1461, val_r2 0.7116, val_pearson 0.8457, lr 1.00e-03 ---
2026-10-01 12:05:10,998 - INFO - 
****************************************************************************************************
2026-10-01 12:05:13,006 - INFO - --- training epoch 72, loss 0.0094, mae 0.1031, rmse 0.1368, time elapsed(min) 0.03---
2026-10-01 12:05:13,240 - INFO - --- validation at epoch 72, val_loss 0.0106, val_mae 0.1090, val_rmse 0.1454, val_r2 0.7147, val_pearson 0.8490, lr 1.00e-03 ---
2026-10-01 12:05:13,240 - INFO - 
****************************************************************************************************
2026-10-01 12:05:15,156 - INFO - --- training epoch 73, loss 0.0088, mae 0.1001, rmse 0.1324, time elapsed(min) 0.03---
2026-10-01 12:05:15,386 - INFO - --- validation at epoch 73, val_loss 0.0095, val_mae 0.1016, val_rmse 0.1383, val_r2 0.7417, val_pearson 0.8617, lr 1.00e-03 ---
2026-10-01 12:05:15,387 - INFO - 
****************************************************************************************************
2026-10-01 12:05:17,455 - INFO - --- training epoch 74, loss 0.0158, mae 0.1344, rmse 0.1777, time elapsed(min) 0.03---
2026-10-01 12:05:17,818 - INFO - --- validation at epoch 74, val_loss 0.0165, val_mae 0.1456, val_rmse 0.1778, val_r2 0.5731, val_pearson 0.8138, lr 1.00e-03 ---
2026-10-01 12:05:17,818 - INFO - 
****************************************************************************************************
2026-10-01 12:05:19,951 - INFO - --- training epoch 75, loss 0.0123, mae 0.1185, rmse 0.1569, time elapsed(min) 0.03---
2026-10-01 12:05:20,175 - INFO - --- validation at epoch 75, val_loss 0.0118, val_mae 0.1129, val_rmse 0.1535, val_r2 0.6819, val_pearson 0.8284, lr 1.00e-03 ---
2026-10-01 12:05:20,175 - INFO - 
****************************************************************************************************
2026-10-01 12:05:21,989 - INFO - --- training epoch 76, loss 0.0116, mae 0.1157, rmse 0.1523, time elapsed(min) 0.03---
2026-10-01 12:05:22,221 - INFO - --- validation at epoch 76, val_loss 0.0159, val_mae 0.1373, val_rmse 0.1833, val_r2 0.5464, val_pearson 0.8137, lr 1.00e-03 ---
2026-10-01 12:05:22,221 - INFO - 
****************************************************************************************************
2026-10-01 12:05:24,101 - INFO - --- training epoch 77, loss 0.0118, mae 0.1165, rmse 0.1537, time elapsed(min) 0.03---
2026-10-01 12:05:24,469 - INFO - --- validation at epoch 77, val_loss 0.0109, val_mae 0.1103, val_rmse 0.1484, val_r2 0.7024, val_pearson 0.8457, lr 1.00e-03 ---
2026-10-01 12:05:24,469 - INFO - 
****************************************************************************************************
2026-10-01 12:05:26,483 - INFO - --- training epoch 78, loss 0.0090, mae 0.1011, rmse 0.1338, time elapsed(min) 0.03---
2026-10-01 12:05:26,706 - INFO - --- validation at epoch 78, val_loss 0.0101, val_mae 0.1048, val_rmse 0.1422, val_r2 0.7268, val_pearson 0.8533, lr 1.00e-03 ---
2026-10-01 12:05:26,706 - INFO - 
****************************************************************************************************
2026-10-01 12:05:28,510 - INFO - --- training epoch 79, loss 0.0089, mae 0.1001, rmse 0.1331, time elapsed(min) 0.03---
2026-10-01 12:05:28,744 - INFO - --- validation at epoch 79, val_loss 0.0099, val_mae 0.1009, val_rmse 0.1392, val_r2 0.7384, val_pearson 0.8615, lr 1.00e-03 ---
2026-10-01 12:05:28,745 - INFO - 
****************************************************************************************************
2026-10-01 12:05:30,555 - INFO - --- training epoch 80, loss 0.0088, mae 0.0999, rmse 0.1326, time elapsed(min) 0.03---
2026-10-01 12:05:30,788 - INFO - --- validation at epoch 80, val_loss 0.0099, val_mae 0.1040, val_rmse 0.1425, val_r2 0.7258, val_pearson 0.8569, lr 1.00e-03 ---
2026-10-01 12:05:30,788 - INFO - 
****************************************************************************************************
2026-10-01 12:05:32,698 - INFO - --- training epoch 81, loss 0.0089, mae 0.1007, rmse 0.1332, time elapsed(min) 0.03---
2026-10-01 12:05:33,096 - INFO - --- validation at epoch 81, val_loss 0.0107, val_mae 0.1079, val_rmse 0.1459, val_r2 0.7127, val_pearson 0.8475, lr 1.00e-03 ---
2026-10-01 12:05:33,096 - INFO - 
****************************************************************************************************
2026-10-01 12:05:35,033 - INFO - --- training epoch 82, loss 0.0090, mae 0.1010, rmse 0.1345, time elapsed(min) 0.03---
2026-10-01 12:05:35,269 - INFO - --- validation at epoch 82, val_loss 0.0105, val_mae 0.1081, val_rmse 0.1455, val_r2 0.7142, val_pearson 0.8571, lr 1.00e-03 ---
2026-10-01 12:05:35,269 - INFO - 
****************************************************************************************************
2026-10-01 12:05:37,078 - INFO - --- training epoch 83, loss 0.0092, mae 0.1025, rmse 0.1355, time elapsed(min) 0.03---
2026-10-01 12:05:37,315 - INFO - --- validation at epoch 83, val_loss 0.0097, val_mae 0.0993, val_rmse 0.1357, val_r2 0.7513, val_pearson 0.8669, lr 1.00e-03 ---
2026-10-01 12:05:37,315 - INFO - 
****************************************************************************************************
2026-10-01 12:05:39,142 - INFO - --- training epoch 84, loss 0.0087, mae 0.0987, rmse 0.1316, time elapsed(min) 0.03---
2026-10-01 12:05:39,559 - INFO - --- validation at epoch 84, val_loss 0.0099, val_mae 0.1020, val_rmse 0.1398, val_r2 0.7362, val_pearson 0.8601, lr 1.00e-03 ---
2026-10-01 12:05:39,559 - INFO - 
****************************************************************************************************
2026-10-01 12:05:41,521 - INFO - --- training epoch 85, loss 0.0075, mae 0.0917, rmse 0.1227, time elapsed(min) 0.03---
2026-10-01 12:05:41,754 - INFO - --- validation at epoch 85, val_loss 0.0092, val_mae 0.0958, val_rmse 0.1341, val_r2 0.7570, val_pearson 0.8732, lr 3.00e-04 ---
2026-10-01 12:05:41,754 - INFO - 
****************************************************************************************************
2026-10-01 12:05:43,657 - INFO - --- training epoch 86, loss 0.0073, mae 0.0907, rmse 0.1206, time elapsed(min) 0.03---
2026-10-01 12:05:43,892 - INFO - --- validation at epoch 86, val_loss 0.0092, val_mae 0.0967, val_rmse 0.1346, val_r2 0.7553, val_pearson 0.8732, lr 3.00e-04 ---
2026-10-01 12:05:43,892 - INFO - 
****************************************************************************************************
2026-10-01 12:05:45,753 - INFO - --- training epoch 87, loss 0.0071, mae 0.0894, rmse 0.1195, time elapsed(min) 0.03---
2026-10-01 12:05:46,120 - INFO - --- validation at epoch 87, val_loss 0.0090, val_mae 0.0952, val_rmse 0.1330, val_r2 0.7610, val_pearson 0.8754, lr 3.00e-04 ---
2026-10-01 12:05:46,120 - INFO - 
****************************************************************************************************
2026-10-01 12:05:48,268 - INFO - --- training epoch 88, loss 0.0071, mae 0.0890, rmse 0.1191, time elapsed(min) 0.03---
2026-10-01 12:05:48,498 - INFO - --- validation at epoch 88, val_loss 0.0089, val_mae 0.0956, val_rmse 0.1335, val_r2 0.7594, val_pearson 0.8760, lr 3.00e-04 ---
2026-10-01 12:05:48,498 - INFO - 
****************************************************************************************************
2026-10-01 12:05:50,457 - INFO - --- training epoch 89, loss 0.0071, mae 0.0888, rmse 0.1192, time elapsed(min) 0.03---
2026-10-01 12:05:50,686 - INFO - --- validation at epoch 89, val_loss 0.0092, val_mae 0.0964, val_rmse 0.1348, val_r2 0.7546, val_pearson 0.8748, lr 3.00e-04 ---
2026-10-01 12:05:50,686 - INFO - 
****************************************************************************************************
2026-10-01 12:05:52,601 - INFO - --- training epoch 90, loss 0.0070, mae 0.0887, rmse 0.1187, time elapsed(min) 0.03---
2026-10-01 12:05:52,845 - INFO - --- validation at epoch 90, val_loss 0.0089, val_mae 0.0957, val_rmse 0.1338, val_r2 0.7582, val_pearson 0.8744, lr 3.00e-04 ---
2026-10-01 12:05:52,845 - INFO - 
****************************************************************************************************
2026-10-01 12:05:54,845 - INFO - --- training epoch 91, loss 0.0070, mae 0.0880, rmse 0.1182, time elapsed(min) 0.03---
2026-10-01 12:05:55,257 - INFO - --- validation at epoch 91, val_loss 0.0091, val_mae 0.0968, val_rmse 0.1346, val_r2 0.7553, val_pearson 0.8738, lr 3.00e-04 ---
2026-10-01 12:05:55,258 - INFO - 
****************************************************************************************************
2026-10-01 12:05:57,159 - INFO - --- training epoch 92, loss 0.0069, mae 0.0878, rmse 0.1172, time elapsed(min) 0.03---
2026-10-01 12:05:57,397 - INFO - --- validation at epoch 92, val_loss 0.0093, val_mae 0.0975, val_rmse 0.1362, val_r2 0.7496, val_pearson 0.8713, lr 3.00e-04 ---
2026-10-01 12:05:57,397 - INFO - 
****************************************************************************************************
2026-10-01 12:05:59,262 - INFO - --- training epoch 93, loss 0.0070, mae 0.0883, rmse 0.1182, time elapsed(min) 0.03---
2026-10-01 12:05:59,510 - INFO - --- validation at epoch 93, val_loss 0.0089, val_mae 0.0954, val_rmse 0.1332, val_r2 0.7603, val_pearson 0.8761, lr 3.00e-04 ---
2026-10-01 12:05:59,510 - INFO - 
****************************************************************************************************
2026-10-01 12:06:01,358 - INFO - --- training epoch 94, loss 0.0069, mae 0.0880, rmse 0.1175, time elapsed(min) 0.03---
2026-10-01 12:06:01,737 - INFO - --- validation at epoch 94, val_loss 0.0089, val_mae 0.0959, val_rmse 0.1338, val_r2 0.7583, val_pearson 0.8736, lr 3.00e-04 ---
2026-10-01 12:06:01,737 - INFO - 
****************************************************************************************************
2026-10-01 12:06:03,776 - INFO - --- training epoch 95, loss 0.0069, mae 0.0882, rmse 0.1176, time elapsed(min) 0.03---
2026-10-01 12:06:04,011 - INFO - --- validation at epoch 95, val_loss 0.0091, val_mae 0.0967, val_rmse 0.1338, val_r2 0.7581, val_pearson 0.8754, lr 3.00e-04 ---
2026-10-01 12:06:04,011 - INFO - 
****************************************************************************************************
2026-10-01 12:06:05,817 - INFO - --- training epoch 96, loss 0.0068, mae 0.0869, rmse 0.1165, time elapsed(min) 0.03---
2026-10-01 12:06:06,041 - INFO - --- validation at epoch 96, val_loss 0.0089, val_mae 0.0955, val_rmse 0.1330, val_r2 0.7612, val_pearson 0.8773, lr 3.00e-04 ---
2026-10-01 12:06:06,041 - INFO - 
****************************************************************************************************
2026-10-01 12:06:07,963 - INFO - --- training epoch 97, loss 0.0068, mae 0.0868, rmse 0.1170, time elapsed(min) 0.03---
2026-10-01 12:06:08,195 - INFO - --- validation at epoch 97, val_loss 0.0088, val_mae 0.0947, val_rmse 0.1330, val_r2 0.7613, val_pearson 0.8759, lr 3.00e-04 ---
2026-10-01 12:06:08,196 - INFO - 
****************************************************************************************************
2026-10-01 12:06:10,188 - INFO - --- training epoch 98, loss 0.0067, mae 0.0867, rmse 0.1159, time elapsed(min) 0.03---
2026-10-01 12:06:10,612 - INFO - --- validation at epoch 98, val_loss 0.0088, val_mae 0.0956, val_rmse 0.1327, val_r2 0.7621, val_pearson 0.8761, lr 3.00e-04 ---
2026-10-01 12:06:10,612 - INFO - 
****************************************************************************************************
2026-10-01 12:06:12,545 - INFO - --- training epoch 99, loss 0.0069, mae 0.0869, rmse 0.1171, time elapsed(min) 0.03---
2026-10-01 12:06:12,771 - INFO - --- validation at epoch 99, val_loss 0.0088, val_mae 0.0954, val_rmse 0.1328, val_r2 0.7619, val_pearson 0.8755, lr 3.00e-04 ---
2026-10-01 12:06:12,771 - INFO - 
****************************************************************************************************
2026-10-01 12:06:14,652 - INFO - --- training epoch 100, loss 0.0066, mae 0.0850, rmse 0.1150, time elapsed(min) 0.03---
2026-10-01 12:06:14,890 - INFO - --- validation at epoch 100, val_loss 0.0090, val_mae 0.0961, val_rmse 0.1344, val_r2 0.7561, val_pearson 0.8745, lr 3.00e-04 ---
2026-10-01 12:06:14,890 - INFO - 
****************************************************************************************************
2026-10-01 12:06:16,714 - INFO - --- training epoch 101, loss 0.0067, mae 0.0864, rmse 0.1161, time elapsed(min) 0.03---
2026-10-01 12:06:17,101 - INFO - --- validation at epoch 101, val_loss 0.0091, val_mae 0.0965, val_rmse 0.1350, val_r2 0.7539, val_pearson 0.8712, lr 3.00e-04 ---
2026-10-01 12:06:17,101 - INFO - 
****************************************************************************************************
2026-10-01 12:06:19,029 - INFO - --- training epoch 102, loss 0.0067, mae 0.0855, rmse 0.1156, time elapsed(min) 0.03---
2026-10-01 12:06:19,597 - INFO - --- validation at epoch 102, val_loss 0.0088, val_mae 0.0941, val_rmse 0.1323, val_r2 0.7636, val_pearson 0.8755, lr 3.00e-04 ---
2026-10-01 12:06:19,597 - INFO - 
****************************************************************************************************
2026-10-01 12:06:21,493 - INFO - --- training epoch 103, loss 0.0068, mae 0.0868, rmse 0.1164, time elapsed(min) 0.03---
2026-10-01 12:06:21,721 - INFO - --- validation at epoch 103, val_loss 0.0088, val_mae 0.0947, val_rmse 0.1332, val_r2 0.7603, val_pearson 0.8737, lr 3.00e-04 ---
2026-10-01 12:06:21,721 - INFO - 
****************************************************************************************************
2026-10-01 12:06:23,528 - INFO - --- training epoch 104, loss 0.0067, mae 0.0866, rmse 0.1161, time elapsed(min) 0.03---
2026-10-01 12:06:23,759 - INFO - --- validation at epoch 104, val_loss 0.0087, val_mae 0.0938, val_rmse 0.1317, val_r2 0.7658, val_pearson 0.8778, lr 3.00e-04 ---
2026-10-01 12:06:23,759 - INFO - 
****************************************************************************************************
2026-10-01 12:06:25,805 - INFO - --- training epoch 105, loss 0.0066, mae 0.0856, rmse 0.1149, time elapsed(min) 0.03---
2026-10-01 12:06:26,209 - INFO - --- validation at epoch 105, val_loss 0.0088, val_mae 0.0944, val_rmse 0.1322, val_r2 0.7641, val_pearson 0.8775, lr 3.00e-04 ---
2026-10-01 12:06:26,209 - INFO - 
****************************************************************************************************
2026-10-01 12:06:28,141 - INFO - --- training epoch 106, loss 0.0068, mae 0.0868, rmse 0.1163, time elapsed(min) 0.03---
2026-10-01 12:06:28,382 - INFO - --- validation at epoch 106, val_loss 0.0090, val_mae 0.0973, val_rmse 0.1344, val_r2 0.7562, val_pearson 0.8719, lr 3.00e-04 ---
2026-10-01 12:06:28,382 - INFO - 
****************************************************************************************************
2026-10-01 12:06:30,292 - INFO - --- training epoch 107, loss 0.0067, mae 0.0859, rmse 0.1162, time elapsed(min) 0.03---
2026-10-01 12:06:30,521 - INFO - --- validation at epoch 107, val_loss 0.0086, val_mae 0.0949, val_rmse 0.1320, val_r2 0.7647, val_pearson 0.8797, lr 3.00e-04 ---
2026-10-01 12:06:30,521 - INFO - 
****************************************************************************************************
2026-10-01 12:06:32,496 - INFO - --- training epoch 108, loss 0.0068, mae 0.0867, rmse 0.1162, time elapsed(min) 0.03---
2026-10-01 12:06:32,868 - INFO - --- validation at epoch 108, val_loss 0.0088, val_mae 0.0965, val_rmse 0.1333, val_r2 0.7601, val_pearson 0.8739, lr 3.00e-04 ---
2026-10-01 12:06:32,868 - INFO - 
****************************************************************************************************
2026-10-01 12:06:34,937 - INFO - --- training epoch 109, loss 0.0066, mae 0.0861, rmse 0.1152, time elapsed(min) 0.03---
2026-10-01 12:06:35,350 - INFO - --- validation at epoch 109, val_loss 0.0087, val_mae 0.0961, val_rmse 0.1332, val_r2 0.7605, val_pearson 0.8759, lr 3.00e-04 ---
2026-10-01 12:06:35,350 - INFO - 
****************************************************************************************************
2026-10-01 12:06:37,280 - INFO - --- training epoch 110, loss 0.0066, mae 0.0857, rmse 0.1147, time elapsed(min) 0.03---
2026-10-01 12:06:37,513 - INFO - --- validation at epoch 110, val_loss 0.0090, val_mae 0.0965, val_rmse 0.1341, val_r2 0.7571, val_pearson 0.8763, lr 3.00e-04 ---
2026-10-01 12:06:37,513 - INFO - 
****************************************************************************************************
2026-10-01 12:06:39,356 - INFO - --- training epoch 111, loss 0.0067, mae 0.0856, rmse 0.1155, time elapsed(min) 0.03---
2026-10-01 12:06:39,593 - INFO - --- validation at epoch 111, val_loss 0.0089, val_mae 0.0950, val_rmse 0.1329, val_r2 0.7615, val_pearson 0.8752, lr 3.00e-04 ---
2026-10-01 12:06:39,593 - INFO - 
****************************************************************************************************
2026-10-01 12:06:41,481 - INFO - --- training epoch 112, loss 0.0068, mae 0.0865, rmse 0.1169, time elapsed(min) 0.03---
2026-10-01 12:06:41,897 - INFO - --- validation at epoch 112, val_loss 0.0089, val_mae 0.0966, val_rmse 0.1337, val_r2 0.7585, val_pearson 0.8746, lr 3.00e-04 ---
2026-10-01 12:06:41,897 - INFO - 
****************************************************************************************************
2026-10-01 12:06:43,937 - INFO - --- training epoch 113, loss 0.0066, mae 0.0858, rmse 0.1151, time elapsed(min) 0.03---
2026-10-01 12:06:44,206 - INFO - --- validation at epoch 113, val_loss 0.0087, val_mae 0.0962, val_rmse 0.1326, val_r2 0.7625, val_pearson 0.8741, lr 3.00e-04 ---
2026-10-01 12:06:44,206 - INFO - 
****************************************************************************************************
2026-10-01 12:06:46,023 - INFO - --- training epoch 114, loss 0.0064, mae 0.0842, rmse 0.1131, time elapsed(min) 0.03---
2026-10-01 12:06:46,259 - INFO - --- validation at epoch 114, val_loss 0.0083, val_mae 0.0933, val_rmse 0.1289, val_r2 0.7755, val_pearson 0.8835, lr 3.00e-04 ---
2026-10-01 12:06:46,259 - INFO - 
****************************************************************************************************
2026-10-01 12:06:48,139 - INFO - --- training epoch 115, loss 0.0064, mae 0.0839, rmse 0.1136, time elapsed(min) 0.03---
2026-10-01 12:06:48,528 - INFO - --- validation at epoch 115, val_loss 0.0087, val_mae 0.0952, val_rmse 0.1318, val_r2 0.7653, val_pearson 0.8770, lr 3.00e-04 ---
2026-10-01 12:06:48,528 - INFO - 
****************************************************************************************************
2026-10-01 12:06:50,575 - INFO - --- training epoch 116, loss 0.0065, mae 0.0847, rmse 0.1140, time elapsed(min) 0.03---
2026-10-01 12:06:50,804 - INFO - --- validation at epoch 116, val_loss 0.0087, val_mae 0.0959, val_rmse 0.1329, val_r2 0.7617, val_pearson 0.8788, lr 3.00e-04 ---
2026-10-01 12:06:50,804 - INFO - 
****************************************************************************************************
2026-10-01 12:06:52,620 - INFO - --- training epoch 117, loss 0.0063, mae 0.0839, rmse 0.1125, time elapsed(min) 0.03---
2026-10-01 12:06:52,845 - INFO - --- validation at epoch 117, val_loss 0.0085, val_mae 0.0948, val_rmse 0.1318, val_r2 0.7655, val_pearson 0.8803, lr 3.00e-04 ---
2026-10-01 12:06:52,845 - INFO - 
****************************************************************************************************
2026-10-01 12:06:54,699 - INFO - --- training epoch 118, loss 0.0064, mae 0.0845, rmse 0.1135, time elapsed(min) 0.03---
2026-10-01 12:06:55,076 - INFO - --- validation at epoch 118, val_loss 0.0087, val_mae 0.0958, val_rmse 0.1337, val_r2 0.7584, val_pearson 0.8774, lr 3.00e-04 ---
2026-10-01 12:06:55,077 - INFO - 
****************************************************************************************************
2026-10-01 12:06:56,994 - INFO - --- training epoch 119, loss 0.0066, mae 0.0844, rmse 0.1145, time elapsed(min) 0.03---
2026-10-01 12:06:57,439 - INFO - --- validation at epoch 119, val_loss 0.0087, val_mae 0.0951, val_rmse 0.1322, val_r2 0.7640, val_pearson 0.8766, lr 3.00e-04 ---
2026-10-01 12:06:57,439 - INFO - 
****************************************************************************************************
2026-10-01 12:06:59,389 - INFO - --- training epoch 120, loss 0.0065, mae 0.0847, rmse 0.1139, time elapsed(min) 0.03---
2026-10-01 12:06:59,634 - INFO - --- validation at epoch 120, val_loss 0.0088, val_mae 0.0965, val_rmse 0.1327, val_r2 0.7621, val_pearson 0.8770, lr 3.00e-04 ---
2026-10-01 12:06:59,634 - INFO - 
****************************************************************************************************
2026-10-01 12:07:01,527 - INFO - --- training epoch 121, loss 0.0066, mae 0.0853, rmse 0.1145, time elapsed(min) 0.03---
2026-10-01 12:07:01,763 - INFO - --- validation at epoch 121, val_loss 0.0090, val_mae 0.0966, val_rmse 0.1356, val_r2 0.7518, val_pearson 0.8716, lr 3.00e-04 ---
2026-10-01 12:07:01,763 - INFO - 
****************************************************************************************************
2026-10-01 12:07:03,666 - INFO - --- training epoch 122, loss 0.0065, mae 0.0847, rmse 0.1144, time elapsed(min) 0.03---
2026-10-01 12:07:04,092 - INFO - --- validation at epoch 122, val_loss 0.0083, val_mae 0.0924, val_rmse 0.1289, val_r2 0.7757, val_pearson 0.8835, lr 3.00e-04 ---
2026-10-01 12:07:04,092 - INFO - 
****************************************************************************************************
2026-10-01 12:07:06,005 - INFO - --- training epoch 123, loss 0.0065, mae 0.0847, rmse 0.1140, time elapsed(min) 0.03---
2026-10-01 12:07:06,239 - INFO - --- validation at epoch 123, val_loss 0.0089, val_mae 0.0963, val_rmse 0.1322, val_r2 0.7639, val_pearson 0.8742, lr 3.00e-04 ---
2026-10-01 12:07:06,239 - INFO - 
****************************************************************************************************
2026-10-01 12:07:08,076 - INFO - --- training epoch 124, loss 0.0063, mae 0.0837, rmse 0.1126, time elapsed(min) 0.03---
2026-10-01 12:07:08,311 - INFO - --- validation at epoch 124, val_loss 0.0087, val_mae 0.0962, val_rmse 0.1331, val_r2 0.7608, val_pearson 0.8778, lr 3.00e-04 ---
2026-10-01 12:07:08,311 - INFO - 
****************************************************************************************************
2026-10-01 12:07:10,192 - INFO - --- training epoch 125, loss 0.0063, mae 0.0836, rmse 0.1124, time elapsed(min) 0.03---
2026-10-01 12:07:10,562 - INFO - --- validation at epoch 125, val_loss 0.0090, val_mae 0.0982, val_rmse 0.1344, val_r2 0.7562, val_pearson 0.8794, lr 3.00e-04 ---
2026-10-01 12:07:10,562 - INFO - 
****************************************************************************************************
2026-10-01 12:07:12,659 - INFO - --- training epoch 126, loss 0.0061, mae 0.0828, rmse 0.1103, time elapsed(min) 0.03---
2026-10-01 12:07:12,887 - INFO - --- validation at epoch 126, val_loss 0.0082, val_mae 0.0913, val_rmse 0.1291, val_r2 0.7751, val_pearson 0.8847, lr 9.00e-05 ---
2026-10-01 12:07:12,887 - INFO - 
****************************************************************************************************
2026-10-01 12:07:14,764 - INFO - --- training epoch 127, loss 0.0060, mae 0.0810, rmse 0.1092, time elapsed(min) 0.03---
2026-10-01 12:07:15,001 - INFO - --- validation at epoch 127, val_loss 0.0082, val_mae 0.0908, val_rmse 0.1284, val_r2 0.7773, val_pearson 0.8839, lr 9.00e-05 ---
2026-10-01 12:07:15,001 - INFO - 
****************************************************************************************************
2026-10-01 12:07:16,808 - INFO - --- training epoch 128, loss 0.0057, mae 0.0796, rmse 0.1069, time elapsed(min) 0.03---
2026-10-01 12:07:17,032 - INFO - --- validation at epoch 128, val_loss 0.0082, val_mae 0.0911, val_rmse 0.1286, val_r2 0.7766, val_pearson 0.8835, lr 9.00e-05 ---
2026-10-01 12:07:17,032 - INFO - 
****************************************************************************************************
2026-10-01 12:07:19,048 - INFO - --- training epoch 129, loss 0.0058, mae 0.0807, rmse 0.1078, time elapsed(min) 0.03---
2026-10-01 12:07:19,564 - INFO - --- validation at epoch 129, val_loss 0.0081, val_mae 0.0909, val_rmse 0.1278, val_r2 0.7794, val_pearson 0.8848, lr 9.00e-05 ---
2026-10-01 12:07:19,564 - INFO - 
****************************************************************************************************
2026-10-01 12:07:21,475 - INFO - --- training epoch 130, loss 0.0058, mae 0.0809, rmse 0.1078, time elapsed(min) 0.03---
2026-10-01 12:07:21,706 - INFO - --- validation at epoch 130, val_loss 0.0082, val_mae 0.0913, val_rmse 0.1285, val_r2 0.7772, val_pearson 0.8837, lr 9.00e-05 ---
2026-10-01 12:07:21,706 - INFO - 
****************************************************************************************************
2026-10-01 12:07:23,752 - INFO - --- training epoch 131, loss 0.0058, mae 0.0798, rmse 0.1073, time elapsed(min) 0.03---
2026-10-01 12:07:23,983 - INFO - --- validation at epoch 131, val_loss 0.0083, val_mae 0.0914, val_rmse 0.1281, val_r2 0.7782, val_pearson 0.8843, lr 9.00e-05 ---
2026-10-01 12:07:23,983 - INFO - 
****************************************************************************************************
2026-10-01 12:07:25,932 - INFO - --- training epoch 132, loss 0.0057, mae 0.0793, rmse 0.1064, time elapsed(min) 0.03---
2026-10-01 12:07:26,358 - INFO - --- validation at epoch 132, val_loss 0.0082, val_mae 0.0911, val_rmse 0.1283, val_r2 0.7778, val_pearson 0.8843, lr 9.00e-05 ---
2026-10-01 12:07:26,358 - INFO - 
****************************************************************************************************
2026-10-01 12:07:28,308 - INFO - --- training epoch 133, loss 0.0057, mae 0.0794, rmse 0.1069, time elapsed(min) 0.03---
2026-10-01 12:07:28,574 - INFO - --- validation at epoch 133, val_loss 0.0082, val_mae 0.0915, val_rmse 0.1281, val_r2 0.7786, val_pearson 0.8855, lr 9.00e-05 ---
2026-10-01 12:07:28,574 - INFO - 
****************************************************************************************************
2026-10-01 12:07:30,393 - INFO - --- training epoch 134, loss 0.0057, mae 0.0797, rmse 0.1071, time elapsed(min) 0.03---
2026-10-01 12:07:30,628 - INFO - --- validation at epoch 134, val_loss 0.0083, val_mae 0.0917, val_rmse 0.1280, val_r2 0.7788, val_pearson 0.8860, lr 9.00e-05 ---
2026-10-01 12:07:30,628 - INFO - 
****************************************************************************************************
2026-10-01 12:07:32,476 - INFO - --- training epoch 135, loss 0.0056, mae 0.0787, rmse 0.1059, time elapsed(min) 0.03---
2026-10-01 12:07:32,864 - INFO - --- validation at epoch 135, val_loss 0.0084, val_mae 0.0923, val_rmse 0.1296, val_r2 0.7733, val_pearson 0.8828, lr 9.00e-05 ---
2026-10-01 12:07:32,864 - INFO - 
****************************************************************************************************
2026-10-01 12:07:34,902 - INFO - --- training epoch 136, loss 0.0057, mae 0.0788, rmse 0.1064, time elapsed(min) 0.03---
2026-10-01 12:07:35,126 - INFO - --- validation at epoch 136, val_loss 0.0082, val_mae 0.0906, val_rmse 0.1271, val_r2 0.7818, val_pearson 0.8863, lr 9.00e-05 ---
2026-10-01 12:07:35,126 - INFO - 
****************************************************************************************************
2026-10-01 12:07:37,116 - INFO - --- training epoch 137, loss 0.0058, mae 0.0798, rmse 0.1074, time elapsed(min) 0.03---
2026-10-01 12:07:37,345 - INFO - --- validation at epoch 137, val_loss 0.0083, val_mae 0.0921, val_rmse 0.1285, val_r2 0.7772, val_pearson 0.8837, lr 9.00e-05 ---
2026-10-01 12:07:37,345 - INFO - 
****************************************************************************************************
2026-10-01 12:07:39,201 - INFO - --- training epoch 138, loss 0.0056, mae 0.0785, rmse 0.1055, time elapsed(min) 0.03---
2026-10-01 12:07:39,582 - INFO - --- validation at epoch 138, val_loss 0.0082, val_mae 0.0917, val_rmse 0.1280, val_r2 0.7787, val_pearson 0.8851, lr 9.00e-05 ---
2026-10-01 12:07:39,582 - INFO - 
****************************************************************************************************
2026-10-01 12:07:41,472 - INFO - --- training epoch 139, loss 0.0057, mae 0.0790, rmse 0.1065, time elapsed(min) 0.03---
2026-10-01 12:07:41,888 - INFO - --- validation at epoch 139, val_loss 0.0084, val_mae 0.0918, val_rmse 0.1284, val_r2 0.7772, val_pearson 0.8847, lr 9.00e-05 ---
2026-10-01 12:07:41,888 - INFO - 
****************************************************************************************************
2026-10-01 12:07:43,833 - INFO - --- training epoch 140, loss 0.0057, mae 0.0794, rmse 0.1066, time elapsed(min) 0.03---
2026-10-01 12:07:44,061 - INFO - --- validation at epoch 140, val_loss 0.0085, val_mae 0.0927, val_rmse 0.1289, val_r2 0.7757, val_pearson 0.8852, lr 9.00e-05 ---
2026-10-01 12:07:44,061 - INFO - 
****************************************************************************************************
2026-10-01 12:07:45,869 - INFO - --- training epoch 141, loss 0.0056, mae 0.0782, rmse 0.1057, time elapsed(min) 0.03---
2026-10-01 12:07:46,110 - INFO - --- validation at epoch 141, val_loss 0.0082, val_mae 0.0904, val_rmse 0.1268, val_r2 0.7829, val_pearson 0.8864, lr 2.70e-05 ---
2026-10-01 12:07:46,110 - INFO - 
****************************************************************************************************
2026-10-01 12:07:48,056 - INFO - --- training epoch 142, loss 0.0055, mae 0.0778, rmse 0.1046, time elapsed(min) 0.03---
2026-10-01 12:07:48,457 - INFO - --- validation at epoch 142, val_loss 0.0081, val_mae 0.0906, val_rmse 0.1266, val_r2 0.7837, val_pearson 0.8867, lr 2.70e-05 ---
2026-10-01 12:07:48,457 - INFO - 
****************************************************************************************************
2026-10-01 12:07:50,679 - INFO - --- training epoch 143, loss 0.0056, mae 0.0783, rmse 0.1059, time elapsed(min) 0.03---
2026-10-01 12:07:50,906 - INFO - --- validation at epoch 143, val_loss 0.0081, val_mae 0.0903, val_rmse 0.1266, val_r2 0.7837, val_pearson 0.8866, lr 2.70e-05 ---
2026-10-01 12:07:50,906 - INFO - 
****************************************************************************************************
2026-10-01 12:07:52,734 - INFO - --- training epoch 144, loss 0.0055, mae 0.0783, rmse 0.1053, time elapsed(min) 0.03---
2026-10-01 12:07:52,974 - INFO - --- validation at epoch 144, val_loss 0.0081, val_mae 0.0901, val_rmse 0.1265, val_r2 0.7841, val_pearson 0.8870, lr 2.70e-05 ---
2026-10-01 12:07:52,974 - INFO - 
****************************************************************************************************
2026-10-01 12:07:54,851 - INFO - --- training epoch 145, loss 0.0055, mae 0.0773, rmse 0.1052, time elapsed(min) 0.03---
2026-10-01 12:07:55,229 - INFO - --- validation at epoch 145, val_loss 0.0080, val_mae 0.0895, val_rmse 0.1257, val_r2 0.7868, val_pearson 0.8886, lr 2.70e-05 ---
2026-10-01 12:07:55,229 - INFO - 
****************************************************************************************************
2026-10-01 12:07:57,226 - INFO - --- training epoch 146, loss 0.0055, mae 0.0776, rmse 0.1050, time elapsed(min) 0.03---
2026-10-01 12:07:57,759 - INFO - --- validation at epoch 146, val_loss 0.0081, val_mae 0.0902, val_rmse 0.1266, val_r2 0.7836, val_pearson 0.8867, lr 2.70e-05 ---
2026-10-01 12:07:57,759 - INFO - 
****************************************************************************************************
2026-10-01 12:07:59,668 - INFO - --- training epoch 147, loss 0.0055, mae 0.0780, rmse 0.1049, time elapsed(min) 0.03---
2026-10-01 12:07:59,915 - INFO - --- validation at epoch 147, val_loss 0.0080, val_mae 0.0896, val_rmse 0.1262, val_r2 0.7849, val_pearson 0.8878, lr 2.70e-05 ---
2026-10-01 12:07:59,916 - INFO - 
****************************************************************************************************
2026-10-01 12:08:01,855 - INFO - --- training epoch 148, loss 0.0055, mae 0.0780, rmse 0.1051, time elapsed(min) 0.03---
2026-10-01 12:08:02,090 - INFO - --- validation at epoch 148, val_loss 0.0081, val_mae 0.0899, val_rmse 0.1263, val_r2 0.7845, val_pearson 0.8871, lr 2.70e-05 ---
2026-10-01 12:08:02,090 - INFO - 
****************************************************************************************************
2026-10-01 12:08:03,979 - INFO - --- training epoch 149, loss 0.0055, mae 0.0773, rmse 0.1045, time elapsed(min) 0.03---
2026-10-01 12:08:04,369 - INFO - --- validation at epoch 149, val_loss 0.0079, val_mae 0.0890, val_rmse 0.1253, val_r2 0.7879, val_pearson 0.8889, lr 2.70e-05 ---
2026-10-01 12:08:04,369 - INFO - 
****************************************************************************************************
2026-10-01 12:08:06,412 - INFO - --- training epoch 150, loss 0.0055, mae 0.0777, rmse 0.1050, time elapsed(min) 0.03---
2026-10-01 12:08:06,638 - INFO - --- validation at epoch 150, val_loss 0.0081, val_mae 0.0900, val_rmse 0.1262, val_r2 0.7850, val_pearson 0.8871, lr 2.70e-05 ---
2026-10-01 12:08:06,638 - INFO - 
****************************************************************************************************
2026-10-01 12:08:08,460 - INFO - --- training epoch 151, loss 0.0055, mae 0.0779, rmse 0.1048, time elapsed(min) 0.03---
2026-10-01 12:08:08,692 - INFO - --- validation at epoch 151, val_loss 0.0081, val_mae 0.0896, val_rmse 0.1260, val_r2 0.7855, val_pearson 0.8879, lr 2.70e-05 ---
2026-10-01 12:08:08,692 - INFO - 
****************************************************************************************************
2026-10-01 12:08:10,526 - INFO - --- training epoch 152, loss 0.0055, mae 0.0783, rmse 0.1053, time elapsed(min) 0.03---
2026-10-01 12:08:10,911 - INFO - --- validation at epoch 152, val_loss 0.0081, val_mae 0.0900, val_rmse 0.1266, val_r2 0.7837, val_pearson 0.8870, lr 2.70e-05 ---
2026-10-01 12:08:10,911 - INFO - 
****************************************************************************************************
2026-10-01 12:08:12,996 - INFO - --- training epoch 153, loss 0.0055, mae 0.0778, rmse 0.1046, time elapsed(min) 0.03---
2026-10-01 12:08:13,228 - INFO - --- validation at epoch 153, val_loss 0.0082, val_mae 0.0902, val_rmse 0.1268, val_r2 0.7830, val_pearson 0.8863, lr 2.70e-05 ---
2026-10-01 12:08:13,228 - INFO - 
****************************************************************************************************
2026-10-01 12:08:15,038 - INFO - --- training epoch 154, loss 0.0055, mae 0.0776, rmse 0.1050, time elapsed(min) 0.03---
2026-10-01 12:08:15,269 - INFO - --- validation at epoch 154, val_loss 0.0081, val_mae 0.0896, val_rmse 0.1260, val_r2 0.7855, val_pearson 0.8880, lr 2.70e-05 ---
2026-10-01 12:08:15,269 - INFO - 
****************************************************************************************************
2026-10-01 12:08:17,106 - INFO - --- training epoch 155, loss 0.0054, mae 0.0772, rmse 0.1037, time elapsed(min) 0.03---
2026-10-01 12:08:17,466 - INFO - --- validation at epoch 155, val_loss 0.0081, val_mae 0.0900, val_rmse 0.1263, val_r2 0.7846, val_pearson 0.8874, lr 2.70e-05 ---
2026-10-01 12:08:17,466 - INFO - 
****************************************************************************************************
2026-10-01 12:08:19,581 - INFO - --- training epoch 156, loss 0.0055, mae 0.0780, rmse 0.1050, time elapsed(min) 0.03---
2026-10-01 12:08:19,813 - INFO - --- validation at epoch 156, val_loss 0.0080, val_mae 0.0892, val_rmse 0.1257, val_r2 0.7865, val_pearson 0.8886, lr 2.70e-05 ---
2026-10-01 12:08:19,813 - INFO - 
****************************************************************************************************
2026-10-01 12:08:21,600 - INFO - --- training epoch 157, loss 0.0054, mae 0.0769, rmse 0.1036, time elapsed(min) 0.03---
2026-10-01 12:08:21,824 - INFO - --- validation at epoch 157, val_loss 0.0081, val_mae 0.0896, val_rmse 0.1264, val_r2 0.7843, val_pearson 0.8875, lr 2.70e-05 ---
2026-10-01 12:08:21,824 - INFO - 
****************************************************************************************************
2026-10-01 12:08:23,675 - INFO - --- training epoch 158, loss 0.0055, mae 0.0781, rmse 0.1050, time elapsed(min) 0.03---
2026-10-01 12:08:24,023 - INFO - --- validation at epoch 158, val_loss 0.0080, val_mae 0.0892, val_rmse 0.1255, val_r2 0.7873, val_pearson 0.8887, lr 2.70e-05 ---
2026-10-01 12:08:24,023 - INFO - 
****************************************************************************************************
2026-10-01 12:08:26,046 - INFO - --- training epoch 159, loss 0.0057, mae 0.0787, rmse 0.1063, time elapsed(min) 0.03---
2026-10-01 12:08:26,471 - INFO - --- validation at epoch 159, val_loss 0.0080, val_mae 0.0892, val_rmse 0.1254, val_r2 0.7877, val_pearson 0.8887, lr 2.70e-05 ---
2026-10-01 12:08:26,471 - INFO - 
****************************************************************************************************
2026-10-01 12:08:28,586 - INFO - --- training epoch 160, loss 0.0055, mae 0.0778, rmse 0.1049, time elapsed(min) 0.03---
2026-10-01 12:08:28,817 - INFO - --- validation at epoch 160, val_loss 0.0080, val_mae 0.0889, val_rmse 0.1252, val_r2 0.7882, val_pearson 0.8895, lr 2.70e-05 ---
2026-10-01 12:08:28,817 - INFO - 
****************************************************************************************************
2026-10-01 12:08:30,634 - INFO - --- training epoch 161, loss 0.0054, mae 0.0769, rmse 0.1037, time elapsed(min) 0.03---
2026-10-01 12:08:30,862 - INFO - --- validation at epoch 161, val_loss 0.0079, val_mae 0.0885, val_rmse 0.1252, val_r2 0.7882, val_pearson 0.8903, lr 8.10e-06 ---
2026-10-01 12:08:30,862 - INFO - 
****************************************************************************************************
2026-10-01 12:08:32,763 - INFO - --- training epoch 162, loss 0.0053, mae 0.0765, rmse 0.1034, time elapsed(min) 0.03---
2026-10-01 12:08:33,164 - INFO - --- validation at epoch 162, val_loss 0.0079, val_mae 0.0884, val_rmse 0.1250, val_r2 0.7890, val_pearson 0.8904, lr 8.10e-06 ---
2026-10-01 12:08:33,164 - INFO - 
****************************************************************************************************
2026-10-01 12:08:35,115 - INFO - --- training epoch 163, loss 0.0053, mae 0.0760, rmse 0.1025, time elapsed(min) 0.03---
2026-10-01 12:08:35,344 - INFO - --- validation at epoch 163, val_loss 0.0079, val_mae 0.0886, val_rmse 0.1252, val_r2 0.7885, val_pearson 0.8899, lr 8.10e-06 ---
2026-10-01 12:08:35,344 - INFO - 
****************************************************************************************************
2026-10-01 12:08:37,359 - INFO - --- training epoch 164, loss 0.0053, mae 0.0759, rmse 0.1031, time elapsed(min) 0.03---
2026-10-01 12:08:37,592 - INFO - --- validation at epoch 164, val_loss 0.0079, val_mae 0.0887, val_rmse 0.1252, val_r2 0.7882, val_pearson 0.8902, lr 8.10e-06 ---
2026-10-01 12:08:37,592 - INFO - 
****************************************************************************************************
2026-10-01 12:08:39,439 - INFO - --- training epoch 165, loss 0.0053, mae 0.0768, rmse 0.1033, time elapsed(min) 0.03---
2026-10-01 12:08:39,814 - INFO - --- validation at epoch 165, val_loss 0.0079, val_mae 0.0888, val_rmse 0.1254, val_r2 0.7877, val_pearson 0.8897, lr 8.10e-06 ---
2026-10-01 12:08:39,815 - INFO - 
****************************************************************************************************
2026-10-01 12:08:41,888 - INFO - --- training epoch 166, loss 0.0052, mae 0.0760, rmse 0.1023, time elapsed(min) 0.03---
2026-10-01 12:08:42,123 - INFO - --- validation at epoch 166, val_loss 0.0079, val_mae 0.0887, val_rmse 0.1253, val_r2 0.7881, val_pearson 0.8902, lr 8.10e-06 ---
2026-10-01 12:08:42,123 - INFO - 
****************************************************************************************************
2026-10-01 12:08:43,948 - INFO - --- training epoch 167, loss 0.0053, mae 0.0765, rmse 0.1031, time elapsed(min) 0.03---
2026-10-01 12:08:44,182 - INFO - --- validation at epoch 167, val_loss 0.0080, val_mae 0.0889, val_rmse 0.1257, val_r2 0.7868, val_pearson 0.8894, lr 8.10e-06 ---
2026-10-01 12:08:44,182 - INFO - 
****************************************************************************************************
2026-10-01 12:08:46,014 - INFO - --- training epoch 168, loss 0.0052, mae 0.0755, rmse 0.1020, time elapsed(min) 0.03---
2026-10-01 12:08:46,406 - INFO - --- validation at epoch 168, val_loss 0.0079, val_mae 0.0887, val_rmse 0.1254, val_r2 0.7876, val_pearson 0.8900, lr 8.10e-06 ---
2026-10-01 12:08:46,406 - INFO - 
****************************************************************************************************
2026-10-01 12:08:48,470 - INFO - --- training epoch 169, loss 0.0053, mae 0.0759, rmse 0.1030, time elapsed(min) 0.03---
2026-10-01 12:08:48,700 - INFO - --- validation at epoch 169, val_loss 0.0080, val_mae 0.0890, val_rmse 0.1258, val_r2 0.7864, val_pearson 0.8894, lr 8.10e-06 ---
2026-10-01 12:08:48,700 - INFO - 
****************************************************************************************************
2026-10-01 12:08:50,490 - INFO - --- training epoch 170, loss 0.0053, mae 0.0767, rmse 0.1032, time elapsed(min) 0.03---
2026-10-01 12:08:50,722 - INFO - --- validation at epoch 170, val_loss 0.0079, val_mae 0.0891, val_rmse 0.1256, val_r2 0.7869, val_pearson 0.8895, lr 8.10e-06 ---
2026-10-01 12:08:50,722 - INFO - 
****************************************************************************************************
2026-10-01 12:08:52,637 - INFO - --- training epoch 171, loss 0.0053, mae 0.0768, rmse 0.1033, time elapsed(min) 0.03---
2026-10-01 12:08:53,010 - INFO - --- validation at epoch 171, val_loss 0.0079, val_mae 0.0887, val_rmse 0.1251, val_r2 0.7887, val_pearson 0.8903, lr 8.10e-06 ---
2026-10-01 12:08:53,010 - INFO - 
****************************************************************************************************
2026-10-01 12:08:55,101 - INFO - --- training epoch 172, loss 0.0053, mae 0.0762, rmse 0.1029, time elapsed(min) 0.03---
2026-10-01 12:08:55,543 - INFO - --- validation at epoch 172, val_loss 0.0079, val_mae 0.0889, val_rmse 0.1253, val_r2 0.7879, val_pearson 0.8901, lr 8.10e-06 ---
2026-10-01 12:08:55,543 - INFO - 
****************************************************************************************************
2026-10-01 12:08:57,502 - INFO - --- training epoch 173, loss 0.0052, mae 0.0753, rmse 0.1016, time elapsed(min) 0.03---
2026-10-01 12:08:57,725 - INFO - --- validation at epoch 173, val_loss 0.0080, val_mae 0.0887, val_rmse 0.1252, val_r2 0.7883, val_pearson 0.8900, lr 2.43e-06 ---
2026-10-01 12:08:57,725 - INFO - 
****************************************************************************************************
2026-10-01 12:08:59,559 - INFO - --- training epoch 174, loss 0.0053, mae 0.0762, rmse 0.1031, time elapsed(min) 0.03---
2026-10-01 12:08:59,791 - INFO - --- validation at epoch 174, val_loss 0.0080, val_mae 0.0888, val_rmse 0.1253, val_r2 0.7879, val_pearson 0.8900, lr 2.43e-06 ---
2026-10-01 12:08:59,791 - INFO - 
****************************************************************************************************
2026-10-01 12:09:01,637 - INFO - --- training epoch 175, loss 0.0052, mae 0.0752, rmse 0.1024, time elapsed(min) 0.03---
2026-10-01 12:09:02,045 - INFO - --- validation at epoch 175, val_loss 0.0080, val_mae 0.0888, val_rmse 0.1254, val_r2 0.7878, val_pearson 0.8899, lr 2.43e-06 ---
2026-10-01 12:09:02,045 - INFO - 
****************************************************************************************************
2026-10-01 12:09:04,109 - INFO - --- training epoch 176, loss 0.0052, mae 0.0757, rmse 0.1024, time elapsed(min) 0.03---
2026-10-01 12:09:04,343 - INFO - --- validation at epoch 176, val_loss 0.0080, val_mae 0.0888, val_rmse 0.1254, val_r2 0.7876, val_pearson 0.8897, lr 2.43e-06 ---
2026-10-01 12:09:04,343 - INFO - 
****************************************************************************************************
2026-10-01 12:09:06,186 - INFO - --- training epoch 177, loss 0.0053, mae 0.0762, rmse 0.1027, time elapsed(min) 0.03---
2026-10-01 12:09:06,410 - INFO - --- validation at epoch 177, val_loss 0.0080, val_mae 0.0888, val_rmse 0.1255, val_r2 0.7875, val_pearson 0.8896, lr 2.43e-06 ---
2026-10-01 12:09:06,411 - INFO - 
****************************************************************************************************
2026-10-01 12:09:08,315 - INFO - --- training epoch 178, loss 0.0052, mae 0.0760, rmse 0.1020, time elapsed(min) 0.03---
2026-10-01 12:09:08,711 - INFO - --- validation at epoch 178, val_loss 0.0080, val_mae 0.0889, val_rmse 0.1254, val_r2 0.7875, val_pearson 0.8896, lr 2.43e-06 ---
2026-10-01 12:09:08,711 - INFO - 
****************************************************************************************************
2026-10-01 12:09:10,682 - INFO - --- training epoch 179, loss 0.0053, mae 0.0757, rmse 0.1026, time elapsed(min) 0.03---
2026-10-01 12:09:10,907 - INFO - --- validation at epoch 179, val_loss 0.0080, val_mae 0.0887, val_rmse 0.1253, val_r2 0.7879, val_pearson 0.8897, lr 2.43e-06 ---
2026-10-01 12:09:10,907 - INFO - 
****************************************************************************************************
2026-10-01 12:09:12,843 - INFO - --- training epoch 180, loss 0.0053, mae 0.0755, rmse 0.1025, time elapsed(min) 0.03---
2026-10-01 12:09:13,076 - INFO - --- validation at epoch 180, val_loss 0.0080, val_mae 0.0889, val_rmse 0.1256, val_r2 0.7871, val_pearson 0.8895, lr 2.43e-06 ---
2026-10-01 12:09:13,076 - INFO - 
****************************************************************************************************
2026-10-01 12:09:14,980 - INFO - --- training epoch 181, loss 0.0053, mae 0.0758, rmse 0.1028, time elapsed(min) 0.03---
2026-10-01 12:09:15,370 - INFO - --- validation at epoch 181, val_loss 0.0080, val_mae 0.0889, val_rmse 0.1255, val_r2 0.7873, val_pearson 0.8895, lr 2.43e-06 ---
2026-10-01 12:09:15,370 - INFO - 
****************************************************************************************************
2026-10-01 12:09:17,423 - INFO - --- training epoch 182, loss 0.0052, mae 0.0751, rmse 0.1017, time elapsed(min) 0.03---
2026-10-01 12:09:17,661 - INFO - --- validation at epoch 182, val_loss 0.0080, val_mae 0.0888, val_rmse 0.1255, val_r2 0.7874, val_pearson 0.8895, lr 2.43e-06 ---
2026-10-01 12:09:17,661 - INFO - 
****************************************************************************************************
2026-10-01 12:09:19,583 - INFO - --- training epoch 183, loss 0.0052, mae 0.0757, rmse 0.1020, time elapsed(min) 0.03---
2026-10-01 12:09:19,816 - INFO - --- validation at epoch 183, val_loss 0.0080, val_mae 0.0889, val_rmse 0.1255, val_r2 0.7873, val_pearson 0.8895, lr 2.43e-06 ---
2026-10-01 12:09:19,817 - INFO - 
****************************************************************************************************
2026-10-01 12:09:21,635 - INFO - --- training epoch 184, loss 0.0053, mae 0.0761, rmse 0.1027, time elapsed(min) 0.03---
2026-10-01 12:09:21,998 - INFO - --- validation at epoch 184, val_loss 0.0080, val_mae 0.0889, val_rmse 0.1255, val_r2 0.7873, val_pearson 0.8896, lr 1.00e-06 ---
2026-10-01 12:09:21,998 - INFO - 
****************************************************************************************************
2026-10-01 12:09:24,073 - INFO - --- training epoch 185, loss 0.0052, mae 0.0753, rmse 0.1017, time elapsed(min) 0.03---
2026-10-01 12:09:24,464 - INFO - --- validation at epoch 185, val_loss 0.0080, val_mae 0.0889, val_rmse 0.1255, val_r2 0.7874, val_pearson 0.8897, lr 1.00e-06 ---
2026-10-01 12:09:24,464 - INFO - 
****************************************************************************************************
2026-10-01 12:09:26,515 - INFO - --- training epoch 186, loss 0.0052, mae 0.0745, rmse 0.1016, time elapsed(min) 0.03---
2026-10-01 12:09:26,746 - INFO - --- validation at epoch 186, val_loss 0.0080, val_mae 0.0889, val_rmse 0.1254, val_r2 0.7875, val_pearson 0.8897, lr 1.00e-06 ---
2026-10-01 12:09:26,746 - INFO - 
****************************************************************************************************
2026-10-01 12:09:28,567 - INFO - --- training epoch 187, loss 0.0052, mae 0.0753, rmse 0.1024, time elapsed(min) 0.03---
2026-10-01 12:09:28,799 - INFO - --- validation at epoch 187, val_loss 0.0080, val_mae 0.0889, val_rmse 0.1254, val_r2 0.7876, val_pearson 0.8898, lr 1.00e-06 ---
2026-10-01 12:09:28,799 - INFO - 
****************************************************************************************************
2026-10-01 12:09:30,691 - INFO - --- training epoch 188, loss 0.0051, mae 0.0746, rmse 0.1012, time elapsed(min) 0.03---
2026-10-01 12:09:31,090 - INFO - --- validation at epoch 188, val_loss 0.0080, val_mae 0.0889, val_rmse 0.1254, val_r2 0.7876, val_pearson 0.8897, lr 1.00e-06 ---
2026-10-01 12:09:31,090 - INFO - 
****************************************************************************************************
2026-10-01 12:09:33,152 - INFO - --- training epoch 189, loss 0.0052, mae 0.0750, rmse 0.1019, time elapsed(min) 0.03---
2026-10-01 12:09:33,388 - INFO - --- validation at epoch 189, val_loss 0.0080, val_mae 0.0888, val_rmse 0.1253, val_r2 0.7878, val_pearson 0.8897, lr 1.00e-06 ---
2026-10-01 12:09:33,388 - INFO - 
****************************************************************************************************
2026-10-01 12:09:35,213 - INFO - --- training epoch 190, loss 0.0054, mae 0.0769, rmse 0.1035, time elapsed(min) 0.03---
2026-10-01 12:09:35,446 - INFO - --- validation at epoch 190, val_loss 0.0080, val_mae 0.0888, val_rmse 0.1254, val_r2 0.7878, val_pearson 0.8898, lr 1.00e-06 ---
2026-10-01 12:09:35,446 - INFO - 
****************************************************************************************************
2026-10-01 12:09:37,272 - INFO - --- training epoch 191, loss 0.0052, mae 0.0754, rmse 0.1016, time elapsed(min) 0.03---
2026-10-01 12:09:37,641 - INFO - --- validation at epoch 191, val_loss 0.0080, val_mae 0.0888, val_rmse 0.1254, val_r2 0.7877, val_pearson 0.8898, lr 1.00e-06 ---
2026-10-01 12:09:37,641 - INFO - 
****************************************************************************************************
2026-10-01 12:09:39,658 - INFO - --- training epoch 192, loss 0.0051, mae 0.0755, rmse 0.1013, time elapsed(min) 0.03---
2026-10-01 12:09:39,881 - INFO - --- validation at epoch 192, val_loss 0.0079, val_mae 0.0888, val_rmse 0.1253, val_r2 0.7880, val_pearson 0.8899, lr 1.00e-06 ---
2026-10-01 12:09:39,881 - INFO - 
****************************************************************************************************
2026-10-01 12:09:41,744 - INFO - --- training epoch 193, loss 0.0053, mae 0.0759, rmse 0.1029, time elapsed(min) 0.03---
2026-10-01 12:09:41,970 - INFO - --- validation at epoch 193, val_loss 0.0079, val_mae 0.0887, val_rmse 0.1253, val_r2 0.7881, val_pearson 0.8900, lr 1.00e-06 ---
2026-10-01 12:09:41,970 - INFO - 
****************************************************************************************************
2026-10-01 12:09:43,887 - INFO - --- training epoch 194, loss 0.0052, mae 0.0748, rmse 0.1017, time elapsed(min) 0.03---
2026-10-01 12:09:44,119 - INFO - --- validation at epoch 194, val_loss 0.0080, val_mae 0.0888, val_rmse 0.1253, val_r2 0.7879, val_pearson 0.8898, lr 1.00e-06 ---
2026-10-01 12:09:44,119 - INFO - 
****************************************************************************************************
2026-10-01 12:09:46,050 - INFO - --- training epoch 195, loss 0.0052, mae 0.0760, rmse 0.1024, time elapsed(min) 0.03---
2026-10-01 12:09:46,480 - INFO - --- validation at epoch 195, val_loss 0.0079, val_mae 0.0887, val_rmse 0.1252, val_r2 0.7882, val_pearson 0.8900, lr 1.00e-06 ---
2026-10-01 12:09:46,480 - INFO - 
****************************************************************************************************
2026-10-01 12:09:48,464 - INFO - --- training epoch 196, loss 0.0052, mae 0.0754, rmse 0.1016, time elapsed(min) 0.03---
2026-10-01 12:09:48,697 - INFO - --- validation at epoch 196, val_loss 0.0079, val_mae 0.0887, val_rmse 0.1252, val_r2 0.7884, val_pearson 0.8900, lr 1.00e-06 ---
2026-10-01 12:09:48,697 - INFO - 
****************************************************************************************************
2026-10-01 12:09:50,587 - INFO - --- training epoch 197, loss 0.0051, mae 0.0748, rmse 0.1010, time elapsed(min) 0.03---
2026-10-01 12:09:50,820 - INFO - --- validation at epoch 197, val_loss 0.0079, val_mae 0.0888, val_rmse 0.1253, val_r2 0.7880, val_pearson 0.8899, lr 1.00e-06 ---
2026-10-01 12:09:50,820 - INFO - 
****************************************************************************************************
2026-10-01 12:09:52,637 - INFO - --- training epoch 198, loss 0.0052, mae 0.0753, rmse 0.1020, time elapsed(min) 0.03---
2026-10-01 12:09:53,029 - INFO - --- validation at epoch 198, val_loss 0.0080, val_mae 0.0888, val_rmse 0.1253, val_r2 0.7878, val_pearson 0.8898, lr 1.00e-06 ---
2026-10-01 12:09:53,029 - INFO - 
****************************************************************************************************
2026-10-01 12:09:55,179 - INFO - --- training epoch 199, loss 0.0052, mae 0.0762, rmse 0.1023, time elapsed(min) 0.03---
2026-10-01 12:09:55,415 - INFO - --- validation at epoch 199, val_loss 0.0079, val_mae 0.0888, val_rmse 0.1254, val_r2 0.7875, val_pearson 0.8897, lr 1.00e-06 ---
2026-10-01 12:09:55,415 - INFO - 
****************************************************************************************************
2026-10-01 12:09:57,248 - INFO - --- training epoch 200, loss 0.0052, mae 0.0756, rmse 0.1019, time elapsed(min) 0.03---
2026-10-01 12:09:57,473 - INFO - --- validation at epoch 200, val_loss 0.0080, val_mae 0.0888, val_rmse 0.1254, val_r2 0.7875, val_pearson 0.8896, lr 1.00e-06 ---
2026-10-01 12:09:57,473 - INFO - 
****************************************************************************************************
2026-10-01 12:09:59,325 - INFO - --- training epoch 201, loss 0.0053, mae 0.0757, rmse 0.1025, time elapsed(min) 0.03---
2026-10-01 12:09:59,700 - INFO - --- validation at epoch 201, val_loss 0.0080, val_mae 0.0889, val_rmse 0.1255, val_r2 0.7874, val_pearson 0.8896, lr 1.00e-06 ---
2026-10-01 12:09:59,700 - INFO - 
****************************************************************************************************
2026-10-01 12:10:01,772 - INFO - --- training epoch 202, loss 0.0052, mae 0.0754, rmse 0.1016, time elapsed(min) 0.03---
2026-10-01 12:10:02,166 - INFO - --- validation at epoch 202, val_loss 0.0080, val_mae 0.0888, val_rmse 0.1255, val_r2 0.7874, val_pearson 0.8897, lr 1.00e-06 ---
2026-10-01 12:10:02,166 - INFO - 
****************************************************************************************************
2026-10-01 12:10:04,109 - INFO - --- training epoch 203, loss 0.0052, mae 0.0756, rmse 0.1023, time elapsed(min) 0.03---
2026-10-01 12:10:04,341 - INFO - --- validation at epoch 203, val_loss 0.0080, val_mae 0.0889, val_rmse 0.1255, val_r2 0.7874, val_pearson 0.8897, lr 1.00e-06 ---
2026-10-01 12:10:04,341 - INFO - 
****************************************************************************************************
2026-10-01 12:10:06,400 - INFO - --- training epoch 204, loss 0.0052, mae 0.0750, rmse 0.1018, time elapsed(min) 0.03---
2026-10-01 12:10:06,633 - INFO - --- validation at epoch 204, val_loss 0.0080, val_mae 0.0888, val_rmse 0.1254, val_r2 0.7875, val_pearson 0.8897, lr 1.00e-06 ---
2026-10-01 12:10:06,633 - INFO - 
****************************************************************************************************
2026-10-01 12:10:08,745 - INFO - --- training epoch 205, loss 0.0053, mae 0.0762, rmse 0.1028, time elapsed(min) 0.03---
2026-10-01 12:10:09,169 - INFO - --- validation at epoch 205, val_loss 0.0080, val_mae 0.0889, val_rmse 0.1255, val_r2 0.7874, val_pearson 0.8896, lr 1.00e-06 ---
2026-10-01 12:10:09,169 - INFO - 
****************************************************************************************************
2026-10-01 12:10:11,108 - INFO - --- training epoch 206, loss 0.0051, mae 0.0755, rmse 0.1014, time elapsed(min) 0.03---
2026-10-01 12:10:11,338 - INFO - --- validation at epoch 206, val_loss 0.0080, val_mae 0.0889, val_rmse 0.1256, val_r2 0.7870, val_pearson 0.8895, lr 1.00e-06 ---
2026-10-01 12:10:11,338 - INFO - 
****************************************************************************************************
2026-10-01 12:10:13,316 - INFO - --- training epoch 207, loss 0.0052, mae 0.0753, rmse 0.1019, time elapsed(min) 0.03---
2026-10-01 12:10:13,567 - INFO - --- validation at epoch 207, val_loss 0.0080, val_mae 0.0889, val_rmse 0.1255, val_r2 0.7874, val_pearson 0.8896, lr 1.00e-06 ---
2026-10-01 12:10:13,567 - INFO - 
****************************************************************************************************
2026-10-01 12:10:15,406 - INFO - --- training epoch 208, loss 0.0052, mae 0.0754, rmse 0.1021, time elapsed(min) 0.03---
2026-10-01 12:10:15,789 - INFO - --- validation at epoch 208, val_loss 0.0080, val_mae 0.0889, val_rmse 0.1255, val_r2 0.7874, val_pearson 0.8896, lr 1.00e-06 ---
2026-10-01 12:10:15,789 - INFO - 
****************************************************************************************************
2026-10-01 12:10:17,877 - INFO - --- training epoch 209, loss 0.0052, mae 0.0757, rmse 0.1023, time elapsed(min) 0.03---
2026-10-01 12:10:18,106 - INFO - --- validation at epoch 209, val_loss 0.0080, val_mae 0.0888, val_rmse 0.1255, val_r2 0.7875, val_pearson 0.8897, lr 1.00e-06 ---
2026-10-01 12:10:18,106 - INFO - 
****************************************************************************************************
2026-10-01 12:10:20,137 - INFO - --- training epoch 210, loss 0.0051, mae 0.0750, rmse 0.1014, time elapsed(min) 0.03---
2026-10-01 12:10:20,370 - INFO - --- validation at epoch 210, val_loss 0.0080, val_mae 0.0888, val_rmse 0.1254, val_r2 0.7876, val_pearson 0.8898, lr 1.00e-06 ---
2026-10-01 12:10:20,370 - INFO - 
****************************************************************************************************
2026-10-01 12:10:22,250 - INFO - --- training epoch 211, loss 0.0053, mae 0.0766, rmse 0.1030, time elapsed(min) 0.03---
2026-10-01 12:10:22,634 - INFO - --- validation at epoch 211, val_loss 0.0080, val_mae 0.0888, val_rmse 0.1254, val_r2 0.7875, val_pearson 0.8897, lr 1.00e-06 ---
2026-10-01 12:10:22,634 - INFO - 
****************************************************************************************************
2026-10-01 12:10:22,918 - INFO - --- early stopping at epoch 211: val_loss did not improve for 50 epochs ---
2026-10-01 12:10:23,354 - INFO - --- selected checkpoint from epoch 161, val_loss 0.0079, val_mae 0.0885, val_rmse 0.1252
2026-10-01 12:10:24,273 - INFO - -- RESULT
2026-10-01 12:10:24,273 - INFO - --- test size: 1728
2026-10-01 12:10:24,273 - INFO - --- MAE: 0.0883 (8.83 pp), RMSE: 0.1261 (12.61 pp), R2: 0.7981, Pearson: 0.8954
2026-10-01 12:10:26,622 - INFO - --- Suzuki-Miyaura | split_9 | approach_3: test R2 0.7981 MAE 0.0883 RMSE 0.1261 | 474.2s (2.2s/epoch)
2026-10-01 12:10:26,627 - INFO - --- Suzuki-Miyaura | split_9 | approach 2 (comb/mlp) (comb/mlp)
