2026-10-01 12:13:03,093 - INFO - device is	cuda:0
2026-10-01 12:13:03,178 - INFO - -- CONFIGURATIONS
2026-10-01 12:13:03,178 - INFO - --- train/valid/test: 2491/277/1187
2026-10-01 12:13:03,178 - INFO - --- max no. reactants_train, valid, test respectively: 6, 6, 6
2026-10-01 12:13:03,178 - INFO - --- max no. products_train, valid, test respectively: 1, 1, 1
2026-10-01 12:13:03,178 - INFO - --- model_path: ../logs/approach1_server/approach_1_mlp/bh/runs/fullcv09_split70/model.pt
2026-10-01 12:13:03,187 - INFO - -- TRAINING
2026-10-01 12:13:03,801 - INFO - --- training epoch 0, loss 24.2468, mae 24.7440, rmse 30.2497, time elapsed(min) 0.01---
2026-10-01 12:13:03,962 - INFO - --- validation at epoch 0, val_loss 22.9650, val_mae 23.4342, val_rmse 28.3528, val_r2 -0.0695, val_pearson -0.3347, lr 1.00e-03 ---
2026-10-01 12:13:03,962 - INFO - 
****************************************************************************************************
2026-10-01 12:13:05,088 - INFO - --- training epoch 1, loss 22.8028, mae 23.2989, rmse 28.0289, time elapsed(min) 0.01---
2026-10-01 12:13:05,240 - INFO - --- validation at epoch 1, val_loss 22.8398, val_mae 23.2804, val_rmse 28.0603, val_r2 -0.0475, val_pearson -0.1885, lr 1.00e-03 ---
2026-10-01 12:13:05,240 - INFO - 
****************************************************************************************************
2026-10-01 12:13:06,388 - INFO - --- training epoch 2, loss 22.2689, mae 22.7640, rmse 27.4283, time elapsed(min) 0.01---
2026-10-01 12:13:06,542 - INFO - --- validation at epoch 2, val_loss 23.6455, val_mae 23.7760, val_rmse 30.6335, val_r2 -0.2485, val_pearson 0.1626, lr 1.00e-03 ---
2026-10-01 12:13:06,542 - INFO - 
****************************************************************************************************
2026-10-01 12:13:07,584 - INFO - --- training epoch 3, loss 22.2696, mae 22.7659, rmse 27.3066, time elapsed(min) 0.01---
2026-10-01 12:13:07,927 - INFO - --- validation at epoch 3, val_loss 22.5627, val_mae 23.0595, val_rmse 27.1299, val_r2 0.0208, val_pearson 0.1759, lr 1.00e-03 ---
2026-10-01 12:13:07,927 - INFO - 
****************************************************************************************************
2026-10-01 12:13:09,058 - INFO - --- training epoch 4, loss 22.0863, mae 22.5825, rmse 27.0450, time elapsed(min) 0.01---
2026-10-01 12:13:09,224 - INFO - --- validation at epoch 4, val_loss 22.4465, val_mae 22.8514, val_rmse 27.1025, val_r2 0.0228, val_pearson 0.2062, lr 1.00e-03 ---
2026-10-01 12:13:09,224 - INFO - 
****************************************************************************************************
2026-10-01 12:13:10,206 - INFO - --- training epoch 5, loss 22.1469, mae 22.6441, rmse 26.7384, time elapsed(min) 0.01---
2026-10-01 12:13:10,373 - INFO - --- validation at epoch 5, val_loss 22.7377, val_mae 23.0758, val_rmse 27.8308, val_r2 -0.0305, val_pearson 0.2771, lr 1.00e-03 ---
2026-10-01 12:13:10,373 - INFO - 
****************************************************************************************************
2026-10-01 12:13:11,260 - INFO - --- training epoch 6, loss 22.5643, mae 23.0614, rmse 27.4567, time elapsed(min) 0.01---
2026-10-01 12:13:11,417 - INFO - --- validation at epoch 6, val_loss 22.5651, val_mae 22.8912, val_rmse 27.4295, val_r2 -0.0010, val_pearson 0.2884, lr 1.00e-03 ---
2026-10-01 12:13:11,417 - INFO - 
****************************************************************************************************
2026-10-01 12:13:12,445 - INFO - --- training epoch 7, loss 22.4406, mae 22.9360, rmse 27.0720, time elapsed(min) 0.01---
2026-10-01 12:13:12,607 - INFO - --- validation at epoch 7, val_loss 22.4617, val_mae 22.5727, val_rmse 27.0243, val_r2 0.0284, val_pearson 0.3066, lr 1.00e-03 ---
2026-10-01 12:13:12,607 - INFO - 
****************************************************************************************************
2026-10-01 12:13:13,655 - INFO - --- training epoch 8, loss 22.1816, mae 22.6783, rmse 26.4738, time elapsed(min) 0.01---
2026-10-01 12:13:13,807 - INFO - --- validation at epoch 8, val_loss 22.4326, val_mae 22.4716, val_rmse 27.4526, val_r2 -0.0027, val_pearson 0.3571, lr 1.00e-03 ---
2026-10-01 12:13:13,807 - INFO - 
****************************************************************************************************
2026-10-01 12:13:15,021 - INFO - --- training epoch 9, loss 21.5531, mae 22.0494, rmse 26.0069, time elapsed(min) 0.01---
2026-10-01 12:13:15,380 - INFO - --- validation at epoch 9, val_loss 24.2853, val_mae 24.2773, val_rmse 31.4449, val_r2 -0.3155, val_pearson 0.2575, lr 1.00e-03 ---
2026-10-01 12:13:15,380 - INFO - 
****************************************************************************************************
2026-10-01 12:13:16,442 - INFO - --- training epoch 10, loss 21.7243, mae 22.2211, rmse 26.1640, time elapsed(min) 0.01---
2026-10-01 12:13:16,588 - INFO - --- validation at epoch 10, val_loss 21.7631, val_mae 21.9145, val_rmse 26.1648, val_r2 0.0892, val_pearson 0.3749, lr 1.00e-03 ---
2026-10-01 12:13:16,588 - INFO - 
****************************************************************************************************
2026-10-01 12:13:17,585 - INFO - --- training epoch 11, loss 21.5017, mae 21.9967, rmse 26.3410, time elapsed(min) 0.01---
2026-10-01 12:13:17,748 - INFO - --- validation at epoch 11, val_loss 21.9633, val_mae 22.5277, val_rmse 26.4877, val_r2 0.0666, val_pearson 0.3257, lr 1.00e-03 ---
2026-10-01 12:13:17,748 - INFO - 
****************************************************************************************************
2026-10-01 12:13:18,798 - INFO - --- training epoch 12, loss 20.8439, mae 21.3407, rmse 25.1320, time elapsed(min) 0.01---
2026-10-01 12:13:18,956 - INFO - --- validation at epoch 12, val_loss 21.4888, val_mae 21.8959, val_rmse 25.4499, val_r2 0.1383, val_pearson 0.3866, lr 1.00e-03 ---
2026-10-01 12:13:18,957 - INFO - 
****************************************************************************************************
2026-10-01 12:13:20,113 - INFO - --- training epoch 13, loss 20.9629, mae 21.4603, rmse 25.3426, time elapsed(min) 0.01---
2026-10-01 12:13:20,275 - INFO - --- validation at epoch 13, val_loss 21.8324, val_mae 21.9505, val_rmse 26.1088, val_r2 0.0931, val_pearson 0.3782, lr 1.00e-03 ---
2026-10-01 12:13:20,275 - INFO - 
****************************************************************************************************
2026-10-01 12:13:21,312 - INFO - --- training epoch 14, loss 21.1324, mae 21.6296, rmse 25.4349, time elapsed(min) 0.01---
2026-10-01 12:13:21,466 - INFO - --- validation at epoch 14, val_loss 22.9567, val_mae 22.8796, val_rmse 29.0065, val_r2 -0.1194, val_pearson 0.3375, lr 1.00e-03 ---
2026-10-01 12:13:21,466 - INFO - 
****************************************************************************************************
2026-10-01 12:13:22,528 - INFO - --- training epoch 15, loss 21.3480, mae 21.8443, rmse 26.0794, time elapsed(min) 0.01---
2026-10-01 12:13:22,685 - INFO - --- validation at epoch 15, val_loss 21.5182, val_mae 22.1394, val_rmse 25.9394, val_r2 0.1048, val_pearson 0.3591, lr 1.00e-03 ---
2026-10-01 12:13:22,685 - INFO - 
****************************************************************************************************
2026-10-01 12:13:23,591 - INFO - --- training epoch 16, loss 20.9916, mae 21.4886, rmse 25.4954, time elapsed(min) 0.01---
2026-10-01 12:13:23,766 - INFO - --- validation at epoch 16, val_loss 21.5087, val_mae 21.8784, val_rmse 25.6108, val_r2 0.1274, val_pearson 0.3769, lr 1.00e-03 ---
2026-10-01 12:13:23,766 - INFO - 
****************************************************************************************************
2026-10-01 12:13:24,678 - INFO - --- training epoch 17, loss 21.0099, mae 21.5064, rmse 25.4820, time elapsed(min) 0.01---
2026-10-01 12:13:24,846 - INFO - --- validation at epoch 17, val_loss 21.4772, val_mae 22.0303, val_rmse 26.0401, val_r2 0.0979, val_pearson 0.3667, lr 1.00e-03 ---
2026-10-01 12:13:24,846 - INFO - 
****************************************************************************************************
2026-10-01 12:13:26,046 - INFO - --- training epoch 18, loss 20.8239, mae 21.3192, rmse 25.1203, time elapsed(min) 0.01---
2026-10-01 12:13:26,206 - INFO - --- validation at epoch 18, val_loss 21.4209, val_mae 21.8048, val_rmse 25.9918, val_r2 0.1012, val_pearson 0.3737, lr 1.00e-03 ---
2026-10-01 12:13:26,206 - INFO - 
****************************************************************************************************
2026-10-01 12:13:27,398 - INFO - --- training epoch 19, loss 20.7209, mae 21.2176, rmse 25.0626, time elapsed(min) 0.01---
2026-10-01 12:13:27,551 - INFO - --- validation at epoch 19, val_loss 21.4048, val_mae 21.7953, val_rmse 25.7894, val_r2 0.1152, val_pearson 0.3758, lr 1.00e-03 ---
2026-10-01 12:13:27,551 - INFO - 
****************************************************************************************************
2026-10-01 12:13:28,897 - INFO - --- training epoch 20, loss 20.6778, mae 21.1744, rmse 25.1116, time elapsed(min) 0.02---
2026-10-01 12:13:29,061 - INFO - --- validation at epoch 20, val_loss 21.4207, val_mae 21.7431, val_rmse 25.6989, val_r2 0.1214, val_pearson 0.3800, lr 1.00e-03 ---
2026-10-01 12:13:29,061 - INFO - 
****************************************************************************************************
2026-10-01 12:13:29,973 - INFO - --- training epoch 21, loss 20.5000, mae 20.9961, rmse 24.8275, time elapsed(min) 0.01---
2026-10-01 12:13:30,134 - INFO - --- validation at epoch 21, val_loss 21.5069, val_mae 21.6970, val_rmse 25.5960, val_r2 0.1284, val_pearson 0.3824, lr 1.00e-03 ---
2026-10-01 12:13:30,134 - INFO - 
****************************************************************************************************
2026-10-01 12:13:31,048 - INFO - --- training epoch 22, loss 21.2008, mae 21.6980, rmse 25.5747, time elapsed(min) 0.01---
2026-10-01 12:13:31,213 - INFO - --- validation at epoch 22, val_loss 22.3761, val_mae 22.1597, val_rmse 27.0773, val_r2 0.0246, val_pearson 0.3529, lr 1.00e-03 ---
2026-10-01 12:13:31,213 - INFO - 
****************************************************************************************************
2026-10-01 12:13:32,260 - INFO - --- training epoch 23, loss 21.5798, mae 22.0774, rmse 26.3642, time elapsed(min) 0.01---
2026-10-01 12:13:32,417 - INFO - --- validation at epoch 23, val_loss 22.1946, val_mae 22.0470, val_rmse 25.7572, val_r2 0.1174, val_pearson 0.3511, lr 1.00e-03 ---
2026-10-01 12:13:32,417 - INFO - 
****************************************************************************************************
2026-10-01 12:13:33,477 - INFO - --- training epoch 24, loss 21.1789, mae 21.6758, rmse 25.6166, time elapsed(min) 0.01---
2026-10-01 12:13:33,638 - INFO - --- validation at epoch 24, val_loss 21.7683, val_mae 21.5219, val_rmse 25.7730, val_r2 0.1163, val_pearson 0.3888, lr 1.00e-03 ---
2026-10-01 12:13:33,638 - INFO - 
****************************************************************************************************
2026-10-01 12:13:34,879 - INFO - --- training epoch 25, loss 20.5765, mae 21.0715, rmse 25.4734, time elapsed(min) 0.02---
2026-10-01 12:13:35,046 - INFO - --- validation at epoch 25, val_loss 22.4076, val_mae 21.7105, val_rmse 26.6880, val_r2 0.0524, val_pearson 0.3191, lr 1.00e-03 ---
2026-10-01 12:13:35,046 - INFO - 
****************************************************************************************************
2026-10-01 12:13:35,958 - INFO - --- training epoch 26, loss 20.3945, mae 20.8893, rmse 25.5034, time elapsed(min) 0.01---
2026-10-01 12:13:36,118 - INFO - --- validation at epoch 26, val_loss 21.9244, val_mae 21.8438, val_rmse 26.7329, val_r2 0.0492, val_pearson 0.3470, lr 1.00e-03 ---
2026-10-01 12:13:36,118 - INFO - 
****************************************************************************************************
2026-10-01 12:13:37,019 - INFO - --- training epoch 27, loss 20.3586, mae 20.8550, rmse 25.3821, time elapsed(min) 0.01---
2026-10-01 12:13:37,189 - INFO - --- validation at epoch 27, val_loss 21.9513, val_mae 21.5969, val_rmse 25.9760, val_r2 0.1023, val_pearson 0.3506, lr 1.00e-03 ---
2026-10-01 12:13:37,189 - INFO - 
****************************************************************************************************
2026-10-01 12:13:38,253 - INFO - --- training epoch 28, loss 20.0413, mae 20.5367, rmse 25.0177, time elapsed(min) 0.01---
2026-10-01 12:13:38,403 - INFO - --- validation at epoch 28, val_loss 21.9518, val_mae 21.4912, val_rmse 26.4061, val_r2 0.0723, val_pearson 0.3466, lr 1.00e-03 ---
2026-10-01 12:13:38,403 - INFO - 
****************************************************************************************************
2026-10-01 12:13:39,468 - INFO - --- training epoch 29, loss 20.1695, mae 20.6654, rmse 25.2823, time elapsed(min) 0.01---
2026-10-01 12:13:39,633 - INFO - --- validation at epoch 29, val_loss 21.9371, val_mae 21.4750, val_rmse 26.4435, val_r2 0.0697, val_pearson 0.3460, lr 1.00e-03 ---
2026-10-01 12:13:39,633 - INFO - 
****************************************************************************************************
2026-10-01 12:13:39,912 - INFO - --- early stopping at epoch 29: val_loss did not improve for 10 epochs ---
2026-10-01 12:13:40,293 - INFO - --- selected checkpoint from epoch 19, val_loss 21.4048, val_mae 21.7953, val_rmse 25.7894
2026-10-01 12:13:41,024 - INFO - -- RESULT
2026-10-01 12:13:41,024 - INFO - --- test size: 1187
2026-10-01 12:13:41,024 - INFO - --- MAE: 21.0371 pp, RMSE: 24.6912 pp, R2: 0.1909, Pearson: 0.4555
2026-10-01 12:13:41,025 - INFO - --- fullcv09_split70: MAE 21.037108144347055, RMSE 24.691224906351668, R2 0.19093228647580385
2026-10-01 12:13:41,034 - INFO - --- training fullcv10_split70 (npz/bh/fullcv10_split70)
