2026-10-01 17:44:25,338 - INFO - device is	cuda:0
2026-10-01 17:44:25,451 - INFO - -- CONFIGURATIONS
2026-10-01 17:44:25,451 - INFO - --- train/valid/test: 3628/404/1728
2026-10-01 17:44:25,451 - INFO - --- max no. reactants_train, valid, test respectively: 14, 14, 14
2026-10-01 17:44:25,451 - INFO - --- max no. products_train, valid, test respectively: 1, 1, 1
2026-10-01 17:44:25,451 - INFO - --- model_path: ../logs/approach1_server/approach_1_mlp/suzuki/runs/suzuki_split_9_20261001_174425/split_9/model.pt
2026-10-01 17:44:25,556 - INFO - -- TRAINING
2026-10-01 17:44:31,248 - INFO - --- training epoch 0, loss 0.5812, mae 0.8383, rmse 2.6395, time elapsed(min) 0.09---
2026-10-01 17:44:31,686 - INFO - --- validation at epoch 0, val_loss 0.0412, val_mae 0.2366, val_rmse 0.2865, val_r2 -0.1084, val_pearson 0.2284, lr 1.00e-03 ---
2026-10-01 17:44:31,687 - INFO - 
****************************************************************************************************
2026-10-01 17:44:37,305 - INFO - --- training epoch 1, loss 0.0448, mae 0.2539, rmse 0.2992, time elapsed(min) 0.09---
2026-10-01 17:44:37,722 - INFO - --- validation at epoch 1, val_loss 0.0379, val_mae 0.2359, val_rmse 0.2732, val_r2 -0.0078, val_pearson 0.1392, lr 1.00e-03 ---
2026-10-01 17:44:37,722 - INFO - 
****************************************************************************************************
2026-10-01 17:44:43,307 - INFO - --- training epoch 2, loss 0.0414, mae 0.2470, rmse 0.2877, time elapsed(min) 0.09---
2026-10-01 17:44:43,734 - INFO - --- validation at epoch 2, val_loss 0.0381, val_mae 0.2354, val_rmse 0.2746, val_r2 -0.0185, val_pearson 0.1197, lr 1.00e-03 ---
2026-10-01 17:44:43,734 - INFO - 
****************************************************************************************************
2026-10-01 17:44:49,270 - INFO - --- training epoch 3, loss 0.0411, mae 0.2473, rmse 0.2867, time elapsed(min) 0.09---
2026-10-01 17:44:49,894 - INFO - --- validation at epoch 3, val_loss 0.0376, val_mae 0.2347, val_rmse 0.2729, val_r2 -0.0056, val_pearson 0.1216, lr 1.00e-03 ---
2026-10-01 17:44:49,894 - INFO - 
****************************************************************************************************
2026-10-01 17:44:55,626 - INFO - --- training epoch 4, loss 0.0402, mae 0.2444, rmse 0.2834, time elapsed(min) 0.09---
2026-10-01 17:44:56,044 - INFO - --- validation at epoch 4, val_loss 0.0370, val_mae 0.2330, val_rmse 0.2711, val_r2 0.0079, val_pearson 0.1324, lr 1.00e-03 ---
2026-10-01 17:44:56,045 - INFO - 
****************************************************************************************************
2026-10-01 17:45:01,684 - INFO - --- training epoch 5, loss 0.0407, mae 0.2451, rmse 0.2854, time elapsed(min) 0.09---
2026-10-01 17:45:02,104 - INFO - --- validation at epoch 5, val_loss 0.0383, val_mae 0.2329, val_rmse 0.2761, val_r2 -0.0297, val_pearson 0.1532, lr 1.00e-03 ---
2026-10-01 17:45:02,104 - INFO - 
****************************************************************************************************
2026-10-01 17:45:07,692 - INFO - --- training epoch 6, loss 0.0401, mae 0.2435, rmse 0.2832, time elapsed(min) 0.09---
2026-10-01 17:45:08,170 - INFO - --- validation at epoch 6, val_loss 0.0372, val_mae 0.2295, val_rmse 0.2721, val_r2 -0.0001, val_pearson 0.2060, lr 1.00e-03 ---
2026-10-01 17:45:08,171 - INFO - 
****************************************************************************************************
2026-10-01 17:45:13,989 - INFO - --- training epoch 7, loss 0.0401, mae 0.2432, rmse 0.2832, time elapsed(min) 0.09---
2026-10-01 17:45:14,418 - INFO - --- validation at epoch 7, val_loss 0.0373, val_mae 0.2299, val_rmse 0.2728, val_r2 -0.0051, val_pearson 0.2029, lr 1.00e-03 ---
2026-10-01 17:45:14,418 - INFO - 
****************************************************************************************************
2026-10-01 17:45:19,943 - INFO - --- training epoch 8, loss 0.0401, mae 0.2419, rmse 0.2830, time elapsed(min) 0.09---
2026-10-01 17:45:20,361 - INFO - --- validation at epoch 8, val_loss 0.0357, val_mae 0.2304, val_rmse 0.2654, val_r2 0.0486, val_pearson 0.2253, lr 1.00e-03 ---
2026-10-01 17:45:20,362 - INFO - 
****************************************************************************************************
2026-10-01 17:45:26,036 - INFO - --- training epoch 9, loss 0.0398, mae 0.2411, rmse 0.2822, time elapsed(min) 0.09---
2026-10-01 17:45:26,469 - INFO - --- validation at epoch 9, val_loss 0.0388, val_mae 0.2301, val_rmse 0.2774, val_r2 -0.0389, val_pearson 0.2073, lr 1.00e-03 ---
2026-10-01 17:45:26,469 - INFO - 
****************************************************************************************************
2026-10-01 17:45:32,104 - INFO - --- training epoch 10, loss 0.0386, mae 0.2370, rmse 0.2779, time elapsed(min) 0.09---
2026-10-01 17:45:32,721 - INFO - --- validation at epoch 10, val_loss 0.0354, val_mae 0.2284, val_rmse 0.2625, val_r2 0.0693, val_pearson 0.2905, lr 1.00e-03 ---
2026-10-01 17:45:32,721 - INFO - 
****************************************************************************************************
2026-10-01 17:45:38,512 - INFO - --- training epoch 11, loss 0.0390, mae 0.2386, rmse 0.2793, time elapsed(min) 0.09---
2026-10-01 17:45:38,939 - INFO - --- validation at epoch 11, val_loss 0.0374, val_mae 0.2253, val_rmse 0.2723, val_r2 -0.0010, val_pearson 0.2879, lr 1.00e-03 ---
2026-10-01 17:45:38,939 - INFO - 
****************************************************************************************************
2026-10-01 17:45:44,487 - INFO - --- training epoch 12, loss 0.0372, mae 0.2310, rmse 0.2729, time elapsed(min) 0.09---
2026-10-01 17:45:44,918 - INFO - --- validation at epoch 12, val_loss 0.0314, val_mae 0.2124, val_rmse 0.2494, val_r2 0.1598, val_pearson 0.4694, lr 1.00e-03 ---
2026-10-01 17:45:44,919 - INFO - 
****************************************************************************************************
2026-10-01 17:45:50,594 - INFO - --- training epoch 13, loss 0.0356, mae 0.2210, rmse 0.2668, time elapsed(min) 0.09---
2026-10-01 17:45:51,210 - INFO - --- validation at epoch 13, val_loss 0.0315, val_mae 0.2046, val_rmse 0.2468, val_r2 0.1775, val_pearson 0.4465, lr 1.00e-03 ---
2026-10-01 17:45:51,210 - INFO - 
****************************************************************************************************
2026-10-01 17:45:56,975 - INFO - --- training epoch 14, loss 0.0341, mae 0.2147, rmse 0.2613, time elapsed(min) 0.09---
2026-10-01 17:45:57,410 - INFO - --- validation at epoch 14, val_loss 0.0291, val_mae 0.1969, val_rmse 0.2386, val_r2 0.2310, val_pearson 0.5182, lr 1.00e-03 ---
2026-10-01 17:45:57,410 - INFO - 
****************************************************************************************************
2026-10-01 17:46:03,130 - INFO - --- training epoch 15, loss 0.0295, mae 0.1950, rmse 0.2429, time elapsed(min) 0.09---
2026-10-01 17:46:03,560 - INFO - --- validation at epoch 15, val_loss 0.0252, val_mae 0.1830, val_rmse 0.2201, val_r2 0.3458, val_pearson 0.6081, lr 1.00e-03 ---
2026-10-01 17:46:03,560 - INFO - 
****************************************************************************************************
2026-10-01 17:46:09,272 - INFO - --- training epoch 16, loss 0.0267, mae 0.1858, rmse 0.2309, time elapsed(min) 0.09---
2026-10-01 17:46:09,749 - INFO - --- validation at epoch 16, val_loss 0.0236, val_mae 0.1732, val_rmse 0.2159, val_r2 0.3707, val_pearson 0.6149, lr 1.00e-03 ---
2026-10-01 17:46:09,749 - INFO - 
****************************************************************************************************
2026-10-01 17:46:15,767 - INFO - --- training epoch 17, loss 0.0254, mae 0.1798, rmse 0.2255, time elapsed(min) 0.09---
2026-10-01 17:46:16,194 - INFO - --- validation at epoch 17, val_loss 0.0255, val_mae 0.1784, val_rmse 0.2240, val_r2 0.3226, val_pearson 0.6056, lr 1.00e-03 ---
2026-10-01 17:46:16,194 - INFO - 
****************************************************************************************************
2026-10-01 17:46:21,744 - INFO - --- training epoch 18, loss 0.0251, mae 0.1779, rmse 0.2240, time elapsed(min) 0.09---
2026-10-01 17:46:22,169 - INFO - --- validation at epoch 18, val_loss 0.0239, val_mae 0.1726, val_rmse 0.2156, val_r2 0.3725, val_pearson 0.6118, lr 1.00e-03 ---
2026-10-01 17:46:22,169 - INFO - 
****************************************************************************************************
2026-10-01 17:46:27,726 - INFO - --- training epoch 19, loss 0.0245, mae 0.1766, rmse 0.2212, time elapsed(min) 0.09---
2026-10-01 17:46:28,202 - INFO - --- validation at epoch 19, val_loss 0.0233, val_mae 0.1692, val_rmse 0.2140, val_r2 0.3818, val_pearson 0.6179, lr 1.00e-03 ---
2026-10-01 17:46:28,202 - INFO - 
****************************************************************************************************
2026-10-01 17:46:34,168 - INFO - --- training epoch 20, loss 0.0235, mae 0.1725, rmse 0.2169, time elapsed(min) 0.09---
2026-10-01 17:46:34,590 - INFO - --- validation at epoch 20, val_loss 0.0231, val_mae 0.1698, val_rmse 0.2134, val_r2 0.3850, val_pearson 0.6206, lr 1.00e-03 ---
2026-10-01 17:46:34,590 - INFO - 
****************************************************************************************************
2026-10-01 17:46:40,256 - INFO - --- training epoch 21, loss 0.0239, mae 0.1731, rmse 0.2187, time elapsed(min) 0.09---
2026-10-01 17:46:40,678 - INFO - --- validation at epoch 21, val_loss 0.0233, val_mae 0.1686, val_rmse 0.2148, val_r2 0.3772, val_pearson 0.6208, lr 1.00e-03 ---
2026-10-01 17:46:40,678 - INFO - 
****************************************************************************************************
2026-10-01 17:46:46,278 - INFO - --- training epoch 22, loss 0.0239, mae 0.1738, rmse 0.2188, time elapsed(min) 0.09---
2026-10-01 17:46:46,705 - INFO - --- validation at epoch 22, val_loss 0.0233, val_mae 0.1652, val_rmse 0.2144, val_r2 0.3795, val_pearson 0.6222, lr 1.00e-03 ---
2026-10-01 17:46:46,705 - INFO - 
****************************************************************************************************
2026-10-01 17:46:52,441 - INFO - --- training epoch 23, loss 0.0244, mae 0.1760, rmse 0.2211, time elapsed(min) 0.09---
2026-10-01 17:46:53,085 - INFO - --- validation at epoch 23, val_loss 0.0230, val_mae 0.1701, val_rmse 0.2130, val_r2 0.3872, val_pearson 0.6225, lr 1.00e-03 ---
2026-10-01 17:46:53,085 - INFO - 
****************************************************************************************************
2026-10-01 17:46:58,908 - INFO - --- training epoch 24, loss 0.0235, mae 0.1720, rmse 0.2166, time elapsed(min) 0.09---
2026-10-01 17:46:59,333 - INFO - --- validation at epoch 24, val_loss 0.0235, val_mae 0.1632, val_rmse 0.2154, val_r2 0.3738, val_pearson 0.6199, lr 1.00e-03 ---
2026-10-01 17:46:59,333 - INFO - 
****************************************************************************************************
2026-10-01 17:47:04,920 - INFO - --- training epoch 25, loss 0.0239, mae 0.1721, rmse 0.2187, time elapsed(min) 0.09---
2026-10-01 17:47:05,360 - INFO - --- validation at epoch 25, val_loss 0.0239, val_mae 0.1686, val_rmse 0.2166, val_r2 0.3662, val_pearson 0.6173, lr 1.00e-03 ---
2026-10-01 17:47:05,360 - INFO - 
****************************************************************************************************
2026-10-01 17:47:10,948 - INFO - --- training epoch 26, loss 0.0241, mae 0.1739, rmse 0.2194, time elapsed(min) 0.09---
2026-10-01 17:47:11,547 - INFO - --- validation at epoch 26, val_loss 0.0245, val_mae 0.1780, val_rmse 0.2187, val_r2 0.3542, val_pearson 0.6045, lr 1.00e-03 ---
2026-10-01 17:47:11,547 - INFO - 
****************************************************************************************************
2026-10-01 17:47:17,480 - INFO - --- training epoch 27, loss 0.0248, mae 0.1753, rmse 0.2227, time elapsed(min) 0.09---
2026-10-01 17:47:17,901 - INFO - --- validation at epoch 27, val_loss 0.0251, val_mae 0.1782, val_rmse 0.2218, val_r2 0.3357, val_pearson 0.6001, lr 1.00e-03 ---
2026-10-01 17:47:17,901 - INFO - 
****************************************************************************************************
2026-10-01 17:47:23,466 - INFO - --- training epoch 28, loss 0.0237, mae 0.1721, rmse 0.2179, time elapsed(min) 0.09---
2026-10-01 17:47:23,900 - INFO - --- validation at epoch 28, val_loss 0.0237, val_mae 0.1692, val_rmse 0.2167, val_r2 0.3658, val_pearson 0.6101, lr 1.00e-03 ---
2026-10-01 17:47:23,900 - INFO - 
****************************************************************************************************
2026-10-01 17:47:29,427 - INFO - --- training epoch 29, loss 0.0245, mae 0.1741, rmse 0.2214, time elapsed(min) 0.09---
2026-10-01 17:47:29,902 - INFO - --- validation at epoch 29, val_loss 0.0235, val_mae 0.1793, val_rmse 0.2155, val_r2 0.3731, val_pearson 0.6209, lr 1.00e-03 ---
2026-10-01 17:47:29,902 - INFO - 
****************************************************************************************************
2026-10-01 17:47:35,798 - INFO - --- training epoch 30, loss 0.0242, mae 0.1747, rmse 0.2200, time elapsed(min) 0.09---
2026-10-01 17:47:36,223 - INFO - --- validation at epoch 30, val_loss 0.0233, val_mae 0.1665, val_rmse 0.2150, val_r2 0.3758, val_pearson 0.6153, lr 1.00e-03 ---
2026-10-01 17:47:36,223 - INFO - 
****************************************************************************************************
2026-10-01 17:47:41,753 - INFO - --- training epoch 31, loss 0.0237, mae 0.1711, rmse 0.2176, time elapsed(min) 0.09---
2026-10-01 17:47:42,183 - INFO - --- validation at epoch 31, val_loss 0.0243, val_mae 0.1769, val_rmse 0.2188, val_r2 0.3538, val_pearson 0.6012, lr 1.00e-03 ---
2026-10-01 17:47:42,183 - INFO - 
****************************************************************************************************
2026-10-01 17:47:47,761 - INFO - --- training epoch 32, loss 0.0246, mae 0.1775, rmse 0.2219, time elapsed(min) 0.09---
2026-10-01 17:47:48,245 - INFO - --- validation at epoch 32, val_loss 0.0230, val_mae 0.1725, val_rmse 0.2137, val_r2 0.3835, val_pearson 0.6219, lr 1.00e-03 ---
2026-10-01 17:47:48,245 - INFO - 
****************************************************************************************************
2026-10-01 17:47:53,956 - INFO - --- training epoch 33, loss 0.0239, mae 0.1725, rmse 0.2187, time elapsed(min) 0.09---
2026-10-01 17:47:54,572 - INFO - --- validation at epoch 33, val_loss 0.0241, val_mae 0.1705, val_rmse 0.2164, val_r2 0.3675, val_pearson 0.6145, lr 1.00e-03 ---
2026-10-01 17:47:54,572 - INFO - 
****************************************************************************************************
2026-10-01 17:47:55,081 - INFO - --- early stopping at epoch 33: val_loss did not improve for 10 epochs ---
2026-10-01 17:47:55,557 - INFO - --- selected checkpoint from epoch 23, val_loss 0.0230, val_mae 0.1701, val_rmse 0.2130
2026-10-01 17:47:57,169 - INFO - -- RESULT
2026-10-01 17:47:57,169 - INFO - --- test size: 1728
2026-10-01 17:47:57,169 - INFO - --- MAE: 0.1781 (17.81 pp), RMSE: 0.2204 (22.04 pp), R2: 0.3834, Pearson: 0.6208
