2026-10-01 16:59:44,736 - INFO - device is	cuda:0
2026-10-01 16:59:44,846 - INFO - -- CONFIGURATIONS
2026-10-01 16:59:44,846 - INFO - --- train/valid/test: 3628/404/1728
2026-10-01 16:59:44,846 - INFO - --- max no. reactants_train, valid, test respectively: 14, 14, 14
2026-10-01 16:59:44,846 - INFO - --- max no. products_train, valid, test respectively: 1, 1, 1
2026-10-01 16:59:44,846 - INFO - --- model_path: ../logs/approach1_server/approach_1_mlp/suzuki/runs/suzuki_split_2_20261001_165944/split_2/model.pt
2026-10-01 16:59:44,952 - INFO - -- TRAINING
2026-10-01 16:59:50,666 - INFO - --- training epoch 0, loss 1.1019, mae 1.4390, rmse 3.2255, time elapsed(min) 0.10---
2026-10-01 16:59:51,099 - INFO - --- validation at epoch 0, val_loss 0.0395, val_mae 0.2406, val_rmse 0.2802, val_r2 -0.0084, val_pearson 0.1152, lr 1.00e-03 ---
2026-10-01 16:59:51,099 - INFO - 
****************************************************************************************************
2026-10-01 16:59:56,721 - INFO - --- training epoch 1, loss 0.0418, mae 0.2480, rmse 0.2891, time elapsed(min) 0.09---
2026-10-01 16:59:57,141 - INFO - --- validation at epoch 1, val_loss 0.0397, val_mae 0.2402, val_rmse 0.2810, val_r2 -0.0140, val_pearson 0.1501, lr 1.00e-03 ---
2026-10-01 16:59:57,142 - INFO - 
****************************************************************************************************
2026-10-01 17:00:02,604 - INFO - --- training epoch 2, loss 0.0410, mae 0.2475, rmse 0.2865, time elapsed(min) 0.09---
2026-10-01 17:00:03,031 - INFO - --- validation at epoch 2, val_loss 0.0392, val_mae 0.2413, val_rmse 0.2794, val_r2 -0.0027, val_pearson 0.1526, lr 1.00e-03 ---
2026-10-01 17:00:03,031 - INFO - 
****************************************************************************************************
2026-10-01 17:00:08,880 - INFO - --- training epoch 3, loss 0.0401, mae 0.2456, rmse 0.2832, time elapsed(min) 0.09---
2026-10-01 17:00:09,494 - INFO - --- validation at epoch 3, val_loss 0.0393, val_mae 0.2408, val_rmse 0.2798, val_r2 -0.0056, val_pearson 0.2014, lr 1.00e-03 ---
2026-10-01 17:00:09,494 - INFO - 
****************************************************************************************************
2026-10-01 17:00:15,170 - INFO - --- training epoch 4, loss 0.0402, mae 0.2459, rmse 0.2837, time elapsed(min) 0.09---
2026-10-01 17:00:15,588 - INFO - --- validation at epoch 4, val_loss 0.0401, val_mae 0.2397, val_rmse 0.2819, val_r2 -0.0208, val_pearson 0.2088, lr 1.00e-03 ---
2026-10-01 17:00:15,588 - INFO - 
****************************************************************************************************
2026-10-01 17:00:21,192 - INFO - --- training epoch 5, loss 0.0404, mae 0.2460, rmse 0.2841, time elapsed(min) 0.09---
2026-10-01 17:00:21,620 - INFO - --- validation at epoch 5, val_loss 0.0395, val_mae 0.2403, val_rmse 0.2803, val_r2 -0.0090, val_pearson 0.1884, lr 1.00e-03 ---
2026-10-01 17:00:21,620 - INFO - 
****************************************************************************************************
2026-10-01 17:00:27,188 - INFO - --- training epoch 6, loss 0.0400, mae 0.2452, rmse 0.2828, time elapsed(min) 0.09---
2026-10-01 17:00:27,797 - INFO - --- validation at epoch 6, val_loss 0.0398, val_mae 0.2397, val_rmse 0.2812, val_r2 -0.0157, val_pearson 0.2337, lr 1.00e-03 ---
2026-10-01 17:00:27,797 - INFO - 
****************************************************************************************************
2026-10-01 17:00:33,446 - INFO - --- training epoch 7, loss 0.0400, mae 0.2449, rmse 0.2828, time elapsed(min) 0.09---
2026-10-01 17:00:33,878 - INFO - --- validation at epoch 7, val_loss 0.0388, val_mae 0.2412, val_rmse 0.2784, val_r2 0.0042, val_pearson 0.2281, lr 1.00e-03 ---
2026-10-01 17:00:33,878 - INFO - 
****************************************************************************************************
2026-10-01 17:00:39,538 - INFO - --- training epoch 8, loss 0.0396, mae 0.2447, rmse 0.2816, time elapsed(min) 0.09---
2026-10-01 17:00:39,960 - INFO - --- validation at epoch 8, val_loss 0.0395, val_mae 0.2391, val_rmse 0.2804, val_r2 -0.0100, val_pearson 0.2434, lr 1.00e-03 ---
2026-10-01 17:00:39,960 - INFO - 
****************************************************************************************************
2026-10-01 17:00:45,578 - INFO - --- training epoch 9, loss 0.0400, mae 0.2452, rmse 0.2827, time elapsed(min) 0.09---
2026-10-01 17:00:46,061 - INFO - --- validation at epoch 9, val_loss 0.0395, val_mae 0.2382, val_rmse 0.2804, val_r2 -0.0100, val_pearson 0.2608, lr 1.00e-03 ---
2026-10-01 17:00:46,062 - INFO - 
****************************************************************************************************
2026-10-01 17:00:51,924 - INFO - --- training epoch 10, loss 0.0394, mae 0.2431, rmse 0.2808, time elapsed(min) 0.09---
2026-10-01 17:00:52,352 - INFO - --- validation at epoch 10, val_loss 0.0402, val_mae 0.2376, val_rmse 0.2830, val_r2 -0.0292, val_pearson 0.2595, lr 1.00e-03 ---
2026-10-01 17:00:52,352 - INFO - 
****************************************************************************************************
2026-10-01 17:00:57,907 - INFO - --- training epoch 11, loss 0.0392, mae 0.2426, rmse 0.2801, time elapsed(min) 0.09---
2026-10-01 17:00:58,327 - INFO - --- validation at epoch 11, val_loss 0.0375, val_mae 0.2367, val_rmse 0.2750, val_r2 0.0282, val_pearson 0.2818, lr 1.00e-03 ---
2026-10-01 17:00:58,327 - INFO - 
****************************************************************************************************
2026-10-01 17:01:04,060 - INFO - --- training epoch 12, loss 0.0389, mae 0.2417, rmse 0.2789, time elapsed(min) 0.09---
2026-10-01 17:01:04,487 - INFO - --- validation at epoch 12, val_loss 0.0381, val_mae 0.2354, val_rmse 0.2771, val_r2 0.0134, val_pearson 0.3156, lr 1.00e-03 ---
2026-10-01 17:01:04,487 - INFO - 
****************************************************************************************************
2026-10-01 17:01:10,218 - INFO - --- training epoch 13, loss 0.0391, mae 0.2411, rmse 0.2795, time elapsed(min) 0.09---
2026-10-01 17:01:10,836 - INFO - --- validation at epoch 13, val_loss 0.0377, val_mae 0.2357, val_rmse 0.2758, val_r2 0.0228, val_pearson 0.3028, lr 1.00e-03 ---
2026-10-01 17:01:10,836 - INFO - 
****************************************************************************************************
2026-10-01 17:01:16,511 - INFO - --- training epoch 14, loss 0.0386, mae 0.2402, rmse 0.2779, time elapsed(min) 0.09---
2026-10-01 17:01:16,942 - INFO - --- validation at epoch 14, val_loss 0.0368, val_mae 0.2335, val_rmse 0.2735, val_r2 0.0391, val_pearson 0.3155, lr 1.00e-03 ---
2026-10-01 17:01:16,942 - INFO - 
****************************************************************************************************
2026-10-01 17:01:22,612 - INFO - --- training epoch 15, loss 0.0385, mae 0.2390, rmse 0.2775, time elapsed(min) 0.09---
2026-10-01 17:01:23,032 - INFO - --- validation at epoch 15, val_loss 0.0415, val_mae 0.2363, val_rmse 0.2869, val_r2 -0.0571, val_pearson 0.2820, lr 1.00e-03 ---
2026-10-01 17:01:23,032 - INFO - 
****************************************************************************************************
2026-10-01 17:01:28,647 - INFO - --- training epoch 16, loss 0.0394, mae 0.2416, rmse 0.2806, time elapsed(min) 0.09---
2026-10-01 17:01:29,260 - INFO - --- validation at epoch 16, val_loss 0.0394, val_mae 0.2342, val_rmse 0.2806, val_r2 -0.0112, val_pearson 0.3062, lr 1.00e-03 ---
2026-10-01 17:01:29,260 - INFO - 
****************************************************************************************************
2026-10-01 17:01:35,026 - INFO - --- training epoch 17, loss 0.0386, mae 0.2380, rmse 0.2780, time elapsed(min) 0.09---
2026-10-01 17:01:35,449 - INFO - --- validation at epoch 17, val_loss 0.0408, val_mae 0.2341, val_rmse 0.2847, val_r2 -0.0409, val_pearson 0.2546, lr 1.00e-03 ---
2026-10-01 17:01:35,449 - INFO - 
****************************************************************************************************
2026-10-01 17:01:41,003 - INFO - --- training epoch 18, loss 0.0383, mae 0.2368, rmse 0.2767, time elapsed(min) 0.09---
2026-10-01 17:01:41,429 - INFO - --- validation at epoch 18, val_loss 0.0391, val_mae 0.2327, val_rmse 0.2793, val_r2 -0.0024, val_pearson 0.2562, lr 1.00e-03 ---
2026-10-01 17:01:41,429 - INFO - 
****************************************************************************************************
2026-10-01 17:01:47,074 - INFO - --- training epoch 19, loss 0.0381, mae 0.2365, rmse 0.2762, time elapsed(min) 0.09---
2026-10-01 17:01:47,720 - INFO - --- validation at epoch 19, val_loss 0.0384, val_mae 0.2305, val_rmse 0.2781, val_r2 0.0068, val_pearson 0.2831, lr 1.00e-03 ---
2026-10-01 17:01:47,720 - INFO - 
****************************************************************************************************
2026-10-01 17:01:53,555 - INFO - --- training epoch 20, loss 0.0372, mae 0.2318, rmse 0.2727, time elapsed(min) 0.09---
2026-10-01 17:01:53,979 - INFO - --- validation at epoch 20, val_loss 0.0391, val_mae 0.2280, val_rmse 0.2818, val_r2 -0.0200, val_pearson 0.3143, lr 1.00e-03 ---
2026-10-01 17:01:53,979 - INFO - 
****************************************************************************************************
2026-10-01 17:01:59,620 - INFO - --- training epoch 21, loss 0.0354, mae 0.2211, rmse 0.2662, time elapsed(min) 0.09---
2026-10-01 17:02:00,043 - INFO - --- validation at epoch 21, val_loss 0.0365, val_mae 0.2240, val_rmse 0.2752, val_r2 0.0275, val_pearson 0.2858, lr 1.00e-03 ---
2026-10-01 17:02:00,043 - INFO - 
****************************************************************************************************
2026-10-01 17:02:05,757 - INFO - --- training epoch 22, loss 0.0366, mae 0.2292, rmse 0.2706, time elapsed(min) 0.09---
2026-10-01 17:02:06,238 - INFO - --- validation at epoch 22, val_loss 0.0410, val_mae 0.2292, val_rmse 0.2883, val_r2 -0.0675, val_pearson 0.2865, lr 1.00e-03 ---
2026-10-01 17:02:06,239 - INFO - 
****************************************************************************************************
2026-10-01 17:02:12,177 - INFO - --- training epoch 23, loss 0.0337, mae 0.2124, rmse 0.2597, time elapsed(min) 0.09---
2026-10-01 17:02:12,610 - INFO - --- validation at epoch 23, val_loss 0.0319, val_mae 0.2096, val_rmse 0.2564, val_r2 0.1554, val_pearson 0.4059, lr 1.00e-03 ---
2026-10-01 17:02:12,610 - INFO - 
****************************************************************************************************
2026-10-01 17:02:18,273 - INFO - --- training epoch 24, loss 0.0325, mae 0.2071, rmse 0.2551, time elapsed(min) 0.09---
2026-10-01 17:02:18,695 - INFO - --- validation at epoch 24, val_loss 0.0330, val_mae 0.2109, val_rmse 0.2587, val_r2 0.1405, val_pearson 0.4429, lr 1.00e-03 ---
2026-10-01 17:02:18,695 - INFO - 
****************************************************************************************************
2026-10-01 17:02:24,283 - INFO - --- training epoch 25, loss 0.0326, mae 0.2062, rmse 0.2553, time elapsed(min) 0.09---
2026-10-01 17:02:24,774 - INFO - --- validation at epoch 25, val_loss 0.0364, val_mae 0.2171, val_rmse 0.2710, val_r2 0.0566, val_pearson 0.4581, lr 1.00e-03 ---
2026-10-01 17:02:24,774 - INFO - 
****************************************************************************************************
2026-10-01 17:02:30,494 - INFO - --- training epoch 26, loss 0.0328, mae 0.2097, rmse 0.2563, time elapsed(min) 0.09---
2026-10-01 17:02:31,110 - INFO - --- validation at epoch 26, val_loss 0.0316, val_mae 0.2082, val_rmse 0.2546, val_r2 0.1673, val_pearson 0.4607, lr 1.00e-03 ---
2026-10-01 17:02:31,110 - INFO - 
****************************************************************************************************
2026-10-01 17:02:36,932 - INFO - --- training epoch 27, loss 0.0315, mae 0.2035, rmse 0.2510, time elapsed(min) 0.09---
2026-10-01 17:02:37,387 - INFO - --- validation at epoch 27, val_loss 0.0310, val_mae 0.2072, val_rmse 0.2539, val_r2 0.1716, val_pearson 0.4777, lr 1.00e-03 ---
2026-10-01 17:02:37,387 - INFO - 
****************************************************************************************************
2026-10-01 17:02:43,053 - INFO - --- training epoch 28, loss 0.0313, mae 0.2036, rmse 0.2504, time elapsed(min) 0.09---
2026-10-01 17:02:43,484 - INFO - --- validation at epoch 28, val_loss 0.0330, val_mae 0.2090, val_rmse 0.2593, val_r2 0.1366, val_pearson 0.4800, lr 1.00e-03 ---
2026-10-01 17:02:43,484 - INFO - 
****************************************************************************************************
2026-10-01 17:02:49,115 - INFO - --- training epoch 29, loss 0.0314, mae 0.2025, rmse 0.2508, time elapsed(min) 0.09---
2026-10-01 17:02:49,702 - INFO - --- validation at epoch 29, val_loss 0.0311, val_mae 0.2059, val_rmse 0.2530, val_r2 0.1778, val_pearson 0.4904, lr 1.00e-03 ---
2026-10-01 17:02:49,702 - INFO - 
****************************************************************************************************
2026-10-01 17:02:55,636 - INFO - --- training epoch 30, loss 0.0309, mae 0.2007, rmse 0.2487, time elapsed(min) 0.09---
2026-10-01 17:02:56,059 - INFO - --- validation at epoch 30, val_loss 0.0305, val_mae 0.2042, val_rmse 0.2505, val_r2 0.1940, val_pearson 0.4955, lr 1.00e-03 ---
2026-10-01 17:02:56,060 - INFO - 
****************************************************************************************************
2026-10-01 17:03:01,716 - INFO - --- training epoch 31, loss 0.0308, mae 0.1996, rmse 0.2481, time elapsed(min) 0.09---
2026-10-01 17:03:02,142 - INFO - --- validation at epoch 31, val_loss 0.0299, val_mae 0.2025, val_rmse 0.2485, val_r2 0.2067, val_pearson 0.5050, lr 1.00e-03 ---
2026-10-01 17:03:02,142 - INFO - 
****************************************************************************************************
2026-10-01 17:03:07,851 - INFO - --- training epoch 32, loss 0.0302, mae 0.1983, rmse 0.2458, time elapsed(min) 0.09---
2026-10-01 17:03:08,345 - INFO - --- validation at epoch 32, val_loss 0.0284, val_mae 0.1993, val_rmse 0.2436, val_r2 0.2378, val_pearson 0.5139, lr 1.00e-03 ---
2026-10-01 17:03:08,345 - INFO - 
****************************************************************************************************
2026-10-01 17:03:14,329 - INFO - --- training epoch 33, loss 0.0292, mae 0.1939, rmse 0.2419, time elapsed(min) 0.09---
2026-10-01 17:03:14,758 - INFO - --- validation at epoch 33, val_loss 0.0254, val_mae 0.1858, val_rmse 0.2292, val_r2 0.3249, val_pearson 0.6441, lr 1.00e-03 ---
2026-10-01 17:03:14,759 - INFO - 
****************************************************************************************************
2026-10-01 17:03:20,526 - INFO - --- training epoch 34, loss 0.0289, mae 0.1933, rmse 0.2405, time elapsed(min) 0.09---
2026-10-01 17:03:20,956 - INFO - --- validation at epoch 34, val_loss 0.0241, val_mae 0.1763, val_rmse 0.2243, val_r2 0.3538, val_pearson 0.6247, lr 1.00e-03 ---
2026-10-01 17:03:20,956 - INFO - 
****************************************************************************************************
2026-10-01 17:03:26,700 - INFO - --- training epoch 35, loss 0.0256, mae 0.1776, rmse 0.2263, time elapsed(min) 0.09---
2026-10-01 17:03:27,190 - INFO - --- validation at epoch 35, val_loss 0.0198, val_mae 0.1642, val_rmse 0.2048, val_r2 0.4613, val_pearson 0.6863, lr 1.00e-03 ---
2026-10-01 17:03:27,190 - INFO - 
****************************************************************************************************
2026-10-01 17:03:33,231 - INFO - --- training epoch 36, loss 0.0244, mae 0.1741, rmse 0.2210, time elapsed(min) 0.09---
2026-10-01 17:03:33,652 - INFO - --- validation at epoch 36, val_loss 0.0190, val_mae 0.1627, val_rmse 0.2009, val_r2 0.4816, val_pearson 0.7038, lr 1.00e-03 ---
2026-10-01 17:03:33,652 - INFO - 
****************************************************************************************************
2026-10-01 17:03:39,366 - INFO - --- training epoch 37, loss 0.0242, mae 0.1729, rmse 0.2199, time elapsed(min) 0.09---
2026-10-01 17:03:39,794 - INFO - --- validation at epoch 37, val_loss 0.0201, val_mae 0.1640, val_rmse 0.2053, val_r2 0.4588, val_pearson 0.7093, lr 1.00e-03 ---
2026-10-01 17:03:39,795 - INFO - 
****************************************************************************************************
2026-10-01 17:03:45,364 - INFO - --- training epoch 38, loss 0.0235, mae 0.1702, rmse 0.2169, time elapsed(min) 0.09---
2026-10-01 17:03:45,843 - INFO - --- validation at epoch 38, val_loss 0.0180, val_mae 0.1553, val_rmse 0.1962, val_r2 0.5055, val_pearson 0.7212, lr 1.00e-03 ---
2026-10-01 17:03:45,843 - INFO - 
****************************************************************************************************
2026-10-01 17:03:51,878 - INFO - --- training epoch 39, loss 0.0237, mae 0.1696, rmse 0.2175, time elapsed(min) 0.09---
2026-10-01 17:03:52,314 - INFO - --- validation at epoch 39, val_loss 0.0193, val_mae 0.1590, val_rmse 0.2015, val_r2 0.4784, val_pearson 0.7219, lr 1.00e-03 ---
2026-10-01 17:03:52,314 - INFO - 
****************************************************************************************************
2026-10-01 17:03:57,867 - INFO - --- training epoch 40, loss 0.0233, mae 0.1689, rmse 0.2158, time elapsed(min) 0.09---
2026-10-01 17:03:58,296 - INFO - --- validation at epoch 40, val_loss 0.0196, val_mae 0.1593, val_rmse 0.2030, val_r2 0.4707, val_pearson 0.7227, lr 1.00e-03 ---
2026-10-01 17:03:58,296 - INFO - 
****************************************************************************************************
2026-10-01 17:04:03,900 - INFO - --- training epoch 41, loss 0.0237, mae 0.1698, rmse 0.2175, time elapsed(min) 0.09---
2026-10-01 17:04:04,388 - INFO - --- validation at epoch 41, val_loss 0.0225, val_mae 0.1694, val_rmse 0.2139, val_r2 0.4124, val_pearson 0.7286, lr 1.00e-03 ---
2026-10-01 17:04:04,388 - INFO - 
****************************************************************************************************
2026-10-01 17:04:10,293 - INFO - --- training epoch 42, loss 0.0232, mae 0.1695, rmse 0.2154, time elapsed(min) 0.09---
2026-10-01 17:04:10,725 - INFO - --- validation at epoch 42, val_loss 0.0208, val_mae 0.1611, val_rmse 0.2054, val_r2 0.4579, val_pearson 0.7394, lr 1.00e-03 ---
2026-10-01 17:04:10,725 - INFO - 
****************************************************************************************************
2026-10-01 17:04:16,329 - INFO - --- training epoch 43, loss 0.0223, mae 0.1647, rmse 0.2111, time elapsed(min) 0.09---
2026-10-01 17:04:16,758 - INFO - --- validation at epoch 43, val_loss 0.0195, val_mae 0.1650, val_rmse 0.2005, val_r2 0.4837, val_pearson 0.7211, lr 1.00e-03 ---
2026-10-01 17:04:16,758 - INFO - 
****************************************************************************************************
2026-10-01 17:04:22,416 - INFO - --- training epoch 44, loss 0.0232, mae 0.1680, rmse 0.2154, time elapsed(min) 0.09---
2026-10-01 17:04:22,904 - INFO - --- validation at epoch 44, val_loss 0.0201, val_mae 0.1573, val_rmse 0.2038, val_r2 0.4665, val_pearson 0.7530, lr 1.00e-03 ---
2026-10-01 17:04:22,904 - INFO - 
****************************************************************************************************
2026-10-01 17:04:28,676 - INFO - --- training epoch 45, loss 0.0215, mae 0.1609, rmse 0.2074, time elapsed(min) 0.09---
2026-10-01 17:04:29,299 - INFO - --- validation at epoch 45, val_loss 0.0174, val_mae 0.1482, val_rmse 0.1877, val_r2 0.5472, val_pearson 0.7518, lr 1.00e-03 ---
2026-10-01 17:04:29,300 - INFO - 
****************************************************************************************************
2026-10-01 17:04:35,136 - INFO - --- training epoch 46, loss 0.0227, mae 0.1657, rmse 0.2131, time elapsed(min) 0.09---
2026-10-01 17:04:35,559 - INFO - --- validation at epoch 46, val_loss 0.0188, val_mae 0.1528, val_rmse 0.1993, val_r2 0.4896, val_pearson 0.7550, lr 1.00e-03 ---
2026-10-01 17:04:35,559 - INFO - 
****************************************************************************************************
2026-10-01 17:04:41,131 - INFO - --- training epoch 47, loss 0.0202, mae 0.1554, rmse 0.2009, time elapsed(min) 0.09---
2026-10-01 17:04:41,554 - INFO - --- validation at epoch 47, val_loss 0.0185, val_mae 0.1490, val_rmse 0.1892, val_r2 0.5401, val_pearson 0.7520, lr 1.00e-03 ---
2026-10-01 17:04:41,554 - INFO - 
****************************************************************************************************
2026-10-01 17:04:47,227 - INFO - --- training epoch 48, loss 0.0200, mae 0.1557, rmse 0.2000, time elapsed(min) 0.09---
2026-10-01 17:04:47,853 - INFO - --- validation at epoch 48, val_loss 0.0168, val_mae 0.1454, val_rmse 0.1835, val_r2 0.5676, val_pearson 0.7630, lr 1.00e-03 ---
2026-10-01 17:04:47,853 - INFO - 
****************************************************************************************************
2026-10-01 17:04:53,734 - INFO - --- training epoch 49, loss 0.0208, mae 0.1582, rmse 0.2041, time elapsed(min) 0.09---
2026-10-01 17:04:54,173 - INFO - --- validation at epoch 49, val_loss 0.0180, val_mae 0.1481, val_rmse 0.1904, val_r2 0.5342, val_pearson 0.7643, lr 1.00e-03 ---
2026-10-01 17:04:54,173 - INFO - 
****************************************************************************************************
2026-10-01 17:04:59,841 - INFO - --- training epoch 50, loss 0.0198, mae 0.1537, rmse 0.1989, time elapsed(min) 0.09---
2026-10-01 17:05:00,271 - INFO - --- validation at epoch 50, val_loss 0.0171, val_mae 0.1446, val_rmse 0.1868, val_r2 0.5519, val_pearson 0.7702, lr 1.00e-03 ---
2026-10-01 17:05:00,272 - INFO - 
****************************************************************************************************
2026-10-01 17:05:06,006 - INFO - --- training epoch 51, loss 0.0193, mae 0.1512, rmse 0.1966, time elapsed(min) 0.09---
2026-10-01 17:05:06,625 - INFO - --- validation at epoch 51, val_loss 0.0166, val_mae 0.1472, val_rmse 0.1845, val_r2 0.5628, val_pearson 0.7553, lr 1.00e-03 ---
2026-10-01 17:05:06,625 - INFO - 
****************************************************************************************************
2026-10-01 17:05:12,493 - INFO - --- training epoch 52, loss 0.0195, mae 0.1523, rmse 0.1974, time elapsed(min) 0.09---
2026-10-01 17:05:12,927 - INFO - --- validation at epoch 52, val_loss 0.0196, val_mae 0.1516, val_rmse 0.1941, val_r2 0.5162, val_pearson 0.7536, lr 1.00e-03 ---
2026-10-01 17:05:12,927 - INFO - 
****************************************************************************************************
2026-10-01 17:05:18,530 - INFO - --- training epoch 53, loss 0.0194, mae 0.1523, rmse 0.1971, time elapsed(min) 0.09---
2026-10-01 17:05:18,949 - INFO - --- validation at epoch 53, val_loss 0.0164, val_mae 0.1444, val_rmse 0.1786, val_r2 0.5901, val_pearson 0.7752, lr 1.00e-03 ---
2026-10-01 17:05:18,949 - INFO - 
****************************************************************************************************
2026-10-01 17:05:24,693 - INFO - --- training epoch 54, loss 0.0198, mae 0.1531, rmse 0.1989, time elapsed(min) 0.09---
2026-10-01 17:05:25,318 - INFO - --- validation at epoch 54, val_loss 0.0165, val_mae 0.1476, val_rmse 0.1834, val_r2 0.5681, val_pearson 0.7723, lr 1.00e-03 ---
2026-10-01 17:05:25,318 - INFO - 
****************************************************************************************************
2026-10-01 17:05:31,069 - INFO - --- training epoch 55, loss 0.0197, mae 0.1528, rmse 0.1986, time elapsed(min) 0.09---
2026-10-01 17:05:31,502 - INFO - --- validation at epoch 55, val_loss 0.0175, val_mae 0.1430, val_rmse 0.1870, val_r2 0.5507, val_pearson 0.7714, lr 1.00e-03 ---
2026-10-01 17:05:31,502 - INFO - 
****************************************************************************************************
2026-10-01 17:05:37,084 - INFO - --- training epoch 56, loss 0.0188, mae 0.1489, rmse 0.1939, time elapsed(min) 0.09---
2026-10-01 17:05:37,505 - INFO - --- validation at epoch 56, val_loss 0.0174, val_mae 0.1477, val_rmse 0.1835, val_r2 0.5677, val_pearson 0.7679, lr 1.00e-03 ---
2026-10-01 17:05:37,505 - INFO - 
****************************************************************************************************
2026-10-01 17:05:43,191 - INFO - --- training epoch 57, loss 0.0194, mae 0.1517, rmse 0.1969, time elapsed(min) 0.09---
2026-10-01 17:05:43,849 - INFO - --- validation at epoch 57, val_loss 0.0179, val_mae 0.1437, val_rmse 0.1859, val_r2 0.5559, val_pearson 0.7731, lr 1.00e-03 ---
2026-10-01 17:05:43,849 - INFO - 
****************************************************************************************************
2026-10-01 17:05:49,588 - INFO - --- training epoch 58, loss 0.0184, mae 0.1472, rmse 0.1920, time elapsed(min) 0.09---
2026-10-01 17:05:50,024 - INFO - --- validation at epoch 58, val_loss 0.0181, val_mae 0.1435, val_rmse 0.1831, val_r2 0.5692, val_pearson 0.7594, lr 1.00e-03 ---
2026-10-01 17:05:50,024 - INFO - 
****************************************************************************************************
2026-10-01 17:05:55,624 - INFO - --- training epoch 59, loss 0.0188, mae 0.1486, rmse 0.1941, time elapsed(min) 0.09---
2026-10-01 17:05:56,049 - INFO - --- validation at epoch 59, val_loss 0.0177, val_mae 0.1436, val_rmse 0.1841, val_r2 0.5645, val_pearson 0.7834, lr 1.00e-03 ---
2026-10-01 17:05:56,049 - INFO - 
****************************************************************************************************
2026-10-01 17:06:01,695 - INFO - --- training epoch 60, loss 0.0184, mae 0.1466, rmse 0.1919, time elapsed(min) 0.09---
2026-10-01 17:06:02,182 - INFO - --- validation at epoch 60, val_loss 0.0162, val_mae 0.1384, val_rmse 0.1775, val_r2 0.5954, val_pearson 0.7805, lr 1.00e-03 ---
2026-10-01 17:06:02,182 - INFO - 
****************************************************************************************************
2026-10-01 17:06:08,161 - INFO - --- training epoch 61, loss 0.0184, mae 0.1457, rmse 0.1916, time elapsed(min) 0.09---
2026-10-01 17:06:08,595 - INFO - --- validation at epoch 61, val_loss 0.0181, val_mae 0.1418, val_rmse 0.1836, val_r2 0.5670, val_pearson 0.7662, lr 1.00e-03 ---
2026-10-01 17:06:08,595 - INFO - 
****************************************************************************************************
2026-10-01 17:06:14,232 - INFO - --- training epoch 62, loss 0.0187, mae 0.1471, rmse 0.1935, time elapsed(min) 0.09---
2026-10-01 17:06:14,660 - INFO - --- validation at epoch 62, val_loss 0.0197, val_mae 0.1526, val_rmse 0.1900, val_r2 0.5362, val_pearson 0.7374, lr 1.00e-03 ---
2026-10-01 17:06:14,660 - INFO - 
****************************************************************************************************
2026-10-01 17:06:20,322 - INFO - --- training epoch 63, loss 0.0188, mae 0.1495, rmse 0.1938, time elapsed(min) 0.09---
2026-10-01 17:06:20,810 - INFO - --- validation at epoch 63, val_loss 0.0175, val_mae 0.1428, val_rmse 0.1796, val_r2 0.5855, val_pearson 0.7787, lr 1.00e-03 ---
2026-10-01 17:06:20,810 - INFO - 
****************************************************************************************************
2026-10-01 17:06:26,588 - INFO - --- training epoch 64, loss 0.0184, mae 0.1468, rmse 0.1918, time elapsed(min) 0.09---
2026-10-01 17:06:27,215 - INFO - --- validation at epoch 64, val_loss 0.0181, val_mae 0.1439, val_rmse 0.1874, val_r2 0.5490, val_pearson 0.7818, lr 1.00e-03 ---
2026-10-01 17:06:27,215 - INFO - 
****************************************************************************************************
2026-10-01 17:06:32,995 - INFO - --- training epoch 65, loss 0.0174, mae 0.1422, rmse 0.1866, time elapsed(min) 0.09---
2026-10-01 17:06:33,421 - INFO - --- validation at epoch 65, val_loss 0.0168, val_mae 0.1381, val_rmse 0.1774, val_r2 0.5956, val_pearson 0.7827, lr 1.00e-03 ---
2026-10-01 17:06:33,421 - INFO - 
****************************************************************************************************
2026-10-01 17:06:39,066 - INFO - --- training epoch 66, loss 0.0180, mae 0.1449, rmse 0.1895, time elapsed(min) 0.09---
2026-10-01 17:06:39,492 - INFO - --- validation at epoch 66, val_loss 0.0188, val_mae 0.1485, val_rmse 0.1925, val_r2 0.5240, val_pearson 0.7921, lr 1.00e-03 ---
2026-10-01 17:06:39,493 - INFO - 
****************************************************************************************************
2026-10-01 17:06:45,162 - INFO - --- training epoch 67, loss 0.0175, mae 0.1431, rmse 0.1871, time elapsed(min) 0.09---
2026-10-01 17:06:45,797 - INFO - --- validation at epoch 67, val_loss 0.0169, val_mae 0.1395, val_rmse 0.1783, val_r2 0.5915, val_pearson 0.8014, lr 1.00e-03 ---
2026-10-01 17:06:45,797 - INFO - 
****************************************************************************************************
2026-10-01 17:06:51,563 - INFO - --- training epoch 68, loss 0.0176, mae 0.1420, rmse 0.1875, time elapsed(min) 0.09---
2026-10-01 17:06:51,995 - INFO - --- validation at epoch 68, val_loss 0.0153, val_mae 0.1333, val_rmse 0.1694, val_r2 0.6315, val_pearson 0.8106, lr 1.00e-03 ---
2026-10-01 17:06:51,995 - INFO - 
****************************************************************************************************
2026-10-01 17:06:57,736 - INFO - --- training epoch 69, loss 0.0171, mae 0.1405, rmse 0.1848, time elapsed(min) 0.09---
2026-10-01 17:06:58,162 - INFO - --- validation at epoch 69, val_loss 0.0163, val_mae 0.1311, val_rmse 0.1717, val_r2 0.6212, val_pearson 0.7888, lr 1.00e-03 ---
2026-10-01 17:06:58,162 - INFO - 
****************************************************************************************************
2026-10-01 17:07:03,819 - INFO - --- training epoch 70, loss 0.0183, mae 0.1451, rmse 0.1912, time elapsed(min) 0.09---
2026-10-01 17:07:04,446 - INFO - --- validation at epoch 70, val_loss 0.0192, val_mae 0.1501, val_rmse 0.1930, val_r2 0.5215, val_pearson 0.7709, lr 1.00e-03 ---
2026-10-01 17:07:04,446 - INFO - 
****************************************************************************************************
2026-10-01 17:07:10,393 - INFO - --- training epoch 71, loss 0.0172, mae 0.1413, rmse 0.1856, time elapsed(min) 0.09---
2026-10-01 17:07:10,820 - INFO - --- validation at epoch 71, val_loss 0.0162, val_mae 0.1373, val_rmse 0.1755, val_r2 0.6045, val_pearson 0.8093, lr 1.00e-03 ---
2026-10-01 17:07:10,820 - INFO - 
****************************************************************************************************
2026-10-01 17:07:16,451 - INFO - --- training epoch 72, loss 0.0176, mae 0.1420, rmse 0.1878, time elapsed(min) 0.09---
2026-10-01 17:07:16,875 - INFO - --- validation at epoch 72, val_loss 0.0149, val_mae 0.1343, val_rmse 0.1705, val_r2 0.6267, val_pearson 0.7940, lr 1.00e-03 ---
2026-10-01 17:07:16,875 - INFO - 
****************************************************************************************************
2026-10-01 17:07:22,573 - INFO - --- training epoch 73, loss 0.0178, mae 0.1431, rmse 0.1888, time elapsed(min) 0.09---
2026-10-01 17:07:23,058 - INFO - --- validation at epoch 73, val_loss 0.0151, val_mae 0.1334, val_rmse 0.1679, val_r2 0.6378, val_pearson 0.8083, lr 1.00e-03 ---
2026-10-01 17:07:23,058 - INFO - 
****************************************************************************************************
2026-10-01 17:07:28,969 - INFO - --- training epoch 74, loss 0.0178, mae 0.1436, rmse 0.1886, time elapsed(min) 0.09---
2026-10-01 17:07:29,434 - INFO - --- validation at epoch 74, val_loss 0.0162, val_mae 0.1383, val_rmse 0.1803, val_r2 0.5825, val_pearson 0.7939, lr 1.00e-03 ---
2026-10-01 17:07:29,434 - INFO - 
****************************************************************************************************
2026-10-01 17:07:35,022 - INFO - --- training epoch 75, loss 0.0171, mae 0.1406, rmse 0.1852, time elapsed(min) 0.09---
2026-10-01 17:07:35,456 - INFO - --- validation at epoch 75, val_loss 0.0165, val_mae 0.1367, val_rmse 0.1782, val_r2 0.5920, val_pearson 0.8034, lr 1.00e-03 ---
2026-10-01 17:07:35,456 - INFO - 
****************************************************************************************************
2026-10-01 17:07:41,073 - INFO - --- training epoch 76, loss 0.0169, mae 0.1388, rmse 0.1840, time elapsed(min) 0.09---
2026-10-01 17:07:41,554 - INFO - --- validation at epoch 76, val_loss 0.0150, val_mae 0.1314, val_rmse 0.1695, val_r2 0.6307, val_pearson 0.8090, lr 1.00e-03 ---
2026-10-01 17:07:41,555 - INFO - 
****************************************************************************************************
2026-10-01 17:07:47,341 - INFO - --- training epoch 77, loss 0.0166, mae 0.1384, rmse 0.1824, time elapsed(min) 0.09---
2026-10-01 17:07:48,097 - INFO - --- validation at epoch 77, val_loss 0.0155, val_mae 0.1365, val_rmse 0.1744, val_r2 0.6092, val_pearson 0.8189, lr 1.00e-03 ---
2026-10-01 17:07:48,097 - INFO - 
****************************************************************************************************
2026-10-01 17:07:53,681 - INFO - --- training epoch 78, loss 0.0168, mae 0.1390, rmse 0.1832, time elapsed(min) 0.09---
2026-10-01 17:07:54,110 - INFO - --- validation at epoch 78, val_loss 0.0157, val_mae 0.1309, val_rmse 0.1708, val_r2 0.6251, val_pearson 0.7992, lr 1.00e-03 ---
2026-10-01 17:07:54,110 - INFO - 
****************************************************************************************************
2026-10-01 17:07:59,773 - INFO - --- training epoch 79, loss 0.0172, mae 0.1396, rmse 0.1852, time elapsed(min) 0.09---
2026-10-01 17:08:00,206 - INFO - --- validation at epoch 79, val_loss 0.0180, val_mae 0.1429, val_rmse 0.1823, val_r2 0.5729, val_pearson 0.7769, lr 1.00e-03 ---
2026-10-01 17:08:00,206 - INFO - 
****************************************************************************************************
2026-10-01 17:08:06,022 - INFO - --- training epoch 80, loss 0.0175, mae 0.1430, rmse 0.1872, time elapsed(min) 0.09---
2026-10-01 17:08:06,637 - INFO - --- validation at epoch 80, val_loss 0.0137, val_mae 0.1293, val_rmse 0.1627, val_r2 0.6600, val_pearson 0.8252, lr 1.00e-03 ---
2026-10-01 17:08:06,638 - INFO - 
****************************************************************************************************
2026-10-01 17:08:12,485 - INFO - --- training epoch 81, loss 0.0169, mae 0.1393, rmse 0.1838, time elapsed(min) 0.09---
2026-10-01 17:08:12,907 - INFO - --- validation at epoch 81, val_loss 0.0162, val_mae 0.1326, val_rmse 0.1766, val_r2 0.5993, val_pearson 0.7984, lr 1.00e-03 ---
2026-10-01 17:08:12,907 - INFO - 
****************************************************************************************************
2026-10-01 17:08:18,599 - INFO - --- training epoch 82, loss 0.0165, mae 0.1373, rmse 0.1817, time elapsed(min) 0.09---
2026-10-01 17:08:19,037 - INFO - --- validation at epoch 82, val_loss 0.0156, val_mae 0.1308, val_rmse 0.1701, val_r2 0.6285, val_pearson 0.8146, lr 1.00e-03 ---
2026-10-01 17:08:19,037 - INFO - 
****************************************************************************************************
2026-10-01 17:08:24,715 - INFO - --- training epoch 83, loss 0.0162, mae 0.1364, rmse 0.1801, time elapsed(min) 0.09---
2026-10-01 17:08:25,352 - INFO - --- validation at epoch 83, val_loss 0.0169, val_mae 0.1362, val_rmse 0.1741, val_r2 0.6107, val_pearson 0.8004, lr 1.00e-03 ---
2026-10-01 17:08:25,352 - INFO - 
****************************************************************************************************
2026-10-01 17:08:31,249 - INFO - --- training epoch 84, loss 0.0165, mae 0.1376, rmse 0.1815, time elapsed(min) 0.09---
2026-10-01 17:08:31,684 - INFO - --- validation at epoch 84, val_loss 0.0177, val_mae 0.1400, val_rmse 0.1805, val_r2 0.5813, val_pearson 0.8111, lr 1.00e-03 ---
2026-10-01 17:08:31,684 - INFO - 
****************************************************************************************************
2026-10-01 17:08:37,304 - INFO - --- training epoch 85, loss 0.0169, mae 0.1384, rmse 0.1837, time elapsed(min) 0.09---
2026-10-01 17:08:37,734 - INFO - --- validation at epoch 85, val_loss 0.0173, val_mae 0.1392, val_rmse 0.1825, val_r2 0.5721, val_pearson 0.7942, lr 1.00e-03 ---
2026-10-01 17:08:37,734 - INFO - 
****************************************************************************************************
2026-10-01 17:08:43,308 - INFO - --- training epoch 86, loss 0.0160, mae 0.1353, rmse 0.1786, time elapsed(min) 0.09---
2026-10-01 17:08:43,909 - INFO - --- validation at epoch 86, val_loss 0.0145, val_mae 0.1265, val_rmse 0.1643, val_r2 0.6531, val_pearson 0.8296, lr 1.00e-03 ---
2026-10-01 17:08:43,909 - INFO - 
****************************************************************************************************
2026-10-01 17:08:49,832 - INFO - --- training epoch 87, loss 0.0161, mae 0.1349, rmse 0.1793, time elapsed(min) 0.09---
2026-10-01 17:08:50,260 - INFO - --- validation at epoch 87, val_loss 0.0157, val_mae 0.1270, val_rmse 0.1675, val_r2 0.6395, val_pearson 0.8141, lr 1.00e-03 ---
2026-10-01 17:08:50,260 - INFO - 
****************************************************************************************************
2026-10-01 17:08:55,869 - INFO - --- training epoch 88, loss 0.0157, mae 0.1328, rmse 0.1770, time elapsed(min) 0.09---
2026-10-01 17:08:56,307 - INFO - --- validation at epoch 88, val_loss 0.0150, val_mae 0.1255, val_rmse 0.1648, val_r2 0.6511, val_pearson 0.8207, lr 1.00e-03 ---
2026-10-01 17:08:56,307 - INFO - 
****************************************************************************************************
2026-10-01 17:09:02,041 - INFO - --- training epoch 89, loss 0.0161, mae 0.1349, rmse 0.1793, time elapsed(min) 0.09---
2026-10-01 17:09:02,468 - INFO - --- validation at epoch 89, val_loss 0.0199, val_mae 0.1468, val_rmse 0.1913, val_r2 0.5301, val_pearson 0.8106, lr 1.00e-03 ---
2026-10-01 17:09:02,468 - INFO - 
****************************************************************************************************
2026-10-01 17:09:08,242 - INFO - --- training epoch 90, loss 0.0163, mae 0.1358, rmse 0.1805, time elapsed(min) 0.09---
2026-10-01 17:09:08,895 - INFO - --- validation at epoch 90, val_loss 0.0173, val_mae 0.1393, val_rmse 0.1804, val_r2 0.5820, val_pearson 0.8031, lr 1.00e-03 ---
2026-10-01 17:09:08,895 - INFO - 
****************************************************************************************************
2026-10-01 17:09:09,411 - INFO - --- early stopping at epoch 90: val_loss did not improve for 10 epochs ---
2026-10-01 17:09:09,889 - INFO - --- selected checkpoint from epoch 80, val_loss 0.0137, val_mae 0.1293, val_rmse 0.1627
2026-10-01 17:09:11,482 - INFO - -- RESULT
2026-10-01 17:09:11,482 - INFO - --- test size: 1728
2026-10-01 17:09:11,482 - INFO - --- MAE: 0.1327 (13.27 pp), RMSE: 0.1733 (17.33 pp), R2: 0.6199, Pearson: 0.7944
