2026-10-01 11:52:02,147 - INFO - device is	cuda:0
2026-10-01 11:52:02,233 - INFO - -- CONFIGURATIONS
2026-10-01 11:52:02,233 - INFO - --- train/valid/test: 2491/277/1187
2026-10-01 11:52:02,233 - INFO - --- max no. reactants_train, valid, test respectively: 6, 6, 6
2026-10-01 11:52:02,233 - INFO - --- max no. products_train, valid, test respectively: 1, 1, 1
2026-10-01 11:52:02,233 - INFO - --- model_path: ../logs/approach1_server/approach_2/bh/runs/fullcv10_split70/model.pt
2026-10-01 11:52:02,242 - INFO - -- TRAINING
2026-10-01 11:52:03,014 - INFO - --- training epoch 0, loss 24.8067, mae 25.3027, rmse 31.6734, time elapsed(min) 0.01---
2026-10-01 11:52:03,174 - INFO - --- validation at epoch 0, val_loss 22.2915, val_mae 23.5337, val_rmse 28.2256, val_r2 -0.0813, val_pearson -0.2805, lr 1.00e-03 ---
2026-10-01 11:52:03,175 - INFO - 
****************************************************************************************************
2026-10-01 11:52:04,204 - INFO - --- training epoch 1, loss 22.7643, mae 23.2618, rmse 27.8024, time elapsed(min) 0.01---
2026-10-01 11:52:04,350 - INFO - --- validation at epoch 1, val_loss 22.4575, val_mae 23.4906, val_rmse 28.4136, val_r2 -0.0958, val_pearson 0.0592, lr 1.00e-03 ---
2026-10-01 11:52:04,350 - INFO - 
****************************************************************************************************
2026-10-01 11:52:05,158 - INFO - --- training epoch 2, loss 22.3610, mae 22.8579, rmse 27.7209, time elapsed(min) 0.01---
2026-10-01 11:52:05,322 - INFO - --- validation at epoch 2, val_loss 23.5169, val_mae 24.3777, val_rmse 30.6331, val_r2 -0.2736, val_pearson 0.0880, lr 1.00e-03 ---
2026-10-01 11:52:05,322 - INFO - 
****************************************************************************************************
2026-10-01 11:52:06,104 - INFO - --- training epoch 3, loss 22.1145, mae 22.6102, rmse 27.4100, time elapsed(min) 0.01---
2026-10-01 11:52:06,269 - INFO - --- validation at epoch 3, val_loss 22.9047, val_mae 23.3137, val_rmse 27.9155, val_r2 -0.0577, val_pearson 0.0843, lr 1.00e-03 ---
2026-10-01 11:52:06,269 - INFO - 
****************************************************************************************************
2026-10-01 11:52:07,392 - INFO - --- training epoch 4, loss 22.0427, mae 22.5393, rmse 27.4273, time elapsed(min) 0.01---
2026-10-01 11:52:07,555 - INFO - --- validation at epoch 4, val_loss 22.4683, val_mae 23.0728, val_rmse 28.0934, val_r2 -0.0712, val_pearson 0.1019, lr 1.00e-03 ---
2026-10-01 11:52:07,555 - INFO - 
****************************************************************************************************
2026-10-01 11:52:08,553 - INFO - --- training epoch 5, loss 21.8373, mae 22.3337, rmse 27.2071, time elapsed(min) 0.01---
2026-10-01 11:52:08,721 - INFO - --- validation at epoch 5, val_loss 22.2237, val_mae 23.0977, val_rmse 27.7388, val_r2 -0.0443, val_pearson 0.0914, lr 1.00e-03 ---
2026-10-01 11:52:08,721 - INFO - 
****************************************************************************************************
2026-10-01 11:52:09,850 - INFO - --- training epoch 6, loss 22.2311, mae 22.7265, rmse 27.3733, time elapsed(min) 0.01---
2026-10-01 11:52:10,008 - INFO - --- validation at epoch 6, val_loss 22.6668, val_mae 23.1849, val_rmse 27.4684, val_r2 -0.0241, val_pearson 0.1059, lr 1.00e-03 ---
2026-10-01 11:52:10,009 - INFO - 
****************************************************************************************************
2026-10-01 11:52:10,979 - INFO - --- training epoch 7, loss 22.3011, mae 22.7968, rmse 27.6673, time elapsed(min) 0.01---
2026-10-01 11:52:11,128 - INFO - --- validation at epoch 7, val_loss 23.2278, val_mae 23.9460, val_rmse 29.7235, val_r2 -0.1991, val_pearson 0.0993, lr 1.00e-03 ---
2026-10-01 11:52:11,128 - INFO - 
****************************************************************************************************
2026-10-01 11:52:11,953 - INFO - --- training epoch 8, loss 22.2011, mae 22.6945, rmse 27.6902, time elapsed(min) 0.01---
2026-10-01 11:52:12,107 - INFO - --- validation at epoch 8, val_loss 22.9306, val_mae 23.2562, val_rmse 27.4278, val_r2 -0.0211, val_pearson 0.1098, lr 1.00e-03 ---
2026-10-01 11:52:12,107 - INFO - 
****************************************************************************************************
2026-10-01 11:52:13,102 - INFO - --- training epoch 9, loss 21.9334, mae 22.4293, rmse 27.0527, time elapsed(min) 0.01---
2026-10-01 11:52:13,276 - INFO - --- validation at epoch 9, val_loss 22.6930, val_mae 23.1614, val_rmse 27.8417, val_r2 -0.0521, val_pearson 0.1100, lr 1.00e-03 ---
2026-10-01 11:52:13,276 - INFO - 
****************************************************************************************************
2026-10-01 11:52:14,294 - INFO - --- training epoch 10, loss 21.8558, mae 22.3531, rmse 27.0706, time elapsed(min) 0.01---
2026-10-01 11:52:14,455 - INFO - --- validation at epoch 10, val_loss 22.5267, val_mae 22.9506, val_rmse 27.4694, val_r2 -0.0241, val_pearson 0.1287, lr 1.00e-03 ---
2026-10-01 11:52:14,455 - INFO - 
****************************************************************************************************
2026-10-01 11:52:15,536 - INFO - --- training epoch 11, loss 22.0359, mae 22.5317, rmse 27.2856, time elapsed(min) 0.01---
2026-10-01 11:52:15,691 - INFO - --- validation at epoch 11, val_loss 23.3894, val_mae 24.2717, val_rmse 30.5172, val_r2 -0.2640, val_pearson 0.1486, lr 1.00e-03 ---
2026-10-01 11:52:15,691 - INFO - 
****************************************************************************************************
2026-10-01 11:52:16,885 - INFO - --- training epoch 12, loss 21.9373, mae 22.4339, rmse 27.3349, time elapsed(min) 0.01---
2026-10-01 11:52:17,056 - INFO - --- validation at epoch 12, val_loss 22.3958, val_mae 22.8125, val_rmse 27.1937, val_r2 -0.0037, val_pearson 0.1602, lr 1.00e-03 ---
2026-10-01 11:52:17,056 - INFO - 
****************************************************************************************************
2026-10-01 11:52:17,897 - INFO - --- training epoch 13, loss 21.4903, mae 21.9872, rmse 26.4724, time elapsed(min) 0.01---
2026-10-01 11:52:18,061 - INFO - --- validation at epoch 13, val_loss 22.0815, val_mae 22.6135, val_rmse 27.1449, val_r2 -0.0001, val_pearson 0.2103, lr 1.00e-03 ---
2026-10-01 11:52:18,061 - INFO - 
****************************************************************************************************
2026-10-01 11:52:18,966 - INFO - --- training epoch 14, loss 21.2845, mae 21.7808, rmse 26.1240, time elapsed(min) 0.01---
2026-10-01 11:52:19,131 - INFO - --- validation at epoch 14, val_loss 21.5008, val_mae 21.9227, val_rmse 26.6101, val_r2 0.0389, val_pearson 0.2872, lr 1.00e-03 ---
2026-10-01 11:52:19,131 - INFO - 
****************************************************************************************************
2026-10-01 11:52:20,190 - INFO - --- training epoch 15, loss 20.8956, mae 21.3917, rmse 25.7764, time elapsed(min) 0.01---
2026-10-01 11:52:20,342 - INFO - --- validation at epoch 15, val_loss 21.3131, val_mae 21.7599, val_rmse 26.0506, val_r2 0.0789, val_pearson 0.3097, lr 1.00e-03 ---
2026-10-01 11:52:20,343 - INFO - 
****************************************************************************************************
2026-10-01 11:52:21,419 - INFO - --- training epoch 16, loss 20.7399, mae 21.2365, rmse 25.6237, time elapsed(min) 0.01---
2026-10-01 11:52:21,578 - INFO - --- validation at epoch 16, val_loss 22.1894, val_mae 22.3316, val_rmse 26.4517, val_r2 0.0503, val_pearson 0.3327, lr 1.00e-03 ---
2026-10-01 11:52:21,578 - INFO - 
****************************************************************************************************
2026-10-01 11:52:22,609 - INFO - --- training epoch 17, loss 20.7857, mae 21.2810, rmse 25.4250, time elapsed(min) 0.01---
2026-10-01 11:52:22,950 - INFO - --- validation at epoch 17, val_loss 21.3617, val_mae 21.5643, val_rmse 25.8154, val_r2 0.0955, val_pearson 0.3458, lr 1.00e-03 ---
2026-10-01 11:52:22,951 - INFO - 
****************************************************************************************************
2026-10-01 11:52:23,963 - INFO - --- training epoch 18, loss 20.3189, mae 20.8147, rmse 25.0340, time elapsed(min) 0.01---
2026-10-01 11:52:24,120 - INFO - --- validation at epoch 18, val_loss 20.8934, val_mae 21.4027, val_rmse 25.4565, val_r2 0.1204, val_pearson 0.3734, lr 1.00e-03 ---
2026-10-01 11:52:24,120 - INFO - 
****************************************************************************************************
2026-10-01 11:52:25,034 - INFO - --- training epoch 19, loss 20.2501, mae 20.7453, rmse 25.1281, time elapsed(min) 0.01---
2026-10-01 11:52:25,201 - INFO - --- validation at epoch 19, val_loss 20.5963, val_mae 21.0320, val_rmse 25.7695, val_r2 0.0987, val_pearson 0.3933, lr 1.00e-03 ---
2026-10-01 11:52:25,201 - INFO - 
****************************************************************************************************
2026-10-01 11:52:26,262 - INFO - --- training epoch 20, loss 19.8967, mae 20.3909, rmse 24.8672, time elapsed(min) 0.01---
2026-10-01 11:52:26,406 - INFO - --- validation at epoch 20, val_loss 20.0735, val_mae 20.7135, val_rmse 25.0640, val_r2 0.1474, val_pearson 0.4136, lr 1.00e-03 ---
2026-10-01 11:52:26,406 - INFO - 
****************************************************************************************************
2026-10-01 11:52:27,492 - INFO - --- training epoch 21, loss 21.0742, mae 21.5690, rmse 26.4458, time elapsed(min) 0.01---
2026-10-01 11:52:27,655 - INFO - --- validation at epoch 21, val_loss 22.7745, val_mae 22.7518, val_rmse 26.7611, val_r2 0.0280, val_pearson 0.2794, lr 1.00e-03 ---
2026-10-01 11:52:27,655 - INFO - 
****************************************************************************************************
2026-10-01 11:52:28,669 - INFO - --- training epoch 22, loss 21.0441, mae 21.5396, rmse 25.6319, time elapsed(min) 0.01---
2026-10-01 11:52:28,996 - INFO - --- validation at epoch 22, val_loss 21.2941, val_mae 21.6736, val_rmse 25.4319, val_r2 0.1221, val_pearson 0.3541, lr 1.00e-03 ---
2026-10-01 11:52:28,997 - INFO - 
****************************************************************************************************
2026-10-01 11:52:29,989 - INFO - --- training epoch 23, loss 20.4371, mae 20.9332, rmse 25.2068, time elapsed(min) 0.01---
2026-10-01 11:52:30,152 - INFO - --- validation at epoch 23, val_loss 20.8588, val_mae 21.2622, val_rmse 25.5371, val_r2 0.1149, val_pearson 0.3620, lr 1.00e-03 ---
2026-10-01 11:52:30,152 - INFO - 
****************************************************************************************************
2026-10-01 11:52:31,001 - INFO - --- training epoch 24, loss 20.4980, mae 20.9952, rmse 25.4843, time elapsed(min) 0.01---
2026-10-01 11:52:31,161 - INFO - --- validation at epoch 24, val_loss 21.1362, val_mae 21.4834, val_rmse 25.4595, val_r2 0.1202, val_pearson 0.3737, lr 1.00e-03 ---
2026-10-01 11:52:31,161 - INFO - 
****************************************************************************************************
2026-10-01 11:52:32,135 - INFO - --- training epoch 25, loss 20.1296, mae 20.6237, rmse 25.2604, time elapsed(min) 0.01---
2026-10-01 11:52:32,295 - INFO - --- validation at epoch 25, val_loss 20.5083, val_mae 21.0040, val_rmse 25.7147, val_r2 0.1025, val_pearson 0.3673, lr 1.00e-03 ---
2026-10-01 11:52:32,295 - INFO - 
****************************************************************************************************
2026-10-01 11:52:33,305 - INFO - --- training epoch 26, loss 20.0890, mae 20.5837, rmse 25.3857, time elapsed(min) 0.01---
2026-10-01 11:52:33,469 - INFO - --- validation at epoch 26, val_loss 20.1975, val_mae 20.8209, val_rmse 25.4708, val_r2 0.1195, val_pearson 0.3813, lr 1.00e-03 ---
2026-10-01 11:52:33,469 - INFO - 
****************************************************************************************************
2026-10-01 11:52:34,490 - INFO - --- training epoch 27, loss 19.9103, mae 20.4060, rmse 25.0579, time elapsed(min) 0.01---
2026-10-01 11:52:34,648 - INFO - --- validation at epoch 27, val_loss 19.9045, val_mae 20.6545, val_rmse 25.2927, val_r2 0.1317, val_pearson 0.3864, lr 1.00e-03 ---
2026-10-01 11:52:34,648 - INFO - 
****************************************************************************************************
2026-10-01 11:52:35,733 - INFO - --- training epoch 28, loss 20.0820, mae 20.5765, rmse 25.2619, time elapsed(min) 0.01---
2026-10-01 11:52:35,895 - INFO - --- validation at epoch 28, val_loss 20.2231, val_mae 20.7703, val_rmse 25.1926, val_r2 0.1386, val_pearson 0.3916, lr 1.00e-03 ---
2026-10-01 11:52:35,896 - INFO - 
****************************************************************************************************
2026-10-01 11:52:36,738 - INFO - --- training epoch 29, loss 20.2441, mae 20.7393, rmse 25.5724, time elapsed(min) 0.01---
2026-10-01 11:52:36,892 - INFO - --- validation at epoch 29, val_loss 21.1117, val_mae 21.4735, val_rmse 25.5801, val_r2 0.1119, val_pearson 0.3714, lr 1.00e-03 ---
2026-10-01 11:52:36,892 - INFO - 
****************************************************************************************************
2026-10-01 11:52:37,740 - INFO - --- training epoch 30, loss 20.2236, mae 20.7193, rmse 25.3040, time elapsed(min) 0.01---
2026-10-01 11:52:37,908 - INFO - --- validation at epoch 30, val_loss 20.6094, val_mae 21.0756, val_rmse 25.6241, val_r2 0.1088, val_pearson 0.3551, lr 1.00e-03 ---
2026-10-01 11:52:37,908 - INFO - 
****************************************************************************************************
2026-10-01 11:52:38,911 - INFO - --- training epoch 31, loss 20.0069, mae 20.5012, rmse 25.3079, time elapsed(min) 0.01---
2026-10-01 11:52:39,071 - INFO - --- validation at epoch 31, val_loss 20.1181, val_mae 20.6899, val_rmse 25.3777, val_r2 0.1259, val_pearson 0.3869, lr 1.00e-03 ---
2026-10-01 11:52:39,071 - INFO - 
****************************************************************************************************
2026-10-01 11:52:40,113 - INFO - --- training epoch 32, loss 19.7012, mae 20.1968, rmse 25.0904, time elapsed(min) 0.01---
2026-10-01 11:52:40,265 - INFO - --- validation at epoch 32, val_loss 19.9552, val_mae 20.5892, val_rmse 25.2951, val_r2 0.1316, val_pearson 0.3977, lr 1.00e-03 ---
2026-10-01 11:52:40,265 - INFO - 
****************************************************************************************************
2026-10-01 11:52:41,333 - INFO - --- training epoch 33, loss 20.0341, mae 20.5285, rmse 25.4075, time elapsed(min) 0.01---
2026-10-01 11:52:41,688 - INFO - --- validation at epoch 33, val_loss 20.3924, val_mae 20.9564, val_rmse 25.1436, val_r2 0.1419, val_pearson 0.3984, lr 1.00e-03 ---
2026-10-01 11:52:41,688 - INFO - 
****************************************************************************************************
2026-10-01 11:52:42,687 - INFO - --- training epoch 34, loss 20.0684, mae 20.5629, rmse 25.4046, time elapsed(min) 0.01---
2026-10-01 11:52:42,845 - INFO - --- validation at epoch 34, val_loss 20.6208, val_mae 21.0368, val_rmse 25.4051, val_r2 0.1240, val_pearson 0.3806, lr 1.00e-03 ---
2026-10-01 11:52:42,845 - INFO - 
****************************************************************************************************
2026-10-01 11:52:43,696 - INFO - --- training epoch 35, loss 19.9079, mae 20.4035, rmse 25.2143, time elapsed(min) 0.01---
2026-10-01 11:52:43,858 - INFO - --- validation at epoch 35, val_loss 20.7872, val_mae 21.1278, val_rmse 25.6418, val_r2 0.1076, val_pearson 0.3846, lr 1.00e-03 ---
2026-10-01 11:52:43,858 - INFO - 
****************************************************************************************************
2026-10-01 11:52:44,865 - INFO - --- training epoch 36, loss 20.6096, mae 21.1063, rmse 25.9447, time elapsed(min) 0.01---
2026-10-01 11:52:45,026 - INFO - --- validation at epoch 36, val_loss 21.3018, val_mae 21.6008, val_rmse 25.6814, val_r2 0.1048, val_pearson 0.3666, lr 1.00e-03 ---
2026-10-01 11:52:45,026 - INFO - 
****************************************************************************************************
2026-10-01 11:52:46,223 - INFO - --- training epoch 37, loss 20.5164, mae 21.0116, rmse 25.9311, time elapsed(min) 0.02---
2026-10-01 11:52:46,388 - INFO - --- validation at epoch 37, val_loss 20.8442, val_mae 21.3437, val_rmse 25.4230, val_r2 0.1228, val_pearson 0.3582, lr 1.00e-03 ---
2026-10-01 11:52:46,388 - INFO - 
****************************************************************************************************
2026-10-01 11:52:46,691 - INFO - --- early stopping at epoch 37: val_loss did not improve for 10 epochs ---
2026-10-01 11:52:47,021 - INFO - --- selected checkpoint from epoch 27, val_loss 19.9045, val_mae 20.6545, val_rmse 25.2927
2026-10-01 11:52:47,602 - INFO - -- RESULT
2026-10-01 11:52:47,602 - INFO - --- test size: 1187
2026-10-01 11:52:47,602 - INFO - --- MAE: 19.7358 pp, RMSE: 23.9143 pp, R2: 0.2460, Pearson: 0.5019
2026-10-01 11:52:47,603 - INFO - --- fullcv10_split70: MAE 19.735782264324616, RMSE 23.914311806342724, R2 0.24600631690959684
2026-10-01 11:52:47,613 - INFO - --- training test1 (npz/bh/test1)
