2026-10-01 11:49:23,704 - INFO - device is	cuda:0
2026-10-01 11:49:23,794 - INFO - -- CONFIGURATIONS
2026-10-01 11:49:23,794 - INFO - --- train/valid/test: 2491/277/1187
2026-10-01 11:49:23,794 - INFO - --- max no. reactants_train, valid, test respectively: 6, 6, 6
2026-10-01 11:49:23,794 - INFO - --- max no. products_train, valid, test respectively: 1, 1, 1
2026-10-01 11:49:23,794 - INFO - --- model_path: ../logs/bh_approach1_grid/runs/bh/fullcv04_split70/approach_3/model.pt
2026-10-01 11:49:23,802 - INFO - -- TRAINING
2026-10-01 11:49:24,481 - INFO - --- training epoch 0, loss 23.6821, mae 24.1768, rmse 29.5328, time elapsed(min) 0.01---
2026-10-01 11:49:24,661 - INFO - --- validation at epoch 0, val_loss 23.7427, val_mae 23.5863, val_rmse 27.5732, val_r2 -0.0502, val_pearson -0.2696, lr 1.00e-03 ---
2026-10-01 11:49:24,661 - INFO - 
****************************************************************************************************
2026-10-01 11:49:25,762 - INFO - --- training epoch 1, loss 23.0863, mae 23.5830, rmse 28.1341, time elapsed(min) 0.01---
2026-10-01 11:49:25,921 - INFO - --- validation at epoch 1, val_loss 22.6979, val_mae 22.7424, val_rmse 26.8981, val_r2 0.0006, val_pearson 0.0691, lr 1.00e-03 ---
2026-10-01 11:49:25,921 - INFO - 
****************************************************************************************************
2026-10-01 11:49:27,153 - INFO - --- training epoch 2, loss 22.8404, mae 23.3379, rmse 27.5633, time elapsed(min) 0.01---
2026-10-01 11:49:27,320 - INFO - --- validation at epoch 2, val_loss 23.2867, val_mae 23.0892, val_rmse 26.8040, val_r2 0.0076, val_pearson 0.2144, lr 1.00e-03 ---
2026-10-01 11:49:27,320 - INFO - 
****************************************************************************************************
2026-10-01 11:49:28,531 - INFO - --- training epoch 3, loss 22.6358, mae 23.1323, rmse 27.2826, time elapsed(min) 0.01---
2026-10-01 11:49:28,692 - INFO - --- validation at epoch 3, val_loss 22.9426, val_mae 22.8080, val_rmse 26.4873, val_r2 0.0309, val_pearson 0.2847, lr 1.00e-03 ---
2026-10-01 11:49:28,692 - INFO - 
****************************************************************************************************
2026-10-01 11:49:30,033 - INFO - --- training epoch 4, loss 22.6017, mae 23.0984, rmse 27.2053, time elapsed(min) 0.02---
2026-10-01 11:49:30,193 - INFO - --- validation at epoch 4, val_loss 21.4312, val_mae 22.0155, val_rmse 27.4665, val_r2 -0.0421, val_pearson 0.3449, lr 1.00e-03 ---
2026-10-01 11:49:30,193 - INFO - 
****************************************************************************************************
2026-10-01 11:49:31,493 - INFO - --- training epoch 5, loss 22.6879, mae 23.1846, rmse 27.6130, time elapsed(min) 0.01---
2026-10-01 11:49:31,841 - INFO - --- validation at epoch 5, val_loss 21.6902, val_mae 21.9871, val_rmse 25.8409, val_r2 0.0776, val_pearson 0.3398, lr 1.00e-03 ---
2026-10-01 11:49:31,841 - INFO - 
****************************************************************************************************
2026-10-01 11:49:33,032 - INFO - --- training epoch 6, loss 21.8412, mae 22.3380, rmse 26.2717, time elapsed(min) 0.01---
2026-10-01 11:49:33,196 - INFO - --- validation at epoch 6, val_loss 21.7824, val_mae 21.9514, val_rmse 25.6803, val_r2 0.0890, val_pearson 0.3483, lr 1.00e-03 ---
2026-10-01 11:49:33,196 - INFO - 
****************************************************************************************************
2026-10-01 11:49:34,263 - INFO - --- training epoch 7, loss 21.4398, mae 21.9365, rmse 26.1968, time elapsed(min) 0.01---
2026-10-01 11:49:34,434 - INFO - --- validation at epoch 7, val_loss 20.8470, val_mae 21.3260, val_rmse 25.3375, val_r2 0.1132, val_pearson 0.3559, lr 1.00e-03 ---
2026-10-01 11:49:34,434 - INFO - 
****************************************************************************************************
2026-10-01 11:49:35,547 - INFO - --- training epoch 8, loss 21.2294, mae 21.7258, rmse 26.0266, time elapsed(min) 0.01---
2026-10-01 11:49:35,722 - INFO - --- validation at epoch 8, val_loss 20.3546, val_mae 20.9088, val_rmse 25.2170, val_r2 0.1216, val_pearson 0.3593, lr 1.00e-03 ---
2026-10-01 11:49:35,722 - INFO - 
****************************************************************************************************
2026-10-01 11:49:37,192 - INFO - --- training epoch 9, loss 21.2056, mae 21.7008, rmse 26.2265, time elapsed(min) 0.02---
2026-10-01 11:49:37,362 - INFO - --- validation at epoch 9, val_loss 22.1990, val_mae 22.5322, val_rmse 26.5592, val_r2 0.0256, val_pearson 0.3101, lr 1.00e-03 ---
2026-10-01 11:49:37,362 - INFO - 
****************************************************************************************************
2026-10-01 11:49:38,660 - INFO - --- training epoch 10, loss 21.8291, mae 22.3249, rmse 26.4244, time elapsed(min) 0.02---
2026-10-01 11:49:38,829 - INFO - --- validation at epoch 10, val_loss 21.6153, val_mae 21.7598, val_rmse 25.6136, val_r2 0.0938, val_pearson 0.3601, lr 1.00e-03 ---
2026-10-01 11:49:38,829 - INFO - 
****************************************************************************************************
2026-10-01 11:49:40,109 - INFO - --- training epoch 11, loss 21.3410, mae 21.8375, rmse 26.0876, time elapsed(min) 0.02---
2026-10-01 11:49:40,532 - INFO - --- validation at epoch 11, val_loss 20.3328, val_mae 20.8620, val_rmse 25.3449, val_r2 0.1127, val_pearson 0.3738, lr 1.00e-03 ---
2026-10-01 11:49:40,533 - INFO - 
****************************************************************************************************
2026-10-01 11:49:41,791 - INFO - --- training epoch 12, loss 20.7878, mae 21.2833, rmse 25.6162, time elapsed(min) 0.01---
2026-10-01 11:49:41,950 - INFO - --- validation at epoch 12, val_loss 20.1330, val_mae 20.5876, val_rmse 24.8287, val_r2 0.1485, val_pearson 0.3889, lr 1.00e-03 ---
2026-10-01 11:49:41,951 - INFO - 
****************************************************************************************************
2026-10-01 11:49:43,077 - INFO - --- training epoch 13, loss 20.6741, mae 21.1713, rmse 25.4836, time elapsed(min) 0.01---
2026-10-01 11:49:43,253 - INFO - --- validation at epoch 13, val_loss 19.9163, val_mae 20.2761, val_rmse 24.7020, val_r2 0.1571, val_pearson 0.4038, lr 1.00e-03 ---
2026-10-01 11:49:43,253 - INFO - 
****************************************************************************************************
2026-10-01 11:49:44,564 - INFO - --- training epoch 14, loss 21.0510, mae 21.5477, rmse 26.0131, time elapsed(min) 0.01---
2026-10-01 11:49:44,729 - INFO - --- validation at epoch 14, val_loss 20.6170, val_mae 21.3383, val_rmse 25.2433, val_r2 0.1198, val_pearson 0.3712, lr 1.00e-03 ---
2026-10-01 11:49:44,729 - INFO - 
****************************************************************************************************
2026-10-01 11:49:45,990 - INFO - --- training epoch 15, loss 21.0068, mae 21.5030, rmse 25.8272, time elapsed(min) 0.01---
2026-10-01 11:49:46,173 - INFO - --- validation at epoch 15, val_loss 20.7288, val_mae 21.1755, val_rmse 25.3504, val_r2 0.1123, val_pearson 0.4018, lr 1.00e-03 ---
2026-10-01 11:49:46,173 - INFO - 
****************************************************************************************************
2026-10-01 11:49:47,456 - INFO - --- training epoch 16, loss 20.7088, mae 21.2046, rmse 25.4926, time elapsed(min) 0.01---
2026-10-01 11:49:47,608 - INFO - --- validation at epoch 16, val_loss 20.3939, val_mae 20.7401, val_rmse 24.8951, val_r2 0.1439, val_pearson 0.4115, lr 1.00e-03 ---
2026-10-01 11:49:47,608 - INFO - 
****************************************************************************************************
2026-10-01 11:49:48,844 - INFO - --- training epoch 17, loss 20.4519, mae 20.9493, rmse 25.2264, time elapsed(min) 0.01---
2026-10-01 11:49:49,024 - INFO - --- validation at epoch 17, val_loss 20.7415, val_mae 21.2210, val_rmse 25.2130, val_r2 0.1219, val_pearson 0.3650, lr 1.00e-03 ---
2026-10-01 11:49:49,024 - INFO - 
****************************************************************************************************
2026-10-01 11:49:50,086 - INFO - --- training epoch 18, loss 21.5486, mae 22.0439, rmse 26.0806, time elapsed(min) 0.01---
2026-10-01 11:49:50,254 - INFO - --- validation at epoch 18, val_loss 21.3074, val_mae 21.6371, val_rmse 25.5576, val_r2 0.0977, val_pearson 0.3630, lr 1.00e-03 ---
2026-10-01 11:49:50,254 - INFO - 
****************************************************************************************************
2026-10-01 11:49:51,538 - INFO - --- training epoch 19, loss 20.8145, mae 21.3096, rmse 25.7731, time elapsed(min) 0.01---
2026-10-01 11:49:51,709 - INFO - --- validation at epoch 19, val_loss 20.0044, val_mae 20.4190, val_rmse 24.6062, val_r2 0.1637, val_pearson 0.4245, lr 1.00e-03 ---
2026-10-01 11:49:51,709 - INFO - 
****************************************************************************************************
2026-10-01 11:49:52,966 - INFO - --- training epoch 20, loss 20.3409, mae 20.8377, rmse 25.1669, time elapsed(min) 0.01---
2026-10-01 11:49:53,130 - INFO - --- validation at epoch 20, val_loss 20.2525, val_mae 20.5391, val_rmse 24.3458, val_r2 0.1813, val_pearson 0.4699, lr 1.00e-03 ---
2026-10-01 11:49:53,130 - INFO - 
****************************************************************************************************
2026-10-01 11:49:54,410 - INFO - --- training epoch 21, loss 20.1303, mae 20.6251, rmse 25.0917, time elapsed(min) 0.01---
2026-10-01 11:49:54,564 - INFO - --- validation at epoch 21, val_loss 19.9423, val_mae 20.2869, val_rmse 24.3230, val_r2 0.1828, val_pearson 0.4570, lr 1.00e-03 ---
2026-10-01 11:49:54,564 - INFO - 
****************************************************************************************************
2026-10-01 11:49:55,787 - INFO - --- training epoch 22, loss 20.0311, mae 20.5266, rmse 24.8401, time elapsed(min) 0.01---
2026-10-01 11:49:55,958 - INFO - --- validation at epoch 22, val_loss 20.0284, val_mae 20.2428, val_rmse 24.3018, val_r2 0.1842, val_pearson 0.4766, lr 1.00e-03 ---
2026-10-01 11:49:55,958 - INFO - 
****************************************************************************************************
2026-10-01 11:49:57,036 - INFO - --- training epoch 23, loss 19.9876, mae 20.4824, rmse 24.8566, time elapsed(min) 0.01---
2026-10-01 11:49:57,204 - INFO - --- validation at epoch 23, val_loss 19.4537, val_mae 19.7494, val_rmse 23.6044, val_r2 0.2304, val_pearson 0.4901, lr 1.00e-03 ---
2026-10-01 11:49:57,204 - INFO - 
****************************************************************************************************
2026-10-01 11:49:58,500 - INFO - --- training epoch 24, loss 19.8463, mae 20.3412, rmse 24.6457, time elapsed(min) 0.01---
2026-10-01 11:49:58,668 - INFO - --- validation at epoch 24, val_loss 19.1852, val_mae 19.7313, val_rmse 23.7431, val_r2 0.2213, val_pearson 0.4761, lr 1.00e-03 ---
2026-10-01 11:49:58,668 - INFO - 
****************************************************************************************************
2026-10-01 11:49:59,977 - INFO - --- training epoch 25, loss 19.8137, mae 20.3091, rmse 24.7173, time elapsed(min) 0.01---
2026-10-01 11:50:00,138 - INFO - --- validation at epoch 25, val_loss 19.9060, val_mae 20.1467, val_rmse 24.1185, val_r2 0.1965, val_pearson 0.4780, lr 1.00e-03 ---
2026-10-01 11:50:00,138 - INFO - 
****************************************************************************************************
2026-10-01 11:50:01,437 - INFO - --- training epoch 26, loss 19.8365, mae 20.3318, rmse 24.6354, time elapsed(min) 0.02---
2026-10-01 11:50:01,613 - INFO - --- validation at epoch 26, val_loss 19.4536, val_mae 19.7220, val_rmse 23.5908, val_r2 0.2313, val_pearson 0.4955, lr 1.00e-03 ---
2026-10-01 11:50:01,613 - INFO - 
****************************************************************************************************
2026-10-01 11:50:03,037 - INFO - --- training epoch 27, loss 19.8616, mae 20.3579, rmse 24.8791, time elapsed(min) 0.02---
2026-10-01 11:50:03,201 - INFO - --- validation at epoch 27, val_loss 20.3324, val_mae 20.7991, val_rmse 24.6992, val_r2 0.1573, val_pearson 0.4722, lr 1.00e-03 ---
2026-10-01 11:50:03,201 - INFO - 
****************************************************************************************************
2026-10-01 11:50:04,294 - INFO - --- training epoch 28, loss 20.4967, mae 20.9927, rmse 25.2137, time elapsed(min) 0.01---
2026-10-01 11:50:04,462 - INFO - --- validation at epoch 28, val_loss 21.7332, val_mae 21.6445, val_rmse 24.9219, val_r2 0.1421, val_pearson 0.4551, lr 1.00e-03 ---
2026-10-01 11:50:04,463 - INFO - 
****************************************************************************************************
2026-10-01 11:50:05,530 - INFO - --- training epoch 29, loss 20.5890, mae 21.0850, rmse 25.2239, time elapsed(min) 0.01---
2026-10-01 11:50:05,710 - INFO - --- validation at epoch 29, val_loss 20.6448, val_mae 20.7270, val_rmse 24.8161, val_r2 0.1493, val_pearson 0.4575, lr 1.00e-03 ---
2026-10-01 11:50:05,711 - INFO - 
****************************************************************************************************
2026-10-01 11:50:06,973 - INFO - --- training epoch 30, loss 20.4584, mae 20.9553, rmse 25.1219, time elapsed(min) 0.01---
2026-10-01 11:50:07,142 - INFO - --- validation at epoch 30, val_loss 21.6865, val_mae 21.7366, val_rmse 25.8573, val_r2 0.0764, val_pearson 0.4702, lr 1.00e-03 ---
2026-10-01 11:50:07,142 - INFO - 
****************************************************************************************************
2026-10-01 11:50:08,434 - INFO - --- training epoch 31, loss 20.3500, mae 20.8460, rmse 25.1869, time elapsed(min) 0.02---
2026-10-01 11:50:08,599 - INFO - --- validation at epoch 31, val_loss 20.6797, val_mae 20.9186, val_rmse 25.1301, val_r2 0.1277, val_pearson 0.4662, lr 1.00e-03 ---
2026-10-01 11:50:08,599 - INFO - 
****************************************************************************************************
2026-10-01 11:50:09,876 - INFO - --- training epoch 32, loss 20.2312, mae 20.7274, rmse 25.1265, time elapsed(min) 0.01---
2026-10-01 11:50:10,253 - INFO - --- validation at epoch 32, val_loss 21.4133, val_mae 21.5214, val_rmse 25.9544, val_r2 0.0695, val_pearson 0.4701, lr 1.00e-03 ---
2026-10-01 11:50:10,253 - INFO - 
****************************************************************************************************
2026-10-01 11:50:11,481 - INFO - --- training epoch 33, loss 20.3311, mae 20.8262, rmse 25.2224, time elapsed(min) 0.01---
2026-10-01 11:50:11,650 - INFO - --- validation at epoch 33, val_loss 21.0131, val_mae 20.9329, val_rmse 24.6475, val_r2 0.1608, val_pearson 0.4682, lr 1.00e-03 ---
2026-10-01 11:50:11,650 - INFO - 
****************************************************************************************************
2026-10-01 11:50:12,738 - INFO - --- training epoch 34, loss 20.6528, mae 21.1486, rmse 25.2309, time elapsed(min) 0.01---
2026-10-01 11:50:12,901 - INFO - --- validation at epoch 34, val_loss 20.5274, val_mae 20.6675, val_rmse 24.6730, val_r2 0.1591, val_pearson 0.4613, lr 1.00e-03 ---
2026-10-01 11:50:12,901 - INFO - 
****************************************************************************************************
2026-10-01 11:50:13,295 - INFO - --- early stopping at epoch 34: val_loss did not improve for 10 epochs ---
2026-10-01 11:50:13,497 - INFO - --- selected checkpoint from epoch 24, val_loss 19.1852, val_mae 19.7313, val_rmse 23.7431
2026-10-01 11:50:13,956 - INFO - -- RESULT
2026-10-01 11:50:13,956 - INFO - --- test size: 1187
2026-10-01 11:50:13,956 - INFO - --- MAE: 19.9375 pp, RMSE: 24.3468 pp, R2: 0.1952, Pearson: 0.4706
2026-10-01 11:50:15,092 - INFO - --- Cell approach_3 DONE: test MAE=19.9375 RMSE=24.3468 R2=0.1952 | sec/epoch=1.41
2026-10-01 11:50:15,105 - INFO - === RUNNING: dataset=bh split=fullcv04_split70 cell=approach_2 (tokens=comb, pooling=mean, head=mlp) ===
