2026-10-01 11:39:22,316 - INFO - device is	cuda:0
2026-10-01 11:39:22,398 - INFO - -- CONFIGURATIONS
2026-10-01 11:39:22,399 - INFO - --- train/valid/test: 2491/277/1187
2026-10-01 11:39:22,399 - INFO - --- max no. reactants_train, valid, test respectively: 6, 6, 6
2026-10-01 11:39:22,399 - INFO - --- max no. products_train, valid, test respectively: 1, 1, 1
2026-10-01 11:39:22,399 - INFO - --- model_path: ../logs/approach1_server/approach_3/bh/runs/fullcv03_split70/model.pt
2026-10-01 11:39:22,405 - INFO - -- TRAINING
2026-10-01 11:39:22,952 - INFO - --- training epoch 0, loss 23.6478, mae 24.1435, rmse 29.4432, time elapsed(min) 0.01---
2026-10-01 11:39:23,113 - INFO - --- validation at epoch 0, val_loss 22.3371, val_mae 23.5262, val_rmse 27.7850, val_r2 -0.0482, val_pearson -0.3981, lr 1.00e-03 ---
2026-10-01 11:39:23,113 - INFO - 
****************************************************************************************************
2026-10-01 11:39:23,966 - INFO - --- training epoch 1, loss 22.8730, mae 23.3697, rmse 27.8803, time elapsed(min) 0.01---
2026-10-01 11:39:24,126 - INFO - --- validation at epoch 1, val_loss 22.0189, val_mae 23.2809, val_rmse 27.4759, val_r2 -0.0250, val_pearson 0.2324, lr 1.00e-03 ---
2026-10-01 11:39:24,126 - INFO - 
****************************************************************************************************
2026-10-01 11:39:25,191 - INFO - --- training epoch 2, loss 22.5695, mae 23.0666, rmse 27.3264, time elapsed(min) 0.01---
2026-10-01 11:39:25,344 - INFO - --- validation at epoch 2, val_loss 21.3934, val_mae 22.8761, val_rmse 26.7599, val_r2 0.0277, val_pearson 0.2824, lr 1.00e-03 ---
2026-10-01 11:39:25,344 - INFO - 
****************************************************************************************************
2026-10-01 11:39:26,351 - INFO - --- training epoch 3, loss 22.6738, mae 23.1707, rmse 27.2673, time elapsed(min) 0.01---
2026-10-01 11:39:26,499 - INFO - --- validation at epoch 3, val_loss 21.6415, val_mae 23.0001, val_rmse 27.1117, val_r2 0.0020, val_pearson 0.2345, lr 1.00e-03 ---
2026-10-01 11:39:26,499 - INFO - 
****************************************************************************************************
2026-10-01 11:39:27,466 - INFO - --- training epoch 4, loss 22.4083, mae 22.9038, rmse 27.0556, time elapsed(min) 0.01---
2026-10-01 11:39:27,624 - INFO - --- validation at epoch 4, val_loss 21.3001, val_mae 22.7543, val_rmse 26.7755, val_r2 0.0266, val_pearson 0.3197, lr 1.00e-03 ---
2026-10-01 11:39:27,624 - INFO - 
****************************************************************************************************
2026-10-01 11:39:28,679 - INFO - --- training epoch 5, loss 22.4716, mae 22.9682, rmse 27.0305, time elapsed(min) 0.01---
2026-10-01 11:39:29,008 - INFO - --- validation at epoch 5, val_loss 20.9220, val_mae 22.0245, val_rmse 26.3874, val_r2 0.0546, val_pearson 0.4198, lr 1.00e-03 ---
2026-10-01 11:39:29,008 - INFO - 
****************************************************************************************************
2026-10-01 11:39:30,013 - INFO - --- training epoch 6, loss 21.7949, mae 22.2911, rmse 26.1976, time elapsed(min) 0.01---
2026-10-01 11:39:30,180 - INFO - --- validation at epoch 6, val_loss 20.7959, val_mae 21.6360, val_rmse 24.8959, val_r2 0.1585, val_pearson 0.4481, lr 1.00e-03 ---
2026-10-01 11:39:30,180 - INFO - 
****************************************************************************************************
2026-10-01 11:39:31,041 - INFO - --- training epoch 7, loss 21.8104, mae 22.3071, rmse 26.4639, time elapsed(min) 0.01---
2026-10-01 11:39:31,197 - INFO - --- validation at epoch 7, val_loss 20.4603, val_mae 20.9642, val_rmse 25.1487, val_r2 0.1413, val_pearson 0.3927, lr 1.00e-03 ---
2026-10-01 11:39:31,197 - INFO - 
****************************************************************************************************
2026-10-01 11:39:32,231 - INFO - --- training epoch 8, loss 22.0102, mae 22.5071, rmse 26.8060, time elapsed(min) 0.01---
2026-10-01 11:39:32,386 - INFO - --- validation at epoch 8, val_loss 21.5668, val_mae 22.1063, val_rmse 26.9930, val_r2 0.0107, val_pearson 0.3499, lr 1.00e-03 ---
2026-10-01 11:39:32,386 - INFO - 
****************************************************************************************************
2026-10-01 11:39:33,359 - INFO - --- training epoch 9, loss 21.5363, mae 22.0322, rmse 26.3011, time elapsed(min) 0.01---
2026-10-01 11:39:33,500 - INFO - --- validation at epoch 9, val_loss 20.4549, val_mae 20.8644, val_rmse 25.3862, val_r2 0.1250, val_pearson 0.4051, lr 1.00e-03 ---
2026-10-01 11:39:33,500 - INFO - 
****************************************************************************************************
2026-10-01 11:39:34,572 - INFO - --- training epoch 10, loss 21.4896, mae 21.9858, rmse 26.0778, time elapsed(min) 0.01---
2026-10-01 11:39:34,737 - INFO - --- validation at epoch 10, val_loss 20.4383, val_mae 20.9566, val_rmse 25.3789, val_r2 0.1255, val_pearson 0.4242, lr 1.00e-03 ---
2026-10-01 11:39:34,737 - INFO - 
****************************************************************************************************
2026-10-01 11:39:35,745 - INFO - --- training epoch 11, loss 21.2514, mae 21.7485, rmse 25.9356, time elapsed(min) 0.01---
2026-10-01 11:39:35,894 - INFO - --- validation at epoch 11, val_loss 20.5325, val_mae 20.7393, val_rmse 24.4141, val_r2 0.1907, val_pearson 0.4466, lr 1.00e-03 ---
2026-10-01 11:39:35,894 - INFO - 
****************************************************************************************************
2026-10-01 11:39:36,703 - INFO - --- training epoch 12, loss 21.1111, mae 21.6068, rmse 25.8604, time elapsed(min) 0.01---
2026-10-01 11:39:36,870 - INFO - --- validation at epoch 12, val_loss 19.7956, val_mae 20.2769, val_rmse 24.4635, val_r2 0.1874, val_pearson 0.4675, lr 1.00e-03 ---
2026-10-01 11:39:36,870 - INFO - 
****************************************************************************************************
2026-10-01 11:39:37,886 - INFO - --- training epoch 13, loss 20.8666, mae 21.3626, rmse 25.8786, time elapsed(min) 0.01---
2026-10-01 11:39:38,033 - INFO - --- validation at epoch 13, val_loss 20.0452, val_mae 20.1312, val_rmse 24.0854, val_r2 0.2124, val_pearson 0.4688, lr 1.00e-03 ---
2026-10-01 11:39:38,033 - INFO - 
****************************************************************************************************
2026-10-01 11:39:39,015 - INFO - --- training epoch 14, loss 20.6282, mae 21.1239, rmse 25.5625, time elapsed(min) 0.01---
2026-10-01 11:39:39,178 - INFO - --- validation at epoch 14, val_loss 19.6068, val_mae 19.6736, val_rmse 24.5386, val_r2 0.1825, val_pearson 0.4802, lr 1.00e-03 ---
2026-10-01 11:39:39,178 - INFO - 
****************************************************************************************************
2026-10-01 11:39:40,378 - INFO - --- training epoch 15, loss 20.6684, mae 21.1645, rmse 25.6144, time elapsed(min) 0.01---
2026-10-01 11:39:40,548 - INFO - --- validation at epoch 15, val_loss 19.2620, val_mae 19.4041, val_rmse 23.8898, val_r2 0.2251, val_pearson 0.5032, lr 1.00e-03 ---
2026-10-01 11:39:40,548 - INFO - 
****************************************************************************************************
2026-10-01 11:39:41,633 - INFO - --- training epoch 16, loss 20.9166, mae 21.4123, rmse 25.7365, time elapsed(min) 0.01---
2026-10-01 11:39:41,963 - INFO - --- validation at epoch 16, val_loss 19.1717, val_mae 19.7448, val_rmse 24.7053, val_r2 0.1713, val_pearson 0.5074, lr 1.00e-03 ---
2026-10-01 11:39:41,963 - INFO - 
****************************************************************************************************
2026-10-01 11:39:42,984 - INFO - --- training epoch 17, loss 20.3743, mae 20.8707, rmse 25.2449, time elapsed(min) 0.01---
2026-10-01 11:39:43,143 - INFO - --- validation at epoch 17, val_loss 19.0461, val_mae 19.1281, val_rmse 23.7500, val_r2 0.2342, val_pearson 0.5132, lr 1.00e-03 ---
2026-10-01 11:39:43,143 - INFO - 
****************************************************************************************************
2026-10-01 11:39:44,046 - INFO - --- training epoch 18, loss 20.6708, mae 21.1663, rmse 25.6995, time elapsed(min) 0.01---
2026-10-01 11:39:44,206 - INFO - --- validation at epoch 18, val_loss 19.5296, val_mae 19.6729, val_rmse 23.4553, val_r2 0.2530, val_pearson 0.5126, lr 1.00e-03 ---
2026-10-01 11:39:44,206 - INFO - 
****************************************************************************************************
2026-10-01 11:39:45,186 - INFO - --- training epoch 19, loss 20.4809, mae 20.9776, rmse 25.1469, time elapsed(min) 0.01---
2026-10-01 11:39:45,350 - INFO - --- validation at epoch 19, val_loss 19.1092, val_mae 19.4221, val_rmse 23.2292, val_r2 0.2674, val_pearson 0.5189, lr 1.00e-03 ---
2026-10-01 11:39:45,350 - INFO - 
****************************************************************************************************
2026-10-01 11:39:46,326 - INFO - --- training epoch 20, loss 20.4357, mae 20.9317, rmse 25.2570, time elapsed(min) 0.01---
2026-10-01 11:39:46,485 - INFO - --- validation at epoch 20, val_loss 18.8427, val_mae 19.2828, val_rmse 24.2837, val_r2 0.1993, val_pearson 0.5179, lr 1.00e-03 ---
2026-10-01 11:39:46,485 - INFO - 
****************************************************************************************************
2026-10-01 11:39:47,520 - INFO - --- training epoch 21, loss 20.1873, mae 20.6840, rmse 25.0125, time elapsed(min) 0.01---
2026-10-01 11:39:47,684 - INFO - --- validation at epoch 21, val_loss 19.2109, val_mae 19.2223, val_rmse 24.0061, val_r2 0.2175, val_pearson 0.5104, lr 1.00e-03 ---
2026-10-01 11:39:47,684 - INFO - 
****************************************************************************************************
2026-10-01 11:39:48,824 - INFO - --- training epoch 22, loss 20.5010, mae 20.9978, rmse 25.4937, time elapsed(min) 0.01---
2026-10-01 11:39:48,962 - INFO - --- validation at epoch 22, val_loss 19.2854, val_mae 19.7153, val_rmse 23.5489, val_r2 0.2471, val_pearson 0.5059, lr 1.00e-03 ---
2026-10-01 11:39:48,963 - INFO - 
****************************************************************************************************
2026-10-01 11:39:49,778 - INFO - --- training epoch 23, loss 20.5256, mae 21.0213, rmse 25.1822, time elapsed(min) 0.01---
2026-10-01 11:39:49,937 - INFO - --- validation at epoch 23, val_loss 19.1861, val_mae 19.1828, val_rmse 23.5343, val_r2 0.2480, val_pearson 0.5155, lr 1.00e-03 ---
2026-10-01 11:39:49,937 - INFO - 
****************************************************************************************************
2026-10-01 11:39:50,769 - INFO - --- training epoch 24, loss 20.2053, mae 20.7014, rmse 25.1479, time elapsed(min) 0.01---
2026-10-01 11:39:50,929 - INFO - --- validation at epoch 24, val_loss 19.0948, val_mae 19.2633, val_rmse 23.5228, val_r2 0.2487, val_pearson 0.5156, lr 1.00e-03 ---
2026-10-01 11:39:50,929 - INFO - 
****************************************************************************************************
2026-10-01 11:39:51,920 - INFO - --- training epoch 25, loss 20.1779, mae 20.6726, rmse 25.0066, time elapsed(min) 0.01---
2026-10-01 11:39:52,081 - INFO - --- validation at epoch 25, val_loss 19.0097, val_mae 19.1994, val_rmse 23.4912, val_r2 0.2508, val_pearson 0.5178, lr 1.00e-03 ---
2026-10-01 11:39:52,081 - INFO - 
****************************************************************************************************
2026-10-01 11:39:53,052 - INFO - --- training epoch 26, loss 20.2769, mae 20.7736, rmse 25.0717, time elapsed(min) 0.01---
2026-10-01 11:39:53,202 - INFO - --- validation at epoch 26, val_loss 18.9446, val_mae 19.1296, val_rmse 23.4377, val_r2 0.2542, val_pearson 0.5200, lr 1.00e-03 ---
2026-10-01 11:39:53,202 - INFO - 
****************************************************************************************************
2026-10-01 11:39:54,210 - INFO - --- training epoch 27, loss 20.3307, mae 20.8261, rmse 25.1081, time elapsed(min) 0.01---
2026-10-01 11:39:54,551 - INFO - --- validation at epoch 27, val_loss 19.1624, val_mae 19.3816, val_rmse 23.2968, val_r2 0.2631, val_pearson 0.5163, lr 1.00e-03 ---
2026-10-01 11:39:54,551 - INFO - 
****************************************************************************************************
2026-10-01 11:39:55,499 - INFO - --- training epoch 28, loss 20.5617, mae 21.0582, rmse 25.4748, time elapsed(min) 0.01---
2026-10-01 11:39:55,646 - INFO - --- validation at epoch 28, val_loss 19.0776, val_mae 19.4370, val_rmse 24.6226, val_r2 0.1768, val_pearson 0.5106, lr 1.00e-03 ---
2026-10-01 11:39:55,646 - INFO - 
****************************************************************************************************
2026-10-01 11:39:56,466 - INFO - --- training epoch 29, loss 20.4220, mae 20.9182, rmse 25.0938, time elapsed(min) 0.01---
2026-10-01 11:39:56,634 - INFO - --- validation at epoch 29, val_loss 19.1934, val_mae 19.2796, val_rmse 23.2685, val_r2 0.2649, val_pearson 0.5211, lr 1.00e-03 ---
2026-10-01 11:39:56,634 - INFO - 
****************************************************************************************************
2026-10-01 11:39:57,596 - INFO - --- training epoch 30, loss 20.2437, mae 20.7397, rmse 25.2614, time elapsed(min) 0.01---
2026-10-01 11:39:57,750 - INFO - --- validation at epoch 30, val_loss 19.1108, val_mae 19.1813, val_rmse 23.9677, val_r2 0.2200, val_pearson 0.5150, lr 1.00e-03 ---
2026-10-01 11:39:57,750 - INFO - 
****************************************************************************************************
2026-10-01 11:39:58,023 - INFO - --- early stopping at epoch 30: val_loss did not improve for 10 epochs ---
2026-10-01 11:39:58,217 - INFO - --- selected checkpoint from epoch 20, val_loss 18.8427, val_mae 19.2828, val_rmse 24.2837
2026-10-01 11:39:58,572 - INFO - -- RESULT
2026-10-01 11:39:58,572 - INFO - --- test size: 1187
2026-10-01 11:39:58,572 - INFO - --- MAE: 20.6562 pp, RMSE: 25.6376 pp, R2: 0.1040, Pearson: 0.4530
2026-10-01 11:39:58,573 - INFO - --- fullcv03_split70: MAE 20.656222913842633, RMSE 25.637631796332418, R2 0.10399554064527372
2026-10-01 11:39:58,584 - INFO - --- training fullcv04_split70 (npz/bh/fullcv04_split70)
