2026-10-01 11:56:15,595 - INFO - device is	cuda:0
2026-10-01 11:56:15,686 - INFO - -- CONFIGURATIONS
2026-10-01 11:56:15,686 - INFO - --- train/valid/test: 2491/277/1187
2026-10-01 11:56:15,686 - INFO - --- max no. reactants_train, valid, test respectively: 6, 6, 6
2026-10-01 11:56:15,686 - INFO - --- max no. products_train, valid, test respectively: 1, 1, 1
2026-10-01 11:56:15,686 - INFO - --- model_path: ../logs/bh_approach1_grid/runs/bh/fullcv05_split70/approach_2/model.pt
2026-10-01 11:56:15,694 - INFO - -- TRAINING
2026-10-01 11:56:16,372 - INFO - --- training epoch 0, loss 25.0423, mae 25.5374, rmse 31.9155, time elapsed(min) 0.01---
2026-10-01 11:56:16,535 - INFO - --- validation at epoch 0, val_loss 24.7454, val_mae 23.2848, val_rmse 28.5902, val_r2 -0.1377, val_pearson -0.1819, lr 1.00e-03 ---
2026-10-01 11:56:16,535 - INFO - 
****************************************************************************************************
2026-10-01 11:56:17,654 - INFO - --- training epoch 1, loss 22.4596, mae 22.9553, rmse 27.9661, time elapsed(min) 0.01---
2026-10-01 11:56:17,827 - INFO - --- validation at epoch 1, val_loss 24.0019, val_mae 22.6685, val_rmse 26.3509, val_r2 0.0335, val_pearson 0.1891, lr 1.00e-03 ---
2026-10-01 11:56:17,827 - INFO - 
****************************************************************************************************
2026-10-01 11:56:19,073 - INFO - --- training epoch 2, loss 22.1798, mae 22.6763, rmse 27.6483, time elapsed(min) 0.01---
2026-10-01 11:56:19,249 - INFO - --- validation at epoch 2, val_loss 23.8470, val_mae 22.0995, val_rmse 26.5667, val_r2 0.0176, val_pearson 0.2090, lr 1.00e-03 ---
2026-10-01 11:56:19,249 - INFO - 
****************************************************************************************************
2026-10-01 11:56:20,534 - INFO - --- training epoch 3, loss 21.9151, mae 22.4106, rmse 27.2617, time elapsed(min) 0.01---
2026-10-01 11:56:20,709 - INFO - --- validation at epoch 3, val_loss 23.6523, val_mae 21.9772, val_rmse 26.4088, val_r2 0.0293, val_pearson 0.2093, lr 1.00e-03 ---
2026-10-01 11:56:20,710 - INFO - 
****************************************************************************************************
2026-10-01 11:56:22,147 - INFO - --- training epoch 4, loss 21.8895, mae 22.3857, rmse 27.4220, time elapsed(min) 0.02---
2026-10-01 11:56:22,308 - INFO - --- validation at epoch 4, val_loss 23.6918, val_mae 21.9637, val_rmse 26.4853, val_r2 0.0237, val_pearson 0.2110, lr 1.00e-03 ---
2026-10-01 11:56:22,308 - INFO - 
****************************************************************************************************
2026-10-01 11:56:23,547 - INFO - --- training epoch 5, loss 21.8178, mae 22.3132, rmse 27.2468, time elapsed(min) 0.01---
2026-10-01 11:56:23,870 - INFO - --- validation at epoch 5, val_loss 23.6961, val_mae 21.9072, val_rmse 26.5634, val_r2 0.0179, val_pearson 0.2148, lr 1.00e-03 ---
2026-10-01 11:56:23,870 - INFO - 
****************************************************************************************************
2026-10-01 11:56:25,105 - INFO - --- training epoch 6, loss 21.7582, mae 22.2545, rmse 27.1906, time elapsed(min) 0.01---
2026-10-01 11:56:25,277 - INFO - --- validation at epoch 6, val_loss 23.7016, val_mae 21.8753, val_rmse 26.6602, val_r2 0.0107, val_pearson 0.2161, lr 1.00e-03 ---
2026-10-01 11:56:25,277 - INFO - 
****************************************************************************************************
2026-10-01 11:56:26,335 - INFO - --- training epoch 7, loss 21.6582, mae 22.1522, rmse 27.1640, time elapsed(min) 0.01---
2026-10-01 11:56:26,514 - INFO - --- validation at epoch 7, val_loss 23.7367, val_mae 21.8842, val_rmse 26.7344, val_r2 0.0052, val_pearson 0.2188, lr 1.00e-03 ---
2026-10-01 11:56:26,514 - INFO - 
****************************************************************************************************
2026-10-01 11:56:27,602 - INFO - --- training epoch 8, loss 21.6910, mae 22.1863, rmse 27.1766, time elapsed(min) 0.01---
2026-10-01 11:56:27,769 - INFO - --- validation at epoch 8, val_loss 23.6553, val_mae 21.8597, val_rmse 26.5192, val_r2 0.0212, val_pearson 0.2190, lr 1.00e-03 ---
2026-10-01 11:56:27,769 - INFO - 
****************************************************************************************************
2026-10-01 11:56:29,170 - INFO - --- training epoch 9, loss 21.7088, mae 22.2047, rmse 27.0946, time elapsed(min) 0.02---
2026-10-01 11:56:29,328 - INFO - --- validation at epoch 9, val_loss 23.7393, val_mae 21.8286, val_rmse 26.8099, val_r2 -0.0004, val_pearson 0.2244, lr 1.00e-03 ---
2026-10-01 11:56:29,329 - INFO - 
****************************************************************************************************
2026-10-01 11:56:30,604 - INFO - --- training epoch 10, loss 21.7507, mae 22.2471, rmse 27.2858, time elapsed(min) 0.01---
2026-10-01 11:56:30,773 - INFO - --- validation at epoch 10, val_loss 23.6549, val_mae 21.8643, val_rmse 26.4001, val_r2 0.0299, val_pearson 0.2247, lr 1.00e-03 ---
2026-10-01 11:56:30,773 - INFO - 
****************************************************************************************************
2026-10-01 11:56:32,206 - INFO - --- training epoch 11, loss 21.6549, mae 22.1507, rmse 26.9519, time elapsed(min) 0.02---
2026-10-01 11:56:32,377 - INFO - --- validation at epoch 11, val_loss 23.6827, val_mae 21.7810, val_rmse 26.6522, val_r2 0.0113, val_pearson 0.2291, lr 1.00e-03 ---
2026-10-01 11:56:32,377 - INFO - 
****************************************************************************************************
2026-10-01 11:56:33,417 - INFO - --- training epoch 12, loss 21.6871, mae 22.1821, rmse 27.1333, time elapsed(min) 0.01---
2026-10-01 11:56:33,593 - INFO - --- validation at epoch 12, val_loss 23.6090, val_mae 21.8667, val_rmse 26.0525, val_r2 0.0553, val_pearson 0.2463, lr 1.00e-03 ---
2026-10-01 11:56:33,593 - INFO - 
****************************************************************************************************
2026-10-01 11:56:34,709 - INFO - --- training epoch 13, loss 21.9140, mae 22.4091, rmse 27.2234, time elapsed(min) 0.01---
2026-10-01 11:56:34,881 - INFO - --- validation at epoch 13, val_loss 23.8545, val_mae 22.4776, val_rmse 26.0478, val_r2 0.0556, val_pearson 0.2664, lr 1.00e-03 ---
2026-10-01 11:56:34,881 - INFO - 
****************************************************************************************************
2026-10-01 11:56:36,247 - INFO - --- training epoch 14, loss 21.3495, mae 21.8444, rmse 26.5118, time elapsed(min) 0.02---
2026-10-01 11:56:36,416 - INFO - --- validation at epoch 14, val_loss 23.4800, val_mae 21.4147, val_rmse 25.7311, val_r2 0.0785, val_pearson 0.2983, lr 1.00e-03 ---
2026-10-01 11:56:36,416 - INFO - 
****************************************************************************************************
2026-10-01 11:56:37,747 - INFO - --- training epoch 15, loss 20.8421, mae 21.3378, rmse 25.7017, time elapsed(min) 0.01---
2026-10-01 11:56:37,911 - INFO - --- validation at epoch 15, val_loss 23.7276, val_mae 21.7086, val_rmse 25.8990, val_r2 0.0664, val_pearson 0.3128, lr 1.00e-03 ---
2026-10-01 11:56:37,911 - INFO - 
****************************************************************************************************
2026-10-01 11:56:39,187 - INFO - --- training epoch 16, loss 20.8355, mae 21.3309, rmse 25.7505, time elapsed(min) 0.02---
2026-10-01 11:56:39,572 - INFO - --- validation at epoch 16, val_loss 23.5574, val_mae 21.1981, val_rmse 26.3620, val_r2 0.0327, val_pearson 0.3177, lr 1.00e-03 ---
2026-10-01 11:56:39,572 - INFO - 
****************************************************************************************************
2026-10-01 11:56:40,804 - INFO - --- training epoch 17, loss 20.5196, mae 21.0145, rmse 25.2626, time elapsed(min) 0.01---
2026-10-01 11:56:40,967 - INFO - --- validation at epoch 17, val_loss 23.5079, val_mae 21.3956, val_rmse 26.2162, val_r2 0.0434, val_pearson 0.3283, lr 1.00e-03 ---
2026-10-01 11:56:40,967 - INFO - 
****************************************************************************************************
2026-10-01 11:56:42,024 - INFO - --- training epoch 18, loss 20.4366, mae 20.9333, rmse 25.3514, time elapsed(min) 0.01---
2026-10-01 11:56:42,184 - INFO - --- validation at epoch 18, val_loss 23.5285, val_mae 21.4908, val_rmse 26.1386, val_r2 0.0490, val_pearson 0.3344, lr 1.00e-03 ---
2026-10-01 11:56:42,184 - INFO - 
****************************************************************************************************
2026-10-01 11:56:43,445 - INFO - --- training epoch 19, loss 20.3044, mae 20.7996, rmse 25.2494, time elapsed(min) 0.01---
2026-10-01 11:56:43,601 - INFO - --- validation at epoch 19, val_loss 23.3810, val_mae 21.1508, val_rmse 26.2963, val_r2 0.0375, val_pearson 0.3480, lr 1.00e-03 ---
2026-10-01 11:56:43,601 - INFO - 
****************************************************************************************************
2026-10-01 11:56:44,929 - INFO - --- training epoch 20, loss 21.2654, mae 21.7610, rmse 26.4619, time elapsed(min) 0.01---
2026-10-01 11:56:45,102 - INFO - --- validation at epoch 20, val_loss 24.2123, val_mae 22.2638, val_rmse 27.6494, val_r2 -0.0641, val_pearson 0.2951, lr 1.00e-03 ---
2026-10-01 11:56:45,102 - INFO - 
****************************************************************************************************
2026-10-01 11:56:46,465 - INFO - --- training epoch 21, loss 21.2625, mae 21.7594, rmse 26.4804, time elapsed(min) 0.02---
2026-10-01 11:56:46,631 - INFO - --- validation at epoch 21, val_loss 23.5734, val_mae 21.9587, val_rmse 26.1584, val_r2 0.0476, val_pearson 0.3239, lr 1.00e-03 ---
2026-10-01 11:56:46,631 - INFO - 
****************************************************************************************************
2026-10-01 11:56:48,049 - INFO - --- training epoch 22, loss 20.6312, mae 21.1268, rmse 25.5279, time elapsed(min) 0.02---
2026-10-01 11:56:48,211 - INFO - --- validation at epoch 22, val_loss 23.1785, val_mae 21.1000, val_rmse 25.6711, val_r2 0.0828, val_pearson 0.3433, lr 1.00e-03 ---
2026-10-01 11:56:48,211 - INFO - 
****************************************************************************************************
2026-10-01 11:56:49,332 - INFO - --- training epoch 23, loss 20.2074, mae 20.7004, rmse 25.2263, time elapsed(min) 0.01---
2026-10-01 11:56:49,508 - INFO - --- validation at epoch 23, val_loss 23.2981, val_mae 21.0824, val_rmse 26.2958, val_r2 0.0376, val_pearson 0.3480, lr 1.00e-03 ---
2026-10-01 11:56:49,509 - INFO - 
****************************************************************************************************
2026-10-01 11:56:50,710 - INFO - --- training epoch 24, loss 20.0684, mae 20.5645, rmse 25.1500, time elapsed(min) 0.01---
2026-10-01 11:56:50,878 - INFO - --- validation at epoch 24, val_loss 23.0176, val_mae 20.8363, val_rmse 26.3666, val_r2 0.0324, val_pearson 0.3505, lr 1.00e-03 ---
2026-10-01 11:56:50,878 - INFO - 
****************************************************************************************************
2026-10-01 11:56:52,338 - INFO - --- training epoch 25, loss 20.0123, mae 20.5085, rmse 25.1566, time elapsed(min) 0.02---
2026-10-01 11:56:52,510 - INFO - --- validation at epoch 25, val_loss 23.0035, val_mae 20.8430, val_rmse 26.4829, val_r2 0.0238, val_pearson 0.3612, lr 1.00e-03 ---
2026-10-01 11:56:52,510 - INFO - 
****************************************************************************************************
2026-10-01 11:56:53,836 - INFO - --- training epoch 26, loss 19.8175, mae 20.3137, rmse 24.9886, time elapsed(min) 0.01---
2026-10-01 11:56:54,002 - INFO - --- validation at epoch 26, val_loss 22.7067, val_mae 20.4718, val_rmse 26.0417, val_r2 0.0561, val_pearson 0.3694, lr 1.00e-03 ---
2026-10-01 11:56:54,002 - INFO - 
****************************************************************************************************
2026-10-01 11:56:55,495 - INFO - --- training epoch 27, loss 19.7791, mae 20.2759, rmse 24.8144, time elapsed(min) 0.02---
2026-10-01 11:56:55,648 - INFO - --- validation at epoch 27, val_loss 22.5626, val_mae 20.6077, val_rmse 25.5174, val_r2 0.0937, val_pearson 0.3821, lr 1.00e-03 ---
2026-10-01 11:56:55,649 - INFO - 
****************************************************************************************************
2026-10-01 11:56:56,800 - INFO - --- training epoch 28, loss 19.9271, mae 20.4222, rmse 25.0156, time elapsed(min) 0.01---
2026-10-01 11:56:56,969 - INFO - --- validation at epoch 28, val_loss 22.6457, val_mae 20.8245, val_rmse 25.2429, val_r2 0.1131, val_pearson 0.3811, lr 1.00e-03 ---
2026-10-01 11:56:56,969 - INFO - 
****************************************************************************************************
2026-10-01 11:56:58,170 - INFO - --- training epoch 29, loss 20.1714, mae 20.6677, rmse 25.0713, time elapsed(min) 0.01---
2026-10-01 11:56:58,336 - INFO - --- validation at epoch 29, val_loss 23.2428, val_mae 21.8403, val_rmse 25.7494, val_r2 0.0772, val_pearson 0.2887, lr 1.00e-03 ---
2026-10-01 11:56:58,336 - INFO - 
****************************************************************************************************
2026-10-01 11:56:59,594 - INFO - --- training epoch 30, loss 20.5974, mae 21.0930, rmse 26.0095, time elapsed(min) 0.01---
2026-10-01 11:56:59,755 - INFO - --- validation at epoch 30, val_loss 22.6924, val_mae 20.9137, val_rmse 24.8961, val_r2 0.1373, val_pearson 0.3949, lr 1.00e-03 ---
2026-10-01 11:56:59,755 - INFO - 
****************************************************************************************************
2026-10-01 11:57:01,011 - INFO - --- training epoch 31, loss 20.0778, mae 20.5737, rmse 25.1323, time elapsed(min) 0.01---
2026-10-01 11:57:01,179 - INFO - --- validation at epoch 31, val_loss 23.2016, val_mae 22.1481, val_rmse 26.5454, val_r2 0.0192, val_pearson 0.3085, lr 1.00e-03 ---
2026-10-01 11:57:01,179 - INFO - 
****************************************************************************************************
2026-10-01 11:57:02,482 - INFO - --- training epoch 32, loss 20.5684, mae 21.0648, rmse 25.7675, time elapsed(min) 0.02---
2026-10-01 11:57:02,822 - INFO - --- validation at epoch 32, val_loss 22.4355, val_mae 21.3150, val_rmse 25.8819, val_r2 0.0676, val_pearson 0.3689, lr 1.00e-03 ---
2026-10-01 11:57:02,822 - INFO - 
****************************************************************************************************
2026-10-01 11:57:04,134 - INFO - --- training epoch 33, loss 20.3374, mae 20.8336, rmse 25.6134, time elapsed(min) 0.01---
2026-10-01 11:57:04,306 - INFO - --- validation at epoch 33, val_loss 22.6611, val_mae 21.2874, val_rmse 26.1575, val_r2 0.0477, val_pearson 0.4190, lr 1.00e-03 ---
2026-10-01 11:57:04,306 - INFO - 
****************************************************************************************************
2026-10-01 11:57:05,388 - INFO - --- training epoch 34, loss 20.8508, mae 21.3462, rmse 25.6751, time elapsed(min) 0.01---
2026-10-01 11:57:05,555 - INFO - --- validation at epoch 34, val_loss 24.0898, val_mae 22.6739, val_rmse 28.2599, val_r2 -0.1116, val_pearson 0.2682, lr 1.00e-03 ---
2026-10-01 11:57:05,555 - INFO - 
****************************************************************************************************
2026-10-01 11:57:06,814 - INFO - --- training epoch 35, loss 20.9929, mae 21.4883, rmse 26.2269, time elapsed(min) 0.01---
2026-10-01 11:57:06,993 - INFO - --- validation at epoch 35, val_loss 23.0892, val_mae 21.5046, val_rmse 25.6953, val_r2 0.0810, val_pearson 0.3410, lr 1.00e-03 ---
2026-10-01 11:57:06,993 - INFO - 
****************************************************************************************************
2026-10-01 11:57:08,269 - INFO - --- training epoch 36, loss 19.7659, mae 20.2609, rmse 24.5913, time elapsed(min) 0.01---
2026-10-01 11:57:08,435 - INFO - --- validation at epoch 36, val_loss 21.9343, val_mae 20.2341, val_rmse 25.0235, val_r2 0.1285, val_pearson 0.4090, lr 1.00e-03 ---
2026-10-01 11:57:08,435 - INFO - 
****************************************************************************************************
2026-10-01 11:57:09,790 - INFO - --- training epoch 37, loss 19.6801, mae 20.1749, rmse 24.8965, time elapsed(min) 0.01---
2026-10-01 11:57:10,177 - INFO - --- validation at epoch 37, val_loss 21.9365, val_mae 20.1269, val_rmse 25.4381, val_r2 0.0993, val_pearson 0.4182, lr 1.00e-03 ---
2026-10-01 11:57:10,177 - INFO - 
****************************************************************************************************
2026-10-01 11:57:11,399 - INFO - --- training epoch 38, loss 19.8027, mae 20.2967, rmse 25.1403, time elapsed(min) 0.01---
2026-10-01 11:57:11,567 - INFO - --- validation at epoch 38, val_loss 21.7814, val_mae 20.4079, val_rmse 24.7484, val_r2 0.1475, val_pearson 0.3951, lr 1.00e-03 ---
2026-10-01 11:57:11,567 - INFO - 
****************************************************************************************************
2026-10-01 11:57:12,711 - INFO - --- training epoch 39, loss 19.3673, mae 19.8625, rmse 24.4761, time elapsed(min) 0.01---
2026-10-01 11:57:12,871 - INFO - --- validation at epoch 39, val_loss 21.7497, val_mae 19.9781, val_rmse 24.8805, val_r2 0.1384, val_pearson 0.4096, lr 1.00e-03 ---
2026-10-01 11:57:12,871 - INFO - 
****************************************************************************************************
2026-10-01 11:57:14,165 - INFO - --- training epoch 40, loss 18.9064, mae 19.4015, rmse 24.2063, time elapsed(min) 0.01---
2026-10-01 11:57:14,331 - INFO - --- validation at epoch 40, val_loss 22.1910, val_mae 20.4909, val_rmse 25.2897, val_r2 0.1098, val_pearson 0.4072, lr 1.00e-03 ---
2026-10-01 11:57:14,331 - INFO - 
****************************************************************************************************
2026-10-01 11:57:15,722 - INFO - --- training epoch 41, loss 19.1828, mae 19.6789, rmse 24.3464, time elapsed(min) 0.02---
2026-10-01 11:57:15,883 - INFO - --- validation at epoch 41, val_loss 21.7278, val_mae 19.9583, val_rmse 24.8312, val_r2 0.1418, val_pearson 0.4213, lr 1.00e-03 ---
2026-10-01 11:57:15,883 - INFO - 
****************************************************************************************************
2026-10-01 11:57:17,245 - INFO - --- training epoch 42, loss 19.2854, mae 19.7813, rmse 24.6044, time elapsed(min) 0.01---
2026-10-01 11:57:17,409 - INFO - --- validation at epoch 42, val_loss 21.8071, val_mae 20.0549, val_rmse 25.2647, val_r2 0.1116, val_pearson 0.4159, lr 1.00e-03 ---
2026-10-01 11:57:17,410 - INFO - 
****************************************************************************************************
2026-10-01 11:57:18,859 - INFO - --- training epoch 43, loss 18.9807, mae 19.4755, rmse 24.1724, time elapsed(min) 0.02---
2026-10-01 11:57:19,021 - INFO - --- validation at epoch 43, val_loss 21.7143, val_mae 19.8146, val_rmse 24.8354, val_r2 0.1415, val_pearson 0.4251, lr 1.00e-03 ---
2026-10-01 11:57:19,021 - INFO - 
****************************************************************************************************
2026-10-01 11:57:20,178 - INFO - --- training epoch 44, loss 20.1425, mae 20.6366, rmse 26.0550, time elapsed(min) 0.01---
2026-10-01 11:57:20,344 - INFO - --- validation at epoch 44, val_loss 23.2388, val_mae 21.4920, val_rmse 26.4995, val_r2 0.0226, val_pearson 0.3179, lr 1.00e-03 ---
2026-10-01 11:57:20,344 - INFO - 
****************************************************************************************************
2026-10-01 11:57:21,436 - INFO - --- training epoch 45, loss 19.8111, mae 20.3069, rmse 24.9832, time elapsed(min) 0.01---
2026-10-01 11:57:21,598 - INFO - --- validation at epoch 45, val_loss 22.8712, val_mae 21.8490, val_rmse 25.4177, val_r2 0.1008, val_pearson 0.3366, lr 1.00e-03 ---
2026-10-01 11:57:21,598 - INFO - 
****************************************************************************************************
2026-10-01 11:57:22,869 - INFO - --- training epoch 46, loss 21.0271, mae 21.5222, rmse 26.0190, time elapsed(min) 0.01---
2026-10-01 11:57:23,047 - INFO - --- validation at epoch 46, val_loss 22.0159, val_mae 20.9906, val_rmse 24.6628, val_r2 0.1534, val_pearson 0.3977, lr 1.00e-03 ---
2026-10-01 11:57:23,047 - INFO - 
****************************************************************************************************
2026-10-01 11:57:24,331 - INFO - --- training epoch 47, loss 20.4964, mae 20.9931, rmse 25.6269, time elapsed(min) 0.01---
2026-10-01 11:57:24,513 - INFO - --- validation at epoch 47, val_loss 23.1126, val_mae 22.1657, val_rmse 26.1661, val_r2 0.0470, val_pearson 0.2662, lr 1.00e-03 ---
2026-10-01 11:57:24,513 - INFO - 
****************************************************************************************************
2026-10-01 11:57:25,755 - INFO - --- training epoch 48, loss 21.8096, mae 22.3053, rmse 27.5339, time elapsed(min) 0.01---
2026-10-01 11:57:25,920 - INFO - --- validation at epoch 48, val_loss 23.7936, val_mae 22.6689, val_rmse 27.7203, val_r2 -0.0695, val_pearson 0.2484, lr 1.00e-03 ---
2026-10-01 11:57:25,921 - INFO - 
****************************************************************************************************
2026-10-01 11:57:27,000 - INFO - --- training epoch 49, loss 21.2628, mae 21.7593, rmse 26.0878, time elapsed(min) 0.01---
2026-10-01 11:57:27,169 - INFO - --- validation at epoch 49, val_loss 23.5072, val_mae 22.3816, val_rmse 27.5331, val_r2 -0.0551, val_pearson 0.2618, lr 1.00e-03 ---
2026-10-01 11:57:27,169 - INFO - 
****************************************************************************************************
2026-10-01 11:57:28,398 - INFO - --- training epoch 50, loss 21.4700, mae 21.9669, rmse 26.6849, time elapsed(min) 0.01---
2026-10-01 11:57:28,569 - INFO - --- validation at epoch 50, val_loss 23.2637, val_mae 22.1233, val_rmse 27.0005, val_r2 -0.0147, val_pearson 0.2679, lr 1.00e-03 ---
2026-10-01 11:57:28,569 - INFO - 
****************************************************************************************************
2026-10-01 11:57:29,852 - INFO - --- training epoch 51, loss 21.1420, mae 21.6383, rmse 26.3849, time elapsed(min) 0.01---
2026-10-01 11:57:30,019 - INFO - --- validation at epoch 51, val_loss 23.0479, val_mae 22.0631, val_rmse 26.6565, val_r2 0.0110, val_pearson 0.2695, lr 1.00e-03 ---
2026-10-01 11:57:30,019 - INFO - 
****************************************************************************************************
2026-10-01 11:57:31,302 - INFO - --- training epoch 52, loss 21.0955, mae 21.5910, rmse 26.1906, time elapsed(min) 0.01---
2026-10-01 11:57:31,469 - INFO - --- validation at epoch 52, val_loss 23.1969, val_mae 22.1054, val_rmse 26.7757, val_r2 0.0021, val_pearson 0.2686, lr 1.00e-03 ---
2026-10-01 11:57:31,469 - INFO - 
****************************************************************************************************
2026-10-01 11:57:32,702 - INFO - --- training epoch 53, loss 21.0640, mae 21.5605, rmse 26.1377, time elapsed(min) 0.01---
2026-10-01 11:57:32,875 - INFO - --- validation at epoch 53, val_loss 23.0951, val_mae 22.0942, val_rmse 26.8486, val_r2 -0.0033, val_pearson 0.2703, lr 1.00e-03 ---
2026-10-01 11:57:32,875 - INFO - 
****************************************************************************************************
2026-10-01 11:57:33,237 - INFO - --- early stopping at epoch 53: val_loss did not improve for 10 epochs ---
2026-10-01 11:57:33,440 - INFO - --- selected checkpoint from epoch 43, val_loss 21.7143, val_mae 19.8146, val_rmse 24.8354
2026-10-01 11:57:33,881 - INFO - -- RESULT
2026-10-01 11:57:33,881 - INFO - --- test size: 1187
2026-10-01 11:57:33,881 - INFO - --- MAE: 18.9824 pp, RMSE: 23.6253 pp, R2: 0.2750, Pearson: 0.5454
2026-10-01 11:57:34,715 - INFO - --- Cell approach_2 DONE: test MAE=18.9824 RMSE=23.6253 R2=0.2750 | sec/epoch=1.44
2026-10-01 11:57:34,728 - INFO - === RUNNING: dataset=bh split=fullcv05_split70 cell=approach_1_linear (tokens=comb, pooling=rn, head=linear) ===
