2026-10-01 15:02:25,104 - INFO - device is	cuda:0
2026-10-01 15:02:25,210 - INFO - -- CONFIGURATIONS
2026-10-01 15:02:25,210 - INFO - --- train/valid/test: 3628/404/1728
2026-10-01 15:02:25,210 - INFO - --- max no. reactants_train, valid, test respectively: 14, 14, 14
2026-10-01 15:02:25,210 - INFO - --- max no. products_train, valid, test respectively: 1, 1, 1
2026-10-01 15:02:25,210 - INFO - --- model_path: ../logs/suzuki_approach1_grid/runs/suzuki/split_1/option_b_linear/model.pt
2026-10-01 15:02:25,218 - INFO - -- TRAINING
2026-10-01 15:02:26,524 - INFO - --- training epoch 0, loss 2.5033, mae 2.8698, rmse 7.2555, time elapsed(min) 0.02---
2026-10-01 15:02:26,731 - INFO - --- validation at epoch 0, val_loss 0.0567, val_mae 0.2421, val_rmse 0.3262, val_r2 -0.4529, val_pearson -0.0635, lr 1.00e-03 ---
2026-10-01 15:02:26,731 - INFO - 
****************************************************************************************************
2026-10-01 15:02:28,407 - INFO - --- training epoch 1, loss 0.0438, mae 0.2541, rmse 0.2961, time elapsed(min) 0.02---
2026-10-01 15:02:28,616 - INFO - --- validation at epoch 1, val_loss 0.0391, val_mae 0.2410, val_rmse 0.2751, val_r2 -0.0338, val_pearson -0.0237, lr 1.00e-03 ---
2026-10-01 15:02:28,616 - INFO - 
****************************************************************************************************
2026-10-01 15:02:30,266 - INFO - --- training epoch 2, loss 0.0407, mae 0.2475, rmse 0.2852, time elapsed(min) 0.02---
2026-10-01 15:02:30,593 - INFO - --- validation at epoch 2, val_loss 0.0411, val_mae 0.2496, val_rmse 0.2833, val_r2 -0.0962, val_pearson 0.0278, lr 1.00e-03 ---
2026-10-01 15:02:30,593 - INFO - 
****************************************************************************************************
2026-10-01 15:02:32,415 - INFO - --- training epoch 3, loss 0.0407, mae 0.2484, rmse 0.2852, time elapsed(min) 0.03---
2026-10-01 15:02:32,625 - INFO - --- validation at epoch 3, val_loss 0.0390, val_mae 0.2408, val_rmse 0.2749, val_r2 -0.0322, val_pearson 0.0344, lr 1.00e-03 ---
2026-10-01 15:02:32,625 - INFO - 
****************************************************************************************************
2026-10-01 15:02:34,277 - INFO - --- training epoch 4, loss 0.0401, mae 0.2468, rmse 0.2831, time elapsed(min) 0.02---
2026-10-01 15:02:34,487 - INFO - --- validation at epoch 4, val_loss 0.0382, val_mae 0.2356, val_rmse 0.2711, val_r2 -0.0034, val_pearson 0.0360, lr 1.00e-03 ---
2026-10-01 15:02:34,487 - INFO - 
****************************************************************************************************
2026-10-01 15:02:36,139 - INFO - --- training epoch 5, loss 0.0404, mae 0.2473, rmse 0.2842, time elapsed(min) 0.02---
2026-10-01 15:02:36,464 - INFO - --- validation at epoch 5, val_loss 0.0381, val_mae 0.2347, val_rmse 0.2705, val_r2 0.0008, val_pearson 0.0553, lr 1.00e-03 ---
2026-10-01 15:02:36,464 - INFO - 
****************************************************************************************************
2026-10-01 15:02:38,209 - INFO - --- training epoch 6, loss 0.0398, mae 0.2456, rmse 0.2822, time elapsed(min) 0.02---
2026-10-01 15:02:38,590 - INFO - --- validation at epoch 6, val_loss 0.0380, val_mae 0.2358, val_rmse 0.2709, val_r2 -0.0021, val_pearson 0.0542, lr 1.00e-03 ---
2026-10-01 15:02:38,590 - INFO - 
****************************************************************************************************
2026-10-01 15:02:40,419 - INFO - --- training epoch 7, loss 0.0400, mae 0.2464, rmse 0.2830, time elapsed(min) 0.02---
2026-10-01 15:02:40,626 - INFO - --- validation at epoch 7, val_loss 0.0379, val_mae 0.2343, val_rmse 0.2700, val_r2 0.0045, val_pearson 0.0921, lr 1.00e-03 ---
2026-10-01 15:02:40,627 - INFO - 
****************************************************************************************************
2026-10-01 15:02:42,316 - INFO - --- training epoch 8, loss 0.0400, mae 0.2462, rmse 0.2830, time elapsed(min) 0.02---
2026-10-01 15:02:42,560 - INFO - --- validation at epoch 8, val_loss 0.0380, val_mae 0.2370, val_rmse 0.2715, val_r2 -0.0068, val_pearson 0.0568, lr 1.00e-03 ---
2026-10-01 15:02:42,560 - INFO - 
****************************************************************************************************
2026-10-01 15:02:44,252 - INFO - --- training epoch 9, loss 0.0398, mae 0.2454, rmse 0.2820, time elapsed(min) 0.02---
2026-10-01 15:02:44,591 - INFO - --- validation at epoch 9, val_loss 0.0380, val_mae 0.2370, val_rmse 0.2715, val_r2 -0.0063, val_pearson 0.1011, lr 1.00e-03 ---
2026-10-01 15:02:44,591 - INFO - 
****************************************************************************************************
2026-10-01 15:02:46,446 - INFO - --- training epoch 10, loss 0.0401, mae 0.2459, rmse 0.2830, time elapsed(min) 0.03---
2026-10-01 15:02:46,655 - INFO - --- validation at epoch 10, val_loss 0.0419, val_mae 0.2545, val_rmse 0.2888, val_r2 -0.1394, val_pearson 0.0793, lr 1.00e-03 ---
2026-10-01 15:02:46,655 - INFO - 
****************************************************************************************************
2026-10-01 15:02:48,241 - INFO - --- training epoch 11, loss 0.0408, mae 0.2475, rmse 0.2858, time elapsed(min) 0.02---
2026-10-01 15:02:48,449 - INFO - --- validation at epoch 11, val_loss 0.0378, val_mae 0.2360, val_rmse 0.2707, val_r2 -0.0004, val_pearson 0.1086, lr 1.00e-03 ---
2026-10-01 15:02:48,449 - INFO - 
****************************************************************************************************
2026-10-01 15:02:50,244 - INFO - --- training epoch 12, loss 0.0395, mae 0.2444, rmse 0.2810, time elapsed(min) 0.02---
2026-10-01 15:02:50,570 - INFO - --- validation at epoch 12, val_loss 0.0387, val_mae 0.2419, val_rmse 0.2756, val_r2 -0.0374, val_pearson 0.0982, lr 1.00e-03 ---
2026-10-01 15:02:50,570 - INFO - 
****************************************************************************************************
2026-10-01 15:02:52,364 - INFO - --- training epoch 13, loss 0.0398, mae 0.2455, rmse 0.2821, time elapsed(min) 0.03---
2026-10-01 15:02:52,569 - INFO - --- validation at epoch 13, val_loss 0.0386, val_mae 0.2412, val_rmse 0.2750, val_r2 -0.0325, val_pearson 0.1191, lr 1.00e-03 ---
2026-10-01 15:02:52,570 - INFO - 
****************************************************************************************************
2026-10-01 15:02:54,162 - INFO - --- training epoch 14, loss 0.0395, mae 0.2446, rmse 0.2811, time elapsed(min) 0.02---
2026-10-01 15:02:54,374 - INFO - --- validation at epoch 14, val_loss 0.0393, val_mae 0.2447, val_rmse 0.2782, val_r2 -0.0569, val_pearson 0.1069, lr 1.00e-03 ---
2026-10-01 15:02:54,374 - INFO - 
****************************************************************************************************
2026-10-01 15:02:55,966 - INFO - --- training epoch 15, loss 0.0396, mae 0.2449, rmse 0.2813, time elapsed(min) 0.02---
2026-10-01 15:02:56,176 - INFO - --- validation at epoch 15, val_loss 0.0394, val_mae 0.2454, val_rmse 0.2788, val_r2 -0.0613, val_pearson 0.1214, lr 1.00e-03 ---
2026-10-01 15:02:56,176 - INFO - 
****************************************************************************************************
2026-10-01 15:02:57,891 - INFO - --- training epoch 16, loss 0.0398, mae 0.2450, rmse 0.2822, time elapsed(min) 0.02---
2026-10-01 15:02:58,256 - INFO - --- validation at epoch 16, val_loss 0.0405, val_mae 0.2498, val_rmse 0.2832, val_r2 -0.0956, val_pearson 0.1438, lr 1.00e-03 ---
2026-10-01 15:02:58,256 - INFO - 
****************************************************************************************************
2026-10-01 15:02:59,942 - INFO - --- training epoch 17, loss 0.0396, mae 0.2441, rmse 0.2814, time elapsed(min) 0.02---
2026-10-01 15:03:00,150 - INFO - --- validation at epoch 17, val_loss 0.0403, val_mae 0.2495, val_rmse 0.2827, val_r2 -0.0915, val_pearson 0.1574, lr 1.00e-03 ---
2026-10-01 15:03:00,150 - INFO - 
****************************************************************************************************
2026-10-01 15:03:01,810 - INFO - --- training epoch 18, loss 0.0395, mae 0.2438, rmse 0.2810, time elapsed(min) 0.02---
2026-10-01 15:03:02,042 - INFO - --- validation at epoch 18, val_loss 0.0407, val_mae 0.2512, val_rmse 0.2843, val_r2 -0.1040, val_pearson 0.1855, lr 1.00e-03 ---
2026-10-01 15:03:02,042 - INFO - 
****************************************************************************************************
2026-10-01 15:03:03,651 - INFO - --- training epoch 19, loss 0.0395, mae 0.2436, rmse 0.2811, time elapsed(min) 0.02---
2026-10-01 15:03:03,994 - INFO - --- validation at epoch 19, val_loss 0.0377, val_mae 0.2392, val_rmse 0.2719, val_r2 -0.0095, val_pearson 0.2112, lr 1.00e-03 ---
2026-10-01 15:03:03,994 - INFO - 
****************************************************************************************************
2026-10-01 15:03:05,882 - INFO - --- training epoch 20, loss 0.0389, mae 0.2415, rmse 0.2788, time elapsed(min) 0.03---
2026-10-01 15:03:06,105 - INFO - --- validation at epoch 20, val_loss 0.0371, val_mae 0.2372, val_rmse 0.2698, val_r2 0.0056, val_pearson 0.2285, lr 1.00e-03 ---
2026-10-01 15:03:06,105 - INFO - 
****************************************************************************************************
2026-10-01 15:03:07,796 - INFO - --- training epoch 21, loss 0.0406, mae 0.2447, rmse 0.2849, time elapsed(min) 0.02---
2026-10-01 15:03:08,003 - INFO - --- validation at epoch 21, val_loss 0.0400, val_mae 0.2491, val_rmse 0.2817, val_r2 -0.0839, val_pearson 0.2217, lr 1.00e-03 ---
2026-10-01 15:03:08,003 - INFO - 
****************************************************************************************************
2026-10-01 15:03:09,614 - INFO - --- training epoch 22, loss 0.0393, mae 0.2425, rmse 0.2803, time elapsed(min) 0.02---
2026-10-01 15:03:09,822 - INFO - --- validation at epoch 22, val_loss 0.0361, val_mae 0.2284, val_rmse 0.2637, val_r2 0.0506, val_pearson 0.2381, lr 1.00e-03 ---
2026-10-01 15:03:09,822 - INFO - 
****************************************************************************************************
2026-10-01 15:03:11,610 - INFO - --- training epoch 23, loss 0.0384, mae 0.2390, rmse 0.2771, time elapsed(min) 0.02---
2026-10-01 15:03:12,033 - INFO - --- validation at epoch 23, val_loss 0.0393, val_mae 0.2474, val_rmse 0.2801, val_r2 -0.0716, val_pearson 0.2445, lr 1.00e-03 ---
2026-10-01 15:03:12,034 - INFO - 
****************************************************************************************************
2026-10-01 15:03:13,739 - INFO - --- training epoch 24, loss 0.0386, mae 0.2407, rmse 0.2779, time elapsed(min) 0.02---
2026-10-01 15:03:13,948 - INFO - --- validation at epoch 24, val_loss 0.0358, val_mae 0.2292, val_rmse 0.2633, val_r2 0.0532, val_pearson 0.2530, lr 1.00e-03 ---
2026-10-01 15:03:13,948 - INFO - 
****************************************************************************************************
2026-10-01 15:03:15,695 - INFO - --- training epoch 25, loss 0.0384, mae 0.2392, rmse 0.2773, time elapsed(min) 0.02---
2026-10-01 15:03:15,927 - INFO - --- validation at epoch 25, val_loss 0.0374, val_mae 0.2395, val_rmse 0.2717, val_r2 -0.0078, val_pearson 0.2500, lr 1.00e-03 ---
2026-10-01 15:03:15,927 - INFO - 
****************************************************************************************************
2026-10-01 15:03:17,714 - INFO - --- training epoch 26, loss 0.0382, mae 0.2387, rmse 0.2763, time elapsed(min) 0.03---
2026-10-01 15:03:18,120 - INFO - --- validation at epoch 26, val_loss 0.0358, val_mae 0.2321, val_rmse 0.2648, val_r2 0.0421, val_pearson 0.2713, lr 1.00e-03 ---
2026-10-01 15:03:18,120 - INFO - 
****************************************************************************************************
2026-10-01 15:03:19,845 - INFO - --- training epoch 27, loss 0.0388, mae 0.2393, rmse 0.2787, time elapsed(min) 0.02---
2026-10-01 15:03:20,057 - INFO - --- validation at epoch 27, val_loss 0.0381, val_mae 0.2424, val_rmse 0.2743, val_r2 -0.0276, val_pearson 0.2605, lr 1.00e-03 ---
2026-10-01 15:03:20,057 - INFO - 
****************************************************************************************************
2026-10-01 15:03:21,667 - INFO - --- training epoch 28, loss 0.0383, mae 0.2384, rmse 0.2769, time elapsed(min) 0.02---
2026-10-01 15:03:21,897 - INFO - --- validation at epoch 28, val_loss 0.0356, val_mae 0.2315, val_rmse 0.2645, val_r2 0.0444, val_pearson 0.3051, lr 1.00e-03 ---
2026-10-01 15:03:21,897 - INFO - 
****************************************************************************************************
2026-10-01 15:03:23,648 - INFO - --- training epoch 29, loss 0.0392, mae 0.2395, rmse 0.2800, time elapsed(min) 0.02---
2026-10-01 15:03:23,985 - INFO - --- validation at epoch 29, val_loss 0.0373, val_mae 0.2386, val_rmse 0.2705, val_r2 0.0006, val_pearson 0.2745, lr 1.00e-03 ---
2026-10-01 15:03:23,985 - INFO - 
****************************************************************************************************
2026-10-01 15:03:25,815 - INFO - --- training epoch 30, loss 0.0383, mae 0.2387, rmse 0.2769, time elapsed(min) 0.03---
2026-10-01 15:03:26,024 - INFO - --- validation at epoch 30, val_loss 0.0351, val_mae 0.2282, val_rmse 0.2616, val_r2 0.0653, val_pearson 0.3139, lr 1.00e-03 ---
2026-10-01 15:03:26,025 - INFO - 
****************************************************************************************************
2026-10-01 15:03:27,787 - INFO - --- training epoch 31, loss 0.0390, mae 0.2381, rmse 0.2791, time elapsed(min) 0.02---
2026-10-01 15:03:27,999 - INFO - --- validation at epoch 31, val_loss 0.0363, val_mae 0.2335, val_rmse 0.2661, val_r2 0.0326, val_pearson 0.2969, lr 1.00e-03 ---
2026-10-01 15:03:27,999 - INFO - 
****************************************************************************************************
2026-10-01 15:03:29,616 - INFO - --- training epoch 32, loss 0.0378, mae 0.2362, rmse 0.2750, time elapsed(min) 0.02---
2026-10-01 15:03:29,952 - INFO - --- validation at epoch 32, val_loss 0.0338, val_mae 0.2255, val_rmse 0.2593, val_r2 0.0818, val_pearson 0.3376, lr 1.00e-03 ---
2026-10-01 15:03:29,952 - INFO - 
****************************************************************************************************
2026-10-01 15:03:31,848 - INFO - --- training epoch 33, loss 0.0375, mae 0.2325, rmse 0.2740, time elapsed(min) 0.03---
2026-10-01 15:03:32,062 - INFO - --- validation at epoch 33, val_loss 0.0315, val_mae 0.2115, val_rmse 0.2512, val_r2 0.1381, val_pearson 0.3794, lr 1.00e-03 ---
2026-10-01 15:03:32,062 - INFO - 
****************************************************************************************************
2026-10-01 15:03:33,751 - INFO - --- training epoch 34, loss 0.0357, mae 0.2230, rmse 0.2674, time elapsed(min) 0.02---
2026-10-01 15:03:33,965 - INFO - --- validation at epoch 34, val_loss 0.0355, val_mae 0.2324, val_rmse 0.2698, val_r2 0.0058, val_pearson 0.3907, lr 1.00e-03 ---
2026-10-01 15:03:33,965 - INFO - 
****************************************************************************************************
2026-10-01 15:03:35,597 - INFO - --- training epoch 35, loss 0.0347, mae 0.2200, rmse 0.2635, time elapsed(min) 0.02---
2026-10-01 15:03:35,919 - INFO - --- validation at epoch 35, val_loss 0.0315, val_mae 0.2164, val_rmse 0.2551, val_r2 0.1112, val_pearson 0.3983, lr 1.00e-03 ---
2026-10-01 15:03:35,919 - INFO - 
****************************************************************************************************
2026-10-01 15:03:37,762 - INFO - --- training epoch 36, loss 0.0347, mae 0.2193, rmse 0.2634, time elapsed(min) 0.03---
2026-10-01 15:03:37,968 - INFO - --- validation at epoch 36, val_loss 0.0304, val_mae 0.2106, val_rmse 0.2503, val_r2 0.1441, val_pearson 0.4046, lr 1.00e-03 ---
2026-10-01 15:03:37,968 - INFO - 
****************************************************************************************************
2026-10-01 15:03:39,691 - INFO - --- training epoch 37, loss 0.0340, mae 0.2178, rmse 0.2609, time elapsed(min) 0.02---
2026-10-01 15:03:39,923 - INFO - --- validation at epoch 37, val_loss 0.0310, val_mae 0.2141, val_rmse 0.2528, val_r2 0.1272, val_pearson 0.4070, lr 1.00e-03 ---
2026-10-01 15:03:39,923 - INFO - 
****************************************************************************************************
2026-10-01 15:03:41,584 - INFO - --- training epoch 38, loss 0.0341, mae 0.2178, rmse 0.2613, time elapsed(min) 0.02---
2026-10-01 15:03:41,809 - INFO - --- validation at epoch 38, val_loss 0.0312, val_mae 0.2141, val_rmse 0.2525, val_r2 0.1294, val_pearson 0.4130, lr 1.00e-03 ---
2026-10-01 15:03:41,809 - INFO - 
****************************************************************************************************
2026-10-01 15:03:43,525 - INFO - --- training epoch 39, loss 0.0337, mae 0.2164, rmse 0.2597, time elapsed(min) 0.02---
2026-10-01 15:03:43,891 - INFO - --- validation at epoch 39, val_loss 0.0306, val_mae 0.2107, val_rmse 0.2511, val_r2 0.1390, val_pearson 0.4175, lr 1.00e-03 ---
2026-10-01 15:03:43,892 - INFO - 
****************************************************************************************************
2026-10-01 15:03:45,738 - INFO - --- training epoch 40, loss 0.0342, mae 0.2173, rmse 0.2615, time elapsed(min) 0.02---
2026-10-01 15:03:45,950 - INFO - --- validation at epoch 40, val_loss 0.0310, val_mae 0.2139, val_rmse 0.2529, val_r2 0.1262, val_pearson 0.4181, lr 1.00e-03 ---
2026-10-01 15:03:45,950 - INFO - 
****************************************************************************************************
2026-10-01 15:03:47,521 - INFO - --- training epoch 41, loss 0.0340, mae 0.2169, rmse 0.2606, time elapsed(min) 0.02---
2026-10-01 15:03:47,736 - INFO - --- validation at epoch 41, val_loss 0.0311, val_mae 0.2135, val_rmse 0.2521, val_r2 0.1323, val_pearson 0.4212, lr 1.00e-03 ---
2026-10-01 15:03:47,736 - INFO - 
****************************************************************************************************
2026-10-01 15:03:49,348 - INFO - --- training epoch 42, loss 0.0341, mae 0.2169, rmse 0.2611, time elapsed(min) 0.02---
2026-10-01 15:03:49,725 - INFO - --- validation at epoch 42, val_loss 0.0312, val_mae 0.2146, val_rmse 0.2526, val_r2 0.1289, val_pearson 0.4254, lr 1.00e-03 ---
2026-10-01 15:03:49,725 - INFO - 
****************************************************************************************************
2026-10-01 15:03:51,461 - INFO - --- training epoch 43, loss 0.0340, mae 0.2165, rmse 0.2609, time elapsed(min) 0.02---
2026-10-01 15:03:51,670 - INFO - --- validation at epoch 43, val_loss 0.0313, val_mae 0.2132, val_rmse 0.2518, val_r2 0.1338, val_pearson 0.4282, lr 1.00e-03 ---
2026-10-01 15:03:51,670 - INFO - 
****************************************************************************************************
2026-10-01 15:03:53,283 - INFO - --- training epoch 44, loss 0.0339, mae 0.2160, rmse 0.2605, time elapsed(min) 0.02---
2026-10-01 15:03:53,494 - INFO - --- validation at epoch 44, val_loss 0.0362, val_mae 0.2043, val_rmse 0.2678, val_r2 0.0209, val_pearson 0.4353, lr 1.00e-03 ---
2026-10-01 15:03:53,494 - INFO - 
****************************************************************************************************
2026-10-01 15:03:55,161 - INFO - --- training epoch 45, loss 0.0348, mae 0.2194, rmse 0.2639, time elapsed(min) 0.02---
2026-10-01 15:03:55,571 - INFO - --- validation at epoch 45, val_loss 0.0298, val_mae 0.2031, val_rmse 0.2451, val_r2 0.1796, val_pearson 0.4316, lr 1.00e-03 ---
2026-10-01 15:03:55,571 - INFO - 
****************************************************************************************************
2026-10-01 15:03:57,548 - INFO - --- training epoch 46, loss 0.0351, mae 0.2187, rmse 0.2651, time elapsed(min) 0.03---
2026-10-01 15:03:57,760 - INFO - --- validation at epoch 46, val_loss 0.0301, val_mae 0.1983, val_rmse 0.2470, val_r2 0.1667, val_pearson 0.4143, lr 1.00e-03 ---
2026-10-01 15:03:57,760 - INFO - 
****************************************************************************************************
2026-10-01 15:03:59,390 - INFO - --- training epoch 47, loss 0.0340, mae 0.2162, rmse 0.2608, time elapsed(min) 0.02---
2026-10-01 15:03:59,602 - INFO - --- validation at epoch 47, val_loss 0.0318, val_mae 0.2168, val_rmse 0.2551, val_r2 0.1114, val_pearson 0.4258, lr 1.00e-03 ---
2026-10-01 15:03:59,602 - INFO - 
****************************************************************************************************
2026-10-01 15:04:01,203 - INFO - --- training epoch 48, loss 0.0338, mae 0.2154, rmse 0.2599, time elapsed(min) 0.02---
2026-10-01 15:04:01,536 - INFO - --- validation at epoch 48, val_loss 0.0312, val_mae 0.2146, val_rmse 0.2521, val_r2 0.1323, val_pearson 0.4309, lr 1.00e-03 ---
2026-10-01 15:04:01,536 - INFO - 
****************************************************************************************************
2026-10-01 15:04:03,324 - INFO - --- training epoch 49, loss 0.0353, mae 0.2199, rmse 0.2658, time elapsed(min) 0.03---
2026-10-01 15:04:03,535 - INFO - --- validation at epoch 49, val_loss 0.0294, val_mae 0.2012, val_rmse 0.2440, val_r2 0.1870, val_pearson 0.4349, lr 1.00e-03 ---
2026-10-01 15:04:03,535 - INFO - 
****************************************************************************************************
2026-10-01 15:04:05,210 - INFO - --- training epoch 50, loss 0.0339, mae 0.2146, rmse 0.2604, time elapsed(min) 0.02---
2026-10-01 15:04:05,420 - INFO - --- validation at epoch 50, val_loss 0.0320, val_mae 0.2145, val_rmse 0.2538, val_r2 0.1205, val_pearson 0.4484, lr 1.00e-03 ---
2026-10-01 15:04:05,420 - INFO - 
****************************************************************************************************
2026-10-01 15:04:07,078 - INFO - --- training epoch 51, loss 0.0334, mae 0.2142, rmse 0.2585, time elapsed(min) 0.02---
2026-10-01 15:04:07,405 - INFO - --- validation at epoch 51, val_loss 0.0297, val_mae 0.2013, val_rmse 0.2442, val_r2 0.1858, val_pearson 0.4535, lr 1.00e-03 ---
2026-10-01 15:04:07,405 - INFO - 
****************************************************************************************************
2026-10-01 15:04:09,216 - INFO - --- training epoch 52, loss 0.0394, mae 0.2312, rmse 0.2807, time elapsed(min) 0.03---
2026-10-01 15:04:09,424 - INFO - --- validation at epoch 52, val_loss 0.0315, val_mae 0.2164, val_rmse 0.2555, val_r2 0.1086, val_pearson 0.3947, lr 1.00e-03 ---
2026-10-01 15:04:09,424 - INFO - 
****************************************************************************************************
2026-10-01 15:04:11,057 - INFO - --- training epoch 53, loss 0.0338, mae 0.2161, rmse 0.2599, time elapsed(min) 0.02---
2026-10-01 15:04:11,265 - INFO - --- validation at epoch 53, val_loss 0.0297, val_mae 0.2061, val_rmse 0.2478, val_r2 0.1613, val_pearson 0.4236, lr 1.00e-03 ---
2026-10-01 15:04:11,265 - INFO - 
****************************************************************************************************
2026-10-01 15:04:12,935 - INFO - --- training epoch 54, loss 0.0331, mae 0.2134, rmse 0.2574, time elapsed(min) 0.02---
2026-10-01 15:04:13,270 - INFO - --- validation at epoch 54, val_loss 0.0308, val_mae 0.2086, val_rmse 0.2495, val_r2 0.1497, val_pearson 0.4411, lr 1.00e-03 ---
2026-10-01 15:04:13,270 - INFO - 
****************************************************************************************************
2026-10-01 15:04:15,202 - INFO - --- training epoch 55, loss 0.0332, mae 0.2132, rmse 0.2577, time elapsed(min) 0.03---
2026-10-01 15:04:15,412 - INFO - --- validation at epoch 55, val_loss 0.0308, val_mae 0.2062, val_rmse 0.2484, val_r2 0.1572, val_pearson 0.4508, lr 1.00e-03 ---
2026-10-01 15:04:15,412 - INFO - 
****************************************************************************************************
2026-10-01 15:04:16,975 - INFO - --- training epoch 56, loss 0.0336, mae 0.2140, rmse 0.2594, time elapsed(min) 0.02---
2026-10-01 15:04:17,181 - INFO - --- validation at epoch 56, val_loss 0.0313, val_mae 0.2141, val_rmse 0.2545, val_r2 0.1157, val_pearson 0.4299, lr 1.00e-03 ---
2026-10-01 15:04:17,182 - INFO - 
****************************************************************************************************
2026-10-01 15:04:18,782 - INFO - --- training epoch 57, loss 0.0338, mae 0.2145, rmse 0.2598, time elapsed(min) 0.02---
2026-10-01 15:04:19,109 - INFO - --- validation at epoch 57, val_loss 0.0319, val_mae 0.2172, val_rmse 0.2566, val_r2 0.1005, val_pearson 0.4364, lr 1.00e-03 ---
2026-10-01 15:04:19,109 - INFO - 
****************************************************************************************************
2026-10-01 15:04:20,976 - INFO - --- training epoch 58, loss 0.0331, mae 0.2126, rmse 0.2571, time elapsed(min) 0.03---
2026-10-01 15:04:21,185 - INFO - --- validation at epoch 58, val_loss 0.0305, val_mae 0.2075, val_rmse 0.2479, val_r2 0.1610, val_pearson 0.4555, lr 1.00e-03 ---
2026-10-01 15:04:21,185 - INFO - 
****************************************************************************************************
2026-10-01 15:04:22,765 - INFO - --- training epoch 59, loss 0.0330, mae 0.2120, rmse 0.2571, time elapsed(min) 0.02---
2026-10-01 15:04:22,991 - INFO - --- validation at epoch 59, val_loss 0.0304, val_mae 0.2075, val_rmse 0.2484, val_r2 0.1576, val_pearson 0.4587, lr 1.00e-03 ---
2026-10-01 15:04:22,991 - INFO - 
****************************************************************************************************
2026-10-01 15:04:23,264 - INFO - --- early stopping at epoch 59: val_loss did not improve for 10 epochs ---
2026-10-01 15:04:23,502 - INFO - --- selected checkpoint from epoch 49, val_loss 0.0294, val_mae 0.2012, val_rmse 0.2440
2026-10-01 15:04:24,297 - INFO - -- RESULT
2026-10-01 15:04:24,297 - INFO - --- test size: 1728
2026-10-01 15:04:24,297 - INFO - --- MAE: 0.2131 (21.31 pp), RMSE: 0.2592 (25.92 pp), R2: 0.1511, Pearson: 0.3901
2026-10-01 15:04:25,781 - INFO - --- Cell option_b_linear DONE: test MAE=0.2131 RMSE=0.2592 R2=0.1511 | sec/epoch=1.97
2026-10-01 15:04:25,795 - INFO - === RUNNING: dataset=suzuki split=split_1 cell=option_b_mlp (tokens=ind, pooling=rn, head=mlp) ===
