2026-09-30 21:02:43,739 - INFO - device is	cuda:0
2026-09-30 21:02:43,860 - INFO - -- CONFIGURATIONS
2026-09-30 21:02:43,860 - INFO - --- train/valid/test: 2491/277/1187
2026-09-30 21:02:43,860 - INFO - --- max no. reactants_train, valid, test respectively: 6, 6, 6
2026-09-30 21:02:43,860 - INFO - --- max no. products_train, valid, test respectively: 1, 1, 1
2026-09-30 21:02:43,860 - INFO - --- model_path: ../logs/approach2_grid_bh/e400/runs/Buchwald-Hartwig_fullcv01_split70_ind_mlp/model.pt
2026-09-30 21:02:43,872 - INFO - -- TRAINING
2026-09-30 21:02:45,330 - INFO - --- training epoch 0, loss 23.9025, mae 24.3969, rmse 30.0318, time elapsed(min) 0.02---
2026-09-30 21:02:45,571 - INFO - --- validation at epoch 0, val_loss 22.6426, val_mae 23.5812, val_rmse 27.6342, val_r2 -0.0262, val_pearson -0.3241, lr 1.00e-03 ---
2026-09-30 21:02:45,571 - INFO - 
****************************************************************************************************
2026-09-30 21:02:47,394 - INFO - --- training epoch 1, loss 22.9023, mae 23.3991, rmse 28.1239, time elapsed(min) 0.02---
2026-09-30 21:02:47,620 - INFO - --- validation at epoch 1, val_loss 22.0494, val_mae 23.0048, val_rmse 27.2535, val_r2 0.0019, val_pearson 0.1555, lr 1.00e-03 ---
2026-09-30 21:02:47,620 - INFO - 
****************************************************************************************************
2026-09-30 21:02:49,634 - INFO - --- training epoch 2, loss 22.3923, mae 22.8892, rmse 27.5502, time elapsed(min) 0.03---
2026-09-30 21:02:49,857 - INFO - --- validation at epoch 2, val_loss 21.4456, val_mae 22.4696, val_rmse 26.6173, val_r2 0.0479, val_pearson 0.3847, lr 1.00e-03 ---
2026-09-30 21:02:49,857 - INFO - 
****************************************************************************************************
2026-09-30 21:02:51,283 - INFO - --- training epoch 3, loss 22.1066, mae 22.6030, rmse 27.2483, time elapsed(min) 0.01---
2026-09-30 21:02:51,556 - INFO - --- validation at epoch 3, val_loss 20.8633, val_mae 22.0644, val_rmse 26.3595, val_r2 0.0663, val_pearson 0.3458, lr 1.00e-03 ---
2026-09-30 21:02:51,556 - INFO - 
****************************************************************************************************
2026-09-30 21:02:52,993 - INFO - --- training epoch 4, loss 21.7405, mae 22.2367, rmse 26.9073, time elapsed(min) 0.01---
2026-09-30 21:02:53,260 - INFO - --- validation at epoch 4, val_loss 20.5952, val_mae 21.7389, val_rmse 26.0779, val_r2 0.0861, val_pearson 0.4194, lr 1.00e-03 ---
2026-09-30 21:02:53,260 - INFO - 
****************************************************************************************************
2026-09-30 21:02:55,098 - INFO - --- training epoch 5, loss 21.5613, mae 22.0565, rmse 26.5273, time elapsed(min) 0.02---
2026-09-30 21:02:55,336 - INFO - --- validation at epoch 5, val_loss 20.4173, val_mae 21.3972, val_rmse 25.7104, val_r2 0.1117, val_pearson 0.4957, lr 1.00e-03 ---
2026-09-30 21:02:55,336 - INFO - 
****************************************************************************************************
2026-09-30 21:02:57,102 - INFO - --- training epoch 6, loss 20.8893, mae 21.3849, rmse 25.6477, time elapsed(min) 0.02---
2026-09-30 21:02:57,356 - INFO - --- validation at epoch 6, val_loss 19.0622, val_mae 20.1951, val_rmse 25.2724, val_r2 0.1417, val_pearson 0.4917, lr 1.00e-03 ---
2026-09-30 21:02:57,356 - INFO - 
****************************************************************************************************
2026-09-30 21:02:59,153 - INFO - --- training epoch 7, loss 20.6362, mae 21.1327, rmse 25.6318, time elapsed(min) 0.02---
2026-09-30 21:02:59,394 - INFO - --- validation at epoch 7, val_loss 18.1403, val_mae 19.4072, val_rmse 23.4695, val_r2 0.2598, val_pearson 0.5271, lr 1.00e-03 ---
2026-09-30 21:02:59,394 - INFO - 
****************************************************************************************************
2026-09-30 21:03:01,495 - INFO - --- training epoch 8, loss 20.4146, mae 20.9106, rmse 25.5751, time elapsed(min) 0.03---
2026-09-30 21:03:01,725 - INFO - --- validation at epoch 8, val_loss 19.6349, val_mae 20.4561, val_rmse 23.7780, val_r2 0.2402, val_pearson 0.5082, lr 1.00e-03 ---
2026-09-30 21:03:01,725 - INFO - 
****************************************************************************************************
2026-09-30 21:03:03,088 - INFO - --- training epoch 9, loss 20.1119, mae 20.6077, rmse 25.1126, time elapsed(min) 0.02---
2026-09-30 21:03:03,329 - INFO - --- validation at epoch 9, val_loss 17.9504, val_mae 19.4175, val_rmse 24.4348, val_r2 0.1977, val_pearson 0.5218, lr 1.00e-03 ---
2026-09-30 21:03:03,329 - INFO - 
****************************************************************************************************
2026-09-30 21:03:05,041 - INFO - --- training epoch 10, loss 20.2908, mae 20.7862, rmse 25.4958, time elapsed(min) 0.02---
2026-09-30 21:03:05,295 - INFO - --- validation at epoch 10, val_loss 18.4152, val_mae 19.9678, val_rmse 25.3008, val_r2 0.1398, val_pearson 0.5523, lr 1.00e-03 ---
2026-09-30 21:03:05,295 - INFO - 
****************************************************************************************************
2026-09-30 21:03:06,964 - INFO - --- training epoch 11, loss 19.8607, mae 20.3565, rmse 25.0842, time elapsed(min) 0.02---
2026-09-30 21:03:07,187 - INFO - --- validation at epoch 11, val_loss 18.6895, val_mae 19.8796, val_rmse 25.3874, val_r2 0.1339, val_pearson 0.4960, lr 1.00e-03 ---
2026-09-30 21:03:07,187 - INFO - 
****************************************************************************************************
2026-09-30 21:03:08,870 - INFO - --- training epoch 12, loss 19.9420, mae 20.4380, rmse 25.4640, time elapsed(min) 0.02---
2026-09-30 21:03:09,126 - INFO - --- validation at epoch 12, val_loss 17.8295, val_mae 19.0651, val_rmse 23.5978, val_r2 0.2517, val_pearson 0.5395, lr 1.00e-03 ---
2026-09-30 21:03:09,126 - INFO - 
****************************************************************************************************
2026-09-30 21:03:11,199 - INFO - --- training epoch 13, loss 19.8414, mae 20.3368, rmse 25.2554, time elapsed(min) 0.03---
2026-09-30 21:03:11,416 - INFO - --- validation at epoch 13, val_loss 17.3493, val_mae 18.5399, val_rmse 22.5599, val_r2 0.3161, val_pearson 0.5739, lr 1.00e-03 ---
2026-09-30 21:03:11,416 - INFO - 
****************************************************************************************************
2026-09-30 21:03:12,902 - INFO - --- training epoch 14, loss 20.0875, mae 20.5821, rmse 25.2011, time elapsed(min) 0.02---
2026-09-30 21:03:13,138 - INFO - --- validation at epoch 14, val_loss 17.5793, val_mae 18.9779, val_rmse 22.8443, val_r2 0.2987, val_pearson 0.5541, lr 1.00e-03 ---
2026-09-30 21:03:13,138 - INFO - 
****************************************************************************************************
2026-09-30 21:03:14,512 - INFO - --- training epoch 15, loss 19.9806, mae 20.4755, rmse 25.2476, time elapsed(min) 0.02---
2026-09-30 21:03:14,795 - INFO - --- validation at epoch 15, val_loss 16.9791, val_mae 18.0863, val_rmse 22.3241, val_r2 0.3303, val_pearson 0.5770, lr 1.00e-03 ---
2026-09-30 21:03:14,795 - INFO - 
****************************************************************************************************
2026-09-30 21:03:16,743 - INFO - --- training epoch 16, loss 19.4295, mae 19.9239, rmse 24.6491, time elapsed(min) 0.02---
2026-09-30 21:03:16,984 - INFO - --- validation at epoch 16, val_loss 19.3509, val_mae 20.2674, val_rmse 24.1366, val_r2 0.2171, val_pearson 0.4735, lr 1.00e-03 ---
2026-09-30 21:03:16,984 - INFO - 
****************************************************************************************************
2026-09-30 21:03:18,767 - INFO - --- training epoch 17, loss 20.4837, mae 20.9794, rmse 25.7141, time elapsed(min) 0.02---
2026-09-30 21:03:19,003 - INFO - --- validation at epoch 17, val_loss 18.1749, val_mae 19.0902, val_rmse 22.6382, val_r2 0.3113, val_pearson 0.5684, lr 1.00e-03 ---
2026-09-30 21:03:19,003 - INFO - 
****************************************************************************************************
2026-09-30 21:03:21,201 - INFO - --- training epoch 18, loss 19.6053, mae 20.0996, rmse 24.7429, time elapsed(min) 0.03---
2026-09-30 21:03:21,491 - INFO - --- validation at epoch 18, val_loss 16.2049, val_mae 17.5185, val_rmse 21.7292, val_r2 0.3655, val_pearson 0.6103, lr 1.00e-03 ---
2026-09-30 21:03:21,491 - INFO - 
****************************************************************************************************
2026-09-30 21:03:22,974 - INFO - --- training epoch 19, loss 19.1922, mae 19.6874, rmse 24.2674, time elapsed(min) 0.02---
2026-09-30 21:03:23,223 - INFO - --- validation at epoch 19, val_loss 16.8064, val_mae 17.8297, val_rmse 22.3671, val_r2 0.3277, val_pearson 0.5928, lr 1.00e-03 ---
2026-09-30 21:03:23,224 - INFO - 
****************************************************************************************************
2026-09-30 21:03:24,594 - INFO - --- training epoch 20, loss 19.2624, mae 19.7573, rmse 24.6293, time elapsed(min) 0.02---
2026-09-30 21:03:24,857 - INFO - --- validation at epoch 20, val_loss 16.7457, val_mae 17.8519, val_rmse 21.7881, val_r2 0.3621, val_pearson 0.6021, lr 1.00e-03 ---
2026-09-30 21:03:24,857 - INFO - 
****************************************************************************************************
2026-09-30 21:03:26,501 - INFO - --- training epoch 21, loss 19.0810, mae 19.5751, rmse 24.5264, time elapsed(min) 0.02---
2026-09-30 21:03:26,761 - INFO - --- validation at epoch 21, val_loss 17.0664, val_mae 17.9288, val_rmse 21.7262, val_r2 0.3657, val_pearson 0.6080, lr 1.00e-03 ---
2026-09-30 21:03:26,762 - INFO - 
****************************************************************************************************
2026-09-30 21:03:28,462 - INFO - --- training epoch 22, loss 18.9212, mae 19.4162, rmse 24.1771, time elapsed(min) 0.02---
2026-09-30 21:03:28,720 - INFO - --- validation at epoch 22, val_loss 18.1666, val_mae 19.0159, val_rmse 23.6803, val_r2 0.2464, val_pearson 0.5518, lr 1.00e-03 ---
2026-09-30 21:03:28,720 - INFO - 
****************************************************************************************************
2026-09-30 21:03:30,520 - INFO - --- training epoch 23, loss 18.6598, mae 19.1548, rmse 23.9196, time elapsed(min) 0.02---
2026-09-30 21:03:31,154 - INFO - --- validation at epoch 23, val_loss 16.9666, val_mae 17.7652, val_rmse 22.1932, val_r2 0.3381, val_pearson 0.5902, lr 1.00e-03 ---
2026-09-30 21:03:31,154 - INFO - 
****************************************************************************************************
2026-09-30 21:03:32,851 - INFO - --- training epoch 24, loss 18.6783, mae 19.1719, rmse 23.9906, time elapsed(min) 0.02---
2026-09-30 21:03:33,151 - INFO - --- validation at epoch 24, val_loss 16.9807, val_mae 17.6924, val_rmse 22.0569, val_r2 0.3462, val_pearson 0.6053, lr 1.00e-03 ---
2026-09-30 21:03:33,151 - INFO - 
****************************************************************************************************
2026-09-30 21:03:34,536 - INFO - --- training epoch 25, loss 18.4317, mae 18.9265, rmse 23.5760, time elapsed(min) 0.02---
2026-09-30 21:03:34,796 - INFO - --- validation at epoch 25, val_loss 16.0755, val_mae 17.1183, val_rmse 22.3727, val_r2 0.3274, val_pearson 0.6167, lr 1.00e-03 ---
2026-09-30 21:03:34,797 - INFO - 
****************************************************************************************************
2026-09-30 21:03:36,624 - INFO - --- training epoch 26, loss 18.4077, mae 18.9030, rmse 23.6370, time elapsed(min) 0.02---
2026-09-30 21:03:36,860 - INFO - --- validation at epoch 26, val_loss 17.4216, val_mae 18.1644, val_rmse 22.9002, val_r2 0.2953, val_pearson 0.6126, lr 1.00e-03 ---
2026-09-30 21:03:36,860 - INFO - 
****************************************************************************************************
2026-09-30 21:03:38,572 - INFO - --- training epoch 27, loss 18.3468, mae 18.8401, rmse 23.5695, time elapsed(min) 0.02---
2026-09-30 21:03:38,824 - INFO - --- validation at epoch 27, val_loss 16.7846, val_mae 17.6394, val_rmse 22.2515, val_r2 0.3346, val_pearson 0.5964, lr 1.00e-03 ---
2026-09-30 21:03:38,824 - INFO - 
****************************************************************************************************
2026-09-30 21:03:40,586 - INFO - --- training epoch 28, loss 17.8670, mae 18.3623, rmse 23.2104, time elapsed(min) 0.02---
2026-09-30 21:03:41,197 - INFO - --- validation at epoch 28, val_loss 16.2361, val_mae 17.5734, val_rmse 22.5256, val_r2 0.3181, val_pearson 0.6220, lr 1.00e-03 ---
2026-09-30 21:03:41,197 - INFO - 
****************************************************************************************************
2026-09-30 21:03:42,831 - INFO - --- training epoch 29, loss 18.1657, mae 18.6606, rmse 24.1195, time elapsed(min) 0.02---
2026-09-30 21:03:43,071 - INFO - --- validation at epoch 29, val_loss 22.0335, val_mae 22.7132, val_rmse 27.2345, val_r2 0.0033, val_pearson 0.5373, lr 1.00e-03 ---
2026-09-30 21:03:43,071 - INFO - 
****************************************************************************************************
2026-09-30 21:03:44,494 - INFO - --- training epoch 30, loss 19.0032, mae 19.4979, rmse 24.4054, time elapsed(min) 0.02---
2026-09-30 21:03:44,713 - INFO - --- validation at epoch 30, val_loss 17.9965, val_mae 18.6720, val_rmse 23.5269, val_r2 0.2562, val_pearson 0.6174, lr 1.00e-03 ---
2026-09-30 21:03:44,713 - INFO - 
****************************************************************************************************
2026-09-30 21:03:46,359 - INFO - --- training epoch 31, loss 16.9325, mae 17.4252, rmse 22.4472, time elapsed(min) 0.02---
2026-09-30 21:03:46,666 - INFO - --- validation at epoch 31, val_loss 13.8657, val_mae 14.9138, val_rmse 19.3125, val_r2 0.4988, val_pearson 0.7242, lr 1.00e-03 ---
2026-09-30 21:03:46,666 - INFO - 
****************************************************************************************************
2026-09-30 21:03:48,465 - INFO - --- training epoch 32, loss 15.4481, mae 15.9375, rmse 21.1323, time elapsed(min) 0.02---
2026-09-30 21:03:48,726 - INFO - --- validation at epoch 32, val_loss 12.8187, val_mae 13.5430, val_rmse 16.9656, val_r2 0.6132, val_pearson 0.7850, lr 1.00e-03 ---
2026-09-30 21:03:48,727 - INFO - 
****************************************************************************************************
2026-09-30 21:03:50,793 - INFO - --- training epoch 33, loss 15.1411, mae 15.6320, rmse 20.3961, time elapsed(min) 0.03---
2026-09-30 21:03:51,014 - INFO - --- validation at epoch 33, val_loss 11.5975, val_mae 12.6572, val_rmse 16.6740, val_r2 0.6264, val_pearson 0.7947, lr 1.00e-03 ---
2026-09-30 21:03:51,014 - INFO - 
****************************************************************************************************
2026-09-30 21:03:53,214 - INFO - --- training epoch 34, loss 14.2128, mae 14.7033, rmse 19.2153, time elapsed(min) 0.03---
2026-09-30 21:03:53,450 - INFO - --- validation at epoch 34, val_loss 13.4648, val_mae 14.5547, val_rmse 19.2856, val_r2 0.5002, val_pearson 0.7278, lr 1.00e-03 ---
2026-09-30 21:03:53,450 - INFO - 
****************************************************************************************************
2026-09-30 21:03:54,871 - INFO - --- training epoch 35, loss 14.7575, mae 15.2487, rmse 20.1908, time elapsed(min) 0.02---
2026-09-30 21:03:55,112 - INFO - --- validation at epoch 35, val_loss 10.7390, val_mae 12.4004, val_rmse 16.2441, val_r2 0.6454, val_pearson 0.8197, lr 1.00e-03 ---
2026-09-30 21:03:55,112 - INFO - 
****************************************************************************************************
2026-09-30 21:03:56,811 - INFO - --- training epoch 36, loss 13.5997, mae 14.0865, rmse 18.8547, time elapsed(min) 0.02---
2026-09-30 21:03:57,064 - INFO - --- validation at epoch 36, val_loss 11.0571, val_mae 12.0373, val_rmse 15.5136, val_r2 0.6766, val_pearson 0.8248, lr 1.00e-03 ---
2026-09-30 21:03:57,064 - INFO - 
****************************************************************************************************
2026-09-30 21:03:58,966 - INFO - --- training epoch 37, loss 12.5269, mae 13.0102, rmse 17.5239, time elapsed(min) 0.02---
2026-09-30 21:03:59,260 - INFO - --- validation at epoch 37, val_loss 10.1533, val_mae 11.0515, val_rmse 14.5965, val_r2 0.7137, val_pearson 0.8461, lr 1.00e-03 ---
2026-09-30 21:03:59,260 - INFO - 
****************************************************************************************************
2026-09-30 21:04:01,230 - INFO - --- training epoch 38, loss 12.9220, mae 13.4098, rmse 17.7037, time elapsed(min) 0.02---
2026-09-30 21:04:01,464 - INFO - --- validation at epoch 38, val_loss 10.3941, val_mae 11.1120, val_rmse 14.8481, val_r2 0.7037, val_pearson 0.8524, lr 1.00e-03 ---
2026-09-30 21:04:01,464 - INFO - 
****************************************************************************************************
2026-09-30 21:04:03,446 - INFO - --- training epoch 39, loss 12.2196, mae 12.7066, rmse 17.2529, time elapsed(min) 0.03---
2026-09-30 21:04:03,669 - INFO - --- validation at epoch 39, val_loss 10.0808, val_mae 11.0570, val_rmse 14.3372, val_r2 0.7238, val_pearson 0.8567, lr 1.00e-03 ---
2026-09-30 21:04:03,669 - INFO - 
****************************************************************************************************
2026-09-30 21:04:05,162 - INFO - --- training epoch 40, loss 11.9949, mae 12.4792, rmse 17.0136, time elapsed(min) 0.02---
2026-09-30 21:04:05,390 - INFO - --- validation at epoch 40, val_loss 10.3805, val_mae 11.5968, val_rmse 16.1428, val_r2 0.6498, val_pearson 0.8579, lr 1.00e-03 ---
2026-09-30 21:04:05,390 - INFO - 
****************************************************************************************************
2026-09-30 21:04:07,024 - INFO - --- training epoch 41, loss 12.1510, mae 12.6355, rmse 17.2759, time elapsed(min) 0.02---
2026-09-30 21:04:07,268 - INFO - --- validation at epoch 41, val_loss 10.2036, val_mae 11.4456, val_rmse 15.5844, val_r2 0.6736, val_pearson 0.8637, lr 1.00e-03 ---
2026-09-30 21:04:07,268 - INFO - 
****************************************************************************************************
2026-09-30 21:04:08,973 - INFO - --- training epoch 42, loss 13.0764, mae 13.5640, rmse 18.3398, time elapsed(min) 0.02---
2026-09-30 21:04:09,200 - INFO - --- validation at epoch 42, val_loss 11.3356, val_mae 12.1289, val_rmse 15.6638, val_r2 0.6703, val_pearson 0.8242, lr 1.00e-03 ---
2026-09-30 21:04:09,200 - INFO - 
****************************************************************************************************
2026-09-30 21:04:10,930 - INFO - --- training epoch 43, loss 13.8725, mae 14.3621, rmse 18.8863, time elapsed(min) 0.02---
2026-09-30 21:04:11,176 - INFO - --- validation at epoch 43, val_loss 11.3324, val_mae 12.1465, val_rmse 16.2738, val_r2 0.6441, val_pearson 0.8171, lr 1.00e-03 ---
2026-09-30 21:04:11,176 - INFO - 
****************************************************************************************************
2026-09-30 21:04:12,925 - INFO - --- training epoch 44, loss 12.4683, mae 12.9582, rmse 17.3388, time elapsed(min) 0.02---
2026-09-30 21:04:13,540 - INFO - --- validation at epoch 44, val_loss 10.2979, val_mae 11.3618, val_rmse 15.4038, val_r2 0.6811, val_pearson 0.8488, lr 1.00e-03 ---
2026-09-30 21:04:13,540 - INFO - 
****************************************************************************************************
2026-09-30 21:04:15,220 - INFO - --- training epoch 45, loss 11.9014, mae 12.3889, rmse 16.8171, time elapsed(min) 0.02---
2026-09-30 21:04:15,488 - INFO - --- validation at epoch 45, val_loss 10.0271, val_mae 10.7936, val_rmse 14.4345, val_r2 0.7200, val_pearson 0.8493, lr 1.00e-03 ---
2026-09-30 21:04:15,488 - INFO - 
****************************************************************************************************
2026-09-30 21:04:16,995 - INFO - --- training epoch 46, loss 11.7922, mae 12.2762, rmse 16.7717, time elapsed(min) 0.02---
2026-09-30 21:04:17,251 - INFO - --- validation at epoch 46, val_loss 9.8988, val_mae 10.8285, val_rmse 14.3974, val_r2 0.7214, val_pearson 0.8515, lr 1.00e-03 ---
2026-09-30 21:04:17,251 - INFO - 
****************************************************************************************************
2026-09-30 21:04:19,086 - INFO - --- training epoch 47, loss 10.9549, mae 11.4435, rmse 15.6118, time elapsed(min) 0.02---
2026-09-30 21:04:19,330 - INFO - --- validation at epoch 47, val_loss 10.2402, val_mae 10.7739, val_rmse 14.3328, val_r2 0.7239, val_pearson 0.8601, lr 1.00e-03 ---
2026-09-30 21:04:19,330 - INFO - 
****************************************************************************************************
2026-09-30 21:04:21,032 - INFO - --- training epoch 48, loss 11.5416, mae 12.0265, rmse 16.4787, time elapsed(min) 0.02---
2026-09-30 21:04:21,317 - INFO - --- validation at epoch 48, val_loss 9.0327, val_mae 10.1984, val_rmse 13.9542, val_r2 0.7383, val_pearson 0.8604, lr 1.00e-03 ---
2026-09-30 21:04:21,317 - INFO - 
****************************************************************************************************
2026-09-30 21:04:23,175 - INFO - --- training epoch 49, loss 10.8767, mae 11.3624, rmse 15.7380, time elapsed(min) 0.02---
2026-09-30 21:04:23,706 - INFO - --- validation at epoch 49, val_loss 11.4412, val_mae 11.7301, val_rmse 15.5578, val_r2 0.6747, val_pearson 0.8346, lr 1.00e-03 ---
2026-09-30 21:04:23,706 - INFO - 
****************************************************************************************************
2026-09-30 21:04:25,402 - INFO - --- training epoch 50, loss 11.6026, mae 12.0903, rmse 16.2780, time elapsed(min) 0.02---
2026-09-30 21:04:25,648 - INFO - --- validation at epoch 50, val_loss 11.3813, val_mae 11.5069, val_rmse 15.2606, val_r2 0.6870, val_pearson 0.8325, lr 1.00e-03 ---
2026-09-30 21:04:25,648 - INFO - 
****************************************************************************************************
2026-09-30 21:04:27,275 - INFO - --- training epoch 51, loss 10.8463, mae 11.3250, rmse 15.6223, time elapsed(min) 0.02---
2026-09-30 21:04:27,512 - INFO - --- validation at epoch 51, val_loss 9.5060, val_mae 10.1398, val_rmse 13.1997, val_r2 0.7659, val_pearson 0.8767, lr 1.00e-03 ---
2026-09-30 21:04:27,512 - INFO - 
****************************************************************************************************
2026-09-30 21:04:29,262 - INFO - --- training epoch 52, loss 12.0814, mae 12.5689, rmse 17.0906, time elapsed(min) 0.02---
2026-09-30 21:04:29,513 - INFO - --- validation at epoch 52, val_loss 12.2645, val_mae 13.3764, val_rmse 18.4110, val_r2 0.5445, val_pearson 0.8121, lr 1.00e-03 ---
2026-09-30 21:04:29,513 - INFO - 
****************************************************************************************************
2026-09-30 21:04:31,271 - INFO - --- training epoch 53, loss 14.0829, mae 14.5708, rmse 19.7594, time elapsed(min) 0.02---
2026-09-30 21:04:31,510 - INFO - --- validation at epoch 53, val_loss 11.2836, val_mae 12.2941, val_rmse 15.9796, val_r2 0.6569, val_pearson 0.8126, lr 1.00e-03 ---
2026-09-30 21:04:31,510 - INFO - 
****************************************************************************************************
2026-09-30 21:04:33,264 - INFO - --- training epoch 54, loss 11.3320, mae 11.8183, rmse 16.1550, time elapsed(min) 0.02---
2026-09-30 21:04:33,892 - INFO - --- validation at epoch 54, val_loss 10.3362, val_mae 11.2105, val_rmse 15.3876, val_r2 0.6818, val_pearson 0.8430, lr 1.00e-03 ---
2026-09-30 21:04:33,892 - INFO - 
****************************************************************************************************
2026-09-30 21:04:35,589 - INFO - --- training epoch 55, loss 10.7517, mae 11.2325, rmse 15.5398, time elapsed(min) 0.02---
2026-09-30 21:04:35,840 - INFO - --- validation at epoch 55, val_loss 8.8344, val_mae 9.5816, val_rmse 13.0191, val_r2 0.7722, val_pearson 0.8803, lr 1.00e-03 ---
2026-09-30 21:04:35,840 - INFO - 
****************************************************************************************************
2026-09-30 21:04:37,373 - INFO - --- training epoch 56, loss 10.3728, mae 10.8577, rmse 14.9300, time elapsed(min) 0.02---
2026-09-30 21:04:37,618 - INFO - --- validation at epoch 56, val_loss 8.8181, val_mae 9.2980, val_rmse 12.4649, val_r2 0.7912, val_pearson 0.8907, lr 1.00e-03 ---
2026-09-30 21:04:37,618 - INFO - 
****************************************************************************************************
2026-09-30 21:04:39,413 - INFO - --- training epoch 57, loss 9.8838, mae 10.3646, rmse 14.5186, time elapsed(min) 0.02---
2026-09-30 21:04:39,683 - INFO - --- validation at epoch 57, val_loss 9.8573, val_mae 10.1887, val_rmse 13.9688, val_r2 0.7378, val_pearson 0.8671, lr 1.00e-03 ---
2026-09-30 21:04:39,683 - INFO - 
****************************************************************************************************
2026-09-30 21:04:41,490 - INFO - --- training epoch 58, loss 10.4650, mae 10.9471, rmse 15.2144, time elapsed(min) 0.02---
2026-09-30 21:04:41,731 - INFO - --- validation at epoch 58, val_loss 9.5865, val_mae 10.2981, val_rmse 13.8231, val_r2 0.7432, val_pearson 0.8647, lr 1.00e-03 ---
2026-09-30 21:04:41,731 - INFO - 
****************************************************************************************************
2026-09-30 21:04:43,474 - INFO - --- training epoch 59, loss 10.3707, mae 10.8519, rmse 15.1628, time elapsed(min) 0.02---
2026-09-30 21:04:44,126 - INFO - --- validation at epoch 59, val_loss 9.6581, val_mae 9.7069, val_rmse 12.8159, val_r2 0.7793, val_pearson 0.8842, lr 1.00e-03 ---
2026-09-30 21:04:44,127 - INFO - 
****************************************************************************************************
2026-09-30 21:04:45,746 - INFO - --- training epoch 60, loss 10.6116, mae 11.0936, rmse 15.2328, time elapsed(min) 0.02---
2026-09-30 21:04:46,027 - INFO - --- validation at epoch 60, val_loss 10.1865, val_mae 10.1481, val_rmse 13.5505, val_r2 0.7533, val_pearson 0.8740, lr 1.00e-03 ---
2026-09-30 21:04:46,028 - INFO - 
****************************************************************************************************
2026-09-30 21:04:47,455 - INFO - --- training epoch 61, loss 9.9742, mae 10.4588, rmse 14.6215, time elapsed(min) 0.02---
2026-09-30 21:04:47,697 - INFO - --- validation at epoch 61, val_loss 9.1480, val_mae 9.9567, val_rmse 13.9904, val_r2 0.7370, val_pearson 0.8756, lr 1.00e-03 ---
2026-09-30 21:04:47,697 - INFO - 
****************************************************************************************************
2026-09-30 21:04:49,455 - INFO - --- training epoch 62, loss 10.0809, mae 10.5602, rmse 14.7746, time elapsed(min) 0.02---
2026-09-30 21:04:49,696 - INFO - --- validation at epoch 62, val_loss 9.2095, val_mae 9.4961, val_rmse 12.7819, val_r2 0.7805, val_pearson 0.8878, lr 1.00e-03 ---
2026-09-30 21:04:49,697 - INFO - 
****************************************************************************************************
2026-09-30 21:04:51,449 - INFO - --- training epoch 63, loss 10.3155, mae 10.7969, rmse 14.9655, time elapsed(min) 0.02---
2026-09-30 21:04:51,697 - INFO - --- validation at epoch 63, val_loss 8.6406, val_mae 9.3421, val_rmse 12.7471, val_r2 0.7816, val_pearson 0.8942, lr 1.00e-03 ---
2026-09-30 21:04:51,698 - INFO - 
****************************************************************************************************
2026-09-30 21:04:53,560 - INFO - --- training epoch 64, loss 9.7596, mae 10.2321, rmse 14.2020, time elapsed(min) 0.02---
2026-09-30 21:04:53,812 - INFO - --- validation at epoch 64, val_loss 8.7536, val_mae 9.1712, val_rmse 12.3469, val_r2 0.7951, val_pearson 0.8922, lr 1.00e-03 ---
2026-09-30 21:04:53,812 - INFO - 
****************************************************************************************************
2026-09-30 21:04:55,516 - INFO - --- training epoch 65, loss 9.8316, mae 10.3161, rmse 14.4400, time elapsed(min) 0.02---
2026-09-30 21:04:55,761 - INFO - --- validation at epoch 65, val_loss 11.2281, val_mae 12.2651, val_rmse 16.5252, val_r2 0.6330, val_pearson 0.8725, lr 1.00e-03 ---
2026-09-30 21:04:55,762 - INFO - 
****************************************************************************************************
2026-09-30 21:04:57,176 - INFO - --- training epoch 66, loss 10.5530, mae 11.0338, rmse 15.4378, time elapsed(min) 0.02---
2026-09-30 21:04:57,418 - INFO - --- validation at epoch 66, val_loss 9.7163, val_mae 10.3688, val_rmse 14.9512, val_r2 0.6996, val_pearson 0.8448, lr 1.00e-03 ---
2026-09-30 21:04:57,418 - INFO - 
****************************************************************************************************
2026-09-30 21:04:59,143 - INFO - --- training epoch 67, loss 10.3033, mae 10.7866, rmse 15.0891, time elapsed(min) 0.02---
2026-09-30 21:04:59,388 - INFO - --- validation at epoch 67, val_loss 9.9938, val_mae 10.2724, val_rmse 14.0825, val_r2 0.7335, val_pearson 0.8577, lr 1.00e-03 ---
2026-09-30 21:04:59,388 - INFO - 
****************************************************************************************************
2026-09-30 21:05:01,101 - INFO - --- training epoch 68, loss 9.9903, mae 10.4686, rmse 14.4249, time elapsed(min) 0.02---
2026-09-30 21:05:01,343 - INFO - --- validation at epoch 68, val_loss 8.6942, val_mae 9.5141, val_rmse 13.0655, val_r2 0.7706, val_pearson 0.8779, lr 1.00e-03 ---
2026-09-30 21:05:01,344 - INFO - 
****************************************************************************************************
2026-09-30 21:05:03,115 - INFO - --- training epoch 69, loss 10.1364, mae 10.6183, rmse 14.8864, time elapsed(min) 0.02---
2026-09-30 21:05:03,365 - INFO - --- validation at epoch 69, val_loss 10.1098, val_mae 10.9134, val_rmse 14.7469, val_r2 0.7078, val_pearson 0.8543, lr 1.00e-03 ---
2026-09-30 21:05:03,365 - INFO - 
****************************************************************************************************
2026-09-30 21:05:05,034 - INFO - --- training epoch 70, loss 10.5063, mae 10.9875, rmse 15.3804, time elapsed(min) 0.02---
2026-09-30 21:05:05,291 - INFO - --- validation at epoch 70, val_loss 8.5235, val_mae 9.2335, val_rmse 12.5067, val_r2 0.7898, val_pearson 0.8891, lr 1.00e-03 ---
2026-09-30 21:05:05,291 - INFO - 
****************************************************************************************************
2026-09-30 21:05:06,813 - INFO - --- training epoch 71, loss 9.6584, mae 10.1379, rmse 14.1339, time elapsed(min) 0.02---
2026-09-30 21:05:07,051 - INFO - --- validation at epoch 71, val_loss 8.1441, val_mae 9.2078, val_rmse 12.4875, val_r2 0.7904, val_pearson 0.8919, lr 1.00e-03 ---
2026-09-30 21:05:07,051 - INFO - 
****************************************************************************************************
2026-09-30 21:05:08,809 - INFO - --- training epoch 72, loss 9.3158, mae 9.7945, rmse 13.7642, time elapsed(min) 0.02---
2026-09-30 21:05:09,041 - INFO - --- validation at epoch 72, val_loss 9.0506, val_mae 9.8084, val_rmse 13.3930, val_r2 0.7590, val_pearson 0.8749, lr 1.00e-03 ---
2026-09-30 21:05:09,041 - INFO - 
****************************************************************************************************
2026-09-30 21:05:10,741 - INFO - --- training epoch 73, loss 10.3163, mae 10.7918, rmse 15.0448, time elapsed(min) 0.02---
2026-09-30 21:05:10,971 - INFO - --- validation at epoch 73, val_loss 8.3324, val_mae 9.2156, val_rmse 12.4045, val_r2 0.7932, val_pearson 0.8926, lr 1.00e-03 ---
2026-09-30 21:05:10,972 - INFO - 
****************************************************************************************************
2026-09-30 21:05:12,710 - INFO - --- training epoch 74, loss 9.6647, mae 10.1443, rmse 14.2417, time elapsed(min) 0.02---
2026-09-30 21:05:13,300 - INFO - --- validation at epoch 74, val_loss 8.7781, val_mae 9.6263, val_rmse 13.1311, val_r2 0.7683, val_pearson 0.8790, lr 1.00e-03 ---
2026-09-30 21:05:13,300 - INFO - 
****************************************************************************************************
2026-09-30 21:05:14,941 - INFO - --- training epoch 75, loss 9.4503, mae 9.9287, rmse 13.9822, time elapsed(min) 0.02---
2026-09-30 21:05:15,177 - INFO - --- validation at epoch 75, val_loss 8.2485, val_mae 8.8691, val_rmse 12.2389, val_r2 0.7987, val_pearson 0.8938, lr 1.00e-03 ---
2026-09-30 21:05:15,177 - INFO - 
****************************************************************************************************
2026-09-30 21:05:16,569 - INFO - --- training epoch 76, loss 9.8736, mae 10.3502, rmse 14.6563, time elapsed(min) 0.02---
2026-09-30 21:05:16,824 - INFO - --- validation at epoch 76, val_loss 7.7774, val_mae 9.1586, val_rmse 13.4689, val_r2 0.7562, val_pearson 0.8815, lr 1.00e-03 ---
2026-09-30 21:05:16,824 - INFO - 
****************************************************************************************************
2026-09-30 21:05:18,338 - INFO - --- training epoch 77, loss 9.6668, mae 10.1443, rmse 14.4749, time elapsed(min) 0.02---
2026-09-30 21:05:18,586 - INFO - --- validation at epoch 77, val_loss 8.9176, val_mae 9.2398, val_rmse 12.8445, val_r2 0.7783, val_pearson 0.8857, lr 1.00e-03 ---
2026-09-30 21:05:18,587 - INFO - 
****************************************************************************************************
2026-09-30 21:05:20,436 - INFO - --- training epoch 78, loss 9.6806, mae 10.1604, rmse 14.4616, time elapsed(min) 0.02---
2026-09-30 21:05:20,697 - INFO - --- validation at epoch 78, val_loss 8.6412, val_mae 9.2941, val_rmse 12.7870, val_r2 0.7803, val_pearson 0.8930, lr 1.00e-03 ---
2026-09-30 21:05:20,697 - INFO - 
****************************************************************************************************
2026-09-30 21:05:22,481 - INFO - --- training epoch 79, loss 9.4335, mae 9.9095, rmse 14.3425, time elapsed(min) 0.02---
2026-09-30 21:05:22,702 - INFO - --- validation at epoch 79, val_loss 7.8499, val_mae 9.0911, val_rmse 12.8697, val_r2 0.7774, val_pearson 0.8940, lr 1.00e-03 ---
2026-09-30 21:05:22,702 - INFO - 
****************************************************************************************************
2026-09-30 21:05:24,349 - INFO - --- training epoch 80, loss 9.2169, mae 9.6919, rmse 13.8549, time elapsed(min) 0.02---
2026-09-30 21:05:24,600 - INFO - --- validation at epoch 80, val_loss 8.2503, val_mae 9.0080, val_rmse 12.5169, val_r2 0.7895, val_pearson 0.8937, lr 1.00e-03 ---
2026-09-30 21:05:24,600 - INFO - 
****************************************************************************************************
2026-09-30 21:05:26,031 - INFO - --- training epoch 81, loss 9.0992, mae 9.5783, rmse 13.6760, time elapsed(min) 0.02---
2026-09-30 21:05:26,301 - INFO - --- validation at epoch 81, val_loss 8.6257, val_mae 8.9526, val_rmse 12.5504, val_r2 0.7883, val_pearson 0.8975, lr 1.00e-03 ---
2026-09-30 21:05:26,302 - INFO - 
****************************************************************************************************
2026-09-30 21:05:27,659 - INFO - --- training epoch 82, loss 9.2559, mae 9.7344, rmse 13.8855, time elapsed(min) 0.02---
2026-09-30 21:05:27,908 - INFO - --- validation at epoch 82, val_loss 8.9255, val_mae 10.0047, val_rmse 13.9500, val_r2 0.7385, val_pearson 0.8861, lr 1.00e-03 ---
2026-09-30 21:05:27,908 - INFO - 
****************************************************************************************************
2026-09-30 21:05:29,665 - INFO - --- training epoch 83, loss 10.3440, mae 10.8191, rmse 15.0275, time elapsed(min) 0.02---
2026-09-30 21:05:29,931 - INFO - --- validation at epoch 83, val_loss 8.3197, val_mae 9.0795, val_rmse 12.1377, val_r2 0.8020, val_pearson 0.9008, lr 1.00e-03 ---
2026-09-30 21:05:29,932 - INFO - 
****************************************************************************************************
2026-09-30 21:05:31,677 - INFO - --- training epoch 84, loss 9.3788, mae 9.8566, rmse 13.9002, time elapsed(min) 0.02---
2026-09-30 21:05:31,910 - INFO - --- validation at epoch 84, val_loss 7.6694, val_mae 8.5167, val_rmse 12.0733, val_r2 0.8041, val_pearson 0.8995, lr 1.00e-03 ---
2026-09-30 21:05:31,910 - INFO - 
****************************************************************************************************
2026-09-30 21:05:34,077 - INFO - --- training epoch 85, loss 9.2601, mae 9.7410, rmse 13.7337, time elapsed(min) 0.03---
2026-09-30 21:05:34,325 - INFO - --- validation at epoch 85, val_loss 8.5035, val_mae 8.8566, val_rmse 11.8211, val_r2 0.8122, val_pearson 0.9013, lr 1.00e-03 ---
2026-09-30 21:05:34,325 - INFO - 
****************************************************************************************************
2026-09-30 21:05:35,730 - INFO - --- training epoch 86, loss 9.5353, mae 10.0143, rmse 14.1606, time elapsed(min) 0.01---
2026-09-30 21:05:35,961 - INFO - --- validation at epoch 86, val_loss 7.7811, val_mae 8.7372, val_rmse 12.0660, val_r2 0.8044, val_pearson 0.8973, lr 1.00e-03 ---
2026-09-30 21:05:35,961 - INFO - 
****************************************************************************************************
2026-09-30 21:05:37,362 - INFO - --- training epoch 87, loss 10.0512, mae 10.5304, rmse 15.0194, time elapsed(min) 0.02---
2026-09-30 21:05:37,598 - INFO - --- validation at epoch 87, val_loss 8.7359, val_mae 9.9372, val_rmse 13.4783, val_r2 0.7559, val_pearson 0.8717, lr 1.00e-03 ---
2026-09-30 21:05:37,598 - INFO - 
****************************************************************************************************
2026-09-30 21:05:39,306 - INFO - --- training epoch 88, loss 10.6369, mae 11.1170, rmse 15.4769, time elapsed(min) 0.02---
2026-09-30 21:05:39,576 - INFO - --- validation at epoch 88, val_loss 8.5470, val_mae 8.9634, val_rmse 12.1129, val_r2 0.8028, val_pearson 0.8965, lr 1.00e-03 ---
2026-09-30 21:05:39,577 - INFO - 
****************************************************************************************************
2026-09-30 21:05:41,395 - INFO - --- training epoch 89, loss 9.6968, mae 10.1780, rmse 14.4301, time elapsed(min) 0.02---
2026-09-30 21:05:41,674 - INFO - --- validation at epoch 89, val_loss 8.5955, val_mae 9.6903, val_rmse 13.3097, val_r2 0.7619, val_pearson 0.8965, lr 1.00e-03 ---
2026-09-30 21:05:41,674 - INFO - 
****************************************************************************************************
2026-09-30 21:05:43,696 - INFO - --- training epoch 90, loss 9.9934, mae 10.4735, rmse 14.6509, time elapsed(min) 0.03---
2026-09-30 21:05:43,931 - INFO - --- validation at epoch 90, val_loss 7.7311, val_mae 8.8145, val_rmse 11.8821, val_r2 0.8103, val_pearson 0.9055, lr 1.00e-03 ---
2026-09-30 21:05:43,931 - INFO - 
****************************************************************************************************
2026-09-30 21:05:45,325 - INFO - --- training epoch 91, loss 9.4661, mae 9.9429, rmse 14.0207, time elapsed(min) 0.01---
2026-09-30 21:05:45,586 - INFO - --- validation at epoch 91, val_loss 8.3863, val_mae 9.2880, val_rmse 12.8100, val_r2 0.7795, val_pearson 0.9055, lr 1.00e-03 ---
2026-09-30 21:05:45,586 - INFO - 
****************************************************************************************************
2026-09-30 21:05:47,176 - INFO - --- training epoch 92, loss 9.1912, mae 9.6695, rmse 13.7218, time elapsed(min) 0.02---
2026-09-30 21:05:47,430 - INFO - --- validation at epoch 92, val_loss 8.4177, val_mae 9.1722, val_rmse 12.5510, val_r2 0.7883, val_pearson 0.8928, lr 1.00e-03 ---
2026-09-30 21:05:47,430 - INFO - 
****************************************************************************************************
2026-09-30 21:05:49,098 - INFO - --- training epoch 93, loss 9.1006, mae 9.5714, rmse 13.6996, time elapsed(min) 0.02---
2026-09-30 21:05:49,337 - INFO - --- validation at epoch 93, val_loss 8.1285, val_mae 8.7139, val_rmse 11.9612, val_r2 0.8077, val_pearson 0.9031, lr 1.00e-03 ---
2026-09-30 21:05:49,337 - INFO - 
****************************************************************************************************
2026-09-30 21:05:51,204 - INFO - --- training epoch 94, loss 9.3517, mae 9.8275, rmse 13.7643, time elapsed(min) 0.02---
2026-09-30 21:05:51,466 - INFO - --- validation at epoch 94, val_loss 9.5858, val_mae 10.8035, val_rmse 15.3229, val_r2 0.6845, val_pearson 0.8688, lr 1.00e-03 ---
2026-09-30 21:05:51,466 - INFO - 
****************************************************************************************************
2026-09-30 21:05:53,437 - INFO - --- training epoch 95, loss 10.0642, mae 10.5419, rmse 14.6672, time elapsed(min) 0.03---
2026-09-30 21:05:53,692 - INFO - --- validation at epoch 95, val_loss 7.9476, val_mae 8.7713, val_rmse 12.2225, val_r2 0.7992, val_pearson 0.8951, lr 1.00e-03 ---
2026-09-30 21:05:53,692 - INFO - 
****************************************************************************************************
2026-09-30 21:05:55,105 - INFO - --- training epoch 96, loss 9.0165, mae 9.4939, rmse 13.4685, time elapsed(min) 0.02---
2026-09-30 21:05:55,354 - INFO - --- validation at epoch 96, val_loss 7.7223, val_mae 8.3429, val_rmse 11.4361, val_r2 0.8242, val_pearson 0.9085, lr 3.00e-04 ---
2026-09-30 21:05:55,355 - INFO - 
****************************************************************************************************
2026-09-30 21:05:56,738 - INFO - --- training epoch 97, loss 8.6577, mae 9.1289, rmse 13.1309, time elapsed(min) 0.02---
2026-09-30 21:05:56,977 - INFO - --- validation at epoch 97, val_loss 7.6527, val_mae 8.1753, val_rmse 11.1944, val_r2 0.8316, val_pearson 0.9128, lr 3.00e-04 ---
2026-09-30 21:05:56,977 - INFO - 
****************************************************************************************************
2026-09-30 21:05:58,961 - INFO - --- training epoch 98, loss 8.4705, mae 8.9427, rmse 12.8936, time elapsed(min) 0.02---
2026-09-30 21:05:59,212 - INFO - --- validation at epoch 98, val_loss 7.4637, val_mae 7.9911, val_rmse 11.2705, val_r2 0.8293, val_pearson 0.9109, lr 3.00e-04 ---
2026-09-30 21:05:59,212 - INFO - 
****************************************************************************************************
2026-09-30 21:06:01,100 - INFO - --- training epoch 99, loss 8.3750, mae 8.8507, rmse 12.7239, time elapsed(min) 0.02---
2026-09-30 21:06:01,331 - INFO - --- validation at epoch 99, val_loss 7.2596, val_mae 7.9501, val_rmse 11.3288, val_r2 0.8275, val_pearson 0.9107, lr 3.00e-04 ---
2026-09-30 21:06:01,331 - INFO - 
****************************************************************************************************
2026-09-30 21:06:03,169 - INFO - --- training epoch 100, loss 8.4552, mae 8.9308, rmse 12.9185, time elapsed(min) 0.02---
2026-09-30 21:06:03,746 - INFO - --- validation at epoch 100, val_loss 7.5950, val_mae 8.1753, val_rmse 11.2737, val_r2 0.8292, val_pearson 0.9124, lr 3.00e-04 ---
2026-09-30 21:06:03,747 - INFO - 
****************************************************************************************************
2026-09-30 21:06:05,405 - INFO - --- training epoch 101, loss 8.3416, mae 8.8160, rmse 12.5861, time elapsed(min) 0.02---
2026-09-30 21:06:05,676 - INFO - --- validation at epoch 101, val_loss 7.7456, val_mae 8.1593, val_rmse 11.2252, val_r2 0.8307, val_pearson 0.9134, lr 3.00e-04 ---
2026-09-30 21:06:05,676 - INFO - 
****************************************************************************************************
2026-09-30 21:06:07,058 - INFO - --- training epoch 102, loss 8.3609, mae 8.8375, rmse 12.6364, time elapsed(min) 0.02---
2026-09-30 21:06:07,310 - INFO - --- validation at epoch 102, val_loss 7.5074, val_mae 8.1645, val_rmse 11.3684, val_r2 0.8263, val_pearson 0.9096, lr 3.00e-04 ---
2026-09-30 21:06:07,310 - INFO - 
****************************************************************************************************
2026-09-30 21:06:08,969 - INFO - --- training epoch 103, loss 8.2875, mae 8.7605, rmse 12.6100, time elapsed(min) 0.02---
2026-09-30 21:06:09,220 - INFO - --- validation at epoch 103, val_loss 7.5742, val_mae 8.0028, val_rmse 11.1009, val_r2 0.8344, val_pearson 0.9147, lr 3.00e-04 ---
2026-09-30 21:06:09,220 - INFO - 
****************************************************************************************************
2026-09-30 21:06:10,917 - INFO - --- training epoch 104, loss 8.2242, mae 8.6990, rmse 12.5707, time elapsed(min) 0.02---
2026-09-30 21:06:11,160 - INFO - --- validation at epoch 104, val_loss 7.3894, val_mae 8.0159, val_rmse 11.0299, val_r2 0.8365, val_pearson 0.9146, lr 3.00e-04 ---
2026-09-30 21:06:11,160 - INFO - 
****************************************************************************************************
2026-09-30 21:06:12,868 - INFO - --- training epoch 105, loss 8.2932, mae 8.7688, rmse 12.6486, time elapsed(min) 0.02---
2026-09-30 21:06:13,131 - INFO - --- validation at epoch 105, val_loss 8.2490, val_mae 8.7418, val_rmse 11.9213, val_r2 0.8090, val_pearson 0.9108, lr 3.00e-04 ---
2026-09-30 21:06:13,131 - INFO - 
****************************************************************************************************
2026-09-30 21:06:14,743 - INFO - --- training epoch 106, loss 8.2733, mae 8.7507, rmse 12.6156, time elapsed(min) 0.02---
2026-09-30 21:06:14,987 - INFO - --- validation at epoch 106, val_loss 7.3110, val_mae 7.9943, val_rmse 10.9450, val_r2 0.8390, val_pearson 0.9165, lr 3.00e-04 ---
2026-09-30 21:06:14,987 - INFO - 
****************************************************************************************************
2026-09-30 21:06:16,388 - INFO - --- training epoch 107, loss 8.2651, mae 8.7377, rmse 12.5943, time elapsed(min) 0.02---
2026-09-30 21:06:16,679 - INFO - --- validation at epoch 107, val_loss 7.3011, val_mae 7.7434, val_rmse 10.7132, val_r2 0.8458, val_pearson 0.9206, lr 3.00e-04 ---
2026-09-30 21:06:16,680 - INFO - 
****************************************************************************************************
2026-09-30 21:06:18,336 - INFO - --- training epoch 108, loss 8.1869, mae 8.6611, rmse 12.5864, time elapsed(min) 0.02---
2026-09-30 21:06:18,600 - INFO - --- validation at epoch 108, val_loss 7.0397, val_mae 7.6373, val_rmse 10.7696, val_r2 0.8441, val_pearson 0.9192, lr 3.00e-04 ---
2026-09-30 21:06:18,600 - INFO - 
****************************************************************************************************
2026-09-30 21:06:20,413 - INFO - --- training epoch 109, loss 8.0286, mae 8.4995, rmse 12.2764, time elapsed(min) 0.02---
2026-09-30 21:06:20,692 - INFO - --- validation at epoch 109, val_loss 7.4518, val_mae 7.7600, val_rmse 10.8754, val_r2 0.8411, val_pearson 0.9186, lr 3.00e-04 ---
2026-09-30 21:06:20,692 - INFO - 
****************************************************************************************************
2026-09-30 21:06:22,458 - INFO - --- training epoch 110, loss 7.9967, mae 8.4697, rmse 12.3277, time elapsed(min) 0.02---
2026-09-30 21:06:22,698 - INFO - --- validation at epoch 110, val_loss 7.0757, val_mae 7.6137, val_rmse 10.7124, val_r2 0.8458, val_pearson 0.9200, lr 3.00e-04 ---
2026-09-30 21:06:22,699 - INFO - 
****************************************************************************************************
2026-09-30 21:06:24,546 - INFO - --- training epoch 111, loss 7.7827, mae 8.2552, rmse 12.0565, time elapsed(min) 0.02---
2026-09-30 21:06:25,192 - INFO - --- validation at epoch 111, val_loss 7.4659, val_mae 7.7819, val_rmse 10.8813, val_r2 0.8409, val_pearson 0.9211, lr 3.00e-04 ---
2026-09-30 21:06:25,192 - INFO - 
****************************************************************************************************
2026-09-30 21:06:26,914 - INFO - --- training epoch 112, loss 8.0167, mae 8.4910, rmse 12.3706, time elapsed(min) 0.02---
2026-09-30 21:06:27,175 - INFO - --- validation at epoch 112, val_loss 7.3745, val_mae 7.7503, val_rmse 10.8837, val_r2 0.8408, val_pearson 0.9182, lr 3.00e-04 ---
2026-09-30 21:06:27,175 - INFO - 
****************************************************************************************************
2026-09-30 21:06:28,590 - INFO - --- training epoch 113, loss 8.0083, mae 8.4825, rmse 12.2425, time elapsed(min) 0.02---
2026-09-30 21:06:28,844 - INFO - --- validation at epoch 113, val_loss 7.5198, val_mae 7.8863, val_rmse 10.9882, val_r2 0.8377, val_pearson 0.9183, lr 3.00e-04 ---
2026-09-30 21:06:28,844 - INFO - 
****************************************************************************************************
2026-09-30 21:06:30,782 - INFO - --- training epoch 114, loss 7.7941, mae 8.2673, rmse 12.1402, time elapsed(min) 0.02---
2026-09-30 21:06:31,021 - INFO - --- validation at epoch 114, val_loss 7.4496, val_mae 7.8024, val_rmse 10.7717, val_r2 0.8441, val_pearson 0.9213, lr 3.00e-04 ---
2026-09-30 21:06:31,021 - INFO - 
****************************************************************************************************
2026-09-30 21:06:32,756 - INFO - --- training epoch 115, loss 7.7566, mae 8.2302, rmse 11.9334, time elapsed(min) 0.02---
2026-09-30 21:06:33,011 - INFO - --- validation at epoch 115, val_loss 7.1781, val_mae 7.6017, val_rmse 10.7268, val_r2 0.8454, val_pearson 0.9226, lr 3.00e-04 ---
2026-09-30 21:06:33,011 - INFO - 
****************************************************************************************************
2026-09-30 21:06:34,901 - INFO - --- training epoch 116, loss 7.9491, mae 8.4232, rmse 12.3604, time elapsed(min) 0.02---
2026-09-30 21:06:35,512 - INFO - --- validation at epoch 116, val_loss 7.2830, val_mae 7.6341, val_rmse 10.7975, val_r2 0.8433, val_pearson 0.9197, lr 3.00e-04 ---
2026-09-30 21:06:35,513 - INFO - 
****************************************************************************************************
2026-09-30 21:06:37,239 - INFO - --- training epoch 117, loss 7.8935, mae 8.3635, rmse 12.3619, time elapsed(min) 0.02---
2026-09-30 21:06:37,489 - INFO - --- validation at epoch 117, val_loss 7.6576, val_mae 7.9010, val_rmse 11.1319, val_r2 0.8335, val_pearson 0.9181, lr 3.00e-04 ---
2026-09-30 21:06:37,489 - INFO - 
****************************************************************************************************
2026-09-30 21:06:38,885 - INFO - --- training epoch 118, loss 7.7911, mae 8.2635, rmse 12.0558, time elapsed(min) 0.02---
2026-09-30 21:06:39,130 - INFO - --- validation at epoch 118, val_loss 6.9858, val_mae 7.4689, val_rmse 10.6871, val_r2 0.8465, val_pearson 0.9227, lr 3.00e-04 ---
2026-09-30 21:06:39,130 - INFO - 
****************************************************************************************************
2026-09-30 21:06:40,874 - INFO - --- training epoch 119, loss 7.6428, mae 8.1146, rmse 11.8829, time elapsed(min) 0.02---
2026-09-30 21:06:41,150 - INFO - --- validation at epoch 119, val_loss 6.8286, val_mae 7.2838, val_rmse 10.3346, val_r2 0.8565, val_pearson 0.9258, lr 3.00e-04 ---
2026-09-30 21:06:41,150 - INFO - 
****************************************************************************************************
2026-09-30 21:06:43,002 - INFO - --- training epoch 120, loss 7.6354, mae 8.1047, rmse 11.9034, time elapsed(min) 0.02---
2026-09-30 21:06:43,233 - INFO - --- validation at epoch 120, val_loss 6.7920, val_mae 7.2000, val_rmse 10.2252, val_r2 0.8595, val_pearson 0.9279, lr 3.00e-04 ---
2026-09-30 21:06:43,234 - INFO - 
****************************************************************************************************
2026-09-30 21:06:45,051 - INFO - --- training epoch 121, loss 7.6555, mae 8.1264, rmse 11.9654, time elapsed(min) 0.02---
2026-09-30 21:06:45,291 - INFO - --- validation at epoch 121, val_loss 6.8626, val_mae 7.3079, val_rmse 10.3492, val_r2 0.8561, val_pearson 0.9258, lr 3.00e-04 ---
2026-09-30 21:06:45,291 - INFO - 
****************************************************************************************************
2026-09-30 21:06:46,894 - INFO - --- training epoch 122, loss 7.5886, mae 8.0616, rmse 11.7523, time elapsed(min) 0.02---
2026-09-30 21:06:47,128 - INFO - --- validation at epoch 122, val_loss 6.8469, val_mae 7.2262, val_rmse 10.0778, val_r2 0.8635, val_pearson 0.9293, lr 3.00e-04 ---
2026-09-30 21:06:47,128 - INFO - 
****************************************************************************************************
2026-09-30 21:06:48,515 - INFO - --- training epoch 123, loss 7.8302, mae 8.3024, rmse 12.0700, time elapsed(min) 0.02---
2026-09-30 21:06:48,764 - INFO - --- validation at epoch 123, val_loss 7.8328, val_mae 8.2288, val_rmse 11.8894, val_r2 0.8100, val_pearson 0.9064, lr 3.00e-04 ---
2026-09-30 21:06:48,764 - INFO - 
****************************************************************************************************
2026-09-30 21:06:50,397 - INFO - --- training epoch 124, loss 8.0467, mae 8.5261, rmse 12.3966, time elapsed(min) 0.02---
2026-09-30 21:06:50,651 - INFO - --- validation at epoch 124, val_loss 7.6744, val_mae 7.8154, val_rmse 10.9440, val_r2 0.8390, val_pearson 0.9202, lr 3.00e-04 ---
2026-09-30 21:06:50,651 - INFO - 
****************************************************************************************************
2026-09-30 21:06:52,601 - INFO - --- training epoch 125, loss 7.6618, mae 8.1329, rmse 12.0977, time elapsed(min) 0.02---
2026-09-30 21:06:52,855 - INFO - --- validation at epoch 125, val_loss 7.4321, val_mae 7.6574, val_rmse 11.1275, val_r2 0.8336, val_pearson 0.9173, lr 3.00e-04 ---
2026-09-30 21:06:52,856 - INFO - 
****************************************************************************************************
2026-09-30 21:06:54,835 - INFO - --- training epoch 126, loss 7.6429, mae 8.1198, rmse 11.8654, time elapsed(min) 0.03---
2026-09-30 21:06:55,096 - INFO - --- validation at epoch 126, val_loss 7.8952, val_mae 7.7609, val_rmse 11.0643, val_r2 0.8355, val_pearson 0.9181, lr 3.00e-04 ---
2026-09-30 21:06:55,096 - INFO - 
****************************************************************************************************
2026-09-30 21:06:57,204 - INFO - --- training epoch 127, loss 7.4742, mae 7.9450, rmse 11.7574, time elapsed(min) 0.03---
2026-09-30 21:06:57,476 - INFO - --- validation at epoch 127, val_loss 7.0867, val_mae 7.2519, val_rmse 10.5343, val_r2 0.8509, val_pearson 0.9237, lr 3.00e-04 ---
2026-09-30 21:06:57,476 - INFO - 
****************************************************************************************************
2026-09-30 21:06:58,839 - INFO - --- training epoch 128, loss 7.6525, mae 8.1249, rmse 11.9331, time elapsed(min) 0.02---
2026-09-30 21:06:59,087 - INFO - --- validation at epoch 128, val_loss 6.7683, val_mae 7.1857, val_rmse 10.3865, val_r2 0.8550, val_pearson 0.9252, lr 3.00e-04 ---
2026-09-30 21:06:59,087 - INFO - 
****************************************************************************************************
2026-09-30 21:07:00,569 - INFO - --- training epoch 129, loss 7.8132, mae 8.2892, rmse 12.0703, time elapsed(min) 0.02---
2026-09-30 21:07:00,832 - INFO - --- validation at epoch 129, val_loss 6.8211, val_mae 7.2695, val_rmse 10.3767, val_r2 0.8553, val_pearson 0.9251, lr 3.00e-04 ---
2026-09-30 21:07:00,832 - INFO - 
****************************************************************************************************
2026-09-30 21:07:02,582 - INFO - --- training epoch 130, loss 7.7091, mae 8.1818, rmse 11.9743, time elapsed(min) 0.02---
2026-09-30 21:07:02,815 - INFO - --- validation at epoch 130, val_loss 6.6836, val_mae 7.1595, val_rmse 10.2821, val_r2 0.8579, val_pearson 0.9279, lr 3.00e-04 ---
2026-09-30 21:07:02,815 - INFO - 
****************************************************************************************************
2026-09-30 21:07:04,702 - INFO - --- training epoch 131, loss 7.4563, mae 7.9281, rmse 11.7272, time elapsed(min) 0.02---
2026-09-30 21:07:04,940 - INFO - --- validation at epoch 131, val_loss 6.9216, val_mae 7.3041, val_rmse 10.4773, val_r2 0.8525, val_pearson 0.9240, lr 3.00e-04 ---
2026-09-30 21:07:04,940 - INFO - 
****************************************************************************************************
2026-09-30 21:07:06,953 - INFO - --- training epoch 132, loss 7.6704, mae 8.1434, rmse 11.9710, time elapsed(min) 0.03---
2026-09-30 21:07:07,214 - INFO - --- validation at epoch 132, val_loss 7.0548, val_mae 7.2316, val_rmse 10.5470, val_r2 0.8505, val_pearson 0.9237, lr 3.00e-04 ---
2026-09-30 21:07:07,214 - INFO - 
****************************************************************************************************
2026-09-30 21:07:08,640 - INFO - --- training epoch 133, loss 7.3105, mae 7.7821, rmse 11.5810, time elapsed(min) 0.02---
2026-09-30 21:07:08,903 - INFO - --- validation at epoch 133, val_loss 6.9614, val_mae 7.3291, val_rmse 10.5683, val_r2 0.8499, val_pearson 0.9245, lr 3.00e-04 ---
2026-09-30 21:07:08,903 - INFO - 
****************************************************************************************************
2026-09-30 21:07:10,339 - INFO - --- training epoch 134, loss 7.4688, mae 7.9403, rmse 11.7464, time elapsed(min) 0.02---
2026-09-30 21:07:10,568 - INFO - --- validation at epoch 134, val_loss 6.5812, val_mae 7.0731, val_rmse 10.1662, val_r2 0.8611, val_pearson 0.9286, lr 3.00e-04 ---
2026-09-30 21:07:10,568 - INFO - 
****************************************************************************************************
2026-09-30 21:07:12,377 - INFO - --- training epoch 135, loss 7.4354, mae 7.9063, rmse 11.7189, time elapsed(min) 0.02---
2026-09-30 21:07:12,608 - INFO - --- validation at epoch 135, val_loss 7.0870, val_mae 7.3403, val_rmse 10.7083, val_r2 0.8459, val_pearson 0.9238, lr 3.00e-04 ---
2026-09-30 21:07:12,608 - INFO - 
****************************************************************************************************
2026-09-30 21:07:14,542 - INFO - --- training epoch 136, loss 7.3044, mae 7.7754, rmse 11.6595, time elapsed(min) 0.02---
2026-09-30 21:07:14,781 - INFO - --- validation at epoch 136, val_loss 6.8999, val_mae 7.0180, val_rmse 10.2659, val_r2 0.8584, val_pearson 0.9276, lr 3.00e-04 ---
2026-09-30 21:07:14,781 - INFO - 
****************************************************************************************************
2026-09-30 21:07:16,820 - INFO - --- training epoch 137, loss 7.3858, mae 7.8566, rmse 11.7110, time elapsed(min) 0.03---
2026-09-30 21:07:17,058 - INFO - --- validation at epoch 137, val_loss 7.2972, val_mae 7.3039, val_rmse 10.5997, val_r2 0.8490, val_pearson 0.9250, lr 3.00e-04 ---
2026-09-30 21:07:17,058 - INFO - 
****************************************************************************************************
2026-09-30 21:07:18,459 - INFO - --- training epoch 138, loss 7.3100, mae 7.7803, rmse 11.7190, time elapsed(min) 0.02---
2026-09-30 21:07:18,722 - INFO - --- validation at epoch 138, val_loss 6.8186, val_mae 7.0036, val_rmse 10.4509, val_r2 0.8532, val_pearson 0.9257, lr 3.00e-04 ---
2026-09-30 21:07:18,722 - INFO - 
****************************************************************************************************
2026-09-30 21:07:20,101 - INFO - --- training epoch 139, loss 7.1698, mae 7.6405, rmse 11.4138, time elapsed(min) 0.02---
2026-09-30 21:07:20,385 - INFO - --- validation at epoch 139, val_loss 6.6217, val_mae 6.9904, val_rmse 10.1579, val_r2 0.8613, val_pearson 0.9301, lr 3.00e-04 ---
2026-09-30 21:07:20,385 - INFO - 
****************************************************************************************************
2026-09-30 21:07:22,111 - INFO - --- training epoch 140, loss 7.2669, mae 7.7406, rmse 11.4329, time elapsed(min) 0.02---
2026-09-30 21:07:22,401 - INFO - --- validation at epoch 140, val_loss 6.7710, val_mae 7.0360, val_rmse 10.2468, val_r2 0.8589, val_pearson 0.9279, lr 3.00e-04 ---
2026-09-30 21:07:22,401 - INFO - 
****************************************************************************************************
2026-09-30 21:07:24,386 - INFO - --- training epoch 141, loss 7.3472, mae 7.8188, rmse 11.6353, time elapsed(min) 0.03---
2026-09-30 21:07:24,603 - INFO - --- validation at epoch 141, val_loss 6.8747, val_mae 7.4452, val_rmse 10.8232, val_r2 0.8426, val_pearson 0.9199, lr 3.00e-04 ---
2026-09-30 21:07:24,603 - INFO - 
****************************************************************************************************
2026-09-30 21:07:26,684 - INFO - --- training epoch 142, loss 7.5255, mae 7.9972, rmse 11.8700, time elapsed(min) 0.03---
2026-09-30 21:07:26,911 - INFO - --- validation at epoch 142, val_loss 6.6939, val_mae 7.0749, val_rmse 10.2684, val_r2 0.8583, val_pearson 0.9280, lr 3.00e-04 ---
2026-09-30 21:07:26,911 - INFO - 
****************************************************************************************************
2026-09-30 21:07:28,313 - INFO - --- training epoch 143, loss 7.2269, mae 7.7024, rmse 11.4330, time elapsed(min) 0.02---
2026-09-30 21:07:28,565 - INFO - --- validation at epoch 143, val_loss 6.6586, val_mae 6.8340, val_rmse 10.1403, val_r2 0.8618, val_pearson 0.9293, lr 3.00e-04 ---
2026-09-30 21:07:28,565 - INFO - 
****************************************************************************************************
2026-09-30 21:07:29,963 - INFO - --- training epoch 144, loss 7.1121, mae 7.5810, rmse 11.2471, time elapsed(min) 0.02---
2026-09-30 21:07:30,213 - INFO - --- validation at epoch 144, val_loss 6.8221, val_mae 6.9415, val_rmse 10.1718, val_r2 0.8610, val_pearson 0.9286, lr 3.00e-04 ---
2026-09-30 21:07:30,213 - INFO - 
****************************************************************************************************
2026-09-30 21:07:32,029 - INFO - --- training epoch 145, loss 7.1471, mae 7.6208, rmse 11.3761, time elapsed(min) 0.02---
2026-09-30 21:07:32,265 - INFO - --- validation at epoch 145, val_loss 7.1022, val_mae 7.0275, val_rmse 10.3824, val_r2 0.8551, val_pearson 0.9268, lr 3.00e-04 ---
2026-09-30 21:07:32,265 - INFO - 
****************************************************************************************************
2026-09-30 21:07:34,001 - INFO - --- training epoch 146, loss 7.1504, mae 7.6197, rmse 11.2937, time elapsed(min) 0.02---
2026-09-30 21:07:34,227 - INFO - --- validation at epoch 146, val_loss 6.9799, val_mae 6.9426, val_rmse 10.3241, val_r2 0.8568, val_pearson 0.9270, lr 9.00e-05 ---
2026-09-30 21:07:34,227 - INFO - 
****************************************************************************************************
2026-09-30 21:07:36,342 - INFO - --- training epoch 147, loss 7.0668, mae 7.5357, rmse 11.2256, time elapsed(min) 0.03---
2026-09-30 21:07:36,604 - INFO - --- validation at epoch 147, val_loss 6.9533, val_mae 6.8865, val_rmse 10.2532, val_r2 0.8587, val_pearson 0.9279, lr 9.00e-05 ---
2026-09-30 21:07:36,604 - INFO - 
****************************************************************************************************
2026-09-30 21:07:38,029 - INFO - --- training epoch 148, loss 6.9485, mae 7.4179, rmse 11.2228, time elapsed(min) 0.02---
2026-09-30 21:07:38,262 - INFO - --- validation at epoch 148, val_loss 6.8059, val_mae 6.8706, val_rmse 10.1308, val_r2 0.8621, val_pearson 0.9288, lr 9.00e-05 ---
2026-09-30 21:07:38,262 - INFO - 
****************************************************************************************************
2026-09-30 21:07:39,877 - INFO - --- training epoch 149, loss 6.9267, mae 7.3962, rmse 11.1229, time elapsed(min) 0.02---
2026-09-30 21:07:40,156 - INFO - --- validation at epoch 149, val_loss 6.6934, val_mae 6.8143, val_rmse 10.0934, val_r2 0.8631, val_pearson 0.9292, lr 9.00e-05 ---
2026-09-30 21:07:40,156 - INFO - 
****************************************************************************************************
2026-09-30 21:07:41,837 - INFO - --- training epoch 150, loss 6.8818, mae 7.3531, rmse 11.1335, time elapsed(min) 0.02---
2026-09-30 21:07:42,092 - INFO - --- validation at epoch 150, val_loss 6.8321, val_mae 6.8759, val_rmse 10.1080, val_r2 0.8627, val_pearson 0.9290, lr 9.00e-05 ---
2026-09-30 21:07:42,093 - INFO - 
****************************************************************************************************
2026-09-30 21:07:43,847 - INFO - --- training epoch 151, loss 6.9990, mae 7.4672, rmse 11.2722, time elapsed(min) 0.02---
2026-09-30 21:07:44,084 - INFO - --- validation at epoch 151, val_loss 6.7772, val_mae 6.9394, val_rmse 10.1400, val_r2 0.8618, val_pearson 0.9289, lr 9.00e-05 ---
2026-09-30 21:07:44,084 - INFO - 
****************************************************************************************************
2026-09-30 21:07:46,095 - INFO - --- training epoch 152, loss 7.0127, mae 7.4817, rmse 11.2870, time elapsed(min) 0.03---
2026-09-30 21:07:46,378 - INFO - --- validation at epoch 152, val_loss 6.5997, val_mae 6.7680, val_rmse 9.9649, val_r2 0.8666, val_pearson 0.9312, lr 9.00e-05 ---
2026-09-30 21:07:46,378 - INFO - 
****************************************************************************************************
2026-09-30 21:07:47,753 - INFO - --- training epoch 153, loss 6.8766, mae 7.3444, rmse 11.0780, time elapsed(min) 0.01---
2026-09-30 21:07:48,009 - INFO - --- validation at epoch 153, val_loss 6.6898, val_mae 6.8620, val_rmse 10.1331, val_r2 0.8620, val_pearson 0.9290, lr 9.00e-05 ---
2026-09-30 21:07:48,010 - INFO - 
****************************************************************************************************
2026-09-30 21:07:49,456 - INFO - --- training epoch 154, loss 6.9717, mae 7.4428, rmse 11.2085, time elapsed(min) 0.02---
2026-09-30 21:07:49,692 - INFO - --- validation at epoch 154, val_loss 6.6136, val_mae 6.8476, val_rmse 10.1879, val_r2 0.8605, val_pearson 0.9294, lr 9.00e-05 ---
2026-09-30 21:07:49,692 - INFO - 
****************************************************************************************************
2026-09-30 21:07:51,560 - INFO - --- training epoch 155, loss 6.8605, mae 7.3313, rmse 10.9977, time elapsed(min) 0.02---
2026-09-30 21:07:51,801 - INFO - --- validation at epoch 155, val_loss 6.7789, val_mae 6.8663, val_rmse 10.1970, val_r2 0.8603, val_pearson 0.9287, lr 9.00e-05 ---
2026-09-30 21:07:51,801 - INFO - 
****************************************************************************************************
2026-09-30 21:07:53,523 - INFO - --- training epoch 156, loss 6.8951, mae 7.3650, rmse 11.0948, time elapsed(min) 0.02---
2026-09-30 21:07:53,769 - INFO - --- validation at epoch 156, val_loss 7.0521, val_mae 7.0129, val_rmse 10.2527, val_r2 0.8587, val_pearson 0.9283, lr 9.00e-05 ---
2026-09-30 21:07:53,769 - INFO - 
****************************************************************************************************
2026-09-30 21:07:55,723 - INFO - --- training epoch 157, loss 6.9139, mae 7.3804, rmse 11.1790, time elapsed(min) 0.02---
2026-09-30 21:07:55,993 - INFO - --- validation at epoch 157, val_loss 6.9577, val_mae 6.9805, val_rmse 10.1687, val_r2 0.8610, val_pearson 0.9286, lr 2.70e-05 ---
2026-09-30 21:07:55,993 - INFO - 
****************************************************************************************************
2026-09-30 21:07:57,383 - INFO - --- training epoch 158, loss 6.7814, mae 7.2476, rmse 10.8992, time elapsed(min) 0.02---
2026-09-30 21:07:57,648 - INFO - --- validation at epoch 158, val_loss 6.8361, val_mae 6.9334, val_rmse 10.2333, val_r2 0.8593, val_pearson 0.9285, lr 2.70e-05 ---
2026-09-30 21:07:57,648 - INFO - 
****************************************************************************************************
2026-09-30 21:07:59,065 - INFO - --- training epoch 159, loss 6.7193, mae 7.1910, rmse 10.9125, time elapsed(min) 0.02---
2026-09-30 21:07:59,353 - INFO - --- validation at epoch 159, val_loss 6.7156, val_mae 6.8820, val_rmse 10.1688, val_r2 0.8610, val_pearson 0.9288, lr 2.70e-05 ---
2026-09-30 21:07:59,353 - INFO - 
****************************************************************************************************
2026-09-30 21:08:00,980 - INFO - --- training epoch 160, loss 6.7768, mae 7.2453, rmse 11.0510, time elapsed(min) 0.02---
2026-09-30 21:08:01,201 - INFO - --- validation at epoch 160, val_loss 6.6895, val_mae 6.8576, val_rmse 10.2350, val_r2 0.8592, val_pearson 0.9283, lr 2.70e-05 ---
2026-09-30 21:08:01,201 - INFO - 
****************************************************************************************************
2026-09-30 21:08:03,043 - INFO - --- training epoch 161, loss 6.9081, mae 7.3761, rmse 11.1107, time elapsed(min) 0.02---
2026-09-30 21:08:03,281 - INFO - --- validation at epoch 161, val_loss 6.6845, val_mae 6.8761, val_rmse 10.1852, val_r2 0.8606, val_pearson 0.9286, lr 2.70e-05 ---
2026-09-30 21:08:03,281 - INFO - 
****************************************************************************************************
2026-09-30 21:08:05,154 - INFO - --- training epoch 162, loss 6.9014, mae 7.3713, rmse 11.1556, time elapsed(min) 0.02---
2026-09-30 21:08:05,760 - INFO - --- validation at epoch 162, val_loss 6.7159, val_mae 6.8523, val_rmse 10.2024, val_r2 0.8601, val_pearson 0.9290, lr 2.70e-05 ---
2026-09-30 21:08:05,760 - INFO - 
****************************************************************************************************
2026-09-30 21:08:07,434 - INFO - --- training epoch 163, loss 6.7782, mae 7.2453, rmse 10.8878, time elapsed(min) 0.02---
2026-09-30 21:08:07,677 - INFO - --- validation at epoch 163, val_loss 6.6605, val_mae 6.8267, val_rmse 10.1379, val_r2 0.8619, val_pearson 0.9291, lr 2.70e-05 ---
2026-09-30 21:08:07,677 - INFO - 
****************************************************************************************************
2026-09-30 21:08:09,093 - INFO - --- training epoch 164, loss 6.6890, mae 7.1558, rmse 10.9084, time elapsed(min) 0.02---
2026-09-30 21:08:09,324 - INFO - --- validation at epoch 164, val_loss 6.6753, val_mae 6.8283, val_rmse 10.1476, val_r2 0.8616, val_pearson 0.9294, lr 2.70e-05 ---
2026-09-30 21:08:09,324 - INFO - 
****************************************************************************************************
2026-09-30 21:08:11,028 - INFO - --- training epoch 165, loss 6.6113, mae 7.0811, rmse 10.7400, time elapsed(min) 0.02---
2026-09-30 21:08:11,269 - INFO - --- validation at epoch 165, val_loss 6.6325, val_mae 6.7797, val_rmse 10.1217, val_r2 0.8623, val_pearson 0.9300, lr 2.70e-05 ---
2026-09-30 21:08:11,269 - INFO - 
****************************************************************************************************
2026-09-30 21:08:13,005 - INFO - --- training epoch 166, loss 6.7214, mae 7.1897, rmse 10.9574, time elapsed(min) 0.02---
2026-09-30 21:08:13,254 - INFO - --- validation at epoch 166, val_loss 6.6521, val_mae 6.7624, val_rmse 10.1474, val_r2 0.8616, val_pearson 0.9297, lr 2.70e-05 ---
2026-09-30 21:08:13,254 - INFO - 
****************************************************************************************************
2026-09-30 21:08:14,975 - INFO - --- training epoch 167, loss 6.6994, mae 7.1697, rmse 10.7628, time elapsed(min) 0.02---
2026-09-30 21:08:15,526 - INFO - --- validation at epoch 167, val_loss 6.6513, val_mae 6.7364, val_rmse 10.1455, val_r2 0.8617, val_pearson 0.9300, lr 2.70e-05 ---
2026-09-30 21:08:15,526 - INFO - 
****************************************************************************************************
2026-09-30 21:08:17,219 - INFO - --- training epoch 168, loss 6.8203, mae 7.2875, rmse 11.0827, time elapsed(min) 0.02---
2026-09-30 21:08:17,486 - INFO - --- validation at epoch 168, val_loss 6.6688, val_mae 6.7548, val_rmse 10.1552, val_r2 0.8614, val_pearson 0.9296, lr 8.10e-06 ---
2026-09-30 21:08:17,486 - INFO - 
****************************************************************************************************
2026-09-30 21:08:18,889 - INFO - --- training epoch 169, loss 6.7489, mae 7.2196, rmse 10.9454, time elapsed(min) 0.02---
2026-09-30 21:08:19,145 - INFO - --- validation at epoch 169, val_loss 6.6671, val_mae 6.7564, val_rmse 10.1242, val_r2 0.8623, val_pearson 0.9302, lr 8.10e-06 ---
2026-09-30 21:08:19,145 - INFO - 
****************************************************************************************************
2026-09-30 21:08:20,880 - INFO - --- training epoch 170, loss 6.7601, mae 7.2274, rmse 10.9594, time elapsed(min) 0.02---
2026-09-30 21:08:21,105 - INFO - --- validation at epoch 170, val_loss 6.6704, val_mae 6.7444, val_rmse 10.1489, val_r2 0.8616, val_pearson 0.9301, lr 8.10e-06 ---
2026-09-30 21:08:21,105 - INFO - 
****************************************************************************************************
2026-09-30 21:08:22,848 - INFO - --- training epoch 171, loss 6.8404, mae 7.3092, rmse 11.0037, time elapsed(min) 0.02---
2026-09-30 21:08:23,061 - INFO - --- validation at epoch 171, val_loss 6.6308, val_mae 6.7112, val_rmse 10.1151, val_r2 0.8625, val_pearson 0.9306, lr 8.10e-06 ---
2026-09-30 21:08:23,061 - INFO - 
****************************************************************************************************
2026-09-30 21:08:24,888 - INFO - --- training epoch 172, loss 6.7732, mae 7.2422, rmse 11.0413, time elapsed(min) 0.02---
2026-09-30 21:08:25,490 - INFO - --- validation at epoch 172, val_loss 6.6050, val_mae 6.6991, val_rmse 10.0459, val_r2 0.8644, val_pearson 0.9309, lr 8.10e-06 ---
2026-09-30 21:08:25,490 - INFO - 
****************************************************************************************************
2026-09-30 21:08:27,198 - INFO - --- training epoch 173, loss 6.6467, mae 7.1133, rmse 10.8444, time elapsed(min) 0.02---
2026-09-30 21:08:27,468 - INFO - --- validation at epoch 173, val_loss 6.6049, val_mae 6.6991, val_rmse 10.0395, val_r2 0.8646, val_pearson 0.9310, lr 8.10e-06 ---
2026-09-30 21:08:27,468 - INFO - 
****************************************************************************************************
2026-09-30 21:08:29,188 - INFO - --- training epoch 174, loss 6.7251, mae 7.1947, rmse 10.9797, time elapsed(min) 0.02---
2026-09-30 21:08:29,429 - INFO - --- validation at epoch 174, val_loss 6.6388, val_mae 6.7472, val_rmse 10.0679, val_r2 0.8638, val_pearson 0.9307, lr 8.10e-06 ---
2026-09-30 21:08:29,429 - INFO - 
****************************************************************************************************
2026-09-30 21:08:31,162 - INFO - --- training epoch 175, loss 6.8261, mae 7.2943, rmse 11.0074, time elapsed(min) 0.02---
2026-09-30 21:08:31,412 - INFO - --- validation at epoch 175, val_loss 6.6444, val_mae 6.7586, val_rmse 10.0568, val_r2 0.8641, val_pearson 0.9308, lr 8.10e-06 ---
2026-09-30 21:08:31,412 - INFO - 
****************************************************************************************************
2026-09-30 21:08:33,262 - INFO - --- training epoch 176, loss 6.7455, mae 7.2129, rmse 10.9081, time elapsed(min) 0.02---
2026-09-30 21:08:33,511 - INFO - --- validation at epoch 176, val_loss 6.6379, val_mae 6.7459, val_rmse 10.0839, val_r2 0.8634, val_pearson 0.9309, lr 8.10e-06 ---
2026-09-30 21:08:33,511 - INFO - 
****************************************************************************************************
2026-09-30 21:08:35,634 - INFO - --- training epoch 177, loss 6.7072, mae 7.1737, rmse 10.9488, time elapsed(min) 0.03---
2026-09-30 21:08:35,893 - INFO - --- validation at epoch 177, val_loss 6.6062, val_mae 6.7214, val_rmse 10.0407, val_r2 0.8645, val_pearson 0.9313, lr 8.10e-06 ---
2026-09-30 21:08:35,893 - INFO - 
****************************************************************************************************
2026-09-30 21:08:37,297 - INFO - --- training epoch 178, loss 6.7692, mae 7.2348, rmse 10.8841, time elapsed(min) 0.02---
2026-09-30 21:08:37,538 - INFO - --- validation at epoch 178, val_loss 6.5924, val_mae 6.7115, val_rmse 9.9986, val_r2 0.8657, val_pearson 0.9315, lr 8.10e-06 ---
2026-09-30 21:08:37,538 - INFO - 
****************************************************************************************************
2026-09-30 21:08:38,930 - INFO - --- training epoch 179, loss 6.6833, mae 7.1522, rmse 10.8675, time elapsed(min) 0.02---
2026-09-30 21:08:39,173 - INFO - --- validation at epoch 179, val_loss 6.5950, val_mae 6.7106, val_rmse 10.0072, val_r2 0.8654, val_pearson 0.9314, lr 2.43e-06 ---
2026-09-30 21:08:39,174 - INFO - 
****************************************************************************************************
2026-09-30 21:08:40,897 - INFO - --- training epoch 180, loss 6.7020, mae 7.1709, rmse 10.9164, time elapsed(min) 0.02---
2026-09-30 21:08:41,122 - INFO - --- validation at epoch 180, val_loss 6.5947, val_mae 6.7093, val_rmse 10.0016, val_r2 0.8656, val_pearson 0.9314, lr 2.43e-06 ---
2026-09-30 21:08:41,122 - INFO - 
****************************************************************************************************
2026-09-30 21:08:42,853 - INFO - --- training epoch 181, loss 6.7536, mae 7.2222, rmse 10.9126, time elapsed(min) 0.02---
2026-09-30 21:08:43,094 - INFO - --- validation at epoch 181, val_loss 6.5995, val_mae 6.7115, val_rmse 9.9972, val_r2 0.8657, val_pearson 0.9314, lr 2.43e-06 ---
2026-09-30 21:08:43,095 - INFO - 
****************************************************************************************************
2026-09-30 21:08:45,116 - INFO - --- training epoch 182, loss 6.6840, mae 7.1512, rmse 10.9117, time elapsed(min) 0.03---
2026-09-30 21:08:45,356 - INFO - --- validation at epoch 182, val_loss 6.5995, val_mae 6.7084, val_rmse 10.0010, val_r2 0.8656, val_pearson 0.9315, lr 2.43e-06 ---
2026-09-30 21:08:45,356 - INFO - 
****************************************************************************************************
2026-09-30 21:08:46,763 - INFO - --- training epoch 183, loss 6.7747, mae 7.2425, rmse 10.9004, time elapsed(min) 0.02---
2026-09-30 21:08:47,003 - INFO - --- validation at epoch 183, val_loss 6.5951, val_mae 6.7022, val_rmse 10.0059, val_r2 0.8655, val_pearson 0.9316, lr 2.43e-06 ---
2026-09-30 21:08:47,003 - INFO - 
****************************************************************************************************
2026-09-30 21:08:48,408 - INFO - --- training epoch 184, loss 6.7461, mae 7.2136, rmse 10.9464, time elapsed(min) 0.02---
2026-09-30 21:08:48,628 - INFO - --- validation at epoch 184, val_loss 6.6020, val_mae 6.7042, val_rmse 10.0147, val_r2 0.8652, val_pearson 0.9315, lr 2.43e-06 ---
2026-09-30 21:08:48,628 - INFO - 
****************************************************************************************************
2026-09-30 21:08:49,105 - INFO - --- early stopping at epoch 184: val_loss did not improve for 50 epochs ---
2026-09-30 21:08:49,390 - INFO - --- selected checkpoint from epoch 134, val_loss 6.5812, val_mae 7.0731, val_rmse 10.1662
2026-09-30 21:08:49,989 - INFO - -- RESULT
2026-09-30 21:08:49,989 - INFO - --- test size: 1187
2026-09-30 21:08:49,989 - INFO - --- MAE: 7.5401 pp, RMSE: 11.1276 pp, R2: 0.8372, Pearson: 0.9160
2026-09-30 21:08:52,253 - INFO - --- Buchwald-Hartwig | fullcv01_split70 | ind_mlp: test R2 0.8372 MAE 7.5401 RMSE 11.1276 | 365.2s (2.0s/epoch)
2026-09-30 21:08:52,257 - INFO - --- Buchwald-Hartwig | fullcv02_split70 | current model (ind/linear) (ind/linear)
