2026-10-01 11:38:49,086 - INFO - device is	cuda:0
2026-10-01 11:38:49,242 - INFO - -- CONFIGURATIONS
2026-10-01 11:38:49,242 - INFO - --- train/valid/test: 2491/277/1187
2026-10-01 11:38:49,242 - INFO - --- max no. reactants_train, valid, test respectively: 6, 6, 6
2026-10-01 11:38:49,242 - INFO - --- max no. products_train, valid, test respectively: 1, 1, 1
2026-10-01 11:38:49,242 - INFO - --- model_path: ../logs/bh_approach1_grid/runs/bh/fullcv03_split70/current_model/model.pt
2026-10-01 11:38:49,250 - INFO - -- TRAINING
2026-10-01 11:38:49,931 - INFO - --- training epoch 0, loss 23.6513, mae 24.1461, rmse 29.4292, time elapsed(min) 0.01---
2026-10-01 11:38:50,088 - INFO - --- validation at epoch 0, val_loss 22.2264, val_mae 23.3602, val_rmse 27.5006, val_r2 -0.0268, val_pearson 0.0597, lr 1.00e-03 ---
2026-10-01 11:38:50,088 - INFO - 
****************************************************************************************************
2026-10-01 11:38:51,181 - INFO - --- training epoch 1, loss 22.4327, mae 22.9278, rmse 27.7759, time elapsed(min) 0.01---
2026-10-01 11:38:51,337 - INFO - --- validation at epoch 1, val_loss 22.7995, val_mae 23.4985, val_rmse 28.5040, val_r2 -0.1031, val_pearson 0.1589, lr 1.00e-03 ---
2026-10-01 11:38:51,337 - INFO - 
****************************************************************************************************
2026-10-01 11:38:52,505 - INFO - --- training epoch 2, loss 22.7058, mae 23.2010, rmse 28.0650, time elapsed(min) 0.01---
2026-10-01 11:38:52,662 - INFO - --- validation at epoch 2, val_loss 22.0148, val_mae 23.0841, val_rmse 26.6892, val_r2 0.0329, val_pearson 0.1827, lr 1.00e-03 ---
2026-10-01 11:38:52,663 - INFO - 
****************************************************************************************************
2026-10-01 11:38:53,935 - INFO - --- training epoch 3, loss 22.0764, mae 22.5713, rmse 27.1432, time elapsed(min) 0.01---
2026-10-01 11:38:54,096 - INFO - --- validation at epoch 3, val_loss 22.4038, val_mae 23.2256, val_rmse 27.9202, val_r2 -0.0584, val_pearson 0.1835, lr 1.00e-03 ---
2026-10-01 11:38:54,096 - INFO - 
****************************************************************************************************
2026-10-01 11:38:55,309 - INFO - --- training epoch 4, loss 22.0194, mae 22.5154, rmse 27.1616, time elapsed(min) 0.01---
2026-10-01 11:38:55,468 - INFO - --- validation at epoch 4, val_loss 22.0117, val_mae 22.8910, val_rmse 27.1817, val_r2 -0.0032, val_pearson 0.2063, lr 1.00e-03 ---
2026-10-01 11:38:55,469 - INFO - 
****************************************************************************************************
2026-10-01 11:38:56,773 - INFO - --- training epoch 5, loss 21.8164, mae 22.3121, rmse 26.9379, time elapsed(min) 0.01---
2026-10-01 11:38:56,923 - INFO - --- validation at epoch 5, val_loss 21.8573, val_mae 22.7472, val_rmse 27.1455, val_r2 -0.0005, val_pearson 0.2345, lr 1.00e-03 ---
2026-10-01 11:38:56,923 - INFO - 
****************************************************************************************************
2026-10-01 11:38:58,173 - INFO - --- training epoch 6, loss 21.9903, mae 22.4865, rmse 27.0554, time elapsed(min) 0.01---
2026-10-01 11:38:58,346 - INFO - --- validation at epoch 6, val_loss 21.8004, val_mae 22.7539, val_rmse 27.2350, val_r2 -0.0071, val_pearson 0.2524, lr 1.00e-03 ---
2026-10-01 11:38:58,346 - INFO - 
****************************************************************************************************
2026-10-01 11:38:59,449 - INFO - --- training epoch 7, loss 21.7429, mae 22.2387, rmse 26.8630, time elapsed(min) 0.01---
2026-10-01 11:38:59,627 - INFO - --- validation at epoch 7, val_loss 21.8057, val_mae 22.6541, val_rmse 27.1414, val_r2 -0.0002, val_pearson 0.2513, lr 1.00e-03 ---
2026-10-01 11:38:59,627 - INFO - 
****************************************************************************************************
2026-10-01 11:39:00,708 - INFO - --- training epoch 8, loss 21.8036, mae 22.2983, rmse 27.0303, time elapsed(min) 0.01---
2026-10-01 11:39:00,875 - INFO - --- validation at epoch 8, val_loss 22.2260, val_mae 23.0343, val_rmse 28.0717, val_r2 -0.0699, val_pearson 0.2901, lr 1.00e-03 ---
2026-10-01 11:39:00,875 - INFO - 
****************************************************************************************************
2026-10-01 11:39:02,133 - INFO - --- training epoch 9, loss 21.8800, mae 22.3748, rmse 26.9647, time elapsed(min) 0.01---
2026-10-01 11:39:02,289 - INFO - --- validation at epoch 9, val_loss 21.4828, val_mae 22.4227, val_rmse 26.6708, val_r2 0.0342, val_pearson 0.2699, lr 1.00e-03 ---
2026-10-01 11:39:02,289 - INFO - 
****************************************************************************************************
2026-10-01 11:39:03,635 - INFO - --- training epoch 10, loss 21.4784, mae 21.9734, rmse 26.4894, time elapsed(min) 0.01---
2026-10-01 11:39:03,795 - INFO - --- validation at epoch 10, val_loss 21.5190, val_mae 22.3023, val_rmse 26.6497, val_r2 0.0357, val_pearson 0.2492, lr 1.00e-03 ---
2026-10-01 11:39:03,795 - INFO - 
****************************************************************************************************
2026-10-01 11:39:05,186 - INFO - --- training epoch 11, loss 21.4594, mae 21.9550, rmse 26.4984, time elapsed(min) 0.02---
2026-10-01 11:39:05,339 - INFO - --- validation at epoch 11, val_loss 20.9681, val_mae 21.8976, val_rmse 26.5298, val_r2 0.0444, val_pearson 0.4006, lr 1.00e-03 ---
2026-10-01 11:39:05,340 - INFO - 
****************************************************************************************************
2026-10-01 11:39:06,427 - INFO - --- training epoch 12, loss 21.3846, mae 21.8809, rmse 26.1343, time elapsed(min) 0.01---
2026-10-01 11:39:06,584 - INFO - --- validation at epoch 12, val_loss 21.1969, val_mae 22.3636, val_rmse 27.9298, val_r2 -0.0591, val_pearson 0.3849, lr 1.00e-03 ---
2026-10-01 11:39:06,584 - INFO - 
****************************************************************************************************
2026-10-01 11:39:07,641 - INFO - --- training epoch 13, loss 21.8832, mae 22.3790, rmse 26.8564, time elapsed(min) 0.01---
2026-10-01 11:39:07,800 - INFO - --- validation at epoch 13, val_loss 21.1410, val_mae 21.9443, val_rmse 26.4237, val_r2 0.0520, val_pearson 0.3720, lr 1.00e-03 ---
2026-10-01 11:39:07,800 - INFO - 
****************************************************************************************************
2026-10-01 11:39:08,974 - INFO - --- training epoch 14, loss 21.1935, mae 21.6890, rmse 25.9361, time elapsed(min) 0.01---
2026-10-01 11:39:09,145 - INFO - --- validation at epoch 14, val_loss 20.6234, val_mae 21.4008, val_rmse 25.6851, val_r2 0.1043, val_pearson 0.3960, lr 1.00e-03 ---
2026-10-01 11:39:09,146 - INFO - 
****************************************************************************************************
2026-10-01 11:39:10,459 - INFO - --- training epoch 15, loss 21.2146, mae 21.7094, rmse 26.0216, time elapsed(min) 0.01---
2026-10-01 11:39:10,634 - INFO - --- validation at epoch 15, val_loss 21.0929, val_mae 21.9514, val_rmse 26.2046, val_r2 0.0677, val_pearson 0.3459, lr 1.00e-03 ---
2026-10-01 11:39:10,634 - INFO - 
****************************************************************************************************
2026-10-01 11:39:11,896 - INFO - --- training epoch 16, loss 21.1462, mae 21.6423, rmse 25.9097, time elapsed(min) 0.01---
2026-10-01 11:39:12,043 - INFO - --- validation at epoch 16, val_loss 20.6235, val_mae 21.4158, val_rmse 26.0144, val_r2 0.0812, val_pearson 0.4202, lr 1.00e-03 ---
2026-10-01 11:39:12,043 - INFO - 
****************************************************************************************************
2026-10-01 11:39:13,267 - INFO - --- training epoch 17, loss 21.3192, mae 21.8155, rmse 26.0747, time elapsed(min) 0.01---
2026-10-01 11:39:13,436 - INFO - --- validation at epoch 17, val_loss 20.8219, val_mae 21.6045, val_rmse 25.8382, val_r2 0.0936, val_pearson 0.3776, lr 1.00e-03 ---
2026-10-01 11:39:13,436 - INFO - 
****************************************************************************************************
2026-10-01 11:39:14,509 - INFO - --- training epoch 18, loss 20.9746, mae 21.4694, rmse 25.7866, time elapsed(min) 0.01---
2026-10-01 11:39:14,677 - INFO - --- validation at epoch 18, val_loss 20.6399, val_mae 21.3372, val_rmse 25.8640, val_r2 0.0917, val_pearson 0.4249, lr 1.00e-03 ---
2026-10-01 11:39:14,677 - INFO - 
****************************************************************************************************
2026-10-01 11:39:16,085 - INFO - --- training epoch 19, loss 21.0688, mae 21.5640, rmse 25.8460, time elapsed(min) 0.02---
2026-10-01 11:39:16,244 - INFO - --- validation at epoch 19, val_loss 20.5077, val_mae 21.1889, val_rmse 25.5867, val_r2 0.1111, val_pearson 0.4175, lr 1.00e-03 ---
2026-10-01 11:39:16,244 - INFO - 
****************************************************************************************************
2026-10-01 11:39:17,542 - INFO - --- training epoch 20, loss 20.9787, mae 21.4724, rmse 25.7692, time elapsed(min) 0.01---
2026-10-01 11:39:17,715 - INFO - --- validation at epoch 20, val_loss 20.5284, val_mae 21.1975, val_rmse 25.4798, val_r2 0.1185, val_pearson 0.4145, lr 1.00e-03 ---
2026-10-01 11:39:17,715 - INFO - 
****************************************************************************************************
2026-10-01 11:39:18,995 - INFO - --- training epoch 21, loss 21.0388, mae 21.5340, rmse 25.7997, time elapsed(min) 0.01---
2026-10-01 11:39:19,160 - INFO - --- validation at epoch 21, val_loss 20.8253, val_mae 21.4961, val_rmse 26.0459, val_r2 0.0789, val_pearson 0.4139, lr 1.00e-03 ---
2026-10-01 11:39:19,160 - INFO - 
****************************************************************************************************
2026-10-01 11:39:20,571 - INFO - --- training epoch 22, loss 20.9726, mae 21.4682, rmse 25.8406, time elapsed(min) 0.02---
2026-10-01 11:39:20,737 - INFO - --- validation at epoch 22, val_loss 20.5587, val_mae 20.9939, val_rmse 25.2286, val_r2 0.1358, val_pearson 0.4206, lr 1.00e-03 ---
2026-10-01 11:39:20,737 - INFO - 
****************************************************************************************************
2026-10-01 11:39:21,787 - INFO - --- training epoch 23, loss 20.8944, mae 21.3895, rmse 25.7402, time elapsed(min) 0.01---
2026-10-01 11:39:21,953 - INFO - --- validation at epoch 23, val_loss 20.4950, val_mae 21.1254, val_rmse 25.4842, val_r2 0.1182, val_pearson 0.4293, lr 1.00e-03 ---
2026-10-01 11:39:21,953 - INFO - 
****************************************************************************************************
2026-10-01 11:39:23,214 - INFO - --- training epoch 24, loss 20.9364, mae 21.4314, rmse 25.7110, time elapsed(min) 0.01---
2026-10-01 11:39:23,391 - INFO - --- validation at epoch 24, val_loss 20.5302, val_mae 21.0292, val_rmse 25.1849, val_r2 0.1388, val_pearson 0.4242, lr 1.00e-03 ---
2026-10-01 11:39:23,391 - INFO - 
****************************************************************************************************
2026-10-01 11:39:24,752 - INFO - --- training epoch 25, loss 20.8909, mae 21.3872, rmse 25.6772, time elapsed(min) 0.02---
2026-10-01 11:39:24,918 - INFO - --- validation at epoch 25, val_loss 20.7835, val_mae 21.3374, val_rmse 25.8759, val_r2 0.0909, val_pearson 0.4187, lr 1.00e-03 ---
2026-10-01 11:39:24,918 - INFO - 
****************************************************************************************************
2026-10-01 11:39:26,182 - INFO - --- training epoch 26, loss 21.0270, mae 21.5233, rmse 25.9121, time elapsed(min) 0.01---
2026-10-01 11:39:26,349 - INFO - --- validation at epoch 26, val_loss 20.4487, val_mae 20.9914, val_rmse 24.9414, val_r2 0.1554, val_pearson 0.4248, lr 1.00e-03 ---
2026-10-01 11:39:26,349 - INFO - 
****************************************************************************************************
2026-10-01 11:39:27,854 - INFO - --- training epoch 27, loss 20.8063, mae 21.3020, rmse 25.6154, time elapsed(min) 0.02---
2026-10-01 11:39:28,023 - INFO - --- validation at epoch 27, val_loss 20.6201, val_mae 21.0821, val_rmse 25.3175, val_r2 0.1297, val_pearson 0.4196, lr 1.00e-03 ---
2026-10-01 11:39:28,024 - INFO - 
****************************************************************************************************
2026-10-01 11:39:29,087 - INFO - --- training epoch 28, loss 20.8827, mae 21.3782, rmse 25.7565, time elapsed(min) 0.01---
2026-10-01 11:39:29,252 - INFO - --- validation at epoch 28, val_loss 20.5689, val_mae 21.0819, val_rmse 25.4294, val_r2 0.1220, val_pearson 0.4272, lr 1.00e-03 ---
2026-10-01 11:39:29,252 - INFO - 
****************************************************************************************************
2026-10-01 11:39:30,438 - INFO - --- training epoch 29, loss 20.8495, mae 21.3453, rmse 25.7151, time elapsed(min) 0.01---
2026-10-01 11:39:30,604 - INFO - --- validation at epoch 29, val_loss 20.5288, val_mae 21.0159, val_rmse 25.2707, val_r2 0.1329, val_pearson 0.4251, lr 1.00e-03 ---
2026-10-01 11:39:30,604 - INFO - 
****************************************************************************************************
2026-10-01 11:39:31,841 - INFO - --- training epoch 30, loss 20.9082, mae 21.4046, rmse 25.7001, time elapsed(min) 0.01---
2026-10-01 11:39:32,005 - INFO - --- validation at epoch 30, val_loss 20.4500, val_mae 21.0116, val_rmse 25.0446, val_r2 0.1484, val_pearson 0.4224, lr 1.00e-03 ---
2026-10-01 11:39:32,005 - INFO - 
****************************************************************************************************
2026-10-01 11:39:33,260 - INFO - --- training epoch 31, loss 20.8289, mae 21.3248, rmse 25.5983, time elapsed(min) 0.01---
2026-10-01 11:39:33,433 - INFO - --- validation at epoch 31, val_loss 20.5425, val_mae 21.1781, val_rmse 25.5775, val_r2 0.1118, val_pearson 0.4284, lr 1.00e-03 ---
2026-10-01 11:39:33,433 - INFO - 
****************************************************************************************************
2026-10-01 11:39:34,716 - INFO - --- training epoch 32, loss 21.0254, mae 21.5210, rmse 25.7338, time elapsed(min) 0.01---
2026-10-01 11:39:35,083 - INFO - --- validation at epoch 32, val_loss 21.2754, val_mae 22.4005, val_rmse 28.4226, val_r2 -0.0968, val_pearson 0.3674, lr 1.00e-03 ---
2026-10-01 11:39:35,084 - INFO - 
****************************************************************************************************
2026-10-01 11:39:36,271 - INFO - --- training epoch 33, loss 21.6647, mae 22.1615, rmse 26.6403, time elapsed(min) 0.01---
2026-10-01 11:39:36,439 - INFO - --- validation at epoch 33, val_loss 20.4091, val_mae 21.2253, val_rmse 25.5685, val_r2 0.1124, val_pearson 0.4224, lr 1.00e-03 ---
2026-10-01 11:39:36,439 - INFO - 
****************************************************************************************************
2026-10-01 11:39:37,580 - INFO - --- training epoch 34, loss 21.0604, mae 21.5556, rmse 25.7301, time elapsed(min) 0.01---
2026-10-01 11:39:37,748 - INFO - --- validation at epoch 34, val_loss 20.2434, val_mae 21.0371, val_rmse 25.3427, val_r2 0.1280, val_pearson 0.4053, lr 1.00e-03 ---
2026-10-01 11:39:37,749 - INFO - 
****************************************************************************************************
2026-10-01 11:39:39,221 - INFO - --- training epoch 35, loss 21.0305, mae 21.5251, rmse 25.8795, time elapsed(min) 0.02---
2026-10-01 11:39:39,384 - INFO - --- validation at epoch 35, val_loss 20.4353, val_mae 21.2396, val_rmse 25.1985, val_r2 0.1379, val_pearson 0.4128, lr 1.00e-03 ---
2026-10-01 11:39:39,385 - INFO - 
****************************************************************************************************
2026-10-01 11:39:40,663 - INFO - --- training epoch 36, loss 21.2596, mae 21.7539, rmse 26.0409, time elapsed(min) 0.01---
2026-10-01 11:39:40,835 - INFO - --- validation at epoch 36, val_loss 20.8665, val_mae 21.6841, val_rmse 26.6938, val_r2 0.0325, val_pearson 0.4301, lr 1.00e-03 ---
2026-10-01 11:39:40,835 - INFO - 
****************************************************************************************************
2026-10-01 11:39:42,120 - INFO - --- training epoch 37, loss 21.2990, mae 21.7953, rmse 26.1189, time elapsed(min) 0.01---
2026-10-01 11:39:42,525 - INFO - --- validation at epoch 37, val_loss 21.0275, val_mae 21.7631, val_rmse 27.0811, val_r2 0.0043, val_pearson 0.4306, lr 1.00e-03 ---
2026-10-01 11:39:42,526 - INFO - 
****************************************************************************************************
2026-10-01 11:39:43,738 - INFO - --- training epoch 38, loss 21.1134, mae 21.6093, rmse 26.0846, time elapsed(min) 0.01---
2026-10-01 11:39:43,899 - INFO - --- validation at epoch 38, val_loss 20.4227, val_mae 21.0628, val_rmse 25.9361, val_r2 0.0867, val_pearson 0.4292, lr 1.00e-03 ---
2026-10-01 11:39:43,899 - INFO - 
****************************************************************************************************
2026-10-01 11:39:44,947 - INFO - --- training epoch 39, loss 20.9959, mae 21.4913, rmse 25.9327, time elapsed(min) 0.01---
2026-10-01 11:39:45,106 - INFO - --- validation at epoch 39, val_loss 20.4873, val_mae 21.1031, val_rmse 25.7760, val_r2 0.0979, val_pearson 0.4234, lr 1.00e-03 ---
2026-10-01 11:39:45,106 - INFO - 
****************************************************************************************************
2026-10-01 11:39:46,465 - INFO - --- training epoch 40, loss 21.0565, mae 21.5530, rmse 25.9653, time elapsed(min) 0.02---
2026-10-01 11:39:46,627 - INFO - --- validation at epoch 40, val_loss 21.0100, val_mae 21.8064, val_rmse 26.7135, val_r2 0.0311, val_pearson 0.4148, lr 1.00e-03 ---
2026-10-01 11:39:46,627 - INFO - 
****************************************************************************************************
2026-10-01 11:39:47,928 - INFO - --- training epoch 41, loss 21.2002, mae 21.6967, rmse 25.9802, time elapsed(min) 0.02---
2026-10-01 11:39:48,081 - INFO - --- validation at epoch 41, val_loss 20.2178, val_mae 20.9223, val_rmse 25.1635, val_r2 0.1403, val_pearson 0.4343, lr 1.00e-03 ---
2026-10-01 11:39:48,082 - INFO - 
****************************************************************************************************
2026-10-01 11:39:49,421 - INFO - --- training epoch 42, loss 20.8349, mae 21.3297, rmse 25.7141, time elapsed(min) 0.01---
2026-10-01 11:39:49,804 - INFO - --- validation at epoch 42, val_loss 20.3069, val_mae 20.9551, val_rmse 25.4644, val_r2 0.1196, val_pearson 0.4232, lr 1.00e-03 ---
2026-10-01 11:39:49,804 - INFO - 
****************************************************************************************************
2026-10-01 11:39:51,016 - INFO - --- training epoch 43, loss 21.0143, mae 21.5099, rmse 25.9055, time elapsed(min) 0.01---
2026-10-01 11:39:51,182 - INFO - --- validation at epoch 43, val_loss 20.7524, val_mae 21.5170, val_rmse 26.4695, val_r2 0.0487, val_pearson 0.4254, lr 1.00e-03 ---
2026-10-01 11:39:51,182 - INFO - 
****************************************************************************************************
2026-10-01 11:39:52,268 - INFO - --- training epoch 44, loss 21.0602, mae 21.5553, rmse 25.9784, time elapsed(min) 0.01---
2026-10-01 11:39:52,424 - INFO - --- validation at epoch 44, val_loss 20.5687, val_mae 21.3584, val_rmse 26.4953, val_r2 0.0469, val_pearson 0.4247, lr 1.00e-03 ---
2026-10-01 11:39:52,424 - INFO - 
****************************************************************************************************
2026-10-01 11:39:53,683 - INFO - --- training epoch 45, loss 21.0295, mae 21.5244, rmse 25.8999, time elapsed(min) 0.01---
2026-10-01 11:39:53,844 - INFO - --- validation at epoch 45, val_loss 20.1902, val_mae 20.9565, val_rmse 25.3631, val_r2 0.1266, val_pearson 0.4251, lr 1.00e-03 ---
2026-10-01 11:39:53,844 - INFO - 
****************************************************************************************************
2026-10-01 11:39:55,198 - INFO - --- training epoch 46, loss 20.8170, mae 21.3122, rmse 25.7104, time elapsed(min) 0.01---
2026-10-01 11:39:55,367 - INFO - --- validation at epoch 46, val_loss 20.3158, val_mae 21.0704, val_rmse 25.5511, val_r2 0.1136, val_pearson 0.4186, lr 1.00e-03 ---
2026-10-01 11:39:55,367 - INFO - 
****************************************************************************************************
2026-10-01 11:39:56,632 - INFO - --- training epoch 47, loss 20.8986, mae 21.3926, rmse 25.7945, time elapsed(min) 0.01---
2026-10-01 11:39:57,004 - INFO - --- validation at epoch 47, val_loss 20.1439, val_mae 20.9110, val_rmse 25.5062, val_r2 0.1167, val_pearson 0.4337, lr 1.00e-03 ---
2026-10-01 11:39:57,005 - INFO - 
****************************************************************************************************
2026-10-01 11:39:58,272 - INFO - --- training epoch 48, loss 20.9645, mae 21.4600, rmse 25.8423, time elapsed(min) 0.01---
2026-10-01 11:39:58,433 - INFO - --- validation at epoch 48, val_loss 20.3856, val_mae 21.3128, val_rmse 25.9766, val_r2 0.0838, val_pearson 0.4143, lr 1.00e-03 ---
2026-10-01 11:39:58,433 - INFO - 
****************************************************************************************************
2026-10-01 11:39:59,646 - INFO - --- training epoch 49, loss 20.6298, mae 21.1243, rmse 25.5118, time elapsed(min) 0.01---
2026-10-01 11:39:59,810 - INFO - --- validation at epoch 49, val_loss 20.0765, val_mae 20.4404, val_rmse 25.2579, val_r2 0.1338, val_pearson 0.4517, lr 1.00e-03 ---
2026-10-01 11:39:59,811 - INFO - 
****************************************************************************************************
2026-10-01 11:40:01,118 - INFO - --- training epoch 50, loss 20.4894, mae 20.9842, rmse 25.6176, time elapsed(min) 0.01---
2026-10-01 11:40:01,277 - INFO - --- validation at epoch 50, val_loss 19.8998, val_mae 20.5766, val_rmse 25.7985, val_r2 0.0963, val_pearson 0.4080, lr 1.00e-03 ---
2026-10-01 11:40:01,277 - INFO - 
****************************************************************************************************
2026-10-01 11:40:02,594 - INFO - --- training epoch 51, loss 20.9719, mae 21.4679, rmse 25.8891, time elapsed(min) 0.01---
2026-10-01 11:40:02,748 - INFO - --- validation at epoch 51, val_loss 20.8781, val_mae 21.8095, val_rmse 26.3873, val_r2 0.0546, val_pearson 0.3725, lr 1.00e-03 ---
2026-10-01 11:40:02,748 - INFO - 
****************************************************************************************************
2026-10-01 11:40:04,167 - INFO - --- training epoch 52, loss 20.8006, mae 21.2962, rmse 25.6462, time elapsed(min) 0.02---
2026-10-01 11:40:04,346 - INFO - --- validation at epoch 52, val_loss 19.7264, val_mae 20.5527, val_rmse 25.6962, val_r2 0.1035, val_pearson 0.4492, lr 1.00e-03 ---
2026-10-01 11:40:04,347 - INFO - 
****************************************************************************************************
2026-10-01 11:40:05,484 - INFO - --- training epoch 53, loss 20.4863, mae 20.9801, rmse 25.4838, time elapsed(min) 0.01---
2026-10-01 11:40:05,646 - INFO - --- validation at epoch 53, val_loss 19.8557, val_mae 19.8432, val_rmse 24.2750, val_r2 0.1999, val_pearson 0.4511, lr 1.00e-03 ---
2026-10-01 11:40:05,646 - INFO - 
****************************************************************************************************
2026-10-01 11:40:06,868 - INFO - --- training epoch 54, loss 21.1643, mae 21.6609, rmse 26.0178, time elapsed(min) 0.01---
2026-10-01 11:40:07,024 - INFO - --- validation at epoch 54, val_loss 21.0957, val_mae 21.8867, val_rmse 27.3854, val_r2 -0.0182, val_pearson 0.4450, lr 1.00e-03 ---
2026-10-01 11:40:07,024 - INFO - 
****************************************************************************************************
2026-10-01 11:40:08,274 - INFO - --- training epoch 55, loss 21.3365, mae 21.8317, rmse 26.2146, time elapsed(min) 0.01---
2026-10-01 11:40:08,444 - INFO - --- validation at epoch 55, val_loss 20.2785, val_mae 21.0648, val_rmse 25.7271, val_r2 0.1013, val_pearson 0.4311, lr 1.00e-03 ---
2026-10-01 11:40:08,444 - INFO - 
****************************************************************************************************
2026-10-01 11:40:09,719 - INFO - --- training epoch 56, loss 20.9679, mae 21.4615, rmse 25.9506, time elapsed(min) 0.01---
2026-10-01 11:40:09,887 - INFO - --- validation at epoch 56, val_loss 20.1697, val_mae 20.9007, val_rmse 25.4816, val_r2 0.1184, val_pearson 0.4312, lr 1.00e-03 ---
2026-10-01 11:40:09,887 - INFO - 
****************************************************************************************************
2026-10-01 11:40:11,151 - INFO - --- training epoch 57, loss 20.7585, mae 21.2533, rmse 25.6755, time elapsed(min) 0.01---
2026-10-01 11:40:11,651 - INFO - --- validation at epoch 57, val_loss 20.2969, val_mae 21.0275, val_rmse 25.4417, val_r2 0.1212, val_pearson 0.4293, lr 1.00e-03 ---
2026-10-01 11:40:11,651 - INFO - 
****************************************************************************************************
2026-10-01 11:40:12,699 - INFO - --- training epoch 58, loss 20.8070, mae 21.3023, rmse 25.6301, time elapsed(min) 0.01---
2026-10-01 11:40:12,865 - INFO - --- validation at epoch 58, val_loss 20.0567, val_mae 20.7500, val_rmse 25.3383, val_r2 0.1283, val_pearson 0.4482, lr 1.00e-03 ---
2026-10-01 11:40:12,865 - INFO - 
****************************************************************************************************
2026-10-01 11:40:13,904 - INFO - --- training epoch 59, loss 20.8425, mae 21.3376, rmse 25.8212, time elapsed(min) 0.01---
2026-10-01 11:40:14,056 - INFO - --- validation at epoch 59, val_loss 20.0788, val_mae 20.7499, val_rmse 25.2357, val_r2 0.1353, val_pearson 0.4380, lr 1.00e-03 ---
2026-10-01 11:40:14,056 - INFO - 
****************************************************************************************************
2026-10-01 11:40:15,302 - INFO - --- training epoch 60, loss 20.6759, mae 21.1710, rmse 25.6494, time elapsed(min) 0.01---
2026-10-01 11:40:15,456 - INFO - --- validation at epoch 60, val_loss 20.2548, val_mae 20.8366, val_rmse 24.7395, val_r2 0.1690, val_pearson 0.4281, lr 1.00e-03 ---
2026-10-01 11:40:15,456 - INFO - 
****************************************************************************************************
2026-10-01 11:40:16,726 - INFO - --- training epoch 61, loss 20.7033, mae 21.1989, rmse 25.5176, time elapsed(min) 0.01---
2026-10-01 11:40:16,896 - INFO - --- validation at epoch 61, val_loss 20.1054, val_mae 20.7669, val_rmse 25.2768, val_r2 0.1325, val_pearson 0.4445, lr 1.00e-03 ---
2026-10-01 11:40:16,896 - INFO - 
****************************************************************************************************
2026-10-01 11:40:18,167 - INFO - --- training epoch 62, loss 20.7563, mae 21.2493, rmse 25.6822, time elapsed(min) 0.01---
2026-10-01 11:40:18,570 - INFO - --- validation at epoch 62, val_loss 20.0632, val_mae 20.7426, val_rmse 25.1207, val_r2 0.1432, val_pearson 0.4463, lr 1.00e-03 ---
2026-10-01 11:40:18,570 - INFO - 
****************************************************************************************************
2026-10-01 11:40:19,092 - INFO - --- early stopping at epoch 62: val_loss did not improve for 10 epochs ---
2026-10-01 11:40:19,281 - INFO - --- selected checkpoint from epoch 52, val_loss 19.7264, val_mae 20.5527, val_rmse 25.6962
2026-10-01 11:40:19,718 - INFO - -- RESULT
2026-10-01 11:40:19,718 - INFO - --- test size: 1187
2026-10-01 11:40:19,718 - INFO - --- MAE: 21.3895 pp, RMSE: 26.5509 pp, R2: 0.0390, Pearson: 0.3841
2026-10-01 11:40:20,547 - INFO - --- Cell current_model DONE: test MAE=21.3895 RMSE=26.5509 R2=0.0390 | sec/epoch=1.43
2026-10-01 11:40:20,560 - INFO - === RUNNING: dataset=bh split=fullcv03_split70 cell=approach_3 (tokens=comb, pooling=mean, head=linear) ===
