2026-10-01 12:26:42,842 - INFO - device is	cuda:0
2026-10-01 12:26:42,934 - INFO - -- CONFIGURATIONS
2026-10-01 12:26:42,934 - INFO - --- train/valid/test: 2491/277/1187
2026-10-01 12:26:42,934 - INFO - --- max no. reactants_train, valid, test respectively: 6, 6, 6
2026-10-01 12:26:42,934 - INFO - --- max no. products_train, valid, test respectively: 1, 1, 1
2026-10-01 12:26:42,934 - INFO - --- model_path: ../logs/bh_approach1_grid/runs/bh/fullcv09_split70/approach_1_mlp/model.pt
2026-10-01 12:26:42,945 - INFO - -- TRAINING
2026-10-01 12:26:43,735 - INFO - --- training epoch 0, loss 24.2390, mae 24.7355, rmse 30.3246, time elapsed(min) 0.01---
2026-10-01 12:26:43,892 - INFO - --- validation at epoch 0, val_loss 22.9510, val_mae 23.4265, val_rmse 28.3192, val_r2 -0.0670, val_pearson -0.3356, lr 1.00e-03 ---
2026-10-01 12:26:43,892 - INFO - 
****************************************************************************************************
2026-10-01 12:26:45,150 - INFO - --- training epoch 1, loss 22.7321, mae 23.2282, rmse 27.9244, time elapsed(min) 0.01---
2026-10-01 12:26:45,319 - INFO - --- validation at epoch 1, val_loss 22.7551, val_mae 23.1566, val_rmse 27.8970, val_r2 -0.0354, val_pearson 0.1135, lr 1.00e-03 ---
2026-10-01 12:26:45,319 - INFO - 
****************************************************************************************************
2026-10-01 12:26:46,531 - INFO - --- training epoch 2, loss 22.8415, mae 23.3368, rmse 28.1946, time elapsed(min) 0.01---
2026-10-01 12:26:46,701 - INFO - --- validation at epoch 2, val_loss 24.3711, val_mae 24.4268, val_rmse 32.0555, val_r2 -0.3671, val_pearson 0.1612, lr 1.00e-03 ---
2026-10-01 12:26:46,701 - INFO - 
****************************************************************************************************
2026-10-01 12:26:47,989 - INFO - --- training epoch 3, loss 22.8249, mae 23.3211, rmse 28.5148, time elapsed(min) 0.02---
2026-10-01 12:26:48,176 - INFO - --- validation at epoch 3, val_loss 22.4549, val_mae 22.9569, val_rmse 27.1285, val_r2 0.0209, val_pearson 0.1985, lr 1.00e-03 ---
2026-10-01 12:26:48,176 - INFO - 
****************************************************************************************************
2026-10-01 12:26:49,708 - INFO - --- training epoch 4, loss 21.9657, mae 22.4617, rmse 26.5738, time elapsed(min) 0.02---
2026-10-01 12:26:49,869 - INFO - --- validation at epoch 4, val_loss 22.7693, val_mae 23.1088, val_rmse 27.9995, val_r2 -0.0430, val_pearson 0.1606, lr 1.00e-03 ---
2026-10-01 12:26:49,869 - INFO - 
****************************************************************************************************
2026-10-01 12:26:51,207 - INFO - --- training epoch 5, loss 21.7879, mae 22.2846, rmse 26.7139, time elapsed(min) 0.02---
2026-10-01 12:26:51,374 - INFO - --- validation at epoch 5, val_loss 22.8857, val_mae 23.5112, val_rmse 28.5302, val_r2 -0.0829, val_pearson 0.1172, lr 1.00e-03 ---
2026-10-01 12:26:51,374 - INFO - 
****************************************************************************************************
2026-10-01 12:26:52,662 - INFO - --- training epoch 6, loss 21.4851, mae 21.9811, rmse 26.2829, time elapsed(min) 0.01---
2026-10-01 12:26:52,832 - INFO - --- validation at epoch 6, val_loss 21.9514, val_mae 22.3544, val_rmse 26.7850, val_r2 0.0455, val_pearson 0.2804, lr 1.00e-03 ---
2026-10-01 12:26:52,832 - INFO - 
****************************************************************************************************
2026-10-01 12:26:54,097 - INFO - --- training epoch 7, loss 21.6114, mae 22.1084, rmse 26.3410, time elapsed(min) 0.01---
2026-10-01 12:26:54,270 - INFO - --- validation at epoch 7, val_loss 23.1985, val_mae 23.0838, val_rmse 28.8490, val_r2 -0.1072, val_pearson 0.3349, lr 1.00e-03 ---
2026-10-01 12:26:54,270 - INFO - 
****************************************************************************************************
2026-10-01 12:26:55,431 - INFO - --- training epoch 8, loss 21.8087, mae 22.3053, rmse 26.4129, time elapsed(min) 0.01---
2026-10-01 12:26:55,602 - INFO - --- validation at epoch 8, val_loss 22.1638, val_mae 22.6045, val_rmse 26.7011, val_r2 0.0515, val_pearson 0.2520, lr 1.00e-03 ---
2026-10-01 12:26:55,602 - INFO - 
****************************************************************************************************
2026-10-01 12:26:56,957 - INFO - --- training epoch 9, loss 21.6580, mae 22.1544, rmse 26.2137, time elapsed(min) 0.02---
2026-10-01 12:26:57,128 - INFO - --- validation at epoch 9, val_loss 21.9260, val_mae 22.2856, val_rmse 26.4135, val_r2 0.0718, val_pearson 0.2933, lr 1.00e-03 ---
2026-10-01 12:26:57,128 - INFO - 
****************************************************************************************************
2026-10-01 12:26:58,589 - INFO - --- training epoch 10, loss 21.5248, mae 22.0211, rmse 25.7430, time elapsed(min) 0.02---
2026-10-01 12:26:58,766 - INFO - --- validation at epoch 10, val_loss 22.0767, val_mae 22.1577, val_rmse 26.9691, val_r2 0.0324, val_pearson 0.3374, lr 1.00e-03 ---
2026-10-01 12:26:58,766 - INFO - 
****************************************************************************************************
2026-10-01 12:27:00,147 - INFO - --- training epoch 11, loss 21.3692, mae 21.8640, rmse 25.8276, time elapsed(min) 0.02---
2026-10-01 12:27:00,542 - INFO - --- validation at epoch 11, val_loss 22.3088, val_mae 22.3582, val_rmse 27.5373, val_r2 -0.0088, val_pearson 0.3504, lr 1.00e-03 ---
2026-10-01 12:27:00,543 - INFO - 
****************************************************************************************************
2026-10-01 12:27:01,826 - INFO - --- training epoch 12, loss 21.5476, mae 22.0434, rmse 26.2539, time elapsed(min) 0.01---
2026-10-01 12:27:02,003 - INFO - --- validation at epoch 12, val_loss 21.5355, val_mae 21.9693, val_rmse 25.6308, val_r2 0.1260, val_pearson 0.3613, lr 1.00e-03 ---
2026-10-01 12:27:02,003 - INFO - 
****************************************************************************************************
2026-10-01 12:27:03,243 - INFO - --- training epoch 13, loss 21.0148, mae 21.5112, rmse 25.3595, time elapsed(min) 0.01---
2026-10-01 12:27:03,410 - INFO - --- validation at epoch 13, val_loss 21.3434, val_mae 21.7213, val_rmse 25.4408, val_r2 0.1389, val_pearson 0.3932, lr 1.00e-03 ---
2026-10-01 12:27:03,411 - INFO - 
****************************************************************************************************
2026-10-01 12:27:04,831 - INFO - --- training epoch 14, loss 20.3778, mae 20.8737, rmse 24.7657, time elapsed(min) 0.02---
2026-10-01 12:27:05,004 - INFO - --- validation at epoch 14, val_loss 20.9676, val_mae 21.1135, val_rmse 26.5879, val_r2 0.0595, val_pearson 0.4107, lr 1.00e-03 ---
2026-10-01 12:27:05,004 - INFO - 
****************************************************************************************************
2026-10-01 12:27:06,459 - INFO - --- training epoch 15, loss 22.5412, mae 23.0374, rmse 28.1732, time elapsed(min) 0.02---
2026-10-01 12:27:06,632 - INFO - --- validation at epoch 15, val_loss 23.5615, val_mae 23.4828, val_rmse 30.1922, val_r2 -0.2128, val_pearson 0.2821, lr 1.00e-03 ---
2026-10-01 12:27:06,632 - INFO - 
****************************************************************************************************
2026-10-01 12:27:07,982 - INFO - --- training epoch 16, loss 21.8301, mae 22.3247, rmse 26.9239, time elapsed(min) 0.02---
2026-10-01 12:27:08,160 - INFO - --- validation at epoch 16, val_loss 22.2385, val_mae 22.1694, val_rmse 26.4834, val_r2 0.0669, val_pearson 0.3486, lr 1.00e-03 ---
2026-10-01 12:27:08,161 - INFO - 
****************************************************************************************************
2026-10-01 12:27:09,476 - INFO - --- training epoch 17, loss 21.3446, mae 21.8408, rmse 26.1948, time elapsed(min) 0.01---
2026-10-01 12:27:09,647 - INFO - --- validation at epoch 17, val_loss 22.9612, val_mae 22.1627, val_rmse 27.6051, val_r2 -0.0138, val_pearson 0.2201, lr 1.00e-03 ---
2026-10-01 12:27:09,647 - INFO - 
****************************************************************************************************
2026-10-01 12:27:10,820 - INFO - --- training epoch 18, loss 20.9391, mae 21.4336, rmse 26.1116, time elapsed(min) 0.01---
2026-10-01 12:27:11,002 - INFO - --- validation at epoch 18, val_loss 22.5811, val_mae 22.5897, val_rmse 29.2833, val_r2 -0.1408, val_pearson 0.2011, lr 1.00e-03 ---
2026-10-01 12:27:11,002 - INFO - 
****************************************************************************************************
2026-10-01 12:27:12,179 - INFO - --- training epoch 19, loss 21.8087, mae 22.3062, rmse 26.6884, time elapsed(min) 0.01---
2026-10-01 12:27:12,347 - INFO - --- validation at epoch 19, val_loss 22.6190, val_mae 22.2804, val_rmse 27.8420, val_r2 -0.0313, val_pearson 0.3473, lr 1.00e-03 ---
2026-10-01 12:27:12,348 - INFO - 
****************************************************************************************************
2026-10-01 12:27:13,790 - INFO - --- training epoch 20, loss 21.7609, mae 22.2570, rmse 26.5779, time elapsed(min) 0.02---
2026-10-01 12:27:13,960 - INFO - --- validation at epoch 20, val_loss 22.3000, val_mae 22.0759, val_rmse 25.9143, val_r2 0.1066, val_pearson 0.3410, lr 1.00e-03 ---
2026-10-01 12:27:13,960 - INFO - 
****************************************************************************************************
2026-10-01 12:27:15,325 - INFO - --- training epoch 21, loss 21.5551, mae 22.0514, rmse 26.3448, time elapsed(min) 0.02---
2026-10-01 12:27:15,493 - INFO - --- validation at epoch 21, val_loss 22.4301, val_mae 22.0441, val_rmse 26.9362, val_r2 0.0347, val_pearson 0.3349, lr 1.00e-03 ---
2026-10-01 12:27:15,493 - INFO - 
****************************************************************************************************
2026-10-01 12:27:16,798 - INFO - --- training epoch 22, loss 21.2339, mae 21.7306, rmse 25.7053, time elapsed(min) 0.01---
2026-10-01 12:27:16,973 - INFO - --- validation at epoch 22, val_loss 22.3229, val_mae 21.9339, val_rmse 26.6553, val_r2 0.0547, val_pearson 0.3364, lr 1.00e-03 ---
2026-10-01 12:27:16,973 - INFO - 
****************************************************************************************************
2026-10-01 12:27:18,115 - INFO - --- training epoch 23, loss 21.2334, mae 21.7293, rmse 25.8739, time elapsed(min) 0.01---
2026-10-01 12:27:18,294 - INFO - --- validation at epoch 23, val_loss 22.2756, val_mae 22.0355, val_rmse 26.6852, val_r2 0.0526, val_pearson 0.3258, lr 1.00e-03 ---
2026-10-01 12:27:18,294 - INFO - 
****************************************************************************************************
2026-10-01 12:27:19,588 - INFO - --- training epoch 24, loss 21.1215, mae 21.6184, rmse 25.8221, time elapsed(min) 0.01---
2026-10-01 12:27:19,755 - INFO - --- validation at epoch 24, val_loss 22.2613, val_mae 21.9953, val_rmse 26.5067, val_r2 0.0652, val_pearson 0.3255, lr 1.00e-03 ---
2026-10-01 12:27:19,755 - INFO - 
****************************************************************************************************
2026-10-01 12:27:20,150 - INFO - --- early stopping at epoch 24: val_loss did not improve for 10 epochs ---
2026-10-01 12:27:20,369 - INFO - --- selected checkpoint from epoch 14, val_loss 20.9676, val_mae 21.1135, val_rmse 26.5879
2026-10-01 12:27:20,826 - INFO - -- RESULT
2026-10-01 12:27:20,826 - INFO - --- test size: 1187
2026-10-01 12:27:20,826 - INFO - --- MAE: 20.5238 pp, RMSE: 25.1432 pp, R2: 0.1610, Pearson: 0.4932
2026-10-01 12:27:22,050 - INFO - --- Cell approach_1_mlp DONE: test MAE=20.5238 RMSE=25.1432 R2=0.1610 | sec/epoch=1.49
2026-10-01 12:27:22,065 - INFO - === RUNNING: dataset=bh split=fullcv09_split70 cell=option_b_linear (tokens=ind, pooling=rn, head=linear) ===
