2026-10-01 14:54:27,606 - INFO - device is	cuda:0
2026-10-01 14:54:27,715 - INFO - -- CONFIGURATIONS
2026-10-01 14:54:27,715 - INFO - --- train/valid/test: 3628/404/1728
2026-10-01 14:54:27,715 - INFO - --- max no. reactants_train, valid, test respectively: 14, 14, 14
2026-10-01 14:54:27,715 - INFO - --- max no. products_train, valid, test respectively: 1, 1, 1
2026-10-01 14:54:27,715 - INFO - --- model_path: ../logs/approach1_server/approach_3/suzuki/runs/suzuki_split_1_20261001_145427/split_1/model.pt
2026-10-01 14:54:27,815 - INFO - -- TRAINING
2026-10-01 14:54:30,107 - INFO - --- training epoch 0, loss 2.5151, mae 2.8829, rmse 6.5816, time elapsed(min) 0.04---
2026-10-01 14:54:30,528 - INFO - --- validation at epoch 0, val_loss 0.0555, val_mae 0.2935, val_rmse 0.3333, val_r2 -0.5176, val_pearson 0.0509, lr 1.00e-03 ---
2026-10-01 14:54:30,528 - INFO - 
****************************************************************************************************
2026-10-01 14:54:32,841 - INFO - --- training epoch 1, loss 0.0438, mae 0.2543, rmse 0.2960, time elapsed(min) 0.03---
2026-10-01 14:54:33,089 - INFO - --- validation at epoch 1, val_loss 0.0384, val_mae 0.2380, val_rmse 0.2722, val_r2 -0.0119, val_pearson 0.1092, lr 1.00e-03 ---
2026-10-01 14:54:33,089 - INFO - 
****************************************************************************************************
2026-10-01 14:54:35,298 - INFO - --- training epoch 2, loss 0.0396, mae 0.2456, rmse 0.2813, time elapsed(min) 0.03---
2026-10-01 14:54:35,553 - INFO - --- validation at epoch 2, val_loss 0.0371, val_mae 0.2324, val_rmse 0.2670, val_r2 0.0265, val_pearson 0.2020, lr 1.00e-03 ---
2026-10-01 14:54:35,554 - INFO - 
****************************************************************************************************
2026-10-01 14:54:37,848 - INFO - --- training epoch 3, loss 0.0385, mae 0.2407, rmse 0.2775, time elapsed(min) 0.03---
2026-10-01 14:54:38,299 - INFO - --- validation at epoch 3, val_loss 0.0369, val_mae 0.2365, val_rmse 0.2685, val_r2 0.0151, val_pearson 0.2551, lr 1.00e-03 ---
2026-10-01 14:54:38,299 - INFO - 
****************************************************************************************************
2026-10-01 14:54:40,631 - INFO - --- training epoch 4, loss 0.0411, mae 0.2447, rmse 0.2867, time elapsed(min) 0.03---
2026-10-01 14:54:40,875 - INFO - --- validation at epoch 4, val_loss 0.0380, val_mae 0.2386, val_rmse 0.2710, val_r2 -0.0032, val_pearson 0.2542, lr 1.00e-03 ---
2026-10-01 14:54:40,875 - INFO - 
****************************************************************************************************
2026-10-01 14:54:43,037 - INFO - --- training epoch 5, loss 0.0385, mae 0.2404, rmse 0.2776, time elapsed(min) 0.03---
2026-10-01 14:54:43,283 - INFO - --- validation at epoch 5, val_loss 0.0369, val_mae 0.2355, val_rmse 0.2678, val_r2 0.0206, val_pearson 0.2559, lr 1.00e-03 ---
2026-10-01 14:54:43,283 - INFO - 
****************************************************************************************************
2026-10-01 14:54:45,485 - INFO - --- training epoch 6, loss 0.0381, mae 0.2380, rmse 0.2760, time elapsed(min) 0.03---
2026-10-01 14:54:45,902 - INFO - --- validation at epoch 6, val_loss 0.0375, val_mae 0.2400, val_rmse 0.2719, val_r2 -0.0100, val_pearson 0.2625, lr 1.00e-03 ---
2026-10-01 14:54:45,902 - INFO - 
****************************************************************************************************
2026-10-01 14:54:48,352 - INFO - --- training epoch 7, loss 0.0383, mae 0.2378, rmse 0.2767, time elapsed(min) 0.03---
2026-10-01 14:54:48,910 - INFO - --- validation at epoch 7, val_loss 0.0381, val_mae 0.2428, val_rmse 0.2747, val_r2 -0.0307, val_pearson 0.2658, lr 1.00e-03 ---
2026-10-01 14:54:48,910 - INFO - 
****************************************************************************************************
2026-10-01 14:54:51,140 - INFO - --- training epoch 8, loss 0.0382, mae 0.2384, rmse 0.2764, time elapsed(min) 0.03---
2026-10-01 14:54:51,386 - INFO - --- validation at epoch 8, val_loss 0.0383, val_mae 0.2438, val_rmse 0.2759, val_r2 -0.0394, val_pearson 0.2694, lr 1.00e-03 ---
2026-10-01 14:54:51,386 - INFO - 
****************************************************************************************************
2026-10-01 14:54:53,716 - INFO - --- training epoch 9, loss 0.0383, mae 0.2382, rmse 0.2766, time elapsed(min) 0.03---
2026-10-01 14:54:53,969 - INFO - --- validation at epoch 9, val_loss 0.0379, val_mae 0.2419, val_rmse 0.2739, val_r2 -0.0243, val_pearson 0.2709, lr 1.00e-03 ---
2026-10-01 14:54:53,969 - INFO - 
****************************************************************************************************
2026-10-01 14:54:56,386 - INFO - --- training epoch 10, loss 0.0381, mae 0.2373, rmse 0.2760, time elapsed(min) 0.03---
2026-10-01 14:54:57,026 - INFO - --- validation at epoch 10, val_loss 0.0376, val_mae 0.2409, val_rmse 0.2729, val_r2 -0.0170, val_pearson 0.2734, lr 1.00e-03 ---
2026-10-01 14:54:57,026 - INFO - 
****************************************************************************************************
2026-10-01 14:54:59,211 - INFO - --- training epoch 11, loss 0.0379, mae 0.2366, rmse 0.2753, time elapsed(min) 0.03---
2026-10-01 14:54:59,471 - INFO - --- validation at epoch 11, val_loss 0.0361, val_mae 0.2342, val_rmse 0.2664, val_r2 0.0309, val_pearson 0.2778, lr 1.00e-03 ---
2026-10-01 14:54:59,471 - INFO - 
****************************************************************************************************
2026-10-01 14:55:01,721 - INFO - --- training epoch 12, loss 0.0377, mae 0.2362, rmse 0.2748, time elapsed(min) 0.03---
2026-10-01 14:55:01,982 - INFO - --- validation at epoch 12, val_loss 0.0351, val_mae 0.2276, val_rmse 0.2613, val_r2 0.0673, val_pearson 0.2864, lr 1.00e-03 ---
2026-10-01 14:55:01,982 - INFO - 
****************************************************************************************************
2026-10-01 14:55:04,394 - INFO - --- training epoch 13, loss 0.0373, mae 0.2345, rmse 0.2730, time elapsed(min) 0.03---
2026-10-01 14:55:04,828 - INFO - --- validation at epoch 13, val_loss 0.0343, val_mae 0.2290, val_rmse 0.2614, val_r2 0.0667, val_pearson 0.3167, lr 1.00e-03 ---
2026-10-01 14:55:04,828 - INFO - 
****************************************************************************************************
2026-10-01 14:55:07,392 - INFO - --- training epoch 14, loss 0.0381, mae 0.2367, rmse 0.2762, time elapsed(min) 0.03---
2026-10-01 14:55:07,640 - INFO - --- validation at epoch 14, val_loss 0.0344, val_mae 0.2275, val_rmse 0.2602, val_r2 0.0756, val_pearson 0.3139, lr 1.00e-03 ---
2026-10-01 14:55:07,641 - INFO - 
****************************************************************************************************
2026-10-01 14:55:09,882 - INFO - --- training epoch 15, loss 0.0371, mae 0.2335, rmse 0.2725, time elapsed(min) 0.03---
2026-10-01 14:55:10,133 - INFO - --- validation at epoch 15, val_loss 0.0343, val_mae 0.2315, val_rmse 0.2634, val_r2 0.0525, val_pearson 0.3363, lr 1.00e-03 ---
2026-10-01 14:55:10,133 - INFO - 
****************************************************************************************************
2026-10-01 14:55:12,424 - INFO - --- training epoch 16, loss 0.0373, mae 0.2340, rmse 0.2730, time elapsed(min) 0.03---
2026-10-01 14:55:12,864 - INFO - --- validation at epoch 16, val_loss 0.0335, val_mae 0.2271, val_rmse 0.2587, val_r2 0.0857, val_pearson 0.3597, lr 1.00e-03 ---
2026-10-01 14:55:12,864 - INFO - 
****************************************************************************************************
2026-10-01 14:55:15,500 - INFO - --- training epoch 17, loss 0.0371, mae 0.2327, rmse 0.2724, time elapsed(min) 0.04---
2026-10-01 14:55:15,750 - INFO - --- validation at epoch 17, val_loss 0.0328, val_mae 0.2235, val_rmse 0.2558, val_r2 0.1067, val_pearson 0.3792, lr 1.00e-03 ---
2026-10-01 14:55:15,750 - INFO - 
****************************************************************************************************
2026-10-01 14:55:18,010 - INFO - --- training epoch 18, loss 0.0372, mae 0.2321, rmse 0.2729, time elapsed(min) 0.03---
2026-10-01 14:55:18,265 - INFO - --- validation at epoch 18, val_loss 0.0326, val_mae 0.2216, val_rmse 0.2540, val_r2 0.1189, val_pearson 0.4207, lr 1.00e-03 ---
2026-10-01 14:55:18,265 - INFO - 
****************************************************************************************************
2026-10-01 14:55:20,541 - INFO - --- training epoch 19, loss 0.0369, mae 0.2293, rmse 0.2715, time elapsed(min) 0.03---
2026-10-01 14:55:20,959 - INFO - --- validation at epoch 19, val_loss 0.0315, val_mae 0.2134, val_rmse 0.2484, val_r2 0.1575, val_pearson 0.4428, lr 1.00e-03 ---
2026-10-01 14:55:20,960 - INFO - 
****************************************************************************************************
2026-10-01 14:55:23,377 - INFO - --- training epoch 20, loss 0.0350, mae 0.2202, rmse 0.2644, time elapsed(min) 0.03---
2026-10-01 14:55:23,931 - INFO - --- validation at epoch 20, val_loss 0.0301, val_mae 0.2066, val_rmse 0.2443, val_r2 0.1847, val_pearson 0.4589, lr 1.00e-03 ---
2026-10-01 14:55:23,931 - INFO - 
****************************************************************************************************
2026-10-01 14:55:26,214 - INFO - --- training epoch 21, loss 0.0339, mae 0.2161, rmse 0.2605, time elapsed(min) 0.03---
2026-10-01 14:55:26,469 - INFO - --- validation at epoch 21, val_loss 0.0295, val_mae 0.2028, val_rmse 0.2421, val_r2 0.1995, val_pearson 0.4754, lr 1.00e-03 ---
2026-10-01 14:55:26,469 - INFO - 
****************************************************************************************************
2026-10-01 14:55:28,780 - INFO - --- training epoch 22, loss 0.0325, mae 0.2112, rmse 0.2550, time elapsed(min) 0.03---
2026-10-01 14:55:29,036 - INFO - --- validation at epoch 22, val_loss 0.0279, val_mae 0.1916, val_rmse 0.2328, val_r2 0.2601, val_pearson 0.5140, lr 1.00e-03 ---
2026-10-01 14:55:29,036 - INFO - 
****************************************************************************************************
2026-10-01 14:55:31,496 - INFO - --- training epoch 23, loss 0.0301, mae 0.2016, rmse 0.2452, time elapsed(min) 0.03---
2026-10-01 14:55:31,959 - INFO - --- validation at epoch 23, val_loss 0.0234, val_mae 0.1708, val_rmse 0.2105, val_r2 0.3948, val_pearson 0.6338, lr 1.00e-03 ---
2026-10-01 14:55:31,959 - INFO - 
****************************************************************************************************
2026-10-01 14:55:34,426 - INFO - --- training epoch 24, loss 0.0290, mae 0.1945, rmse 0.2409, time elapsed(min) 0.03---
2026-10-01 14:55:34,688 - INFO - --- validation at epoch 24, val_loss 0.0232, val_mae 0.1740, val_rmse 0.2126, val_r2 0.3829, val_pearson 0.6307, lr 1.00e-03 ---
2026-10-01 14:55:34,689 - INFO - 
****************************************************************************************************
2026-10-01 14:55:37,001 - INFO - --- training epoch 25, loss 0.0265, mae 0.1841, rmse 0.2302, time elapsed(min) 0.03---
2026-10-01 14:55:37,257 - INFO - --- validation at epoch 25, val_loss 0.0228, val_mae 0.1672, val_rmse 0.2078, val_r2 0.4100, val_pearson 0.6450, lr 1.00e-03 ---
2026-10-01 14:55:37,257 - INFO - 
****************************************************************************************************
2026-10-01 14:55:39,670 - INFO - --- training epoch 26, loss 0.0256, mae 0.1807, rmse 0.2262, time elapsed(min) 0.03---
2026-10-01 14:55:40,145 - INFO - --- validation at epoch 26, val_loss 0.0248, val_mae 0.1787, val_rmse 0.2159, val_r2 0.3636, val_pearson 0.6449, lr 1.00e-03 ---
2026-10-01 14:55:40,145 - INFO - 
****************************************************************************************************
2026-10-01 14:55:42,708 - INFO - --- training epoch 27, loss 0.0261, mae 0.1829, rmse 0.2286, time elapsed(min) 0.04---
2026-10-01 14:55:42,959 - INFO - --- validation at epoch 27, val_loss 0.0222, val_mae 0.1665, val_rmse 0.2065, val_r2 0.4176, val_pearson 0.6577, lr 1.00e-03 ---
2026-10-01 14:55:42,959 - INFO - 
****************************************************************************************************
2026-10-01 14:55:45,407 - INFO - --- training epoch 28, loss 0.0252, mae 0.1796, rmse 0.2246, time elapsed(min) 0.03---
2026-10-01 14:55:45,661 - INFO - --- validation at epoch 28, val_loss 0.0232, val_mae 0.1710, val_rmse 0.2098, val_r2 0.3991, val_pearson 0.6518, lr 1.00e-03 ---
2026-10-01 14:55:45,661 - INFO - 
****************************************************************************************************
2026-10-01 14:55:47,984 - INFO - --- training epoch 29, loss 0.0250, mae 0.1785, rmse 0.2236, time elapsed(min) 0.03---
2026-10-01 14:55:48,410 - INFO - --- validation at epoch 29, val_loss 0.0224, val_mae 0.1606, val_rmse 0.2023, val_r2 0.4410, val_pearson 0.6661, lr 1.00e-03 ---
2026-10-01 14:55:48,410 - INFO - 
****************************************************************************************************
2026-10-01 14:55:50,927 - INFO - --- training epoch 30, loss 0.0255, mae 0.1799, rmse 0.2259, time elapsed(min) 0.04---
2026-10-01 14:55:51,185 - INFO - --- validation at epoch 30, val_loss 0.0223, val_mae 0.1632, val_rmse 0.2028, val_r2 0.4385, val_pearson 0.6726, lr 1.00e-03 ---
2026-10-01 14:55:51,185 - INFO - 
****************************************************************************************************
2026-10-01 14:55:53,454 - INFO - --- training epoch 31, loss 0.0249, mae 0.1773, rmse 0.2229, time elapsed(min) 0.03---
2026-10-01 14:55:53,716 - INFO - --- validation at epoch 31, val_loss 0.0222, val_mae 0.1623, val_rmse 0.2033, val_r2 0.4354, val_pearson 0.6686, lr 1.00e-03 ---
2026-10-01 14:55:53,716 - INFO - 
****************************************************************************************************
2026-10-01 14:55:56,168 - INFO - --- training epoch 32, loss 0.0262, mae 0.1829, rmse 0.2287, time elapsed(min) 0.03---
2026-10-01 14:55:56,423 - INFO - --- validation at epoch 32, val_loss 0.0225, val_mae 0.1643, val_rmse 0.2046, val_r2 0.4282, val_pearson 0.6614, lr 1.00e-03 ---
2026-10-01 14:55:56,423 - INFO - 
****************************************************************************************************
2026-10-01 14:55:58,838 - INFO - --- training epoch 33, loss 0.0252, mae 0.1784, rmse 0.2243, time elapsed(min) 0.03---
2026-10-01 14:55:59,305 - INFO - --- validation at epoch 33, val_loss 0.0235, val_mae 0.1706, val_rmse 0.2086, val_r2 0.4060, val_pearson 0.6709, lr 1.00e-03 ---
2026-10-01 14:55:59,305 - INFO - 
****************************************************************************************************
2026-10-01 14:56:01,696 - INFO - --- training epoch 34, loss 0.0243, mae 0.1753, rmse 0.2206, time elapsed(min) 0.03---
2026-10-01 14:56:01,949 - INFO - --- validation at epoch 34, val_loss 0.0226, val_mae 0.1655, val_rmse 0.2045, val_r2 0.4290, val_pearson 0.6739, lr 1.00e-03 ---
2026-10-01 14:56:01,950 - INFO - 
****************************************************************************************************
2026-10-01 14:56:04,183 - INFO - --- training epoch 35, loss 0.0241, mae 0.1747, rmse 0.2194, time elapsed(min) 0.03---
2026-10-01 14:56:04,437 - INFO - --- validation at epoch 35, val_loss 0.0224, val_mae 0.1638, val_rmse 0.2048, val_r2 0.4270, val_pearson 0.6693, lr 1.00e-03 ---
2026-10-01 14:56:04,437 - INFO - 
****************************************************************************************************
2026-10-01 14:56:06,796 - INFO - --- training epoch 36, loss 0.0241, mae 0.1750, rmse 0.2196, time elapsed(min) 0.03---
2026-10-01 14:56:07,223 - INFO - --- validation at epoch 36, val_loss 0.0229, val_mae 0.1659, val_rmse 0.2065, val_r2 0.4174, val_pearson 0.6652, lr 1.00e-03 ---
2026-10-01 14:56:07,223 - INFO - 
****************************************************************************************************
2026-10-01 14:56:09,735 - INFO - --- training epoch 37, loss 0.0246, mae 0.1767, rmse 0.2220, time elapsed(min) 0.04---
2026-10-01 14:56:09,989 - INFO - --- validation at epoch 37, val_loss 0.0217, val_mae 0.1622, val_rmse 0.2017, val_r2 0.4446, val_pearson 0.6778, lr 1.00e-03 ---
2026-10-01 14:56:09,989 - INFO - 
****************************************************************************************************
2026-10-01 14:56:12,313 - INFO - --- training epoch 38, loss 0.0237, mae 0.1738, rmse 0.2179, time elapsed(min) 0.03---
2026-10-01 14:56:12,570 - INFO - --- validation at epoch 38, val_loss 0.0217, val_mae 0.1596, val_rmse 0.2002, val_r2 0.4527, val_pearson 0.6782, lr 1.00e-03 ---
2026-10-01 14:56:12,570 - INFO - 
****************************************************************************************************
2026-10-01 14:56:14,841 - INFO - --- training epoch 39, loss 0.0240, mae 0.1748, rmse 0.2191, time elapsed(min) 0.03---
2026-10-01 14:56:15,259 - INFO - --- validation at epoch 39, val_loss 0.0217, val_mae 0.1606, val_rmse 0.2006, val_r2 0.4503, val_pearson 0.6778, lr 1.00e-03 ---
2026-10-01 14:56:15,259 - INFO - 
****************************************************************************************************
2026-10-01 14:56:17,660 - INFO - --- training epoch 40, loss 0.0240, mae 0.1742, rmse 0.2190, time elapsed(min) 0.03---
2026-10-01 14:56:18,243 - INFO - --- validation at epoch 40, val_loss 0.0233, val_mae 0.1691, val_rmse 0.2088, val_r2 0.4046, val_pearson 0.6676, lr 1.00e-03 ---
2026-10-01 14:56:18,243 - INFO - 
****************************************************************************************************
2026-10-01 14:56:20,570 - INFO - --- training epoch 41, loss 0.0240, mae 0.1743, rmse 0.2191, time elapsed(min) 0.03---
2026-10-01 14:56:20,822 - INFO - --- validation at epoch 41, val_loss 0.0221, val_mae 0.1597, val_rmse 0.2009, val_r2 0.4490, val_pearson 0.6737, lr 1.00e-03 ---
2026-10-01 14:56:20,822 - INFO - 
****************************************************************************************************
2026-10-01 14:56:23,099 - INFO - --- training epoch 42, loss 0.0237, mae 0.1739, rmse 0.2177, time elapsed(min) 0.03---
2026-10-01 14:56:23,357 - INFO - --- validation at epoch 42, val_loss 0.0219, val_mae 0.1594, val_rmse 0.2000, val_r2 0.4538, val_pearson 0.6792, lr 1.00e-03 ---
2026-10-01 14:56:23,358 - INFO - 
****************************************************************************************************
2026-10-01 14:56:25,694 - INFO - --- training epoch 43, loss 0.0244, mae 0.1769, rmse 0.2211, time elapsed(min) 0.03---
2026-10-01 14:56:26,138 - INFO - --- validation at epoch 43, val_loss 0.0221, val_mae 0.1589, val_rmse 0.2002, val_r2 0.4526, val_pearson 0.6755, lr 1.00e-03 ---
2026-10-01 14:56:26,138 - INFO - 
****************************************************************************************************
2026-10-01 14:56:28,587 - INFO - --- training epoch 44, loss 0.0238, mae 0.1741, rmse 0.2181, time elapsed(min) 0.03---
2026-10-01 14:56:28,844 - INFO - --- validation at epoch 44, val_loss 0.0220, val_mae 0.1645, val_rmse 0.2041, val_r2 0.4310, val_pearson 0.6775, lr 1.00e-03 ---
2026-10-01 14:56:28,844 - INFO - 
****************************************************************************************************
2026-10-01 14:56:31,121 - INFO - --- training epoch 45, loss 0.0233, mae 0.1728, rmse 0.2161, time elapsed(min) 0.03---
2026-10-01 14:56:31,374 - INFO - --- validation at epoch 45, val_loss 0.0225, val_mae 0.1637, val_rmse 0.2040, val_r2 0.4316, val_pearson 0.6755, lr 1.00e-03 ---
2026-10-01 14:56:31,374 - INFO - 
****************************************************************************************************
2026-10-01 14:56:33,658 - INFO - --- training epoch 46, loss 0.0426, mae 0.2301, rmse 0.2920, time elapsed(min) 0.03---
2026-10-01 14:56:34,110 - INFO - --- validation at epoch 46, val_loss 0.0347, val_mae 0.2003, val_rmse 0.2543, val_r2 0.1170, val_pearson 0.5226, lr 1.00e-03 ---
2026-10-01 14:56:34,110 - INFO - 
****************************************************************************************************
2026-10-01 14:56:36,591 - INFO - --- training epoch 47, loss 0.0314, mae 0.2015, rmse 0.2506, time elapsed(min) 0.03---
2026-10-01 14:56:36,843 - INFO - --- validation at epoch 47, val_loss 0.0277, val_mae 0.1833, val_rmse 0.2287, val_r2 0.2856, val_pearson 0.5849, lr 1.00e-03 ---
2026-10-01 14:56:36,843 - INFO - 
****************************************************************************************************
2026-10-01 14:56:39,115 - INFO - --- training epoch 48, loss 0.0269, mae 0.1829, rmse 0.2321, time elapsed(min) 0.03---
2026-10-01 14:56:39,374 - INFO - --- validation at epoch 48, val_loss 0.0237, val_mae 0.1699, val_rmse 0.2117, val_r2 0.3881, val_pearson 0.6355, lr 1.00e-03 ---
2026-10-01 14:56:39,374 - INFO - 
****************************************************************************************************
2026-10-01 14:56:39,751 - INFO - --- early stopping at epoch 48: val_loss did not improve for 10 epochs ---
2026-10-01 14:56:40,050 - INFO - --- selected checkpoint from epoch 38, val_loss 0.0217, val_mae 0.1596, val_rmse 0.2002
2026-10-01 14:56:41,130 - INFO - -- RESULT
2026-10-01 14:56:41,130 - INFO - --- test size: 1728
2026-10-01 14:56:41,130 - INFO - --- MAE: 0.1683 (16.83 pp), RMSE: 0.2110 (21.10 pp), R2: 0.4372, Pearson: 0.6630
