2026-10-01 12:29:51,495 - INFO - device is	cuda:0
2026-10-01 12:29:51,574 - INFO - -- CONFIGURATIONS
2026-10-01 12:29:51,574 - INFO - --- train/valid/test: 2491/277/1187
2026-10-01 12:29:51,574 - INFO - --- max no. reactants_train, valid, test respectively: 6, 6, 6
2026-10-01 12:29:51,574 - INFO - --- max no. products_train, valid, test respectively: 1, 1, 1
2026-10-01 12:29:51,574 - INFO - --- model_path: ../logs/approach1_server/option_b_mlp/bh/runs/fullcv06_split70/model.pt
2026-10-01 12:29:51,584 - INFO - -- TRAINING
2026-10-01 12:29:52,103 - INFO - --- training epoch 0, loss 24.8657, mae 25.3621, rmse 31.8278, time elapsed(min) 0.01---
2026-10-01 12:29:52,255 - INFO - --- validation at epoch 0, val_loss 24.3855, val_mae 22.7165, val_rmse 28.6132, val_r2 -0.1595, val_pearson -0.3192, lr 1.00e-03 ---
2026-10-01 12:29:52,255 - INFO - 
****************************************************************************************************
2026-10-01 12:29:53,284 - INFO - --- training epoch 1, loss 22.9819, mae 23.4791, rmse 28.2562, time elapsed(min) 0.01---
2026-10-01 12:29:53,432 - INFO - --- validation at epoch 1, val_loss 23.6982, val_mae 22.2180, val_rmse 26.9023, val_r2 -0.0249, val_pearson -0.3215, lr 1.00e-03 ---
2026-10-01 12:29:53,432 - INFO - 
****************************************************************************************************
2026-10-01 12:29:54,454 - INFO - --- training epoch 2, loss 22.7399, mae 23.2370, rmse 27.8017, time elapsed(min) 0.01---
2026-10-01 12:29:54,599 - INFO - --- validation at epoch 2, val_loss 23.7332, val_mae 22.5722, val_rmse 26.5509, val_r2 0.0017, val_pearson 0.1007, lr 1.00e-03 ---
2026-10-01 12:29:54,599 - INFO - 
****************************************************************************************************
2026-10-01 12:29:55,558 - INFO - --- training epoch 3, loss 22.3574, mae 22.8538, rmse 27.7477, time elapsed(min) 0.01---
2026-10-01 12:29:55,712 - INFO - --- validation at epoch 3, val_loss 23.6025, val_mae 22.4565, val_rmse 26.8901, val_r2 -0.0240, val_pearson 0.1509, lr 1.00e-03 ---
2026-10-01 12:29:55,713 - INFO - 
****************************************************************************************************
2026-10-01 12:29:56,856 - INFO - --- training epoch 4, loss 22.3047, mae 22.8005, rmse 27.4056, time elapsed(min) 0.01---
2026-10-01 12:29:57,006 - INFO - --- validation at epoch 4, val_loss 23.5550, val_mae 22.2467, val_rmse 27.0965, val_r2 -0.0398, val_pearson 0.1606, lr 1.00e-03 ---
2026-10-01 12:29:57,006 - INFO - 
****************************************************************************************************
2026-10-01 12:29:57,884 - INFO - --- training epoch 5, loss 21.8663, mae 22.3627, rmse 27.1102, time elapsed(min) 0.01---
2026-10-01 12:29:58,025 - INFO - --- validation at epoch 5, val_loss 23.5921, val_mae 22.6541, val_rmse 26.7377, val_r2 -0.0124, val_pearson 0.1596, lr 1.00e-03 ---
2026-10-01 12:29:58,025 - INFO - 
****************************************************************************************************
2026-10-01 12:29:58,922 - INFO - --- training epoch 6, loss 21.8002, mae 22.2929, rmse 27.2677, time elapsed(min) 0.01---
2026-10-01 12:29:59,076 - INFO - --- validation at epoch 6, val_loss 23.5399, val_mae 22.6813, val_rmse 26.7604, val_r2 -0.0142, val_pearson 0.1740, lr 1.00e-03 ---
2026-10-01 12:29:59,076 - INFO - 
****************************************************************************************************
2026-10-01 12:30:00,112 - INFO - --- training epoch 7, loss 21.5696, mae 22.0656, rmse 26.7251, time elapsed(min) 0.01---
2026-10-01 12:30:00,265 - INFO - --- validation at epoch 7, val_loss 23.2332, val_mae 22.6879, val_rmse 26.3586, val_r2 0.0161, val_pearson 0.2346, lr 1.00e-03 ---
2026-10-01 12:30:00,265 - INFO - 
****************************************************************************************************
2026-10-01 12:30:01,330 - INFO - --- training epoch 8, loss 22.1235, mae 22.6199, rmse 27.3559, time elapsed(min) 0.01---
2026-10-01 12:30:01,478 - INFO - --- validation at epoch 8, val_loss 23.0129, val_mae 22.5843, val_rmse 26.2631, val_r2 0.0232, val_pearson 0.2760, lr 1.00e-03 ---
2026-10-01 12:30:01,479 - INFO - 
****************************************************************************************************
2026-10-01 12:30:02,563 - INFO - --- training epoch 9, loss 22.2137, mae 22.7088, rmse 27.2349, time elapsed(min) 0.01---
2026-10-01 12:30:02,978 - INFO - --- validation at epoch 9, val_loss 22.9411, val_mae 21.5708, val_rmse 26.4367, val_r2 0.0102, val_pearson 0.2675, lr 1.00e-03 ---
2026-10-01 12:30:02,978 - INFO - 
****************************************************************************************************
2026-10-01 12:30:03,890 - INFO - --- training epoch 10, loss 21.5342, mae 22.0303, rmse 26.2514, time elapsed(min) 0.01---
2026-10-01 12:30:04,038 - INFO - --- validation at epoch 10, val_loss 22.0859, val_mae 21.0913, val_rmse 24.9989, val_r2 0.1150, val_pearson 0.3498, lr 1.00e-03 ---
2026-10-01 12:30:04,038 - INFO - 
****************************************************************************************************
2026-10-01 12:30:04,923 - INFO - --- training epoch 11, loss 20.7216, mae 21.2179, rmse 25.4903, time elapsed(min) 0.01---
2026-10-01 12:30:05,070 - INFO - --- validation at epoch 11, val_loss 24.4617, val_mae 24.6240, val_rmse 29.2660, val_r2 -0.2130, val_pearson 0.4052, lr 1.00e-03 ---
2026-10-01 12:30:05,070 - INFO - 
****************************************************************************************************
2026-10-01 12:30:06,006 - INFO - --- training epoch 12, loss 21.2879, mae 21.7835, rmse 26.5140, time elapsed(min) 0.01---
2026-10-01 12:30:06,149 - INFO - --- validation at epoch 12, val_loss 22.3922, val_mae 22.0474, val_rmse 25.8230, val_r2 0.0556, val_pearson 0.4129, lr 1.00e-03 ---
2026-10-01 12:30:06,149 - INFO - 
****************************************************************************************************
2026-10-01 12:30:07,094 - INFO - --- training epoch 13, loss 20.5496, mae 21.0446, rmse 25.8838, time elapsed(min) 0.01---
2026-10-01 12:30:07,249 - INFO - --- validation at epoch 13, val_loss 22.5196, val_mae 21.9752, val_rmse 26.4675, val_r2 0.0079, val_pearson 0.4517, lr 1.00e-03 ---
2026-10-01 12:30:07,250 - INFO - 
****************************************************************************************************
2026-10-01 12:30:08,206 - INFO - --- training epoch 14, loss 20.1855, mae 20.6806, rmse 25.3117, time elapsed(min) 0.01---
2026-10-01 12:30:08,344 - INFO - --- validation at epoch 14, val_loss 22.2510, val_mae 21.5924, val_rmse 26.2538, val_r2 0.0239, val_pearson 0.4623, lr 1.00e-03 ---
2026-10-01 12:30:08,344 - INFO - 
****************************************************************************************************
2026-10-01 12:30:09,273 - INFO - --- training epoch 15, loss 20.2300, mae 20.7267, rmse 25.5675, time elapsed(min) 0.01---
2026-10-01 12:30:09,410 - INFO - --- validation at epoch 15, val_loss 23.8195, val_mae 23.8209, val_rmse 27.8505, val_r2 -0.0985, val_pearson 0.3645, lr 1.00e-03 ---
2026-10-01 12:30:09,410 - INFO - 
****************************************************************************************************
2026-10-01 12:30:10,215 - INFO - --- training epoch 16, loss 21.0876, mae 21.5834, rmse 26.3798, time elapsed(min) 0.01---
2026-10-01 12:30:10,359 - INFO - --- validation at epoch 16, val_loss 21.9061, val_mae 21.1470, val_rmse 25.2894, val_r2 0.0943, val_pearson 0.4314, lr 1.00e-03 ---
2026-10-01 12:30:10,359 - INFO - 
****************************************************************************************************
2026-10-01 12:30:11,379 - INFO - --- training epoch 17, loss 20.4207, mae 20.9163, rmse 25.2050, time elapsed(min) 0.01---
2026-10-01 12:30:11,534 - INFO - --- validation at epoch 17, val_loss 23.1771, val_mae 22.4542, val_rmse 26.8215, val_r2 -0.0188, val_pearson 0.4614, lr 1.00e-03 ---
2026-10-01 12:30:11,534 - INFO - 
****************************************************************************************************
2026-10-01 12:30:12,495 - INFO - --- training epoch 18, loss 20.2914, mae 20.7872, rmse 25.6100, time elapsed(min) 0.01---
2026-10-01 12:30:12,651 - INFO - --- validation at epoch 18, val_loss 22.5053, val_mae 21.6704, val_rmse 26.1319, val_r2 0.0329, val_pearson 0.4718, lr 1.00e-03 ---
2026-10-01 12:30:12,651 - INFO - 
****************************************************************************************************
2026-10-01 12:30:13,616 - INFO - --- training epoch 19, loss 19.8488, mae 20.3440, rmse 25.3457, time elapsed(min) 0.01---
2026-10-01 12:30:13,768 - INFO - --- validation at epoch 19, val_loss 22.0769, val_mae 21.2480, val_rmse 25.3899, val_r2 0.0871, val_pearson 0.4585, lr 1.00e-03 ---
2026-10-01 12:30:13,768 - INFO - 
****************************************************************************************************
2026-10-01 12:30:14,851 - INFO - --- training epoch 20, loss 19.8141, mae 20.3088, rmse 25.1150, time elapsed(min) 0.01---
2026-10-01 12:30:15,004 - INFO - --- validation at epoch 20, val_loss 21.3851, val_mae 20.3611, val_rmse 24.7692, val_r2 0.1312, val_pearson 0.4725, lr 1.00e-03 ---
2026-10-01 12:30:15,004 - INFO - 
****************************************************************************************************
2026-10-01 12:30:15,897 - INFO - --- training epoch 21, loss 20.0505, mae 20.5454, rmse 25.6864, time elapsed(min) 0.01---
2026-10-01 12:30:16,045 - INFO - --- validation at epoch 21, val_loss 20.7173, val_mae 19.8226, val_rmse 24.5863, val_r2 0.1439, val_pearson 0.4448, lr 1.00e-03 ---
2026-10-01 12:30:16,046 - INFO - 
****************************************************************************************************
2026-10-01 12:30:17,063 - INFO - --- training epoch 22, loss 19.7269, mae 20.2227, rmse 24.6772, time elapsed(min) 0.01---
2026-10-01 12:30:17,211 - INFO - --- validation at epoch 22, val_loss 20.1317, val_mae 19.2564, val_rmse 23.3972, val_r2 0.2247, val_pearson 0.4940, lr 1.00e-03 ---
2026-10-01 12:30:17,211 - INFO - 
****************************************************************************************************
2026-10-01 12:30:18,249 - INFO - --- training epoch 23, loss 19.4463, mae 19.9401, rmse 24.8273, time elapsed(min) 0.01---
2026-10-01 12:30:18,392 - INFO - --- validation at epoch 23, val_loss 20.5900, val_mae 19.1322, val_rmse 23.6716, val_r2 0.2064, val_pearson 0.5108, lr 1.00e-03 ---
2026-10-01 12:30:18,392 - INFO - 
****************************************************************************************************
2026-10-01 12:30:19,335 - INFO - --- training epoch 24, loss 20.0841, mae 20.5786, rmse 25.7854, time elapsed(min) 0.01---
2026-10-01 12:30:19,489 - INFO - --- validation at epoch 24, val_loss 20.9036, val_mae 19.6774, val_rmse 23.7837, val_r2 0.1989, val_pearson 0.4532, lr 1.00e-03 ---
2026-10-01 12:30:19,489 - INFO - 
****************************************************************************************************
2026-10-01 12:30:20,565 - INFO - --- training epoch 25, loss 21.0609, mae 21.5569, rmse 26.6063, time elapsed(min) 0.01---
2026-10-01 12:30:20,710 - INFO - --- validation at epoch 25, val_loss 22.8594, val_mae 22.2381, val_rmse 25.7638, val_r2 0.0600, val_pearson 0.3041, lr 1.00e-03 ---
2026-10-01 12:30:20,710 - INFO - 
****************************************************************************************************
2026-10-01 12:30:21,505 - INFO - --- training epoch 26, loss 22.7191, mae 23.2170, rmse 27.8553, time elapsed(min) 0.01---
2026-10-01 12:30:21,646 - INFO - --- validation at epoch 26, val_loss 22.5113, val_mae 21.1532, val_rmse 25.0642, val_r2 0.1103, val_pearson 0.3674, lr 1.00e-03 ---
2026-10-01 12:30:21,646 - INFO - 
****************************************************************************************************
2026-10-01 12:30:22,566 - INFO - --- training epoch 27, loss 20.9782, mae 21.4740, rmse 25.4814, time elapsed(min) 0.01---
2026-10-01 12:30:22,705 - INFO - --- validation at epoch 27, val_loss 22.3675, val_mae 21.9439, val_rmse 25.5803, val_r2 0.0733, val_pearson 0.3904, lr 1.00e-03 ---
2026-10-01 12:30:22,705 - INFO - 
****************************************************************************************************
2026-10-01 12:30:23,646 - INFO - --- training epoch 28, loss 20.8601, mae 21.3557, rmse 25.7407, time elapsed(min) 0.01---
2026-10-01 12:30:23,803 - INFO - --- validation at epoch 28, val_loss 21.2860, val_mae 20.5069, val_rmse 24.1704, val_r2 0.1727, val_pearson 0.4276, lr 1.00e-03 ---
2026-10-01 12:30:23,803 - INFO - 
****************************************************************************************************
2026-10-01 12:30:24,796 - INFO - --- training epoch 29, loss 20.1778, mae 20.6723, rmse 24.9448, time elapsed(min) 0.01---
2026-10-01 12:30:24,945 - INFO - --- validation at epoch 29, val_loss 20.8446, val_mae 20.4610, val_rmse 24.3651, val_r2 0.1593, val_pearson 0.4816, lr 1.00e-03 ---
2026-10-01 12:30:24,945 - INFO - 
****************************************************************************************************
2026-10-01 12:30:25,930 - INFO - --- training epoch 30, loss 20.9930, mae 21.4897, rmse 25.8339, time elapsed(min) 0.01---
2026-10-01 12:30:26,239 - INFO - --- validation at epoch 30, val_loss 20.3924, val_mae 19.9511, val_rmse 23.1358, val_r2 0.2420, val_pearson 0.4949, lr 1.00e-03 ---
2026-10-01 12:30:26,239 - INFO - 
****************************************************************************************************
2026-10-01 12:30:27,139 - INFO - --- training epoch 31, loss 19.9419, mae 20.4386, rmse 24.6170, time elapsed(min) 0.01---
2026-10-01 12:30:27,295 - INFO - --- validation at epoch 31, val_loss 20.2629, val_mae 20.3649, val_rmse 24.0965, val_r2 0.1777, val_pearson 0.5137, lr 1.00e-03 ---
2026-10-01 12:30:27,295 - INFO - 
****************************************************************************************************
2026-10-01 12:30:28,089 - INFO - --- training epoch 32, loss 20.0043, mae 20.4982, rmse 25.3918, time elapsed(min) 0.01---
2026-10-01 12:30:28,241 - INFO - --- validation at epoch 32, val_loss 19.6711, val_mae 19.5404, val_rmse 23.8998, val_r2 0.1911, val_pearson 0.4828, lr 1.00e-03 ---
2026-10-01 12:30:28,241 - INFO - 
****************************************************************************************************
2026-10-01 12:30:29,290 - INFO - --- training epoch 33, loss 19.5931, mae 20.0885, rmse 24.6351, time elapsed(min) 0.01---
2026-10-01 12:30:29,438 - INFO - --- validation at epoch 33, val_loss 19.3186, val_mae 19.4028, val_rmse 23.4007, val_r2 0.2245, val_pearson 0.5086, lr 1.00e-03 ---
2026-10-01 12:30:29,438 - INFO - 
****************************************************************************************************
2026-10-01 12:30:30,496 - INFO - --- training epoch 34, loss 19.3885, mae 19.8845, rmse 24.6027, time elapsed(min) 0.01---
2026-10-01 12:30:30,650 - INFO - --- validation at epoch 34, val_loss 19.5263, val_mae 19.6558, val_rmse 23.6548, val_r2 0.2076, val_pearson 0.5106, lr 1.00e-03 ---
2026-10-01 12:30:30,650 - INFO - 
****************************************************************************************************
2026-10-01 12:30:31,619 - INFO - --- training epoch 35, loss 19.4300, mae 19.9261, rmse 24.6637, time elapsed(min) 0.01---
2026-10-01 12:30:31,941 - INFO - --- validation at epoch 35, val_loss 19.2795, val_mae 19.3750, val_rmse 23.4939, val_r2 0.2183, val_pearson 0.5020, lr 1.00e-03 ---
2026-10-01 12:30:31,941 - INFO - 
****************************************************************************************************
2026-10-01 12:30:32,956 - INFO - --- training epoch 36, loss 19.2332, mae 19.7289, rmse 24.6844, time elapsed(min) 0.01---
2026-10-01 12:30:33,107 - INFO - --- validation at epoch 36, val_loss 19.3283, val_mae 19.4328, val_rmse 23.6492, val_r2 0.2079, val_pearson 0.4983, lr 1.00e-03 ---
2026-10-01 12:30:33,107 - INFO - 
****************************************************************************************************
2026-10-01 12:30:33,903 - INFO - --- training epoch 37, loss 19.1996, mae 19.6943, rmse 24.6295, time elapsed(min) 0.01---
2026-10-01 12:30:34,045 - INFO - --- validation at epoch 37, val_loss 19.2092, val_mae 19.3146, val_rmse 23.3194, val_r2 0.2299, val_pearson 0.5072, lr 1.00e-03 ---
2026-10-01 12:30:34,045 - INFO - 
****************************************************************************************************
2026-10-01 12:30:35,060 - INFO - --- training epoch 38, loss 19.0219, mae 19.5172, rmse 24.4731, time elapsed(min) 0.01---
2026-10-01 12:30:35,205 - INFO - --- validation at epoch 38, val_loss 19.7934, val_mae 19.7916, val_rmse 23.6870, val_r2 0.2054, val_pearson 0.4964, lr 1.00e-03 ---
2026-10-01 12:30:35,205 - INFO - 
****************************************************************************************************
2026-10-01 12:30:36,253 - INFO - --- training epoch 39, loss 19.2890, mae 19.7845, rmse 24.8004, time elapsed(min) 0.01---
2026-10-01 12:30:36,416 - INFO - --- validation at epoch 39, val_loss 19.2920, val_mae 19.2083, val_rmse 23.4260, val_r2 0.2228, val_pearson 0.4966, lr 1.00e-03 ---
2026-10-01 12:30:36,416 - INFO - 
****************************************************************************************************
2026-10-01 12:30:37,389 - INFO - --- training epoch 40, loss 18.9744, mae 19.4691, rmse 24.5540, time elapsed(min) 0.01---
2026-10-01 12:30:37,542 - INFO - --- validation at epoch 40, val_loss 19.6424, val_mae 19.5978, val_rmse 23.7815, val_r2 0.1991, val_pearson 0.4837, lr 1.00e-03 ---
2026-10-01 12:30:37,542 - INFO - 
****************************************************************************************************
2026-10-01 12:30:38,645 - INFO - --- training epoch 41, loss 18.9127, mae 19.4080, rmse 24.4379, time elapsed(min) 0.01---
2026-10-01 12:30:38,801 - INFO - --- validation at epoch 41, val_loss 19.7280, val_mae 19.7611, val_rmse 23.8592, val_r2 0.1938, val_pearson 0.5036, lr 1.00e-03 ---
2026-10-01 12:30:38,801 - INFO - 
****************************************************************************************************
2026-10-01 12:30:39,608 - INFO - --- training epoch 42, loss 19.1096, mae 19.6043, rmse 24.6211, time elapsed(min) 0.01---
2026-10-01 12:30:39,753 - INFO - --- validation at epoch 42, val_loss 19.4920, val_mae 19.4092, val_rmse 23.6282, val_r2 0.2094, val_pearson 0.4844, lr 1.00e-03 ---
2026-10-01 12:30:39,753 - INFO - 
****************************************************************************************************
2026-10-01 12:30:40,551 - INFO - --- training epoch 43, loss 18.9508, mae 19.4455, rmse 24.4475, time elapsed(min) 0.01---
2026-10-01 12:30:40,704 - INFO - --- validation at epoch 43, val_loss 19.5769, val_mae 19.5110, val_rmse 23.7061, val_r2 0.2041, val_pearson 0.4978, lr 1.00e-03 ---
2026-10-01 12:30:40,704 - INFO - 
****************************************************************************************************
2026-10-01 12:30:41,668 - INFO - --- training epoch 44, loss 18.9813, mae 19.4758, rmse 24.5064, time elapsed(min) 0.01---
2026-10-01 12:30:41,823 - INFO - --- validation at epoch 44, val_loss 19.5317, val_mae 19.4769, val_rmse 23.7895, val_r2 0.1985, val_pearson 0.4927, lr 1.00e-03 ---
2026-10-01 12:30:41,823 - INFO - 
****************************************************************************************************
2026-10-01 12:30:42,785 - INFO - --- training epoch 45, loss 19.0068, mae 19.5003, rmse 24.5592, time elapsed(min) 0.01---
2026-10-01 12:30:42,944 - INFO - --- validation at epoch 45, val_loss 19.5500, val_mae 19.3085, val_rmse 23.8189, val_r2 0.1965, val_pearson 0.4785, lr 1.00e-03 ---
2026-10-01 12:30:42,944 - INFO - 
****************************************************************************************************
2026-10-01 12:30:44,034 - INFO - --- training epoch 46, loss 18.9040, mae 19.3982, rmse 24.5069, time elapsed(min) 0.01---
2026-10-01 12:30:44,179 - INFO - --- validation at epoch 46, val_loss 20.0350, val_mae 19.9876, val_rmse 24.1886, val_r2 0.1714, val_pearson 0.5010, lr 1.00e-03 ---
2026-10-01 12:30:44,180 - INFO - 
****************************************************************************************************
2026-10-01 12:30:44,986 - INFO - --- training epoch 47, loss 19.0790, mae 19.5740, rmse 24.5744, time elapsed(min) 0.01---
2026-10-01 12:30:45,136 - INFO - --- validation at epoch 47, val_loss 19.9308, val_mae 19.7360, val_rmse 24.1700, val_r2 0.1727, val_pearson 0.4721, lr 1.00e-03 ---
2026-10-01 12:30:45,136 - INFO - 
****************************************************************************************************
2026-10-01 12:30:45,417 - INFO - --- early stopping at epoch 47: val_loss did not improve for 10 epochs ---
2026-10-01 12:30:45,598 - INFO - --- selected checkpoint from epoch 37, val_loss 19.2092, val_mae 19.3146, val_rmse 23.3194
2026-10-01 12:30:45,949 - INFO - -- RESULT
2026-10-01 12:30:45,949 - INFO - --- test size: 1187
2026-10-01 12:30:45,949 - INFO - --- MAE: 19.6549 pp, RMSE: 24.2692 pp, R2: 0.1984, Pearson: 0.4749
2026-10-01 12:30:45,950 - INFO - --- fullcv06_split70: MAE 19.654872936296268, RMSE 24.269248818699612, R2 0.19841274386234786
2026-10-01 12:30:45,960 - INFO - --- training fullcv07_split70 (npz/bh/fullcv07_split70)
