2026-10-01 12:27:48,266 - INFO - device is	cuda:0
2026-10-01 12:27:48,340 - INFO - -- CONFIGURATIONS
2026-10-01 12:27:48,340 - INFO - --- train/valid/test: 2491/277/1187
2026-10-01 12:27:48,340 - INFO - --- max no. reactants_train, valid, test respectively: 6, 6, 6
2026-10-01 12:27:48,340 - INFO - --- max no. products_train, valid, test respectively: 1, 1, 1
2026-10-01 12:27:48,340 - INFO - --- model_path: ../logs/approach1_server/option_b_mlp/bh/runs/fullcv03_split70/model.pt
2026-10-01 12:27:48,349 - INFO - -- TRAINING
2026-10-01 12:27:49,019 - INFO - --- training epoch 0, loss 24.1500, mae 24.6454, rmse 30.6735, time elapsed(min) 0.01---
2026-10-01 12:27:49,166 - INFO - --- validation at epoch 0, val_loss 22.4879, val_mae 23.6464, val_rmse 28.1945, val_r2 -0.0793, val_pearson -0.3748, lr 1.00e-03 ---
2026-10-01 12:27:49,166 - INFO - 
****************************************************************************************************
2026-10-01 12:27:50,206 - INFO - --- training epoch 1, loss 23.0278, mae 23.5243, rmse 28.2923, time elapsed(min) 0.01---
2026-10-01 12:27:50,349 - INFO - --- validation at epoch 1, val_loss 22.4098, val_mae 23.5858, val_rmse 27.2913, val_r2 -0.0113, val_pearson -0.4031, lr 1.00e-03 ---
2026-10-01 12:27:50,349 - INFO - 
****************************************************************************************************
2026-10-01 12:27:51,515 - INFO - --- training epoch 2, loss 22.6691, mae 23.1663, rmse 28.0702, time elapsed(min) 0.01---
2026-10-01 12:27:51,662 - INFO - --- validation at epoch 2, val_loss 22.7399, val_mae 23.5469, val_rmse 28.3995, val_r2 -0.0951, val_pearson 0.1472, lr 1.00e-03 ---
2026-10-01 12:27:51,662 - INFO - 
****************************************************************************************************
2026-10-01 12:27:52,431 - INFO - --- training epoch 3, loss 23.0555, mae 23.5519, rmse 28.4704, time elapsed(min) 0.01---
2026-10-01 12:27:52,577 - INFO - --- validation at epoch 3, val_loss 21.9648, val_mae 23.4111, val_rmse 28.3086, val_r2 -0.0881, val_pearson 0.2908, lr 1.00e-03 ---
2026-10-01 12:27:52,577 - INFO - 
****************************************************************************************************
2026-10-01 12:27:53,450 - INFO - --- training epoch 4, loss 22.9873, mae 23.4838, rmse 28.1485, time elapsed(min) 0.01---
2026-10-01 12:27:53,603 - INFO - --- validation at epoch 4, val_loss 22.1092, val_mae 23.3489, val_rmse 26.8207, val_r2 0.0233, val_pearson 0.2697, lr 1.00e-03 ---
2026-10-01 12:27:53,603 - INFO - 
****************************************************************************************************
2026-10-01 12:27:54,526 - INFO - --- training epoch 5, loss 22.5941, mae 23.0909, rmse 27.2674, time elapsed(min) 0.01---
2026-10-01 12:27:54,662 - INFO - --- validation at epoch 5, val_loss 21.5950, val_mae 22.9426, val_rmse 26.6392, val_r2 0.0365, val_pearson 0.2893, lr 1.00e-03 ---
2026-10-01 12:27:54,662 - INFO - 
****************************************************************************************************
2026-10-01 12:27:55,723 - INFO - --- training epoch 6, loss 22.4746, mae 22.9709, rmse 26.8763, time elapsed(min) 0.01---
2026-10-01 12:27:55,878 - INFO - --- validation at epoch 6, val_loss 21.4081, val_mae 22.9364, val_rmse 27.0422, val_r2 0.0071, val_pearson 0.3074, lr 1.00e-03 ---
2026-10-01 12:27:55,878 - INFO - 
****************************************************************************************************
2026-10-01 12:27:56,930 - INFO - --- training epoch 7, loss 22.4053, mae 22.9030, rmse 26.7982, time elapsed(min) 0.01---
2026-10-01 12:27:57,077 - INFO - --- validation at epoch 7, val_loss 21.0735, val_mae 22.3300, val_rmse 26.2994, val_r2 0.0609, val_pearson 0.3894, lr 1.00e-03 ---
2026-10-01 12:27:57,078 - INFO - 
****************************************************************************************************
2026-10-01 12:27:58,071 - INFO - --- training epoch 8, loss 21.8561, mae 22.3525, rmse 26.1476, time elapsed(min) 0.01---
2026-10-01 12:27:58,223 - INFO - --- validation at epoch 8, val_loss 20.2887, val_mae 21.1647, val_rmse 25.5944, val_r2 0.1106, val_pearson 0.4063, lr 1.00e-03 ---
2026-10-01 12:27:58,223 - INFO - 
****************************************************************************************************
2026-10-01 12:27:59,136 - INFO - --- training epoch 9, loss 22.0175, mae 22.5138, rmse 26.5846, time elapsed(min) 0.01---
2026-10-01 12:27:59,283 - INFO - --- validation at epoch 9, val_loss 21.1216, val_mae 21.8070, val_rmse 27.2773, val_r2 -0.0102, val_pearson 0.3812, lr 1.00e-03 ---
2026-10-01 12:27:59,283 - INFO - 
****************************************************************************************************
2026-10-01 12:28:00,237 - INFO - --- training epoch 10, loss 21.8484, mae 22.3444, rmse 26.4032, time elapsed(min) 0.01---
2026-10-01 12:28:00,388 - INFO - --- validation at epoch 10, val_loss 20.5860, val_mae 21.1788, val_rmse 25.1634, val_r2 0.1403, val_pearson 0.3999, lr 1.00e-03 ---
2026-10-01 12:28:00,388 - INFO - 
****************************************************************************************************
2026-10-01 12:28:01,347 - INFO - --- training epoch 11, loss 21.8224, mae 22.3194, rmse 26.5072, time elapsed(min) 0.01---
2026-10-01 12:28:01,496 - INFO - --- validation at epoch 11, val_loss 20.8078, val_mae 21.4796, val_rmse 25.1195, val_r2 0.1433, val_pearson 0.4012, lr 1.00e-03 ---
2026-10-01 12:28:01,496 - INFO - 
****************************************************************************************************
2026-10-01 12:28:02,457 - INFO - --- training epoch 12, loss 21.8016, mae 22.2988, rmse 26.2219, time elapsed(min) 0.01---
2026-10-01 12:28:02,612 - INFO - --- validation at epoch 12, val_loss 20.4905, val_mae 21.3449, val_rmse 25.6924, val_r2 0.1038, val_pearson 0.4122, lr 1.00e-03 ---
2026-10-01 12:28:02,612 - INFO - 
****************************************************************************************************
2026-10-01 12:28:03,536 - INFO - --- training epoch 13, loss 21.7925, mae 22.2889, rmse 26.3898, time elapsed(min) 0.01---
2026-10-01 12:28:03,681 - INFO - --- validation at epoch 13, val_loss 20.7460, val_mae 21.3966, val_rmse 25.5360, val_r2 0.1146, val_pearson 0.3978, lr 1.00e-03 ---
2026-10-01 12:28:03,682 - INFO - 
****************************************************************************************************
2026-10-01 12:28:04,477 - INFO - --- training epoch 14, loss 21.6886, mae 22.1847, rmse 26.2701, time elapsed(min) 0.01---
2026-10-01 12:28:04,633 - INFO - --- validation at epoch 14, val_loss 20.5232, val_mae 21.1416, val_rmse 25.0609, val_r2 0.1473, val_pearson 0.4021, lr 1.00e-03 ---
2026-10-01 12:28:04,633 - INFO - 
****************************************************************************************************
2026-10-01 12:28:05,435 - INFO - --- training epoch 15, loss 21.7603, mae 22.2570, rmse 26.4041, time elapsed(min) 0.01---
2026-10-01 12:28:05,582 - INFO - --- validation at epoch 15, val_loss 20.8048, val_mae 21.2912, val_rmse 24.9548, val_r2 0.1545, val_pearson 0.3943, lr 1.00e-03 ---
2026-10-01 12:28:05,582 - INFO - 
****************************************************************************************************
2026-10-01 12:28:06,528 - INFO - --- training epoch 16, loss 21.6854, mae 22.1824, rmse 26.3714, time elapsed(min) 0.01---
2026-10-01 12:28:06,681 - INFO - --- validation at epoch 16, val_loss 20.7028, val_mae 21.2210, val_rmse 25.1425, val_r2 0.1417, val_pearson 0.3855, lr 1.00e-03 ---
2026-10-01 12:28:06,681 - INFO - 
****************************************************************************************************
2026-10-01 12:28:07,739 - INFO - --- training epoch 17, loss 21.6955, mae 22.1918, rmse 26.2752, time elapsed(min) 0.01---
2026-10-01 12:28:07,884 - INFO - --- validation at epoch 17, val_loss 20.8435, val_mae 21.2257, val_rmse 24.9741, val_r2 0.1532, val_pearson 0.3951, lr 1.00e-03 ---
2026-10-01 12:28:07,884 - INFO - 
****************************************************************************************************
2026-10-01 12:28:08,855 - INFO - --- training epoch 18, loss 21.6822, mae 22.1790, rmse 26.3147, time elapsed(min) 0.01---
2026-10-01 12:28:09,301 - INFO - --- validation at epoch 18, val_loss 20.6828, val_mae 21.1498, val_rmse 24.9807, val_r2 0.1527, val_pearson 0.3965, lr 1.00e-03 ---
2026-10-01 12:28:09,301 - INFO - 
****************************************************************************************************
2026-10-01 12:28:09,588 - INFO - --- early stopping at epoch 18: val_loss did not improve for 10 epochs ---
2026-10-01 12:28:09,761 - INFO - --- selected checkpoint from epoch 8, val_loss 20.2887, val_mae 21.1647, val_rmse 25.5944
2026-10-01 12:28:10,101 - INFO - -- RESULT
2026-10-01 12:28:10,101 - INFO - --- test size: 1187
2026-10-01 12:28:10,102 - INFO - --- MAE: 22.1188 pp, RMSE: 26.3975 pp, R2: 0.0501, Pearson: 0.3319
2026-10-01 12:28:10,102 - INFO - --- fullcv03_split70: MAE 22.1188128871895, RMSE 26.39753337871565, R2 0.050093073254429576
2026-10-01 12:28:10,113 - INFO - --- training fullcv04_split70 (npz/bh/fullcv04_split70)
