2026-10-01 08:59:16,000 - INFO - device is	cuda:0
2026-10-01 08:59:16,126 - INFO - -- CONFIGURATIONS
2026-10-01 08:59:16,126 - INFO - --- train/valid/test: 3628/404/1728
2026-10-01 08:59:16,126 - INFO - --- max no. reactants_train, valid, test respectively: 14, 14, 14
2026-10-01 08:59:16,126 - INFO - --- max no. products_train, valid, test respectively: 1, 1, 1
2026-10-01 08:59:16,126 - INFO - --- model_path: ../logs/approach2_grid_suzuki/e400/runs/Suzuki-Miyaura_split_4_approach_2/model.pt
2026-10-01 08:59:16,134 - INFO - -- TRAINING
2026-10-01 08:59:17,819 - INFO - --- training epoch 0, loss 0.8063, mae 1.0905, rmse 2.8073, time elapsed(min) 0.03---
2026-10-01 08:59:18,185 - INFO - --- validation at epoch 0, val_loss 0.0407, val_mae 0.2286, val_rmse 0.2754, val_r2 -0.0239, val_pearson 0.1276, lr 1.00e-03 ---
2026-10-01 08:59:18,185 - INFO - 
****************************************************************************************************
2026-10-01 08:59:20,383 - INFO - --- training epoch 1, loss 0.0414, mae 0.2466, rmse 0.2878, time elapsed(min) 0.03---
2026-10-01 08:59:20,788 - INFO - --- validation at epoch 1, val_loss 0.0398, val_mae 0.2415, val_rmse 0.2727, val_r2 -0.0038, val_pearson 0.1531, lr 1.00e-03 ---
2026-10-01 08:59:20,788 - INFO - 
****************************************************************************************************
2026-10-01 08:59:22,898 - INFO - --- training epoch 2, loss 0.0397, mae 0.2426, rmse 0.2817, time elapsed(min) 0.03---
2026-10-01 08:59:23,129 - INFO - --- validation at epoch 2, val_loss 0.0379, val_mae 0.2299, val_rmse 0.2675, val_r2 0.0344, val_pearson 0.1928, lr 1.00e-03 ---
2026-10-01 08:59:23,129 - INFO - 
****************************************************************************************************
2026-10-01 08:59:25,075 - INFO - --- training epoch 3, loss 0.0384, mae 0.2376, rmse 0.2770, time elapsed(min) 0.03---
2026-10-01 08:59:25,302 - INFO - --- validation at epoch 3, val_loss 0.0369, val_mae 0.2310, val_rmse 0.2664, val_r2 0.0424, val_pearson 0.2126, lr 1.00e-03 ---
2026-10-01 08:59:25,302 - INFO - 
****************************************************************************************************
2026-10-01 08:59:27,288 - INFO - --- training epoch 4, loss 0.0377, mae 0.2362, rmse 0.2745, time elapsed(min) 0.03---
2026-10-01 08:59:27,690 - INFO - --- validation at epoch 4, val_loss 0.0365, val_mae 0.2275, val_rmse 0.2659, val_r2 0.0460, val_pearson 0.2204, lr 1.00e-03 ---
2026-10-01 08:59:27,690 - INFO - 
****************************************************************************************************
2026-10-01 08:59:29,859 - INFO - --- training epoch 5, loss 0.0380, mae 0.2368, rmse 0.2758, time elapsed(min) 0.03---
2026-10-01 08:59:30,090 - INFO - --- validation at epoch 5, val_loss 0.0379, val_mae 0.2240, val_rmse 0.2706, val_r2 0.0119, val_pearson 0.2281, lr 1.00e-03 ---
2026-10-01 08:59:30,090 - INFO - 
****************************************************************************************************
2026-10-01 08:59:31,901 - INFO - --- training epoch 6, loss 0.0384, mae 0.2373, rmse 0.2770, time elapsed(min) 0.03---
2026-10-01 08:59:32,132 - INFO - --- validation at epoch 6, val_loss 0.0361, val_mae 0.2272, val_rmse 0.2649, val_r2 0.0526, val_pearson 0.2327, lr 1.00e-03 ---
2026-10-01 08:59:32,132 - INFO - 
****************************************************************************************************
2026-10-01 08:59:34,145 - INFO - --- training epoch 7, loss 0.0372, mae 0.2339, rmse 0.2727, time elapsed(min) 0.03---
2026-10-01 08:59:34,528 - INFO - --- validation at epoch 7, val_loss 0.0370, val_mae 0.2234, val_rmse 0.2674, val_r2 0.0348, val_pearson 0.2459, lr 1.00e-03 ---
2026-10-01 08:59:34,528 - INFO - 
****************************************************************************************************
2026-10-01 08:59:36,489 - INFO - --- training epoch 8, loss 0.0381, mae 0.2347, rmse 0.2759, time elapsed(min) 0.03---
2026-10-01 08:59:37,027 - INFO - --- validation at epoch 8, val_loss 0.0360, val_mae 0.2290, val_rmse 0.2652, val_r2 0.0505, val_pearson 0.2499, lr 1.00e-03 ---
2026-10-01 08:59:37,027 - INFO - 
****************************************************************************************************
2026-10-01 08:59:38,955 - INFO - --- training epoch 9, loss 0.0367, mae 0.2312, rmse 0.2710, time elapsed(min) 0.03---
2026-10-01 08:59:39,196 - INFO - --- validation at epoch 9, val_loss 0.0357, val_mae 0.2291, val_rmse 0.2641, val_r2 0.0584, val_pearson 0.2770, lr 1.00e-03 ---
2026-10-01 08:59:39,196 - INFO - 
****************************************************************************************************
2026-10-01 08:59:41,109 - INFO - --- training epoch 10, loss 0.0346, mae 0.2218, rmse 0.2632, time elapsed(min) 0.03---
2026-10-01 08:59:41,336 - INFO - --- validation at epoch 10, val_loss 0.0320, val_mae 0.2060, val_rmse 0.2487, val_r2 0.1654, val_pearson 0.4075, lr 1.00e-03 ---
2026-10-01 08:59:41,336 - INFO - 
****************************************************************************************************
2026-10-01 08:59:43,263 - INFO - --- training epoch 11, loss 0.0314, mae 0.2067, rmse 0.2505, time elapsed(min) 0.03---
2026-10-01 08:59:43,668 - INFO - --- validation at epoch 11, val_loss 0.0311, val_mae 0.1976, val_rmse 0.2419, val_r2 0.2102, val_pearson 0.4591, lr 1.00e-03 ---
2026-10-01 08:59:43,668 - INFO - 
****************************************************************************************************
2026-10-01 08:59:45,781 - INFO - --- training epoch 12, loss 0.0309, mae 0.2045, rmse 0.2486, time elapsed(min) 0.03---
2026-10-01 08:59:46,012 - INFO - --- validation at epoch 12, val_loss 0.0316, val_mae 0.1951, val_rmse 0.2421, val_r2 0.2088, val_pearson 0.4677, lr 1.00e-03 ---
2026-10-01 08:59:46,012 - INFO - 
****************************************************************************************************
2026-10-01 08:59:47,810 - INFO - --- training epoch 13, loss 0.0303, mae 0.2019, rmse 0.2460, time elapsed(min) 0.03---
2026-10-01 08:59:48,040 - INFO - --- validation at epoch 13, val_loss 0.0332, val_mae 0.1940, val_rmse 0.2447, val_r2 0.1921, val_pearson 0.4904, lr 1.00e-03 ---
2026-10-01 08:59:48,040 - INFO - 
****************************************************************************************************
2026-10-01 08:59:49,914 - INFO - --- training epoch 14, loss 0.0299, mae 0.1998, rmse 0.2446, time elapsed(min) 0.03---
2026-10-01 08:59:50,296 - INFO - --- validation at epoch 14, val_loss 0.0319, val_mae 0.1926, val_rmse 0.2402, val_r2 0.2210, val_pearson 0.5175, lr 1.00e-03 ---
2026-10-01 08:59:50,297 - INFO - 
****************************************************************************************************
2026-10-01 08:59:52,335 - INFO - --- training epoch 15, loss 0.0276, mae 0.1923, rmse 0.2351, time elapsed(min) 0.03---
2026-10-01 08:59:52,765 - INFO - --- validation at epoch 15, val_loss 0.0271, val_mae 0.1765, val_rmse 0.2185, val_r2 0.3553, val_pearson 0.6000, lr 1.00e-03 ---
2026-10-01 08:59:52,765 - INFO - 
****************************************************************************************************
2026-10-01 08:59:54,848 - INFO - --- training epoch 16, loss 0.0264, mae 0.1866, rmse 0.2296, time elapsed(min) 0.03---
2026-10-01 08:59:55,078 - INFO - --- validation at epoch 16, val_loss 0.0328, val_mae 0.1875, val_rmse 0.2439, val_r2 0.1968, val_pearson 0.6561, lr 1.00e-03 ---
2026-10-01 08:59:55,078 - INFO - 
****************************************************************************************************
2026-10-01 08:59:56,913 - INFO - --- training epoch 17, loss 0.0243, mae 0.1778, rmse 0.2206, time elapsed(min) 0.03---
2026-10-01 08:59:57,147 - INFO - --- validation at epoch 17, val_loss 0.0211, val_mae 0.1577, val_rmse 0.1991, val_r2 0.4648, val_pearson 0.6908, lr 1.00e-03 ---
2026-10-01 08:59:57,147 - INFO - 
****************************************************************************************************
2026-10-01 08:59:59,103 - INFO - --- training epoch 18, loss 0.0212, mae 0.1644, rmse 0.2059, time elapsed(min) 0.03---
2026-10-01 08:59:59,539 - INFO - --- validation at epoch 18, val_loss 0.0235, val_mae 0.1594, val_rmse 0.2061, val_r2 0.4268, val_pearson 0.7090, lr 1.00e-03 ---
2026-10-01 08:59:59,539 - INFO - 
****************************************************************************************************
2026-10-01 09:00:01,516 - INFO - --- training epoch 19, loss 0.0207, mae 0.1614, rmse 0.2034, time elapsed(min) 0.03---
2026-10-01 09:00:01,743 - INFO - --- validation at epoch 19, val_loss 0.0208, val_mae 0.1568, val_rmse 0.1963, val_r2 0.4796, val_pearson 0.7049, lr 1.00e-03 ---
2026-10-01 09:00:01,743 - INFO - 
****************************************************************************************************
2026-10-01 09:00:03,851 - INFO - --- training epoch 20, loss 0.0199, mae 0.1583, rmse 0.1995, time elapsed(min) 0.03---
2026-10-01 09:00:04,078 - INFO - --- validation at epoch 20, val_loss 0.0204, val_mae 0.1571, val_rmse 0.1951, val_r2 0.4864, val_pearson 0.7100, lr 1.00e-03 ---
2026-10-01 09:00:04,078 - INFO - 
****************************************************************************************************
2026-10-01 09:00:05,998 - INFO - --- training epoch 21, loss 0.0194, mae 0.1567, rmse 0.1970, time elapsed(min) 0.03---
2026-10-01 09:00:06,385 - INFO - --- validation at epoch 21, val_loss 0.0202, val_mae 0.1578, val_rmse 0.1935, val_r2 0.4946, val_pearson 0.7225, lr 1.00e-03 ---
2026-10-01 09:00:06,385 - INFO - 
****************************************************************************************************
2026-10-01 09:00:08,609 - INFO - --- training epoch 22, loss 0.0191, mae 0.1555, rmse 0.1956, time elapsed(min) 0.03---
2026-10-01 09:00:08,867 - INFO - --- validation at epoch 22, val_loss 0.0203, val_mae 0.1586, val_rmse 0.1952, val_r2 0.4858, val_pearson 0.7170, lr 1.00e-03 ---
2026-10-01 09:00:08,867 - INFO - 
****************************************************************************************************
2026-10-01 09:00:10,713 - INFO - --- training epoch 23, loss 0.0189, mae 0.1542, rmse 0.1946, time elapsed(min) 0.03---
2026-10-01 09:00:10,941 - INFO - --- validation at epoch 23, val_loss 0.0213, val_mae 0.1598, val_rmse 0.1995, val_r2 0.4627, val_pearson 0.7023, lr 1.00e-03 ---
2026-10-01 09:00:10,941 - INFO - 
****************************************************************************************************
2026-10-01 09:00:12,860 - INFO - --- training epoch 24, loss 0.0189, mae 0.1535, rmse 0.1943, time elapsed(min) 0.03---
2026-10-01 09:00:13,242 - INFO - --- validation at epoch 24, val_loss 0.0201, val_mae 0.1537, val_rmse 0.1942, val_r2 0.4911, val_pearson 0.7126, lr 1.00e-03 ---
2026-10-01 09:00:13,242 - INFO - 
****************************************************************************************************
2026-10-01 09:00:15,431 - INFO - --- training epoch 25, loss 0.0188, mae 0.1533, rmse 0.1938, time elapsed(min) 0.03---
2026-10-01 09:00:15,664 - INFO - --- validation at epoch 25, val_loss 0.0207, val_mae 0.1551, val_rmse 0.1960, val_r2 0.4817, val_pearson 0.7108, lr 1.00e-03 ---
2026-10-01 09:00:15,664 - INFO - 
****************************************************************************************************
2026-10-01 09:00:17,495 - INFO - --- training epoch 26, loss 0.0186, mae 0.1513, rmse 0.1928, time elapsed(min) 0.03---
2026-10-01 09:00:17,728 - INFO - --- validation at epoch 26, val_loss 0.0213, val_mae 0.1566, val_rmse 0.1990, val_r2 0.4655, val_pearson 0.6921, lr 1.00e-03 ---
2026-10-01 09:00:17,728 - INFO - 
****************************************************************************************************
2026-10-01 09:00:19,648 - INFO - --- training epoch 27, loss 0.0185, mae 0.1510, rmse 0.1922, time elapsed(min) 0.03---
2026-10-01 09:00:19,878 - INFO - --- validation at epoch 27, val_loss 0.0197, val_mae 0.1486, val_rmse 0.1924, val_r2 0.5003, val_pearson 0.7182, lr 1.00e-03 ---
2026-10-01 09:00:19,878 - INFO - 
****************************************************************************************************
2026-10-01 09:00:21,982 - INFO - --- training epoch 28, loss 0.0179, mae 0.1488, rmse 0.1890, time elapsed(min) 0.03---
2026-10-01 09:00:22,411 - INFO - --- validation at epoch 28, val_loss 0.0190, val_mae 0.1469, val_rmse 0.1884, val_r2 0.5210, val_pearson 0.7271, lr 1.00e-03 ---
2026-10-01 09:00:22,411 - INFO - 
****************************************************************************************************
2026-10-01 09:00:24,467 - INFO - --- training epoch 29, loss 0.0178, mae 0.1478, rmse 0.1886, time elapsed(min) 0.03---
2026-10-01 09:00:24,704 - INFO - --- validation at epoch 29, val_loss 0.0222, val_mae 0.1575, val_rmse 0.2020, val_r2 0.4495, val_pearson 0.6999, lr 1.00e-03 ---
2026-10-01 09:00:24,704 - INFO - 
****************************************************************************************************
2026-10-01 09:00:26,547 - INFO - --- training epoch 30, loss 0.0178, mae 0.1474, rmse 0.1886, time elapsed(min) 0.03---
2026-10-01 09:00:26,782 - INFO - --- validation at epoch 30, val_loss 0.0255, val_mae 0.1644, val_rmse 0.2155, val_r2 0.3730, val_pearson 0.7237, lr 1.00e-03 ---
2026-10-01 09:00:26,782 - INFO - 
****************************************************************************************************
2026-10-01 09:00:28,712 - INFO - --- training epoch 31, loss 0.0176, mae 0.1464, rmse 0.1877, time elapsed(min) 0.03---
2026-10-01 09:00:29,123 - INFO - --- validation at epoch 31, val_loss 0.0207, val_mae 0.1485, val_rmse 0.1955, val_r2 0.4842, val_pearson 0.7371, lr 1.00e-03 ---
2026-10-01 09:00:29,123 - INFO - 
****************************************************************************************************
2026-10-01 09:00:31,180 - INFO - --- training epoch 32, loss 0.0172, mae 0.1469, rmse 0.1857, time elapsed(min) 0.03---
2026-10-01 09:00:31,411 - INFO - --- validation at epoch 32, val_loss 0.0238, val_mae 0.1582, val_rmse 0.2089, val_r2 0.4110, val_pearson 0.7216, lr 1.00e-03 ---
2026-10-01 09:00:31,411 - INFO - 
****************************************************************************************************
2026-10-01 09:00:33,272 - INFO - --- training epoch 33, loss 0.0170, mae 0.1453, rmse 0.1846, time elapsed(min) 0.03---
2026-10-01 09:00:33,500 - INFO - --- validation at epoch 33, val_loss 0.0194, val_mae 0.1460, val_rmse 0.1901, val_r2 0.5124, val_pearson 0.7251, lr 1.00e-03 ---
2026-10-01 09:00:33,500 - INFO - 
****************************************************************************************************
2026-10-01 09:00:35,408 - INFO - --- training epoch 34, loss 0.0165, mae 0.1419, rmse 0.1816, time elapsed(min) 0.03---
2026-10-01 09:00:35,812 - INFO - --- validation at epoch 34, val_loss 0.0187, val_mae 0.1426, val_rmse 0.1838, val_r2 0.5440, val_pearson 0.7618, lr 1.00e-03 ---
2026-10-01 09:00:35,812 - INFO - 
****************************************************************************************************
2026-10-01 09:00:37,998 - INFO - --- training epoch 35, loss 0.0163, mae 0.1419, rmse 0.1807, time elapsed(min) 0.03---
2026-10-01 09:00:38,226 - INFO - --- validation at epoch 35, val_loss 0.0196, val_mae 0.1440, val_rmse 0.1866, val_r2 0.5302, val_pearson 0.7587, lr 1.00e-03 ---
2026-10-01 09:00:38,227 - INFO - 
****************************************************************************************************
2026-10-01 09:00:40,074 - INFO - --- training epoch 36, loss 0.0161, mae 0.1395, rmse 0.1793, time elapsed(min) 0.03---
2026-10-01 09:00:40,300 - INFO - --- validation at epoch 36, val_loss 0.0247, val_mae 0.1593, val_rmse 0.2114, val_r2 0.3967, val_pearson 0.7390, lr 1.00e-03 ---
2026-10-01 09:00:40,300 - INFO - 
****************************************************************************************************
2026-10-01 09:00:42,157 - INFO - --- training epoch 37, loss 0.0164, mae 0.1410, rmse 0.1809, time elapsed(min) 0.03---
2026-10-01 09:00:42,539 - INFO - --- validation at epoch 37, val_loss 0.0218, val_mae 0.1523, val_rmse 0.1989, val_r2 0.4661, val_pearson 0.7544, lr 1.00e-03 ---
2026-10-01 09:00:42,539 - INFO - 
****************************************************************************************************
2026-10-01 09:00:44,645 - INFO - --- training epoch 38, loss 0.0157, mae 0.1366, rmse 0.1770, time elapsed(min) 0.03---
2026-10-01 09:00:44,875 - INFO - --- validation at epoch 38, val_loss 0.0198, val_mae 0.1390, val_rmse 0.1873, val_r2 0.5264, val_pearson 0.7635, lr 1.00e-03 ---
2026-10-01 09:00:44,875 - INFO - 
****************************************************************************************************
2026-10-01 09:00:46,708 - INFO - --- training epoch 39, loss 0.0153, mae 0.1356, rmse 0.1749, time elapsed(min) 0.03---
2026-10-01 09:00:46,938 - INFO - --- validation at epoch 39, val_loss 0.0177, val_mae 0.1359, val_rmse 0.1780, val_r2 0.5724, val_pearson 0.7875, lr 1.00e-03 ---
2026-10-01 09:00:46,938 - INFO - 
****************************************************************************************************
2026-10-01 09:00:48,950 - INFO - --- training epoch 40, loss 0.0150, mae 0.1342, rmse 0.1735, time elapsed(min) 0.03---
2026-10-01 09:00:49,173 - INFO - --- validation at epoch 40, val_loss 0.0184, val_mae 0.1422, val_rmse 0.1823, val_r2 0.5513, val_pearson 0.7672, lr 1.00e-03 ---
2026-10-01 09:00:49,173 - INFO - 
****************************************************************************************************
2026-10-01 09:00:51,119 - INFO - --- training epoch 41, loss 0.0141, mae 0.1294, rmse 0.1678, time elapsed(min) 0.03---
2026-10-01 09:00:51,658 - INFO - --- validation at epoch 41, val_loss 0.0171, val_mae 0.1344, val_rmse 0.1750, val_r2 0.5865, val_pearson 0.7992, lr 1.00e-03 ---
2026-10-01 09:00:51,658 - INFO - 
****************************************************************************************************
2026-10-01 09:00:53,590 - INFO - --- training epoch 42, loss 0.0144, mae 0.1310, rmse 0.1700, time elapsed(min) 0.03---
2026-10-01 09:00:53,871 - INFO - --- validation at epoch 42, val_loss 0.0166, val_mae 0.1385, val_rmse 0.1745, val_r2 0.5888, val_pearson 0.7805, lr 1.00e-03 ---
2026-10-01 09:00:53,871 - INFO - 
****************************************************************************************************
2026-10-01 09:00:55,813 - INFO - --- training epoch 43, loss 0.0149, mae 0.1348, rmse 0.1728, time elapsed(min) 0.03---
2026-10-01 09:00:56,042 - INFO - --- validation at epoch 43, val_loss 0.0201, val_mae 0.1439, val_rmse 0.1920, val_r2 0.5022, val_pearson 0.7433, lr 1.00e-03 ---
2026-10-01 09:00:56,042 - INFO - 
****************************************************************************************************
2026-10-01 09:00:58,190 - INFO - --- training epoch 44, loss 0.0147, mae 0.1308, rmse 0.1713, time elapsed(min) 0.03---
2026-10-01 09:00:58,769 - INFO - --- validation at epoch 44, val_loss 0.0206, val_mae 0.1508, val_rmse 0.1920, val_r2 0.5026, val_pearson 0.7350, lr 1.00e-03 ---
2026-10-01 09:00:58,769 - INFO - 
****************************************************************************************************
2026-10-01 09:01:00,610 - INFO - --- training epoch 45, loss 0.0154, mae 0.1355, rmse 0.1753, time elapsed(min) 0.03---
2026-10-01 09:01:00,842 - INFO - --- validation at epoch 45, val_loss 0.0213, val_mae 0.1494, val_rmse 0.1964, val_r2 0.4796, val_pearson 0.7629, lr 1.00e-03 ---
2026-10-01 09:01:00,843 - INFO - 
****************************************************************************************************
2026-10-01 09:01:02,699 - INFO - --- training epoch 46, loss 0.0144, mae 0.1304, rmse 0.1698, time elapsed(min) 0.03---
2026-10-01 09:01:02,931 - INFO - --- validation at epoch 46, val_loss 0.0178, val_mae 0.1391, val_rmse 0.1813, val_r2 0.5566, val_pearson 0.7806, lr 1.00e-03 ---
2026-10-01 09:01:02,931 - INFO - 
****************************************************************************************************
2026-10-01 09:01:05,052 - INFO - --- training epoch 47, loss 0.0150, mae 0.1343, rmse 0.1731, time elapsed(min) 0.03---
2026-10-01 09:01:05,574 - INFO - --- validation at epoch 47, val_loss 0.0225, val_mae 0.1534, val_rmse 0.2029, val_r2 0.4444, val_pearson 0.7498, lr 1.00e-03 ---
2026-10-01 09:01:05,574 - INFO - 
****************************************************************************************************
2026-10-01 09:01:07,520 - INFO - --- training epoch 48, loss 0.0143, mae 0.1291, rmse 0.1691, time elapsed(min) 0.03---
2026-10-01 09:01:07,749 - INFO - --- validation at epoch 48, val_loss 0.0180, val_mae 0.1352, val_rmse 0.1800, val_r2 0.5628, val_pearson 0.7859, lr 1.00e-03 ---
2026-10-01 09:01:07,749 - INFO - 
****************************************************************************************************
2026-10-01 09:01:09,606 - INFO - --- training epoch 49, loss 0.0135, mae 0.1261, rmse 0.1640, time elapsed(min) 0.03---
2026-10-01 09:01:09,985 - INFO - --- validation at epoch 49, val_loss 0.0185, val_mae 0.1436, val_rmse 0.1812, val_r2 0.5569, val_pearson 0.7786, lr 1.00e-03 ---
2026-10-01 09:01:09,985 - INFO - 
****************************************************************************************************
2026-10-01 09:01:12,230 - INFO - --- training epoch 50, loss 0.0133, mae 0.1254, rmse 0.1631, time elapsed(min) 0.03---
2026-10-01 09:01:12,456 - INFO - --- validation at epoch 50, val_loss 0.0175, val_mae 0.1315, val_rmse 0.1769, val_r2 0.5776, val_pearson 0.7899, lr 1.00e-03 ---
2026-10-01 09:01:12,456 - INFO - 
****************************************************************************************************
2026-10-01 09:01:14,336 - INFO - --- training epoch 51, loss 0.0137, mae 0.1266, rmse 0.1657, time elapsed(min) 0.03---
2026-10-01 09:01:14,618 - INFO - --- validation at epoch 51, val_loss 0.0207, val_mae 0.1456, val_rmse 0.1906, val_r2 0.5096, val_pearson 0.7487, lr 1.00e-03 ---
2026-10-01 09:01:14,618 - INFO - 
****************************************************************************************************
2026-10-01 09:01:16,462 - INFO - --- training epoch 52, loss 0.0143, mae 0.1292, rmse 0.1689, time elapsed(min) 0.03---
2026-10-01 09:01:16,842 - INFO - --- validation at epoch 52, val_loss 0.0219, val_mae 0.1473, val_rmse 0.1977, val_r2 0.4727, val_pearson 0.7804, lr 1.00e-03 ---
2026-10-01 09:01:16,842 - INFO - 
****************************************************************************************************
2026-10-01 09:01:18,953 - INFO - --- training epoch 53, loss 0.0148, mae 0.1315, rmse 0.1722, time elapsed(min) 0.03---
2026-10-01 09:01:19,179 - INFO - --- validation at epoch 53, val_loss 0.0205, val_mae 0.1452, val_rmse 0.1923, val_r2 0.5010, val_pearson 0.7881, lr 1.00e-03 ---
2026-10-01 09:01:19,179 - INFO - 
****************************************************************************************************
2026-10-01 09:01:21,026 - INFO - --- training epoch 54, loss 0.0133, mae 0.1239, rmse 0.1628, time elapsed(min) 0.03---
2026-10-01 09:01:21,258 - INFO - --- validation at epoch 54, val_loss 0.0152, val_mae 0.1228, val_rmse 0.1650, val_r2 0.6326, val_pearson 0.8034, lr 3.00e-04 ---
2026-10-01 09:01:21,258 - INFO - 
****************************************************************************************************
2026-10-01 09:01:23,191 - INFO - --- training epoch 55, loss 0.0115, mae 0.1150, rmse 0.1520, time elapsed(min) 0.03---
2026-10-01 09:01:23,418 - INFO - --- validation at epoch 55, val_loss 0.0148, val_mae 0.1199, val_rmse 0.1621, val_r2 0.6454, val_pearson 0.8104, lr 3.00e-04 ---
2026-10-01 09:01:23,418 - INFO - 
****************************************************************************************************
2026-10-01 09:01:25,443 - INFO - --- training epoch 56, loss 0.0117, mae 0.1154, rmse 0.1527, time elapsed(min) 0.03---
2026-10-01 09:01:25,863 - INFO - --- validation at epoch 56, val_loss 0.0144, val_mae 0.1179, val_rmse 0.1598, val_r2 0.6552, val_pearson 0.8140, lr 3.00e-04 ---
2026-10-01 09:01:25,863 - INFO - 
****************************************************************************************************
2026-10-01 09:01:27,924 - INFO - --- training epoch 57, loss 0.0114, mae 0.1143, rmse 0.1510, time elapsed(min) 0.03---
2026-10-01 09:01:28,160 - INFO - --- validation at epoch 57, val_loss 0.0145, val_mae 0.1190, val_rmse 0.1616, val_r2 0.6476, val_pearson 0.8113, lr 3.00e-04 ---
2026-10-01 09:01:28,160 - INFO - 
****************************************************************************************************
2026-10-01 09:01:30,172 - INFO - --- training epoch 58, loss 0.0112, mae 0.1133, rmse 0.1496, time elapsed(min) 0.03---
2026-10-01 09:01:30,405 - INFO - --- validation at epoch 58, val_loss 0.0144, val_mae 0.1186, val_rmse 0.1607, val_r2 0.6513, val_pearson 0.8113, lr 3.00e-04 ---
2026-10-01 09:01:30,405 - INFO - 
****************************************************************************************************
2026-10-01 09:01:32,257 - INFO - --- training epoch 59, loss 0.0109, mae 0.1122, rmse 0.1476, time elapsed(min) 0.03---
2026-10-01 09:01:32,645 - INFO - --- validation at epoch 59, val_loss 0.0145, val_mae 0.1176, val_rmse 0.1606, val_r2 0.6521, val_pearson 0.8118, lr 3.00e-04 ---
2026-10-01 09:01:32,645 - INFO - 
****************************************************************************************************
2026-10-01 09:01:34,745 - INFO - --- training epoch 60, loss 0.0110, mae 0.1117, rmse 0.1484, time elapsed(min) 0.03---
2026-10-01 09:01:34,974 - INFO - --- validation at epoch 60, val_loss 0.0138, val_mae 0.1163, val_rmse 0.1581, val_r2 0.6626, val_pearson 0.8148, lr 3.00e-04 ---
2026-10-01 09:01:34,974 - INFO - 
****************************************************************************************************
2026-10-01 09:01:36,870 - INFO - --- training epoch 61, loss 0.0111, mae 0.1121, rmse 0.1491, time elapsed(min) 0.03---
2026-10-01 09:01:37,100 - INFO - --- validation at epoch 61, val_loss 0.0135, val_mae 0.1152, val_rmse 0.1571, val_r2 0.6669, val_pearson 0.8167, lr 3.00e-04 ---
2026-10-01 09:01:37,100 - INFO - 
****************************************************************************************************
2026-10-01 09:01:39,028 - INFO - --- training epoch 62, loss 0.0110, mae 0.1117, rmse 0.1481, time elapsed(min) 0.03---
2026-10-01 09:01:39,422 - INFO - --- validation at epoch 62, val_loss 0.0145, val_mae 0.1172, val_rmse 0.1619, val_r2 0.6463, val_pearson 0.8126, lr 3.00e-04 ---
2026-10-01 09:01:39,422 - INFO - 
****************************************************************************************************
2026-10-01 09:01:41,542 - INFO - --- training epoch 63, loss 0.0109, mae 0.1112, rmse 0.1477, time elapsed(min) 0.03---
2026-10-01 09:01:41,772 - INFO - --- validation at epoch 63, val_loss 0.0138, val_mae 0.1159, val_rmse 0.1581, val_r2 0.6625, val_pearson 0.8178, lr 3.00e-04 ---
2026-10-01 09:01:41,772 - INFO - 
****************************************************************************************************
2026-10-01 09:01:43,604 - INFO - --- training epoch 64, loss 0.0105, mae 0.1100, rmse 0.1452, time elapsed(min) 0.03---
2026-10-01 09:01:43,833 - INFO - --- validation at epoch 64, val_loss 0.0133, val_mae 0.1146, val_rmse 0.1568, val_r2 0.6681, val_pearson 0.8177, lr 3.00e-04 ---
2026-10-01 09:01:43,833 - INFO - 
****************************************************************************************************
2026-10-01 09:01:45,763 - INFO - --- training epoch 65, loss 0.0107, mae 0.1097, rmse 0.1465, time elapsed(min) 0.03---
2026-10-01 09:01:45,998 - INFO - --- validation at epoch 65, val_loss 0.0138, val_mae 0.1159, val_rmse 0.1582, val_r2 0.6622, val_pearson 0.8188, lr 3.00e-04 ---
2026-10-01 09:01:45,999 - INFO - 
****************************************************************************************************
2026-10-01 09:01:47,917 - INFO - --- training epoch 66, loss 0.0106, mae 0.1097, rmse 0.1453, time elapsed(min) 0.03---
2026-10-01 09:01:48,320 - INFO - --- validation at epoch 66, val_loss 0.0137, val_mae 0.1158, val_rmse 0.1583, val_r2 0.6618, val_pearson 0.8169, lr 3.00e-04 ---
2026-10-01 09:01:48,320 - INFO - 
****************************************************************************************************
2026-10-01 09:01:50,381 - INFO - --- training epoch 67, loss 0.0105, mae 0.1088, rmse 0.1448, time elapsed(min) 0.03---
2026-10-01 09:01:50,606 - INFO - --- validation at epoch 67, val_loss 0.0144, val_mae 0.1186, val_rmse 0.1620, val_r2 0.6456, val_pearson 0.8179, lr 3.00e-04 ---
2026-10-01 09:01:50,606 - INFO - 
****************************************************************************************************
2026-10-01 09:01:52,541 - INFO - --- training epoch 68, loss 0.0108, mae 0.1104, rmse 0.1470, time elapsed(min) 0.03---
2026-10-01 09:01:52,774 - INFO - --- validation at epoch 68, val_loss 0.0135, val_mae 0.1164, val_rmse 0.1580, val_r2 0.6629, val_pearson 0.8195, lr 3.00e-04 ---
2026-10-01 09:01:52,774 - INFO - 
****************************************************************************************************
2026-10-01 09:01:54,654 - INFO - --- training epoch 69, loss 0.0107, mae 0.1107, rmse 0.1463, time elapsed(min) 0.03---
2026-10-01 09:01:55,037 - INFO - --- validation at epoch 69, val_loss 0.0129, val_mae 0.1144, val_rmse 0.1553, val_r2 0.6745, val_pearson 0.8231, lr 3.00e-04 ---
2026-10-01 09:01:55,037 - INFO - 
****************************************************************************************************
2026-10-01 09:01:57,205 - INFO - --- training epoch 70, loss 0.0107, mae 0.1094, rmse 0.1461, time elapsed(min) 0.03---
2026-10-01 09:01:57,439 - INFO - --- validation at epoch 70, val_loss 0.0128, val_mae 0.1124, val_rmse 0.1547, val_r2 0.6771, val_pearson 0.8254, lr 3.00e-04 ---
2026-10-01 09:01:57,439 - INFO - 
****************************************************************************************************
2026-10-01 09:01:59,349 - INFO - --- training epoch 71, loss 0.0107, mae 0.1089, rmse 0.1460, time elapsed(min) 0.03---
2026-10-01 09:01:59,581 - INFO - --- validation at epoch 71, val_loss 0.0129, val_mae 0.1141, val_rmse 0.1556, val_r2 0.6730, val_pearson 0.8228, lr 3.00e-04 ---
2026-10-01 09:01:59,581 - INFO - 
****************************************************************************************************
2026-10-01 09:02:01,442 - INFO - --- training epoch 72, loss 0.0105, mae 0.1082, rmse 0.1449, time elapsed(min) 0.03---
2026-10-01 09:02:01,833 - INFO - --- validation at epoch 72, val_loss 0.0131, val_mae 0.1139, val_rmse 0.1562, val_r2 0.6705, val_pearson 0.8255, lr 3.00e-04 ---
2026-10-01 09:02:01,833 - INFO - 
****************************************************************************************************
2026-10-01 09:02:03,903 - INFO - --- training epoch 73, loss 0.0106, mae 0.1090, rmse 0.1457, time elapsed(min) 0.03---
2026-10-01 09:02:04,135 - INFO - --- validation at epoch 73, val_loss 0.0130, val_mae 0.1140, val_rmse 0.1551, val_r2 0.6754, val_pearson 0.8250, lr 3.00e-04 ---
2026-10-01 09:02:04,135 - INFO - 
****************************************************************************************************
2026-10-01 09:02:06,096 - INFO - --- training epoch 74, loss 0.0105, mae 0.1089, rmse 0.1447, time elapsed(min) 0.03---
2026-10-01 09:02:06,347 - INFO - --- validation at epoch 74, val_loss 0.0128, val_mae 0.1137, val_rmse 0.1559, val_r2 0.6718, val_pearson 0.8244, lr 3.00e-04 ---
2026-10-01 09:02:06,347 - INFO - 
****************************************************************************************************
2026-10-01 09:02:08,187 - INFO - --- training epoch 75, loss 0.0100, mae 0.1067, rmse 0.1417, time elapsed(min) 0.03---
2026-10-01 09:02:08,560 - INFO - --- validation at epoch 75, val_loss 0.0130, val_mae 0.1149, val_rmse 0.1578, val_r2 0.6637, val_pearson 0.8229, lr 3.00e-04 ---
2026-10-01 09:02:08,560 - INFO - 
****************************************************************************************************
2026-10-01 09:02:10,587 - INFO - --- training epoch 76, loss 0.0103, mae 0.1070, rmse 0.1433, time elapsed(min) 0.03---
2026-10-01 09:02:11,019 - INFO - --- validation at epoch 76, val_loss 0.0130, val_mae 0.1148, val_rmse 0.1569, val_r2 0.6679, val_pearson 0.8239, lr 3.00e-04 ---
2026-10-01 09:02:11,019 - INFO - 
****************************************************************************************************
2026-10-01 09:02:13,071 - INFO - --- training epoch 77, loss 0.0105, mae 0.1080, rmse 0.1446, time elapsed(min) 0.03---
2026-10-01 09:02:13,298 - INFO - --- validation at epoch 77, val_loss 0.0123, val_mae 0.1125, val_rmse 0.1532, val_r2 0.6830, val_pearson 0.8273, lr 3.00e-04 ---
2026-10-01 09:02:13,298 - INFO - 
****************************************************************************************************
2026-10-01 09:02:15,267 - INFO - --- training epoch 78, loss 0.0100, mae 0.1058, rmse 0.1414, time elapsed(min) 0.03---
2026-10-01 09:02:15,491 - INFO - --- validation at epoch 78, val_loss 0.0130, val_mae 0.1134, val_rmse 0.1551, val_r2 0.6752, val_pearson 0.8269, lr 3.00e-04 ---
2026-10-01 09:02:15,491 - INFO - 
****************************************************************************************************
2026-10-01 09:02:17,471 - INFO - --- training epoch 79, loss 0.0100, mae 0.1058, rmse 0.1414, time elapsed(min) 0.03---
2026-10-01 09:02:17,880 - INFO - --- validation at epoch 79, val_loss 0.0127, val_mae 0.1124, val_rmse 0.1544, val_r2 0.6782, val_pearson 0.8274, lr 3.00e-04 ---
2026-10-01 09:02:17,880 - INFO - 
****************************************************************************************************
2026-10-01 09:02:19,958 - INFO - --- training epoch 80, loss 0.0101, mae 0.1063, rmse 0.1424, time elapsed(min) 0.03---
2026-10-01 09:02:20,198 - INFO - --- validation at epoch 80, val_loss 0.0126, val_mae 0.1121, val_rmse 0.1537, val_r2 0.6812, val_pearson 0.8289, lr 3.00e-04 ---
2026-10-01 09:02:20,198 - INFO - 
****************************************************************************************************
2026-10-01 09:02:22,222 - INFO - --- training epoch 81, loss 0.0099, mae 0.1052, rmse 0.1410, time elapsed(min) 0.03---
2026-10-01 09:02:22,450 - INFO - --- validation at epoch 81, val_loss 0.0132, val_mae 0.1157, val_rmse 0.1578, val_r2 0.6640, val_pearson 0.8253, lr 3.00e-04 ---
2026-10-01 09:02:22,450 - INFO - 
****************************************************************************************************
2026-10-01 09:02:24,319 - INFO - --- training epoch 82, loss 0.0098, mae 0.1047, rmse 0.1402, time elapsed(min) 0.03---
2026-10-01 09:02:24,691 - INFO - --- validation at epoch 82, val_loss 0.0133, val_mae 0.1145, val_rmse 0.1564, val_r2 0.6698, val_pearson 0.8277, lr 3.00e-04 ---
2026-10-01 09:02:24,691 - INFO - 
****************************************************************************************************
2026-10-01 09:02:26,808 - INFO - --- training epoch 83, loss 0.0099, mae 0.1052, rmse 0.1404, time elapsed(min) 0.03---
2026-10-01 09:02:27,036 - INFO - --- validation at epoch 83, val_loss 0.0134, val_mae 0.1167, val_rmse 0.1588, val_r2 0.6595, val_pearson 0.8281, lr 3.00e-04 ---
2026-10-01 09:02:27,036 - INFO - 
****************************************************************************************************
2026-10-01 09:02:28,896 - INFO - --- training epoch 84, loss 0.0101, mae 0.1063, rmse 0.1420, time elapsed(min) 0.03---
2026-10-01 09:02:29,124 - INFO - --- validation at epoch 84, val_loss 0.0128, val_mae 0.1118, val_rmse 0.1546, val_r2 0.6776, val_pearson 0.8275, lr 3.00e-04 ---
2026-10-01 09:02:29,124 - INFO - 
****************************************************************************************************
2026-10-01 09:02:30,987 - INFO - --- training epoch 85, loss 0.0098, mae 0.1044, rmse 0.1399, time elapsed(min) 0.03---
2026-10-01 09:02:31,353 - INFO - --- validation at epoch 85, val_loss 0.0123, val_mae 0.1126, val_rmse 0.1537, val_r2 0.6812, val_pearson 0.8309, lr 3.00e-04 ---
2026-10-01 09:02:31,353 - INFO - 
****************************************************************************************************
2026-10-01 09:02:33,522 - INFO - --- training epoch 86, loss 0.0098, mae 0.1045, rmse 0.1402, time elapsed(min) 0.03---
2026-10-01 09:02:33,753 - INFO - --- validation at epoch 86, val_loss 0.0126, val_mae 0.1120, val_rmse 0.1535, val_r2 0.6819, val_pearson 0.8288, lr 3.00e-04 ---
2026-10-01 09:02:33,753 - INFO - 
****************************************************************************************************
2026-10-01 09:02:35,627 - INFO - --- training epoch 87, loss 0.0099, mae 0.1053, rmse 0.1410, time elapsed(min) 0.03---
2026-10-01 09:02:35,851 - INFO - --- validation at epoch 87, val_loss 0.0125, val_mae 0.1144, val_rmse 0.1554, val_r2 0.6742, val_pearson 0.8295, lr 3.00e-04 ---
2026-10-01 09:02:35,851 - INFO - 
****************************************************************************************************
2026-10-01 09:02:37,705 - INFO - --- training epoch 88, loss 0.0099, mae 0.1049, rmse 0.1405, time elapsed(min) 0.03---
2026-10-01 09:02:38,078 - INFO - --- validation at epoch 88, val_loss 0.0127, val_mae 0.1118, val_rmse 0.1539, val_r2 0.6805, val_pearson 0.8274, lr 3.00e-04 ---
2026-10-01 09:02:38,078 - INFO - 
****************************************************************************************************
2026-10-01 09:02:40,032 - INFO - --- training epoch 89, loss 0.0093, mae 0.1018, rmse 0.1367, time elapsed(min) 0.03---
2026-10-01 09:02:40,444 - INFO - --- validation at epoch 89, val_loss 0.0119, val_mae 0.1097, val_rmse 0.1496, val_r2 0.6981, val_pearson 0.8374, lr 9.00e-05 ---
2026-10-01 09:02:40,444 - INFO - 
****************************************************************************************************
2026-10-01 09:02:42,518 - INFO - --- training epoch 90, loss 0.0091, mae 0.1005, rmse 0.1352, time elapsed(min) 0.03---
2026-10-01 09:02:42,744 - INFO - --- validation at epoch 90, val_loss 0.0120, val_mae 0.1100, val_rmse 0.1493, val_r2 0.6991, val_pearson 0.8386, lr 9.00e-05 ---
2026-10-01 09:02:42,744 - INFO - 
****************************************************************************************************
2026-10-01 09:02:44,550 - INFO - --- training epoch 91, loss 0.0094, mae 0.1022, rmse 0.1369, time elapsed(min) 0.03---
2026-10-01 09:02:44,800 - INFO - --- validation at epoch 91, val_loss 0.0119, val_mae 0.1108, val_rmse 0.1501, val_r2 0.6957, val_pearson 0.8376, lr 9.00e-05 ---
2026-10-01 09:02:44,800 - INFO - 
****************************************************************************************************
2026-10-01 09:02:46,758 - INFO - --- training epoch 92, loss 0.0093, mae 0.1016, rmse 0.1364, time elapsed(min) 0.03---
2026-10-01 09:02:47,165 - INFO - --- validation at epoch 92, val_loss 0.0123, val_mae 0.1118, val_rmse 0.1511, val_r2 0.6919, val_pearson 0.8370, lr 9.00e-05 ---
2026-10-01 09:02:47,165 - INFO - 
****************************************************************************************************
2026-10-01 09:02:49,244 - INFO - --- training epoch 93, loss 0.0093, mae 0.1015, rmse 0.1364, time elapsed(min) 0.03---
2026-10-01 09:02:49,475 - INFO - --- validation at epoch 93, val_loss 0.0116, val_mae 0.1089, val_rmse 0.1482, val_r2 0.7034, val_pearson 0.8406, lr 9.00e-05 ---
2026-10-01 09:02:49,475 - INFO - 
****************************************************************************************************
2026-10-01 09:02:51,540 - INFO - --- training epoch 94, loss 0.0091, mae 0.1002, rmse 0.1346, time elapsed(min) 0.03---
2026-10-01 09:02:51,771 - INFO - --- validation at epoch 94, val_loss 0.0121, val_mae 0.1111, val_rmse 0.1505, val_r2 0.6942, val_pearson 0.8368, lr 9.00e-05 ---
2026-10-01 09:02:51,771 - INFO - 
****************************************************************************************************
2026-10-01 09:02:53,706 - INFO - --- training epoch 95, loss 0.0091, mae 0.1011, rmse 0.1350, time elapsed(min) 0.03---
2026-10-01 09:02:54,093 - INFO - --- validation at epoch 95, val_loss 0.0119, val_mae 0.1097, val_rmse 0.1491, val_r2 0.6998, val_pearson 0.8389, lr 9.00e-05 ---
2026-10-01 09:02:54,093 - INFO - 
****************************************************************************************************
2026-10-01 09:02:56,160 - INFO - --- training epoch 96, loss 0.0090, mae 0.1001, rmse 0.1343, time elapsed(min) 0.03---
2026-10-01 09:02:56,396 - INFO - --- validation at epoch 96, val_loss 0.0121, val_mae 0.1111, val_rmse 0.1506, val_r2 0.6938, val_pearson 0.8375, lr 9.00e-05 ---
2026-10-01 09:02:56,396 - INFO - 
****************************************************************************************************
2026-10-01 09:02:58,210 - INFO - --- training epoch 97, loss 0.0092, mae 0.1006, rmse 0.1355, time elapsed(min) 0.03---
2026-10-01 09:02:58,434 - INFO - --- validation at epoch 97, val_loss 0.0118, val_mae 0.1105, val_rmse 0.1500, val_r2 0.6963, val_pearson 0.8389, lr 9.00e-05 ---
2026-10-01 09:02:58,434 - INFO - 
****************************************************************************************************
2026-10-01 09:03:00,275 - INFO - --- training epoch 98, loss 0.0090, mae 0.1005, rmse 0.1341, time elapsed(min) 0.03---
2026-10-01 09:03:00,657 - INFO - --- validation at epoch 98, val_loss 0.0122, val_mae 0.1107, val_rmse 0.1509, val_r2 0.6927, val_pearson 0.8380, lr 9.00e-05 ---
2026-10-01 09:03:00,657 - INFO - 
****************************************************************************************************
2026-10-01 09:03:02,808 - INFO - --- training epoch 99, loss 0.0091, mae 0.1003, rmse 0.1347, time elapsed(min) 0.03---
2026-10-01 09:03:03,203 - INFO - --- validation at epoch 99, val_loss 0.0115, val_mae 0.1084, val_rmse 0.1476, val_r2 0.7059, val_pearson 0.8422, lr 9.00e-05 ---
2026-10-01 09:03:03,203 - INFO - 
****************************************************************************************************
2026-10-01 09:03:05,268 - INFO - --- training epoch 100, loss 0.0091, mae 0.1004, rmse 0.1348, time elapsed(min) 0.03---
2026-10-01 09:03:05,495 - INFO - --- validation at epoch 100, val_loss 0.0115, val_mae 0.1084, val_rmse 0.1476, val_r2 0.7059, val_pearson 0.8429, lr 9.00e-05 ---
2026-10-01 09:03:05,495 - INFO - 
****************************************************************************************************
2026-10-01 09:03:07,497 - INFO - --- training epoch 101, loss 0.0090, mae 0.1000, rmse 0.1340, time elapsed(min) 0.03---
2026-10-01 09:03:07,742 - INFO - --- validation at epoch 101, val_loss 0.0116, val_mae 0.1087, val_rmse 0.1476, val_r2 0.7058, val_pearson 0.8435, lr 9.00e-05 ---
2026-10-01 09:03:07,742 - INFO - 
****************************************************************************************************
2026-10-01 09:03:09,603 - INFO - --- training epoch 102, loss 0.0093, mae 0.1014, rmse 0.1360, time elapsed(min) 0.03---
2026-10-01 09:03:10,030 - INFO - --- validation at epoch 102, val_loss 0.0120, val_mae 0.1103, val_rmse 0.1500, val_r2 0.6963, val_pearson 0.8398, lr 9.00e-05 ---
2026-10-01 09:03:10,030 - INFO - 
****************************************************************************************************
2026-10-01 09:03:11,984 - INFO - --- training epoch 103, loss 0.0091, mae 0.0998, rmse 0.1350, time elapsed(min) 0.03---
2026-10-01 09:03:12,221 - INFO - --- validation at epoch 103, val_loss 0.0115, val_mae 0.1082, val_rmse 0.1470, val_r2 0.7082, val_pearson 0.8429, lr 9.00e-05 ---
2026-10-01 09:03:12,221 - INFO - 
****************************************************************************************************
2026-10-01 09:03:14,090 - INFO - --- training epoch 104, loss 0.0090, mae 0.0999, rmse 0.1340, time elapsed(min) 0.03---
2026-10-01 09:03:14,323 - INFO - --- validation at epoch 104, val_loss 0.0120, val_mae 0.1104, val_rmse 0.1498, val_r2 0.6970, val_pearson 0.8397, lr 9.00e-05 ---
2026-10-01 09:03:14,323 - INFO - 
****************************************************************************************************
2026-10-01 09:03:16,177 - INFO - --- training epoch 105, loss 0.0090, mae 0.0995, rmse 0.1341, time elapsed(min) 0.03---
2026-10-01 09:03:16,574 - INFO - --- validation at epoch 105, val_loss 0.0117, val_mae 0.1094, val_rmse 0.1486, val_r2 0.7018, val_pearson 0.8406, lr 9.00e-05 ---
2026-10-01 09:03:16,574 - INFO - 
****************************************************************************************************
2026-10-01 09:03:18,662 - INFO - --- training epoch 106, loss 0.0091, mae 0.1002, rmse 0.1349, time elapsed(min) 0.03---
2026-10-01 09:03:18,887 - INFO - --- validation at epoch 106, val_loss 0.0116, val_mae 0.1086, val_rmse 0.1480, val_r2 0.7042, val_pearson 0.8415, lr 9.00e-05 ---
2026-10-01 09:03:18,887 - INFO - 
****************************************************************************************************
2026-10-01 09:03:20,962 - INFO - --- training epoch 107, loss 0.0092, mae 0.1007, rmse 0.1354, time elapsed(min) 0.03---
2026-10-01 09:03:21,191 - INFO - --- validation at epoch 107, val_loss 0.0114, val_mae 0.1077, val_rmse 0.1472, val_r2 0.7077, val_pearson 0.8430, lr 9.00e-05 ---
2026-10-01 09:03:21,191 - INFO - 
****************************************************************************************************
2026-10-01 09:03:23,190 - INFO - --- training epoch 108, loss 0.0090, mae 0.0999, rmse 0.1344, time elapsed(min) 0.03---
2026-10-01 09:03:23,429 - INFO - --- validation at epoch 108, val_loss 0.0116, val_mae 0.1095, val_rmse 0.1487, val_r2 0.7017, val_pearson 0.8415, lr 9.00e-05 ---
2026-10-01 09:03:23,429 - INFO - 
****************************************************************************************************
2026-10-01 09:03:25,384 - INFO - --- training epoch 109, loss 0.0089, mae 0.0994, rmse 0.1336, time elapsed(min) 0.03---
2026-10-01 09:03:25,807 - INFO - --- validation at epoch 109, val_loss 0.0118, val_mae 0.1099, val_rmse 0.1497, val_r2 0.6976, val_pearson 0.8405, lr 9.00e-05 ---
2026-10-01 09:03:25,807 - INFO - 
****************************************************************************************************
2026-10-01 09:03:27,791 - INFO - --- training epoch 110, loss 0.0089, mae 0.0993, rmse 0.1333, time elapsed(min) 0.03---
2026-10-01 09:03:28,026 - INFO - --- validation at epoch 110, val_loss 0.0116, val_mae 0.1077, val_rmse 0.1477, val_r2 0.7055, val_pearson 0.8423, lr 9.00e-05 ---
2026-10-01 09:03:28,026 - INFO - 
****************************************************************************************************
2026-10-01 09:03:29,874 - INFO - --- training epoch 111, loss 0.0090, mae 0.1001, rmse 0.1343, time elapsed(min) 0.03---
2026-10-01 09:03:30,102 - INFO - --- validation at epoch 111, val_loss 0.0123, val_mae 0.1125, val_rmse 0.1523, val_r2 0.6870, val_pearson 0.8388, lr 9.00e-05 ---
2026-10-01 09:03:30,102 - INFO - 
****************************************************************************************************
2026-10-01 09:03:32,020 - INFO - --- training epoch 112, loss 0.0089, mae 0.0997, rmse 0.1335, time elapsed(min) 0.03---
2026-10-01 09:03:32,428 - INFO - --- validation at epoch 112, val_loss 0.0121, val_mae 0.1110, val_rmse 0.1513, val_r2 0.6911, val_pearson 0.8385, lr 9.00e-05 ---
2026-10-01 09:03:32,428 - INFO - 
****************************************************************************************************
2026-10-01 09:03:34,581 - INFO - --- training epoch 113, loss 0.0088, mae 0.0989, rmse 0.1329, time elapsed(min) 0.03---
2026-10-01 09:03:34,815 - INFO - --- validation at epoch 113, val_loss 0.0117, val_mae 0.1098, val_rmse 0.1490, val_r2 0.7004, val_pearson 0.8424, lr 9.00e-05 ---
2026-10-01 09:03:34,815 - INFO - 
****************************************************************************************************
2026-10-01 09:03:36,717 - INFO - --- training epoch 114, loss 0.0087, mae 0.0982, rmse 0.1320, time elapsed(min) 0.03---
2026-10-01 09:03:36,945 - INFO - --- validation at epoch 114, val_loss 0.0120, val_mae 0.1102, val_rmse 0.1496, val_r2 0.6979, val_pearson 0.8399, lr 9.00e-05 ---
2026-10-01 09:03:36,945 - INFO - 
****************************************************************************************************
2026-10-01 09:03:38,783 - INFO - --- training epoch 115, loss 0.0088, mae 0.0995, rmse 0.1328, time elapsed(min) 0.03---
2026-10-01 09:03:39,186 - INFO - --- validation at epoch 115, val_loss 0.0117, val_mae 0.1086, val_rmse 0.1482, val_r2 0.7036, val_pearson 0.8431, lr 9.00e-05 ---
2026-10-01 09:03:39,186 - INFO - 
****************************************************************************************************
2026-10-01 09:03:41,202 - INFO - --- training epoch 116, loss 0.0088, mae 0.0986, rmse 0.1325, time elapsed(min) 0.03---
2026-10-01 09:03:41,764 - INFO - --- validation at epoch 116, val_loss 0.0117, val_mae 0.1100, val_rmse 0.1486, val_r2 0.7018, val_pearson 0.8449, lr 9.00e-05 ---
2026-10-01 09:03:41,765 - INFO - 
****************************************************************************************************
2026-10-01 09:03:43,689 - INFO - --- training epoch 117, loss 0.0089, mae 0.0991, rmse 0.1332, time elapsed(min) 0.03---
2026-10-01 09:03:43,919 - INFO - --- validation at epoch 117, val_loss 0.0115, val_mae 0.1081, val_rmse 0.1475, val_r2 0.7063, val_pearson 0.8434, lr 9.00e-05 ---
2026-10-01 09:03:43,919 - INFO - 
****************************************************************************************************
2026-10-01 09:03:45,766 - INFO - --- training epoch 118, loss 0.0087, mae 0.0982, rmse 0.1320, time elapsed(min) 0.03---
2026-10-01 09:03:46,022 - INFO - --- validation at epoch 118, val_loss 0.0117, val_mae 0.1097, val_rmse 0.1491, val_r2 0.6998, val_pearson 0.8422, lr 9.00e-05 ---
2026-10-01 09:03:46,022 - INFO - 
****************************************************************************************************
2026-10-01 09:03:47,994 - INFO - --- training epoch 119, loss 0.0086, mae 0.0969, rmse 0.1311, time elapsed(min) 0.03---
2026-10-01 09:03:48,404 - INFO - --- validation at epoch 119, val_loss 0.0107, val_mae 0.1050, val_rmse 0.1444, val_r2 0.7184, val_pearson 0.8485, lr 2.70e-05 ---
2026-10-01 09:03:48,404 - INFO - 
****************************************************************************************************
2026-10-01 09:03:50,541 - INFO - --- training epoch 120, loss 0.0087, mae 0.0978, rmse 0.1316, time elapsed(min) 0.03---
2026-10-01 09:03:50,768 - INFO - --- validation at epoch 120, val_loss 0.0106, val_mae 0.1046, val_rmse 0.1442, val_r2 0.7195, val_pearson 0.8485, lr 2.70e-05 ---
2026-10-01 09:03:50,768 - INFO - 
****************************************************************************************************
2026-10-01 09:03:52,816 - INFO - --- training epoch 121, loss 0.0085, mae 0.0968, rmse 0.1304, time elapsed(min) 0.03---
2026-10-01 09:03:53,053 - INFO - --- validation at epoch 121, val_loss 0.0107, val_mae 0.1052, val_rmse 0.1447, val_r2 0.7173, val_pearson 0.8469, lr 2.70e-05 ---
2026-10-01 09:03:53,053 - INFO - 
****************************************************************************************************
2026-10-01 09:03:55,052 - INFO - --- training epoch 122, loss 0.0088, mae 0.0978, rmse 0.1323, time elapsed(min) 0.03---
2026-10-01 09:03:55,449 - INFO - --- validation at epoch 122, val_loss 0.0106, val_mae 0.1050, val_rmse 0.1446, val_r2 0.7176, val_pearson 0.8474, lr 2.70e-05 ---
2026-10-01 09:03:55,449 - INFO - 
****************************************************************************************************
2026-10-01 09:03:57,689 - INFO - --- training epoch 123, loss 0.0087, mae 0.0979, rmse 0.1315, time elapsed(min) 0.03---
2026-10-01 09:03:57,919 - INFO - --- validation at epoch 123, val_loss 0.0107, val_mae 0.1054, val_rmse 0.1449, val_r2 0.7165, val_pearson 0.8465, lr 2.70e-05 ---
2026-10-01 09:03:57,919 - INFO - 
****************************************************************************************************
2026-10-01 09:03:59,757 - INFO - --- training epoch 124, loss 0.0084, mae 0.0965, rmse 0.1299, time elapsed(min) 0.03---
2026-10-01 09:03:59,989 - INFO - --- validation at epoch 124, val_loss 0.0106, val_mae 0.1050, val_rmse 0.1445, val_r2 0.7182, val_pearson 0.8475, lr 2.70e-05 ---
2026-10-01 09:03:59,989 - INFO - 
****************************************************************************************************
2026-10-01 09:04:01,927 - INFO - --- training epoch 125, loss 0.0086, mae 0.0977, rmse 0.1314, time elapsed(min) 0.03---
2026-10-01 09:04:02,296 - INFO - --- validation at epoch 125, val_loss 0.0106, val_mae 0.1047, val_rmse 0.1443, val_r2 0.7190, val_pearson 0.8480, lr 2.70e-05 ---
2026-10-01 09:04:02,296 - INFO - 
****************************************************************************************************
2026-10-01 09:04:04,469 - INFO - --- training epoch 126, loss 0.0086, mae 0.0972, rmse 0.1311, time elapsed(min) 0.03---
2026-10-01 09:04:04,724 - INFO - --- validation at epoch 126, val_loss 0.0107, val_mae 0.1052, val_rmse 0.1447, val_r2 0.7174, val_pearson 0.8472, lr 2.70e-05 ---
2026-10-01 09:04:04,724 - INFO - 
****************************************************************************************************
2026-10-01 09:04:06,672 - INFO - --- training epoch 127, loss 0.0084, mae 0.0968, rmse 0.1296, time elapsed(min) 0.03---
2026-10-01 09:04:06,897 - INFO - --- validation at epoch 127, val_loss 0.0107, val_mae 0.1054, val_rmse 0.1448, val_r2 0.7168, val_pearson 0.8470, lr 2.70e-05 ---
2026-10-01 09:04:06,897 - INFO - 
****************************************************************************************************
2026-10-01 09:04:08,747 - INFO - --- training epoch 128, loss 0.0085, mae 0.0963, rmse 0.1302, time elapsed(min) 0.03---
2026-10-01 09:04:08,974 - INFO - --- validation at epoch 128, val_loss 0.0106, val_mae 0.1055, val_rmse 0.1447, val_r2 0.7173, val_pearson 0.8470, lr 2.70e-05 ---
2026-10-01 09:04:08,974 - INFO - 
****************************************************************************************************
2026-10-01 09:04:10,980 - INFO - --- training epoch 129, loss 0.0086, mae 0.0976, rmse 0.1309, time elapsed(min) 0.03---
2026-10-01 09:04:11,405 - INFO - --- validation at epoch 129, val_loss 0.0106, val_mae 0.1051, val_rmse 0.1445, val_r2 0.7181, val_pearson 0.8477, lr 2.70e-05 ---
2026-10-01 09:04:11,405 - INFO - 
****************************************************************************************************
2026-10-01 09:04:13,374 - INFO - --- training epoch 130, loss 0.0084, mae 0.0969, rmse 0.1298, time elapsed(min) 0.03---
2026-10-01 09:04:13,601 - INFO - --- validation at epoch 130, val_loss 0.0106, val_mae 0.1050, val_rmse 0.1444, val_r2 0.7187, val_pearson 0.8480, lr 2.70e-05 ---
2026-10-01 09:04:13,601 - INFO - 
****************************************************************************************************
2026-10-01 09:04:15,452 - INFO - --- training epoch 131, loss 0.0086, mae 0.0973, rmse 0.1311, time elapsed(min) 0.03---
2026-10-01 09:04:15,680 - INFO - --- validation at epoch 131, val_loss 0.0106, val_mae 0.1052, val_rmse 0.1447, val_r2 0.7172, val_pearson 0.8473, lr 2.70e-05 ---
2026-10-01 09:04:15,680 - INFO - 
****************************************************************************************************
2026-10-01 09:04:17,607 - INFO - --- training epoch 132, loss 0.0084, mae 0.0966, rmse 0.1296, time elapsed(min) 0.03---
2026-10-01 09:04:18,026 - INFO - --- validation at epoch 132, val_loss 0.0105, val_mae 0.1047, val_rmse 0.1439, val_r2 0.7206, val_pearson 0.8489, lr 2.70e-05 ---
2026-10-01 09:04:18,026 - INFO - 
****************************************************************************************************
2026-10-01 09:04:20,074 - INFO - --- training epoch 133, loss 0.0085, mae 0.0965, rmse 0.1302, time elapsed(min) 0.03---
2026-10-01 09:04:20,299 - INFO - --- validation at epoch 133, val_loss 0.0106, val_mae 0.1051, val_rmse 0.1445, val_r2 0.7180, val_pearson 0.8473, lr 2.70e-05 ---
2026-10-01 09:04:20,299 - INFO - 
****************************************************************************************************
2026-10-01 09:04:22,261 - INFO - --- training epoch 134, loss 0.0085, mae 0.0970, rmse 0.1306, time elapsed(min) 0.03---
2026-10-01 09:04:22,489 - INFO - --- validation at epoch 134, val_loss 0.0106, val_mae 0.1046, val_rmse 0.1441, val_r2 0.7198, val_pearson 0.8486, lr 2.70e-05 ---
2026-10-01 09:04:22,490 - INFO - 
****************************************************************************************************
2026-10-01 09:04:24,416 - INFO - --- training epoch 135, loss 0.0086, mae 0.0973, rmse 0.1313, time elapsed(min) 0.03---
2026-10-01 09:04:24,814 - INFO - --- validation at epoch 135, val_loss 0.0106, val_mae 0.1044, val_rmse 0.1441, val_r2 0.7196, val_pearson 0.8485, lr 2.70e-05 ---
2026-10-01 09:04:24,814 - INFO - 
****************************************************************************************************
2026-10-01 09:04:27,089 - INFO - --- training epoch 136, loss 0.0084, mae 0.0962, rmse 0.1300, time elapsed(min) 0.03---
2026-10-01 09:04:27,351 - INFO - --- validation at epoch 136, val_loss 0.0106, val_mae 0.1052, val_rmse 0.1445, val_r2 0.7180, val_pearson 0.8474, lr 2.70e-05 ---
2026-10-01 09:04:27,351 - INFO - 
****************************************************************************************************
2026-10-01 09:04:29,209 - INFO - --- training epoch 137, loss 0.0084, mae 0.0961, rmse 0.1296, time elapsed(min) 0.03---
2026-10-01 09:04:29,438 - INFO - --- validation at epoch 137, val_loss 0.0106, val_mae 0.1047, val_rmse 0.1440, val_r2 0.7200, val_pearson 0.8491, lr 2.70e-05 ---
2026-10-01 09:04:29,438 - INFO - 
****************************************************************************************************
2026-10-01 09:04:31,279 - INFO - --- training epoch 138, loss 0.0084, mae 0.0962, rmse 0.1296, time elapsed(min) 0.03---
2026-10-01 09:04:31,649 - INFO - --- validation at epoch 138, val_loss 0.0105, val_mae 0.1045, val_rmse 0.1439, val_r2 0.7204, val_pearson 0.8489, lr 2.70e-05 ---
2026-10-01 09:04:31,649 - INFO - 
****************************************************************************************************
2026-10-01 09:04:33,733 - INFO - --- training epoch 139, loss 0.0086, mae 0.0967, rmse 0.1311, time elapsed(min) 0.03---
2026-10-01 09:04:33,962 - INFO - --- validation at epoch 139, val_loss 0.0106, val_mae 0.1054, val_rmse 0.1444, val_r2 0.7187, val_pearson 0.8478, lr 2.70e-05 ---
2026-10-01 09:04:33,962 - INFO - 
****************************************************************************************************
2026-10-01 09:04:35,768 - INFO - --- training epoch 140, loss 0.0084, mae 0.0953, rmse 0.1294, time elapsed(min) 0.03---
2026-10-01 09:04:35,997 - INFO - --- validation at epoch 140, val_loss 0.0107, val_mae 0.1056, val_rmse 0.1448, val_r2 0.7168, val_pearson 0.8467, lr 2.70e-05 ---
2026-10-01 09:04:35,997 - INFO - 
****************************************************************************************************
2026-10-01 09:04:37,839 - INFO - --- training epoch 141, loss 0.0085, mae 0.0967, rmse 0.1305, time elapsed(min) 0.03---
2026-10-01 09:04:38,072 - INFO - --- validation at epoch 141, val_loss 0.0105, val_mae 0.1047, val_rmse 0.1441, val_r2 0.7196, val_pearson 0.8487, lr 2.70e-05 ---
2026-10-01 09:04:38,072 - INFO - 
****************************************************************************************************
2026-10-01 09:04:40,092 - INFO - --- training epoch 142, loss 0.0085, mae 0.0968, rmse 0.1305, time elapsed(min) 0.03---
2026-10-01 09:04:40,517 - INFO - --- validation at epoch 142, val_loss 0.0105, val_mae 0.1045, val_rmse 0.1439, val_r2 0.7203, val_pearson 0.8488, lr 2.70e-05 ---
2026-10-01 09:04:40,517 - INFO - 
****************************************************************************************************
2026-10-01 09:04:42,482 - INFO - --- training epoch 143, loss 0.0086, mae 0.0972, rmse 0.1308, time elapsed(min) 0.03---
2026-10-01 09:04:42,715 - INFO - --- validation at epoch 143, val_loss 0.0106, val_mae 0.1047, val_rmse 0.1441, val_r2 0.7196, val_pearson 0.8484, lr 2.70e-05 ---
2026-10-01 09:04:42,715 - INFO - 
****************************************************************************************************
2026-10-01 09:04:44,549 - INFO - --- training epoch 144, loss 0.0085, mae 0.0971, rmse 0.1303, time elapsed(min) 0.03---
2026-10-01 09:04:44,781 - INFO - --- validation at epoch 144, val_loss 0.0106, val_mae 0.1056, val_rmse 0.1448, val_r2 0.7169, val_pearson 0.8468, lr 2.70e-05 ---
2026-10-01 09:04:44,781 - INFO - 
****************************************************************************************************
2026-10-01 09:04:46,634 - INFO - --- training epoch 145, loss 0.0084, mae 0.0965, rmse 0.1297, time elapsed(min) 0.03---
2026-10-01 09:04:47,032 - INFO - --- validation at epoch 145, val_loss 0.0106, val_mae 0.1043, val_rmse 0.1440, val_r2 0.7203, val_pearson 0.8491, lr 2.70e-05 ---
2026-10-01 09:04:47,032 - INFO - 
****************************************************************************************************
2026-10-01 09:04:49,119 - INFO - --- training epoch 146, loss 0.0083, mae 0.0955, rmse 0.1290, time elapsed(min) 0.03---
2026-10-01 09:04:49,353 - INFO - --- validation at epoch 146, val_loss 0.0105, val_mae 0.1047, val_rmse 0.1440, val_r2 0.7202, val_pearson 0.8488, lr 2.70e-05 ---
2026-10-01 09:04:49,353 - INFO - 
****************************************************************************************************
2026-10-01 09:04:51,175 - INFO - --- training epoch 147, loss 0.0085, mae 0.0963, rmse 0.1302, time elapsed(min) 0.03---
2026-10-01 09:04:51,403 - INFO - --- validation at epoch 147, val_loss 0.0106, val_mae 0.1046, val_rmse 0.1439, val_r2 0.7204, val_pearson 0.8489, lr 2.70e-05 ---
2026-10-01 09:04:51,403 - INFO - 
****************************************************************************************************
2026-10-01 09:04:53,279 - INFO - --- training epoch 148, loss 0.0084, mae 0.0958, rmse 0.1297, time elapsed(min) 0.03---
2026-10-01 09:04:53,665 - INFO - --- validation at epoch 148, val_loss 0.0106, val_mae 0.1056, val_rmse 0.1448, val_r2 0.7168, val_pearson 0.8467, lr 2.70e-05 ---
2026-10-01 09:04:53,665 - INFO - 
****************************************************************************************************
2026-10-01 09:04:55,874 - INFO - --- training epoch 149, loss 0.0085, mae 0.0966, rmse 0.1305, time elapsed(min) 0.03---
2026-10-01 09:04:56,105 - INFO - --- validation at epoch 149, val_loss 0.0105, val_mae 0.1051, val_rmse 0.1443, val_r2 0.7189, val_pearson 0.8479, lr 2.70e-05 ---
2026-10-01 09:04:56,105 - INFO - 
****************************************************************************************************
2026-10-01 09:04:57,999 - INFO - --- training epoch 150, loss 0.0084, mae 0.0960, rmse 0.1295, time elapsed(min) 0.03---
2026-10-01 09:04:58,270 - INFO - --- validation at epoch 150, val_loss 0.0105, val_mae 0.1051, val_rmse 0.1442, val_r2 0.7195, val_pearson 0.8483, lr 2.70e-05 ---
2026-10-01 09:04:58,270 - INFO - 
****************************************************************************************************
2026-10-01 09:05:00,232 - INFO - --- training epoch 151, loss 0.0083, mae 0.0954, rmse 0.1287, time elapsed(min) 0.03---
2026-10-01 09:05:00,461 - INFO - --- validation at epoch 151, val_loss 0.0105, val_mae 0.1041, val_rmse 0.1442, val_r2 0.7192, val_pearson 0.8490, lr 2.70e-05 ---
2026-10-01 09:05:00,461 - INFO - 
****************************************************************************************************
2026-10-01 09:05:02,444 - INFO - --- training epoch 152, loss 0.0085, mae 0.0960, rmse 0.1305, time elapsed(min) 0.03---
2026-10-01 09:05:02,872 - INFO - --- validation at epoch 152, val_loss 0.0105, val_mae 0.1051, val_rmse 0.1443, val_r2 0.7188, val_pearson 0.8478, lr 2.70e-05 ---
2026-10-01 09:05:02,872 - INFO - 
****************************************************************************************************
2026-10-01 09:05:04,911 - INFO - --- training epoch 153, loss 0.0082, mae 0.0955, rmse 0.1284, time elapsed(min) 0.03---
2026-10-01 09:05:05,141 - INFO - --- validation at epoch 153, val_loss 0.0106, val_mae 0.1050, val_rmse 0.1442, val_r2 0.7194, val_pearson 0.8483, lr 8.10e-06 ---
2026-10-01 09:05:05,141 - INFO - 
****************************************************************************************************
2026-10-01 09:05:07,159 - INFO - --- training epoch 154, loss 0.0082, mae 0.0949, rmse 0.1283, time elapsed(min) 0.03---
2026-10-01 09:05:07,391 - INFO - --- validation at epoch 154, val_loss 0.0105, val_mae 0.1045, val_rmse 0.1440, val_r2 0.7200, val_pearson 0.8492, lr 8.10e-06 ---
2026-10-01 09:05:07,392 - INFO - 
****************************************************************************************************
2026-10-01 09:05:09,247 - INFO - --- training epoch 155, loss 0.0082, mae 0.0948, rmse 0.1277, time elapsed(min) 0.03---
2026-10-01 09:05:09,641 - INFO - --- validation at epoch 155, val_loss 0.0105, val_mae 0.1044, val_rmse 0.1438, val_r2 0.7209, val_pearson 0.8494, lr 8.10e-06 ---
2026-10-01 09:05:09,641 - INFO - 
****************************************************************************************************
2026-10-01 09:05:11,738 - INFO - --- training epoch 156, loss 0.0082, mae 0.0948, rmse 0.1281, time elapsed(min) 0.03---
2026-10-01 09:05:11,972 - INFO - --- validation at epoch 156, val_loss 0.0105, val_mae 0.1043, val_rmse 0.1438, val_r2 0.7207, val_pearson 0.8496, lr 8.10e-06 ---
2026-10-01 09:05:11,972 - INFO - 
****************************************************************************************************
2026-10-01 09:05:13,816 - INFO - --- training epoch 157, loss 0.0083, mae 0.0960, rmse 0.1288, time elapsed(min) 0.03---
2026-10-01 09:05:14,056 - INFO - --- validation at epoch 157, val_loss 0.0105, val_mae 0.1043, val_rmse 0.1438, val_r2 0.7210, val_pearson 0.8494, lr 8.10e-06 ---
2026-10-01 09:05:14,056 - INFO - 
****************************************************************************************************
2026-10-01 09:05:15,983 - INFO - --- training epoch 158, loss 0.0083, mae 0.0956, rmse 0.1292, time elapsed(min) 0.03---
2026-10-01 09:05:16,374 - INFO - --- validation at epoch 158, val_loss 0.0105, val_mae 0.1044, val_rmse 0.1439, val_r2 0.7205, val_pearson 0.8492, lr 8.10e-06 ---
2026-10-01 09:05:16,374 - INFO - 
****************************************************************************************************
2026-10-01 09:05:18,476 - INFO - --- training epoch 159, loss 0.0083, mae 0.0949, rmse 0.1287, time elapsed(min) 0.03---
2026-10-01 09:05:18,709 - INFO - --- validation at epoch 159, val_loss 0.0105, val_mae 0.1042, val_rmse 0.1436, val_r2 0.7216, val_pearson 0.8501, lr 8.10e-06 ---
2026-10-01 09:05:18,709 - INFO - 
****************************************************************************************************
2026-10-01 09:05:20,666 - INFO - --- training epoch 160, loss 0.0082, mae 0.0939, rmse 0.1278, time elapsed(min) 0.03---
2026-10-01 09:05:20,925 - INFO - --- validation at epoch 160, val_loss 0.0105, val_mae 0.1042, val_rmse 0.1437, val_r2 0.7214, val_pearson 0.8496, lr 8.10e-06 ---
2026-10-01 09:05:20,925 - INFO - 
****************************************************************************************************
2026-10-01 09:05:22,759 - INFO - --- training epoch 161, loss 0.0084, mae 0.0959, rmse 0.1296, time elapsed(min) 0.03---
2026-10-01 09:05:23,129 - INFO - --- validation at epoch 161, val_loss 0.0105, val_mae 0.1040, val_rmse 0.1437, val_r2 0.7212, val_pearson 0.8497, lr 8.10e-06 ---
2026-10-01 09:05:23,129 - INFO - 
****************************************************************************************************
2026-10-01 09:05:25,147 - INFO - --- training epoch 162, loss 0.0082, mae 0.0949, rmse 0.1280, time elapsed(min) 0.03---
2026-10-01 09:05:25,589 - INFO - --- validation at epoch 162, val_loss 0.0105, val_mae 0.1041, val_rmse 0.1436, val_r2 0.7216, val_pearson 0.8497, lr 8.10e-06 ---
2026-10-01 09:05:25,589 - INFO - 
****************************************************************************************************
2026-10-01 09:05:27,843 - INFO - --- training epoch 163, loss 0.0081, mae 0.0944, rmse 0.1272, time elapsed(min) 0.03---
2026-10-01 09:05:28,075 - INFO - --- validation at epoch 163, val_loss 0.0105, val_mae 0.1042, val_rmse 0.1437, val_r2 0.7212, val_pearson 0.8497, lr 8.10e-06 ---
2026-10-01 09:05:28,075 - INFO - 
****************************************************************************************************
2026-10-01 09:05:29,920 - INFO - --- training epoch 164, loss 0.0081, mae 0.0943, rmse 0.1271, time elapsed(min) 0.03---
2026-10-01 09:05:30,150 - INFO - --- validation at epoch 164, val_loss 0.0105, val_mae 0.1047, val_rmse 0.1438, val_r2 0.7207, val_pearson 0.8489, lr 2.43e-06 ---
2026-10-01 09:05:30,150 - INFO - 
****************************************************************************************************
2026-10-01 09:05:32,011 - INFO - --- training epoch 165, loss 0.0081, mae 0.0942, rmse 0.1273, time elapsed(min) 0.03---
2026-10-01 09:05:32,440 - INFO - --- validation at epoch 165, val_loss 0.0105, val_mae 0.1045, val_rmse 0.1437, val_r2 0.7213, val_pearson 0.8494, lr 2.43e-06 ---
2026-10-01 09:05:32,440 - INFO - 
****************************************************************************************************
2026-10-01 09:05:34,548 - INFO - --- training epoch 166, loss 0.0080, mae 0.0938, rmse 0.1265, time elapsed(min) 0.03---
2026-10-01 09:05:34,783 - INFO - --- validation at epoch 166, val_loss 0.0105, val_mae 0.1045, val_rmse 0.1437, val_r2 0.7212, val_pearson 0.8492, lr 2.43e-06 ---
2026-10-01 09:05:34,784 - INFO - 
****************************************************************************************************
2026-10-01 09:05:36,623 - INFO - --- training epoch 167, loss 0.0081, mae 0.0946, rmse 0.1273, time elapsed(min) 0.03---
2026-10-01 09:05:36,859 - INFO - --- validation at epoch 167, val_loss 0.0105, val_mae 0.1043, val_rmse 0.1436, val_r2 0.7216, val_pearson 0.8496, lr 2.43e-06 ---
2026-10-01 09:05:36,859 - INFO - 
****************************************************************************************************
2026-10-01 09:05:38,726 - INFO - --- training epoch 168, loss 0.0083, mae 0.0953, rmse 0.1288, time elapsed(min) 0.03---
2026-10-01 09:05:39,111 - INFO - --- validation at epoch 168, val_loss 0.0105, val_mae 0.1043, val_rmse 0.1436, val_r2 0.7217, val_pearson 0.8495, lr 2.43e-06 ---
2026-10-01 09:05:39,111 - INFO - 
****************************************************************************************************
2026-10-01 09:05:41,399 - INFO - --- training epoch 169, loss 0.0082, mae 0.0944, rmse 0.1277, time elapsed(min) 0.03---
2026-10-01 09:05:41,627 - INFO - --- validation at epoch 169, val_loss 0.0105, val_mae 0.1044, val_rmse 0.1436, val_r2 0.7215, val_pearson 0.8494, lr 2.43e-06 ---
2026-10-01 09:05:41,627 - INFO - 
****************************************************************************************************
2026-10-01 09:05:43,459 - INFO - --- training epoch 170, loss 0.0082, mae 0.0956, rmse 0.1284, time elapsed(min) 0.03---
2026-10-01 09:05:43,691 - INFO - --- validation at epoch 170, val_loss 0.0105, val_mae 0.1043, val_rmse 0.1435, val_r2 0.7220, val_pearson 0.8497, lr 2.43e-06 ---
2026-10-01 09:05:43,691 - INFO - 
****************************************************************************************************
2026-10-01 09:05:45,556 - INFO - --- training epoch 171, loss 0.0081, mae 0.0941, rmse 0.1270, time elapsed(min) 0.03---
2026-10-01 09:05:45,930 - INFO - --- validation at epoch 171, val_loss 0.0105, val_mae 0.1043, val_rmse 0.1435, val_r2 0.7221, val_pearson 0.8498, lr 2.43e-06 ---
2026-10-01 09:05:45,930 - INFO - 
****************************************************************************************************
2026-10-01 09:05:47,881 - INFO - --- training epoch 172, loss 0.0082, mae 0.0941, rmse 0.1278, time elapsed(min) 0.03---
2026-10-01 09:05:48,440 - INFO - --- validation at epoch 172, val_loss 0.0105, val_mae 0.1043, val_rmse 0.1435, val_r2 0.7220, val_pearson 0.8497, lr 2.43e-06 ---
2026-10-01 09:05:48,440 - INFO - 
****************************************************************************************************
2026-10-01 09:05:50,283 - INFO - --- training epoch 173, loss 0.0082, mae 0.0949, rmse 0.1281, time elapsed(min) 0.03---
2026-10-01 09:05:50,518 - INFO - --- validation at epoch 173, val_loss 0.0105, val_mae 0.1042, val_rmse 0.1434, val_r2 0.7223, val_pearson 0.8499, lr 2.43e-06 ---
2026-10-01 09:05:50,518 - INFO - 
****************************************************************************************************
2026-10-01 09:05:52,378 - INFO - --- training epoch 174, loss 0.0084, mae 0.0957, rmse 0.1293, time elapsed(min) 0.03---
2026-10-01 09:05:52,609 - INFO - --- validation at epoch 174, val_loss 0.0105, val_mae 0.1041, val_rmse 0.1434, val_r2 0.7223, val_pearson 0.8499, lr 2.43e-06 ---
2026-10-01 09:05:52,609 - INFO - 
****************************************************************************************************
2026-10-01 09:05:54,559 - INFO - --- training epoch 175, loss 0.0081, mae 0.0942, rmse 0.1271, time elapsed(min) 0.03---
2026-10-01 09:05:54,983 - INFO - --- validation at epoch 175, val_loss 0.0105, val_mae 0.1042, val_rmse 0.1435, val_r2 0.7221, val_pearson 0.8498, lr 1.00e-06 ---
2026-10-01 09:05:54,983 - INFO - 
****************************************************************************************************
2026-10-01 09:05:56,961 - INFO - --- training epoch 176, loss 0.0082, mae 0.0946, rmse 0.1279, time elapsed(min) 0.03---
2026-10-01 09:05:57,194 - INFO - --- validation at epoch 176, val_loss 0.0105, val_mae 0.1043, val_rmse 0.1435, val_r2 0.7220, val_pearson 0.8497, lr 1.00e-06 ---
2026-10-01 09:05:57,194 - INFO - 
****************************************************************************************************
2026-10-01 09:05:59,012 - INFO - --- training epoch 177, loss 0.0082, mae 0.0951, rmse 0.1284, time elapsed(min) 0.03---
2026-10-01 09:05:59,244 - INFO - --- validation at epoch 177, val_loss 0.0105, val_mae 0.1043, val_rmse 0.1435, val_r2 0.7220, val_pearson 0.8497, lr 1.00e-06 ---
2026-10-01 09:05:59,244 - INFO - 
****************************************************************************************************
2026-10-01 09:06:01,195 - INFO - --- training epoch 178, loss 0.0081, mae 0.0943, rmse 0.1270, time elapsed(min) 0.03---
2026-10-01 09:06:01,631 - INFO - --- validation at epoch 178, val_loss 0.0105, val_mae 0.1043, val_rmse 0.1436, val_r2 0.7218, val_pearson 0.8496, lr 1.00e-06 ---
2026-10-01 09:06:01,631 - INFO - 
****************************************************************************************************
2026-10-01 09:06:03,619 - INFO - --- training epoch 179, loss 0.0082, mae 0.0950, rmse 0.1279, time elapsed(min) 0.03---
2026-10-01 09:06:03,846 - INFO - --- validation at epoch 179, val_loss 0.0105, val_mae 0.1043, val_rmse 0.1436, val_r2 0.7218, val_pearson 0.8496, lr 1.00e-06 ---
2026-10-01 09:06:03,846 - INFO - 
****************************************************************************************************
2026-10-01 09:06:05,681 - INFO - --- training epoch 180, loss 0.0083, mae 0.0958, rmse 0.1289, time elapsed(min) 0.03---
2026-10-01 09:06:05,909 - INFO - --- validation at epoch 180, val_loss 0.0105, val_mae 0.1043, val_rmse 0.1435, val_r2 0.7219, val_pearson 0.8496, lr 1.00e-06 ---
2026-10-01 09:06:05,909 - INFO - 
****************************************************************************************************
2026-10-01 09:06:07,862 - INFO - --- training epoch 181, loss 0.0083, mae 0.0960, rmse 0.1285, time elapsed(min) 0.03---
2026-10-01 09:06:08,284 - INFO - --- validation at epoch 181, val_loss 0.0105, val_mae 0.1043, val_rmse 0.1435, val_r2 0.7220, val_pearson 0.8497, lr 1.00e-06 ---
2026-10-01 09:06:08,284 - INFO - 
****************************************************************************************************
2026-10-01 09:06:10,289 - INFO - --- training epoch 182, loss 0.0081, mae 0.0946, rmse 0.1274, time elapsed(min) 0.03---
2026-10-01 09:06:10,523 - INFO - --- validation at epoch 182, val_loss 0.0105, val_mae 0.1043, val_rmse 0.1435, val_r2 0.7219, val_pearson 0.8497, lr 1.00e-06 ---
2026-10-01 09:06:10,523 - INFO - 
****************************************************************************************************
2026-10-01 09:06:12,436 - INFO - --- training epoch 183, loss 0.0082, mae 0.0952, rmse 0.1278, time elapsed(min) 0.03---
2026-10-01 09:06:12,669 - INFO - --- validation at epoch 183, val_loss 0.0105, val_mae 0.1044, val_rmse 0.1436, val_r2 0.7217, val_pearson 0.8496, lr 1.00e-06 ---
2026-10-01 09:06:12,669 - INFO - 
****************************************************************************************************
2026-10-01 09:06:14,641 - INFO - --- training epoch 184, loss 0.0081, mae 0.0942, rmse 0.1273, time elapsed(min) 0.03---
2026-10-01 09:06:15,048 - INFO - --- validation at epoch 184, val_loss 0.0105, val_mae 0.1044, val_rmse 0.1436, val_r2 0.7218, val_pearson 0.8496, lr 1.00e-06 ---
2026-10-01 09:06:15,048 - INFO - 
****************************************************************************************************
2026-10-01 09:06:17,198 - INFO - --- training epoch 185, loss 0.0081, mae 0.0934, rmse 0.1270, time elapsed(min) 0.03---
2026-10-01 09:06:17,431 - INFO - --- validation at epoch 185, val_loss 0.0105, val_mae 0.1042, val_rmse 0.1435, val_r2 0.7220, val_pearson 0.8497, lr 1.00e-06 ---
2026-10-01 09:06:17,431 - INFO - 
****************************************************************************************************
2026-10-01 09:06:19,449 - INFO - --- training epoch 186, loss 0.0082, mae 0.0947, rmse 0.1281, time elapsed(min) 0.03---
2026-10-01 09:06:19,695 - INFO - --- validation at epoch 186, val_loss 0.0105, val_mae 0.1043, val_rmse 0.1435, val_r2 0.7220, val_pearson 0.8497, lr 1.00e-06 ---
2026-10-01 09:06:19,695 - INFO - 
****************************************************************************************************
2026-10-01 09:06:21,513 - INFO - --- training epoch 187, loss 0.0080, mae 0.0938, rmse 0.1268, time elapsed(min) 0.03---
2026-10-01 09:06:21,891 - INFO - --- validation at epoch 187, val_loss 0.0105, val_mae 0.1043, val_rmse 0.1436, val_r2 0.7218, val_pearson 0.8496, lr 1.00e-06 ---
2026-10-01 09:06:21,891 - INFO - 
****************************************************************************************************
2026-10-01 09:06:23,970 - INFO - --- training epoch 188, loss 0.0082, mae 0.0948, rmse 0.1283, time elapsed(min) 0.03---
2026-10-01 09:06:24,209 - INFO - --- validation at epoch 188, val_loss 0.0105, val_mae 0.1043, val_rmse 0.1436, val_r2 0.7218, val_pearson 0.8496, lr 1.00e-06 ---
2026-10-01 09:06:24,209 - INFO - 
****************************************************************************************************
2026-10-01 09:06:26,044 - INFO - --- training epoch 189, loss 0.0082, mae 0.0948, rmse 0.1282, time elapsed(min) 0.03---
2026-10-01 09:06:26,276 - INFO - --- validation at epoch 189, val_loss 0.0105, val_mae 0.1044, val_rmse 0.1436, val_r2 0.7218, val_pearson 0.8496, lr 1.00e-06 ---
2026-10-01 09:06:26,276 - INFO - 
****************************************************************************************************
2026-10-01 09:06:28,120 - INFO - --- training epoch 190, loss 0.0082, mae 0.0956, rmse 0.1283, time elapsed(min) 0.03---
2026-10-01 09:06:28,352 - INFO - --- validation at epoch 190, val_loss 0.0105, val_mae 0.1044, val_rmse 0.1436, val_r2 0.7217, val_pearson 0.8495, lr 1.00e-06 ---
2026-10-01 09:06:28,352 - INFO - 
****************************************************************************************************
2026-10-01 09:06:30,317 - INFO - --- training epoch 191, loss 0.0082, mae 0.0954, rmse 0.1278, time elapsed(min) 0.03---
2026-10-01 09:06:30,731 - INFO - --- validation at epoch 191, val_loss 0.0105, val_mae 0.1044, val_rmse 0.1436, val_r2 0.7218, val_pearson 0.8496, lr 1.00e-06 ---
2026-10-01 09:06:30,731 - INFO - 
****************************************************************************************************
2026-10-01 09:06:31,143 - INFO - --- early stopping at epoch 191: val_loss did not improve for 50 epochs ---
2026-10-01 09:06:31,414 - INFO - --- selected checkpoint from epoch 141, val_loss 0.0105, val_mae 0.1047, val_rmse 0.1441
2026-10-01 09:06:32,244 - INFO - -- RESULT
2026-10-01 09:06:32,244 - INFO - --- test size: 1728
2026-10-01 09:06:32,244 - INFO - --- MAE: 0.0936 (9.36 pp), RMSE: 0.1288 (12.88 pp), R2: 0.7874, Pearson: 0.8875
2026-10-01 09:06:34,613 - INFO - --- Suzuki-Miyaura | split_4 | approach_2: test R2 0.7874 MAE 0.0936 RMSE 0.1288 | 435.0s (2.3s/epoch)
2026-10-01 09:06:34,617 - INFO - --- Suzuki-Miyaura | split_4 | MLP control (ind/mlp) (ind/mlp)
