2026-10-01 11:31:24,342 - INFO - device is	cuda:0
2026-10-01 11:31:24,453 - INFO - -- CONFIGURATIONS
2026-10-01 11:31:24,453 - INFO - --- train/valid/test: 2491/277/1187
2026-10-01 11:31:24,453 - INFO - --- max no. reactants_train, valid, test respectively: 6, 6, 6
2026-10-01 11:31:24,453 - INFO - --- max no. products_train, valid, test respectively: 1, 1, 1
2026-10-01 11:31:24,453 - INFO - --- model_path: ../logs/approach1_server/current_model/bh/runs/fullcv08_split70/model.pt
2026-10-01 11:31:24,460 - INFO - -- TRAINING
2026-10-01 11:31:25,160 - INFO - --- training epoch 0, loss 25.1360, mae 25.6315, rmse 31.6656, time elapsed(min) 0.01---
2026-10-01 11:31:25,312 - INFO - --- validation at epoch 0, val_loss 23.4860, val_mae 25.1567, val_rmse 30.9218, val_r2 -0.1686, val_pearson -0.3289, lr 1.00e-03 ---
2026-10-01 11:31:25,312 - INFO - 
****************************************************************************************************
2026-10-01 11:31:26,446 - INFO - --- training epoch 1, loss 22.9160, mae 23.4123, rmse 28.1087, time elapsed(min) 0.01---
2026-10-01 11:31:26,605 - INFO - --- validation at epoch 1, val_loss 23.7773, val_mae 25.3936, val_rmse 31.4768, val_r2 -0.2109, val_pearson -0.3004, lr 1.00e-03 ---
2026-10-01 11:31:26,605 - INFO - 
****************************************************************************************************
2026-10-01 11:31:27,587 - INFO - --- training epoch 2, loss 22.7783, mae 23.2757, rmse 28.3862, time elapsed(min) 0.01---
2026-10-01 11:31:27,915 - INFO - --- validation at epoch 2, val_loss 22.2675, val_mae 24.1322, val_rmse 29.7315, val_r2 -0.0803, val_pearson 0.3093, lr 1.00e-03 ---
2026-10-01 11:31:27,915 - INFO - 
****************************************************************************************************
2026-10-01 11:31:28,928 - INFO - --- training epoch 3, loss 22.0930, mae 22.5901, rmse 27.2057, time elapsed(min) 0.01---
2026-10-01 11:31:29,075 - INFO - --- validation at epoch 3, val_loss 20.9728, val_mae 23.0877, val_rmse 27.5318, val_r2 0.0736, val_pearson 0.3040, lr 1.00e-03 ---
2026-10-01 11:31:29,075 - INFO - 
****************************************************************************************************
2026-10-01 11:31:29,930 - INFO - --- training epoch 4, loss 21.8188, mae 22.3133, rmse 27.1283, time elapsed(min) 0.01---
2026-10-01 11:31:30,082 - INFO - --- validation at epoch 4, val_loss 20.8613, val_mae 23.0288, val_rmse 28.4592, val_r2 0.0102, val_pearson 0.2992, lr 1.00e-03 ---
2026-10-01 11:31:30,082 - INFO - 
****************************************************************************************************
2026-10-01 11:31:31,078 - INFO - --- training epoch 5, loss 21.6494, mae 22.1456, rmse 26.8363, time elapsed(min) 0.01---
2026-10-01 11:31:31,232 - INFO - --- validation at epoch 5, val_loss 20.5775, val_mae 22.6806, val_rmse 27.5007, val_r2 0.0757, val_pearson 0.3297, lr 1.00e-03 ---
2026-10-01 11:31:31,232 - INFO - 
****************************************************************************************************
2026-10-01 11:31:32,241 - INFO - --- training epoch 6, loss 21.5115, mae 22.0080, rmse 26.7475, time elapsed(min) 0.01---
2026-10-01 11:31:32,373 - INFO - --- validation at epoch 6, val_loss 20.5090, val_mae 22.5693, val_rmse 27.5413, val_r2 0.0730, val_pearson 0.3527, lr 1.00e-03 ---
2026-10-01 11:31:32,373 - INFO - 
****************************************************************************************************
2026-10-01 11:31:33,408 - INFO - --- training epoch 7, loss 21.3051, mae 21.7996, rmse 26.4648, time elapsed(min) 0.01---
2026-10-01 11:31:33,569 - INFO - --- validation at epoch 7, val_loss 21.8105, val_mae 23.5816, val_rmse 28.9076, val_r2 -0.0213, val_pearson 0.2200, lr 1.00e-03 ---
2026-10-01 11:31:33,569 - INFO - 
****************************************************************************************************
2026-10-01 11:31:34,726 - INFO - --- training epoch 8, loss 21.6460, mae 22.1411, rmse 26.8037, time elapsed(min) 0.01---
2026-10-01 11:31:34,882 - INFO - --- validation at epoch 8, val_loss 20.6760, val_mae 22.7953, val_rmse 28.1868, val_r2 0.0290, val_pearson 0.3439, lr 1.00e-03 ---
2026-10-01 11:31:34,882 - INFO - 
****************************************************************************************************
2026-10-01 11:31:35,705 - INFO - --- training epoch 9, loss 21.2803, mae 21.7773, rmse 26.4711, time elapsed(min) 0.01---
2026-10-01 11:31:35,863 - INFO - --- validation at epoch 9, val_loss 20.2739, val_mae 22.3378, val_rmse 27.4656, val_r2 0.0781, val_pearson 0.3598, lr 1.00e-03 ---
2026-10-01 11:31:35,863 - INFO - 
****************************************************************************************************
2026-10-01 11:31:36,861 - INFO - --- training epoch 10, loss 21.0763, mae 21.5713, rmse 26.3112, time elapsed(min) 0.01---
2026-10-01 11:31:37,002 - INFO - --- validation at epoch 10, val_loss 20.3674, val_mae 22.1179, val_rmse 27.1219, val_r2 0.1010, val_pearson 0.3643, lr 1.00e-03 ---
2026-10-01 11:31:37,002 - INFO - 
****************************************************************************************************
2026-10-01 11:31:38,105 - INFO - --- training epoch 11, loss 21.1276, mae 21.6224, rmse 26.3989, time elapsed(min) 0.01---
2026-10-01 11:31:38,252 - INFO - --- validation at epoch 11, val_loss 20.2405, val_mae 22.2816, val_rmse 27.6102, val_r2 0.0683, val_pearson 0.3500, lr 1.00e-03 ---
2026-10-01 11:31:38,252 - INFO - 
****************************************************************************************************
2026-10-01 11:31:39,276 - INFO - --- training epoch 12, loss 20.9930, mae 21.4867, rmse 26.3412, time elapsed(min) 0.01---
2026-10-01 11:31:39,419 - INFO - --- validation at epoch 12, val_loss 20.1465, val_mae 22.1066, val_rmse 27.2864, val_r2 0.0901, val_pearson 0.3744, lr 1.00e-03 ---
2026-10-01 11:31:39,419 - INFO - 
****************************************************************************************************
2026-10-01 11:31:40,482 - INFO - --- training epoch 13, loss 21.0233, mae 21.5177, rmse 26.1894, time elapsed(min) 0.01---
2026-10-01 11:31:40,637 - INFO - --- validation at epoch 13, val_loss 20.3121, val_mae 22.2624, val_rmse 27.3568, val_r2 0.0854, val_pearson 0.3805, lr 1.00e-03 ---
2026-10-01 11:31:40,637 - INFO - 
****************************************************************************************************
2026-10-01 11:31:41,564 - INFO - --- training epoch 14, loss 20.9811, mae 21.4756, rmse 26.1775, time elapsed(min) 0.01---
2026-10-01 11:31:41,718 - INFO - --- validation at epoch 14, val_loss 19.9953, val_mae 21.7767, val_rmse 26.5968, val_r2 0.1355, val_pearson 0.4065, lr 1.00e-03 ---
2026-10-01 11:31:41,719 - INFO - 
****************************************************************************************************
2026-10-01 11:31:42,607 - INFO - --- training epoch 15, loss 21.2111, mae 21.7072, rmse 26.2397, time elapsed(min) 0.01---
2026-10-01 11:31:42,760 - INFO - --- validation at epoch 15, val_loss 20.1311, val_mae 22.0385, val_rmse 26.5164, val_r2 0.1407, val_pearson 0.4059, lr 1.00e-03 ---
2026-10-01 11:31:42,760 - INFO - 
****************************************************************************************************
2026-10-01 11:31:43,731 - INFO - --- training epoch 16, loss 21.0326, mae 21.5280, rmse 25.8979, time elapsed(min) 0.01---
2026-10-01 11:31:43,878 - INFO - --- validation at epoch 16, val_loss 20.2534, val_mae 21.9767, val_rmse 26.2213, val_r2 0.1597, val_pearson 0.4156, lr 1.00e-03 ---
2026-10-01 11:31:43,878 - INFO - 
****************************************************************************************************
2026-10-01 11:31:44,856 - INFO - --- training epoch 17, loss 20.9336, mae 21.4285, rmse 25.9651, time elapsed(min) 0.01---
2026-10-01 11:31:45,015 - INFO - --- validation at epoch 17, val_loss 20.5532, val_mae 22.3591, val_rmse 27.1992, val_r2 0.0959, val_pearson 0.4507, lr 1.00e-03 ---
2026-10-01 11:31:45,015 - INFO - 
****************************************************************************************************
2026-10-01 11:31:46,054 - INFO - --- training epoch 18, loss 21.2297, mae 21.7257, rmse 26.2529, time elapsed(min) 0.01---
2026-10-01 11:31:46,196 - INFO - --- validation at epoch 18, val_loss 19.9531, val_mae 21.7617, val_rmse 25.9865, val_r2 0.1747, val_pearson 0.4483, lr 1.00e-03 ---
2026-10-01 11:31:46,197 - INFO - 
****************************************************************************************************
2026-10-01 11:31:47,434 - INFO - --- training epoch 19, loss 20.7375, mae 21.2329, rmse 25.5708, time elapsed(min) 0.01---
2026-10-01 11:31:47,598 - INFO - --- validation at epoch 19, val_loss 19.8634, val_mae 21.5883, val_rmse 25.6675, val_r2 0.1948, val_pearson 0.4612, lr 1.00e-03 ---
2026-10-01 11:31:47,598 - INFO - 
****************************************************************************************************
2026-10-01 11:31:48,472 - INFO - --- training epoch 20, loss 20.5760, mae 21.0726, rmse 25.6083, time elapsed(min) 0.01---
2026-10-01 11:31:48,620 - INFO - --- validation at epoch 20, val_loss 19.9194, val_mae 21.5221, val_rmse 25.7541, val_r2 0.1894, val_pearson 0.4863, lr 1.00e-03 ---
2026-10-01 11:31:48,620 - INFO - 
****************************************************************************************************
2026-10-01 11:31:49,447 - INFO - --- training epoch 21, loss 20.3991, mae 20.8941, rmse 25.2099, time elapsed(min) 0.01---
2026-10-01 11:31:49,609 - INFO - --- validation at epoch 21, val_loss 19.8694, val_mae 21.4604, val_rmse 25.9769, val_r2 0.1753, val_pearson 0.4897, lr 1.00e-03 ---
2026-10-01 11:31:49,609 - INFO - 
****************************************************************************************************
2026-10-01 11:31:50,535 - INFO - --- training epoch 22, loss 20.0254, mae 20.5205, rmse 25.0671, time elapsed(min) 0.01---
2026-10-01 11:31:50,670 - INFO - --- validation at epoch 22, val_loss 19.5966, val_mae 21.0390, val_rmse 25.4696, val_r2 0.2072, val_pearson 0.5001, lr 1.00e-03 ---
2026-10-01 11:31:50,670 - INFO - 
****************************************************************************************************
2026-10-01 11:31:51,827 - INFO - --- training epoch 23, loss 20.1846, mae 20.6805, rmse 25.1905, time elapsed(min) 0.01---
2026-10-01 11:31:51,989 - INFO - --- validation at epoch 23, val_loss 19.7258, val_mae 20.9699, val_rmse 25.2503, val_r2 0.2208, val_pearson 0.4915, lr 1.00e-03 ---
2026-10-01 11:31:51,989 - INFO - 
****************************************************************************************************
2026-10-01 11:31:52,984 - INFO - --- training epoch 24, loss 19.8999, mae 20.3951, rmse 24.9924, time elapsed(min) 0.01---
2026-10-01 11:31:53,308 - INFO - --- validation at epoch 24, val_loss 19.5056, val_mae 20.9850, val_rmse 25.7184, val_r2 0.1916, val_pearson 0.4781, lr 1.00e-03 ---
2026-10-01 11:31:53,308 - INFO - 
****************************************************************************************************
2026-10-01 11:31:54,331 - INFO - --- training epoch 25, loss 20.1878, mae 20.6830, rmse 25.3106, time elapsed(min) 0.01---
2026-10-01 11:31:54,489 - INFO - --- validation at epoch 25, val_loss 19.5767, val_mae 21.1001, val_rmse 25.8093, val_r2 0.1859, val_pearson 0.5062, lr 1.00e-03 ---
2026-10-01 11:31:54,489 - INFO - 
****************************************************************************************************
2026-10-01 11:31:55,306 - INFO - --- training epoch 26, loss 19.9591, mae 20.4551, rmse 24.9384, time elapsed(min) 0.01---
2026-10-01 11:31:55,462 - INFO - --- validation at epoch 26, val_loss 19.4649, val_mae 20.9532, val_rmse 25.5979, val_r2 0.1992, val_pearson 0.5242, lr 1.00e-03 ---
2026-10-01 11:31:55,462 - INFO - 
****************************************************************************************************
2026-10-01 11:31:56,517 - INFO - --- training epoch 27, loss 20.2128, mae 20.7088, rmse 25.2837, time elapsed(min) 0.01---
2026-10-01 11:31:56,676 - INFO - --- validation at epoch 27, val_loss 20.1479, val_mae 21.6090, val_rmse 26.4963, val_r2 0.1420, val_pearson 0.5146, lr 1.00e-03 ---
2026-10-01 11:31:56,676 - INFO - 
****************************************************************************************************
2026-10-01 11:31:57,811 - INFO - --- training epoch 28, loss 20.1566, mae 20.6514, rmse 25.1262, time elapsed(min) 0.01---
2026-10-01 11:31:57,951 - INFO - --- validation at epoch 28, val_loss 19.0224, val_mae 20.7058, val_rmse 25.2252, val_r2 0.2223, val_pearson 0.5232, lr 1.00e-03 ---
2026-10-01 11:31:57,951 - INFO - 
****************************************************************************************************
2026-10-01 11:31:59,005 - INFO - --- training epoch 29, loss 21.4260, mae 21.9220, rmse 27.1749, time elapsed(min) 0.01---
2026-10-01 11:31:59,155 - INFO - --- validation at epoch 29, val_loss 21.5497, val_mae 23.2019, val_rmse 26.9886, val_r2 0.1098, val_pearson 0.3642, lr 1.00e-03 ---
2026-10-01 11:31:59,155 - INFO - 
****************************************************************************************************
2026-10-01 11:32:00,112 - INFO - --- training epoch 30, loss 21.8392, mae 22.3363, rmse 26.9182, time elapsed(min) 0.01---
2026-10-01 11:32:00,260 - INFO - --- validation at epoch 30, val_loss 22.4704, val_mae 23.8215, val_rmse 29.1890, val_r2 -0.0413, val_pearson 0.3837, lr 1.00e-03 ---
2026-10-01 11:32:00,260 - INFO - 
****************************************************************************************************
2026-10-01 11:32:01,091 - INFO - --- training epoch 31, loss 19.4025, mae 19.8988, rmse 24.0377, time elapsed(min) 0.01---
2026-10-01 11:32:01,249 - INFO - --- validation at epoch 31, val_loss 15.3786, val_mae 17.2325, val_rmse 22.8840, val_r2 0.3600, val_pearson 0.6275, lr 1.00e-03 ---
2026-10-01 11:32:01,249 - INFO - 
****************************************************************************************************
2026-10-01 11:32:02,254 - INFO - --- training epoch 32, loss 16.9281, mae 17.4209, rmse 22.2259, time elapsed(min) 0.01---
2026-10-01 11:32:02,417 - INFO - --- validation at epoch 32, val_loss 15.9259, val_mae 17.9250, val_rmse 22.8784, val_r2 0.3603, val_pearson 0.6122, lr 1.00e-03 ---
2026-10-01 11:32:02,417 - INFO - 
****************************************************************************************************
2026-10-01 11:32:03,401 - INFO - --- training epoch 33, loss 16.8343, mae 17.3269, rmse 22.4412, time elapsed(min) 0.01---
2026-10-01 11:32:03,546 - INFO - --- validation at epoch 33, val_loss 15.6651, val_mae 18.1171, val_rmse 23.1443, val_r2 0.3453, val_pearson 0.5880, lr 1.00e-03 ---
2026-10-01 11:32:03,546 - INFO - 
****************************************************************************************************
2026-10-01 11:32:04,513 - INFO - --- training epoch 34, loss 17.0236, mae 17.5153, rmse 22.7233, time elapsed(min) 0.01---
2026-10-01 11:32:04,653 - INFO - --- validation at epoch 34, val_loss 16.0827, val_mae 18.0853, val_rmse 23.0629, val_r2 0.3499, val_pearson 0.6034, lr 1.00e-03 ---
2026-10-01 11:32:04,653 - INFO - 
****************************************************************************************************
2026-10-01 11:32:05,805 - INFO - --- training epoch 35, loss 16.8273, mae 17.3205, rmse 21.9964, time elapsed(min) 0.01---
2026-10-01 11:32:05,943 - INFO - --- validation at epoch 35, val_loss 15.1253, val_mae 17.5290, val_rmse 22.3078, val_r2 0.3918, val_pearson 0.6315, lr 1.00e-03 ---
2026-10-01 11:32:05,943 - INFO - 
****************************************************************************************************
2026-10-01 11:32:06,827 - INFO - --- training epoch 36, loss 16.7884, mae 17.2803, rmse 22.3251, time elapsed(min) 0.01---
2026-10-01 11:32:06,978 - INFO - --- validation at epoch 36, val_loss 15.5174, val_mae 17.8200, val_rmse 22.7356, val_r2 0.3683, val_pearson 0.6074, lr 1.00e-03 ---
2026-10-01 11:32:06,978 - INFO - 
****************************************************************************************************
2026-10-01 11:32:07,949 - INFO - --- training epoch 37, loss 16.7500, mae 17.2422, rmse 22.2675, time elapsed(min) 0.01---
2026-10-01 11:32:08,109 - INFO - --- validation at epoch 37, val_loss 15.8570, val_mae 18.2407, val_rmse 22.8566, val_r2 0.3615, val_pearson 0.6107, lr 1.00e-03 ---
2026-10-01 11:32:08,109 - INFO - 
****************************************************************************************************
2026-10-01 11:32:09,076 - INFO - --- training epoch 38, loss 16.6623, mae 17.1552, rmse 21.9544, time elapsed(min) 0.01---
2026-10-01 11:32:09,231 - INFO - --- validation at epoch 38, val_loss 15.4361, val_mae 17.8626, val_rmse 22.5859, val_r2 0.3766, val_pearson 0.6186, lr 1.00e-03 ---
2026-10-01 11:32:09,231 - INFO - 
****************************************************************************************************
2026-10-01 11:32:10,224 - INFO - --- training epoch 39, loss 16.5745, mae 17.0671, rmse 21.8964, time elapsed(min) 0.01---
2026-10-01 11:32:10,376 - INFO - --- validation at epoch 39, val_loss 15.4947, val_mae 17.9064, val_rmse 23.0797, val_r2 0.3490, val_pearson 0.5957, lr 1.00e-03 ---
2026-10-01 11:32:10,376 - INFO - 
****************************************************************************************************
2026-10-01 11:32:11,524 - INFO - --- training epoch 40, loss 16.3041, mae 16.7963, rmse 21.8815, time elapsed(min) 0.01---
2026-10-01 11:32:11,674 - INFO - --- validation at epoch 40, val_loss 15.0844, val_mae 17.5811, val_rmse 22.6669, val_r2 0.3721, val_pearson 0.6150, lr 1.00e-03 ---
2026-10-01 11:32:11,674 - INFO - 
****************************************************************************************************
2026-10-01 11:32:12,562 - INFO - --- training epoch 41, loss 16.3509, mae 16.8429, rmse 21.7207, time elapsed(min) 0.01---
2026-10-01 11:32:12,706 - INFO - --- validation at epoch 41, val_loss 14.8564, val_mae 17.4593, val_rmse 22.7919, val_r2 0.3651, val_pearson 0.6050, lr 1.00e-03 ---
2026-10-01 11:32:12,706 - INFO - 
****************************************************************************************************
2026-10-01 11:32:13,579 - INFO - --- training epoch 42, loss 16.5125, mae 17.0059, rmse 21.8614, time elapsed(min) 0.01---
2026-10-01 11:32:13,734 - INFO - --- validation at epoch 42, val_loss 15.1522, val_mae 17.4732, val_rmse 22.4461, val_r2 0.3842, val_pearson 0.6248, lr 1.00e-03 ---
2026-10-01 11:32:13,734 - INFO - 
****************************************************************************************************
2026-10-01 11:32:14,727 - INFO - --- training epoch 43, loss 16.4389, mae 16.9302, rmse 22.0087, time elapsed(min) 0.01---
2026-10-01 11:32:14,877 - INFO - --- validation at epoch 43, val_loss 15.1616, val_mae 17.5658, val_rmse 22.5010, val_r2 0.3812, val_pearson 0.6196, lr 1.00e-03 ---
2026-10-01 11:32:14,877 - INFO - 
****************************************************************************************************
2026-10-01 11:32:15,872 - INFO - --- training epoch 44, loss 16.4621, mae 16.9539, rmse 21.8127, time elapsed(min) 0.01---
2026-10-01 11:32:16,019 - INFO - --- validation at epoch 44, val_loss 15.3853, val_mae 17.8226, val_rmse 22.9629, val_r2 0.3556, val_pearson 0.6078, lr 1.00e-03 ---
2026-10-01 11:32:16,020 - INFO - 
****************************************************************************************************
2026-10-01 11:32:17,185 - INFO - --- training epoch 45, loss 16.1445, mae 16.6369, rmse 21.7467, time elapsed(min) 0.01---
2026-10-01 11:32:17,330 - INFO - --- validation at epoch 45, val_loss 15.6584, val_mae 18.1231, val_rmse 23.3938, val_r2 0.3312, val_pearson 0.5982, lr 1.00e-03 ---
2026-10-01 11:32:17,330 - INFO - 
****************************************************************************************************
2026-10-01 11:32:18,154 - INFO - --- training epoch 46, loss 16.2398, mae 16.7308, rmse 21.6784, time elapsed(min) 0.01---
2026-10-01 11:32:18,309 - INFO - --- validation at epoch 46, val_loss 15.6471, val_mae 18.0696, val_rmse 23.5226, val_r2 0.3238, val_pearson 0.6021, lr 1.00e-03 ---
2026-10-01 11:32:18,309 - INFO - 
****************************************************************************************************
2026-10-01 11:32:19,122 - INFO - --- training epoch 47, loss 16.0147, mae 16.5065, rmse 21.5616, time elapsed(min) 0.01---
2026-10-01 11:32:19,267 - INFO - --- validation at epoch 47, val_loss 15.5215, val_mae 17.9505, val_rmse 23.4426, val_r2 0.3284, val_pearson 0.5897, lr 1.00e-03 ---
2026-10-01 11:32:19,267 - INFO - 
****************************************************************************************************
2026-10-01 11:32:20,247 - INFO - --- training epoch 48, loss 16.1258, mae 16.6176, rmse 21.3930, time elapsed(min) 0.01---
2026-10-01 11:32:20,397 - INFO - --- validation at epoch 48, val_loss 14.7347, val_mae 17.3388, val_rmse 22.9854, val_r2 0.3543, val_pearson 0.6033, lr 1.00e-03 ---
2026-10-01 11:32:20,397 - INFO - 
****************************************************************************************************
2026-10-01 11:32:21,448 - INFO - --- training epoch 49, loss 15.8613, mae 16.3536, rmse 21.3402, time elapsed(min) 0.01---
2026-10-01 11:32:21,588 - INFO - --- validation at epoch 49, val_loss 14.8532, val_mae 17.3810, val_rmse 22.9356, val_r2 0.3571, val_pearson 0.6078, lr 1.00e-03 ---
2026-10-01 11:32:21,588 - INFO - 
****************************************************************************************************
2026-10-01 11:32:22,575 - INFO - --- training epoch 50, loss 15.8853, mae 16.3767, rmse 21.4230, time elapsed(min) 0.01---
2026-10-01 11:32:22,911 - INFO - --- validation at epoch 50, val_loss 14.9196, val_mae 17.4611, val_rmse 22.9508, val_r2 0.3562, val_pearson 0.6048, lr 1.00e-03 ---
2026-10-01 11:32:22,911 - INFO - 
****************************************************************************************************
2026-10-01 11:32:23,875 - INFO - --- training epoch 51, loss 16.0313, mae 16.5245, rmse 21.5004, time elapsed(min) 0.01---
2026-10-01 11:32:24,031 - INFO - --- validation at epoch 51, val_loss 15.5808, val_mae 18.0697, val_rmse 23.4754, val_r2 0.3265, val_pearson 0.5763, lr 1.00e-03 ---
2026-10-01 11:32:24,032 - INFO - 
****************************************************************************************************
2026-10-01 11:32:24,849 - INFO - --- training epoch 52, loss 16.0233, mae 16.5129, rmse 21.5596, time elapsed(min) 0.01---
2026-10-01 11:32:24,999 - INFO - --- validation at epoch 52, val_loss 14.7552, val_mae 17.3002, val_rmse 22.5459, val_r2 0.3788, val_pearson 0.6170, lr 1.00e-03 ---
2026-10-01 11:32:24,999 - INFO - 
****************************************************************************************************
2026-10-01 11:32:25,966 - INFO - --- training epoch 53, loss 15.9338, mae 16.4243, rmse 21.3135, time elapsed(min) 0.01---
2026-10-01 11:32:26,110 - INFO - --- validation at epoch 53, val_loss 15.3324, val_mae 17.8853, val_rmse 23.5271, val_r2 0.3235, val_pearson 0.5718, lr 1.00e-03 ---
2026-10-01 11:32:26,110 - INFO - 
****************************************************************************************************
2026-10-01 11:32:27,092 - INFO - --- training epoch 54, loss 16.1634, mae 16.6553, rmse 21.4179, time elapsed(min) 0.01---
2026-10-01 11:32:27,246 - INFO - --- validation at epoch 54, val_loss 14.9631, val_mae 17.3852, val_rmse 22.2271, val_r2 0.3962, val_pearson 0.6322, lr 1.00e-03 ---
2026-10-01 11:32:27,246 - INFO - 
****************************************************************************************************
2026-10-01 11:32:28,232 - INFO - --- training epoch 55, loss 15.6257, mae 16.1160, rmse 21.0566, time elapsed(min) 0.01---
2026-10-01 11:32:28,558 - INFO - --- validation at epoch 55, val_loss 14.7441, val_mae 17.2051, val_rmse 22.7719, val_r2 0.3662, val_pearson 0.6059, lr 1.00e-03 ---
2026-10-01 11:32:28,558 - INFO - 
****************************************************************************************************
2026-10-01 11:32:29,511 - INFO - --- training epoch 56, loss 15.7406, mae 16.2318, rmse 21.0945, time elapsed(min) 0.01---
2026-10-01 11:32:29,679 - INFO - --- validation at epoch 56, val_loss 14.7835, val_mae 17.2432, val_rmse 22.7000, val_r2 0.3702, val_pearson 0.6108, lr 1.00e-03 ---
2026-10-01 11:32:29,679 - INFO - 
****************************************************************************************************
2026-10-01 11:32:30,505 - INFO - --- training epoch 57, loss 15.5210, mae 16.0108, rmse 20.9373, time elapsed(min) 0.01---
2026-10-01 11:32:30,664 - INFO - --- validation at epoch 57, val_loss 14.6105, val_mae 16.9700, val_rmse 22.5502, val_r2 0.3785, val_pearson 0.6177, lr 1.00e-03 ---
2026-10-01 11:32:30,664 - INFO - 
****************************************************************************************************
2026-10-01 11:32:31,717 - INFO - --- training epoch 58, loss 15.5428, mae 16.0363, rmse 20.7505, time elapsed(min) 0.01---
2026-10-01 11:32:31,871 - INFO - --- validation at epoch 58, val_loss 14.3248, val_mae 16.8076, val_rmse 22.2952, val_r2 0.3925, val_pearson 0.6269, lr 1.00e-03 ---
2026-10-01 11:32:31,871 - INFO - 
****************************************************************************************************
2026-10-01 11:32:33,054 - INFO - --- training epoch 59, loss 15.5629, mae 16.0538, rmse 20.9090, time elapsed(min) 0.01---
2026-10-01 11:32:33,209 - INFO - --- validation at epoch 59, val_loss 14.2825, val_mae 16.7448, val_rmse 22.1043, val_r2 0.4029, val_pearson 0.6354, lr 1.00e-03 ---
2026-10-01 11:32:33,209 - INFO - 
****************************************************************************************************
2026-10-01 11:32:34,263 - INFO - --- training epoch 60, loss 15.5389, mae 16.0309, rmse 20.8613, time elapsed(min) 0.01---
2026-10-01 11:32:34,417 - INFO - --- validation at epoch 60, val_loss 14.3423, val_mae 16.8818, val_rmse 22.3377, val_r2 0.3902, val_pearson 0.6247, lr 1.00e-03 ---
2026-10-01 11:32:34,417 - INFO - 
****************************************************************************************************
2026-10-01 11:32:35,563 - INFO - --- training epoch 61, loss 15.3946, mae 15.8852, rmse 20.8422, time elapsed(min) 0.01---
2026-10-01 11:32:35,709 - INFO - --- validation at epoch 61, val_loss 14.2656, val_mae 16.7350, val_rmse 22.3795, val_r2 0.3879, val_pearson 0.6264, lr 1.00e-03 ---
2026-10-01 11:32:35,709 - INFO - 
****************************************************************************************************
2026-10-01 11:32:36,598 - INFO - --- training epoch 62, loss 15.5095, mae 16.0006, rmse 21.0064, time elapsed(min) 0.01---
2026-10-01 11:32:36,742 - INFO - --- validation at epoch 62, val_loss 14.4239, val_mae 16.9055, val_rmse 22.4259, val_r2 0.3854, val_pearson 0.6218, lr 1.00e-03 ---
2026-10-01 11:32:36,742 - INFO - 
****************************************************************************************************
2026-10-01 11:32:37,579 - INFO - --- training epoch 63, loss 15.3963, mae 15.8886, rmse 20.8911, time elapsed(min) 0.01---
2026-10-01 11:32:37,710 - INFO - --- validation at epoch 63, val_loss 14.0585, val_mae 16.5565, val_rmse 22.2102, val_r2 0.3971, val_pearson 0.6357, lr 1.00e-03 ---
2026-10-01 11:32:37,711 - INFO - 
****************************************************************************************************
2026-10-01 11:32:38,775 - INFO - --- training epoch 64, loss 15.4720, mae 15.9640, rmse 20.9453, time elapsed(min) 0.01---
2026-10-01 11:32:38,925 - INFO - --- validation at epoch 64, val_loss 14.1792, val_mae 16.6870, val_rmse 22.1785, val_r2 0.3988, val_pearson 0.6341, lr 1.00e-03 ---
2026-10-01 11:32:38,925 - INFO - 
****************************************************************************************************
2026-10-01 11:32:39,953 - INFO - --- training epoch 65, loss 15.4385, mae 15.9296, rmse 20.8896, time elapsed(min) 0.01---
2026-10-01 11:32:40,084 - INFO - --- validation at epoch 65, val_loss 14.7390, val_mae 17.0199, val_rmse 22.8365, val_r2 0.3626, val_pearson 0.6074, lr 1.00e-03 ---
2026-10-01 11:32:40,084 - INFO - 
****************************************************************************************************
2026-10-01 11:32:41,233 - INFO - --- training epoch 66, loss 15.3114, mae 15.8023, rmse 20.8630, time elapsed(min) 0.01---
2026-10-01 11:32:41,392 - INFO - --- validation at epoch 66, val_loss 14.0818, val_mae 16.6726, val_rmse 22.4902, val_r2 0.3818, val_pearson 0.6306, lr 1.00e-03 ---
2026-10-01 11:32:41,392 - INFO - 
****************************************************************************************************
2026-10-01 11:32:42,226 - INFO - --- training epoch 67, loss 15.3902, mae 15.8796, rmse 21.0532, time elapsed(min) 0.01---
2026-10-01 11:32:42,368 - INFO - --- validation at epoch 67, val_loss 14.1947, val_mae 16.7109, val_rmse 22.3733, val_r2 0.3882, val_pearson 0.6265, lr 1.00e-03 ---
2026-10-01 11:32:42,368 - INFO - 
****************************************************************************************************
2026-10-01 11:32:43,199 - INFO - --- training epoch 68, loss 15.2003, mae 15.6907, rmse 20.7754, time elapsed(min) 0.01---
2026-10-01 11:32:43,335 - INFO - --- validation at epoch 68, val_loss 14.0335, val_mae 16.5606, val_rmse 22.2657, val_r2 0.3941, val_pearson 0.6350, lr 1.00e-03 ---
2026-10-01 11:32:43,336 - INFO - 
****************************************************************************************************
2026-10-01 11:32:44,372 - INFO - --- training epoch 69, loss 15.4897, mae 15.9823, rmse 20.9941, time elapsed(min) 0.01---
2026-10-01 11:32:44,529 - INFO - --- validation at epoch 69, val_loss 14.6938, val_mae 17.1310, val_rmse 22.3184, val_r2 0.3912, val_pearson 0.6276, lr 1.00e-03 ---
2026-10-01 11:32:44,529 - INFO - 
****************************************************************************************************
2026-10-01 11:32:45,515 - INFO - --- training epoch 70, loss 15.5539, mae 16.0461, rmse 20.9669, time elapsed(min) 0.01---
2026-10-01 11:32:45,663 - INFO - --- validation at epoch 70, val_loss 14.0615, val_mae 16.5878, val_rmse 22.0633, val_r2 0.4051, val_pearson 0.6429, lr 1.00e-03 ---
2026-10-01 11:32:45,663 - INFO - 
****************************************************************************************************
2026-10-01 11:32:46,832 - INFO - --- training epoch 71, loss 15.4235, mae 15.9161, rmse 20.8531, time elapsed(min) 0.01---
2026-10-01 11:32:46,982 - INFO - --- validation at epoch 71, val_loss 14.0176, val_mae 16.5005, val_rmse 21.9320, val_r2 0.4121, val_pearson 0.6474, lr 1.00e-03 ---
2026-10-01 11:32:46,983 - INFO - 
****************************************************************************************************
2026-10-01 11:32:47,872 - INFO - --- training epoch 72, loss 15.4329, mae 15.9235, rmse 21.0530, time elapsed(min) 0.01---
2026-10-01 11:32:48,025 - INFO - --- validation at epoch 72, val_loss 13.9046, val_mae 16.5897, val_rmse 22.4809, val_r2 0.3823, val_pearson 0.6467, lr 1.00e-03 ---
2026-10-01 11:32:48,025 - INFO - 
****************************************************************************************************
2026-10-01 11:32:49,036 - INFO - --- training epoch 73, loss 15.2763, mae 15.7669, rmse 20.9233, time elapsed(min) 0.01---
2026-10-01 11:32:49,172 - INFO - --- validation at epoch 73, val_loss 14.4032, val_mae 16.9574, val_rmse 22.2010, val_r2 0.3976, val_pearson 0.6389, lr 1.00e-03 ---
2026-10-01 11:32:49,172 - INFO - 
****************************************************************************************************
2026-10-01 11:32:50,162 - INFO - --- training epoch 74, loss 15.4159, mae 15.9082, rmse 20.9135, time elapsed(min) 0.01---
2026-10-01 11:32:50,316 - INFO - --- validation at epoch 74, val_loss 14.0679, val_mae 16.6563, val_rmse 22.2722, val_r2 0.3938, val_pearson 0.6373, lr 1.00e-03 ---
2026-10-01 11:32:50,316 - INFO - 
****************************************************************************************************
2026-10-01 11:32:51,287 - INFO - --- training epoch 75, loss 15.2996, mae 15.7903, rmse 20.9146, time elapsed(min) 0.01---
2026-10-01 11:32:51,434 - INFO - --- validation at epoch 75, val_loss 14.0204, val_mae 16.4811, val_rmse 22.0029, val_r2 0.4083, val_pearson 0.6406, lr 1.00e-03 ---
2026-10-01 11:32:51,434 - INFO - 
****************************************************************************************************
2026-10-01 11:32:52,583 - INFO - --- training epoch 76, loss 15.2920, mae 15.7838, rmse 20.8955, time elapsed(min) 0.01---
2026-10-01 11:32:52,735 - INFO - --- validation at epoch 76, val_loss 14.1173, val_mae 16.5584, val_rmse 22.0893, val_r2 0.4037, val_pearson 0.6375, lr 1.00e-03 ---
2026-10-01 11:32:52,735 - INFO - 
****************************************************************************************************
2026-10-01 11:32:53,556 - INFO - --- training epoch 77, loss 15.3638, mae 15.8554, rmse 20.9868, time elapsed(min) 0.01---
2026-10-01 11:32:53,706 - INFO - --- validation at epoch 77, val_loss 14.1611, val_mae 16.6483, val_rmse 22.0108, val_r2 0.4079, val_pearson 0.6430, lr 1.00e-03 ---
2026-10-01 11:32:53,706 - INFO - 
****************************************************************************************************
2026-10-01 11:32:54,542 - INFO - --- training epoch 78, loss 15.3896, mae 15.8805, rmse 20.9506, time elapsed(min) 0.01---
2026-10-01 11:32:54,694 - INFO - --- validation at epoch 78, val_loss 14.3184, val_mae 16.6968, val_rmse 22.5070, val_r2 0.3809, val_pearson 0.6199, lr 1.00e-03 ---
2026-10-01 11:32:54,695 - INFO - 
****************************************************************************************************
2026-10-01 11:32:55,781 - INFO - --- training epoch 79, loss 15.3586, mae 15.8481, rmse 21.0642, time elapsed(min) 0.01---
2026-10-01 11:32:55,927 - INFO - --- validation at epoch 79, val_loss 14.1689, val_mae 16.6139, val_rmse 22.1829, val_r2 0.3986, val_pearson 0.6320, lr 1.00e-03 ---
2026-10-01 11:32:55,928 - INFO - 
****************************************************************************************************
2026-10-01 11:32:57,062 - INFO - --- training epoch 80, loss 15.2655, mae 15.7566, rmse 20.8100, time elapsed(min) 0.01---
2026-10-01 11:32:57,222 - INFO - --- validation at epoch 80, val_loss 13.8781, val_mae 16.3983, val_rmse 21.9078, val_r2 0.4134, val_pearson 0.6476, lr 1.00e-03 ---
2026-10-01 11:32:57,222 - INFO - 
****************************************************************************************************
2026-10-01 11:32:58,276 - INFO - --- training epoch 81, loss 15.3096, mae 15.8009, rmse 20.9393, time elapsed(min) 0.01---
2026-10-01 11:32:58,603 - INFO - --- validation at epoch 81, val_loss 14.9675, val_mae 17.2156, val_rmse 22.3918, val_r2 0.3872, val_pearson 0.6271, lr 1.00e-03 ---
2026-10-01 11:32:58,603 - INFO - 
****************************************************************************************************
2026-10-01 11:32:59,583 - INFO - --- training epoch 82, loss 15.3231, mae 15.8140, rmse 20.8037, time elapsed(min) 0.01---
2026-10-01 11:32:59,732 - INFO - --- validation at epoch 82, val_loss 14.2536, val_mae 16.5542, val_rmse 22.1143, val_r2 0.4023, val_pearson 0.6383, lr 1.00e-03 ---
2026-10-01 11:32:59,732 - INFO - 
****************************************************************************************************
2026-10-01 11:33:00,557 - INFO - --- training epoch 83, loss 15.0122, mae 15.5011, rmse 20.7053, time elapsed(min) 0.01---
2026-10-01 11:33:00,703 - INFO - --- validation at epoch 83, val_loss 14.2504, val_mae 16.6074, val_rmse 22.0213, val_r2 0.4073, val_pearson 0.6382, lr 1.00e-03 ---
2026-10-01 11:33:00,703 - INFO - 
****************************************************************************************************
2026-10-01 11:33:01,708 - INFO - --- training epoch 84, loss 15.3008, mae 15.7903, rmse 20.9687, time elapsed(min) 0.01---
2026-10-01 11:33:01,867 - INFO - --- validation at epoch 84, val_loss 13.9492, val_mae 16.4092, val_rmse 22.0437, val_r2 0.4061, val_pearson 0.6406, lr 1.00e-03 ---
2026-10-01 11:33:01,867 - INFO - 
****************************************************************************************************
2026-10-01 11:33:02,855 - INFO - --- training epoch 85, loss 15.2745, mae 15.7648, rmse 21.0576, time elapsed(min) 0.01---
2026-10-01 11:33:03,014 - INFO - --- validation at epoch 85, val_loss 14.1612, val_mae 16.5973, val_rmse 22.3909, val_r2 0.3873, val_pearson 0.6252, lr 1.00e-03 ---
2026-10-01 11:33:03,015 - INFO - 
****************************************************************************************************
2026-10-01 11:33:04,025 - INFO - --- training epoch 86, loss 15.1575, mae 15.6481, rmse 20.8119, time elapsed(min) 0.01---
2026-10-01 11:33:04,174 - INFO - --- validation at epoch 86, val_loss 13.8891, val_mae 16.4498, val_rmse 22.0830, val_r2 0.4040, val_pearson 0.6403, lr 1.00e-03 ---
2026-10-01 11:33:04,175 - INFO - 
****************************************************************************************************
2026-10-01 11:33:05,152 - INFO - --- training epoch 87, loss 15.2882, mae 15.7782, rmse 21.0087, time elapsed(min) 0.01---
2026-10-01 11:33:05,318 - INFO - --- validation at epoch 87, val_loss 14.2418, val_mae 16.6109, val_rmse 22.0008, val_r2 0.4084, val_pearson 0.6392, lr 1.00e-03 ---
2026-10-01 11:33:05,318 - INFO - 
****************************************************************************************************
2026-10-01 11:33:06,161 - INFO - --- training epoch 88, loss 15.1928, mae 15.6830, rmse 20.7851, time elapsed(min) 0.01---
2026-10-01 11:33:06,316 - INFO - --- validation at epoch 88, val_loss 14.0076, val_mae 16.4842, val_rmse 22.0965, val_r2 0.4033, val_pearson 0.6371, lr 1.00e-03 ---
2026-10-01 11:33:06,316 - INFO - 
****************************************************************************************************
2026-10-01 11:33:07,428 - INFO - --- training epoch 89, loss 15.1675, mae 15.6580, rmse 20.8325, time elapsed(min) 0.01---
2026-10-01 11:33:07,563 - INFO - --- validation at epoch 89, val_loss 14.5602, val_mae 16.9178, val_rmse 22.5084, val_r2 0.3808, val_pearson 0.6177, lr 1.00e-03 ---
2026-10-01 11:33:07,563 - INFO - 
****************************************************************************************************
2026-10-01 11:33:08,552 - INFO - --- training epoch 90, loss 15.2706, mae 15.7600, rmse 20.9181, time elapsed(min) 0.01---
2026-10-01 11:33:08,696 - INFO - --- validation at epoch 90, val_loss 13.8632, val_mae 16.3759, val_rmse 22.1120, val_r2 0.4024, val_pearson 0.6414, lr 1.00e-03 ---
2026-10-01 11:33:08,696 - INFO - 
****************************************************************************************************
2026-10-01 11:33:09,771 - INFO - --- training epoch 91, loss 15.1800, mae 15.6699, rmse 20.9277, time elapsed(min) 0.01---
2026-10-01 11:33:10,075 - INFO - --- validation at epoch 91, val_loss 13.9390, val_mae 16.4371, val_rmse 22.2501, val_r2 0.3950, val_pearson 0.6346, lr 1.00e-03 ---
2026-10-01 11:33:10,075 - INFO - 
****************************************************************************************************
2026-10-01 11:33:11,050 - INFO - --- training epoch 92, loss 15.1503, mae 15.6385, rmse 20.8182, time elapsed(min) 0.01---
2026-10-01 11:33:11,202 - INFO - --- validation at epoch 92, val_loss 14.0350, val_mae 16.4768, val_rmse 22.1291, val_r2 0.4015, val_pearson 0.6372, lr 1.00e-03 ---
2026-10-01 11:33:11,202 - INFO - 
****************************************************************************************************
2026-10-01 11:33:12,031 - INFO - --- training epoch 93, loss 15.1620, mae 15.6519, rmse 20.8182, time elapsed(min) 0.01---
2026-10-01 11:33:12,177 - INFO - --- validation at epoch 93, val_loss 13.9596, val_mae 16.4218, val_rmse 22.0097, val_r2 0.4080, val_pearson 0.6422, lr 1.00e-03 ---
2026-10-01 11:33:12,177 - INFO - 
****************************************************************************************************
2026-10-01 11:33:13,001 - INFO - --- training epoch 94, loss 15.1233, mae 15.6146, rmse 20.8597, time elapsed(min) 0.01---
2026-10-01 11:33:13,150 - INFO - --- validation at epoch 94, val_loss 13.9212, val_mae 16.3993, val_rmse 22.0349, val_r2 0.4066, val_pearson 0.6434, lr 1.00e-03 ---
2026-10-01 11:33:13,150 - INFO - 
****************************************************************************************************
2026-10-01 11:33:14,140 - INFO - --- training epoch 95, loss 14.9995, mae 15.4902, rmse 20.5961, time elapsed(min) 0.01---
2026-10-01 11:33:14,276 - INFO - --- validation at epoch 95, val_loss 14.2533, val_mae 16.5510, val_rmse 22.0523, val_r2 0.4057, val_pearson 0.6376, lr 1.00e-03 ---
2026-10-01 11:33:14,276 - INFO - 
****************************************************************************************************
2026-10-01 11:33:15,247 - INFO - --- training epoch 96, loss 15.4629, mae 15.9549, rmse 21.0713, time elapsed(min) 0.01---
2026-10-01 11:33:15,381 - INFO - --- validation at epoch 96, val_loss 14.0317, val_mae 16.4619, val_rmse 21.9972, val_r2 0.4086, val_pearson 0.6416, lr 1.00e-03 ---
2026-10-01 11:33:15,381 - INFO - 
****************************************************************************************************
2026-10-01 11:33:16,385 - INFO - --- training epoch 97, loss 15.1808, mae 15.6697, rmse 20.9001, time elapsed(min) 0.01---
2026-10-01 11:33:16,739 - INFO - --- validation at epoch 97, val_loss 14.0520, val_mae 16.6276, val_rmse 22.2628, val_r2 0.3943, val_pearson 0.6352, lr 1.00e-03 ---
2026-10-01 11:33:16,739 - INFO - 
****************************************************************************************************
2026-10-01 11:33:17,688 - INFO - --- training epoch 98, loss 15.1957, mae 15.6888, rmse 20.8736, time elapsed(min) 0.01---
2026-10-01 11:33:17,840 - INFO - --- validation at epoch 98, val_loss 13.9725, val_mae 16.6237, val_rmse 22.5618, val_r2 0.3779, val_pearson 0.6428, lr 1.00e-03 ---
2026-10-01 11:33:17,840 - INFO - 
****************************************************************************************************
2026-10-01 11:33:18,662 - INFO - --- training epoch 99, loss 15.2594, mae 15.7511, rmse 21.0687, time elapsed(min) 0.01---
2026-10-01 11:33:18,812 - INFO - --- validation at epoch 99, val_loss 13.9347, val_mae 16.4659, val_rmse 22.1803, val_r2 0.3987, val_pearson 0.6397, lr 1.00e-03 ---
2026-10-01 11:33:18,812 - INFO - 
****************************************************************************************************
2026-10-01 11:33:19,283 - INFO - --- selected checkpoint from epoch 90, val_loss 13.8632, val_mae 16.3759, val_rmse 22.1120
2026-10-01 11:33:19,642 - INFO - -- RESULT
2026-10-01 11:33:19,642 - INFO - --- test size: 1187
2026-10-01 11:33:19,642 - INFO - --- MAE: 15.4456 pp, RMSE: 20.7388 pp, R2: 0.4087, Pearson: 0.6567
2026-10-01 11:33:19,643 - INFO - --- fullcv08_split70: MAE 15.445646107127763, RMSE 20.73881766314554, R2 0.40872517454300095
2026-10-01 11:33:19,654 - INFO - --- training fullcv09_split70 (npz/bh/fullcv09_split70)
