2026-10-01 17:34:17,727 - INFO - device is	cuda:0
2026-10-01 17:34:17,837 - INFO - -- CONFIGURATIONS
2026-10-01 17:34:17,837 - INFO - --- train/valid/test: 3628/404/1728
2026-10-01 17:34:17,837 - INFO - --- max no. reactants_train, valid, test respectively: 14, 14, 14
2026-10-01 17:34:17,837 - INFO - --- max no. products_train, valid, test respectively: 1, 1, 1
2026-10-01 17:34:17,837 - INFO - --- model_path: ../logs/approach1_server/approach_1_mlp/suzuki/runs/suzuki_split_7_20261001_173417/split_7/model.pt
2026-10-01 17:34:17,938 - INFO - -- TRAINING
2026-10-01 17:34:23,610 - INFO - --- training epoch 0, loss 0.4884, mae 0.7519, rmse 2.1127, time elapsed(min) 0.09---
2026-10-01 17:34:24,055 - INFO - --- validation at epoch 0, val_loss 0.0410, val_mae 0.2304, val_rmse 0.2818, val_r2 -0.1190, val_pearson 0.1545, lr 1.00e-03 ---
2026-10-01 17:34:24,056 - INFO - 
****************************************************************************************************
2026-10-01 17:34:29,696 - INFO - --- training epoch 1, loss 0.0441, mae 0.2534, rmse 0.2969, time elapsed(min) 0.09---
2026-10-01 17:34:30,119 - INFO - --- validation at epoch 1, val_loss 0.0358, val_mae 0.2374, val_rmse 0.2699, val_r2 -0.0265, val_pearson 0.1799, lr 1.00e-03 ---
2026-10-01 17:34:30,119 - INFO - 
****************************************************************************************************
2026-10-01 17:34:35,745 - INFO - --- training epoch 2, loss 0.0417, mae 0.2496, rmse 0.2888, time elapsed(min) 0.09---
2026-10-01 17:34:36,165 - INFO - --- validation at epoch 2, val_loss 0.0359, val_mae 0.2383, val_rmse 0.2707, val_r2 -0.0327, val_pearson 0.1934, lr 1.00e-03 ---
2026-10-01 17:34:36,165 - INFO - 
****************************************************************************************************
2026-10-01 17:34:41,692 - INFO - --- training epoch 3, loss 0.0412, mae 0.2484, rmse 0.2870, time elapsed(min) 0.09---
2026-10-01 17:34:42,291 - INFO - --- validation at epoch 3, val_loss 0.0366, val_mae 0.2420, val_rmse 0.2747, val_r2 -0.0637, val_pearson 0.2085, lr 1.00e-03 ---
2026-10-01 17:34:42,292 - INFO - 
****************************************************************************************************
2026-10-01 17:34:47,931 - INFO - --- training epoch 4, loss 0.0407, mae 0.2471, rmse 0.2853, time elapsed(min) 0.09---
2026-10-01 17:34:48,364 - INFO - --- validation at epoch 4, val_loss 0.0347, val_mae 0.2343, val_rmse 0.2665, val_r2 -0.0007, val_pearson 0.2290, lr 1.00e-03 ---
2026-10-01 17:34:48,364 - INFO - 
****************************************************************************************************
2026-10-01 17:34:53,997 - INFO - --- training epoch 5, loss 0.0408, mae 0.2468, rmse 0.2858, time elapsed(min) 0.09---
2026-10-01 17:34:54,421 - INFO - --- validation at epoch 5, val_loss 0.0355, val_mae 0.2380, val_rmse 0.2703, val_r2 -0.0296, val_pearson 0.2301, lr 1.00e-03 ---
2026-10-01 17:34:54,421 - INFO - 
****************************************************************************************************
2026-10-01 17:34:59,991 - INFO - --- training epoch 6, loss 0.0402, mae 0.2450, rmse 0.2836, time elapsed(min) 0.09---
2026-10-01 17:35:00,612 - INFO - --- validation at epoch 6, val_loss 0.0338, val_mae 0.2306, val_rmse 0.2638, val_r2 0.0191, val_pearson 0.2435, lr 1.00e-03 ---
2026-10-01 17:35:00,612 - INFO - 
****************************************************************************************************
2026-10-01 17:35:06,543 - INFO - --- training epoch 7, loss 0.0405, mae 0.2461, rmse 0.2846, time elapsed(min) 0.09---
2026-10-01 17:35:06,966 - INFO - --- validation at epoch 7, val_loss 0.0345, val_mae 0.2330, val_rmse 0.2665, val_r2 -0.0007, val_pearson 0.2424, lr 1.00e-03 ---
2026-10-01 17:35:06,966 - INFO - 
****************************************************************************************************
2026-10-01 17:35:12,495 - INFO - --- training epoch 8, loss 0.0401, mae 0.2437, rmse 0.2830, time elapsed(min) 0.09---
2026-10-01 17:35:12,922 - INFO - --- validation at epoch 8, val_loss 0.0331, val_mae 0.2262, val_rmse 0.2598, val_r2 0.0487, val_pearson 0.2555, lr 1.00e-03 ---
2026-10-01 17:35:12,922 - INFO - 
****************************************************************************************************
2026-10-01 17:35:18,641 - INFO - --- training epoch 9, loss 0.0402, mae 0.2450, rmse 0.2837, time elapsed(min) 0.09---
2026-10-01 17:35:19,229 - INFO - --- validation at epoch 9, val_loss 0.0329, val_mae 0.2253, val_rmse 0.2594, val_r2 0.0516, val_pearson 0.2611, lr 1.00e-03 ---
2026-10-01 17:35:19,230 - INFO - 
****************************************************************************************************
2026-10-01 17:35:25,156 - INFO - --- training epoch 10, loss 0.0398, mae 0.2426, rmse 0.2821, time elapsed(min) 0.09---
2026-10-01 17:35:25,575 - INFO - --- validation at epoch 10, val_loss 0.0337, val_mae 0.2263, val_rmse 0.2630, val_r2 0.0252, val_pearson 0.2563, lr 1.00e-03 ---
2026-10-01 17:35:25,575 - INFO - 
****************************************************************************************************
2026-10-01 17:35:31,081 - INFO - --- training epoch 11, loss 0.0393, mae 0.2418, rmse 0.2803, time elapsed(min) 0.09---
2026-10-01 17:35:31,501 - INFO - --- validation at epoch 11, val_loss 0.0336, val_mae 0.2268, val_rmse 0.2631, val_r2 0.0247, val_pearson 0.2660, lr 1.00e-03 ---
2026-10-01 17:35:31,501 - INFO - 
****************************************************************************************************
2026-10-01 17:35:37,082 - INFO - --- training epoch 12, loss 0.0389, mae 0.2407, rmse 0.2791, time elapsed(min) 0.09---
2026-10-01 17:35:37,550 - INFO - --- validation at epoch 12, val_loss 0.0347, val_mae 0.2313, val_rmse 0.2679, val_r2 -0.0115, val_pearson 0.2756, lr 1.00e-03 ---
2026-10-01 17:35:37,550 - INFO - 
****************************************************************************************************
2026-10-01 17:35:43,430 - INFO - --- training epoch 13, loss 0.0391, mae 0.2404, rmse 0.2798, time elapsed(min) 0.09---
2026-10-01 17:35:43,851 - INFO - --- validation at epoch 13, val_loss 0.0351, val_mae 0.2336, val_rmse 0.2697, val_r2 -0.0246, val_pearson 0.2736, lr 1.00e-03 ---
2026-10-01 17:35:43,851 - INFO - 
****************************************************************************************************
2026-10-01 17:35:49,402 - INFO - --- training epoch 14, loss 0.0391, mae 0.2394, rmse 0.2795, time elapsed(min) 0.09---
2026-10-01 17:35:49,829 - INFO - --- validation at epoch 14, val_loss 0.0351, val_mae 0.2341, val_rmse 0.2696, val_r2 -0.0239, val_pearson 0.2805, lr 1.00e-03 ---
2026-10-01 17:35:49,829 - INFO - 
****************************************************************************************************
2026-10-01 17:35:55,372 - INFO - --- training epoch 15, loss 0.0384, mae 0.2390, rmse 0.2772, time elapsed(min) 0.09---
2026-10-01 17:35:55,981 - INFO - --- validation at epoch 15, val_loss 0.0322, val_mae 0.2212, val_rmse 0.2563, val_r2 0.0741, val_pearson 0.2862, lr 1.00e-03 ---
2026-10-01 17:35:55,981 - INFO - 
****************************************************************************************************
2026-10-01 17:36:01,669 - INFO - --- training epoch 16, loss 0.0400, mae 0.2427, rmse 0.2829, time elapsed(min) 0.09---
2026-10-01 17:36:02,400 - INFO - --- validation at epoch 16, val_loss 0.0332, val_mae 0.2251, val_rmse 0.2588, val_r2 0.0562, val_pearson 0.2915, lr 1.00e-03 ---
2026-10-01 17:36:02,400 - INFO - 
****************************************************************************************************
2026-10-01 17:36:08,012 - INFO - --- training epoch 17, loss 0.0392, mae 0.2417, rmse 0.2798, time elapsed(min) 0.09---
2026-10-01 17:36:08,439 - INFO - --- validation at epoch 17, val_loss 0.0329, val_mae 0.2215, val_rmse 0.2593, val_r2 0.0527, val_pearson 0.2935, lr 1.00e-03 ---
2026-10-01 17:36:08,439 - INFO - 
****************************************************************************************************
2026-10-01 17:36:14,004 - INFO - --- training epoch 18, loss 0.0374, mae 0.2350, rmse 0.2736, time elapsed(min) 0.09---
2026-10-01 17:36:14,443 - INFO - --- validation at epoch 18, val_loss 0.0329, val_mae 0.2137, val_rmse 0.2554, val_r2 0.0811, val_pearson 0.3082, lr 1.00e-03 ---
2026-10-01 17:36:14,443 - INFO - 
****************************************************************************************************
2026-10-01 17:36:20,161 - INFO - --- training epoch 19, loss 0.0390, mae 0.2391, rmse 0.2791, time elapsed(min) 0.09---
2026-10-01 17:36:20,772 - INFO - --- validation at epoch 19, val_loss 0.0347, val_mae 0.2302, val_rmse 0.2668, val_r2 -0.0030, val_pearson 0.2800, lr 1.00e-03 ---
2026-10-01 17:36:20,772 - INFO - 
****************************************************************************************************
2026-10-01 17:36:26,561 - INFO - --- training epoch 20, loss 0.0376, mae 0.2348, rmse 0.2742, time elapsed(min) 0.09---
2026-10-01 17:36:26,990 - INFO - --- validation at epoch 20, val_loss 0.0334, val_mae 0.2218, val_rmse 0.2599, val_r2 0.0481, val_pearson 0.3048, lr 1.00e-03 ---
2026-10-01 17:36:26,990 - INFO - 
****************************************************************************************************
2026-10-01 17:36:32,514 - INFO - --- training epoch 21, loss 0.0377, mae 0.2345, rmse 0.2745, time elapsed(min) 0.09---
2026-10-01 17:36:32,947 - INFO - --- validation at epoch 21, val_loss 0.0361, val_mae 0.2309, val_rmse 0.2716, val_r2 -0.0392, val_pearson 0.3035, lr 1.00e-03 ---
2026-10-01 17:36:32,947 - INFO - 
****************************************************************************************************
2026-10-01 17:36:38,544 - INFO - --- training epoch 22, loss 0.0376, mae 0.2336, rmse 0.2741, time elapsed(min) 0.09---
2026-10-01 17:36:39,197 - INFO - --- validation at epoch 22, val_loss 0.0359, val_mae 0.2301, val_rmse 0.2708, val_r2 -0.0330, val_pearson 0.3199, lr 1.00e-03 ---
2026-10-01 17:36:39,197 - INFO - 
****************************************************************************************************
2026-10-01 17:36:44,876 - INFO - --- training epoch 23, loss 0.0347, mae 0.2207, rmse 0.2636, time elapsed(min) 0.09---
2026-10-01 17:36:45,300 - INFO - --- validation at epoch 23, val_loss 0.0455, val_mae 0.2225, val_rmse 0.2930, val_r2 -0.2098, val_pearson 0.3116, lr 1.00e-03 ---
2026-10-01 17:36:45,300 - INFO - 
****************************************************************************************************
2026-10-01 17:36:50,875 - INFO - --- training epoch 24, loss 0.0354, mae 0.2217, rmse 0.2662, time elapsed(min) 0.09---
2026-10-01 17:36:51,315 - INFO - --- validation at epoch 24, val_loss 0.0299, val_mae 0.1957, val_rmse 0.2429, val_r2 0.1684, val_pearson 0.4456, lr 1.00e-03 ---
2026-10-01 17:36:51,315 - INFO - 
****************************************************************************************************
2026-10-01 17:36:57,018 - INFO - --- training epoch 25, loss 0.0349, mae 0.2206, rmse 0.2640, time elapsed(min) 0.09---
2026-10-01 17:36:57,635 - INFO - --- validation at epoch 25, val_loss 0.0294, val_mae 0.1948, val_rmse 0.2410, val_r2 0.1816, val_pearson 0.4288, lr 1.00e-03 ---
2026-10-01 17:36:57,635 - INFO - 
****************************************************************************************************
2026-10-01 17:37:03,613 - INFO - --- training epoch 26, loss 0.0331, mae 0.2118, rmse 0.2572, time elapsed(min) 0.09---
2026-10-01 17:37:04,045 - INFO - --- validation at epoch 26, val_loss 0.0290, val_mae 0.1898, val_rmse 0.2374, val_r2 0.2059, val_pearson 0.4611, lr 1.00e-03 ---
2026-10-01 17:37:04,045 - INFO - 
****************************************************************************************************
2026-10-01 17:37:09,705 - INFO - --- training epoch 27, loss 0.0318, mae 0.2057, rmse 0.2522, time elapsed(min) 0.09---
2026-10-01 17:37:10,134 - INFO - --- validation at epoch 27, val_loss 0.0275, val_mae 0.1878, val_rmse 0.2331, val_r2 0.2345, val_pearson 0.4941, lr 1.00e-03 ---
2026-10-01 17:37:10,135 - INFO - 
****************************************************************************************************
2026-10-01 17:37:15,844 - INFO - --- training epoch 28, loss 0.0307, mae 0.2005, rmse 0.2478, time elapsed(min) 0.09---
2026-10-01 17:37:16,323 - INFO - --- validation at epoch 28, val_loss 0.0286, val_mae 0.1813, val_rmse 0.2397, val_r2 0.1906, val_pearson 0.5871, lr 1.00e-03 ---
2026-10-01 17:37:16,323 - INFO - 
****************************************************************************************************
2026-10-01 17:37:22,191 - INFO - --- training epoch 29, loss 0.0251, mae 0.1746, rmse 0.2242, time elapsed(min) 0.09---
2026-10-01 17:37:22,632 - INFO - --- validation at epoch 29, val_loss 0.0262, val_mae 0.1716, val_rmse 0.2251, val_r2 0.2862, val_pearson 0.5976, lr 1.00e-03 ---
2026-10-01 17:37:22,632 - INFO - 
****************************************************************************************************
2026-10-01 17:37:28,269 - INFO - --- training epoch 30, loss 0.0253, mae 0.1750, rmse 0.2248, time elapsed(min) 0.09---
2026-10-01 17:37:28,700 - INFO - --- validation at epoch 30, val_loss 0.0234, val_mae 0.1658, val_rmse 0.2134, val_r2 0.3585, val_pearson 0.6031, lr 1.00e-03 ---
2026-10-01 17:37:28,700 - INFO - 
****************************************************************************************************
2026-10-01 17:37:34,443 - INFO - --- training epoch 31, loss 0.0256, mae 0.1779, rmse 0.2264, time elapsed(min) 0.09---
2026-10-01 17:37:34,869 - INFO - --- validation at epoch 31, val_loss 0.0226, val_mae 0.1616, val_rmse 0.2126, val_r2 0.3634, val_pearson 0.6196, lr 1.00e-03 ---
2026-10-01 17:37:34,869 - INFO - 
****************************************************************************************************
2026-10-01 17:37:40,734 - INFO - --- training epoch 32, loss 0.0237, mae 0.1687, rmse 0.2177, time elapsed(min) 0.09---
2026-10-01 17:37:41,496 - INFO - --- validation at epoch 32, val_loss 0.0216, val_mae 0.1584, val_rmse 0.2075, val_r2 0.3931, val_pearson 0.6374, lr 1.00e-03 ---
2026-10-01 17:37:41,496 - INFO - 
****************************************************************************************************
2026-10-01 17:37:47,227 - INFO - --- training epoch 33, loss 0.0243, mae 0.1713, rmse 0.2206, time elapsed(min) 0.09---
2026-10-01 17:37:47,653 - INFO - --- validation at epoch 33, val_loss 0.0218, val_mae 0.1596, val_rmse 0.2070, val_r2 0.3964, val_pearson 0.6349, lr 1.00e-03 ---
2026-10-01 17:37:47,653 - INFO - 
****************************************************************************************************
2026-10-01 17:37:53,232 - INFO - --- training epoch 34, loss 0.0245, mae 0.1724, rmse 0.2216, time elapsed(min) 0.09---
2026-10-01 17:37:53,662 - INFO - --- validation at epoch 34, val_loss 0.0229, val_mae 0.1601, val_rmse 0.2143, val_r2 0.3531, val_pearson 0.6274, lr 1.00e-03 ---
2026-10-01 17:37:53,662 - INFO - 
****************************************************************************************************
2026-10-01 17:37:59,416 - INFO - --- training epoch 35, loss 0.0235, mae 0.1688, rmse 0.2168, time elapsed(min) 0.09---
2026-10-01 17:38:00,040 - INFO - --- validation at epoch 35, val_loss 0.0237, val_mae 0.1614, val_rmse 0.2130, val_r2 0.3607, val_pearson 0.6255, lr 1.00e-03 ---
2026-10-01 17:38:00,040 - INFO - 
****************************************************************************************************
2026-10-01 17:38:05,816 - INFO - --- training epoch 36, loss 0.0229, mae 0.1666, rmse 0.2142, time elapsed(min) 0.09---
2026-10-01 17:38:06,243 - INFO - --- validation at epoch 36, val_loss 0.0209, val_mae 0.1568, val_rmse 0.2027, val_r2 0.4210, val_pearson 0.6535, lr 1.00e-03 ---
2026-10-01 17:38:06,243 - INFO - 
****************************************************************************************************
2026-10-01 17:38:11,930 - INFO - --- training epoch 37, loss 0.0223, mae 0.1647, rmse 0.2111, time elapsed(min) 0.09---
2026-10-01 17:38:12,356 - INFO - --- validation at epoch 37, val_loss 0.0242, val_mae 0.1648, val_rmse 0.2157, val_r2 0.3445, val_pearson 0.6576, lr 1.00e-03 ---
2026-10-01 17:38:12,356 - INFO - 
****************************************************************************************************
2026-10-01 17:38:18,011 - INFO - --- training epoch 38, loss 0.0226, mae 0.1655, rmse 0.2127, time elapsed(min) 0.09---
2026-10-01 17:38:18,662 - INFO - --- validation at epoch 38, val_loss 0.0213, val_mae 0.1577, val_rmse 0.2048, val_r2 0.4090, val_pearson 0.6613, lr 1.00e-03 ---
2026-10-01 17:38:18,662 - INFO - 
****************************************************************************************************
2026-10-01 17:38:24,407 - INFO - --- training epoch 39, loss 0.0222, mae 0.1637, rmse 0.2108, time elapsed(min) 0.09---
2026-10-01 17:38:24,836 - INFO - --- validation at epoch 39, val_loss 0.0219, val_mae 0.1573, val_rmse 0.2078, val_r2 0.3915, val_pearson 0.6560, lr 1.00e-03 ---
2026-10-01 17:38:24,836 - INFO - 
****************************************************************************************************
2026-10-01 17:38:30,513 - INFO - --- training epoch 40, loss 0.0222, mae 0.1656, rmse 0.2107, time elapsed(min) 0.09---
2026-10-01 17:38:30,940 - INFO - --- validation at epoch 40, val_loss 0.0241, val_mae 0.1621, val_rmse 0.2143, val_r2 0.3530, val_pearson 0.6669, lr 1.00e-03 ---
2026-10-01 17:38:30,940 - INFO - 
****************************************************************************************************
2026-10-01 17:38:36,611 - INFO - --- training epoch 41, loss 0.0217, mae 0.1619, rmse 0.2085, time elapsed(min) 0.09---
2026-10-01 17:38:37,243 - INFO - --- validation at epoch 41, val_loss 0.0265, val_mae 0.1682, val_rmse 0.2197, val_r2 0.3202, val_pearson 0.6652, lr 1.00e-03 ---
2026-10-01 17:38:37,243 - INFO - 
****************************************************************************************************
2026-10-01 17:38:43,128 - INFO - --- training epoch 42, loss 0.0226, mae 0.1651, rmse 0.2125, time elapsed(min) 0.09---
2026-10-01 17:38:43,549 - INFO - --- validation at epoch 42, val_loss 0.0220, val_mae 0.1616, val_rmse 0.2116, val_r2 0.3690, val_pearson 0.6554, lr 1.00e-03 ---
2026-10-01 17:38:43,549 - INFO - 
****************************************************************************************************
2026-10-01 17:38:49,142 - INFO - --- training epoch 43, loss 0.0203, mae 0.1557, rmse 0.2015, time elapsed(min) 0.09---
2026-10-01 17:38:49,571 - INFO - --- validation at epoch 43, val_loss 0.0264, val_mae 0.1651, val_rmse 0.2209, val_r2 0.3126, val_pearson 0.6878, lr 1.00e-03 ---
2026-10-01 17:38:49,571 - INFO - 
****************************************************************************************************
2026-10-01 17:38:55,151 - INFO - --- training epoch 44, loss 0.0207, mae 0.1564, rmse 0.2035, time elapsed(min) 0.09---
2026-10-01 17:38:55,653 - INFO - --- validation at epoch 44, val_loss 0.0225, val_mae 0.1576, val_rmse 0.2068, val_r2 0.3972, val_pearson 0.6926, lr 1.00e-03 ---
2026-10-01 17:38:55,653 - INFO - 
****************************************************************************************************
2026-10-01 17:39:01,681 - INFO - --- training epoch 45, loss 0.0183, mae 0.1459, rmse 0.1913, time elapsed(min) 0.09---
2026-10-01 17:39:02,114 - INFO - --- validation at epoch 45, val_loss 0.0281, val_mae 0.1655, val_rmse 0.2232, val_r2 0.2981, val_pearson 0.6711, lr 1.00e-03 ---
2026-10-01 17:39:02,114 - INFO - 
****************************************************************************************************
2026-10-01 17:39:07,698 - INFO - --- training epoch 46, loss 0.0190, mae 0.1499, rmse 0.1950, time elapsed(min) 0.09---
2026-10-01 17:39:08,125 - INFO - --- validation at epoch 46, val_loss 0.0198, val_mae 0.1505, val_rmse 0.1960, val_r2 0.4587, val_pearson 0.7000, lr 1.00e-03 ---
2026-10-01 17:39:08,125 - INFO - 
****************************************************************************************************
2026-10-01 17:39:13,895 - INFO - --- training epoch 47, loss 0.0193, mae 0.1513, rmse 0.1967, time elapsed(min) 0.09---
2026-10-01 17:39:14,381 - INFO - --- validation at epoch 47, val_loss 0.0200, val_mae 0.1454, val_rmse 0.1881, val_r2 0.5014, val_pearson 0.7319, lr 1.00e-03 ---
2026-10-01 17:39:14,381 - INFO - 
****************************************************************************************************
2026-10-01 17:39:20,282 - INFO - --- training epoch 48, loss 0.0185, mae 0.1468, rmse 0.1925, time elapsed(min) 0.09---
2026-10-01 17:39:20,735 - INFO - --- validation at epoch 48, val_loss 0.0211, val_mae 0.1492, val_rmse 0.1967, val_r2 0.4548, val_pearson 0.7278, lr 1.00e-03 ---
2026-10-01 17:39:20,736 - INFO - 
****************************************************************************************************
2026-10-01 17:39:26,340 - INFO - --- training epoch 49, loss 0.0177, mae 0.1436, rmse 0.1880, time elapsed(min) 0.09---
2026-10-01 17:39:26,768 - INFO - --- validation at epoch 49, val_loss 0.0208, val_mae 0.1496, val_rmse 0.1961, val_r2 0.4579, val_pearson 0.7321, lr 1.00e-03 ---
2026-10-01 17:39:26,768 - INFO - 
****************************************************************************************************
2026-10-01 17:39:32,384 - INFO - --- training epoch 50, loss 0.0172, mae 0.1413, rmse 0.1853, time elapsed(min) 0.09---
2026-10-01 17:39:32,861 - INFO - --- validation at epoch 50, val_loss 0.0213, val_mae 0.1485, val_rmse 0.1960, val_r2 0.4589, val_pearson 0.7353, lr 1.00e-03 ---
2026-10-01 17:39:32,862 - INFO - 
****************************************************************************************************
2026-10-01 17:39:38,788 - INFO - --- training epoch 51, loss 0.0173, mae 0.1419, rmse 0.1857, time elapsed(min) 0.09---
2026-10-01 17:39:39,214 - INFO - --- validation at epoch 51, val_loss 0.0200, val_mae 0.1428, val_rmse 0.1884, val_r2 0.4998, val_pearson 0.7416, lr 1.00e-03 ---
2026-10-01 17:39:39,214 - INFO - 
****************************************************************************************************
2026-10-01 17:39:44,829 - INFO - --- training epoch 52, loss 0.0167, mae 0.1399, rmse 0.1825, time elapsed(min) 0.09---
2026-10-01 17:39:45,264 - INFO - --- validation at epoch 52, val_loss 0.0221, val_mae 0.1483, val_rmse 0.1954, val_r2 0.4622, val_pearson 0.7219, lr 1.00e-03 ---
2026-10-01 17:39:45,264 - INFO - 
****************************************************************************************************
2026-10-01 17:39:50,918 - INFO - --- training epoch 53, loss 0.0166, mae 0.1388, rmse 0.1819, time elapsed(min) 0.09---
2026-10-01 17:39:51,514 - INFO - --- validation at epoch 53, val_loss 0.0200, val_mae 0.1394, val_rmse 0.1857, val_r2 0.5143, val_pearson 0.7388, lr 1.00e-03 ---
2026-10-01 17:39:51,514 - INFO - 
****************************************************************************************************
2026-10-01 17:39:57,452 - INFO - --- training epoch 54, loss 0.0163, mae 0.1376, rmse 0.1808, time elapsed(min) 0.09---
2026-10-01 17:39:57,872 - INFO - --- validation at epoch 54, val_loss 0.0198, val_mae 0.1426, val_rmse 0.1879, val_r2 0.5025, val_pearson 0.7419, lr 1.00e-03 ---
2026-10-01 17:39:57,872 - INFO - 
****************************************************************************************************
2026-10-01 17:40:03,541 - INFO - --- training epoch 55, loss 0.0177, mae 0.1446, rmse 0.1883, time elapsed(min) 0.09---
2026-10-01 17:40:03,967 - INFO - --- validation at epoch 55, val_loss 0.0195, val_mae 0.1419, val_rmse 0.1875, val_r2 0.5044, val_pearson 0.7339, lr 1.00e-03 ---
2026-10-01 17:40:03,967 - INFO - 
****************************************************************************************************
2026-10-01 17:40:09,718 - INFO - --- training epoch 56, loss 0.0166, mae 0.1392, rmse 0.1822, time elapsed(min) 0.09---
2026-10-01 17:40:10,201 - INFO - --- validation at epoch 56, val_loss 0.0192, val_mae 0.1449, val_rmse 0.1884, val_r2 0.5001, val_pearson 0.7524, lr 1.00e-03 ---
2026-10-01 17:40:10,201 - INFO - 
****************************************************************************************************
2026-10-01 17:40:16,191 - INFO - --- training epoch 57, loss 0.0165, mae 0.1386, rmse 0.1816, time elapsed(min) 0.09---
2026-10-01 17:40:16,649 - INFO - --- validation at epoch 57, val_loss 0.0186, val_mae 0.1362, val_rmse 0.1773, val_r2 0.5569, val_pearson 0.7589, lr 1.00e-03 ---
2026-10-01 17:40:16,649 - INFO - 
****************************************************************************************************
2026-10-01 17:40:22,366 - INFO - --- training epoch 58, loss 0.0165, mae 0.1388, rmse 0.1818, time elapsed(min) 0.09---
2026-10-01 17:40:22,792 - INFO - --- validation at epoch 58, val_loss 0.0201, val_mae 0.1426, val_rmse 0.1864, val_r2 0.5102, val_pearson 0.7420, lr 1.00e-03 ---
2026-10-01 17:40:22,792 - INFO - 
****************************************************************************************************
2026-10-01 17:40:28,391 - INFO - --- training epoch 59, loss 0.0167, mae 0.1391, rmse 0.1829, time elapsed(min) 0.09---
2026-10-01 17:40:28,875 - INFO - --- validation at epoch 59, val_loss 0.0174, val_mae 0.1326, val_rmse 0.1743, val_r2 0.5719, val_pearson 0.7625, lr 1.00e-03 ---
2026-10-01 17:40:28,875 - INFO - 
****************************************************************************************************
2026-10-01 17:40:34,920 - INFO - --- training epoch 60, loss 0.0164, mae 0.1383, rmse 0.1810, time elapsed(min) 0.09---
2026-10-01 17:40:35,362 - INFO - --- validation at epoch 60, val_loss 0.0211, val_mae 0.1450, val_rmse 0.1901, val_r2 0.4906, val_pearson 0.7289, lr 1.00e-03 ---
2026-10-01 17:40:35,362 - INFO - 
****************************************************************************************************
2026-10-01 17:40:40,963 - INFO - --- training epoch 61, loss 0.0163, mae 0.1379, rmse 0.1806, time elapsed(min) 0.09---
2026-10-01 17:40:41,400 - INFO - --- validation at epoch 61, val_loss 0.0209, val_mae 0.1435, val_rmse 0.1891, val_r2 0.4962, val_pearson 0.7517, lr 1.00e-03 ---
2026-10-01 17:40:41,400 - INFO - 
****************************************************************************************************
2026-10-01 17:40:47,030 - INFO - --- training epoch 62, loss 0.0161, mae 0.1361, rmse 0.1795, time elapsed(min) 0.09---
2026-10-01 17:40:47,517 - INFO - --- validation at epoch 62, val_loss 0.0198, val_mae 0.1414, val_rmse 0.1843, val_r2 0.5215, val_pearson 0.7515, lr 1.00e-03 ---
2026-10-01 17:40:47,517 - INFO - 
****************************************************************************************************
2026-10-01 17:40:53,175 - INFO - --- training epoch 63, loss 0.0166, mae 0.1383, rmse 0.1824, time elapsed(min) 0.09---
2026-10-01 17:40:53,812 - INFO - --- validation at epoch 63, val_loss 0.0177, val_mae 0.1341, val_rmse 0.1751, val_r2 0.5680, val_pearson 0.7606, lr 1.00e-03 ---
2026-10-01 17:40:53,812 - INFO - 
****************************************************************************************************
2026-10-01 17:40:59,551 - INFO - --- training epoch 64, loss 0.0163, mae 0.1368, rmse 0.1804, time elapsed(min) 0.09---
2026-10-01 17:41:00,009 - INFO - --- validation at epoch 64, val_loss 0.0175, val_mae 0.1340, val_rmse 0.1750, val_r2 0.5685, val_pearson 0.7617, lr 1.00e-03 ---
2026-10-01 17:41:00,009 - INFO - 
****************************************************************************************************
2026-10-01 17:41:05,611 - INFO - --- training epoch 65, loss 0.0152, mae 0.1319, rmse 0.1745, time elapsed(min) 0.09---
2026-10-01 17:41:06,099 - INFO - --- validation at epoch 65, val_loss 0.0195, val_mae 0.1390, val_rmse 0.1810, val_r2 0.5384, val_pearson 0.7597, lr 1.00e-03 ---
2026-10-01 17:41:06,099 - INFO - 
****************************************************************************************************
2026-10-01 17:41:12,123 - INFO - --- training epoch 66, loss 0.0160, mae 0.1355, rmse 0.1788, time elapsed(min) 0.09---
2026-10-01 17:41:12,566 - INFO - --- validation at epoch 66, val_loss 0.0190, val_mae 0.1367, val_rmse 0.1802, val_r2 0.5426, val_pearson 0.7562, lr 1.00e-03 ---
2026-10-01 17:41:12,566 - INFO - 
****************************************************************************************************
2026-10-01 17:41:18,225 - INFO - --- training epoch 67, loss 0.0154, mae 0.1333, rmse 0.1758, time elapsed(min) 0.09---
2026-10-01 17:41:18,671 - INFO - --- validation at epoch 67, val_loss 0.0166, val_mae 0.1281, val_rmse 0.1687, val_r2 0.5990, val_pearson 0.7805, lr 1.00e-03 ---
2026-10-01 17:41:18,671 - INFO - 
****************************************************************************************************
2026-10-01 17:41:24,455 - INFO - --- training epoch 68, loss 0.0160, mae 0.1351, rmse 0.1787, time elapsed(min) 0.09---
2026-10-01 17:41:24,952 - INFO - --- validation at epoch 68, val_loss 0.0184, val_mae 0.1334, val_rmse 0.1769, val_r2 0.5591, val_pearson 0.7607, lr 1.00e-03 ---
2026-10-01 17:41:24,952 - INFO - 
****************************************************************************************************
2026-10-01 17:41:30,595 - INFO - --- training epoch 69, loss 0.0156, mae 0.1337, rmse 0.1765, time elapsed(min) 0.09---
2026-10-01 17:41:31,227 - INFO - --- validation at epoch 69, val_loss 0.0165, val_mae 0.1267, val_rmse 0.1674, val_r2 0.6053, val_pearson 0.7839, lr 1.00e-03 ---
2026-10-01 17:41:31,227 - INFO - 
****************************************************************************************************
2026-10-01 17:41:37,090 - INFO - --- training epoch 70, loss 0.0151, mae 0.1313, rmse 0.1735, time elapsed(min) 0.09---
2026-10-01 17:41:37,516 - INFO - --- validation at epoch 70, val_loss 0.0161, val_mae 0.1273, val_rmse 0.1675, val_r2 0.6047, val_pearson 0.7793, lr 1.00e-03 ---
2026-10-01 17:41:37,516 - INFO - 
****************************************************************************************************
2026-10-01 17:41:43,201 - INFO - --- training epoch 71, loss 0.0155, mae 0.1330, rmse 0.1763, time elapsed(min) 0.09---
2026-10-01 17:41:43,685 - INFO - --- validation at epoch 71, val_loss 0.0180, val_mae 0.1318, val_rmse 0.1747, val_r2 0.5700, val_pearson 0.7653, lr 1.00e-03 ---
2026-10-01 17:41:43,685 - INFO - 
****************************************************************************************************
2026-10-01 17:41:49,491 - INFO - --- training epoch 72, loss 0.0149, mae 0.1300, rmse 0.1726, time elapsed(min) 0.09---
2026-10-01 17:41:50,125 - INFO - --- validation at epoch 72, val_loss 0.0165, val_mae 0.1307, val_rmse 0.1713, val_r2 0.5864, val_pearson 0.7764, lr 1.00e-03 ---
2026-10-01 17:41:50,125 - INFO - 
****************************************************************************************************
2026-10-01 17:41:55,896 - INFO - --- training epoch 73, loss 0.0150, mae 0.1307, rmse 0.1731, time elapsed(min) 0.09---
2026-10-01 17:41:56,330 - INFO - --- validation at epoch 73, val_loss 0.0168, val_mae 0.1290, val_rmse 0.1691, val_r2 0.5970, val_pearson 0.7799, lr 1.00e-03 ---
2026-10-01 17:41:56,330 - INFO - 
****************************************************************************************************
2026-10-01 17:42:01,934 - INFO - --- training epoch 74, loss 0.0149, mae 0.1306, rmse 0.1729, time elapsed(min) 0.09---
2026-10-01 17:42:02,358 - INFO - --- validation at epoch 74, val_loss 0.0168, val_mae 0.1278, val_rmse 0.1671, val_r2 0.6065, val_pearson 0.7895, lr 1.00e-03 ---
2026-10-01 17:42:02,358 - INFO - 
****************************************************************************************************
2026-10-01 17:42:08,168 - INFO - --- training epoch 75, loss 0.0165, mae 0.1370, rmse 0.1817, time elapsed(min) 0.09---
2026-10-01 17:42:08,795 - INFO - --- validation at epoch 75, val_loss 0.0194, val_mae 0.1441, val_rmse 0.1902, val_r2 0.4902, val_pearson 0.7057, lr 1.00e-03 ---
2026-10-01 17:42:08,795 - INFO - 
****************************************************************************************************
2026-10-01 17:42:14,567 - INFO - --- training epoch 76, loss 0.0171, mae 0.1395, rmse 0.1847, time elapsed(min) 0.09---
2026-10-01 17:42:14,996 - INFO - --- validation at epoch 76, val_loss 0.0194, val_mae 0.1452, val_rmse 0.1892, val_r2 0.4956, val_pearson 0.7341, lr 1.00e-03 ---
2026-10-01 17:42:14,996 - INFO - 
****************************************************************************************************
2026-10-01 17:42:20,637 - INFO - --- training epoch 77, loss 0.0155, mae 0.1334, rmse 0.1759, time elapsed(min) 0.09---
2026-10-01 17:42:21,081 - INFO - --- validation at epoch 77, val_loss 0.0182, val_mae 0.1345, val_rmse 0.1771, val_r2 0.5582, val_pearson 0.7586, lr 1.00e-03 ---
2026-10-01 17:42:21,082 - INFO - 
****************************************************************************************************
2026-10-01 17:42:26,820 - INFO - --- training epoch 78, loss 0.0155, mae 0.1333, rmse 0.1761, time elapsed(min) 0.09---
2026-10-01 17:42:27,427 - INFO - --- validation at epoch 78, val_loss 0.0181, val_mae 0.1342, val_rmse 0.1750, val_r2 0.5683, val_pearson 0.7760, lr 1.00e-03 ---
2026-10-01 17:42:27,427 - INFO - 
****************************************************************************************************
2026-10-01 17:42:33,360 - INFO - --- training epoch 79, loss 0.0153, mae 0.1314, rmse 0.1747, time elapsed(min) 0.09---
2026-10-01 17:42:33,795 - INFO - --- validation at epoch 79, val_loss 0.0172, val_mae 0.1294, val_rmse 0.1724, val_r2 0.5810, val_pearson 0.7711, lr 1.00e-03 ---
2026-10-01 17:42:33,795 - INFO - 
****************************************************************************************************
2026-10-01 17:42:39,403 - INFO - --- training epoch 80, loss 0.0155, mae 0.1319, rmse 0.1759, time elapsed(min) 0.09---
2026-10-01 17:42:39,829 - INFO - --- validation at epoch 80, val_loss 0.0201, val_mae 0.1393, val_rmse 0.1874, val_r2 0.5053, val_pearson 0.7445, lr 1.00e-03 ---
2026-10-01 17:42:39,830 - INFO - 
****************************************************************************************************
2026-10-01 17:42:40,217 - INFO - --- early stopping at epoch 80: val_loss did not improve for 10 epochs ---
2026-10-01 17:42:40,719 - INFO - --- selected checkpoint from epoch 70, val_loss 0.0161, val_mae 0.1273, val_rmse 0.1675
2026-10-01 17:42:42,296 - INFO - -- RESULT
2026-10-01 17:42:42,297 - INFO - --- test size: 1728
2026-10-01 17:42:42,297 - INFO - --- MAE: 0.1282 (12.82 pp), RMSE: 0.1700 (17.00 pp), R2: 0.6259, Pearson: 0.7929
