2026-10-01 12:32:13,833 - INFO - device is	cuda:0
2026-10-01 12:32:13,913 - INFO - -- CONFIGURATIONS
2026-10-01 12:32:13,913 - INFO - --- train/valid/test: 2491/277/1187
2026-10-01 12:32:13,913 - INFO - --- max no. reactants_train, valid, test respectively: 6, 6, 6
2026-10-01 12:32:13,913 - INFO - --- max no. products_train, valid, test respectively: 1, 1, 1
2026-10-01 12:32:13,913 - INFO - --- model_path: ../logs/approach1_server/option_b_mlp/bh/runs/fullcv09_split70/model.pt
2026-10-01 12:32:13,922 - INFO - -- TRAINING
2026-10-01 12:32:14,605 - INFO - --- training epoch 0, loss 24.2821, mae 24.7784, rmse 30.3658, time elapsed(min) 0.01---
2026-10-01 12:32:14,761 - INFO - --- validation at epoch 0, val_loss 22.9607, val_mae 23.4246, val_rmse 28.3429, val_r2 -0.0687, val_pearson -0.3365, lr 1.00e-03 ---
2026-10-01 12:32:14,761 - INFO - 
****************************************************************************************************
2026-10-01 12:32:15,775 - INFO - --- training epoch 1, loss 22.7756, mae 23.2721, rmse 27.9378, time elapsed(min) 0.01---
2026-10-01 12:32:15,919 - INFO - --- validation at epoch 1, val_loss 22.7116, val_mae 23.2240, val_rmse 27.7732, val_r2 -0.0262, val_pearson -0.0053, lr 1.00e-03 ---
2026-10-01 12:32:15,919 - INFO - 
****************************************************************************************************
2026-10-01 12:32:16,783 - INFO - --- training epoch 2, loss 22.7582, mae 23.2552, rmse 27.8417, time elapsed(min) 0.01---
2026-10-01 12:32:16,935 - INFO - --- validation at epoch 2, val_loss 23.1073, val_mae 23.3276, val_rmse 28.7641, val_r2 -0.1007, val_pearson 0.2767, lr 1.00e-03 ---
2026-10-01 12:32:16,935 - INFO - 
****************************************************************************************************
2026-10-01 12:32:17,702 - INFO - --- training epoch 3, loss 23.2084, mae 23.7050, rmse 29.1052, time elapsed(min) 0.01---
2026-10-01 12:32:17,850 - INFO - --- validation at epoch 3, val_loss 22.8181, val_mae 23.1522, val_rmse 28.0288, val_r2 -0.0452, val_pearson 0.2827, lr 1.00e-03 ---
2026-10-01 12:32:17,850 - INFO - 
****************************************************************************************************
2026-10-01 12:32:18,782 - INFO - --- training epoch 4, loss 22.4730, mae 22.9700, rmse 27.6063, time elapsed(min) 0.01---
2026-10-01 12:32:18,937 - INFO - --- validation at epoch 4, val_loss 22.8461, val_mae 23.1290, val_rmse 28.1594, val_r2 -0.0549, val_pearson 0.1530, lr 1.00e-03 ---
2026-10-01 12:32:18,937 - INFO - 
****************************************************************************************************
2026-10-01 12:32:20,010 - INFO - --- training epoch 5, loss 22.0293, mae 22.5266, rmse 27.0577, time elapsed(min) 0.01---
2026-10-01 12:32:20,163 - INFO - --- validation at epoch 5, val_loss 22.4761, val_mae 22.8376, val_rmse 27.2452, val_r2 0.0124, val_pearson 0.2038, lr 1.00e-03 ---
2026-10-01 12:32:20,163 - INFO - 
****************************************************************************************************
2026-10-01 12:32:21,197 - INFO - --- training epoch 6, loss 21.6644, mae 22.1619, rmse 26.1598, time elapsed(min) 0.01---
2026-10-01 12:32:21,340 - INFO - --- validation at epoch 6, val_loss 22.9262, val_mae 23.0583, val_rmse 28.7530, val_r2 -0.0999, val_pearson 0.1928, lr 1.00e-03 ---
2026-10-01 12:32:21,340 - INFO - 
****************************************************************************************************
2026-10-01 12:32:22,423 - INFO - --- training epoch 7, loss 22.0952, mae 22.5925, rmse 26.8238, time elapsed(min) 0.01---
2026-10-01 12:32:22,575 - INFO - --- validation at epoch 7, val_loss 22.8359, val_mae 22.8443, val_rmse 28.5457, val_r2 -0.0841, val_pearson 0.2439, lr 1.00e-03 ---
2026-10-01 12:32:22,575 - INFO - 
****************************************************************************************************
2026-10-01 12:32:23,367 - INFO - --- training epoch 8, loss 21.9733, mae 22.4698, rmse 26.9621, time elapsed(min) 0.01---
2026-10-01 12:32:23,510 - INFO - --- validation at epoch 8, val_loss 22.4104, val_mae 22.9195, val_rmse 26.8848, val_r2 0.0384, val_pearson 0.2241, lr 1.00e-03 ---
2026-10-01 12:32:23,510 - INFO - 
****************************************************************************************************
2026-10-01 12:32:24,515 - INFO - --- training epoch 9, loss 21.8478, mae 22.3439, rmse 26.6761, time elapsed(min) 0.01---
2026-10-01 12:32:24,667 - INFO - --- validation at epoch 9, val_loss 22.1940, val_mae 22.4861, val_rmse 26.9118, val_r2 0.0365, val_pearson 0.2562, lr 1.00e-03 ---
2026-10-01 12:32:24,667 - INFO - 
****************************************************************************************************
2026-10-01 12:32:25,721 - INFO - --- training epoch 10, loss 21.8812, mae 22.3778, rmse 26.5476, time elapsed(min) 0.01---
2026-10-01 12:32:25,882 - INFO - --- validation at epoch 10, val_loss 22.0607, val_mae 22.4197, val_rmse 26.1165, val_r2 0.0926, val_pearson 0.3213, lr 1.00e-03 ---
2026-10-01 12:32:25,882 - INFO - 
****************************************************************************************************
2026-10-01 12:32:26,936 - INFO - --- training epoch 11, loss 21.9010, mae 22.3972, rmse 26.7135, time elapsed(min) 0.01---
2026-10-01 12:32:27,086 - INFO - --- validation at epoch 11, val_loss 22.5290, val_mae 23.1256, val_rmse 26.9788, val_r2 0.0317, val_pearson 0.2138, lr 1.00e-03 ---
2026-10-01 12:32:27,086 - INFO - 
****************************************************************************************************
2026-10-01 12:32:28,055 - INFO - --- training epoch 12, loss 22.0942, mae 22.5912, rmse 27.2790, time elapsed(min) 0.01---
2026-10-01 12:32:28,395 - INFO - --- validation at epoch 12, val_loss 22.3270, val_mae 22.6798, val_rmse 26.8700, val_r2 0.0394, val_pearson 0.2126, lr 1.00e-03 ---
2026-10-01 12:32:28,395 - INFO - 
****************************************************************************************************
2026-10-01 12:32:29,300 - INFO - --- training epoch 13, loss 21.6850, mae 22.1810, rmse 26.4803, time elapsed(min) 0.01---
2026-10-01 12:32:29,455 - INFO - --- validation at epoch 13, val_loss 22.2588, val_mae 22.5568, val_rmse 26.8230, val_r2 0.0428, val_pearson 0.2298, lr 1.00e-03 ---
2026-10-01 12:32:29,455 - INFO - 
****************************************************************************************************
2026-10-01 12:32:30,243 - INFO - --- training epoch 14, loss 21.6909, mae 22.1877, rmse 26.5391, time elapsed(min) 0.01---
2026-10-01 12:32:30,381 - INFO - --- validation at epoch 14, val_loss 22.2848, val_mae 22.4791, val_rmse 27.2985, val_r2 0.0086, val_pearson 0.2511, lr 1.00e-03 ---
2026-10-01 12:32:30,381 - INFO - 
****************************************************************************************************
2026-10-01 12:32:31,336 - INFO - --- training epoch 15, loss 21.7096, mae 22.2057, rmse 26.4904, time elapsed(min) 0.01---
2026-10-01 12:32:31,496 - INFO - --- validation at epoch 15, val_loss 21.9527, val_mae 22.3709, val_rmse 26.2008, val_r2 0.0867, val_pearson 0.2945, lr 1.00e-03 ---
2026-10-01 12:32:31,496 - INFO - 
****************************************************************************************************
2026-10-01 12:32:32,545 - INFO - --- training epoch 16, loss 21.4098, mae 21.9065, rmse 25.9375, time elapsed(min) 0.01---
2026-10-01 12:32:32,701 - INFO - --- validation at epoch 16, val_loss 22.0066, val_mae 22.1282, val_rmse 26.9013, val_r2 0.0372, val_pearson 0.2826, lr 1.00e-03 ---
2026-10-01 12:32:32,702 - INFO - 
****************************************************************************************************
2026-10-01 12:32:33,684 - INFO - --- training epoch 17, loss 21.5950, mae 22.0924, rmse 26.3720, time elapsed(min) 0.01---
2026-10-01 12:32:34,014 - INFO - --- validation at epoch 17, val_loss 21.8812, val_mae 22.1589, val_rmse 26.6376, val_r2 0.0560, val_pearson 0.2934, lr 1.00e-03 ---
2026-10-01 12:32:34,014 - INFO - 
****************************************************************************************************
2026-10-01 12:32:35,047 - INFO - --- training epoch 18, loss 21.9611, mae 22.4571, rmse 27.1600, time elapsed(min) 0.01---
2026-10-01 12:32:35,197 - INFO - --- validation at epoch 18, val_loss 22.9023, val_mae 22.8472, val_rmse 28.7831, val_r2 -0.1022, val_pearson 0.2907, lr 1.00e-03 ---
2026-10-01 12:32:35,198 - INFO - 
****************************************************************************************************
2026-10-01 12:32:36,012 - INFO - --- training epoch 19, loss 21.6978, mae 22.1941, rmse 26.7432, time elapsed(min) 0.01---
2026-10-01 12:32:36,159 - INFO - --- validation at epoch 19, val_loss 21.8837, val_mae 22.1565, val_rmse 26.4301, val_r2 0.0706, val_pearson 0.2941, lr 1.00e-03 ---
2026-10-01 12:32:36,160 - INFO - 
****************************************************************************************************
2026-10-01 12:32:37,113 - INFO - --- training epoch 20, loss 20.7266, mae 21.2228, rmse 25.1653, time elapsed(min) 0.01---
2026-10-01 12:32:37,259 - INFO - --- validation at epoch 20, val_loss 21.8804, val_mae 21.3222, val_rmse 27.0578, val_r2 0.0260, val_pearson 0.3618, lr 1.00e-03 ---
2026-10-01 12:32:37,259 - INFO - 
****************************************************************************************************
2026-10-01 12:32:38,427 - INFO - --- training epoch 21, loss 21.3614, mae 21.8574, rmse 26.7981, time elapsed(min) 0.01---
2026-10-01 12:32:38,582 - INFO - --- validation at epoch 21, val_loss 23.0683, val_mae 23.1109, val_rmse 29.0677, val_r2 -0.1241, val_pearson 0.2916, lr 1.00e-03 ---
2026-10-01 12:32:38,582 - INFO - 
****************************************************************************************************
2026-10-01 12:32:39,565 - INFO - --- training epoch 22, loss 21.7163, mae 22.2132, rmse 25.9054, time elapsed(min) 0.01---
2026-10-01 12:32:39,716 - INFO - --- validation at epoch 22, val_loss 21.6677, val_mae 21.9331, val_rmse 25.8630, val_r2 0.1101, val_pearson 0.3588, lr 1.00e-03 ---
2026-10-01 12:32:39,716 - INFO - 
****************************************************************************************************
2026-10-01 12:32:40,921 - INFO - --- training epoch 23, loss 21.1770, mae 21.6734, rmse 25.6504, time elapsed(min) 0.01---
2026-10-01 12:32:41,075 - INFO - --- validation at epoch 23, val_loss 21.6066, val_mae 21.8672, val_rmse 25.9030, val_r2 0.1073, val_pearson 0.3479, lr 1.00e-03 ---
2026-10-01 12:32:41,075 - INFO - 
****************************************************************************************************
2026-10-01 12:32:41,984 - INFO - --- training epoch 24, loss 20.7392, mae 21.2347, rmse 25.2907, time elapsed(min) 0.01---
2026-10-01 12:32:42,136 - INFO - --- validation at epoch 24, val_loss 22.2847, val_mae 22.3188, val_rmse 27.5447, val_r2 -0.0094, val_pearson 0.3223, lr 1.00e-03 ---
2026-10-01 12:32:42,136 - INFO - 
****************************************************************************************************
2026-10-01 12:32:42,957 - INFO - --- training epoch 25, loss 21.0989, mae 21.5949, rmse 25.8172, time elapsed(min) 0.01---
2026-10-01 12:32:43,105 - INFO - --- validation at epoch 25, val_loss 21.4399, val_mae 21.6587, val_rmse 25.6161, val_r2 0.1270, val_pearson 0.3794, lr 1.00e-03 ---
2026-10-01 12:32:43,105 - INFO - 
****************************************************************************************************
2026-10-01 12:32:44,170 - INFO - --- training epoch 26, loss 20.6077, mae 21.1029, rmse 25.0814, time elapsed(min) 0.01---
2026-10-01 12:32:44,318 - INFO - --- validation at epoch 26, val_loss 21.8478, val_mae 21.7267, val_rmse 26.1069, val_r2 0.0932, val_pearson 0.3664, lr 1.00e-03 ---
2026-10-01 12:32:44,318 - INFO - 
****************************************************************************************************
2026-10-01 12:32:45,307 - INFO - --- training epoch 27, loss 20.3312, mae 20.8279, rmse 25.2328, time elapsed(min) 0.01---
2026-10-01 12:32:45,455 - INFO - --- validation at epoch 27, val_loss 21.5973, val_mae 21.2872, val_rmse 26.1234, val_r2 0.0921, val_pearson 0.3799, lr 1.00e-03 ---
2026-10-01 12:32:45,455 - INFO - 
****************************************************************************************************
2026-10-01 12:32:46,392 - INFO - --- training epoch 28, loss 20.8599, mae 21.3558, rmse 25.9021, time elapsed(min) 0.01---
2026-10-01 12:32:46,539 - INFO - --- validation at epoch 28, val_loss 21.5040, val_mae 21.8827, val_rmse 25.5612, val_r2 0.1307, val_pearson 0.3883, lr 1.00e-03 ---
2026-10-01 12:32:46,539 - INFO - 
****************************************************************************************************
2026-10-01 12:32:47,360 - INFO - --- training epoch 29, loss 20.5231, mae 21.0195, rmse 25.3603, time elapsed(min) 0.01---
2026-10-01 12:32:47,498 - INFO - --- validation at epoch 29, val_loss 21.3491, val_mae 21.2131, val_rmse 26.0374, val_r2 0.0981, val_pearson 0.3760, lr 1.00e-03 ---
2026-10-01 12:32:47,498 - INFO - 
****************************************************************************************************
2026-10-01 12:32:48,525 - INFO - --- training epoch 30, loss 20.4098, mae 20.9057, rmse 25.3253, time elapsed(min) 0.01---
2026-10-01 12:32:48,661 - INFO - --- validation at epoch 30, val_loss 20.9566, val_mae 21.3197, val_rmse 25.8830, val_r2 0.1087, val_pearson 0.3882, lr 1.00e-03 ---
2026-10-01 12:32:48,661 - INFO - 
****************************************************************************************************
2026-10-01 12:32:49,842 - INFO - --- training epoch 31, loss 20.3739, mae 20.8702, rmse 25.0129, time elapsed(min) 0.01---
2026-10-01 12:32:49,997 - INFO - --- validation at epoch 31, val_loss 21.5631, val_mae 21.1706, val_rmse 26.1687, val_r2 0.0889, val_pearson 0.3884, lr 1.00e-03 ---
2026-10-01 12:32:49,997 - INFO - 
****************************************************************************************************
2026-10-01 12:32:51,087 - INFO - --- training epoch 32, loss 20.7439, mae 21.2403, rmse 25.6326, time elapsed(min) 0.01---
2026-10-01 12:32:51,226 - INFO - --- validation at epoch 32, val_loss 20.9597, val_mae 21.2991, val_rmse 25.6016, val_r2 0.1280, val_pearson 0.3912, lr 1.00e-03 ---
2026-10-01 12:32:51,226 - INFO - 
****************************************************************************************************
2026-10-01 12:32:52,368 - INFO - --- training epoch 33, loss 20.2231, mae 20.7191, rmse 25.3257, time elapsed(min) 0.01---
2026-10-01 12:32:52,520 - INFO - --- validation at epoch 33, val_loss 21.2511, val_mae 21.2007, val_rmse 25.9814, val_r2 0.1019, val_pearson 0.3877, lr 1.00e-03 ---
2026-10-01 12:32:52,520 - INFO - 
****************************************************************************************************
2026-10-01 12:32:53,331 - INFO - --- training epoch 34, loss 20.1430, mae 20.6379, rmse 25.2917, time elapsed(min) 0.01---
2026-10-01 12:32:53,486 - INFO - --- validation at epoch 34, val_loss 21.0819, val_mae 21.1041, val_rmse 25.7196, val_r2 0.1199, val_pearson 0.3935, lr 1.00e-03 ---
2026-10-01 12:32:53,486 - INFO - 
****************************************************************************************************
2026-10-01 12:32:54,297 - INFO - --- training epoch 35, loss 19.9463, mae 20.4409, rmse 25.1421, time elapsed(min) 0.01---
2026-10-01 12:32:54,446 - INFO - --- validation at epoch 35, val_loss 21.6873, val_mae 21.0094, val_rmse 26.4807, val_r2 0.0671, val_pearson 0.3637, lr 1.00e-03 ---
2026-10-01 12:32:54,446 - INFO - 
****************************************************************************************************
2026-10-01 12:32:55,397 - INFO - --- training epoch 36, loss 20.7083, mae 21.2042, rmse 25.7222, time elapsed(min) 0.01---
2026-10-01 12:32:55,551 - INFO - --- validation at epoch 36, val_loss 21.4265, val_mae 21.0056, val_rmse 25.4284, val_r2 0.1398, val_pearson 0.3881, lr 1.00e-03 ---
2026-10-01 12:32:55,551 - INFO - 
****************************************************************************************************
2026-10-01 12:32:56,521 - INFO - --- training epoch 37, loss 20.1657, mae 20.6619, rmse 25.3032, time elapsed(min) 0.01---
2026-10-01 12:32:56,675 - INFO - --- validation at epoch 37, val_loss 21.4609, val_mae 21.0878, val_rmse 25.8773, val_r2 0.1091, val_pearson 0.3784, lr 1.00e-03 ---
2026-10-01 12:32:56,675 - INFO - 
****************************************************************************************************
2026-10-01 12:32:57,773 - INFO - --- training epoch 38, loss 20.0168, mae 20.5108, rmse 25.5520, time elapsed(min) 0.01---
2026-10-01 12:32:57,927 - INFO - --- validation at epoch 38, val_loss 22.2390, val_mae 21.6748, val_rmse 27.7666, val_r2 -0.0257, val_pearson 0.3617, lr 1.00e-03 ---
2026-10-01 12:32:57,927 - INFO - 
****************************************************************************************************
2026-10-01 12:32:58,727 - INFO - --- training epoch 39, loss 20.9756, mae 21.4715, rmse 25.8598, time elapsed(min) 0.01---
2026-10-01 12:32:58,873 - INFO - --- validation at epoch 39, val_loss 21.4451, val_mae 21.4242, val_rmse 25.5742, val_r2 0.1299, val_pearson 0.3907, lr 1.00e-03 ---
2026-10-01 12:32:58,873 - INFO - 
****************************************************************************************************
2026-10-01 12:32:59,813 - INFO - --- training epoch 40, loss 20.6010, mae 21.0978, rmse 25.2526, time elapsed(min) 0.01---
2026-10-01 12:32:59,958 - INFO - --- validation at epoch 40, val_loss 21.6222, val_mae 21.6114, val_rmse 26.1827, val_r2 0.0880, val_pearson 0.3754, lr 1.00e-03 ---
2026-10-01 12:32:59,958 - INFO - 
****************************************************************************************************
2026-10-01 12:33:00,246 - INFO - --- early stopping at epoch 40: val_loss did not improve for 10 epochs ---
2026-10-01 12:33:00,421 - INFO - --- selected checkpoint from epoch 30, val_loss 20.9566, val_mae 21.3197, val_rmse 25.8830
2026-10-01 12:33:00,768 - INFO - -- RESULT
2026-10-01 12:33:00,768 - INFO - --- test size: 1187
2026-10-01 12:33:00,768 - INFO - --- MAE: 20.2122 pp, RMSE: 24.2807 pp, R2: 0.2176, Pearson: 0.4823
2026-10-01 12:33:00,769 - INFO - --- fullcv09_split70: MAE 20.212185014674805, RMSE 24.280666755663887, R2 0.21761445718744232
2026-10-01 12:33:00,779 - INFO - --- training fullcv10_split70 (npz/bh/fullcv10_split70)
