2026-10-01 12:20:45,091 - INFO - device is	cuda:0
2026-10-01 12:20:45,182 - INFO - -- CONFIGURATIONS
2026-10-01 12:20:45,183 - INFO - --- train/valid/test: 2491/277/1187
2026-10-01 12:20:45,183 - INFO - --- max no. reactants_train, valid, test respectively: 6, 6, 6
2026-10-01 12:20:45,183 - INFO - --- max no. products_train, valid, test respectively: 1, 1, 1
2026-10-01 12:20:45,183 - INFO - --- model_path: ../logs/bh_approach1_grid/runs/bh/fullcv08_split70/ind_mean_mlp/model.pt
2026-10-01 12:20:45,191 - INFO - -- TRAINING
2026-10-01 12:20:45,885 - INFO - --- training epoch 0, loss 25.4852, mae 25.9810, rmse 32.4887, time elapsed(min) 0.01---
2026-10-01 12:20:46,046 - INFO - --- validation at epoch 0, val_loss 24.6681, val_mae 26.2252, val_rmse 33.3847, val_r2 -0.3621, val_pearson -0.3272, lr 1.00e-03 ---
2026-10-01 12:20:46,046 - INFO - 
****************************************************************************************************
2026-10-01 12:20:47,152 - INFO - --- training epoch 1, loss 23.1032, mae 23.5987, rmse 28.8146, time elapsed(min) 0.01---
2026-10-01 12:20:47,317 - INFO - --- validation at epoch 1, val_loss 23.9449, val_mae 25.5545, val_rmse 31.8861, val_r2 -0.2426, val_pearson -0.2938, lr 1.00e-03 ---
2026-10-01 12:20:47,317 - INFO - 
****************************************************************************************************
2026-10-01 12:20:48,409 - INFO - --- training epoch 2, loss 22.8960, mae 23.3922, rmse 28.3019, time elapsed(min) 0.01---
2026-10-01 12:20:48,573 - INFO - --- validation at epoch 2, val_loss 23.7372, val_mae 25.3617, val_rmse 31.4118, val_r2 -0.2059, val_pearson -0.3392, lr 1.00e-03 ---
2026-10-01 12:20:48,573 - INFO - 
****************************************************************************************************
2026-10-01 12:20:49,851 - INFO - --- training epoch 3, loss 22.4410, mae 22.9387, rmse 27.8151, time elapsed(min) 0.01---
2026-10-01 12:20:50,022 - INFO - --- validation at epoch 3, val_loss 21.4098, val_mae 23.4433, val_rmse 27.5899, val_r2 0.0697, val_pearson 0.2776, lr 1.00e-03 ---
2026-10-01 12:20:50,022 - INFO - 
****************************************************************************************************
2026-10-01 12:20:51,434 - INFO - --- training epoch 4, loss 21.9599, mae 22.4562, rmse 27.2644, time elapsed(min) 0.02---
2026-10-01 12:20:51,602 - INFO - --- validation at epoch 4, val_loss 21.3764, val_mae 23.3972, val_rmse 27.9000, val_r2 0.0487, val_pearson 0.2566, lr 1.00e-03 ---
2026-10-01 12:20:51,602 - INFO - 
****************************************************************************************************
2026-10-01 12:20:52,928 - INFO - --- training epoch 5, loss 21.9097, mae 22.4045, rmse 27.2077, time elapsed(min) 0.01---
2026-10-01 12:20:53,098 - INFO - --- validation at epoch 5, val_loss 20.5333, val_mae 22.7710, val_rmse 28.0128, val_r2 0.0410, val_pearson 0.2754, lr 1.00e-03 ---
2026-10-01 12:20:53,098 - INFO - 
****************************************************************************************************
2026-10-01 12:20:54,339 - INFO - --- training epoch 6, loss 21.9559, mae 22.4505, rmse 27.3142, time elapsed(min) 0.01---
2026-10-01 12:20:54,516 - INFO - --- validation at epoch 6, val_loss 20.6877, val_mae 22.9046, val_rmse 28.2423, val_r2 0.0252, val_pearson 0.2764, lr 1.00e-03 ---
2026-10-01 12:20:54,516 - INFO - 
****************************************************************************************************
2026-10-01 12:20:55,575 - INFO - --- training epoch 7, loss 21.8179, mae 22.3136, rmse 27.1486, time elapsed(min) 0.01---
2026-10-01 12:20:55,735 - INFO - --- validation at epoch 7, val_loss 20.6153, val_mae 22.8427, val_rmse 28.1926, val_r2 0.0286, val_pearson 0.2742, lr 1.00e-03 ---
2026-10-01 12:20:55,735 - INFO - 
****************************************************************************************************
2026-10-01 12:20:56,790 - INFO - --- training epoch 8, loss 22.2584, mae 22.7550, rmse 27.7056, time elapsed(min) 0.01---
2026-10-01 12:20:56,967 - INFO - --- validation at epoch 8, val_loss 23.0766, val_mae 24.7686, val_rmse 30.6309, val_r2 -0.1467, val_pearson 0.2326, lr 1.00e-03 ---
2026-10-01 12:20:56,967 - INFO - 
****************************************************************************************************
2026-10-01 12:20:58,238 - INFO - --- training epoch 9, loss 22.4094, mae 22.9068, rmse 27.5585, time elapsed(min) 0.01---
2026-10-01 12:20:58,406 - INFO - --- validation at epoch 9, val_loss 22.9747, val_mae 24.6746, val_rmse 29.5700, val_r2 -0.0686, val_pearson 0.1415, lr 1.00e-03 ---
2026-10-01 12:20:58,406 - INFO - 
****************************************************************************************************
2026-10-01 12:20:59,680 - INFO - --- training epoch 10, loss 22.3189, mae 22.8147, rmse 27.5096, time elapsed(min) 0.01---
2026-10-01 12:20:59,846 - INFO - --- validation at epoch 10, val_loss 20.9054, val_mae 22.9284, val_rmse 27.8362, val_r2 0.0530, val_pearson 0.2494, lr 1.00e-03 ---
2026-10-01 12:20:59,846 - INFO - 
****************************************************************************************************
2026-10-01 12:21:01,099 - INFO - --- training epoch 11, loss 22.0947, mae 22.5910, rmse 27.5895, time elapsed(min) 0.01---
2026-10-01 12:21:01,479 - INFO - --- validation at epoch 11, val_loss 20.8070, val_mae 22.8932, val_rmse 27.6805, val_r2 0.0636, val_pearson 0.2707, lr 1.00e-03 ---
2026-10-01 12:21:01,479 - INFO - 
****************************************************************************************************
2026-10-01 12:21:02,661 - INFO - --- training epoch 12, loss 21.9422, mae 22.4380, rmse 27.1876, time elapsed(min) 0.01---
2026-10-01 12:21:02,822 - INFO - --- validation at epoch 12, val_loss 20.6139, val_mae 22.8432, val_rmse 28.2713, val_r2 0.0232, val_pearson 0.3009, lr 1.00e-03 ---
2026-10-01 12:21:02,822 - INFO - 
****************************************************************************************************
2026-10-01 12:21:03,885 - INFO - --- training epoch 13, loss 21.3573, mae 21.8518, rmse 26.5360, time elapsed(min) 0.01---
2026-10-01 12:21:04,051 - INFO - --- validation at epoch 13, val_loss 20.0939, val_mae 21.9217, val_rmse 26.2096, val_r2 0.1605, val_pearson 0.4463, lr 1.00e-03 ---
2026-10-01 12:21:04,051 - INFO - 
****************************************************************************************************
2026-10-01 12:21:05,490 - INFO - --- training epoch 14, loss 21.4193, mae 21.9154, rmse 26.4732, time elapsed(min) 0.02---
2026-10-01 12:21:05,653 - INFO - --- validation at epoch 14, val_loss 20.0215, val_mae 21.5788, val_rmse 25.4962, val_r2 0.2055, val_pearson 0.4574, lr 1.00e-03 ---
2026-10-01 12:21:05,653 - INFO - 
****************************************************************************************************
2026-10-01 12:21:07,168 - INFO - --- training epoch 15, loss 21.2071, mae 21.7027, rmse 26.2532, time elapsed(min) 0.02---
2026-10-01 12:21:07,329 - INFO - --- validation at epoch 15, val_loss 19.9171, val_mae 21.5947, val_rmse 25.6520, val_r2 0.1958, val_pearson 0.4582, lr 1.00e-03 ---
2026-10-01 12:21:07,329 - INFO - 
****************************************************************************************************
2026-10-01 12:21:08,666 - INFO - --- training epoch 16, loss 21.1201, mae 21.6157, rmse 26.0998, time elapsed(min) 0.01---
2026-10-01 12:21:08,834 - INFO - --- validation at epoch 16, val_loss 20.1294, val_mae 21.7796, val_rmse 25.8569, val_r2 0.1829, val_pearson 0.4704, lr 1.00e-03 ---
2026-10-01 12:21:08,834 - INFO - 
****************************************************************************************************
2026-10-01 12:21:10,043 - INFO - --- training epoch 17, loss 21.1680, mae 21.6620, rmse 26.2117, time elapsed(min) 0.01---
2026-10-01 12:21:10,213 - INFO - --- validation at epoch 17, val_loss 20.8233, val_mae 22.6169, val_rmse 27.6983, val_r2 0.0624, val_pearson 0.4394, lr 1.00e-03 ---
2026-10-01 12:21:10,213 - INFO - 
****************************************************************************************************
2026-10-01 12:21:11,269 - INFO - --- training epoch 18, loss 20.8528, mae 21.3497, rmse 25.6157, time elapsed(min) 0.01---
2026-10-01 12:21:11,419 - INFO - --- validation at epoch 18, val_loss 19.8304, val_mae 21.5755, val_rmse 25.6336, val_r2 0.1970, val_pearson 0.4745, lr 1.00e-03 ---
2026-10-01 12:21:11,419 - INFO - 
****************************************************************************************************
2026-10-01 12:21:12,753 - INFO - --- training epoch 19, loss 20.9049, mae 21.3997, rmse 25.9031, time elapsed(min) 0.01---
2026-10-01 12:21:12,916 - INFO - --- validation at epoch 19, val_loss 20.3238, val_mae 22.0723, val_rmse 26.6592, val_r2 0.1314, val_pearson 0.4674, lr 1.00e-03 ---
2026-10-01 12:21:12,916 - INFO - 
****************************************************************************************************
2026-10-01 12:21:14,155 - INFO - --- training epoch 20, loss 20.7705, mae 21.2660, rmse 25.6424, time elapsed(min) 0.01---
2026-10-01 12:21:14,325 - INFO - --- validation at epoch 20, val_loss 20.0912, val_mae 21.7661, val_rmse 26.1017, val_r2 0.1674, val_pearson 0.4808, lr 1.00e-03 ---
2026-10-01 12:21:14,325 - INFO - 
****************************************************************************************************
2026-10-01 12:21:15,564 - INFO - --- training epoch 21, loss 20.7651, mae 21.2606, rmse 25.6420, time elapsed(min) 0.01---
2026-10-01 12:21:15,727 - INFO - --- validation at epoch 21, val_loss 19.9478, val_mae 21.6160, val_rmse 25.7953, val_r2 0.1868, val_pearson 0.4884, lr 1.00e-03 ---
2026-10-01 12:21:15,727 - INFO - 
****************************************************************************************************
2026-10-01 12:21:17,101 - INFO - --- training epoch 22, loss 20.9417, mae 21.4369, rmse 26.0815, time elapsed(min) 0.02---
2026-10-01 12:21:17,267 - INFO - --- validation at epoch 22, val_loss 20.1177, val_mae 21.8678, val_rmse 26.4152, val_r2 0.1472, val_pearson 0.4751, lr 1.00e-03 ---
2026-10-01 12:21:17,267 - INFO - 
****************************************************************************************************
2026-10-01 12:21:18,312 - INFO - --- training epoch 23, loss 20.9097, mae 21.4055, rmse 25.8830, time elapsed(min) 0.01---
2026-10-01 12:21:18,472 - INFO - --- validation at epoch 23, val_loss 20.3483, val_mae 22.0590, val_rmse 26.9810, val_r2 0.1103, val_pearson 0.4778, lr 1.00e-03 ---
2026-10-01 12:21:18,472 - INFO - 
****************************************************************************************************
2026-10-01 12:21:19,517 - INFO - --- training epoch 24, loss 20.6894, mae 21.1843, rmse 25.6084, time elapsed(min) 0.01---
2026-10-01 12:21:19,677 - INFO - --- validation at epoch 24, val_loss 19.7309, val_mae 21.6381, val_rmse 26.2429, val_r2 0.1583, val_pearson 0.4655, lr 1.00e-03 ---
2026-10-01 12:21:19,677 - INFO - 
****************************************************************************************************
2026-10-01 12:21:21,000 - INFO - --- training epoch 25, loss 20.6585, mae 21.1545, rmse 25.7011, time elapsed(min) 0.01---
2026-10-01 12:21:21,163 - INFO - --- validation at epoch 25, val_loss 19.9988, val_mae 21.8799, val_rmse 26.9845, val_r2 0.1101, val_pearson 0.4523, lr 1.00e-03 ---
2026-10-01 12:21:21,163 - INFO - 
****************************************************************************************************
2026-10-01 12:21:22,427 - INFO - --- training epoch 26, loss 20.7278, mae 21.2235, rmse 25.7170, time elapsed(min) 0.01---
2026-10-01 12:21:22,585 - INFO - --- validation at epoch 26, val_loss 20.3039, val_mae 22.0169, val_rmse 26.9521, val_r2 0.1122, val_pearson 0.4730, lr 1.00e-03 ---
2026-10-01 12:21:22,585 - INFO - 
****************************************************************************************************
2026-10-01 12:21:23,994 - INFO - --- training epoch 27, loss 20.5353, mae 21.0305, rmse 25.4415, time elapsed(min) 0.02---
2026-10-01 12:21:24,158 - INFO - --- validation at epoch 27, val_loss 19.4438, val_mae 21.3977, val_rmse 25.8318, val_r2 0.1845, val_pearson 0.4701, lr 1.00e-03 ---
2026-10-01 12:21:24,158 - INFO - 
****************************************************************************************************
2026-10-01 12:21:25,285 - INFO - --- training epoch 28, loss 20.6362, mae 21.1320, rmse 25.6002, time elapsed(min) 0.01---
2026-10-01 12:21:25,446 - INFO - --- validation at epoch 28, val_loss 20.2977, val_mae 22.0570, val_rmse 27.2630, val_r2 0.0916, val_pearson 0.4684, lr 1.00e-03 ---
2026-10-01 12:21:25,446 - INFO - 
****************************************************************************************************
2026-10-01 12:21:26,487 - INFO - --- training epoch 29, loss 20.6331, mae 21.1292, rmse 25.6713, time elapsed(min) 0.01---
2026-10-01 12:21:26,646 - INFO - --- validation at epoch 29, val_loss 19.8971, val_mae 21.6936, val_rmse 26.4468, val_r2 0.1452, val_pearson 0.4802, lr 1.00e-03 ---
2026-10-01 12:21:26,647 - INFO - 
****************************************************************************************************
2026-10-01 12:21:28,011 - INFO - --- training epoch 30, loss 20.6501, mae 21.1436, rmse 25.7262, time elapsed(min) 0.02---
2026-10-01 12:21:28,181 - INFO - --- validation at epoch 30, val_loss 20.2670, val_mae 21.9270, val_rmse 26.7000, val_r2 0.1287, val_pearson 0.4873, lr 1.00e-03 ---
2026-10-01 12:21:28,181 - INFO - 
****************************************************************************************************
2026-10-01 12:21:29,633 - INFO - --- training epoch 31, loss 20.5180, mae 21.0127, rmse 25.5290, time elapsed(min) 0.01---
2026-10-01 12:21:29,792 - INFO - --- validation at epoch 31, val_loss 19.5254, val_mae 21.3665, val_rmse 25.9075, val_r2 0.1797, val_pearson 0.4839, lr 1.00e-03 ---
2026-10-01 12:21:29,792 - INFO - 
****************************************************************************************************
2026-10-01 12:21:31,207 - INFO - --- training epoch 32, loss 20.5451, mae 21.0394, rmse 25.5719, time elapsed(min) 0.02---
2026-10-01 12:21:31,391 - INFO - --- validation at epoch 32, val_loss 19.5105, val_mae 21.4092, val_rmse 25.9052, val_r2 0.1798, val_pearson 0.4816, lr 1.00e-03 ---
2026-10-01 12:21:31,392 - INFO - 
****************************************************************************************************
2026-10-01 12:21:32,446 - INFO - --- training epoch 33, loss 20.4610, mae 20.9566, rmse 25.5156, time elapsed(min) 0.01---
2026-10-01 12:21:32,619 - INFO - --- validation at epoch 33, val_loss 19.6012, val_mae 21.4426, val_rmse 26.0844, val_r2 0.1685, val_pearson 0.4875, lr 1.00e-03 ---
2026-10-01 12:21:32,619 - INFO - 
****************************************************************************************************
2026-10-01 12:21:33,852 - INFO - --- training epoch 34, loss 20.4477, mae 20.9423, rmse 25.4137, time elapsed(min) 0.01---
2026-10-01 12:21:34,015 - INFO - --- validation at epoch 34, val_loss 19.6178, val_mae 21.3453, val_rmse 25.9596, val_r2 0.1764, val_pearson 0.4884, lr 1.00e-03 ---
2026-10-01 12:21:34,015 - INFO - 
****************************************************************************************************
2026-10-01 12:21:35,265 - INFO - --- training epoch 35, loss 20.3854, mae 20.8795, rmse 25.4956, time elapsed(min) 0.01---
2026-10-01 12:21:35,435 - INFO - --- validation at epoch 35, val_loss 19.6401, val_mae 21.3893, val_rmse 25.8319, val_r2 0.1845, val_pearson 0.4924, lr 1.00e-03 ---
2026-10-01 12:21:35,436 - INFO - 
****************************************************************************************************
2026-10-01 12:21:36,688 - INFO - --- training epoch 36, loss 20.5218, mae 21.0165, rmse 25.5201, time elapsed(min) 0.01---
2026-10-01 12:21:36,857 - INFO - --- validation at epoch 36, val_loss 19.2798, val_mae 21.1534, val_rmse 25.8718, val_r2 0.1820, val_pearson 0.4862, lr 1.00e-03 ---
2026-10-01 12:21:36,857 - INFO - 
****************************************************************************************************
2026-10-01 12:21:38,385 - INFO - --- training epoch 37, loss 20.4119, mae 20.9050, rmse 25.5764, time elapsed(min) 0.02---
2026-10-01 12:21:38,555 - INFO - --- validation at epoch 37, val_loss 19.4968, val_mae 21.2771, val_rmse 26.1008, val_r2 0.1674, val_pearson 0.4870, lr 1.00e-03 ---
2026-10-01 12:21:38,555 - INFO - 
****************************************************************************************************
2026-10-01 12:21:39,612 - INFO - --- training epoch 38, loss 20.3601, mae 20.8556, rmse 25.4822, time elapsed(min) 0.01---
2026-10-01 12:21:39,776 - INFO - --- validation at epoch 38, val_loss 19.5356, val_mae 21.2879, val_rmse 26.1734, val_r2 0.1628, val_pearson 0.4957, lr 1.00e-03 ---
2026-10-01 12:21:39,776 - INFO - 
****************************************************************************************************
2026-10-01 12:21:40,819 - INFO - --- training epoch 39, loss 20.4239, mae 20.9194, rmse 25.5165, time elapsed(min) 0.01---
2026-10-01 12:21:40,992 - INFO - --- validation at epoch 39, val_loss 19.2461, val_mae 20.9964, val_rmse 25.5995, val_r2 0.1991, val_pearson 0.4952, lr 1.00e-03 ---
2026-10-01 12:21:40,992 - INFO - 
****************************************************************************************************
2026-10-01 12:21:42,440 - INFO - --- training epoch 40, loss 20.5621, mae 21.0574, rmse 25.7298, time elapsed(min) 0.02---
2026-10-01 12:21:42,612 - INFO - --- validation at epoch 40, val_loss 19.6090, val_mae 21.3905, val_rmse 25.8059, val_r2 0.1861, val_pearson 0.4940, lr 1.00e-03 ---
2026-10-01 12:21:42,612 - INFO - 
****************************************************************************************************
2026-10-01 12:21:43,906 - INFO - --- training epoch 41, loss 20.5196, mae 21.0138, rmse 25.5339, time elapsed(min) 0.02---
2026-10-01 12:21:44,074 - INFO - --- validation at epoch 41, val_loss 19.7204, val_mae 21.4684, val_rmse 26.4372, val_r2 0.1458, val_pearson 0.4925, lr 1.00e-03 ---
2026-10-01 12:21:44,074 - INFO - 
****************************************************************************************************
2026-10-01 12:21:45,408 - INFO - --- training epoch 42, loss 20.4451, mae 20.9403, rmse 25.5559, time elapsed(min) 0.02---
2026-10-01 12:21:45,820 - INFO - --- validation at epoch 42, val_loss 19.1430, val_mae 20.9781, val_rmse 25.5809, val_r2 0.2002, val_pearson 0.4978, lr 1.00e-03 ---
2026-10-01 12:21:45,820 - INFO - 
****************************************************************************************************
2026-10-01 12:21:47,102 - INFO - --- training epoch 43, loss 20.4650, mae 20.9601, rmse 25.6921, time elapsed(min) 0.01---
2026-10-01 12:21:47,264 - INFO - --- validation at epoch 43, val_loss 19.2593, val_mae 21.0802, val_rmse 25.7690, val_r2 0.1884, val_pearson 0.4958, lr 1.00e-03 ---
2026-10-01 12:21:47,265 - INFO - 
****************************************************************************************************
2026-10-01 12:21:48,333 - INFO - --- training epoch 44, loss 20.4998, mae 20.9945, rmse 25.5889, time elapsed(min) 0.01---
2026-10-01 12:21:48,499 - INFO - --- validation at epoch 44, val_loss 19.6358, val_mae 21.4104, val_rmse 26.3184, val_r2 0.1535, val_pearson 0.4921, lr 1.00e-03 ---
2026-10-01 12:21:48,499 - INFO - 
****************************************************************************************************
2026-10-01 12:21:49,758 - INFO - --- training epoch 45, loss 20.3750, mae 20.8692, rmse 25.4805, time elapsed(min) 0.01---
2026-10-01 12:21:49,930 - INFO - --- validation at epoch 45, val_loss 19.4455, val_mae 21.1887, val_rmse 25.7321, val_r2 0.1908, val_pearson 0.4993, lr 1.00e-03 ---
2026-10-01 12:21:49,930 - INFO - 
****************************************************************************************************
2026-10-01 12:21:51,204 - INFO - --- training epoch 46, loss 20.3720, mae 20.8679, rmse 25.3726, time elapsed(min) 0.01---
2026-10-01 12:21:51,372 - INFO - --- validation at epoch 46, val_loss 19.2103, val_mae 20.9815, val_rmse 25.6075, val_r2 0.1986, val_pearson 0.4979, lr 1.00e-03 ---
2026-10-01 12:21:51,372 - INFO - 
****************************************************************************************************
2026-10-01 12:21:52,645 - INFO - --- training epoch 47, loss 20.4824, mae 20.9774, rmse 25.7260, time elapsed(min) 0.01---
2026-10-01 12:21:53,031 - INFO - --- validation at epoch 47, val_loss 19.7095, val_mae 21.5588, val_rmse 26.5692, val_r2 0.1373, val_pearson 0.4875, lr 1.00e-03 ---
2026-10-01 12:21:53,031 - INFO - 
****************************************************************************************************
2026-10-01 12:21:54,251 - INFO - --- training epoch 48, loss 20.3510, mae 20.8469, rmse 25.3992, time elapsed(min) 0.01---
2026-10-01 12:21:54,410 - INFO - --- validation at epoch 48, val_loss 19.5151, val_mae 21.2464, val_rmse 26.0665, val_r2 0.1696, val_pearson 0.4955, lr 1.00e-03 ---
2026-10-01 12:21:54,410 - INFO - 
****************************************************************************************************
2026-10-01 12:21:55,493 - INFO - --- training epoch 49, loss 20.4342, mae 20.9305, rmse 25.6305, time elapsed(min) 0.01---
2026-10-01 12:21:55,667 - INFO - --- validation at epoch 49, val_loss 19.8075, val_mae 21.3903, val_rmse 26.3718, val_r2 0.1500, val_pearson 0.4950, lr 1.00e-03 ---
2026-10-01 12:21:55,667 - INFO - 
****************************************************************************************************
2026-10-01 12:21:56,927 - INFO - --- training epoch 50, loss 20.3959, mae 20.8924, rmse 25.5070, time elapsed(min) 0.01---
2026-10-01 12:21:57,084 - INFO - --- validation at epoch 50, val_loss 19.6125, val_mae 21.3888, val_rmse 26.2151, val_r2 0.1601, val_pearson 0.4890, lr 1.00e-03 ---
2026-10-01 12:21:57,084 - INFO - 
****************************************************************************************************
2026-10-01 12:21:58,360 - INFO - --- training epoch 51, loss 20.4153, mae 20.9102, rmse 25.5813, time elapsed(min) 0.01---
2026-10-01 12:21:58,524 - INFO - --- validation at epoch 51, val_loss 19.4471, val_mae 21.2375, val_rmse 25.8364, val_r2 0.1842, val_pearson 0.4911, lr 1.00e-03 ---
2026-10-01 12:21:58,525 - INFO - 
****************************************************************************************************
2026-10-01 12:21:59,796 - INFO - --- training epoch 52, loss 20.3772, mae 20.8728, rmse 25.4275, time elapsed(min) 0.01---
2026-10-01 12:22:00,163 - INFO - --- validation at epoch 52, val_loss 19.1929, val_mae 20.9312, val_rmse 25.4390, val_r2 0.2091, val_pearson 0.4981, lr 1.00e-03 ---
2026-10-01 12:22:00,163 - INFO - 
****************************************************************************************************
2026-10-01 12:22:00,703 - INFO - --- early stopping at epoch 52: val_loss did not improve for 10 epochs ---
2026-10-01 12:22:00,907 - INFO - --- selected checkpoint from epoch 42, val_loss 19.1430, val_mae 20.9781, val_rmse 25.5809
2026-10-01 12:22:01,341 - INFO - -- RESULT
2026-10-01 12:22:01,341 - INFO - --- test size: 1187
2026-10-01 12:22:01,341 - INFO - --- MAE: 20.1601 pp, RMSE: 24.9598 pp, R2: 0.1435, Pearson: 0.4312
2026-10-01 12:22:02,182 - INFO - --- Cell ind_mean_mlp DONE: test MAE=20.1601 RMSE=24.9598 R2=0.1435 | sec/epoch=1.42
2026-10-01 12:22:02,196 - INFO - === RUNNING: dataset=bh split=fullcv09_split70 cell=current_model (tokens=ind, pooling=mean, head=linear) ===
