2026-10-01 11:35:36,644 - INFO - device is	cuda:0
2026-10-01 11:35:36,731 - INFO - -- CONFIGURATIONS
2026-10-01 11:35:36,731 - INFO - --- train/valid/test: 2491/277/1187
2026-10-01 11:35:36,731 - INFO - --- max no. reactants_train, valid, test respectively: 6, 6, 6
2026-10-01 11:35:36,731 - INFO - --- max no. products_train, valid, test respectively: 1, 1, 1
2026-10-01 11:35:36,731 - INFO - --- model_path: ../logs/bh_approach1_grid/runs/bh/fullcv02_split70/approach_2/model.pt
2026-10-01 11:35:36,739 - INFO - -- TRAINING
2026-10-01 11:35:37,432 - INFO - --- training epoch 0, loss 25.2708, mae 25.7670, rmse 31.9109, time elapsed(min) 0.01---
2026-10-01 11:35:37,597 - INFO - --- validation at epoch 0, val_loss 21.1441, val_mae 22.6999, val_rmse 28.3095, val_r2 -0.0771, val_pearson -0.2131, lr 1.00e-03 ---
2026-10-01 11:35:37,597 - INFO - 
****************************************************************************************************
2026-10-01 11:35:38,720 - INFO - --- training epoch 1, loss 23.0609, mae 23.5564, rmse 28.4166, time elapsed(min) 0.01---
2026-10-01 11:35:38,890 - INFO - --- validation at epoch 1, val_loss 22.1736, val_mae 22.6722, val_rmse 26.8966, val_r2 0.0278, val_pearson 0.1837, lr 1.00e-03 ---
2026-10-01 11:35:38,891 - INFO - 
****************************************************************************************************
2026-10-01 11:35:40,049 - INFO - --- training epoch 2, loss 22.4186, mae 22.9131, rmse 27.7780, time elapsed(min) 0.01---
2026-10-01 11:35:40,212 - INFO - --- validation at epoch 2, val_loss 21.9437, val_mae 22.4328, val_rmse 26.9961, val_r2 0.0206, val_pearson 0.1917, lr 1.00e-03 ---
2026-10-01 11:35:40,212 - INFO - 
****************************************************************************************************
2026-10-01 11:35:41,441 - INFO - --- training epoch 3, loss 22.2922, mae 22.7862, rmse 27.8032, time elapsed(min) 0.01---
2026-10-01 11:35:41,606 - INFO - --- validation at epoch 3, val_loss 21.9436, val_mae 22.4235, val_rmse 27.1293, val_r2 0.0109, val_pearson 0.1867, lr 1.00e-03 ---
2026-10-01 11:35:41,606 - INFO - 
****************************************************************************************************
2026-10-01 11:35:42,837 - INFO - --- training epoch 4, loss 22.2059, mae 22.7004, rmse 27.7284, time elapsed(min) 0.01---
2026-10-01 11:35:43,012 - INFO - --- validation at epoch 4, val_loss 22.1599, val_mae 22.5497, val_rmse 27.2065, val_r2 0.0052, val_pearson 0.1875, lr 1.00e-03 ---
2026-10-01 11:35:43,012 - INFO - 
****************************************************************************************************
2026-10-01 11:35:44,243 - INFO - --- training epoch 5, loss 22.2113, mae 22.7055, rmse 27.7198, time elapsed(min) 0.01---
2026-10-01 11:35:44,411 - INFO - --- validation at epoch 5, val_loss 22.1956, val_mae 22.5711, val_rmse 27.1289, val_r2 0.0109, val_pearson 0.1893, lr 1.00e-03 ---
2026-10-01 11:35:44,411 - INFO - 
****************************************************************************************************
2026-10-01 11:35:45,607 - INFO - --- training epoch 6, loss 22.2029, mae 22.6990, rmse 27.7459, time elapsed(min) 0.01---
2026-10-01 11:35:45,767 - INFO - --- validation at epoch 6, val_loss 22.4656, val_mae 22.7462, val_rmse 27.3267, val_r2 -0.0036, val_pearson 0.1896, lr 1.00e-03 ---
2026-10-01 11:35:45,767 - INFO - 
****************************************************************************************************
2026-10-01 11:35:46,818 - INFO - --- training epoch 7, loss 22.2632, mae 22.7596, rmse 27.7774, time elapsed(min) 0.01---
2026-10-01 11:35:46,979 - INFO - --- validation at epoch 7, val_loss 22.4246, val_mae 22.6871, val_rmse 27.1196, val_r2 0.0116, val_pearson 0.2054, lr 1.00e-03 ---
2026-10-01 11:35:46,979 - INFO - 
****************************************************************************************************
2026-10-01 11:35:48,047 - INFO - --- training epoch 8, loss 21.7931, mae 22.2881, rmse 27.0669, time elapsed(min) 0.01---
2026-10-01 11:35:48,219 - INFO - --- validation at epoch 8, val_loss 21.1575, val_mae 21.6919, val_rmse 26.9659, val_r2 0.0227, val_pearson 0.2958, lr 1.00e-03 ---
2026-10-01 11:35:48,219 - INFO - 
****************************************************************************************************
2026-10-01 11:35:49,688 - INFO - --- training epoch 9, loss 21.1479, mae 21.6449, rmse 26.0877, time elapsed(min) 0.01---
2026-10-01 11:35:49,846 - INFO - --- validation at epoch 9, val_loss 21.2913, val_mae 21.5216, val_rmse 26.4737, val_r2 0.0581, val_pearson 0.3750, lr 1.00e-03 ---
2026-10-01 11:35:49,846 - INFO - 
****************************************************************************************************
2026-10-01 11:35:51,123 - INFO - --- training epoch 10, loss 21.6642, mae 22.1595, rmse 27.1010, time elapsed(min) 0.02---
2026-10-01 11:35:51,303 - INFO - --- validation at epoch 10, val_loss 21.0230, val_mae 21.2472, val_rmse 25.2480, val_r2 0.1433, val_pearson 0.3866, lr 1.00e-03 ---
2026-10-01 11:35:51,304 - INFO - 
****************************************************************************************************
2026-10-01 11:35:52,618 - INFO - --- training epoch 11, loss 21.4234, mae 21.9197, rmse 26.3768, time elapsed(min) 0.01---
2026-10-01 11:35:53,019 - INFO - --- validation at epoch 11, val_loss 22.0939, val_mae 22.2559, val_rmse 27.2555, val_r2 0.0016, val_pearson 0.3934, lr 1.00e-03 ---
2026-10-01 11:35:53,019 - INFO - 
****************************************************************************************************
2026-10-01 11:35:54,228 - INFO - --- training epoch 12, loss 21.1344, mae 21.6297, rmse 25.8553, time elapsed(min) 0.01---
2026-10-01 11:35:54,386 - INFO - --- validation at epoch 12, val_loss 21.5750, val_mae 21.6150, val_rmse 26.1073, val_r2 0.0840, val_pearson 0.3957, lr 1.00e-03 ---
2026-10-01 11:35:54,386 - INFO - 
****************************************************************************************************
2026-10-01 11:35:55,452 - INFO - --- training epoch 13, loss 21.0567, mae 21.5524, rmse 26.0039, time elapsed(min) 0.01---
2026-10-01 11:35:55,625 - INFO - --- validation at epoch 13, val_loss 21.3849, val_mae 21.5064, val_rmse 25.6443, val_r2 0.1162, val_pearson 0.3908, lr 1.00e-03 ---
2026-10-01 11:35:55,625 - INFO - 
****************************************************************************************************
2026-10-01 11:35:56,689 - INFO - --- training epoch 14, loss 20.9418, mae 21.4370, rmse 25.7310, time elapsed(min) 0.01---
2026-10-01 11:35:56,852 - INFO - --- validation at epoch 14, val_loss 21.5271, val_mae 21.5476, val_rmse 26.0264, val_r2 0.0897, val_pearson 0.4016, lr 1.00e-03 ---
2026-10-01 11:35:56,852 - INFO - 
****************************************************************************************************
2026-10-01 11:35:58,093 - INFO - --- training epoch 15, loss 20.8440, mae 21.3395, rmse 25.5941, time elapsed(min) 0.01---
2026-10-01 11:35:58,252 - INFO - --- validation at epoch 15, val_loss 21.4063, val_mae 21.5395, val_rmse 26.2772, val_r2 0.0720, val_pearson 0.4095, lr 1.00e-03 ---
2026-10-01 11:35:58,252 - INFO - 
****************************************************************************************************
2026-10-01 11:35:59,505 - INFO - --- training epoch 16, loss 20.9567, mae 21.4524, rmse 25.8593, time elapsed(min) 0.01---
2026-10-01 11:35:59,661 - INFO - --- validation at epoch 16, val_loss 21.3656, val_mae 21.4018, val_rmse 26.0185, val_r2 0.0902, val_pearson 0.4181, lr 1.00e-03 ---
2026-10-01 11:35:59,662 - INFO - 
****************************************************************************************************
2026-10-01 11:36:00,937 - INFO - --- training epoch 17, loss 20.8084, mae 21.3046, rmse 25.6132, time elapsed(min) 0.02---
2026-10-01 11:36:01,317 - INFO - --- validation at epoch 17, val_loss 21.6548, val_mae 21.7291, val_rmse 26.6493, val_r2 0.0456, val_pearson 0.4210, lr 1.00e-03 ---
2026-10-01 11:36:01,317 - INFO - 
****************************************************************************************************
2026-10-01 11:36:02,519 - INFO - --- training epoch 18, loss 20.9255, mae 21.4198, rmse 25.7888, time elapsed(min) 0.01---
2026-10-01 11:36:02,688 - INFO - --- validation at epoch 18, val_loss 21.4947, val_mae 21.6104, val_rmse 26.4853, val_r2 0.0573, val_pearson 0.4222, lr 1.00e-03 ---
2026-10-01 11:36:02,688 - INFO - 
****************************************************************************************************
2026-10-01 11:36:03,752 - INFO - --- training epoch 19, loss 20.7006, mae 21.1955, rmse 25.6321, time elapsed(min) 0.01---
2026-10-01 11:36:03,922 - INFO - --- validation at epoch 19, val_loss 20.7479, val_mae 20.8040, val_rmse 25.3592, val_r2 0.1357, val_pearson 0.4348, lr 1.00e-03 ---
2026-10-01 11:36:03,922 - INFO - 
****************************************************************************************************
2026-10-01 11:36:05,329 - INFO - --- training epoch 20, loss 20.7185, mae 21.2151, rmse 25.9162, time elapsed(min) 0.02---
2026-10-01 11:36:05,491 - INFO - --- validation at epoch 20, val_loss 20.9498, val_mae 21.0750, val_rmse 25.6811, val_r2 0.1137, val_pearson 0.4326, lr 1.00e-03 ---
2026-10-01 11:36:05,491 - INFO - 
****************************************************************************************************
2026-10-01 11:36:06,757 - INFO - --- training epoch 21, loss 20.4904, mae 20.9869, rmse 25.5452, time elapsed(min) 0.01---
2026-10-01 11:36:06,920 - INFO - --- validation at epoch 21, val_loss 20.5179, val_mae 20.7078, val_rmse 25.3619, val_r2 0.1355, val_pearson 0.4353, lr 1.00e-03 ---
2026-10-01 11:36:06,920 - INFO - 
****************************************************************************************************
2026-10-01 11:36:08,239 - INFO - --- training epoch 22, loss 20.6082, mae 21.1037, rmse 25.6796, time elapsed(min) 0.01---
2026-10-01 11:36:08,618 - INFO - --- validation at epoch 22, val_loss 20.4461, val_mae 20.5749, val_rmse 25.3567, val_r2 0.1359, val_pearson 0.4400, lr 1.00e-03 ---
2026-10-01 11:36:08,618 - INFO - 
****************************************************************************************************
2026-10-01 11:36:09,902 - INFO - --- training epoch 23, loss 20.6557, mae 21.1515, rmse 25.8716, time elapsed(min) 0.01---
2026-10-01 11:36:10,062 - INFO - --- validation at epoch 23, val_loss 20.1013, val_mae 20.3225, val_rmse 24.9546, val_r2 0.1631, val_pearson 0.4493, lr 1.00e-03 ---
2026-10-01 11:36:10,062 - INFO - 
****************************************************************************************************
2026-10-01 11:36:11,207 - INFO - --- training epoch 24, loss 20.6425, mae 21.1379, rmse 25.8036, time elapsed(min) 0.01---
2026-10-01 11:36:11,375 - INFO - --- validation at epoch 24, val_loss 20.8614, val_mae 20.9106, val_rmse 25.4093, val_r2 0.1323, val_pearson 0.4397, lr 1.00e-03 ---
2026-10-01 11:36:11,375 - INFO - 
****************************************************************************************************
2026-10-01 11:36:12,627 - INFO - --- training epoch 25, loss 20.6698, mae 21.1663, rmse 25.7891, time elapsed(min) 0.01---
2026-10-01 11:36:12,790 - INFO - --- validation at epoch 25, val_loss 20.6067, val_mae 20.7247, val_rmse 25.0995, val_r2 0.1533, val_pearson 0.4482, lr 1.00e-03 ---
2026-10-01 11:36:12,790 - INFO - 
****************************************************************************************************
2026-10-01 11:36:14,053 - INFO - --- training epoch 26, loss 20.6103, mae 21.1062, rmse 25.4536, time elapsed(min) 0.01---
2026-10-01 11:36:14,223 - INFO - --- validation at epoch 26, val_loss 20.6008, val_mae 20.7701, val_rmse 25.6741, val_r2 0.1141, val_pearson 0.4420, lr 1.00e-03 ---
2026-10-01 11:36:14,223 - INFO - 
****************************************************************************************************
2026-10-01 11:36:15,503 - INFO - --- training epoch 27, loss 20.9166, mae 21.4124, rmse 26.1177, time elapsed(min) 0.01---
2026-10-01 11:36:15,677 - INFO - --- validation at epoch 27, val_loss 19.9963, val_mae 20.1685, val_rmse 24.6375, val_r2 0.1842, val_pearson 0.4462, lr 1.00e-03 ---
2026-10-01 11:36:15,677 - INFO - 
****************************************************************************************************
2026-10-01 11:36:16,963 - INFO - --- training epoch 28, loss 20.4138, mae 20.9098, rmse 25.4342, time elapsed(min) 0.01---
2026-10-01 11:36:17,141 - INFO - --- validation at epoch 28, val_loss 20.3240, val_mae 20.4603, val_rmse 24.9369, val_r2 0.1643, val_pearson 0.4329, lr 1.00e-03 ---
2026-10-01 11:36:17,141 - INFO - 
****************************************************************************************************
2026-10-01 11:36:18,229 - INFO - --- training epoch 29, loss 20.4291, mae 20.9230, rmse 25.7275, time elapsed(min) 0.01---
2026-10-01 11:36:18,395 - INFO - --- validation at epoch 29, val_loss 20.3939, val_mae 20.5213, val_rmse 24.9116, val_r2 0.1660, val_pearson 0.4463, lr 1.00e-03 ---
2026-10-01 11:36:18,395 - INFO - 
****************************************************************************************************
2026-10-01 11:36:19,599 - INFO - --- training epoch 30, loss 20.4454, mae 20.9409, rmse 25.5730, time elapsed(min) 0.01---
2026-10-01 11:36:19,766 - INFO - --- validation at epoch 30, val_loss 20.7270, val_mae 20.8114, val_rmse 25.2298, val_r2 0.1445, val_pearson 0.4454, lr 1.00e-03 ---
2026-10-01 11:36:19,766 - INFO - 
****************************************************************************************************
2026-10-01 11:36:21,007 - INFO - --- training epoch 31, loss 20.4319, mae 20.9267, rmse 25.6706, time elapsed(min) 0.01---
2026-10-01 11:36:21,177 - INFO - --- validation at epoch 31, val_loss 19.9492, val_mae 20.1243, val_rmse 24.6246, val_r2 0.1851, val_pearson 0.4494, lr 1.00e-03 ---
2026-10-01 11:36:21,177 - INFO - 
****************************************************************************************************
2026-10-01 11:36:22,545 - INFO - --- training epoch 32, loss 20.4212, mae 20.9162, rmse 25.5130, time elapsed(min) 0.02---
2026-10-01 11:36:22,733 - INFO - --- validation at epoch 32, val_loss 20.5779, val_mae 20.6260, val_rmse 25.2578, val_r2 0.1426, val_pearson 0.4425, lr 1.00e-03 ---
2026-10-01 11:36:22,733 - INFO - 
****************************************************************************************************
2026-10-01 11:36:24,204 - INFO - --- training epoch 33, loss 20.6018, mae 21.0968, rmse 25.8558, time elapsed(min) 0.02---
2026-10-01 11:36:24,373 - INFO - --- validation at epoch 33, val_loss 20.0828, val_mae 20.1655, val_rmse 24.7539, val_r2 0.1765, val_pearson 0.4428, lr 1.00e-03 ---
2026-10-01 11:36:24,373 - INFO - 
****************************************************************************************************
2026-10-01 11:36:25,450 - INFO - --- training epoch 34, loss 20.4359, mae 20.9313, rmse 25.4884, time elapsed(min) 0.01---
2026-10-01 11:36:25,622 - INFO - --- validation at epoch 34, val_loss 20.4975, val_mae 20.6519, val_rmse 25.0846, val_r2 0.1543, val_pearson 0.4374, lr 1.00e-03 ---
2026-10-01 11:36:25,622 - INFO - 
****************************************************************************************************
2026-10-01 11:36:26,875 - INFO - --- training epoch 35, loss 20.4175, mae 20.9107, rmse 25.6253, time elapsed(min) 0.01---
2026-10-01 11:36:27,038 - INFO - --- validation at epoch 35, val_loss 20.1067, val_mae 20.2368, val_rmse 24.7451, val_r2 0.1771, val_pearson 0.4536, lr 1.00e-03 ---
2026-10-01 11:36:27,038 - INFO - 
****************************************************************************************************
2026-10-01 11:36:28,321 - INFO - --- training epoch 36, loss 20.3254, mae 20.8198, rmse 25.5053, time elapsed(min) 0.01---
2026-10-01 11:36:28,490 - INFO - --- validation at epoch 36, val_loss 20.4370, val_mae 20.5356, val_rmse 25.1420, val_r2 0.1505, val_pearson 0.4451, lr 1.00e-03 ---
2026-10-01 11:36:28,490 - INFO - 
****************************************************************************************************
2026-10-01 11:36:29,773 - INFO - --- training epoch 37, loss 20.4666, mae 20.9612, rmse 25.7488, time elapsed(min) 0.01---
2026-10-01 11:36:29,945 - INFO - --- validation at epoch 37, val_loss 20.0941, val_mae 20.1948, val_rmse 24.8156, val_r2 0.1724, val_pearson 0.4513, lr 1.00e-03 ---
2026-10-01 11:36:29,945 - INFO - 
****************************************************************************************************
2026-10-01 11:36:31,356 - INFO - --- training epoch 38, loss 20.3509, mae 20.8450, rmse 25.4966, time elapsed(min) 0.02---
2026-10-01 11:36:31,520 - INFO - --- validation at epoch 38, val_loss 20.3439, val_mae 20.4491, val_rmse 24.8585, val_r2 0.1695, val_pearson 0.4488, lr 1.00e-03 ---
2026-10-01 11:36:31,520 - INFO - 
****************************************************************************************************
2026-10-01 11:36:32,578 - INFO - --- training epoch 39, loss 20.4006, mae 20.8959, rmse 25.5926, time elapsed(min) 0.01---
2026-10-01 11:36:32,749 - INFO - --- validation at epoch 39, val_loss 20.3603, val_mae 20.4036, val_rmse 25.2461, val_r2 0.1434, val_pearson 0.4447, lr 1.00e-03 ---
2026-10-01 11:36:32,749 - INFO - 
****************************************************************************************************
2026-10-01 11:36:33,963 - INFO - --- training epoch 40, loss 20.4350, mae 20.9293, rmse 25.6248, time elapsed(min) 0.01---
2026-10-01 11:36:34,129 - INFO - --- validation at epoch 40, val_loss 20.3523, val_mae 20.4665, val_rmse 24.8639, val_r2 0.1692, val_pearson 0.4510, lr 1.00e-03 ---
2026-10-01 11:36:34,129 - INFO - 
****************************************************************************************************
2026-10-01 11:36:35,373 - INFO - --- training epoch 41, loss 20.3851, mae 20.8786, rmse 25.6695, time elapsed(min) 0.01---
2026-10-01 11:36:35,543 - INFO - --- validation at epoch 41, val_loss 20.3977, val_mae 20.5464, val_rmse 25.1130, val_r2 0.1524, val_pearson 0.4523, lr 1.00e-03 ---
2026-10-01 11:36:35,543 - INFO - 
****************************************************************************************************
2026-10-01 11:36:35,929 - INFO - --- early stopping at epoch 41: val_loss did not improve for 10 epochs ---
2026-10-01 11:36:36,117 - INFO - --- selected checkpoint from epoch 31, val_loss 19.9492, val_mae 20.1243, val_rmse 24.6246
2026-10-01 11:36:36,712 - INFO - -- RESULT
2026-10-01 11:36:36,712 - INFO - --- test size: 1187
2026-10-01 11:36:36,712 - INFO - --- MAE: 20.4693 pp, RMSE: 24.6722 pp, R2: 0.1491, Pearson: 0.4226
2026-10-01 11:36:37,865 - INFO - --- Cell approach_2 DONE: test MAE=20.4693 RMSE=24.6722 R2=0.1491 | sec/epoch=1.41
2026-10-01 11:36:37,878 - INFO - === RUNNING: dataset=bh split=fullcv02_split70 cell=approach_1_linear (tokens=comb, pooling=rn, head=linear) ===
