2026-10-01 17:32:28,407 - INFO - device is	cuda:0
2026-10-01 17:32:28,513 - INFO - -- CONFIGURATIONS
2026-10-01 17:32:28,513 - INFO - --- train/valid/test: 3628/404/1728
2026-10-01 17:32:28,513 - INFO - --- max no. reactants_train, valid, test respectively: 14, 14, 14
2026-10-01 17:32:28,513 - INFO - --- max no. products_train, valid, test respectively: 1, 1, 1
2026-10-01 17:32:28,513 - INFO - --- model_path: ../logs/suzuki_approach1_grid/runs/suzuki/split_8/option_b_mlp/model.pt
2026-10-01 17:32:28,521 - INFO - -- TRAINING
2026-10-01 17:32:29,858 - INFO - --- training epoch 0, loss 0.9187, mae 1.2356, rmse 2.8568, time elapsed(min) 0.02---
2026-10-01 17:32:30,066 - INFO - --- validation at epoch 0, val_loss 0.0405, val_mae 0.2562, val_rmse 0.2897, val_r2 -0.0845, val_pearson 0.0802, lr 1.00e-03 ---
2026-10-01 17:32:30,066 - INFO - 
****************************************************************************************************
2026-10-01 17:32:31,893 - INFO - --- training epoch 1, loss 0.0422, mae 0.2502, rmse 0.2905, time elapsed(min) 0.02---
2026-10-01 17:32:32,108 - INFO - --- validation at epoch 1, val_loss 0.0392, val_mae 0.2380, val_rmse 0.2831, val_r2 -0.0352, val_pearson 0.1216, lr 1.00e-03 ---
2026-10-01 17:32:32,108 - INFO - 
****************************************************************************************************
2026-10-01 17:32:33,773 - INFO - --- training epoch 2, loss 0.0402, mae 0.2456, rmse 0.2837, time elapsed(min) 0.02---
2026-10-01 17:32:34,101 - INFO - --- validation at epoch 2, val_loss 0.0409, val_mae 0.2386, val_rmse 0.2886, val_r2 -0.0763, val_pearson 0.1242, lr 1.00e-03 ---
2026-10-01 17:32:34,101 - INFO - 
****************************************************************************************************
2026-10-01 17:32:35,765 - INFO - --- training epoch 3, loss 0.0404, mae 0.2450, rmse 0.2841, time elapsed(min) 0.02---
2026-10-01 17:32:36,142 - INFO - --- validation at epoch 3, val_loss 0.0376, val_mae 0.2395, val_rmse 0.2780, val_r2 0.0018, val_pearson 0.1102, lr 1.00e-03 ---
2026-10-01 17:32:36,142 - INFO - 
****************************************************************************************************
2026-10-01 17:32:37,910 - INFO - --- training epoch 4, loss 0.0398, mae 0.2442, rmse 0.2823, time elapsed(min) 0.02---
2026-10-01 17:32:38,116 - INFO - --- validation at epoch 4, val_loss 0.0408, val_mae 0.2383, val_rmse 0.2884, val_r2 -0.0742, val_pearson 0.1155, lr 1.00e-03 ---
2026-10-01 17:32:38,116 - INFO - 
****************************************************************************************************
2026-10-01 17:32:39,688 - INFO - --- training epoch 5, loss 0.0399, mae 0.2440, rmse 0.2824, time elapsed(min) 0.02---
2026-10-01 17:32:39,896 - INFO - --- validation at epoch 5, val_loss 0.0393, val_mae 0.2372, val_rmse 0.2836, val_r2 -0.0392, val_pearson 0.1306, lr 1.00e-03 ---
2026-10-01 17:32:39,896 - INFO - 
****************************************************************************************************
2026-10-01 17:32:41,499 - INFO - --- training epoch 6, loss 0.0396, mae 0.2431, rmse 0.2814, time elapsed(min) 0.02---
2026-10-01 17:32:41,864 - INFO - --- validation at epoch 6, val_loss 0.0372, val_mae 0.2386, val_rmse 0.2767, val_r2 0.0108, val_pearson 0.1273, lr 1.00e-03 ---
2026-10-01 17:32:41,864 - INFO - 
****************************************************************************************************
2026-10-01 17:32:43,747 - INFO - --- training epoch 7, loss 0.0394, mae 0.2425, rmse 0.2807, time elapsed(min) 0.03---
2026-10-01 17:32:43,957 - INFO - --- validation at epoch 7, val_loss 0.0377, val_mae 0.2359, val_rmse 0.2785, val_r2 -0.0018, val_pearson 0.1610, lr 1.00e-03 ---
2026-10-01 17:32:43,957 - INFO - 
****************************************************************************************************
2026-10-01 17:32:45,562 - INFO - --- training epoch 8, loss 0.0393, mae 0.2419, rmse 0.2803, time elapsed(min) 0.02---
2026-10-01 17:32:45,768 - INFO - --- validation at epoch 8, val_loss 0.0380, val_mae 0.2350, val_rmse 0.2797, val_r2 -0.0107, val_pearson 0.1831, lr 1.00e-03 ---
2026-10-01 17:32:45,768 - INFO - 
****************************************************************************************************
2026-10-01 17:32:47,435 - INFO - --- training epoch 9, loss 0.0392, mae 0.2410, rmse 0.2801, time elapsed(min) 0.02---
2026-10-01 17:32:47,774 - INFO - --- validation at epoch 9, val_loss 0.0394, val_mae 0.2356, val_rmse 0.2842, val_r2 -0.0433, val_pearson 0.1894, lr 1.00e-03 ---
2026-10-01 17:32:47,774 - INFO - 
****************************************************************************************************
2026-10-01 17:32:49,558 - INFO - --- training epoch 10, loss 0.0395, mae 0.2405, rmse 0.2810, time elapsed(min) 0.03---
2026-10-01 17:32:49,766 - INFO - --- validation at epoch 10, val_loss 0.0393, val_mae 0.2353, val_rmse 0.2841, val_r2 -0.0424, val_pearson 0.1981, lr 1.00e-03 ---
2026-10-01 17:32:49,766 - INFO - 
****************************************************************************************************
2026-10-01 17:32:51,368 - INFO - --- training epoch 11, loss 0.0388, mae 0.2403, rmse 0.2784, time elapsed(min) 0.02---
2026-10-01 17:32:51,575 - INFO - --- validation at epoch 11, val_loss 0.0399, val_mae 0.2351, val_rmse 0.2863, val_r2 -0.0588, val_pearson 0.1898, lr 1.00e-03 ---
2026-10-01 17:32:51,575 - INFO - 
****************************************************************************************************
2026-10-01 17:32:53,163 - INFO - --- training epoch 12, loss 0.0390, mae 0.2402, rmse 0.2792, time elapsed(min) 0.02---
2026-10-01 17:32:53,373 - INFO - --- validation at epoch 12, val_loss 0.0382, val_mae 0.2352, val_rmse 0.2802, val_r2 -0.0143, val_pearson 0.1682, lr 1.00e-03 ---
2026-10-01 17:32:53,373 - INFO - 
****************************************************************************************************
2026-10-01 17:32:54,984 - INFO - --- training epoch 13, loss 0.0385, mae 0.2376, rmse 0.2776, time elapsed(min) 0.02---
2026-10-01 17:32:55,448 - INFO - --- validation at epoch 13, val_loss 0.0414, val_mae 0.2365, val_rmse 0.2913, val_r2 -0.0966, val_pearson 0.1867, lr 1.00e-03 ---
2026-10-01 17:32:55,448 - INFO - 
****************************************************************************************************
2026-10-01 17:32:57,048 - INFO - --- training epoch 14, loss 0.0383, mae 0.2381, rmse 0.2768, time elapsed(min) 0.02---
2026-10-01 17:32:57,260 - INFO - --- validation at epoch 14, val_loss 0.0404, val_mae 0.2347, val_rmse 0.2880, val_r2 -0.0718, val_pearson 0.1962, lr 1.00e-03 ---
2026-10-01 17:32:57,260 - INFO - 
****************************************************************************************************
2026-10-01 17:32:58,845 - INFO - --- training epoch 15, loss 0.0373, mae 0.2343, rmse 0.2731, time elapsed(min) 0.02---
2026-10-01 17:32:59,051 - INFO - --- validation at epoch 15, val_loss 0.0355, val_mae 0.2304, val_rmse 0.2704, val_r2 0.0554, val_pearson 0.2420, lr 1.00e-03 ---
2026-10-01 17:32:59,051 - INFO - 
****************************************************************************************************
2026-10-01 17:33:00,781 - INFO - --- training epoch 16, loss 0.0364, mae 0.2297, rmse 0.2699, time elapsed(min) 0.02---
2026-10-01 17:33:01,162 - INFO - --- validation at epoch 16, val_loss 0.0358, val_mae 0.2323, val_rmse 0.2703, val_r2 0.0562, val_pearson 0.2594, lr 1.00e-03 ---
2026-10-01 17:33:01,162 - INFO - 
****************************************************************************************************
2026-10-01 17:33:03,056 - INFO - --- training epoch 17, loss 0.0358, mae 0.2258, rmse 0.2675, time elapsed(min) 0.03---
2026-10-01 17:33:03,263 - INFO - --- validation at epoch 17, val_loss 0.0355, val_mae 0.2255, val_rmse 0.2676, val_r2 0.0749, val_pearson 0.3295, lr 1.00e-03 ---
2026-10-01 17:33:03,263 - INFO - 
****************************************************************************************************
2026-10-01 17:33:04,994 - INFO - --- training epoch 18, loss 0.0341, mae 0.2175, rmse 0.2610, time elapsed(min) 0.02---
2026-10-01 17:33:05,204 - INFO - --- validation at epoch 18, val_loss 0.0303, val_mae 0.2025, val_rmse 0.2474, val_r2 0.2094, val_pearson 0.4651, lr 1.00e-03 ---
2026-10-01 17:33:05,204 - INFO - 
****************************************************************************************************
2026-10-01 17:33:06,906 - INFO - --- training epoch 19, loss 0.0331, mae 0.2128, rmse 0.2575, time elapsed(min) 0.02---
2026-10-01 17:33:07,234 - INFO - --- validation at epoch 19, val_loss 0.0363, val_mae 0.2279, val_rmse 0.2720, val_r2 0.0444, val_pearson 0.3690, lr 1.00e-03 ---
2026-10-01 17:33:07,234 - INFO - 
****************************************************************************************************
2026-10-01 17:33:09,093 - INFO - --- training epoch 20, loss 0.0333, mae 0.2140, rmse 0.2580, time elapsed(min) 0.03---
2026-10-01 17:33:09,306 - INFO - --- validation at epoch 20, val_loss 0.0340, val_mae 0.2144, val_rmse 0.2619, val_r2 0.1141, val_pearson 0.4599, lr 1.00e-03 ---
2026-10-01 17:33:09,306 - INFO - 
****************************************************************************************************
2026-10-01 17:33:10,884 - INFO - --- training epoch 21, loss 0.0344, mae 0.2148, rmse 0.2622, time elapsed(min) 0.02---
2026-10-01 17:33:11,093 - INFO - --- validation at epoch 21, val_loss 0.0340, val_mae 0.2079, val_rmse 0.2603, val_r2 0.1249, val_pearson 0.4292, lr 1.00e-03 ---
2026-10-01 17:33:11,093 - INFO - 
****************************************************************************************************
2026-10-01 17:33:12,712 - INFO - --- training epoch 22, loss 0.0332, mae 0.2091, rmse 0.2576, time elapsed(min) 0.02---
2026-10-01 17:33:12,936 - INFO - --- validation at epoch 22, val_loss 0.0321, val_mae 0.2053, val_rmse 0.2532, val_r2 0.1715, val_pearson 0.4233, lr 1.00e-03 ---
2026-10-01 17:33:12,936 - INFO - 
****************************************************************************************************
2026-10-01 17:33:14,647 - INFO - --- training epoch 23, loss 0.0324, mae 0.2067, rmse 0.2545, time elapsed(min) 0.02---
2026-10-01 17:33:15,010 - INFO - --- validation at epoch 23, val_loss 0.0317, val_mae 0.2047, val_rmse 0.2522, val_r2 0.1785, val_pearson 0.4290, lr 1.00e-03 ---
2026-10-01 17:33:15,010 - INFO - 
****************************************************************************************************
2026-10-01 17:33:16,880 - INFO - --- training epoch 24, loss 0.0322, mae 0.2063, rmse 0.2539, time elapsed(min) 0.02---
2026-10-01 17:33:17,090 - INFO - --- validation at epoch 24, val_loss 0.0321, val_mae 0.2052, val_rmse 0.2533, val_r2 0.1713, val_pearson 0.4250, lr 1.00e-03 ---
2026-10-01 17:33:17,090 - INFO - 
****************************************************************************************************
2026-10-01 17:33:18,699 - INFO - --- training epoch 25, loss 0.0321, mae 0.2056, rmse 0.2532, time elapsed(min) 0.02---
2026-10-01 17:33:18,911 - INFO - --- validation at epoch 25, val_loss 0.0312, val_mae 0.2035, val_rmse 0.2508, val_r2 0.1870, val_pearson 0.4364, lr 1.00e-03 ---
2026-10-01 17:33:18,911 - INFO - 
****************************************************************************************************
2026-10-01 17:33:20,596 - INFO - --- training epoch 26, loss 0.0318, mae 0.2043, rmse 0.2524, time elapsed(min) 0.02---
2026-10-01 17:33:20,958 - INFO - --- validation at epoch 26, val_loss 0.0315, val_mae 0.2037, val_rmse 0.2517, val_r2 0.1815, val_pearson 0.4324, lr 1.00e-03 ---
2026-10-01 17:33:20,958 - INFO - 
****************************************************************************************************
2026-10-01 17:33:22,680 - INFO - --- training epoch 27, loss 0.0319, mae 0.2049, rmse 0.2525, time elapsed(min) 0.02---
2026-10-01 17:33:22,893 - INFO - --- validation at epoch 27, val_loss 0.0314, val_mae 0.2038, val_rmse 0.2513, val_r2 0.1838, val_pearson 0.4336, lr 1.00e-03 ---
2026-10-01 17:33:22,893 - INFO - 
****************************************************************************************************
2026-10-01 17:33:24,496 - INFO - --- training epoch 28, loss 0.0318, mae 0.2043, rmse 0.2520, time elapsed(min) 0.02---
2026-10-01 17:33:24,706 - INFO - --- validation at epoch 28, val_loss 0.0316, val_mae 0.2045, val_rmse 0.2518, val_r2 0.1811, val_pearson 0.4368, lr 1.00e-03 ---
2026-10-01 17:33:24,706 - INFO - 
****************************************************************************************************
2026-10-01 17:33:24,968 - INFO - --- early stopping at epoch 28: val_loss did not improve for 10 epochs ---
2026-10-01 17:33:25,215 - INFO - --- selected checkpoint from epoch 18, val_loss 0.0303, val_mae 0.2025, val_rmse 0.2474
2026-10-01 17:33:25,976 - INFO - -- RESULT
2026-10-01 17:33:25,976 - INFO - --- test size: 1728
2026-10-01 17:33:25,976 - INFO - --- MAE: 0.2132 (21.32 pp), RMSE: 0.2577 (25.77 pp), R2: 0.1741, Pearson: 0.4265
2026-10-01 17:33:27,513 - INFO - --- Cell option_b_mlp DONE: test MAE=0.2132 RMSE=0.2577 R2=0.1741 | sec/epoch=1.95
2026-10-01 17:33:27,531 - INFO - === RUNNING: dataset=suzuki split=split_8 cell=ind_mean_mlp (tokens=ind, pooling=mean, head=mlp) ===
