2026-10-01 17:32:00,022 - INFO - device is	cuda:0
2026-10-01 17:32:00,134 - INFO - -- CONFIGURATIONS
2026-10-01 17:32:00,134 - INFO - --- train/valid/test: 3628/404/1728
2026-10-01 17:32:00,134 - INFO - --- max no. reactants_train, valid, test respectively: 14, 14, 14
2026-10-01 17:32:00,134 - INFO - --- max no. products_train, valid, test respectively: 1, 1, 1
2026-10-01 17:32:00,134 - INFO - --- model_path: ../logs/suzuki_approach1_grid/runs/suzuki/split_8/option_b_linear/model.pt
2026-10-01 17:32:00,141 - INFO - -- TRAINING
2026-10-01 17:32:01,525 - INFO - --- training epoch 0, loss 2.5054, mae 2.8640, rmse 7.2706, time elapsed(min) 0.02---
2026-10-01 17:32:01,736 - INFO - --- validation at epoch 0, val_loss 0.0580, val_mae 0.2569, val_rmse 0.3408, val_r2 -0.5003, val_pearson -0.0379, lr 1.00e-03 ---
2026-10-01 17:32:01,736 - INFO - 
****************************************************************************************************
2026-10-01 17:32:03,421 - INFO - --- training epoch 1, loss 0.0411, mae 0.2475, rmse 0.2868, time elapsed(min) 0.02---
2026-10-01 17:32:03,653 - INFO - --- validation at epoch 1, val_loss 0.0389, val_mae 0.2385, val_rmse 0.2820, val_r2 -0.0274, val_pearson -0.0251, lr 1.00e-03 ---
2026-10-01 17:32:03,653 - INFO - 
****************************************************************************************************
2026-10-01 17:32:05,376 - INFO - --- training epoch 2, loss 0.0398, mae 0.2444, rmse 0.2823, time elapsed(min) 0.02---
2026-10-01 17:32:05,703 - INFO - --- validation at epoch 2, val_loss 0.0377, val_mae 0.2438, val_rmse 0.2789, val_r2 -0.0051, val_pearson -0.0088, lr 1.00e-03 ---
2026-10-01 17:32:05,703 - INFO - 
****************************************************************************************************
2026-10-01 17:32:07,574 - INFO - --- training epoch 3, loss 0.0398, mae 0.2449, rmse 0.2822, time elapsed(min) 0.03---
2026-10-01 17:32:07,785 - INFO - --- validation at epoch 3, val_loss 0.0398, val_mae 0.2384, val_rmse 0.2848, val_r2 -0.0479, val_pearson 0.0288, lr 1.00e-03 ---
2026-10-01 17:32:07,786 - INFO - 
****************************************************************************************************
2026-10-01 17:32:09,468 - INFO - --- training epoch 4, loss 0.0400, mae 0.2449, rmse 0.2829, time elapsed(min) 0.02---
2026-10-01 17:32:09,676 - INFO - --- validation at epoch 4, val_loss 0.0411, val_mae 0.2390, val_rmse 0.2891, val_r2 -0.0797, val_pearson 0.0317, lr 1.00e-03 ---
2026-10-01 17:32:09,677 - INFO - 
****************************************************************************************************
2026-10-01 17:32:11,343 - INFO - --- training epoch 5, loss 0.0414, mae 0.2462, rmse 0.2877, time elapsed(min) 0.02---
2026-10-01 17:32:11,550 - INFO - --- validation at epoch 5, val_loss 0.0393, val_mae 0.2382, val_rmse 0.2829, val_r2 -0.0339, val_pearson 0.0386, lr 1.00e-03 ---
2026-10-01 17:32:11,551 - INFO - 
****************************************************************************************************
2026-10-01 17:32:13,250 - INFO - --- training epoch 6, loss 0.0408, mae 0.2459, rmse 0.2855, time elapsed(min) 0.02---
2026-10-01 17:32:13,717 - INFO - --- validation at epoch 6, val_loss 0.0396, val_mae 0.2383, val_rmse 0.2839, val_r2 -0.0410, val_pearson 0.0413, lr 1.00e-03 ---
2026-10-01 17:32:13,718 - INFO - 
****************************************************************************************************
2026-10-01 17:32:15,291 - INFO - --- training epoch 7, loss 0.0398, mae 0.2443, rmse 0.2822, time elapsed(min) 0.02---
2026-10-01 17:32:15,506 - INFO - --- validation at epoch 7, val_loss 0.0417, val_mae 0.2394, val_rmse 0.2908, val_r2 -0.0927, val_pearson 0.0507, lr 1.00e-03 ---
2026-10-01 17:32:15,506 - INFO - 
****************************************************************************************************
2026-10-01 17:32:17,100 - INFO - --- training epoch 8, loss 0.0398, mae 0.2440, rmse 0.2820, time elapsed(min) 0.02---
2026-10-01 17:32:17,308 - INFO - --- validation at epoch 8, val_loss 0.0425, val_mae 0.2397, val_rmse 0.2937, val_r2 -0.1144, val_pearson 0.0841, lr 1.00e-03 ---
2026-10-01 17:32:17,309 - INFO - 
****************************************************************************************************
2026-10-01 17:32:18,998 - INFO - --- training epoch 9, loss 0.0399, mae 0.2438, rmse 0.2823, time elapsed(min) 0.02---
2026-10-01 17:32:19,414 - INFO - --- validation at epoch 9, val_loss 0.0424, val_mae 0.2400, val_rmse 0.2929, val_r2 -0.1088, val_pearson 0.0671, lr 1.00e-03 ---
2026-10-01 17:32:19,414 - INFO - 
****************************************************************************************************
2026-10-01 17:32:21,146 - INFO - --- training epoch 10, loss 0.0391, mae 0.2423, rmse 0.2796, time elapsed(min) 0.02---
2026-10-01 17:32:21,353 - INFO - --- validation at epoch 10, val_loss 0.0401, val_mae 0.2383, val_rmse 0.2853, val_r2 -0.0516, val_pearson 0.0958, lr 1.00e-03 ---
2026-10-01 17:32:21,353 - INFO - 
****************************************************************************************************
2026-10-01 17:32:23,003 - INFO - --- training epoch 11, loss 0.0393, mae 0.2427, rmse 0.2802, time elapsed(min) 0.02---
2026-10-01 17:32:23,216 - INFO - --- validation at epoch 11, val_loss 0.0412, val_mae 0.2394, val_rmse 0.2883, val_r2 -0.0741, val_pearson 0.1000, lr 1.00e-03 ---
2026-10-01 17:32:23,216 - INFO - 
****************************************************************************************************
2026-10-01 17:32:24,944 - INFO - --- training epoch 12, loss 0.0393, mae 0.2429, rmse 0.2805, time elapsed(min) 0.02---
2026-10-01 17:32:25,276 - INFO - --- validation at epoch 12, val_loss 0.0411, val_mae 0.2393, val_rmse 0.2883, val_r2 -0.0737, val_pearson 0.1040, lr 1.00e-03 ---
2026-10-01 17:32:25,276 - INFO - 
****************************************************************************************************
2026-10-01 17:32:25,560 - INFO - --- early stopping at epoch 12: val_loss did not improve for 10 epochs ---
2026-10-01 17:32:26,068 - INFO - --- selected checkpoint from epoch 2, val_loss 0.0377, val_mae 0.2438, val_rmse 0.2789
2026-10-01 17:32:26,931 - INFO - -- RESULT
2026-10-01 17:32:26,931 - INFO - --- test size: 1728
2026-10-01 17:32:26,931 - INFO - --- MAE: 0.2475 (24.75 pp), RMSE: 0.2837 (28.37 pp), R2: -0.0015, Pearson: 0.0155
2026-10-01 17:32:28,377 - INFO - --- Cell option_b_linear DONE: test MAE=0.2475 RMSE=0.2837 R2=-0.0015 | sec/epoch=1.96
2026-10-01 17:32:28,405 - INFO - === RUNNING: dataset=suzuki split=split_8 cell=option_b_mlp (tokens=ind, pooling=rn, head=mlp) ===
