2026-10-01 11:37:38,135 - INFO - device is	cuda:0
2026-10-01 11:37:38,224 - INFO - -- CONFIGURATIONS
2026-10-01 11:37:38,224 - INFO - --- train/valid/test: 2491/277/1187
2026-10-01 11:37:38,224 - INFO - --- max no. reactants_train, valid, test respectively: 6, 6, 6
2026-10-01 11:37:38,224 - INFO - --- max no. products_train, valid, test respectively: 1, 1, 1
2026-10-01 11:37:38,224 - INFO - --- model_path: ../logs/bh_approach1_grid/runs/bh/fullcv02_split70/option_b_linear/model.pt
2026-10-01 11:37:38,234 - INFO - -- TRAINING
2026-10-01 11:37:38,905 - INFO - --- training epoch 0, loss 26.6572, mae 27.1541, rmse 34.2340, time elapsed(min) 0.01---
2026-10-01 11:37:39,068 - INFO - --- validation at epoch 0, val_loss 21.9120, val_mae 23.0785, val_rmse 27.7304, val_r2 -0.0335, val_pearson -0.3025, lr 1.00e-03 ---
2026-10-01 11:37:39,068 - INFO - 
****************************************************************************************************
2026-10-01 11:37:40,184 - INFO - --- training epoch 1, loss 23.3737, mae 23.8695, rmse 28.7903, time elapsed(min) 0.01---
2026-10-01 11:37:40,343 - INFO - --- validation at epoch 1, val_loss 21.1332, val_mae 22.7834, val_rmse 28.6569, val_r2 -0.1037, val_pearson -0.3168, lr 1.00e-03 ---
2026-10-01 11:37:40,343 - INFO - 
****************************************************************************************************
2026-10-01 11:37:41,595 - INFO - --- training epoch 2, loss 23.6949, mae 24.1928, rmse 29.1312, time elapsed(min) 0.01---
2026-10-01 11:37:41,754 - INFO - --- validation at epoch 2, val_loss 21.2856, val_mae 23.0207, val_rmse 29.5295, val_r2 -0.1719, val_pearson -0.3416, lr 1.00e-03 ---
2026-10-01 11:37:41,754 - INFO - 
****************************************************************************************************
2026-10-01 11:37:42,944 - INFO - --- training epoch 3, loss 23.6398, mae 24.1370, rmse 28.8750, time elapsed(min) 0.01---
2026-10-01 11:37:43,108 - INFO - --- validation at epoch 3, val_loss 21.1120, val_mae 22.7078, val_rmse 28.4571, val_r2 -0.0883, val_pearson -0.2034, lr 1.00e-03 ---
2026-10-01 11:37:43,108 - INFO - 
****************************************************************************************************
2026-10-01 11:37:44,407 - INFO - --- training epoch 4, loss 23.4053, mae 23.9023, rmse 28.4791, time elapsed(min) 0.01---
2026-10-01 11:37:44,568 - INFO - --- validation at epoch 4, val_loss 21.1215, val_mae 22.6784, val_rmse 28.3195, val_r2 -0.0778, val_pearson 0.0773, lr 1.00e-03 ---
2026-10-01 11:37:44,568 - INFO - 
****************************************************************************************************
2026-10-01 11:37:45,786 - INFO - --- training epoch 5, loss 23.3305, mae 23.8275, rmse 28.2991, time elapsed(min) 0.01---
2026-10-01 11:37:45,954 - INFO - --- validation at epoch 5, val_loss 20.9882, val_mae 22.4616, val_rmse 28.1347, val_r2 -0.0638, val_pearson 0.2439, lr 1.00e-03 ---
2026-10-01 11:37:45,954 - INFO - 
****************************************************************************************************
2026-10-01 11:37:47,214 - INFO - --- training epoch 6, loss 23.2949, mae 23.7919, rmse 28.1792, time elapsed(min) 0.01---
2026-10-01 11:37:47,380 - INFO - --- validation at epoch 6, val_loss 21.1114, val_mae 22.6385, val_rmse 28.1974, val_r2 -0.0686, val_pearson 0.2227, lr 1.00e-03 ---
2026-10-01 11:37:47,380 - INFO - 
****************************************************************************************************
2026-10-01 11:37:48,391 - INFO - --- training epoch 7, loss 23.2563, mae 23.7543, rmse 28.2087, time elapsed(min) 0.01---
2026-10-01 11:37:48,546 - INFO - --- validation at epoch 7, val_loss 21.0228, val_mae 22.4126, val_rmse 27.6797, val_r2 -0.0297, val_pearson 0.2699, lr 1.00e-03 ---
2026-10-01 11:37:48,546 - INFO - 
****************************************************************************************************
2026-10-01 11:37:49,722 - INFO - --- training epoch 8, loss 22.9099, mae 23.4061, rmse 27.9549, time elapsed(min) 0.01---
2026-10-01 11:37:49,885 - INFO - --- validation at epoch 8, val_loss 20.9756, val_mae 22.2152, val_rmse 27.8599, val_r2 -0.0431, val_pearson 0.2475, lr 1.00e-03 ---
2026-10-01 11:37:49,885 - INFO - 
****************************************************************************************************
2026-10-01 11:37:51,336 - INFO - --- training epoch 9, loss 22.8481, mae 23.3445, rmse 27.7357, time elapsed(min) 0.02---
2026-10-01 11:37:51,493 - INFO - --- validation at epoch 9, val_loss 21.0156, val_mae 22.2167, val_rmse 27.8792, val_r2 -0.0446, val_pearson 0.2426, lr 1.00e-03 ---
2026-10-01 11:37:51,493 - INFO - 
****************************************************************************************************
2026-10-01 11:37:52,781 - INFO - --- training epoch 10, loss 22.8132, mae 23.3086, rmse 27.9513, time elapsed(min) 0.02---
2026-10-01 11:37:52,943 - INFO - --- validation at epoch 10, val_loss 21.1132, val_mae 22.0783, val_rmse 27.3049, val_r2 -0.0020, val_pearson 0.2441, lr 1.00e-03 ---
2026-10-01 11:37:52,943 - INFO - 
****************************************************************************************************
2026-10-01 11:37:54,136 - INFO - --- training epoch 11, loss 23.0080, mae 23.5039, rmse 28.4561, time elapsed(min) 0.01---
2026-10-01 11:37:54,294 - INFO - --- validation at epoch 11, val_loss 21.4293, val_mae 22.6193, val_rmse 27.1031, val_r2 0.0128, val_pearson 0.2552, lr 1.00e-03 ---
2026-10-01 11:37:54,295 - INFO - 
****************************************************************************************************
2026-10-01 11:37:55,321 - INFO - --- training epoch 12, loss 23.0661, mae 23.5629, rmse 28.3192, time elapsed(min) 0.01---
2026-10-01 11:37:55,488 - INFO - --- validation at epoch 12, val_loss 21.2343, val_mae 22.4699, val_rmse 27.1949, val_r2 0.0061, val_pearson 0.2892, lr 1.00e-03 ---
2026-10-01 11:37:55,488 - INFO - 
****************************************************************************************************
2026-10-01 11:37:56,686 - INFO - --- training epoch 13, loss 23.0534, mae 23.5499, rmse 28.0501, time elapsed(min) 0.01---
2026-10-01 11:37:56,847 - INFO - --- validation at epoch 13, val_loss 21.0213, val_mae 22.1339, val_rmse 26.9909, val_r2 0.0209, val_pearson 0.2723, lr 1.00e-03 ---
2026-10-01 11:37:56,847 - INFO - 
****************************************************************************************************
2026-10-01 11:37:58,085 - INFO - --- training epoch 14, loss 23.1089, mae 23.6046, rmse 27.9312, time elapsed(min) 0.01---
2026-10-01 11:37:58,250 - INFO - --- validation at epoch 14, val_loss 21.1811, val_mae 22.6231, val_rmse 28.2610, val_r2 -0.0734, val_pearson 0.2674, lr 1.00e-03 ---
2026-10-01 11:37:58,250 - INFO - 
****************************************************************************************************
2026-10-01 11:37:59,635 - INFO - --- training epoch 15, loss 23.1978, mae 23.6941, rmse 27.9749, time elapsed(min) 0.02---
2026-10-01 11:37:59,798 - INFO - --- validation at epoch 15, val_loss 21.1840, val_mae 22.4927, val_rmse 27.3441, val_r2 -0.0049, val_pearson 0.2601, lr 1.00e-03 ---
2026-10-01 11:37:59,799 - INFO - 
****************************************************************************************************
2026-10-01 11:38:01,223 - INFO - --- training epoch 16, loss 23.0175, mae 23.5147, rmse 27.6263, time elapsed(min) 0.02---
2026-10-01 11:38:01,387 - INFO - --- validation at epoch 16, val_loss 21.1783, val_mae 22.4404, val_rmse 27.3582, val_r2 -0.0059, val_pearson 0.2683, lr 1.00e-03 ---
2026-10-01 11:38:01,387 - INFO - 
****************************************************************************************************
2026-10-01 11:38:02,439 - INFO - --- training epoch 17, loss 22.9447, mae 23.4411, rmse 27.5346, time elapsed(min) 0.01---
2026-10-01 11:38:02,599 - INFO - --- validation at epoch 17, val_loss 21.2781, val_mae 22.4039, val_rmse 27.1035, val_r2 0.0128, val_pearson 0.2654, lr 1.00e-03 ---
2026-10-01 11:38:02,599 - INFO - 
****************************************************************************************************
2026-10-01 11:38:03,658 - INFO - --- training epoch 18, loss 22.8650, mae 23.3613, rmse 27.3452, time elapsed(min) 0.01---
2026-10-01 11:38:03,817 - INFO - --- validation at epoch 18, val_loss 21.2980, val_mae 22.3315, val_rmse 27.0313, val_r2 0.0180, val_pearson 0.2845, lr 1.00e-03 ---
2026-10-01 11:38:03,817 - INFO - 
****************************************************************************************************
2026-10-01 11:38:04,199 - INFO - --- early stopping at epoch 18: val_loss did not improve for 10 epochs ---
2026-10-01 11:38:04,396 - INFO - --- selected checkpoint from epoch 8, val_loss 20.9756, val_mae 22.2152, val_rmse 27.8599
2026-10-01 11:38:04,841 - INFO - -- RESULT
2026-10-01 11:38:04,841 - INFO - --- test size: 1187
2026-10-01 11:38:04,841 - INFO - --- MAE: 22.3917 pp, RMSE: 27.4469 pp, R2: -0.0530, Pearson: 0.2382
2026-10-01 11:38:05,887 - INFO - --- Cell option_b_linear DONE: test MAE=22.3917 RMSE=27.4469 R2=-0.0530 | sec/epoch=1.37
2026-10-01 11:38:05,907 - INFO - === RUNNING: dataset=bh split=fullcv02_split70 cell=option_b_mlp (tokens=ind, pooling=rn, head=mlp) ===
