2026-10-01 12:18:07,136 - INFO - device is	cuda:0
2026-10-01 12:18:07,223 - INFO - -- CONFIGURATIONS
2026-10-01 12:18:07,223 - INFO - --- train/valid/test: 2491/277/1187
2026-10-01 12:18:07,223 - INFO - --- max no. reactants_train, valid, test respectively: 6, 6, 6
2026-10-01 12:18:07,223 - INFO - --- max no. products_train, valid, test respectively: 1, 1, 1
2026-10-01 12:18:07,223 - INFO - --- model_path: ../logs/approach1_server/option_b_linear/bh/runs/fullcv01_split70/model.pt
2026-10-01 12:18:07,327 - INFO - -- TRAINING
2026-10-01 12:18:08,210 - INFO - --- training epoch 0, loss 24.0438, mae 24.5393, rmse 30.2432, time elapsed(min) 0.01---
2026-10-01 12:18:08,498 - INFO - --- validation at epoch 0, val_loss 22.3068, val_mae 23.2293, val_rmse 28.6063, val_r2 -0.0997, val_pearson -0.3270, lr 1.00e-03 ---
2026-10-01 12:18:08,498 - INFO - 
****************************************************************************************************
2026-10-01 12:18:09,500 - INFO - --- training epoch 1, loss 22.7479, mae 23.2437, rmse 27.9857, time elapsed(min) 0.01---
2026-10-01 12:18:09,651 - INFO - --- validation at epoch 1, val_loss 22.1636, val_mae 23.0896, val_rmse 27.6886, val_r2 -0.0302, val_pearson -0.3379, lr 1.00e-03 ---
2026-10-01 12:18:09,651 - INFO - 
****************************************************************************************************
2026-10-01 12:18:10,513 - INFO - --- training epoch 2, loss 22.6106, mae 23.1069, rmse 27.6936, time elapsed(min) 0.01---
2026-10-01 12:18:10,673 - INFO - --- validation at epoch 2, val_loss 21.4299, val_mae 22.4214, val_rmse 27.0373, val_r2 0.0176, val_pearson 0.3313, lr 1.00e-03 ---
2026-10-01 12:18:10,673 - INFO - 
****************************************************************************************************
2026-10-01 12:18:11,678 - INFO - --- training epoch 3, loss 22.1879, mae 22.6849, rmse 27.2984, time elapsed(min) 0.01---
2026-10-01 12:18:11,831 - INFO - --- validation at epoch 3, val_loss 20.2689, val_mae 21.5653, val_rmse 26.2011, val_r2 0.0775, val_pearson 0.3167, lr 1.00e-03 ---
2026-10-01 12:18:11,831 - INFO - 
****************************************************************************************************
2026-10-01 12:18:12,858 - INFO - --- training epoch 4, loss 22.1803, mae 22.6759, rmse 27.4071, time elapsed(min) 0.01---
2026-10-01 12:18:13,008 - INFO - --- validation at epoch 4, val_loss 22.2937, val_mae 23.1588, val_rmse 28.4197, val_r2 -0.0854, val_pearson 0.3031, lr 1.00e-03 ---
2026-10-01 12:18:13,008 - INFO - 
****************************************************************************************************
2026-10-01 12:18:13,972 - INFO - --- training epoch 5, loss 22.5342, mae 23.0318, rmse 27.6584, time elapsed(min) 0.01---
2026-10-01 12:18:14,131 - INFO - --- validation at epoch 5, val_loss 21.1624, val_mae 22.1012, val_rmse 26.8189, val_r2 0.0335, val_pearson 0.3768, lr 1.00e-03 ---
2026-10-01 12:18:14,131 - INFO - 
****************************************************************************************************
2026-10-01 12:18:15,280 - INFO - --- training epoch 6, loss 22.1052, mae 22.6024, rmse 26.9330, time elapsed(min) 0.01---
2026-10-01 12:18:15,435 - INFO - --- validation at epoch 6, val_loss 20.7763, val_mae 21.8959, val_rmse 25.5355, val_r2 0.1237, val_pearson 0.3618, lr 1.00e-03 ---
2026-10-01 12:18:15,435 - INFO - 
****************************************************************************************************
2026-10-01 12:18:16,250 - INFO - --- training epoch 7, loss 21.9813, mae 22.4783, rmse 26.8978, time elapsed(min) 0.01---
2026-10-01 12:18:16,396 - INFO - --- validation at epoch 7, val_loss 20.0178, val_mae 21.1584, val_rmse 25.2734, val_r2 0.1416, val_pearson 0.4009, lr 1.00e-03 ---
2026-10-01 12:18:16,396 - INFO - 
****************************************************************************************************
2026-10-01 12:18:17,416 - INFO - --- training epoch 8, loss 22.2375, mae 22.7328, rmse 26.8017, time elapsed(min) 0.01---
2026-10-01 12:18:17,571 - INFO - --- validation at epoch 8, val_loss 21.5081, val_mae 22.5067, val_rmse 26.6053, val_r2 0.0488, val_pearson 0.3510, lr 1.00e-03 ---
2026-10-01 12:18:17,571 - INFO - 
****************************************************************************************************
2026-10-01 12:18:18,555 - INFO - --- training epoch 9, loss 21.8636, mae 22.3605, rmse 26.3650, time elapsed(min) 0.01---
2026-10-01 12:18:18,720 - INFO - --- validation at epoch 9, val_loss 21.0757, val_mae 22.2220, val_rmse 25.6958, val_r2 0.1127, val_pearson 0.3367, lr 1.00e-03 ---
2026-10-01 12:18:18,720 - INFO - 
****************************************************************************************************
2026-10-01 12:18:19,823 - INFO - --- training epoch 10, loss 21.7630, mae 22.2597, rmse 26.3100, time elapsed(min) 0.01---
2026-10-01 12:18:19,969 - INFO - --- validation at epoch 10, val_loss 21.4424, val_mae 22.6825, val_rmse 25.9694, val_r2 0.0937, val_pearson 0.3609, lr 1.00e-03 ---
2026-10-01 12:18:19,969 - INFO - 
****************************************************************************************************
2026-10-01 12:18:21,095 - INFO - --- training epoch 11, loss 21.5434, mae 22.0403, rmse 25.8949, time elapsed(min) 0.01---
2026-10-01 12:18:21,247 - INFO - --- validation at epoch 11, val_loss 20.5963, val_mae 21.9460, val_rmse 25.0921, val_r2 0.1539, val_pearson 0.4238, lr 1.00e-03 ---
2026-10-01 12:18:21,247 - INFO - 
****************************************************************************************************
2026-10-01 12:18:22,054 - INFO - --- training epoch 12, loss 21.3088, mae 21.8046, rmse 25.8974, time elapsed(min) 0.01---
2026-10-01 12:18:22,214 - INFO - --- validation at epoch 12, val_loss 19.2660, val_mae 21.0065, val_rmse 24.7240, val_r2 0.1786, val_pearson 0.4290, lr 1.00e-03 ---
2026-10-01 12:18:22,214 - INFO - 
****************************************************************************************************
2026-10-01 12:18:23,212 - INFO - --- training epoch 13, loss 21.0175, mae 21.5144, rmse 25.3877, time elapsed(min) 0.01---
2026-10-01 12:18:23,375 - INFO - --- validation at epoch 13, val_loss 19.5191, val_mae 21.1564, val_rmse 24.4421, val_r2 0.1972, val_pearson 0.4456, lr 1.00e-03 ---
2026-10-01 12:18:23,375 - INFO - 
****************************************************************************************************
2026-10-01 12:18:24,358 - INFO - --- training epoch 14, loss 20.9075, mae 21.4040, rmse 25.4154, time elapsed(min) 0.01---
2026-10-01 12:18:24,521 - INFO - --- validation at epoch 14, val_loss 18.7790, val_mae 20.4069, val_rmse 24.4180, val_r2 0.1988, val_pearson 0.4563, lr 1.00e-03 ---
2026-10-01 12:18:24,522 - INFO - 
****************************************************************************************************
2026-10-01 12:18:25,600 - INFO - --- training epoch 15, loss 21.1544, mae 21.6507, rmse 25.6804, time elapsed(min) 0.01---
2026-10-01 12:18:25,754 - INFO - --- validation at epoch 15, val_loss 19.9606, val_mae 21.4149, val_rmse 24.5408, val_r2 0.1907, val_pearson 0.4519, lr 1.00e-03 ---
2026-10-01 12:18:25,754 - INFO - 
****************************************************************************************************
2026-10-01 12:18:26,737 - INFO - --- training epoch 16, loss 21.0797, mae 21.5761, rmse 25.7002, time elapsed(min) 0.01---
2026-10-01 12:18:27,066 - INFO - --- validation at epoch 16, val_loss 19.5398, val_mae 21.1124, val_rmse 24.4424, val_r2 0.1972, val_pearson 0.4521, lr 1.00e-03 ---
2026-10-01 12:18:27,066 - INFO - 
****************************************************************************************************
2026-10-01 12:18:28,007 - INFO - --- training epoch 17, loss 20.8566, mae 21.3519, rmse 25.3762, time elapsed(min) 0.01---
2026-10-01 12:18:28,153 - INFO - --- validation at epoch 17, val_loss 18.7618, val_mae 20.5026, val_rmse 24.5554, val_r2 0.1897, val_pearson 0.4489, lr 1.00e-03 ---
2026-10-01 12:18:28,153 - INFO - 
****************************************************************************************************
2026-10-01 12:18:29,045 - INFO - --- training epoch 18, loss 20.8261, mae 21.3209, rmse 25.3436, time elapsed(min) 0.01---
2026-10-01 12:18:29,204 - INFO - --- validation at epoch 18, val_loss 18.6594, val_mae 20.2661, val_rmse 25.0370, val_r2 0.1576, val_pearson 0.4229, lr 1.00e-03 ---
2026-10-01 12:18:29,204 - INFO - 
****************************************************************************************************
2026-10-01 12:18:30,280 - INFO - --- training epoch 19, loss 20.8778, mae 21.3741, rmse 25.5868, time elapsed(min) 0.01---
2026-10-01 12:18:30,424 - INFO - --- validation at epoch 19, val_loss 18.6204, val_mae 20.1426, val_rmse 24.2119, val_r2 0.2122, val_pearson 0.4615, lr 1.00e-03 ---
2026-10-01 12:18:30,424 - INFO - 
****************************************************************************************************
2026-10-01 12:18:31,490 - INFO - --- training epoch 20, loss 20.7282, mae 21.2246, rmse 25.2433, time elapsed(min) 0.01---
2026-10-01 12:18:31,645 - INFO - --- validation at epoch 20, val_loss 18.6056, val_mae 20.2342, val_rmse 24.2193, val_r2 0.2117, val_pearson 0.4627, lr 1.00e-03 ---
2026-10-01 12:18:31,645 - INFO - 
****************************************************************************************************
2026-10-01 12:18:32,701 - INFO - --- training epoch 21, loss 20.6742, mae 21.1696, rmse 25.3901, time elapsed(min) 0.01---
2026-10-01 12:18:32,860 - INFO - --- validation at epoch 21, val_loss 18.6996, val_mae 20.3061, val_rmse 24.4656, val_r2 0.1956, val_pearson 0.4424, lr 1.00e-03 ---
2026-10-01 12:18:32,860 - INFO - 
****************************************************************************************************
2026-10-01 12:18:33,823 - INFO - --- training epoch 22, loss 20.7212, mae 21.2172, rmse 25.3832, time elapsed(min) 0.01---
2026-10-01 12:18:33,988 - INFO - --- validation at epoch 22, val_loss 18.3937, val_mae 20.0860, val_rmse 24.2357, val_r2 0.2107, val_pearson 0.4613, lr 1.00e-03 ---
2026-10-01 12:18:33,989 - INFO - 
****************************************************************************************************
2026-10-01 12:18:34,877 - INFO - --- training epoch 23, loss 20.6065, mae 21.1033, rmse 25.2730, time elapsed(min) 0.01---
2026-10-01 12:18:35,030 - INFO - --- validation at epoch 23, val_loss 18.2706, val_mae 20.1036, val_rmse 24.0875, val_r2 0.2203, val_pearson 0.4736, lr 1.00e-03 ---
2026-10-01 12:18:35,030 - INFO - 
****************************************************************************************************
2026-10-01 12:18:35,950 - INFO - --- training epoch 24, loss 20.5128, mae 21.0096, rmse 25.3633, time elapsed(min) 0.01---
2026-10-01 12:18:36,088 - INFO - --- validation at epoch 24, val_loss 18.1452, val_mae 19.9360, val_rmse 24.1005, val_r2 0.2195, val_pearson 0.4747, lr 1.00e-03 ---
2026-10-01 12:18:36,088 - INFO - 
****************************************************************************************************
2026-10-01 12:18:37,156 - INFO - --- training epoch 25, loss 20.5241, mae 21.0210, rmse 25.3049, time elapsed(min) 0.01---
2026-10-01 12:18:37,301 - INFO - --- validation at epoch 25, val_loss 18.2902, val_mae 20.0323, val_rmse 24.0584, val_r2 0.2222, val_pearson 0.4732, lr 1.00e-03 ---
2026-10-01 12:18:37,301 - INFO - 
****************************************************************************************************
2026-10-01 12:18:38,480 - INFO - --- training epoch 26, loss 20.5598, mae 21.0563, rmse 25.4186, time elapsed(min) 0.01---
2026-10-01 12:18:38,637 - INFO - --- validation at epoch 26, val_loss 18.0138, val_mae 19.8278, val_rmse 24.2008, val_r2 0.2130, val_pearson 0.4724, lr 1.00e-03 ---
2026-10-01 12:18:38,637 - INFO - 
****************************************************************************************************
2026-10-01 12:18:39,738 - INFO - --- training epoch 27, loss 20.4730, mae 20.9701, rmse 25.2760, time elapsed(min) 0.01---
2026-10-01 12:18:40,091 - INFO - --- validation at epoch 27, val_loss 18.0985, val_mae 19.7421, val_rmse 24.1215, val_r2 0.2181, val_pearson 0.4752, lr 1.00e-03 ---
2026-10-01 12:18:40,091 - INFO - 
****************************************************************************************************
2026-10-01 12:18:41,069 - INFO - --- training epoch 28, loss 20.6194, mae 21.1157, rmse 25.3823, time elapsed(min) 0.01---
2026-10-01 12:18:41,226 - INFO - --- validation at epoch 28, val_loss 18.6807, val_mae 20.2919, val_rmse 24.1841, val_r2 0.2140, val_pearson 0.4636, lr 1.00e-03 ---
2026-10-01 12:18:41,226 - INFO - 
****************************************************************************************************
2026-10-01 12:18:42,056 - INFO - --- training epoch 29, loss 20.7238, mae 21.2192, rmse 25.5647, time elapsed(min) 0.01---
2026-10-01 12:18:42,226 - INFO - --- validation at epoch 29, val_loss 18.5186, val_mae 20.2817, val_rmse 24.1644, val_r2 0.2153, val_pearson 0.4662, lr 1.00e-03 ---
2026-10-01 12:18:42,226 - INFO - 
****************************************************************************************************
2026-10-01 12:18:43,198 - INFO - --- training epoch 30, loss 20.5767, mae 21.0737, rmse 25.4737, time elapsed(min) 0.01---
2026-10-01 12:18:43,352 - INFO - --- validation at epoch 30, val_loss 18.0197, val_mae 19.7805, val_rmse 24.2250, val_r2 0.2114, val_pearson 0.4708, lr 1.00e-03 ---
2026-10-01 12:18:43,352 - INFO - 
****************************************************************************************************
2026-10-01 12:18:44,334 - INFO - --- training epoch 31, loss 20.5785, mae 21.0754, rmse 25.2977, time elapsed(min) 0.01---
2026-10-01 12:18:44,493 - INFO - --- validation at epoch 31, val_loss 18.2622, val_mae 19.9179, val_rmse 24.0426, val_r2 0.2232, val_pearson 0.4764, lr 1.00e-03 ---
2026-10-01 12:18:44,494 - INFO - 
****************************************************************************************************
2026-10-01 12:18:45,487 - INFO - --- training epoch 32, loss 20.5339, mae 21.0295, rmse 25.2725, time elapsed(min) 0.01---
2026-10-01 12:18:45,639 - INFO - --- validation at epoch 32, val_loss 18.2277, val_mae 20.0077, val_rmse 24.0207, val_r2 0.2246, val_pearson 0.4767, lr 1.00e-03 ---
2026-10-01 12:18:45,640 - INFO - 
****************************************************************************************************
2026-10-01 12:18:46,605 - INFO - --- training epoch 33, loss 20.4733, mae 20.9686, rmse 25.3014, time elapsed(min) 0.01---
2026-10-01 12:18:46,760 - INFO - --- validation at epoch 33, val_loss 18.2866, val_mae 19.9901, val_rmse 24.0384, val_r2 0.2235, val_pearson 0.4782, lr 1.00e-03 ---
2026-10-01 12:18:46,760 - INFO - 
****************************************************************************************************
2026-10-01 12:18:47,599 - INFO - --- training epoch 34, loss 20.5164, mae 21.0118, rmse 25.2379, time elapsed(min) 0.01---
2026-10-01 12:18:47,752 - INFO - --- validation at epoch 34, val_loss 18.4860, val_mae 20.1510, val_rmse 24.1735, val_r2 0.2147, val_pearson 0.4706, lr 1.00e-03 ---
2026-10-01 12:18:47,752 - INFO - 
****************************************************************************************************
2026-10-01 12:18:48,707 - INFO - --- training epoch 35, loss 20.4832, mae 20.9803, rmse 25.1712, time elapsed(min) 0.01---
2026-10-01 12:18:48,867 - INFO - --- validation at epoch 35, val_loss 17.8697, val_mae 19.7441, val_rmse 24.2147, val_r2 0.2121, val_pearson 0.4894, lr 1.00e-03 ---
2026-10-01 12:18:48,868 - INFO - 
****************************************************************************************************
2026-10-01 12:18:50,085 - INFO - --- training epoch 36, loss 20.5342, mae 21.0306, rmse 25.2575, time elapsed(min) 0.01---
2026-10-01 12:18:50,241 - INFO - --- validation at epoch 36, val_loss 18.7906, val_mae 20.3939, val_rmse 24.3203, val_r2 0.2052, val_pearson 0.4751, lr 1.00e-03 ---
2026-10-01 12:18:50,241 - INFO - 
****************************************************************************************************
2026-10-01 12:18:51,245 - INFO - --- training epoch 37, loss 21.3112, mae 21.8060, rmse 26.3380, time elapsed(min) 0.01---
2026-10-01 12:18:51,399 - INFO - --- validation at epoch 37, val_loss 19.0848, val_mae 20.6070, val_rmse 24.7983, val_r2 0.1736, val_pearson 0.4222, lr 1.00e-03 ---
2026-10-01 12:18:51,399 - INFO - 
****************************************************************************************************
2026-10-01 12:18:52,349 - INFO - --- training epoch 38, loss 20.7757, mae 21.2714, rmse 25.5694, time elapsed(min) 0.01---
2026-10-01 12:18:52,502 - INFO - --- validation at epoch 38, val_loss 18.3944, val_mae 19.8495, val_rmse 24.7852, val_r2 0.1745, val_pearson 0.4780, lr 1.00e-03 ---
2026-10-01 12:18:52,502 - INFO - 
****************************************************************************************************
2026-10-01 12:18:53,306 - INFO - --- training epoch 39, loss 20.6413, mae 21.1364, rmse 25.3453, time elapsed(min) 0.01---
2026-10-01 12:18:53,465 - INFO - --- validation at epoch 39, val_loss 18.5187, val_mae 20.1787, val_rmse 23.8324, val_r2 0.2367, val_pearson 0.4947, lr 1.00e-03 ---
2026-10-01 12:18:53,465 - INFO - 
****************************************************************************************************
2026-10-01 12:18:54,287 - INFO - --- training epoch 40, loss 20.3385, mae 20.8337, rmse 25.1025, time elapsed(min) 0.01---
2026-10-01 12:18:54,441 - INFO - --- validation at epoch 40, val_loss 18.0900, val_mae 19.8710, val_rmse 24.0006, val_r2 0.2259, val_pearson 0.4839, lr 1.00e-03 ---
2026-10-01 12:18:54,441 - INFO - 
****************************************************************************************************
2026-10-01 12:18:55,429 - INFO - --- training epoch 41, loss 20.5003, mae 20.9952, rmse 25.0819, time elapsed(min) 0.01---
2026-10-01 12:18:55,588 - INFO - --- validation at epoch 41, val_loss 18.5857, val_mae 20.3893, val_rmse 23.7826, val_r2 0.2399, val_pearson 0.4970, lr 1.00e-03 ---
2026-10-01 12:18:55,588 - INFO - 
****************************************************************************************************
2026-10-01 12:18:56,582 - INFO - --- training epoch 42, loss 20.5587, mae 21.0548, rmse 25.3818, time elapsed(min) 0.01---
2026-10-01 12:18:56,737 - INFO - --- validation at epoch 42, val_loss 18.1035, val_mae 20.0484, val_rmse 24.0180, val_r2 0.2248, val_pearson 0.4874, lr 1.00e-03 ---
2026-10-01 12:18:56,737 - INFO - 
****************************************************************************************************
2026-10-01 12:18:57,756 - INFO - --- training epoch 43, loss 20.3498, mae 20.8460, rmse 25.0999, time elapsed(min) 0.01---
2026-10-01 12:18:58,082 - INFO - --- validation at epoch 43, val_loss 18.3053, val_mae 20.1791, val_rmse 24.0957, val_r2 0.2198, val_pearson 0.4746, lr 1.00e-03 ---
2026-10-01 12:18:58,082 - INFO - 
****************************************************************************************************
2026-10-01 12:18:59,034 - INFO - --- training epoch 44, loss 20.2244, mae 20.7200, rmse 24.9988, time elapsed(min) 0.01---
2026-10-01 12:18:59,190 - INFO - --- validation at epoch 44, val_loss 17.8253, val_mae 19.8843, val_rmse 24.2255, val_r2 0.2113, val_pearson 0.4952, lr 1.00e-03 ---
2026-10-01 12:18:59,190 - INFO - 
****************************************************************************************************
2026-10-01 12:19:00,096 - INFO - --- training epoch 45, loss 20.4498, mae 20.9442, rmse 25.0816, time elapsed(min) 0.01---
2026-10-01 12:19:00,240 - INFO - --- validation at epoch 45, val_loss 19.8620, val_mae 21.2491, val_rmse 26.1068, val_r2 0.0841, val_pearson 0.4404, lr 1.00e-03 ---
2026-10-01 12:19:00,241 - INFO - 
****************************************************************************************************
2026-10-01 12:19:01,226 - INFO - --- training epoch 46, loss 22.2077, mae 22.7036, rmse 27.6041, time elapsed(min) 0.01---
2026-10-01 12:19:01,386 - INFO - --- validation at epoch 46, val_loss 22.0966, val_mae 22.5998, val_rmse 26.5032, val_r2 0.0561, val_pearson 0.3565, lr 1.00e-03 ---
2026-10-01 12:19:01,386 - INFO - 
****************************************************************************************************
2026-10-01 12:19:02,362 - INFO - --- training epoch 47, loss 21.8455, mae 22.3422, rmse 26.0278, time elapsed(min) 0.01---
2026-10-01 12:19:02,514 - INFO - --- validation at epoch 47, val_loss 25.6173, val_mae 26.7169, val_rmse 34.0337, val_r2 -0.5565, val_pearson 0.3503, lr 1.00e-03 ---
2026-10-01 12:19:02,514 - INFO - 
****************************************************************************************************
2026-10-01 12:19:03,540 - INFO - --- training epoch 48, loss 22.2173, mae 22.7140, rmse 27.2538, time elapsed(min) 0.01---
2026-10-01 12:19:03,889 - INFO - --- validation at epoch 48, val_loss 21.2259, val_mae 22.2286, val_rmse 25.8590, val_r2 0.1014, val_pearson 0.3306, lr 1.00e-03 ---
2026-10-01 12:19:03,889 - INFO - 
****************************************************************************************************
2026-10-01 12:19:04,858 - INFO - --- training epoch 49, loss 21.6317, mae 22.1291, rmse 26.3668, time elapsed(min) 0.01---
2026-10-01 12:19:05,022 - INFO - --- validation at epoch 49, val_loss 20.4055, val_mae 21.8347, val_rmse 26.6123, val_r2 0.0483, val_pearson 0.3158, lr 1.00e-03 ---
2026-10-01 12:19:05,022 - INFO - 
****************************************************************************************************
2026-10-01 12:19:05,862 - INFO - --- training epoch 50, loss 21.4079, mae 21.9040, rmse 25.9040, time elapsed(min) 0.01---
2026-10-01 12:19:06,072 - INFO - --- validation at epoch 50, val_loss 20.6337, val_mae 21.8727, val_rmse 25.8988, val_r2 0.0986, val_pearson 0.3342, lr 1.00e-03 ---
2026-10-01 12:19:06,072 - INFO - 
****************************************************************************************************
2026-10-01 12:19:07,076 - INFO - --- training epoch 51, loss 21.4126, mae 21.9109, rmse 25.9548, time elapsed(min) 0.01---
2026-10-01 12:19:07,242 - INFO - --- validation at epoch 51, val_loss 20.4571, val_mae 21.7498, val_rmse 25.9066, val_r2 0.0981, val_pearson 0.3400, lr 1.00e-03 ---
2026-10-01 12:19:07,242 - INFO - 
****************************************************************************************************
2026-10-01 12:19:08,247 - INFO - --- training epoch 52, loss 21.3161, mae 21.8140, rmse 25.7340, time elapsed(min) 0.01---
2026-10-01 12:19:08,397 - INFO - --- validation at epoch 52, val_loss 20.3249, val_mae 21.5561, val_rmse 25.6506, val_r2 0.1158, val_pearson 0.3596, lr 1.00e-03 ---
2026-10-01 12:19:08,397 - INFO - 
****************************************************************************************************
2026-10-01 12:19:09,422 - INFO - --- training epoch 53, loss 21.0582, mae 21.5533, rmse 25.5025, time elapsed(min) 0.01---
2026-10-01 12:19:09,562 - INFO - --- validation at epoch 53, val_loss 19.6168, val_mae 20.9370, val_rmse 25.3444, val_r2 0.1368, val_pearson 0.4027, lr 1.00e-03 ---
2026-10-01 12:19:09,562 - INFO - 
****************************************************************************************************
2026-10-01 12:19:10,540 - INFO - --- training epoch 54, loss 20.7212, mae 21.2175, rmse 25.0791, time elapsed(min) 0.01---
2026-10-01 12:19:10,679 - INFO - --- validation at epoch 54, val_loss 18.8485, val_mae 20.3338, val_rmse 24.0803, val_r2 0.2208, val_pearson 0.4781, lr 1.00e-03 ---
2026-10-01 12:19:10,679 - INFO - 
****************************************************************************************************
2026-10-01 12:19:10,979 - INFO - --- early stopping at epoch 54: val_loss did not improve for 10 epochs ---
2026-10-01 12:19:11,167 - INFO - --- selected checkpoint from epoch 44, val_loss 17.8253, val_mae 19.8843, val_rmse 24.2255
2026-10-01 12:19:11,533 - INFO - -- RESULT
2026-10-01 12:19:11,533 - INFO - --- test size: 1187
2026-10-01 12:19:11,533 - INFO - --- MAE: 21.2518 pp, RMSE: 25.5834 pp, R2: 0.1396, Pearson: 0.4456
2026-10-01 12:19:11,534 - INFO - --- fullcv01_split70: MAE 21.25177321897501, RMSE 25.583359703524486, R2 0.13955155258371066
2026-10-01 12:19:11,547 - INFO - --- training fullcv02_split70 (npz/bh/fullcv02_split70)
