2026-10-01 16:36:27,815 - INFO - device is	cuda:0
2026-10-01 16:36:27,920 - INFO - -- CONFIGURATIONS
2026-10-01 16:36:27,920 - INFO - --- train/valid/test: 3628/404/1728
2026-10-01 16:36:27,920 - INFO - --- max no. reactants_train, valid, test respectively: 14, 14, 14
2026-10-01 16:36:27,920 - INFO - --- max no. products_train, valid, test respectively: 1, 1, 1
2026-10-01 16:36:27,920 - INFO - --- model_path: ../logs/suzuki_approach1_grid/runs/suzuki/split_6/approach_2/model.pt
2026-10-01 16:36:27,926 - INFO - -- TRAINING
2026-10-01 16:36:29,283 - INFO - --- training epoch 0, loss 0.8734, mae 1.1679, rmse 2.7932, time elapsed(min) 0.02---
2026-10-01 16:36:29,545 - INFO - --- validation at epoch 0, val_loss 0.0356, val_mae 0.2321, val_rmse 0.2693, val_r2 0.0091, val_pearson 0.2371, lr 1.00e-03 ---
2026-10-01 16:36:29,545 - INFO - 
****************************************************************************************************
2026-10-01 16:36:31,289 - INFO - --- training epoch 1, loss 0.0419, mae 0.2470, rmse 0.2896, time elapsed(min) 0.02---
2026-10-01 16:36:31,525 - INFO - --- validation at epoch 1, val_loss 0.0350, val_mae 0.2282, val_rmse 0.2666, val_r2 0.0292, val_pearson 0.2061, lr 1.00e-03 ---
2026-10-01 16:36:31,525 - INFO - 
****************************************************************************************************
2026-10-01 16:36:33,246 - INFO - --- training epoch 2, loss 0.0390, mae 0.2406, rmse 0.2792, time elapsed(min) 0.02---
2026-10-01 16:36:33,458 - INFO - --- validation at epoch 2, val_loss 0.0362, val_mae 0.2225, val_rmse 0.2704, val_r2 0.0013, val_pearson 0.2603, lr 1.00e-03 ---
2026-10-01 16:36:33,458 - INFO - 
****************************************************************************************************
2026-10-01 16:36:35,298 - INFO - --- training epoch 3, loss 0.0385, mae 0.2393, rmse 0.2776, time elapsed(min) 0.03---
2026-10-01 16:36:35,679 - INFO - --- validation at epoch 3, val_loss 0.0340, val_mae 0.2205, val_rmse 0.2622, val_r2 0.0606, val_pearson 0.2806, lr 1.00e-03 ---
2026-10-01 16:36:35,680 - INFO - 
****************************************************************************************************
2026-10-01 16:36:37,493 - INFO - --- training epoch 4, loss 0.0374, mae 0.2352, rmse 0.2734, time elapsed(min) 0.02---
2026-10-01 16:36:37,710 - INFO - --- validation at epoch 4, val_loss 0.0339, val_mae 0.2176, val_rmse 0.2616, val_r2 0.0652, val_pearson 0.3041, lr 1.00e-03 ---
2026-10-01 16:36:37,711 - INFO - 
****************************************************************************************************
2026-10-01 16:36:39,364 - INFO - --- training epoch 5, loss 0.0372, mae 0.2347, rmse 0.2729, time elapsed(min) 0.02---
2026-10-01 16:36:39,576 - INFO - --- validation at epoch 5, val_loss 0.0333, val_mae 0.2177, val_rmse 0.2591, val_r2 0.0827, val_pearson 0.3118, lr 1.00e-03 ---
2026-10-01 16:36:39,577 - INFO - 
****************************************************************************************************
2026-10-01 16:36:41,261 - INFO - --- training epoch 6, loss 0.0373, mae 0.2350, rmse 0.2732, time elapsed(min) 0.02---
2026-10-01 16:36:41,596 - INFO - --- validation at epoch 6, val_loss 0.0336, val_mae 0.2159, val_rmse 0.2601, val_r2 0.0753, val_pearson 0.3199, lr 1.00e-03 ---
2026-10-01 16:36:41,596 - INFO - 
****************************************************************************************************
2026-10-01 16:36:43,454 - INFO - --- training epoch 7, loss 0.0371, mae 0.2337, rmse 0.2725, time elapsed(min) 0.03---
2026-10-01 16:36:43,689 - INFO - --- validation at epoch 7, val_loss 0.0328, val_mae 0.2170, val_rmse 0.2573, val_r2 0.0955, val_pearson 0.3247, lr 1.00e-03 ---
2026-10-01 16:36:43,689 - INFO - 
****************************************************************************************************
2026-10-01 16:36:45,423 - INFO - --- training epoch 8, loss 0.0368, mae 0.2321, rmse 0.2712, time elapsed(min) 0.02---
2026-10-01 16:36:45,649 - INFO - --- validation at epoch 8, val_loss 0.0325, val_mae 0.2166, val_rmse 0.2563, val_r2 0.1025, val_pearson 0.3298, lr 1.00e-03 ---
2026-10-01 16:36:45,649 - INFO - 
****************************************************************************************************
2026-10-01 16:36:47,400 - INFO - --- training epoch 9, loss 0.0367, mae 0.2320, rmse 0.2709, time elapsed(min) 0.02---
2026-10-01 16:36:47,614 - INFO - --- validation at epoch 9, val_loss 0.0326, val_mae 0.2174, val_rmse 0.2567, val_r2 0.0995, val_pearson 0.3309, lr 1.00e-03 ---
2026-10-01 16:36:47,614 - INFO - 
****************************************************************************************************
2026-10-01 16:36:49,350 - INFO - --- training epoch 10, loss 0.0364, mae 0.2308, rmse 0.2697, time elapsed(min) 0.02---
2026-10-01 16:36:49,754 - INFO - --- validation at epoch 10, val_loss 0.0311, val_mae 0.2114, val_rmse 0.2504, val_r2 0.1432, val_pearson 0.4176, lr 1.00e-03 ---
2026-10-01 16:36:49,754 - INFO - 
****************************************************************************************************
2026-10-01 16:36:51,671 - INFO - --- training epoch 11, loss 0.0358, mae 0.2277, rmse 0.2676, time elapsed(min) 0.02---
2026-10-01 16:36:51,886 - INFO - --- validation at epoch 11, val_loss 0.0307, val_mae 0.2055, val_rmse 0.2488, val_r2 0.1541, val_pearson 0.4307, lr 1.00e-03 ---
2026-10-01 16:36:51,886 - INFO - 
****************************************************************************************************
2026-10-01 16:36:53,570 - INFO - --- training epoch 12, loss 0.0343, mae 0.2193, rmse 0.2620, time elapsed(min) 0.02---
2026-10-01 16:36:53,785 - INFO - --- validation at epoch 12, val_loss 0.0270, val_mae 0.1931, val_rmse 0.2354, val_r2 0.2428, val_pearson 0.5249, lr 1.00e-03 ---
2026-10-01 16:36:53,785 - INFO - 
****************************************************************************************************
2026-10-01 16:36:55,479 - INFO - --- training epoch 13, loss 0.0361, mae 0.2276, rmse 0.2688, time elapsed(min) 0.02---
2026-10-01 16:36:55,823 - INFO - --- validation at epoch 13, val_loss 0.0322, val_mae 0.2060, val_rmse 0.2552, val_r2 0.1104, val_pearson 0.4474, lr 1.00e-03 ---
2026-10-01 16:36:55,823 - INFO - 
****************************************************************************************************
2026-10-01 16:36:57,608 - INFO - --- training epoch 14, loss 0.0345, mae 0.2170, rmse 0.2626, time elapsed(min) 0.03---
2026-10-01 16:36:58,091 - INFO - --- validation at epoch 14, val_loss 0.0265, val_mae 0.1939, val_rmse 0.2338, val_r2 0.2533, val_pearson 0.5106, lr 1.00e-03 ---
2026-10-01 16:36:58,091 - INFO - 
****************************************************************************************************
2026-10-01 16:36:59,945 - INFO - --- training epoch 15, loss 0.0295, mae 0.1970, rmse 0.2427, time elapsed(min) 0.03---
2026-10-01 16:37:00,161 - INFO - --- validation at epoch 15, val_loss 0.0229, val_mae 0.1729, val_rmse 0.2237, val_r2 0.3162, val_pearson 0.6041, lr 1.00e-03 ---
2026-10-01 16:37:00,161 - INFO - 
****************************************************************************************************
2026-10-01 16:37:01,834 - INFO - --- training epoch 16, loss 0.0257, mae 0.1776, rmse 0.2266, time elapsed(min) 0.02---
2026-10-01 16:37:02,047 - INFO - --- validation at epoch 16, val_loss 0.0252, val_mae 0.1873, val_rmse 0.2322, val_r2 0.2632, val_pearson 0.5378, lr 1.00e-03 ---
2026-10-01 16:37:02,047 - INFO - 
****************************************************************************************************
2026-10-01 16:37:03,743 - INFO - --- training epoch 17, loss 0.0266, mae 0.1827, rmse 0.2308, time elapsed(min) 0.02---
2026-10-01 16:37:04,162 - INFO - --- validation at epoch 17, val_loss 0.0228, val_mae 0.1724, val_rmse 0.2197, val_r2 0.3402, val_pearson 0.5840, lr 1.00e-03 ---
2026-10-01 16:37:04,162 - INFO - 
****************************************************************************************************
2026-10-01 16:37:06,176 - INFO - --- training epoch 18, loss 0.0250, mae 0.1776, rmse 0.2237, time elapsed(min) 0.03---
2026-10-01 16:37:06,393 - INFO - --- validation at epoch 18, val_loss 0.0214, val_mae 0.1649, val_rmse 0.2142, val_r2 0.3731, val_pearson 0.6146, lr 1.00e-03 ---
2026-10-01 16:37:06,393 - INFO - 
****************************************************************************************************
2026-10-01 16:37:08,106 - INFO - --- training epoch 19, loss 0.0242, mae 0.1735, rmse 0.2201, time elapsed(min) 0.02---
2026-10-01 16:37:08,318 - INFO - --- validation at epoch 19, val_loss 0.0243, val_mae 0.1716, val_rmse 0.2287, val_r2 0.2854, val_pearson 0.6110, lr 1.00e-03 ---
2026-10-01 16:37:08,318 - INFO - 
****************************************************************************************************
2026-10-01 16:37:09,931 - INFO - --- training epoch 20, loss 0.0234, mae 0.1708, rmse 0.2166, time elapsed(min) 0.02---
2026-10-01 16:37:10,257 - INFO - --- validation at epoch 20, val_loss 0.0209, val_mae 0.1607, val_rmse 0.2085, val_r2 0.4062, val_pearson 0.6384, lr 1.00e-03 ---
2026-10-01 16:37:10,257 - INFO - 
****************************************************************************************************
2026-10-01 16:37:12,130 - INFO - --- training epoch 21, loss 0.0226, mae 0.1657, rmse 0.2127, time elapsed(min) 0.03---
2026-10-01 16:37:12,346 - INFO - --- validation at epoch 21, val_loss 0.0194, val_mae 0.1587, val_rmse 0.2056, val_r2 0.4226, val_pearson 0.6527, lr 1.00e-03 ---
2026-10-01 16:37:12,346 - INFO - 
****************************************************************************************************
2026-10-01 16:37:14,071 - INFO - --- training epoch 22, loss 0.0214, mae 0.1588, rmse 0.2070, time elapsed(min) 0.02---
2026-10-01 16:37:14,283 - INFO - --- validation at epoch 22, val_loss 0.0191, val_mae 0.1576, val_rmse 0.2034, val_r2 0.4346, val_pearson 0.6642, lr 1.00e-03 ---
2026-10-01 16:37:14,283 - INFO - 
****************************************************************************************************
2026-10-01 16:37:15,964 - INFO - --- training epoch 23, loss 0.0211, mae 0.1596, rmse 0.2055, time elapsed(min) 0.02---
2026-10-01 16:37:16,174 - INFO - --- validation at epoch 23, val_loss 0.0184, val_mae 0.1517, val_rmse 0.2011, val_r2 0.4473, val_pearson 0.6722, lr 1.00e-03 ---
2026-10-01 16:37:16,174 - INFO - 
****************************************************************************************************
2026-10-01 16:37:18,017 - INFO - --- training epoch 24, loss 0.0210, mae 0.1580, rmse 0.2049, time elapsed(min) 0.02---
2026-10-01 16:37:18,388 - INFO - --- validation at epoch 24, val_loss 0.0190, val_mae 0.1537, val_rmse 0.2034, val_r2 0.4348, val_pearson 0.6656, lr 1.00e-03 ---
2026-10-01 16:37:18,388 - INFO - 
****************************************************************************************************
2026-10-01 16:37:20,182 - INFO - --- training epoch 25, loss 0.0211, mae 0.1580, rmse 0.2055, time elapsed(min) 0.02---
2026-10-01 16:37:20,440 - INFO - --- validation at epoch 25, val_loss 0.0181, val_mae 0.1498, val_rmse 0.2005, val_r2 0.4505, val_pearson 0.6817, lr 1.00e-03 ---
2026-10-01 16:37:20,440 - INFO - 
****************************************************************************************************
2026-10-01 16:37:22,117 - INFO - --- training epoch 26, loss 0.0209, mae 0.1580, rmse 0.2045, time elapsed(min) 0.02---
2026-10-01 16:37:22,331 - INFO - --- validation at epoch 26, val_loss 0.0185, val_mae 0.1489, val_rmse 0.1993, val_r2 0.4572, val_pearson 0.6806, lr 1.00e-03 ---
2026-10-01 16:37:22,331 - INFO - 
****************************************************************************************************
2026-10-01 16:37:24,009 - INFO - --- training epoch 27, loss 0.0217, mae 0.1606, rmse 0.2085, time elapsed(min) 0.02---
2026-10-01 16:37:24,357 - INFO - --- validation at epoch 27, val_loss 0.0193, val_mae 0.1558, val_rmse 0.2017, val_r2 0.4439, val_pearson 0.6669, lr 1.00e-03 ---
2026-10-01 16:37:24,357 - INFO - 
****************************************************************************************************
2026-10-01 16:37:26,187 - INFO - --- training epoch 28, loss 0.0208, mae 0.1578, rmse 0.2039, time elapsed(min) 0.03---
2026-10-01 16:37:26,399 - INFO - --- validation at epoch 28, val_loss 0.0180, val_mae 0.1508, val_rmse 0.1955, val_r2 0.4775, val_pearson 0.6919, lr 1.00e-03 ---
2026-10-01 16:37:26,399 - INFO - 
****************************************************************************************************
2026-10-01 16:37:28,166 - INFO - --- training epoch 29, loss 0.0200, mae 0.1536, rmse 0.1998, time elapsed(min) 0.02---
2026-10-01 16:37:28,385 - INFO - --- validation at epoch 29, val_loss 0.0164, val_mae 0.1414, val_rmse 0.1897, val_r2 0.5081, val_pearson 0.7156, lr 1.00e-03 ---
2026-10-01 16:37:28,385 - INFO - 
****************************************************************************************************
2026-10-01 16:37:30,079 - INFO - --- training epoch 30, loss 0.0201, mae 0.1547, rmse 0.2003, time elapsed(min) 0.02---
2026-10-01 16:37:30,429 - INFO - --- validation at epoch 30, val_loss 0.0181, val_mae 0.1482, val_rmse 0.1971, val_r2 0.4694, val_pearson 0.6921, lr 1.00e-03 ---
2026-10-01 16:37:30,429 - INFO - 
****************************************************************************************************
2026-10-01 16:37:32,296 - INFO - --- training epoch 31, loss 0.0196, mae 0.1537, rmse 0.1980, time elapsed(min) 0.03---
2026-10-01 16:37:32,515 - INFO - --- validation at epoch 31, val_loss 0.0164, val_mae 0.1378, val_rmse 0.1871, val_r2 0.5217, val_pearson 0.7248, lr 1.00e-03 ---
2026-10-01 16:37:32,515 - INFO - 
****************************************************************************************************
2026-10-01 16:37:34,212 - INFO - --- training epoch 32, loss 0.0198, mae 0.1540, rmse 0.1989, time elapsed(min) 0.02---
2026-10-01 16:37:34,424 - INFO - --- validation at epoch 32, val_loss 0.0163, val_mae 0.1389, val_rmse 0.1891, val_r2 0.5115, val_pearson 0.7266, lr 1.00e-03 ---
2026-10-01 16:37:34,424 - INFO - 
****************************************************************************************************
2026-10-01 16:37:36,123 - INFO - --- training epoch 33, loss 0.0192, mae 0.1504, rmse 0.1960, time elapsed(min) 0.02---
2026-10-01 16:37:36,334 - INFO - --- validation at epoch 33, val_loss 0.0155, val_mae 0.1404, val_rmse 0.1827, val_r2 0.5442, val_pearson 0.7384, lr 1.00e-03 ---
2026-10-01 16:37:36,334 - INFO - 
****************************************************************************************************
2026-10-01 16:37:38,130 - INFO - --- training epoch 34, loss 0.0208, mae 0.1579, rmse 0.2039, time elapsed(min) 0.02---
2026-10-01 16:37:38,502 - INFO - --- validation at epoch 34, val_loss 0.0189, val_mae 0.1554, val_rmse 0.2019, val_r2 0.4428, val_pearson 0.6689, lr 1.00e-03 ---
2026-10-01 16:37:38,502 - INFO - 
****************************************************************************************************
2026-10-01 16:37:40,299 - INFO - --- training epoch 35, loss 0.0202, mae 0.1550, rmse 0.2010, time elapsed(min) 0.02---
2026-10-01 16:37:40,535 - INFO - --- validation at epoch 35, val_loss 0.0167, val_mae 0.1454, val_rmse 0.1896, val_r2 0.5086, val_pearson 0.7142, lr 1.00e-03 ---
2026-10-01 16:37:40,535 - INFO - 
****************************************************************************************************
2026-10-01 16:37:42,200 - INFO - --- training epoch 36, loss 0.0191, mae 0.1500, rmse 0.1953, time elapsed(min) 0.02---
2026-10-01 16:37:42,432 - INFO - --- validation at epoch 36, val_loss 0.0157, val_mae 0.1381, val_rmse 0.1843, val_r2 0.5360, val_pearson 0.7372, lr 1.00e-03 ---
2026-10-01 16:37:42,432 - INFO - 
****************************************************************************************************
2026-10-01 16:37:44,148 - INFO - --- training epoch 37, loss 0.0189, mae 0.1486, rmse 0.1945, time elapsed(min) 0.02---
2026-10-01 16:37:44,490 - INFO - --- validation at epoch 37, val_loss 0.0159, val_mae 0.1411, val_rmse 0.1834, val_r2 0.5404, val_pearson 0.7358, lr 1.00e-03 ---
2026-10-01 16:37:44,490 - INFO - 
****************************************************************************************************
2026-10-01 16:37:46,294 - INFO - --- training epoch 38, loss 0.0179, mae 0.1441, rmse 0.1890, time elapsed(min) 0.03---
2026-10-01 16:37:46,505 - INFO - --- validation at epoch 38, val_loss 0.0144, val_mae 0.1320, val_rmse 0.1757, val_r2 0.5781, val_pearson 0.7607, lr 1.00e-03 ---
2026-10-01 16:37:46,505 - INFO - 
****************************************************************************************************
2026-10-01 16:37:48,204 - INFO - --- training epoch 39, loss 0.0177, mae 0.1432, rmse 0.1883, time elapsed(min) 0.02---
2026-10-01 16:37:48,419 - INFO - --- validation at epoch 39, val_loss 0.0152, val_mae 0.1344, val_rmse 0.1813, val_r2 0.5511, val_pearson 0.7451, lr 1.00e-03 ---
2026-10-01 16:37:48,419 - INFO - 
****************************************************************************************************
2026-10-01 16:37:50,064 - INFO - --- training epoch 40, loss 0.0186, mae 0.1471, rmse 0.1929, time elapsed(min) 0.02---
2026-10-01 16:37:50,395 - INFO - --- validation at epoch 40, val_loss 0.0159, val_mae 0.1380, val_rmse 0.1839, val_r2 0.5379, val_pearson 0.7383, lr 1.00e-03 ---
2026-10-01 16:37:50,396 - INFO - 
****************************************************************************************************
2026-10-01 16:37:52,245 - INFO - --- training epoch 41, loss 0.0182, mae 0.1454, rmse 0.1909, time elapsed(min) 0.03---
2026-10-01 16:37:52,459 - INFO - --- validation at epoch 41, val_loss 0.0149, val_mae 0.1349, val_rmse 0.1799, val_r2 0.5579, val_pearson 0.7500, lr 1.00e-03 ---
2026-10-01 16:37:52,459 - INFO - 
****************************************************************************************************
2026-10-01 16:37:54,053 - INFO - --- training epoch 42, loss 0.0175, mae 0.1427, rmse 0.1869, time elapsed(min) 0.02---
2026-10-01 16:37:54,266 - INFO - --- validation at epoch 42, val_loss 0.0154, val_mae 0.1344, val_rmse 0.1823, val_r2 0.5458, val_pearson 0.7408, lr 1.00e-03 ---
2026-10-01 16:37:54,266 - INFO - 
****************************************************************************************************
2026-10-01 16:37:55,984 - INFO - --- training epoch 43, loss 0.0181, mae 0.1449, rmse 0.1903, time elapsed(min) 0.02---
2026-10-01 16:37:56,194 - INFO - --- validation at epoch 43, val_loss 0.0154, val_mae 0.1335, val_rmse 0.1808, val_r2 0.5533, val_pearson 0.7538, lr 1.00e-03 ---
2026-10-01 16:37:56,194 - INFO - 
****************************************************************************************************
2026-10-01 16:37:57,936 - INFO - --- training epoch 44, loss 0.0176, mae 0.1430, rmse 0.1876, time elapsed(min) 0.02---
2026-10-01 16:37:58,324 - INFO - --- validation at epoch 44, val_loss 0.0169, val_mae 0.1403, val_rmse 0.1877, val_r2 0.5184, val_pearson 0.7615, lr 1.00e-03 ---
2026-10-01 16:37:58,324 - INFO - 
****************************************************************************************************
2026-10-01 16:38:00,181 - INFO - --- training epoch 45, loss 0.0182, mae 0.1463, rmse 0.1909, time elapsed(min) 0.02---
2026-10-01 16:38:00,396 - INFO - --- validation at epoch 45, val_loss 0.0148, val_mae 0.1352, val_rmse 0.1768, val_r2 0.5730, val_pearson 0.7584, lr 1.00e-03 ---
2026-10-01 16:38:00,396 - INFO - 
****************************************************************************************************
2026-10-01 16:38:02,014 - INFO - --- training epoch 46, loss 0.0176, mae 0.1429, rmse 0.1876, time elapsed(min) 0.02---
2026-10-01 16:38:02,248 - INFO - --- validation at epoch 46, val_loss 0.0170, val_mae 0.1414, val_rmse 0.1900, val_r2 0.5070, val_pearson 0.7498, lr 1.00e-03 ---
2026-10-01 16:38:02,248 - INFO - 
****************************************************************************************************
2026-10-01 16:38:03,865 - INFO - --- training epoch 47, loss 0.0174, mae 0.1421, rmse 0.1866, time elapsed(min) 0.02---
2026-10-01 16:38:04,281 - INFO - --- validation at epoch 47, val_loss 0.0154, val_mae 0.1337, val_rmse 0.1819, val_r2 0.5478, val_pearson 0.7503, lr 1.00e-03 ---
2026-10-01 16:38:04,281 - INFO - 
****************************************************************************************************
2026-10-01 16:38:06,090 - INFO - --- training epoch 48, loss 0.0168, mae 0.1396, rmse 0.1831, time elapsed(min) 0.03---
2026-10-01 16:38:06,306 - INFO - --- validation at epoch 48, val_loss 0.0144, val_mae 0.1307, val_rmse 0.1768, val_r2 0.5727, val_pearson 0.7664, lr 1.00e-03 ---
2026-10-01 16:38:06,306 - INFO - 
****************************************************************************************************
2026-10-01 16:38:06,598 - INFO - --- early stopping at epoch 48: val_loss did not improve for 10 epochs ---
2026-10-01 16:38:06,848 - INFO - --- selected checkpoint from epoch 38, val_loss 0.0144, val_mae 0.1320, val_rmse 0.1757
2026-10-01 16:38:07,611 - INFO - -- RESULT
2026-10-01 16:38:07,611 - INFO - --- test size: 1728
2026-10-01 16:38:07,611 - INFO - --- MAE: 0.1412 (14.12 pp), RMSE: 0.1837 (18.37 pp), R2: 0.5878, Pearson: 0.7670
2026-10-01 16:38:09,141 - INFO - --- Cell approach_2 DONE: test MAE=0.1412 RMSE=0.1837 R2=0.5878 | sec/epoch=2.01
2026-10-01 16:38:09,158 - INFO - === RUNNING: dataset=suzuki split=split_6 cell=approach_1_linear (tokens=comb, pooling=rn, head=linear) ===
