2026-09-30 23:15:15,762 - INFO - device is	cuda:0
2026-09-30 23:15:15,861 - INFO - -- CONFIGURATIONS
2026-09-30 23:15:15,861 - INFO - --- train/valid/test: 2491/277/1187
2026-09-30 23:15:15,861 - INFO - --- max no. reactants_train, valid, test respectively: 6, 6, 6
2026-09-30 23:15:15,861 - INFO - --- max no. products_train, valid, test respectively: 1, 1, 1
2026-09-30 23:15:15,861 - INFO - --- model_path: ../logs/approach2_grid_bh/e400/runs/Buchwald-Hartwig_fullcv07_split70_approach_3/model.pt
2026-09-30 23:15:15,870 - INFO - -- TRAINING
2026-09-30 23:15:16,870 - INFO - --- training epoch 0, loss 24.1415, mae 24.6361, rmse 30.4540, time elapsed(min) 0.02---
2026-09-30 23:15:17,259 - INFO - --- validation at epoch 0, val_loss 24.7715, val_mae 24.9402, val_rmse 31.7066, val_r2 -0.3045, val_pearson -0.3737, lr 1.00e-03 ---
2026-09-30 23:15:17,259 - INFO - 
****************************************************************************************************
2026-09-30 23:15:18,520 - INFO - --- training epoch 1, loss 22.9576, mae 23.4544, rmse 28.3498, time elapsed(min) 0.01---
2026-09-30 23:15:18,689 - INFO - --- validation at epoch 1, val_loss 23.9195, val_mae 24.0439, val_rmse 29.7584, val_r2 -0.1491, val_pearson 0.0550, lr 1.00e-03 ---
2026-09-30 23:15:18,689 - INFO - 
****************************************************************************************************
2026-09-30 23:15:19,775 - INFO - --- training epoch 2, loss 22.6622, mae 23.1587, rmse 27.8881, time elapsed(min) 0.01---
2026-09-30 23:15:19,941 - INFO - --- validation at epoch 2, val_loss 22.3533, val_mae 22.4322, val_rmse 26.9255, val_r2 0.0592, val_pearson 0.2678, lr 1.00e-03 ---
2026-09-30 23:15:19,941 - INFO - 
****************************************************************************************************
2026-09-30 23:15:21,038 - INFO - --- training epoch 3, loss 22.7405, mae 23.2366, rmse 27.9181, time elapsed(min) 0.01---
2026-09-30 23:15:21,213 - INFO - --- validation at epoch 3, val_loss 23.5713, val_mae 23.7201, val_rmse 29.7683, val_r2 -0.1499, val_pearson 0.2337, lr 1.00e-03 ---
2026-09-30 23:15:21,213 - INFO - 
****************************************************************************************************
2026-09-30 23:15:22,558 - INFO - --- training epoch 4, loss 22.3086, mae 22.8047, rmse 27.6048, time elapsed(min) 0.02---
2026-09-30 23:15:22,726 - INFO - --- validation at epoch 4, val_loss 23.0014, val_mae 23.0599, val_rmse 28.6119, val_r2 -0.0623, val_pearson 0.2644, lr 1.00e-03 ---
2026-09-30 23:15:22,726 - INFO - 
****************************************************************************************************
2026-09-30 23:15:23,951 - INFO - --- training epoch 5, loss 22.0307, mae 22.5264, rmse 27.3102, time elapsed(min) 0.01---
2026-09-30 23:15:24,113 - INFO - --- validation at epoch 5, val_loss 21.1971, val_mae 21.6304, val_rmse 26.9328, val_r2 0.0587, val_pearson 0.3125, lr 1.00e-03 ---
2026-09-30 23:15:24,113 - INFO - 
****************************************************************************************************
2026-09-30 23:15:25,455 - INFO - --- training epoch 6, loss 21.7619, mae 22.2591, rmse 27.0347, time elapsed(min) 0.01---
2026-09-30 23:15:25,621 - INFO - --- validation at epoch 6, val_loss 21.9129, val_mae 22.3896, val_rmse 27.7461, val_r2 0.0010, val_pearson 0.3561, lr 1.00e-03 ---
2026-09-30 23:15:25,621 - INFO - 
****************************************************************************************************
2026-09-30 23:15:26,829 - INFO - --- training epoch 7, loss 21.3576, mae 21.8524, rmse 26.6752, time elapsed(min) 0.01---
2026-09-30 23:15:27,000 - INFO - --- validation at epoch 7, val_loss 21.1509, val_mae 21.7453, val_rmse 26.8417, val_r2 0.0651, val_pearson 0.4014, lr 1.00e-03 ---
2026-09-30 23:15:27,000 - INFO - 
****************************************************************************************************
2026-09-30 23:15:28,130 - INFO - --- training epoch 8, loss 21.1770, mae 21.6719, rmse 26.4161, time elapsed(min) 0.01---
2026-09-30 23:15:28,297 - INFO - --- validation at epoch 8, val_loss 21.5445, val_mae 22.0459, val_rmse 27.2188, val_r2 0.0386, val_pearson 0.4257, lr 1.00e-03 ---
2026-09-30 23:15:28,297 - INFO - 
****************************************************************************************************
2026-09-30 23:15:29,577 - INFO - --- training epoch 9, loss 20.8131, mae 21.3099, rmse 25.6348, time elapsed(min) 0.01---
2026-09-30 23:15:29,745 - INFO - --- validation at epoch 9, val_loss 21.2119, val_mae 21.7704, val_rmse 26.3031, val_r2 0.1022, val_pearson 0.5026, lr 1.00e-03 ---
2026-09-30 23:15:29,745 - INFO - 
****************************************************************************************************
2026-09-30 23:15:31,011 - INFO - --- training epoch 10, loss 20.0413, mae 20.5366, rmse 24.7749, time elapsed(min) 0.01---
2026-09-30 23:15:31,181 - INFO - --- validation at epoch 10, val_loss 21.0833, val_mae 20.2887, val_rmse 24.4209, val_r2 0.2261, val_pearson 0.5075, lr 1.00e-03 ---
2026-09-30 23:15:31,181 - INFO - 
****************************************************************************************************
2026-09-30 23:15:32,494 - INFO - --- training epoch 11, loss 20.1318, mae 20.6281, rmse 24.5471, time elapsed(min) 0.01---
2026-09-30 23:15:32,663 - INFO - --- validation at epoch 11, val_loss 20.4314, val_mae 19.8245, val_rmse 23.8991, val_r2 0.2588, val_pearson 0.5121, lr 1.00e-03 ---
2026-09-30 23:15:32,663 - INFO - 
****************************************************************************************************
2026-09-30 23:15:34,154 - INFO - --- training epoch 12, loss 20.4836, mae 20.9791, rmse 25.0344, time elapsed(min) 0.02---
2026-09-30 23:15:34,310 - INFO - --- validation at epoch 12, val_loss 21.1131, val_mae 21.1833, val_rmse 24.8731, val_r2 0.1972, val_pearson 0.4725, lr 1.00e-03 ---
2026-09-30 23:15:34,310 - INFO - 
****************************************************************************************************
2026-09-30 23:15:35,345 - INFO - --- training epoch 13, loss 21.1476, mae 21.6439, rmse 25.8413, time elapsed(min) 0.01---
2026-09-30 23:15:35,510 - INFO - --- validation at epoch 13, val_loss 20.5454, val_mae 20.1253, val_rmse 24.2048, val_r2 0.2398, val_pearson 0.4919, lr 1.00e-03 ---
2026-09-30 23:15:35,510 - INFO - 
****************************************************************************************************
2026-09-30 23:15:36,561 - INFO - --- training epoch 14, loss 20.5847, mae 21.0802, rmse 25.2486, time elapsed(min) 0.01---
2026-09-30 23:15:36,727 - INFO - --- validation at epoch 14, val_loss 19.9861, val_mae 20.2934, val_rmse 24.5368, val_r2 0.2187, val_pearson 0.5144, lr 1.00e-03 ---
2026-09-30 23:15:36,728 - INFO - 
****************************************************************************************************
2026-09-30 23:15:38,035 - INFO - --- training epoch 15, loss 20.1943, mae 20.6900, rmse 25.0290, time elapsed(min) 0.01---
2026-09-30 23:15:38,209 - INFO - --- validation at epoch 15, val_loss 19.3961, val_mae 19.7091, val_rmse 24.1332, val_r2 0.2442, val_pearson 0.5307, lr 1.00e-03 ---
2026-09-30 23:15:38,209 - INFO - 
****************************************************************************************************
2026-09-30 23:15:39,549 - INFO - --- training epoch 16, loss 20.2146, mae 20.7085, rmse 25.1117, time elapsed(min) 0.01---
2026-09-30 23:15:39,707 - INFO - --- validation at epoch 16, val_loss 20.2312, val_mae 20.5859, val_rmse 24.2828, val_r2 0.2348, val_pearson 0.4953, lr 1.00e-03 ---
2026-09-30 23:15:39,707 - INFO - 
****************************************************************************************************
2026-09-30 23:15:40,975 - INFO - --- training epoch 17, loss 20.5048, mae 20.9997, rmse 25.2635, time elapsed(min) 0.01---
2026-09-30 23:15:41,356 - INFO - --- validation at epoch 17, val_loss 19.6766, val_mae 20.7384, val_rmse 26.3344, val_r2 0.1001, val_pearson 0.4899, lr 1.00e-03 ---
2026-09-30 23:15:41,357 - INFO - 
****************************************************************************************************
2026-09-30 23:15:42,569 - INFO - --- training epoch 18, loss 20.7335, mae 21.2281, rmse 25.9119, time elapsed(min) 0.01---
2026-09-30 23:15:42,736 - INFO - --- validation at epoch 18, val_loss 20.1215, val_mae 20.4568, val_rmse 24.8827, val_r2 0.1966, val_pearson 0.5102, lr 1.00e-03 ---
2026-09-30 23:15:42,736 - INFO - 
****************************************************************************************************
2026-09-30 23:15:43,801 - INFO - --- training epoch 19, loss 20.8756, mae 21.3711, rmse 25.7849, time elapsed(min) 0.01---
2026-09-30 23:15:43,971 - INFO - --- validation at epoch 19, val_loss 20.0529, val_mae 20.7569, val_rmse 26.1267, val_r2 0.1142, val_pearson 0.5129, lr 1.00e-03 ---
2026-09-30 23:15:43,971 - INFO - 
****************************************************************************************************
2026-09-30 23:15:45,189 - INFO - --- training epoch 20, loss 20.3868, mae 20.8812, rmse 25.9102, time elapsed(min) 0.01---
2026-09-30 23:15:45,355 - INFO - --- validation at epoch 20, val_loss 19.3541, val_mae 20.6026, val_rmse 25.7595, val_r2 0.1389, val_pearson 0.4889, lr 1.00e-03 ---
2026-09-30 23:15:45,355 - INFO - 
****************************************************************************************************
2026-09-30 23:15:46,674 - INFO - --- training epoch 21, loss 19.8703, mae 20.3656, rmse 24.6445, time elapsed(min) 0.01---
2026-09-30 23:15:46,843 - INFO - --- validation at epoch 21, val_loss 19.0631, val_mae 18.9730, val_rmse 24.2372, val_r2 0.2377, val_pearson 0.5142, lr 1.00e-03 ---
2026-09-30 23:15:46,844 - INFO - 
****************************************************************************************************
2026-09-30 23:15:48,186 - INFO - --- training epoch 22, loss 20.1256, mae 20.6221, rmse 24.9663, time elapsed(min) 0.01---
2026-09-30 23:15:48,348 - INFO - --- validation at epoch 22, val_loss 19.9247, val_mae 20.3683, val_rmse 25.1963, val_r2 0.1762, val_pearson 0.5349, lr 1.00e-03 ---
2026-09-30 23:15:48,348 - INFO - 
****************************************************************************************************
2026-09-30 23:15:49,781 - INFO - --- training epoch 23, loss 20.1118, mae 20.6072, rmse 25.6084, time elapsed(min) 0.02---
2026-09-30 23:15:49,952 - INFO - --- validation at epoch 23, val_loss 18.6138, val_mae 18.9355, val_rmse 24.0957, val_r2 0.2466, val_pearson 0.5403, lr 1.00e-03 ---
2026-09-30 23:15:49,952 - INFO - 
****************************************************************************************************
2026-09-30 23:15:51,093 - INFO - --- training epoch 24, loss 19.6301, mae 20.1255, rmse 25.2031, time elapsed(min) 0.01---
2026-09-30 23:15:51,248 - INFO - --- validation at epoch 24, val_loss 18.6821, val_mae 19.1014, val_rmse 24.3157, val_r2 0.2328, val_pearson 0.5348, lr 1.00e-03 ---
2026-09-30 23:15:51,248 - INFO - 
****************************************************************************************************
2026-09-30 23:15:52,300 - INFO - --- training epoch 25, loss 19.4743, mae 19.9688, rmse 25.0753, time elapsed(min) 0.01---
2026-09-30 23:15:52,466 - INFO - --- validation at epoch 25, val_loss 18.2204, val_mae 18.2504, val_rmse 23.3483, val_r2 0.2926, val_pearson 0.5537, lr 1.00e-03 ---
2026-09-30 23:15:52,466 - INFO - 
****************************************************************************************************
2026-09-30 23:15:53,790 - INFO - --- training epoch 26, loss 19.2922, mae 19.7858, rmse 24.7804, time elapsed(min) 0.01---
2026-09-30 23:15:53,970 - INFO - --- validation at epoch 26, val_loss 18.5499, val_mae 18.8855, val_rmse 24.0919, val_r2 0.2468, val_pearson 0.5777, lr 1.00e-03 ---
2026-09-30 23:15:53,970 - INFO - 
****************************************************************************************************
2026-09-30 23:15:55,233 - INFO - --- training epoch 27, loss 19.5188, mae 20.0130, rmse 25.0650, time elapsed(min) 0.01---
2026-09-30 23:15:55,395 - INFO - --- validation at epoch 27, val_loss 18.5777, val_mae 18.7184, val_rmse 23.1103, val_r2 0.3069, val_pearson 0.5673, lr 1.00e-03 ---
2026-09-30 23:15:55,395 - INFO - 
****************************************************************************************************
2026-09-30 23:15:56,601 - INFO - --- training epoch 28, loss 19.7618, mae 20.2574, rmse 24.8546, time elapsed(min) 0.01---
2026-09-30 23:15:56,769 - INFO - --- validation at epoch 28, val_loss 18.5167, val_mae 18.8247, val_rmse 23.7792, val_r2 0.2663, val_pearson 0.5584, lr 1.00e-03 ---
2026-09-30 23:15:56,769 - INFO - 
****************************************************************************************************
2026-09-30 23:15:57,833 - INFO - --- training epoch 29, loss 19.2275, mae 19.7227, rmse 24.6118, time elapsed(min) 0.01---
2026-09-30 23:15:57,999 - INFO - --- validation at epoch 29, val_loss 18.0308, val_mae 18.2244, val_rmse 23.2519, val_r2 0.2984, val_pearson 0.5731, lr 1.00e-03 ---
2026-09-30 23:15:57,999 - INFO - 
****************************************************************************************************
2026-09-30 23:15:59,129 - INFO - --- training epoch 30, loss 19.1950, mae 19.6883, rmse 24.5693, time elapsed(min) 0.01---
2026-09-30 23:15:59,300 - INFO - --- validation at epoch 30, val_loss 18.2588, val_mae 18.5046, val_rmse 23.6163, val_r2 0.2763, val_pearson 0.5759, lr 1.00e-03 ---
2026-09-30 23:15:59,300 - INFO - 
****************************************************************************************************
2026-09-30 23:16:00,519 - INFO - --- training epoch 31, loss 18.6102, mae 19.1033, rmse 24.1389, time elapsed(min) 0.01---
2026-09-30 23:16:00,704 - INFO - --- validation at epoch 31, val_loss 17.2057, val_mae 17.1042, val_rmse 22.2424, val_r2 0.3580, val_pearson 0.6065, lr 1.00e-03 ---
2026-09-30 23:16:00,704 - INFO - 
****************************************************************************************************
2026-09-30 23:16:02,067 - INFO - --- training epoch 32, loss 19.1076, mae 19.6021, rmse 24.6385, time elapsed(min) 0.01---
2026-09-30 23:16:02,238 - INFO - --- validation at epoch 32, val_loss 18.9280, val_mae 19.1182, val_rmse 23.6961, val_r2 0.2714, val_pearson 0.5764, lr 1.00e-03 ---
2026-09-30 23:16:02,238 - INFO - 
****************************************************************************************************
2026-09-30 23:16:03,551 - INFO - --- training epoch 33, loss 19.2248, mae 19.7192, rmse 23.9943, time elapsed(min) 0.02---
2026-09-30 23:16:03,940 - INFO - --- validation at epoch 33, val_loss 17.9078, val_mae 18.6562, val_rmse 23.6633, val_r2 0.2734, val_pearson 0.6099, lr 1.00e-03 ---
2026-09-30 23:16:03,941 - INFO - 
****************************************************************************************************
2026-09-30 23:16:05,164 - INFO - --- training epoch 34, loss 17.7675, mae 18.2624, rmse 22.6726, time elapsed(min) 0.01---
2026-09-30 23:16:05,328 - INFO - --- validation at epoch 34, val_loss 16.4221, val_mae 17.0770, val_rmse 21.2000, val_r2 0.4168, val_pearson 0.6553, lr 1.00e-03 ---
2026-09-30 23:16:05,328 - INFO - 
****************************************************************************************************
2026-09-30 23:16:06,638 - INFO - --- training epoch 35, loss 17.7272, mae 18.2229, rmse 22.4641, time elapsed(min) 0.01---
2026-09-30 23:16:06,808 - INFO - --- validation at epoch 35, val_loss 17.4129, val_mae 17.8516, val_rmse 21.5935, val_r2 0.3949, val_pearson 0.6689, lr 1.00e-03 ---
2026-09-30 23:16:06,808 - INFO - 
****************************************************************************************************
2026-09-30 23:16:08,185 - INFO - --- training epoch 36, loss 16.6950, mae 17.1907, rmse 21.5732, time elapsed(min) 0.02---
2026-09-30 23:16:08,356 - INFO - --- validation at epoch 36, val_loss 15.5986, val_mae 17.0532, val_rmse 22.3558, val_r2 0.3515, val_pearson 0.6471, lr 1.00e-03 ---
2026-09-30 23:16:08,356 - INFO - 
****************************************************************************************************
2026-09-30 23:16:09,687 - INFO - --- training epoch 37, loss 16.8710, mae 17.3639, rmse 22.1802, time elapsed(min) 0.01---
2026-09-30 23:16:09,865 - INFO - --- validation at epoch 37, val_loss 15.4318, val_mae 15.5773, val_rmse 20.9510, val_r2 0.4304, val_pearson 0.6920, lr 1.00e-03 ---
2026-09-30 23:16:09,865 - INFO - 
****************************************************************************************************
2026-09-30 23:16:11,195 - INFO - --- training epoch 38, loss 17.7750, mae 18.2683, rmse 22.9718, time elapsed(min) 0.01---
2026-09-30 23:16:11,710 - INFO - --- validation at epoch 38, val_loss 17.9589, val_mae 17.9972, val_rmse 21.5077, val_r2 0.3997, val_pearson 0.6471, lr 1.00e-03 ---
2026-09-30 23:16:11,710 - INFO - 
****************************************************************************************************
2026-09-30 23:16:12,760 - INFO - --- training epoch 39, loss 17.8887, mae 18.3844, rmse 23.3085, time elapsed(min) 0.01---
2026-09-30 23:16:12,933 - INFO - --- validation at epoch 39, val_loss 18.9299, val_mae 18.9554, val_rmse 23.5521, val_r2 0.2802, val_pearson 0.6326, lr 1.00e-03 ---
2026-09-30 23:16:12,934 - INFO - 
****************************************************************************************************
2026-09-30 23:16:13,998 - INFO - --- training epoch 40, loss 17.2656, mae 17.7582, rmse 23.2069, time elapsed(min) 0.01---
2026-09-30 23:16:14,179 - INFO - --- validation at epoch 40, val_loss 16.4015, val_mae 17.1319, val_rmse 22.0969, val_r2 0.3664, val_pearson 0.6554, lr 1.00e-03 ---
2026-09-30 23:16:14,179 - INFO - 
****************************************************************************************************
2026-09-30 23:16:15,456 - INFO - --- training epoch 41, loss 16.9624, mae 17.4549, rmse 22.5036, time elapsed(min) 0.01---
2026-09-30 23:16:15,626 - INFO - --- validation at epoch 41, val_loss 14.8498, val_mae 15.6581, val_rmse 20.1761, val_r2 0.4718, val_pearson 0.6950, lr 1.00e-03 ---
2026-09-30 23:16:15,626 - INFO - 
****************************************************************************************************
2026-09-30 23:16:16,978 - INFO - --- training epoch 42, loss 16.0049, mae 16.4959, rmse 21.2871, time elapsed(min) 0.01---
2026-09-30 23:16:17,151 - INFO - --- validation at epoch 42, val_loss 14.1174, val_mae 15.1404, val_rmse 19.4478, val_r2 0.5092, val_pearson 0.7160, lr 1.00e-03 ---
2026-09-30 23:16:17,151 - INFO - 
****************************************************************************************************
2026-09-30 23:16:18,560 - INFO - --- training epoch 43, loss 16.0836, mae 16.5769, rmse 21.1979, time elapsed(min) 0.02---
2026-09-30 23:16:18,940 - INFO - --- validation at epoch 43, val_loss 14.4001, val_mae 15.4759, val_rmse 20.5402, val_r2 0.4525, val_pearson 0.7225, lr 1.00e-03 ---
2026-09-30 23:16:18,940 - INFO - 
****************************************************************************************************
2026-09-30 23:16:20,200 - INFO - --- training epoch 44, loss 16.3935, mae 16.8862, rmse 21.8519, time elapsed(min) 0.01---
2026-09-30 23:16:20,370 - INFO - --- validation at epoch 44, val_loss 15.1050, val_mae 15.7493, val_rmse 20.6107, val_r2 0.4488, val_pearson 0.6994, lr 1.00e-03 ---
2026-09-30 23:16:20,370 - INFO - 
****************************************************************************************************
2026-09-30 23:16:21,425 - INFO - --- training epoch 45, loss 15.5225, mae 16.0163, rmse 20.5970, time elapsed(min) 0.01---
2026-09-30 23:16:21,596 - INFO - --- validation at epoch 45, val_loss 13.5178, val_mae 14.5117, val_rmse 19.0898, val_r2 0.5271, val_pearson 0.7454, lr 1.00e-03 ---
2026-09-30 23:16:21,596 - INFO - 
****************************************************************************************************
2026-09-30 23:16:22,924 - INFO - --- training epoch 46, loss 15.1653, mae 15.6561, rmse 20.3744, time elapsed(min) 0.01---
2026-09-30 23:16:23,090 - INFO - --- validation at epoch 46, val_loss 13.7609, val_mae 14.4574, val_rmse 19.2703, val_r2 0.5181, val_pearson 0.7272, lr 1.00e-03 ---
2026-09-30 23:16:23,091 - INFO - 
****************************************************************************************************
2026-09-30 23:16:24,484 - INFO - --- training epoch 47, loss 15.2321, mae 15.7244, rmse 20.3255, time elapsed(min) 0.02---
2026-09-30 23:16:24,650 - INFO - --- validation at epoch 47, val_loss 13.8300, val_mae 14.5391, val_rmse 19.1538, val_r2 0.5239, val_pearson 0.7508, lr 1.00e-03 ---
2026-09-30 23:16:24,650 - INFO - 
****************************************************************************************************
2026-09-30 23:16:25,914 - INFO - --- training epoch 48, loss 14.5624, mae 15.0540, rmse 19.4466, time elapsed(min) 0.01---
2026-09-30 23:16:26,306 - INFO - --- validation at epoch 48, val_loss 14.0660, val_mae 14.8553, val_rmse 19.6201, val_r2 0.5005, val_pearson 0.7303, lr 1.00e-03 ---
2026-09-30 23:16:26,306 - INFO - 
****************************************************************************************************
2026-09-30 23:16:27,534 - INFO - --- training epoch 49, loss 14.5030, mae 14.9930, rmse 19.5677, time elapsed(min) 0.01---
2026-09-30 23:16:27,694 - INFO - --- validation at epoch 49, val_loss 14.4302, val_mae 15.7664, val_rmse 20.4815, val_r2 0.4557, val_pearson 0.7330, lr 1.00e-03 ---
2026-09-30 23:16:27,694 - INFO - 
****************************************************************************************************
2026-09-30 23:16:28,761 - INFO - --- training epoch 50, loss 16.1229, mae 16.6169, rmse 20.9791, time elapsed(min) 0.01---
2026-09-30 23:16:28,936 - INFO - --- validation at epoch 50, val_loss 14.7430, val_mae 15.9567, val_rmse 20.4712, val_r2 0.4562, val_pearson 0.6915, lr 1.00e-03 ---
2026-09-30 23:16:28,936 - INFO - 
****************************************************************************************************
2026-09-30 23:16:30,182 - INFO - --- training epoch 51, loss 15.0577, mae 15.5499, rmse 19.6233, time elapsed(min) 0.01---
2026-09-30 23:16:30,353 - INFO - --- validation at epoch 51, val_loss 12.5905, val_mae 13.5520, val_rmse 17.8507, val_r2 0.5865, val_pearson 0.7670, lr 1.00e-03 ---
2026-09-30 23:16:30,353 - INFO - 
****************************************************************************************************
2026-09-30 23:16:31,702 - INFO - --- training epoch 52, loss 13.6613, mae 14.1530, rmse 18.2921, time elapsed(min) 0.01---
2026-09-30 23:16:31,875 - INFO - --- validation at epoch 52, val_loss 12.9882, val_mae 13.8603, val_rmse 17.9329, val_r2 0.5827, val_pearson 0.7777, lr 1.00e-03 ---
2026-09-30 23:16:31,875 - INFO - 
****************************************************************************************************
2026-09-30 23:16:33,157 - INFO - --- training epoch 53, loss 14.0595, mae 14.5505, rmse 18.8339, time elapsed(min) 0.01---
2026-09-30 23:16:33,333 - INFO - --- validation at epoch 53, val_loss 12.3204, val_mae 13.0903, val_rmse 17.6435, val_r2 0.5961, val_pearson 0.7808, lr 1.00e-03 ---
2026-09-30 23:16:33,333 - INFO - 
****************************************************************************************************
2026-09-30 23:16:34,608 - INFO - --- training epoch 54, loss 13.1273, mae 13.6185, rmse 17.8305, time elapsed(min) 0.01---
2026-09-30 23:16:34,775 - INFO - --- validation at epoch 54, val_loss 12.6851, val_mae 13.0869, val_rmse 17.6813, val_r2 0.5943, val_pearson 0.7782, lr 1.00e-03 ---
2026-09-30 23:16:34,775 - INFO - 
****************************************************************************************************
2026-09-30 23:16:35,841 - INFO - --- training epoch 55, loss 12.6479, mae 13.1367, rmse 17.5748, time elapsed(min) 0.01---
2026-09-30 23:16:36,010 - INFO - --- validation at epoch 55, val_loss 11.8174, val_mae 12.6482, val_rmse 17.1274, val_r2 0.6193, val_pearson 0.7893, lr 1.00e-03 ---
2026-09-30 23:16:36,010 - INFO - 
****************************************************************************************************
2026-09-30 23:16:37,337 - INFO - --- training epoch 56, loss 12.6118, mae 13.1029, rmse 17.4674, time elapsed(min) 0.01---
2026-09-30 23:16:37,513 - INFO - --- validation at epoch 56, val_loss 11.9619, val_mae 12.5898, val_rmse 17.1752, val_r2 0.6172, val_pearson 0.7861, lr 1.00e-03 ---
2026-09-30 23:16:37,514 - INFO - 
****************************************************************************************************
2026-09-30 23:16:38,772 - INFO - --- training epoch 57, loss 12.4135, mae 12.9037, rmse 17.4602, time elapsed(min) 0.01---
2026-09-30 23:16:38,943 - INFO - --- validation at epoch 57, val_loss 11.5673, val_mae 12.5521, val_rmse 17.6959, val_r2 0.5937, val_pearson 0.7754, lr 1.00e-03 ---
2026-09-30 23:16:38,943 - INFO - 
****************************************************************************************************
2026-09-30 23:16:40,288 - INFO - --- training epoch 58, loss 12.3090, mae 12.7966, rmse 17.3386, time elapsed(min) 0.01---
2026-09-30 23:16:40,453 - INFO - --- validation at epoch 58, val_loss 12.3171, val_mae 12.8922, val_rmse 17.4990, val_r2 0.6026, val_pearson 0.7797, lr 1.00e-03 ---
2026-09-30 23:16:40,454 - INFO - 
****************************************************************************************************
2026-09-30 23:16:41,908 - INFO - --- training epoch 59, loss 11.9952, mae 12.4827, rmse 17.0613, time elapsed(min) 0.02---
2026-09-30 23:16:42,088 - INFO - --- validation at epoch 59, val_loss 11.9439, val_mae 12.8152, val_rmse 17.2928, val_r2 0.6120, val_pearson 0.7840, lr 1.00e-03 ---
2026-09-30 23:16:42,088 - INFO - 
****************************************************************************************************
2026-09-30 23:16:43,123 - INFO - --- training epoch 60, loss 12.7558, mae 13.2464, rmse 17.6829, time elapsed(min) 0.01---
2026-09-30 23:16:43,290 - INFO - --- validation at epoch 60, val_loss 11.5369, val_mae 12.1911, val_rmse 16.9624, val_r2 0.6266, val_pearson 0.7975, lr 1.00e-03 ---
2026-09-30 23:16:43,290 - INFO - 
****************************************************************************************************
2026-09-30 23:16:44,573 - INFO - --- training epoch 61, loss 12.0651, mae 12.5542, rmse 17.1496, time elapsed(min) 0.01---
2026-09-30 23:16:44,737 - INFO - --- validation at epoch 61, val_loss 11.3419, val_mae 12.2127, val_rmse 17.0977, val_r2 0.6207, val_pearson 0.7909, lr 1.00e-03 ---
2026-09-30 23:16:44,737 - INFO - 
****************************************************************************************************
2026-09-30 23:16:46,065 - INFO - --- training epoch 62, loss 11.8898, mae 12.3767, rmse 16.8571, time elapsed(min) 0.01---
2026-09-30 23:16:46,235 - INFO - --- validation at epoch 62, val_loss 11.3537, val_mae 12.0867, val_rmse 16.7648, val_r2 0.6353, val_pearson 0.8003, lr 1.00e-03 ---
2026-09-30 23:16:46,235 - INFO - 
****************************************************************************************************
2026-09-30 23:16:47,507 - INFO - --- training epoch 63, loss 12.1293, mae 12.6170, rmse 17.1048, time elapsed(min) 0.01---
2026-09-30 23:16:47,664 - INFO - --- validation at epoch 63, val_loss 11.7158, val_mae 12.4883, val_rmse 16.7923, val_r2 0.6341, val_pearson 0.7993, lr 1.00e-03 ---
2026-09-30 23:16:47,664 - INFO - 
****************************************************************************************************
2026-09-30 23:16:49,109 - INFO - --- training epoch 64, loss 11.7078, mae 12.1965, rmse 16.6380, time elapsed(min) 0.02---
2026-09-30 23:16:49,272 - INFO - --- validation at epoch 64, val_loss 11.6846, val_mae 12.2552, val_rmse 16.7568, val_r2 0.6356, val_pearson 0.8007, lr 1.00e-03 ---
2026-09-30 23:16:49,272 - INFO - 
****************************************************************************************************
2026-09-30 23:16:50,337 - INFO - --- training epoch 65, loss 11.5412, mae 12.0295, rmse 16.3732, time elapsed(min) 0.01---
2026-09-30 23:16:50,501 - INFO - --- validation at epoch 65, val_loss 11.3645, val_mae 12.1185, val_rmse 16.5478, val_r2 0.6447, val_pearson 0.8072, lr 1.00e-03 ---
2026-09-30 23:16:50,501 - INFO - 
****************************************************************************************************
2026-09-30 23:16:51,753 - INFO - --- training epoch 66, loss 11.6282, mae 12.1186, rmse 16.4523, time elapsed(min) 0.01---
2026-09-30 23:16:51,926 - INFO - --- validation at epoch 66, val_loss 11.6196, val_mae 12.1395, val_rmse 16.5461, val_r2 0.6447, val_pearson 0.8054, lr 1.00e-03 ---
2026-09-30 23:16:51,926 - INFO - 
****************************************************************************************************
2026-09-30 23:16:53,324 - INFO - --- training epoch 67, loss 12.0061, mae 12.4943, rmse 16.8883, time elapsed(min) 0.02---
2026-09-30 23:16:53,495 - INFO - --- validation at epoch 67, val_loss 13.2876, val_mae 13.6469, val_rmse 18.2288, val_r2 0.5688, val_pearson 0.7885, lr 1.00e-03 ---
2026-09-30 23:16:53,495 - INFO - 
****************************************************************************************************
2026-09-30 23:16:54,775 - INFO - --- training epoch 68, loss 11.9006, mae 12.3880, rmse 16.9732, time elapsed(min) 0.01---
2026-09-30 23:16:54,946 - INFO - --- validation at epoch 68, val_loss 11.3245, val_mae 11.6750, val_rmse 16.4453, val_r2 0.6491, val_pearson 0.8161, lr 1.00e-03 ---
2026-09-30 23:16:54,947 - INFO - 
****************************************************************************************************
2026-09-30 23:16:56,451 - INFO - --- training epoch 69, loss 10.9472, mae 11.4373, rmse 15.6784, time elapsed(min) 0.02---
2026-09-30 23:16:56,615 - INFO - --- validation at epoch 69, val_loss 10.7555, val_mae 11.0970, val_rmse 15.3074, val_r2 0.6959, val_pearson 0.8349, lr 1.00e-03 ---
2026-09-30 23:16:56,615 - INFO - 
****************************************************************************************************
2026-09-30 23:16:57,777 - INFO - --- training epoch 70, loss 10.5670, mae 11.0557, rmse 15.2484, time elapsed(min) 0.01---
2026-09-30 23:16:57,945 - INFO - --- validation at epoch 70, val_loss 10.4197, val_mae 11.0037, val_rmse 15.0269, val_r2 0.7070, val_pearson 0.8434, lr 1.00e-03 ---
2026-09-30 23:16:57,945 - INFO - 
****************************************************************************************************
2026-09-30 23:16:59,086 - INFO - --- training epoch 71, loss 10.8234, mae 11.3098, rmse 15.3720, time elapsed(min) 0.01---
2026-09-30 23:16:59,256 - INFO - --- validation at epoch 71, val_loss 11.0708, val_mae 11.8448, val_rmse 15.6721, val_r2 0.6813, val_pearson 0.8310, lr 1.00e-03 ---
2026-09-30 23:16:59,256 - INFO - 
****************************************************************************************************
2026-09-30 23:17:00,549 - INFO - --- training epoch 72, loss 11.3790, mae 11.8682, rmse 16.0289, time elapsed(min) 0.01---
2026-09-30 23:17:00,716 - INFO - --- validation at epoch 72, val_loss 11.1467, val_mae 11.4695, val_rmse 15.9711, val_r2 0.6690, val_pearson 0.8296, lr 1.00e-03 ---
2026-09-30 23:17:00,716 - INFO - 
****************************************************************************************************
2026-09-30 23:17:01,991 - INFO - --- training epoch 73, loss 10.7243, mae 11.2115, rmse 15.4509, time elapsed(min) 0.01---
2026-09-30 23:17:02,152 - INFO - --- validation at epoch 73, val_loss 10.3054, val_mae 10.7623, val_rmse 14.8817, val_r2 0.7126, val_pearson 0.8443, lr 1.00e-03 ---
2026-09-30 23:17:02,152 - INFO - 
****************************************************************************************************
2026-09-30 23:17:03,434 - INFO - --- training epoch 74, loss 10.5662, mae 11.0544, rmse 15.1089, time elapsed(min) 0.01---
2026-09-30 23:17:03,602 - INFO - --- validation at epoch 74, val_loss 10.4701, val_mae 11.2362, val_rmse 15.0845, val_r2 0.7047, val_pearson 0.8482, lr 1.00e-03 ---
2026-09-30 23:17:03,602 - INFO - 
****************************************************************************************************
2026-09-30 23:17:04,668 - INFO - --- training epoch 75, loss 10.6596, mae 11.1472, rmse 15.2964, time elapsed(min) 0.01---
2026-09-30 23:17:04,843 - INFO - --- validation at epoch 75, val_loss 10.1029, val_mae 10.7324, val_rmse 14.8443, val_r2 0.7141, val_pearson 0.8451, lr 1.00e-03 ---
2026-09-30 23:17:04,843 - INFO - 
****************************************************************************************************
2026-09-30 23:17:05,995 - INFO - --- training epoch 76, loss 10.2392, mae 10.7258, rmse 15.0789, time elapsed(min) 0.01---
2026-09-30 23:17:06,165 - INFO - --- validation at epoch 76, val_loss 11.8365, val_mae 12.0369, val_rmse 16.3126, val_r2 0.6547, val_pearson 0.8410, lr 1.00e-03 ---
2026-09-30 23:17:06,165 - INFO - 
****************************************************************************************************
2026-09-30 23:17:07,436 - INFO - --- training epoch 77, loss 10.7229, mae 11.2109, rmse 15.3952, time elapsed(min) 0.01---
2026-09-30 23:17:07,607 - INFO - --- validation at epoch 77, val_loss 9.9457, val_mae 10.2789, val_rmse 14.8175, val_r2 0.7151, val_pearson 0.8480, lr 1.00e-03 ---
2026-09-30 23:17:07,607 - INFO - 
****************************************************************************************************
2026-09-30 23:17:08,939 - INFO - --- training epoch 78, loss 9.8231, mae 10.3083, rmse 14.7128, time elapsed(min) 0.01---
2026-09-30 23:17:09,105 - INFO - --- validation at epoch 78, val_loss 9.7723, val_mae 10.2614, val_rmse 14.7523, val_r2 0.7176, val_pearson 0.8485, lr 1.00e-03 ---
2026-09-30 23:17:09,105 - INFO - 
****************************************************************************************************
2026-09-30 23:17:10,606 - INFO - --- training epoch 79, loss 9.6240, mae 10.1100, rmse 14.4027, time elapsed(min) 0.02---
2026-09-30 23:17:10,776 - INFO - --- validation at epoch 79, val_loss 10.3385, val_mae 10.6555, val_rmse 14.8678, val_r2 0.7132, val_pearson 0.8451, lr 1.00e-03 ---
2026-09-30 23:17:10,776 - INFO - 
****************************************************************************************************
2026-09-30 23:17:11,845 - INFO - --- training epoch 80, loss 9.4735, mae 9.9580, rmse 14.0110, time elapsed(min) 0.01---
2026-09-30 23:17:12,026 - INFO - --- validation at epoch 80, val_loss 9.5644, val_mae 10.1290, val_rmse 14.0685, val_r2 0.7432, val_pearson 0.8632, lr 1.00e-03 ---
2026-09-30 23:17:12,026 - INFO - 
****************************************************************************************************
2026-09-30 23:17:13,155 - INFO - --- training epoch 81, loss 9.4035, mae 9.8907, rmse 14.0652, time elapsed(min) 0.01---
2026-09-30 23:17:13,325 - INFO - --- validation at epoch 81, val_loss 9.3388, val_mae 9.7581, val_rmse 14.2021, val_r2 0.7383, val_pearson 0.8616, lr 1.00e-03 ---
2026-09-30 23:17:13,325 - INFO - 
****************************************************************************************************
2026-09-30 23:17:14,675 - INFO - --- training epoch 82, loss 9.3549, mae 9.8430, rmse 14.1223, time elapsed(min) 0.01---
2026-09-30 23:17:14,848 - INFO - --- validation at epoch 82, val_loss 9.2063, val_mae 9.8915, val_rmse 14.3161, val_r2 0.7340, val_pearson 0.8580, lr 1.00e-03 ---
2026-09-30 23:17:14,848 - INFO - 
****************************************************************************************************
2026-09-30 23:17:16,201 - INFO - --- training epoch 83, loss 9.6101, mae 10.0988, rmse 14.3132, time elapsed(min) 0.01---
2026-09-30 23:17:16,371 - INFO - --- validation at epoch 83, val_loss 10.3130, val_mae 10.8541, val_rmse 14.8488, val_r2 0.7139, val_pearson 0.8522, lr 1.00e-03 ---
2026-09-30 23:17:16,371 - INFO - 
****************************************************************************************************
2026-09-30 23:17:17,821 - INFO - --- training epoch 84, loss 9.7324, mae 10.2194, rmse 14.5644, time elapsed(min) 0.02---
2026-09-30 23:17:17,974 - INFO - --- validation at epoch 84, val_loss 9.7074, val_mae 10.2867, val_rmse 14.9293, val_r2 0.7108, val_pearson 0.8474, lr 1.00e-03 ---
2026-09-30 23:17:17,975 - INFO - 
****************************************************************************************************
2026-09-30 23:17:19,035 - INFO - --- training epoch 85, loss 9.5819, mae 10.0694, rmse 14.4854, time elapsed(min) 0.01---
2026-09-30 23:17:19,210 - INFO - --- validation at epoch 85, val_loss 9.4784, val_mae 10.1363, val_rmse 14.3439, val_r2 0.7330, val_pearson 0.8574, lr 1.00e-03 ---
2026-09-30 23:17:19,210 - INFO - 
****************************************************************************************************
2026-09-30 23:17:20,425 - INFO - --- training epoch 86, loss 9.0759, mae 9.5595, rmse 13.8454, time elapsed(min) 0.01---
2026-09-30 23:17:20,602 - INFO - --- validation at epoch 86, val_loss 8.7804, val_mae 9.4483, val_rmse 13.9830, val_r2 0.7463, val_pearson 0.8673, lr 1.00e-03 ---
2026-09-30 23:17:20,602 - INFO - 
****************************************************************************************************
2026-09-30 23:17:21,964 - INFO - --- training epoch 87, loss 9.1331, mae 9.6180, rmse 13.8982, time elapsed(min) 0.01---
2026-09-30 23:17:22,141 - INFO - --- validation at epoch 87, val_loss 9.1778, val_mae 9.7075, val_rmse 14.1829, val_r2 0.7390, val_pearson 0.8600, lr 1.00e-03 ---
2026-09-30 23:17:22,141 - INFO - 
****************************************************************************************************
2026-09-30 23:17:23,416 - INFO - --- training epoch 88, loss 9.2421, mae 9.7282, rmse 14.0328, time elapsed(min) 0.01---
2026-09-30 23:17:23,587 - INFO - --- validation at epoch 88, val_loss 9.4149, val_mae 9.9593, val_rmse 14.4927, val_r2 0.7274, val_pearson 0.8611, lr 1.00e-03 ---
2026-09-30 23:17:23,587 - INFO - 
****************************************************************************************************
2026-09-30 23:17:25,030 - INFO - --- training epoch 89, loss 9.1850, mae 9.6699, rmse 13.8693, time elapsed(min) 0.02---
2026-09-30 23:17:25,199 - INFO - --- validation at epoch 89, val_loss 8.8747, val_mae 9.4705, val_rmse 14.2053, val_r2 0.7381, val_pearson 0.8624, lr 1.00e-03 ---
2026-09-30 23:17:25,199 - INFO - 
****************************************************************************************************
2026-09-30 23:17:26,276 - INFO - --- training epoch 90, loss 8.9485, mae 9.4350, rmse 13.8494, time elapsed(min) 0.01---
2026-09-30 23:17:26,443 - INFO - --- validation at epoch 90, val_loss 8.9671, val_mae 9.2848, val_rmse 14.0822, val_r2 0.7427, val_pearson 0.8636, lr 1.00e-03 ---
2026-09-30 23:17:26,443 - INFO - 
****************************************************************************************************
2026-09-30 23:17:27,693 - INFO - --- training epoch 91, loss 9.0124, mae 9.4986, rmse 13.9256, time elapsed(min) 0.01---
2026-09-30 23:17:27,859 - INFO - --- validation at epoch 91, val_loss 8.7507, val_mae 9.2541, val_rmse 13.9921, val_r2 0.7459, val_pearson 0.8656, lr 1.00e-03 ---
2026-09-30 23:17:27,859 - INFO - 
****************************************************************************************************
2026-09-30 23:17:29,185 - INFO - --- training epoch 92, loss 9.4570, mae 9.9435, rmse 14.1721, time elapsed(min) 0.01---
2026-09-30 23:17:29,354 - INFO - --- validation at epoch 92, val_loss 9.6793, val_mae 9.9254, val_rmse 14.8322, val_r2 0.7145, val_pearson 0.8588, lr 1.00e-03 ---
2026-09-30 23:17:29,354 - INFO - 
****************************************************************************************************
2026-09-30 23:17:30,754 - INFO - --- training epoch 93, loss 9.1978, mae 9.6844, rmse 13.9350, time elapsed(min) 0.02---
2026-09-30 23:17:30,926 - INFO - --- validation at epoch 93, val_loss 9.1694, val_mae 9.5814, val_rmse 14.4188, val_r2 0.7302, val_pearson 0.8656, lr 1.00e-03 ---
2026-09-30 23:17:30,926 - INFO - 
****************************************************************************************************
2026-09-30 23:17:32,356 - INFO - --- training epoch 94, loss 8.8698, mae 9.3555, rmse 13.6573, time elapsed(min) 0.02---
2026-09-30 23:17:32,521 - INFO - --- validation at epoch 94, val_loss 8.5385, val_mae 9.1213, val_rmse 13.6170, val_r2 0.7594, val_pearson 0.8726, lr 1.00e-03 ---
2026-09-30 23:17:32,521 - INFO - 
****************************************************************************************************
2026-09-30 23:17:33,678 - INFO - --- training epoch 95, loss 9.4605, mae 9.9473, rmse 14.2748, time elapsed(min) 0.01---
2026-09-30 23:17:33,848 - INFO - --- validation at epoch 95, val_loss 8.9075, val_mae 9.2469, val_rmse 13.6732, val_r2 0.7574, val_pearson 0.8729, lr 1.00e-03 ---
2026-09-30 23:17:33,848 - INFO - 
****************************************************************************************************
2026-09-30 23:17:35,074 - INFO - --- training epoch 96, loss 9.1167, mae 9.6030, rmse 13.8881, time elapsed(min) 0.01---
2026-09-30 23:17:35,253 - INFO - --- validation at epoch 96, val_loss 8.7787, val_mae 9.2018, val_rmse 13.7333, val_r2 0.7553, val_pearson 0.8703, lr 1.00e-03 ---
2026-09-30 23:17:35,253 - INFO - 
****************************************************************************************************
2026-09-30 23:17:36,517 - INFO - --- training epoch 97, loss 8.9021, mae 9.3884, rmse 13.5866, time elapsed(min) 0.01---
2026-09-30 23:17:36,683 - INFO - --- validation at epoch 97, val_loss 8.5854, val_mae 9.1414, val_rmse 13.9858, val_r2 0.7462, val_pearson 0.8690, lr 1.00e-03 ---
2026-09-30 23:17:36,683 - INFO - 
****************************************************************************************************
2026-09-30 23:17:37,943 - INFO - --- training epoch 98, loss 9.0486, mae 9.5361, rmse 13.7304, time elapsed(min) 0.01---
2026-09-30 23:17:38,125 - INFO - --- validation at epoch 98, val_loss 8.6289, val_mae 9.0721, val_rmse 13.4437, val_r2 0.7655, val_pearson 0.8753, lr 1.00e-03 ---
2026-09-30 23:17:38,125 - INFO - 
****************************************************************************************************
2026-09-30 23:17:39,423 - INFO - --- training epoch 99, loss 8.8997, mae 9.3842, rmse 13.6009, time elapsed(min) 0.02---
2026-09-30 23:17:39,837 - INFO - --- validation at epoch 99, val_loss 8.4401, val_mae 8.8240, val_rmse 13.4370, val_r2 0.7657, val_pearson 0.8764, lr 1.00e-03 ---
2026-09-30 23:17:39,837 - INFO - 
****************************************************************************************************
2026-09-30 23:17:41,095 - INFO - --- training epoch 100, loss 9.0518, mae 9.5369, rmse 13.5751, time elapsed(min) 0.01---
2026-09-30 23:17:41,264 - INFO - --- validation at epoch 100, val_loss 8.6439, val_mae 9.2928, val_rmse 13.8215, val_r2 0.7521, val_pearson 0.8710, lr 1.00e-03 ---
2026-09-30 23:17:41,264 - INFO - 
****************************************************************************************************
2026-09-30 23:17:42,348 - INFO - --- training epoch 101, loss 8.8661, mae 9.3505, rmse 13.6012, time elapsed(min) 0.01---
2026-09-30 23:17:42,520 - INFO - --- validation at epoch 101, val_loss 8.6026, val_mae 9.2762, val_rmse 14.0722, val_r2 0.7430, val_pearson 0.8634, lr 1.00e-03 ---
2026-09-30 23:17:42,520 - INFO - 
****************************************************************************************************
2026-09-30 23:17:43,773 - INFO - --- training epoch 102, loss 9.1516, mae 9.6395, rmse 13.8330, time elapsed(min) 0.01---
2026-09-30 23:17:43,952 - INFO - --- validation at epoch 102, val_loss 8.8579, val_mae 9.4033, val_rmse 14.0563, val_r2 0.7436, val_pearson 0.8626, lr 1.00e-03 ---
2026-09-30 23:17:43,952 - INFO - 
****************************************************************************************************
2026-09-30 23:17:45,241 - INFO - --- training epoch 103, loss 8.8279, mae 9.3131, rmse 13.5457, time elapsed(min) 0.01---
2026-09-30 23:17:45,407 - INFO - --- validation at epoch 103, val_loss 8.4499, val_mae 8.9340, val_rmse 13.5768, val_r2 0.7608, val_pearson 0.8754, lr 1.00e-03 ---
2026-09-30 23:17:45,408 - INFO - 
****************************************************************************************************
2026-09-30 23:17:46,703 - INFO - --- training epoch 104, loss 9.1929, mae 9.6775, rmse 13.8071, time elapsed(min) 0.02---
2026-09-30 23:17:47,090 - INFO - --- validation at epoch 104, val_loss 9.5212, val_mae 10.0186, val_rmse 14.0196, val_r2 0.7449, val_pearson 0.8773, lr 1.00e-03 ---
2026-09-30 23:17:47,090 - INFO - 
****************************************************************************************************
2026-09-30 23:17:48,302 - INFO - --- training epoch 105, loss 8.8027, mae 9.2856, rmse 13.4098, time elapsed(min) 0.01---
2026-09-30 23:17:48,479 - INFO - --- validation at epoch 105, val_loss 8.2204, val_mae 8.7612, val_rmse 13.7477, val_r2 0.7547, val_pearson 0.8705, lr 1.00e-03 ---
2026-09-30 23:17:48,480 - INFO - 
****************************************************************************************************
2026-09-30 23:17:49,639 - INFO - --- training epoch 106, loss 8.7313, mae 9.2162, rmse 13.4719, time elapsed(min) 0.01---
2026-09-30 23:17:49,812 - INFO - --- validation at epoch 106, val_loss 8.4806, val_mae 8.9538, val_rmse 13.9120, val_r2 0.7488, val_pearson 0.8742, lr 1.00e-03 ---
2026-09-30 23:17:49,812 - INFO - 
****************************************************************************************************
2026-09-30 23:17:51,067 - INFO - --- training epoch 107, loss 8.8001, mae 9.2853, rmse 13.5435, time elapsed(min) 0.01---
2026-09-30 23:17:51,234 - INFO - --- validation at epoch 107, val_loss 8.1151, val_mae 8.6751, val_rmse 13.3614, val_r2 0.7683, val_pearson 0.8779, lr 1.00e-03 ---
2026-09-30 23:17:51,234 - INFO - 
****************************************************************************************************
2026-09-30 23:17:52,580 - INFO - --- training epoch 108, loss 8.4150, mae 8.8984, rmse 13.0356, time elapsed(min) 0.01---
2026-09-30 23:17:52,750 - INFO - --- validation at epoch 108, val_loss 8.1451, val_mae 8.6522, val_rmse 13.6125, val_r2 0.7595, val_pearson 0.8727, lr 1.00e-03 ---
2026-09-30 23:17:52,750 - INFO - 
****************************************************************************************************
2026-09-30 23:17:54,057 - INFO - --- training epoch 109, loss 8.3252, mae 8.8077, rmse 13.1068, time elapsed(min) 0.02---
2026-09-30 23:17:54,447 - INFO - --- validation at epoch 109, val_loss 8.3913, val_mae 8.7407, val_rmse 13.5532, val_r2 0.7616, val_pearson 0.8762, lr 1.00e-03 ---
2026-09-30 23:17:54,447 - INFO - 
****************************************************************************************************
2026-09-30 23:17:55,666 - INFO - --- training epoch 110, loss 8.8729, mae 9.3569, rmse 13.6169, time elapsed(min) 0.01---
2026-09-30 23:17:55,835 - INFO - --- validation at epoch 110, val_loss 8.7427, val_mae 9.3210, val_rmse 14.0377, val_r2 0.7443, val_pearson 0.8645, lr 1.00e-03 ---
2026-09-30 23:17:55,835 - INFO - 
****************************************************************************************************
2026-09-30 23:17:56,890 - INFO - --- training epoch 111, loss 8.5551, mae 9.0409, rmse 13.4579, time elapsed(min) 0.01---
2026-09-30 23:17:57,062 - INFO - --- validation at epoch 111, val_loss 8.1338, val_mae 8.7580, val_rmse 13.5340, val_r2 0.7623, val_pearson 0.8759, lr 1.00e-03 ---
2026-09-30 23:17:57,062 - INFO - 
****************************************************************************************************
2026-09-30 23:17:58,346 - INFO - --- training epoch 112, loss 8.4064, mae 8.8896, rmse 13.2082, time elapsed(min) 0.01---
2026-09-30 23:17:58,524 - INFO - --- validation at epoch 112, val_loss 8.6837, val_mae 9.3722, val_rmse 14.3526, val_r2 0.7327, val_pearson 0.8672, lr 1.00e-03 ---
2026-09-30 23:17:58,524 - INFO - 
****************************************************************************************************
2026-09-30 23:17:59,821 - INFO - --- training epoch 113, loss 8.4297, mae 8.9126, rmse 13.1771, time elapsed(min) 0.02---
2026-09-30 23:17:59,996 - INFO - --- validation at epoch 113, val_loss 8.2208, val_mae 8.7819, val_rmse 13.6355, val_r2 0.7587, val_pearson 0.8774, lr 1.00e-03 ---
2026-09-30 23:17:59,996 - INFO - 
****************************************************************************************************
2026-09-30 23:18:01,304 - INFO - --- training epoch 114, loss 8.2560, mae 8.7398, rmse 13.0387, time elapsed(min) 0.02---
2026-09-30 23:18:01,720 - INFO - --- validation at epoch 114, val_loss 8.2873, val_mae 8.8372, val_rmse 13.5811, val_r2 0.7607, val_pearson 0.8770, lr 1.00e-03 ---
2026-09-30 23:18:01,720 - INFO - 
****************************************************************************************************
2026-09-30 23:18:02,926 - INFO - --- training epoch 115, loss 8.2670, mae 8.7495, rmse 12.9776, time elapsed(min) 0.01---
2026-09-30 23:18:03,106 - INFO - --- validation at epoch 115, val_loss 8.4588, val_mae 8.9148, val_rmse 13.7889, val_r2 0.7533, val_pearson 0.8690, lr 1.00e-03 ---
2026-09-30 23:18:03,107 - INFO - 
****************************************************************************************************
2026-09-30 23:18:04,164 - INFO - --- training epoch 116, loss 8.3367, mae 8.8194, rmse 13.1200, time elapsed(min) 0.01---
2026-09-30 23:18:04,333 - INFO - --- validation at epoch 116, val_loss 8.2451, val_mae 9.0137, val_rmse 13.3945, val_r2 0.7672, val_pearson 0.8819, lr 1.00e-03 ---
2026-09-30 23:18:04,333 - INFO - 
****************************************************************************************************
2026-09-30 23:18:05,736 - INFO - --- training epoch 117, loss 8.2408, mae 8.7254, rmse 13.0269, time elapsed(min) 0.02---
2026-09-30 23:18:05,916 - INFO - --- validation at epoch 117, val_loss 7.9169, val_mae 8.5562, val_rmse 13.3469, val_r2 0.7688, val_pearson 0.8774, lr 1.00e-03 ---
2026-09-30 23:18:05,916 - INFO - 
****************************************************************************************************
2026-09-30 23:18:07,262 - INFO - --- training epoch 118, loss 8.2681, mae 8.7536, rmse 13.0072, time elapsed(min) 0.01---
2026-09-30 23:18:07,437 - INFO - --- validation at epoch 118, val_loss 8.6005, val_mae 9.0764, val_rmse 13.6966, val_r2 0.7566, val_pearson 0.8720, lr 1.00e-03 ---
2026-09-30 23:18:07,437 - INFO - 
****************************************************************************************************
2026-09-30 23:18:08,712 - INFO - --- training epoch 119, loss 8.4172, mae 8.9010, rmse 13.0888, time elapsed(min) 0.01---
2026-09-30 23:18:09,087 - INFO - --- validation at epoch 119, val_loss 7.7869, val_mae 8.5802, val_rmse 13.7013, val_r2 0.7564, val_pearson 0.8715, lr 1.00e-03 ---
2026-09-30 23:18:09,087 - INFO - 
****************************************************************************************************
2026-09-30 23:18:10,377 - INFO - --- training epoch 120, loss 8.1320, mae 8.6135, rmse 12.8344, time elapsed(min) 0.01---
2026-09-30 23:18:10,547 - INFO - --- validation at epoch 120, val_loss 7.9900, val_mae 8.6472, val_rmse 13.2915, val_r2 0.7708, val_pearson 0.8794, lr 1.00e-03 ---
2026-09-30 23:18:10,547 - INFO - 
****************************************************************************************************
2026-09-30 23:18:11,607 - INFO - --- training epoch 121, loss 7.9998, mae 8.4838, rmse 12.6749, time elapsed(min) 0.01---
2026-09-30 23:18:11,767 - INFO - --- validation at epoch 121, val_loss 7.9778, val_mae 8.7354, val_rmse 13.4873, val_r2 0.7639, val_pearson 0.8781, lr 1.00e-03 ---
2026-09-30 23:18:11,767 - INFO - 
****************************************************************************************************
2026-09-30 23:18:13,047 - INFO - --- training epoch 122, loss 7.9220, mae 8.4055, rmse 12.5648, time elapsed(min) 0.01---
2026-09-30 23:18:13,213 - INFO - --- validation at epoch 122, val_loss 8.1152, val_mae 8.5782, val_rmse 13.3051, val_r2 0.7703, val_pearson 0.8778, lr 1.00e-03 ---
2026-09-30 23:18:13,213 - INFO - 
****************************************************************************************************
2026-09-30 23:18:14,584 - INFO - --- training epoch 123, loss 8.1710, mae 8.6554, rmse 12.7162, time elapsed(min) 0.02---
2026-09-30 23:18:14,763 - INFO - --- validation at epoch 123, val_loss 8.1366, val_mae 8.6018, val_rmse 13.4689, val_r2 0.7646, val_pearson 0.8784, lr 1.00e-03 ---
2026-09-30 23:18:14,763 - INFO - 
****************************************************************************************************
2026-09-30 23:18:16,041 - INFO - --- training epoch 124, loss 8.1684, mae 8.6525, rmse 12.6648, time elapsed(min) 0.01---
2026-09-30 23:18:16,208 - INFO - --- validation at epoch 124, val_loss 8.2016, val_mae 8.6696, val_rmse 13.3319, val_r2 0.7694, val_pearson 0.8787, lr 1.00e-03 ---
2026-09-30 23:18:16,208 - INFO - 
****************************************************************************************************
2026-09-30 23:18:17,414 - INFO - --- training epoch 125, loss 7.9530, mae 8.4364, rmse 12.5961, time elapsed(min) 0.01---
2026-09-30 23:18:17,593 - INFO - --- validation at epoch 125, val_loss 8.1423, val_mae 8.3840, val_rmse 13.6643, val_r2 0.7577, val_pearson 0.8713, lr 1.00e-03 ---
2026-09-30 23:18:17,593 - INFO - 
****************************************************************************************************
2026-09-30 23:18:18,674 - INFO - --- training epoch 126, loss 8.1718, mae 8.6549, rmse 12.9454, time elapsed(min) 0.01---
2026-09-30 23:18:18,840 - INFO - --- validation at epoch 126, val_loss 8.6931, val_mae 9.0282, val_rmse 13.8823, val_r2 0.7499, val_pearson 0.8764, lr 1.00e-03 ---
2026-09-30 23:18:18,840 - INFO - 
****************************************************************************************************
2026-09-30 23:18:20,115 - INFO - --- training epoch 127, loss 8.7930, mae 9.2785, rmse 13.3493, time elapsed(min) 0.01---
2026-09-30 23:18:20,274 - INFO - --- validation at epoch 127, val_loss 8.7827, val_mae 9.3563, val_rmse 13.8930, val_r2 0.7495, val_pearson 0.8660, lr 1.00e-03 ---
2026-09-30 23:18:20,274 - INFO - 
****************************************************************************************************
2026-09-30 23:18:21,543 - INFO - --- training epoch 128, loss 8.4485, mae 8.9361, rmse 13.2146, time elapsed(min) 0.01---
2026-09-30 23:18:21,716 - INFO - --- validation at epoch 128, val_loss 7.8395, val_mae 8.2783, val_rmse 13.5923, val_r2 0.7603, val_pearson 0.8755, lr 1.00e-03 ---
2026-09-30 23:18:21,716 - INFO - 
****************************************************************************************************
2026-09-30 23:18:23,132 - INFO - --- training epoch 129, loss 8.2953, mae 8.7811, rmse 13.0971, time elapsed(min) 0.02---
2026-09-30 23:18:23,315 - INFO - --- validation at epoch 129, val_loss 8.3353, val_mae 8.8801, val_rmse 13.6031, val_r2 0.7599, val_pearson 0.8784, lr 1.00e-03 ---
2026-09-30 23:18:23,315 - INFO - 
****************************************************************************************************
2026-09-30 23:18:24,797 - INFO - --- training epoch 130, loss 8.2309, mae 8.7161, rmse 12.8055, time elapsed(min) 0.02---
2026-09-30 23:18:24,954 - INFO - --- validation at epoch 130, val_loss 8.1157, val_mae 8.9062, val_rmse 13.9596, val_r2 0.7471, val_pearson 0.8725, lr 1.00e-03 ---
2026-09-30 23:18:24,954 - INFO - 
****************************************************************************************************
2026-09-30 23:18:26,054 - INFO - --- training epoch 131, loss 8.0439, mae 8.5260, rmse 12.7906, time elapsed(min) 0.01---
2026-09-30 23:18:26,224 - INFO - --- validation at epoch 131, val_loss 7.9048, val_mae 8.4578, val_rmse 13.6888, val_r2 0.7568, val_pearson 0.8779, lr 3.00e-04 ---
2026-09-30 23:18:26,224 - INFO - 
****************************************************************************************************
2026-09-30 23:18:27,299 - INFO - --- training epoch 132, loss 7.7914, mae 8.2763, rmse 12.6432, time elapsed(min) 0.01---
2026-09-30 23:18:27,449 - INFO - --- validation at epoch 132, val_loss 7.9547, val_mae 8.3419, val_rmse 13.9032, val_r2 0.7492, val_pearson 0.8772, lr 3.00e-04 ---
2026-09-30 23:18:27,449 - INFO - 
****************************************************************************************************
2026-09-30 23:18:28,721 - INFO - --- training epoch 133, loss 7.7753, mae 8.2556, rmse 12.6591, time elapsed(min) 0.01---
2026-09-30 23:18:28,897 - INFO - --- validation at epoch 133, val_loss 7.8363, val_mae 8.2567, val_rmse 13.5378, val_r2 0.7622, val_pearson 0.8818, lr 3.00e-04 ---
2026-09-30 23:18:28,898 - INFO - 
****************************************************************************************************
2026-09-30 23:18:30,186 - INFO - --- training epoch 134, loss 7.6217, mae 8.1028, rmse 12.4641, time elapsed(min) 0.01---
2026-09-30 23:18:30,360 - INFO - --- validation at epoch 134, val_loss 7.6188, val_mae 8.1000, val_rmse 13.5627, val_r2 0.7613, val_pearson 0.8803, lr 3.00e-04 ---
2026-09-30 23:18:30,360 - INFO - 
****************************************************************************************************
2026-09-30 23:18:31,945 - INFO - --- training epoch 135, loss 7.5820, mae 8.0619, rmse 12.4497, time elapsed(min) 0.02---
2026-09-30 23:18:32,110 - INFO - --- validation at epoch 135, val_loss 7.6521, val_mae 8.1735, val_rmse 13.5842, val_r2 0.7605, val_pearson 0.8799, lr 3.00e-04 ---
2026-09-30 23:18:32,110 - INFO - 
****************************************************************************************************
2026-09-30 23:18:33,189 - INFO - --- training epoch 136, loss 7.5203, mae 8.0023, rmse 12.3613, time elapsed(min) 0.01---
2026-09-30 23:18:33,363 - INFO - --- validation at epoch 136, val_loss 7.5860, val_mae 8.1698, val_rmse 13.7126, val_r2 0.7560, val_pearson 0.8774, lr 3.00e-04 ---
2026-09-30 23:18:33,363 - INFO - 
****************************************************************************************************
2026-09-30 23:18:34,514 - INFO - --- training epoch 137, loss 7.4900, mae 7.9708, rmse 12.2771, time elapsed(min) 0.01---
2026-09-30 23:18:34,683 - INFO - --- validation at epoch 137, val_loss 7.3912, val_mae 7.9487, val_rmse 13.4020, val_r2 0.7669, val_pearson 0.8832, lr 3.00e-04 ---
2026-09-30 23:18:34,683 - INFO - 
****************************************************************************************************
2026-09-30 23:18:36,160 - INFO - --- training epoch 138, loss 7.4737, mae 7.9555, rmse 12.2662, time elapsed(min) 0.02---
2026-09-30 23:18:36,325 - INFO - --- validation at epoch 138, val_loss 7.6924, val_mae 8.0231, val_rmse 13.4957, val_r2 0.7637, val_pearson 0.8824, lr 3.00e-04 ---
2026-09-30 23:18:36,325 - INFO - 
****************************************************************************************************
2026-09-30 23:18:37,598 - INFO - --- training epoch 139, loss 7.3492, mae 7.8276, rmse 12.3003, time elapsed(min) 0.01---
2026-09-30 23:18:37,768 - INFO - --- validation at epoch 139, val_loss 7.4162, val_mae 7.9669, val_rmse 13.2912, val_r2 0.7708, val_pearson 0.8839, lr 3.00e-04 ---
2026-09-30 23:18:37,768 - INFO - 
****************************************************************************************************
2026-09-30 23:18:39,058 - INFO - --- training epoch 140, loss 7.3339, mae 7.8152, rmse 12.2182, time elapsed(min) 0.01---
2026-09-30 23:18:39,435 - INFO - --- validation at epoch 140, val_loss 7.5036, val_mae 7.9147, val_rmse 13.4934, val_r2 0.7637, val_pearson 0.8811, lr 3.00e-04 ---
2026-09-30 23:18:39,436 - INFO - 
****************************************************************************************************
2026-09-30 23:18:40,672 - INFO - --- training epoch 141, loss 7.3485, mae 7.8275, rmse 12.2360, time elapsed(min) 0.01---
2026-09-30 23:18:40,853 - INFO - --- validation at epoch 141, val_loss 7.4885, val_mae 7.8715, val_rmse 13.4408, val_r2 0.7656, val_pearson 0.8822, lr 3.00e-04 ---
2026-09-30 23:18:40,853 - INFO - 
****************************************************************************************************
2026-09-30 23:18:41,918 - INFO - --- training epoch 142, loss 7.2920, mae 7.7720, rmse 12.0793, time elapsed(min) 0.01---
2026-09-30 23:18:42,081 - INFO - --- validation at epoch 142, val_loss 7.3866, val_mae 7.8848, val_rmse 13.3832, val_r2 0.7676, val_pearson 0.8824, lr 3.00e-04 ---
2026-09-30 23:18:42,081 - INFO - 
****************************************************************************************************
2026-09-30 23:18:43,446 - INFO - --- training epoch 143, loss 7.3705, mae 7.8493, rmse 12.2004, time elapsed(min) 0.01---
2026-09-30 23:18:43,615 - INFO - --- validation at epoch 143, val_loss 7.6743, val_mae 8.0801, val_rmse 13.5347, val_r2 0.7623, val_pearson 0.8822, lr 3.00e-04 ---
2026-09-30 23:18:43,615 - INFO - 
****************************************************************************************************
2026-09-30 23:18:45,058 - INFO - --- training epoch 144, loss 7.2694, mae 7.7505, rmse 12.0544, time elapsed(min) 0.02---
2026-09-30 23:18:45,231 - INFO - --- validation at epoch 144, val_loss 7.7060, val_mae 7.9749, val_rmse 13.4218, val_r2 0.7662, val_pearson 0.8859, lr 3.00e-04 ---
2026-09-30 23:18:45,232 - INFO - 
****************************************************************************************************
2026-09-30 23:18:46,502 - INFO - --- training epoch 145, loss 7.3317, mae 7.8115, rmse 12.0622, time elapsed(min) 0.01---
2026-09-30 23:18:46,894 - INFO - --- validation at epoch 145, val_loss 7.7636, val_mae 8.0594, val_rmse 13.4029, val_r2 0.7669, val_pearson 0.8849, lr 3.00e-04 ---
2026-09-30 23:18:46,894 - INFO - 
****************************************************************************************************
2026-09-30 23:18:48,141 - INFO - --- training epoch 146, loss 7.3552, mae 7.8348, rmse 12.1064, time elapsed(min) 0.01---
2026-09-30 23:18:48,320 - INFO - --- validation at epoch 146, val_loss 7.5162, val_mae 7.9547, val_rmse 13.3555, val_r2 0.7685, val_pearson 0.8831, lr 3.00e-04 ---
2026-09-30 23:18:48,320 - INFO - 
****************************************************************************************************
2026-09-30 23:18:49,373 - INFO - --- training epoch 147, loss 7.2033, mae 7.6838, rmse 12.0871, time elapsed(min) 0.01---
2026-09-30 23:18:49,547 - INFO - --- validation at epoch 147, val_loss 7.5813, val_mae 7.9897, val_rmse 13.4528, val_r2 0.7652, val_pearson 0.8821, lr 3.00e-04 ---
2026-09-30 23:18:49,548 - INFO - 
****************************************************************************************************
2026-09-30 23:18:50,810 - INFO - --- training epoch 148, loss 7.2498, mae 7.7316, rmse 12.0667, time elapsed(min) 0.01---
2026-09-30 23:18:50,972 - INFO - --- validation at epoch 148, val_loss 7.5480, val_mae 7.9057, val_rmse 13.4211, val_r2 0.7663, val_pearson 0.8822, lr 3.00e-04 ---
2026-09-30 23:18:50,972 - INFO - 
****************************************************************************************************
2026-09-30 23:18:52,237 - INFO - --- training epoch 149, loss 7.1766, mae 7.6577, rmse 11.9744, time elapsed(min) 0.01---
2026-09-30 23:18:52,416 - INFO - --- validation at epoch 149, val_loss 7.5782, val_mae 7.9673, val_rmse 13.4775, val_r2 0.7643, val_pearson 0.8828, lr 3.00e-04 ---
2026-09-30 23:18:52,416 - INFO - 
****************************************************************************************************
2026-09-30 23:18:53,696 - INFO - --- training epoch 150, loss 7.2583, mae 7.7401, rmse 12.1142, time elapsed(min) 0.01---
2026-09-30 23:18:54,078 - INFO - --- validation at epoch 150, val_loss 7.5958, val_mae 8.0331, val_rmse 13.5594, val_r2 0.7614, val_pearson 0.8810, lr 3.00e-04 ---
2026-09-30 23:18:54,078 - INFO - 
****************************************************************************************************
2026-09-30 23:18:55,296 - INFO - --- training epoch 151, loss 7.3670, mae 7.8505, rmse 12.1106, time elapsed(min) 0.01---
2026-09-30 23:18:55,458 - INFO - --- validation at epoch 151, val_loss 7.8652, val_mae 8.1603, val_rmse 13.6968, val_r2 0.7566, val_pearson 0.8795, lr 3.00e-04 ---
2026-09-30 23:18:55,459 - INFO - 
****************************************************************************************************
2026-09-30 23:18:56,519 - INFO - --- training epoch 152, loss 7.3535, mae 7.8351, rmse 12.0980, time elapsed(min) 0.01---
2026-09-30 23:18:56,691 - INFO - --- validation at epoch 152, val_loss 7.5019, val_mae 7.9475, val_rmse 13.5857, val_r2 0.7605, val_pearson 0.8810, lr 3.00e-04 ---
2026-09-30 23:18:56,691 - INFO - 
****************************************************************************************************
2026-09-30 23:18:57,949 - INFO - --- training epoch 153, loss 7.3078, mae 7.7878, rmse 12.1369, time elapsed(min) 0.01---
2026-09-30 23:18:58,123 - INFO - --- validation at epoch 153, val_loss 7.8116, val_mae 8.1853, val_rmse 13.9936, val_r2 0.7459, val_pearson 0.8746, lr 3.00e-04 ---
2026-09-30 23:18:58,124 - INFO - 
****************************************************************************************************
2026-09-30 23:18:59,415 - INFO - --- training epoch 154, loss 7.0271, mae 7.5060, rmse 11.8712, time elapsed(min) 0.01---
2026-09-30 23:18:59,593 - INFO - --- validation at epoch 154, val_loss 7.3385, val_mae 7.6751, val_rmse 13.1822, val_r2 0.7745, val_pearson 0.8847, lr 9.00e-05 ---
2026-09-30 23:18:59,593 - INFO - 
****************************************************************************************************
2026-09-30 23:19:00,977 - INFO - --- training epoch 155, loss 7.0143, mae 7.4909, rmse 11.8916, time elapsed(min) 0.02---
2026-09-30 23:19:01,385 - INFO - --- validation at epoch 155, val_loss 7.4444, val_mae 7.8909, val_rmse 13.3420, val_r2 0.7690, val_pearson 0.8831, lr 9.00e-05 ---
2026-09-30 23:19:01,385 - INFO - 
****************************************************************************************************
2026-09-30 23:19:02,630 - INFO - --- training epoch 156, loss 7.0733, mae 7.5516, rmse 11.9196, time elapsed(min) 0.01---
2026-09-30 23:19:02,811 - INFO - --- validation at epoch 156, val_loss 7.4071, val_mae 7.9133, val_rmse 13.4850, val_r2 0.7640, val_pearson 0.8809, lr 9.00e-05 ---
2026-09-30 23:19:02,811 - INFO - 
****************************************************************************************************
2026-09-30 23:19:03,906 - INFO - --- training epoch 157, loss 6.9888, mae 7.4680, rmse 11.8547, time elapsed(min) 0.01---
2026-09-30 23:19:04,080 - INFO - --- validation at epoch 157, val_loss 7.3756, val_mae 7.8193, val_rmse 13.4169, val_r2 0.7664, val_pearson 0.8814, lr 9.00e-05 ---
2026-09-30 23:19:04,080 - INFO - 
****************************************************************************************************
2026-09-30 23:19:05,358 - INFO - --- training epoch 158, loss 6.9960, mae 7.4772, rmse 11.8384, time elapsed(min) 0.01---
2026-09-30 23:19:05,532 - INFO - --- validation at epoch 158, val_loss 7.3468, val_mae 7.7949, val_rmse 13.4150, val_r2 0.7665, val_pearson 0.8818, lr 9.00e-05 ---
2026-09-30 23:19:05,532 - INFO - 
****************************************************************************************************
2026-09-30 23:19:06,808 - INFO - --- training epoch 159, loss 6.9254, mae 7.4061, rmse 11.7387, time elapsed(min) 0.01---
2026-09-30 23:19:07,004 - INFO - --- validation at epoch 159, val_loss 7.3142, val_mae 7.7285, val_rmse 13.3606, val_r2 0.7684, val_pearson 0.8825, lr 9.00e-05 ---
2026-09-30 23:19:07,004 - INFO - 
****************************************************************************************************
2026-09-30 23:19:08,407 - INFO - --- training epoch 160, loss 6.9076, mae 7.3840, rmse 11.7759, time elapsed(min) 0.02---
2026-09-30 23:19:08,790 - INFO - --- validation at epoch 160, val_loss 7.2947, val_mae 7.7486, val_rmse 13.4242, val_r2 0.7662, val_pearson 0.8826, lr 9.00e-05 ---
2026-09-30 23:19:08,790 - INFO - 
****************************************************************************************************
2026-09-30 23:19:10,093 - INFO - --- training epoch 161, loss 7.0023, mae 7.4814, rmse 11.8871, time elapsed(min) 0.01---
2026-09-30 23:19:10,264 - INFO - --- validation at epoch 161, val_loss 7.1995, val_mae 7.7136, val_rmse 13.3693, val_r2 0.7681, val_pearson 0.8834, lr 9.00e-05 ---
2026-09-30 23:19:10,264 - INFO - 
****************************************************************************************************
2026-09-30 23:19:11,415 - INFO - --- training epoch 162, loss 7.0296, mae 7.5111, rmse 11.8866, time elapsed(min) 0.01---
2026-09-30 23:19:11,587 - INFO - --- validation at epoch 162, val_loss 7.2915, val_mae 7.7882, val_rmse 13.4352, val_r2 0.7658, val_pearson 0.8834, lr 9.00e-05 ---
2026-09-30 23:19:11,587 - INFO - 
****************************************************************************************************
2026-09-30 23:19:12,846 - INFO - --- training epoch 163, loss 6.9988, mae 7.4768, rmse 11.8283, time elapsed(min) 0.01---
2026-09-30 23:19:13,018 - INFO - --- validation at epoch 163, val_loss 7.2229, val_mae 7.7034, val_rmse 13.3534, val_r2 0.7686, val_pearson 0.8834, lr 9.00e-05 ---
2026-09-30 23:19:13,018 - INFO - 
****************************************************************************************************
2026-09-30 23:19:14,315 - INFO - --- training epoch 164, loss 6.9673, mae 7.4449, rmse 11.7690, time elapsed(min) 0.01---
2026-09-30 23:19:14,476 - INFO - --- validation at epoch 164, val_loss 7.3332, val_mae 7.7655, val_rmse 13.3424, val_r2 0.7690, val_pearson 0.8829, lr 9.00e-05 ---
2026-09-30 23:19:14,476 - INFO - 
****************************************************************************************************
2026-09-30 23:19:15,770 - INFO - --- training epoch 165, loss 6.9006, mae 7.3787, rmse 11.7980, time elapsed(min) 0.01---
2026-09-30 23:19:16,298 - INFO - --- validation at epoch 165, val_loss 7.2985, val_mae 7.6752, val_rmse 13.2944, val_r2 0.7707, val_pearson 0.8846, lr 9.00e-05 ---
2026-09-30 23:19:16,299 - INFO - 
****************************************************************************************************
2026-09-30 23:19:17,390 - INFO - --- training epoch 166, loss 6.9106, mae 7.3921, rmse 11.7647, time elapsed(min) 0.01---
2026-09-30 23:19:17,565 - INFO - --- validation at epoch 166, val_loss 7.2028, val_mae 7.5897, val_rmse 13.2442, val_r2 0.7724, val_pearson 0.8854, lr 9.00e-05 ---
2026-09-30 23:19:17,565 - INFO - 
****************************************************************************************************
2026-09-30 23:19:18,628 - INFO - --- training epoch 167, loss 6.8121, mae 7.2927, rmse 11.6620, time elapsed(min) 0.01---
2026-09-30 23:19:18,807 - INFO - --- validation at epoch 167, val_loss 7.3294, val_mae 7.7383, val_rmse 13.3689, val_r2 0.7681, val_pearson 0.8822, lr 9.00e-05 ---
2026-09-30 23:19:18,807 - INFO - 
****************************************************************************************************
2026-09-30 23:19:20,081 - INFO - --- training epoch 168, loss 6.8350, mae 7.3141, rmse 11.6236, time elapsed(min) 0.01---
2026-09-30 23:19:20,249 - INFO - --- validation at epoch 168, val_loss 7.3433, val_mae 7.8168, val_rmse 13.4920, val_r2 0.7638, val_pearson 0.8808, lr 9.00e-05 ---
2026-09-30 23:19:20,249 - INFO - 
****************************************************************************************************
2026-09-30 23:19:21,527 - INFO - --- training epoch 169, loss 6.8506, mae 7.3287, rmse 11.7127, time elapsed(min) 0.01---
2026-09-30 23:19:21,702 - INFO - --- validation at epoch 169, val_loss 7.3362, val_mae 7.7842, val_rmse 13.4883, val_r2 0.7639, val_pearson 0.8816, lr 9.00e-05 ---
2026-09-30 23:19:21,702 - INFO - 
****************************************************************************************************
2026-09-30 23:19:22,983 - INFO - --- training epoch 170, loss 6.8797, mae 7.3579, rmse 11.7195, time elapsed(min) 0.01---
2026-09-30 23:19:23,375 - INFO - --- validation at epoch 170, val_loss 7.2301, val_mae 7.6634, val_rmse 13.2896, val_r2 0.7708, val_pearson 0.8831, lr 9.00e-05 ---
2026-09-30 23:19:23,375 - INFO - 
****************************************************************************************************
2026-09-30 23:19:24,595 - INFO - --- training epoch 171, loss 6.9210, mae 7.4006, rmse 11.8215, time elapsed(min) 0.01---
2026-09-30 23:19:24,754 - INFO - --- validation at epoch 171, val_loss 7.2209, val_mae 7.6251, val_rmse 13.2699, val_r2 0.7715, val_pearson 0.8845, lr 9.00e-05 ---
2026-09-30 23:19:24,755 - INFO - 
****************************************************************************************************
2026-09-30 23:19:25,847 - INFO - --- training epoch 172, loss 6.8360, mae 7.3127, rmse 11.7236, time elapsed(min) 0.01---
2026-09-30 23:19:26,012 - INFO - --- validation at epoch 172, val_loss 7.2402, val_mae 7.6559, val_rmse 13.2631, val_r2 0.7717, val_pearson 0.8850, lr 9.00e-05 ---
2026-09-30 23:19:26,012 - INFO - 
****************************************************************************************************
2026-09-30 23:19:27,285 - INFO - --- training epoch 173, loss 6.7729, mae 7.2505, rmse 11.6397, time elapsed(min) 0.01---
2026-09-30 23:19:27,444 - INFO - --- validation at epoch 173, val_loss 7.2164, val_mae 7.5949, val_rmse 13.1638, val_r2 0.7751, val_pearson 0.8854, lr 2.70e-05 ---
2026-09-30 23:19:27,444 - INFO - 
****************************************************************************************************
2026-09-30 23:19:28,747 - INFO - --- training epoch 174, loss 6.8178, mae 7.2960, rmse 11.7078, time elapsed(min) 0.01---
2026-09-30 23:19:28,907 - INFO - --- validation at epoch 174, val_loss 7.1800, val_mae 7.5658, val_rmse 13.1765, val_r2 0.7747, val_pearson 0.8854, lr 2.70e-05 ---
2026-09-30 23:19:28,907 - INFO - 
****************************************************************************************************
2026-09-30 23:19:30,283 - INFO - --- training epoch 175, loss 6.8173, mae 7.2932, rmse 11.6890, time elapsed(min) 0.01---
2026-09-30 23:19:30,668 - INFO - --- validation at epoch 175, val_loss 7.1921, val_mae 7.5643, val_rmse 13.1900, val_r2 0.7742, val_pearson 0.8849, lr 2.70e-05 ---
2026-09-30 23:19:30,668 - INFO - 
****************************************************************************************************
2026-09-30 23:19:31,914 - INFO - --- training epoch 176, loss 6.8619, mae 7.3414, rmse 11.7503, time elapsed(min) 0.01---
2026-09-30 23:19:32,077 - INFO - --- validation at epoch 176, val_loss 7.1987, val_mae 7.5889, val_rmse 13.2248, val_r2 0.7730, val_pearson 0.8847, lr 2.70e-05 ---
2026-09-30 23:19:32,077 - INFO - 
****************************************************************************************************
2026-09-30 23:19:33,156 - INFO - --- training epoch 177, loss 6.8554, mae 7.3338, rmse 11.7504, time elapsed(min) 0.01---
2026-09-30 23:19:33,322 - INFO - --- validation at epoch 177, val_loss 7.1698, val_mae 7.5657, val_rmse 13.2072, val_r2 0.7737, val_pearson 0.8850, lr 2.70e-05 ---
2026-09-30 23:19:33,322 - INFO - 
****************************************************************************************************
2026-09-30 23:19:34,676 - INFO - --- training epoch 178, loss 6.8093, mae 7.2897, rmse 11.7160, time elapsed(min) 0.01---
2026-09-30 23:19:34,858 - INFO - --- validation at epoch 178, val_loss 7.1985, val_mae 7.5923, val_rmse 13.2357, val_r2 0.7727, val_pearson 0.8845, lr 2.70e-05 ---
2026-09-30 23:19:34,858 - INFO - 
****************************************************************************************************
2026-09-30 23:19:36,143 - INFO - --- training epoch 179, loss 6.8144, mae 7.2909, rmse 11.6900, time elapsed(min) 0.01---
2026-09-30 23:19:36,319 - INFO - --- validation at epoch 179, val_loss 7.2111, val_mae 7.5839, val_rmse 13.1852, val_r2 0.7744, val_pearson 0.8850, lr 2.70e-05 ---
2026-09-30 23:19:36,319 - INFO - 
****************************************************************************************************
2026-09-30 23:19:37,601 - INFO - --- training epoch 180, loss 6.8247, mae 7.3023, rmse 11.7734, time elapsed(min) 0.01---
2026-09-30 23:19:38,000 - INFO - --- validation at epoch 180, val_loss 7.2442, val_mae 7.6255, val_rmse 13.2268, val_r2 0.7730, val_pearson 0.8849, lr 2.70e-05 ---
2026-09-30 23:19:38,000 - INFO - 
****************************************************************************************************
2026-09-30 23:19:39,224 - INFO - --- training epoch 181, loss 6.8289, mae 7.3069, rmse 11.7326, time elapsed(min) 0.01---
2026-09-30 23:19:39,386 - INFO - --- validation at epoch 181, val_loss 7.2555, val_mae 7.6376, val_rmse 13.2479, val_r2 0.7723, val_pearson 0.8847, lr 2.70e-05 ---
2026-09-30 23:19:39,386 - INFO - 
****************************************************************************************************
2026-09-30 23:19:40,638 - INFO - --- training epoch 182, loss 6.8628, mae 7.3420, rmse 11.8727, time elapsed(min) 0.01---
2026-09-30 23:19:40,814 - INFO - --- validation at epoch 182, val_loss 7.2828, val_mae 7.6342, val_rmse 13.2507, val_r2 0.7722, val_pearson 0.8838, lr 2.70e-05 ---
2026-09-30 23:19:40,814 - INFO - 
****************************************************************************************************
2026-09-30 23:19:42,204 - INFO - --- training epoch 183, loss 6.8268, mae 7.3055, rmse 11.7861, time elapsed(min) 0.02---
2026-09-30 23:19:42,385 - INFO - --- validation at epoch 183, val_loss 7.2405, val_mae 7.5811, val_rmse 13.1301, val_r2 0.7763, val_pearson 0.8857, lr 2.70e-05 ---
2026-09-30 23:19:42,385 - INFO - 
****************************************************************************************************
2026-09-30 23:19:43,666 - INFO - --- training epoch 184, loss 6.8033, mae 7.2844, rmse 11.6852, time elapsed(min) 0.01---
2026-09-30 23:19:43,818 - INFO - --- validation at epoch 184, val_loss 7.2193, val_mae 7.5754, val_rmse 13.1092, val_r2 0.7770, val_pearson 0.8867, lr 2.70e-05 ---
2026-09-30 23:19:43,818 - INFO - 
****************************************************************************************************
2026-09-30 23:19:45,235 - INFO - --- training epoch 185, loss 6.7283, mae 7.2052, rmse 11.6242, time elapsed(min) 0.02---
2026-09-30 23:19:45,389 - INFO - --- validation at epoch 185, val_loss 7.1945, val_mae 7.5451, val_rmse 13.0896, val_r2 0.7777, val_pearson 0.8868, lr 2.70e-05 ---
2026-09-30 23:19:45,390 - INFO - 
****************************************************************************************************
2026-09-30 23:19:46,457 - INFO - --- training epoch 186, loss 6.8192, mae 7.2983, rmse 11.6095, time elapsed(min) 0.01---
2026-09-30 23:19:46,612 - INFO - --- validation at epoch 186, val_loss 7.1825, val_mae 7.5158, val_rmse 13.0411, val_r2 0.7793, val_pearson 0.8869, lr 2.70e-05 ---
2026-09-30 23:19:46,613 - INFO - 
****************************************************************************************************
2026-09-30 23:19:47,816 - INFO - --- training epoch 187, loss 6.7798, mae 7.2535, rmse 11.6941, time elapsed(min) 0.01---
2026-09-30 23:19:47,996 - INFO - --- validation at epoch 187, val_loss 7.2283, val_mae 7.5802, val_rmse 13.1283, val_r2 0.7763, val_pearson 0.8860, lr 2.70e-05 ---
2026-09-30 23:19:47,996 - INFO - 
****************************************************************************************************
2026-09-30 23:19:49,243 - INFO - --- training epoch 188, loss 6.7587, mae 7.2371, rmse 11.6160, time elapsed(min) 0.01---
2026-09-30 23:19:49,409 - INFO - --- validation at epoch 188, val_loss 7.2438, val_mae 7.6177, val_rmse 13.1698, val_r2 0.7749, val_pearson 0.8854, lr 2.70e-05 ---
2026-09-30 23:19:49,409 - INFO - 
****************************************************************************************************
2026-09-30 23:19:50,681 - INFO - --- training epoch 189, loss 6.7823, mae 7.2611, rmse 11.6199, time elapsed(min) 0.01---
2026-09-30 23:19:50,854 - INFO - --- validation at epoch 189, val_loss 7.2295, val_mae 7.5885, val_rmse 13.1366, val_r2 0.7761, val_pearson 0.8857, lr 8.10e-06 ---
2026-09-30 23:19:50,855 - INFO - 
****************************************************************************************************
2026-09-30 23:19:52,127 - INFO - --- training epoch 190, loss 6.7467, mae 7.2256, rmse 11.5902, time elapsed(min) 0.01---
2026-09-30 23:19:52,536 - INFO - --- validation at epoch 190, val_loss 7.2262, val_mae 7.5806, val_rmse 13.1230, val_r2 0.7765, val_pearson 0.8858, lr 8.10e-06 ---
2026-09-30 23:19:52,536 - INFO - 
****************************************************************************************************
2026-09-30 23:19:53,735 - INFO - --- training epoch 191, loss 6.7535, mae 7.2337, rmse 11.5962, time elapsed(min) 0.01---
2026-09-30 23:19:53,902 - INFO - --- validation at epoch 191, val_loss 7.2159, val_mae 7.5705, val_rmse 13.1077, val_r2 0.7770, val_pearson 0.8860, lr 8.10e-06 ---
2026-09-30 23:19:53,902 - INFO - 
****************************************************************************************************
2026-09-30 23:19:54,961 - INFO - --- training epoch 192, loss 6.7785, mae 7.2558, rmse 11.5889, time elapsed(min) 0.01---
2026-09-30 23:19:55,135 - INFO - --- validation at epoch 192, val_loss 7.2072, val_mae 7.5654, val_rmse 13.1215, val_r2 0.7766, val_pearson 0.8859, lr 8.10e-06 ---
2026-09-30 23:19:55,135 - INFO - 
****************************************************************************************************
2026-09-30 23:19:56,412 - INFO - --- training epoch 193, loss 6.6763, mae 7.1539, rmse 11.5264, time elapsed(min) 0.01---
2026-09-30 23:19:56,577 - INFO - --- validation at epoch 193, val_loss 7.2106, val_mae 7.5723, val_rmse 13.1433, val_r2 0.7758, val_pearson 0.8858, lr 8.10e-06 ---
2026-09-30 23:19:56,577 - INFO - 
****************************************************************************************************
2026-09-30 23:19:57,999 - INFO - --- training epoch 194, loss 6.7595, mae 7.2398, rmse 11.6196, time elapsed(min) 0.02---
2026-09-30 23:19:58,171 - INFO - --- validation at epoch 194, val_loss 7.2112, val_mae 7.5649, val_rmse 13.1280, val_r2 0.7764, val_pearson 0.8858, lr 8.10e-06 ---
2026-09-30 23:19:58,171 - INFO - 
****************************************************************************************************
2026-09-30 23:19:59,502 - INFO - --- training epoch 195, loss 6.7666, mae 7.2431, rmse 11.6584, time elapsed(min) 0.02---
2026-09-30 23:19:59,888 - INFO - --- validation at epoch 195, val_loss 7.2055, val_mae 7.5552, val_rmse 13.1201, val_r2 0.7766, val_pearson 0.8858, lr 8.10e-06 ---
2026-09-30 23:19:59,888 - INFO - 
****************************************************************************************************
2026-09-30 23:20:01,147 - INFO - --- training epoch 196, loss 6.7077, mae 7.1857, rmse 11.5372, time elapsed(min) 0.01---
2026-09-30 23:20:01,306 - INFO - --- validation at epoch 196, val_loss 7.1944, val_mae 7.5511, val_rmse 13.1142, val_r2 0.7768, val_pearson 0.8860, lr 8.10e-06 ---
2026-09-30 23:20:01,306 - INFO - 
****************************************************************************************************
2026-09-30 23:20:02,383 - INFO - --- training epoch 197, loss 6.7359, mae 7.2145, rmse 11.6331, time elapsed(min) 0.01---
2026-09-30 23:20:02,554 - INFO - --- validation at epoch 197, val_loss 7.1968, val_mae 7.5549, val_rmse 13.1193, val_r2 0.7767, val_pearson 0.8858, lr 8.10e-06 ---
2026-09-30 23:20:02,554 - INFO - 
****************************************************************************************************
2026-09-30 23:20:03,825 - INFO - --- training epoch 198, loss 6.7459, mae 7.2254, rmse 11.5522, time elapsed(min) 0.01---
2026-09-30 23:20:03,981 - INFO - --- validation at epoch 198, val_loss 7.2044, val_mae 7.5645, val_rmse 13.1292, val_r2 0.7763, val_pearson 0.8858, lr 8.10e-06 ---
2026-09-30 23:20:03,982 - INFO - 
****************************************************************************************************
2026-09-30 23:20:05,256 - INFO - --- training epoch 199, loss 6.7660, mae 7.2425, rmse 11.7127, time elapsed(min) 0.01---
2026-09-30 23:20:05,422 - INFO - --- validation at epoch 199, val_loss 7.2063, val_mae 7.5706, val_rmse 13.1432, val_r2 0.7758, val_pearson 0.8856, lr 8.10e-06 ---
2026-09-30 23:20:05,422 - INFO - 
****************************************************************************************************
2026-09-30 23:20:06,736 - INFO - --- training epoch 200, loss 6.7526, mae 7.2289, rmse 11.6243, time elapsed(min) 0.02---
2026-09-30 23:20:07,094 - INFO - --- validation at epoch 200, val_loss 7.1990, val_mae 7.5601, val_rmse 13.1312, val_r2 0.7763, val_pearson 0.8857, lr 2.43e-06 ---
2026-09-30 23:20:07,094 - INFO - 
****************************************************************************************************
2026-09-30 23:20:08,327 - INFO - --- training epoch 201, loss 6.7090, mae 7.1828, rmse 11.5809, time elapsed(min) 0.01---
2026-09-30 23:20:08,491 - INFO - --- validation at epoch 201, val_loss 7.1955, val_mae 7.5538, val_rmse 13.1261, val_r2 0.7764, val_pearson 0.8858, lr 2.43e-06 ---
2026-09-30 23:20:08,491 - INFO - 
****************************************************************************************************
2026-09-30 23:20:09,565 - INFO - --- training epoch 202, loss 6.7846, mae 7.2634, rmse 11.6452, time elapsed(min) 0.01---
2026-09-30 23:20:09,728 - INFO - --- validation at epoch 202, val_loss 7.1916, val_mae 7.5469, val_rmse 13.1206, val_r2 0.7766, val_pearson 0.8858, lr 2.43e-06 ---
2026-09-30 23:20:09,728 - INFO - 
****************************************************************************************************
2026-09-30 23:20:11,127 - INFO - --- training epoch 203, loss 6.7670, mae 7.2445, rmse 11.6708, time elapsed(min) 0.02---
2026-09-30 23:20:11,300 - INFO - --- validation at epoch 203, val_loss 7.1888, val_mae 7.5456, val_rmse 13.1174, val_r2 0.7767, val_pearson 0.8859, lr 2.43e-06 ---
2026-09-30 23:20:11,300 - INFO - 
****************************************************************************************************
2026-09-30 23:20:12,693 - INFO - --- training epoch 204, loss 6.8150, mae 7.2904, rmse 11.7283, time elapsed(min) 0.02---
2026-09-30 23:20:12,858 - INFO - --- validation at epoch 204, val_loss 7.1936, val_mae 7.5548, val_rmse 13.1277, val_r2 0.7764, val_pearson 0.8858, lr 2.43e-06 ---
2026-09-30 23:20:12,858 - INFO - 
****************************************************************************************************
2026-09-30 23:20:14,182 - INFO - --- training epoch 205, loss 6.7532, mae 7.2310, rmse 11.6573, time elapsed(min) 0.02---
2026-09-30 23:20:14,569 - INFO - --- validation at epoch 205, val_loss 7.1936, val_mae 7.5545, val_rmse 13.1244, val_r2 0.7765, val_pearson 0.8858, lr 2.43e-06 ---
2026-09-30 23:20:14,569 - INFO - 
****************************************************************************************************
2026-09-30 23:20:15,804 - INFO - --- training epoch 206, loss 6.7969, mae 7.2753, rmse 11.6718, time elapsed(min) 0.01---
2026-09-30 23:20:15,974 - INFO - --- validation at epoch 206, val_loss 7.1917, val_mae 7.5520, val_rmse 13.1211, val_r2 0.7766, val_pearson 0.8859, lr 2.43e-06 ---
2026-09-30 23:20:15,974 - INFO - 
****************************************************************************************************
2026-09-30 23:20:17,056 - INFO - --- training epoch 207, loss 6.7601, mae 7.2396, rmse 11.6275, time elapsed(min) 0.01---
2026-09-30 23:20:17,216 - INFO - --- validation at epoch 207, val_loss 7.1928, val_mae 7.5526, val_rmse 13.1217, val_r2 0.7766, val_pearson 0.8858, lr 2.43e-06 ---
2026-09-30 23:20:17,216 - INFO - 
****************************************************************************************************
2026-09-30 23:20:18,494 - INFO - --- training epoch 208, loss 6.7444, mae 7.2201, rmse 11.7337, time elapsed(min) 0.01---
2026-09-30 23:20:18,662 - INFO - --- validation at epoch 208, val_loss 7.1924, val_mae 7.5515, val_rmse 13.1184, val_r2 0.7767, val_pearson 0.8858, lr 2.43e-06 ---
2026-09-30 23:20:18,663 - INFO - 
****************************************************************************************************
2026-09-30 23:20:19,939 - INFO - --- training epoch 209, loss 6.8213, mae 7.3008, rmse 11.6507, time elapsed(min) 0.01---
2026-09-30 23:20:20,106 - INFO - --- validation at epoch 209, val_loss 7.1936, val_mae 7.5508, val_rmse 13.1168, val_r2 0.7767, val_pearson 0.8859, lr 2.43e-06 ---
2026-09-30 23:20:20,106 - INFO - 
****************************************************************************************************
2026-09-30 23:20:21,404 - INFO - --- training epoch 210, loss 6.6816, mae 7.1577, rmse 11.5759, time elapsed(min) 0.01---
2026-09-30 23:20:21,826 - INFO - --- validation at epoch 210, val_loss 7.1964, val_mae 7.5484, val_rmse 13.1131, val_r2 0.7769, val_pearson 0.8860, lr 2.43e-06 ---
2026-09-30 23:20:21,826 - INFO - 
****************************************************************************************************
2026-09-30 23:20:23,065 - INFO - --- training epoch 211, loss 6.7736, mae 7.2517, rmse 11.6088, time elapsed(min) 0.01---
2026-09-30 23:20:23,231 - INFO - --- validation at epoch 211, val_loss 7.1972, val_mae 7.5500, val_rmse 13.1149, val_r2 0.7768, val_pearson 0.8859, lr 1.00e-06 ---
2026-09-30 23:20:23,232 - INFO - 
****************************************************************************************************
2026-09-30 23:20:24,323 - INFO - --- training epoch 212, loss 6.7289, mae 7.2048, rmse 11.6034, time elapsed(min) 0.01---
2026-09-30 23:20:24,498 - INFO - --- validation at epoch 212, val_loss 7.1984, val_mae 7.5532, val_rmse 13.1182, val_r2 0.7767, val_pearson 0.8859, lr 1.00e-06 ---
2026-09-30 23:20:24,499 - INFO - 
****************************************************************************************************
2026-09-30 23:20:25,769 - INFO - --- training epoch 213, loss 6.7935, mae 7.2713, rmse 11.5874, time elapsed(min) 0.01---
2026-09-30 23:20:25,936 - INFO - --- validation at epoch 213, val_loss 7.1983, val_mae 7.5522, val_rmse 13.1174, val_r2 0.7767, val_pearson 0.8859, lr 1.00e-06 ---
2026-09-30 23:20:25,937 - INFO - 
****************************************************************************************************
2026-09-30 23:20:27,209 - INFO - --- training epoch 214, loss 6.7430, mae 7.2183, rmse 11.5632, time elapsed(min) 0.01---
2026-09-30 23:20:27,366 - INFO - --- validation at epoch 214, val_loss 7.1993, val_mae 7.5526, val_rmse 13.1189, val_r2 0.7767, val_pearson 0.8859, lr 1.00e-06 ---
2026-09-30 23:20:27,366 - INFO - 
****************************************************************************************************
2026-09-30 23:20:28,640 - INFO - --- training epoch 215, loss 6.7092, mae 7.1874, rmse 11.5919, time elapsed(min) 0.01---
2026-09-30 23:20:28,802 - INFO - --- validation at epoch 215, val_loss 7.1998, val_mae 7.5524, val_rmse 13.1198, val_r2 0.7766, val_pearson 0.8859, lr 1.00e-06 ---
2026-09-30 23:20:28,802 - INFO - 
****************************************************************************************************
2026-09-30 23:20:30,038 - INFO - --- training epoch 216, loss 6.6686, mae 7.1462, rmse 11.6080, time elapsed(min) 0.01---
2026-09-30 23:20:30,204 - INFO - --- validation at epoch 216, val_loss 7.2003, val_mae 7.5547, val_rmse 13.1224, val_r2 0.7766, val_pearson 0.8859, lr 1.00e-06 ---
2026-09-30 23:20:30,204 - INFO - 
****************************************************************************************************
2026-09-30 23:20:31,302 - INFO - --- training epoch 217, loss 6.7300, mae 7.2053, rmse 11.6167, time elapsed(min) 0.01---
2026-09-30 23:20:31,473 - INFO - --- validation at epoch 217, val_loss 7.1978, val_mae 7.5527, val_rmse 13.1210, val_r2 0.7766, val_pearson 0.8859, lr 1.00e-06 ---
2026-09-30 23:20:31,474 - INFO - 
****************************************************************************************************
2026-09-30 23:20:32,528 - INFO - --- training epoch 218, loss 6.8095, mae 7.2862, rmse 11.6932, time elapsed(min) 0.01---
2026-09-30 23:20:32,696 - INFO - --- validation at epoch 218, val_loss 7.1985, val_mae 7.5532, val_rmse 13.1214, val_r2 0.7766, val_pearson 0.8859, lr 1.00e-06 ---
2026-09-30 23:20:32,696 - INFO - 
****************************************************************************************************
2026-09-30 23:20:33,977 - INFO - --- training epoch 219, loss 6.7260, mae 7.2048, rmse 11.5420, time elapsed(min) 0.01---
2026-09-30 23:20:34,146 - INFO - --- validation at epoch 219, val_loss 7.1988, val_mae 7.5546, val_rmse 13.1225, val_r2 0.7765, val_pearson 0.8859, lr 1.00e-06 ---
2026-09-30 23:20:34,146 - INFO - 
****************************************************************************************************
2026-09-30 23:20:35,452 - INFO - --- training epoch 220, loss 6.6981, mae 7.1755, rmse 11.6119, time elapsed(min) 0.02---
2026-09-30 23:20:35,615 - INFO - --- validation at epoch 220, val_loss 7.1976, val_mae 7.5537, val_rmse 13.1229, val_r2 0.7765, val_pearson 0.8859, lr 1.00e-06 ---
2026-09-30 23:20:35,615 - INFO - 
****************************************************************************************************
2026-09-30 23:20:36,840 - INFO - --- training epoch 221, loss 6.7346, mae 7.2145, rmse 11.6194, time elapsed(min) 0.01---
2026-09-30 23:20:37,027 - INFO - --- validation at epoch 221, val_loss 7.1949, val_mae 7.5504, val_rmse 13.1197, val_r2 0.7766, val_pearson 0.8859, lr 1.00e-06 ---
2026-09-30 23:20:37,027 - INFO - 
****************************************************************************************************
2026-09-30 23:20:38,117 - INFO - --- training epoch 222, loss 6.8019, mae 7.2797, rmse 11.6662, time elapsed(min) 0.01---
2026-09-30 23:20:38,297 - INFO - --- validation at epoch 222, val_loss 7.1948, val_mae 7.5508, val_rmse 13.1208, val_r2 0.7766, val_pearson 0.8859, lr 1.00e-06 ---
2026-09-30 23:20:38,297 - INFO - 
****************************************************************************************************
2026-09-30 23:20:39,363 - INFO - --- training epoch 223, loss 6.7776, mae 7.2555, rmse 11.7091, time elapsed(min) 0.01---
2026-09-30 23:20:39,551 - INFO - --- validation at epoch 223, val_loss 7.1938, val_mae 7.5495, val_rmse 13.1194, val_r2 0.7767, val_pearson 0.8859, lr 1.00e-06 ---
2026-09-30 23:20:39,551 - INFO - 
****************************************************************************************************
2026-09-30 23:20:40,834 - INFO - --- training epoch 224, loss 6.7267, mae 7.2046, rmse 11.5853, time elapsed(min) 0.01---
2026-09-30 23:20:40,995 - INFO - --- validation at epoch 224, val_loss 7.1925, val_mae 7.5479, val_rmse 13.1173, val_r2 0.7767, val_pearson 0.8859, lr 1.00e-06 ---
2026-09-30 23:20:40,995 - INFO - 
****************************************************************************************************
2026-09-30 23:20:42,278 - INFO - --- training epoch 225, loss 6.6936, mae 7.1691, rmse 11.6350, time elapsed(min) 0.01---
2026-09-30 23:20:42,450 - INFO - --- validation at epoch 225, val_loss 7.1927, val_mae 7.5484, val_rmse 13.1184, val_r2 0.7767, val_pearson 0.8859, lr 1.00e-06 ---
2026-09-30 23:20:42,450 - INFO - 
****************************************************************************************************
2026-09-30 23:20:43,692 - INFO - --- training epoch 226, loss 6.6884, mae 7.1635, rmse 11.5960, time elapsed(min) 0.01---
2026-09-30 23:20:43,862 - INFO - --- validation at epoch 226, val_loss 7.1938, val_mae 7.5507, val_rmse 13.1208, val_r2 0.7766, val_pearson 0.8859, lr 1.00e-06 ---
2026-09-30 23:20:43,863 - INFO - 
****************************************************************************************************
2026-09-30 23:20:44,945 - INFO - --- training epoch 227, loss 6.7729, mae 7.2508, rmse 11.6271, time elapsed(min) 0.01---
2026-09-30 23:20:45,109 - INFO - --- validation at epoch 227, val_loss 7.1940, val_mae 7.5511, val_rmse 13.1217, val_r2 0.7766, val_pearson 0.8859, lr 1.00e-06 ---
2026-09-30 23:20:45,109 - INFO - 
****************************************************************************************************
2026-09-30 23:20:45,515 - INFO - --- early stopping at epoch 227: val_loss did not improve for 50 epochs ---
2026-09-30 23:20:45,721 - INFO - --- selected checkpoint from epoch 177, val_loss 7.1698, val_mae 7.5657, val_rmse 13.2072
2026-09-30 23:20:46,199 - INFO - -- RESULT
2026-09-30 23:20:46,199 - INFO - --- test size: 1187
2026-09-30 23:20:46,199 - INFO - --- MAE: 7.0146 pp, RMSE: 10.8395 pp, R2: 0.8416, Pearson: 0.9180
2026-09-30 23:20:47,492 - INFO - --- Buchwald-Hartwig | fullcv07_split70 | approach_3: test R2 0.8416 MAE 7.0146 RMSE 10.8395 | 329.7s (1.4s/epoch)
2026-09-30 23:20:47,505 - INFO - --- Buchwald-Hartwig | fullcv07_split70 | approach 2 (comb/mlp) (comb/mlp)
