2026-10-01 11:00:40,401 - INFO - device is	cuda:0
2026-10-01 11:00:40,521 - INFO - -- CONFIGURATIONS
2026-10-01 11:00:40,521 - INFO - --- train/valid/test: 3628/404/1728
2026-10-01 11:00:40,521 - INFO - --- max no. reactants_train, valid, test respectively: 14, 14, 14
2026-10-01 11:00:40,521 - INFO - --- max no. products_train, valid, test respectively: 1, 1, 1
2026-10-01 11:00:40,521 - INFO - --- model_path: ../logs/approach2_grid_suzuki/e400/runs/Suzuki-Miyaura_split_7_approach_2/model.pt
2026-10-01 11:00:40,529 - INFO - -- TRAINING
2026-10-01 11:00:42,190 - INFO - --- training epoch 0, loss 0.9337, mae 1.2261, rmse 3.1081, time elapsed(min) 0.03---
2026-10-01 11:00:42,597 - INFO - --- validation at epoch 0, val_loss 0.0418, val_mae 0.2580, val_rmse 0.2949, val_r2 -0.2251, val_pearson -0.0276, lr 1.00e-03 ---
2026-10-01 11:00:42,597 - INFO - 
****************************************************************************************************
2026-10-01 11:00:44,618 - INFO - --- training epoch 1, loss 0.0424, mae 0.2515, rmse 0.2913, time elapsed(min) 0.03---
2026-10-01 11:00:44,853 - INFO - --- validation at epoch 1, val_loss 0.0357, val_mae 0.2378, val_rmse 0.2699, val_r2 -0.0265, val_pearson 0.2404, lr 1.00e-03 ---
2026-10-01 11:00:44,853 - INFO - 
****************************************************************************************************
2026-10-01 11:00:46,803 - INFO - --- training epoch 2, loss 0.0403, mae 0.2457, rmse 0.2838, time elapsed(min) 0.03---
2026-10-01 11:00:47,034 - INFO - --- validation at epoch 2, val_loss 0.0339, val_mae 0.2247, val_rmse 0.2597, val_r2 0.0498, val_pearson 0.2550, lr 1.00e-03 ---
2026-10-01 11:00:47,034 - INFO - 
****************************************************************************************************
2026-10-01 11:00:48,948 - INFO - --- training epoch 3, loss 0.0394, mae 0.2413, rmse 0.2807, time elapsed(min) 0.03---
2026-10-01 11:00:49,361 - INFO - --- validation at epoch 3, val_loss 0.0342, val_mae 0.2214, val_rmse 0.2593, val_r2 0.0526, val_pearson 0.2331, lr 1.00e-03 ---
2026-10-01 11:00:49,362 - INFO - 
****************************************************************************************************
2026-10-01 11:00:51,427 - INFO - --- training epoch 4, loss 0.0406, mae 0.2436, rmse 0.2849, time elapsed(min) 0.03---
2026-10-01 11:00:51,664 - INFO - --- validation at epoch 4, val_loss 0.0361, val_mae 0.2373, val_rmse 0.2715, val_r2 -0.0387, val_pearson 0.2516, lr 1.00e-03 ---
2026-10-01 11:00:51,664 - INFO - 
****************************************************************************************************
2026-10-01 11:00:53,559 - INFO - --- training epoch 5, loss 0.0377, mae 0.2359, rmse 0.2746, time elapsed(min) 0.03---
2026-10-01 11:00:53,789 - INFO - --- validation at epoch 5, val_loss 0.0327, val_mae 0.2158, val_rmse 0.2546, val_r2 0.0864, val_pearson 0.2944, lr 1.00e-03 ---
2026-10-01 11:00:53,789 - INFO - 
****************************************************************************************************
2026-10-01 11:00:55,674 - INFO - --- training epoch 6, loss 0.0379, mae 0.2369, rmse 0.2752, time elapsed(min) 0.03---
2026-10-01 11:00:55,902 - INFO - --- validation at epoch 6, val_loss 0.0315, val_mae 0.2136, val_rmse 0.2514, val_r2 0.1094, val_pearson 0.3323, lr 1.00e-03 ---
2026-10-01 11:00:55,902 - INFO - 
****************************************************************************************************
2026-10-01 11:00:57,920 - INFO - --- training epoch 7, loss 0.0359, mae 0.2283, rmse 0.2681, time elapsed(min) 0.03---
2026-10-01 11:00:58,320 - INFO - --- validation at epoch 7, val_loss 0.0294, val_mae 0.2013, val_rmse 0.2460, val_r2 0.1472, val_pearson 0.4082, lr 1.00e-03 ---
2026-10-01 11:00:58,320 - INFO - 
****************************************************************************************************
2026-10-01 11:01:00,388 - INFO - --- training epoch 8, loss 0.0357, mae 0.2238, rmse 0.2671, time elapsed(min) 0.03---
2026-10-01 11:01:00,626 - INFO - --- validation at epoch 8, val_loss 0.0299, val_mae 0.2104, val_rmse 0.2518, val_r2 0.1066, val_pearson 0.3915, lr 1.00e-03 ---
2026-10-01 11:01:00,626 - INFO - 
****************************************************************************************************
2026-10-01 11:01:02,473 - INFO - --- training epoch 9, loss 0.0343, mae 0.2200, rmse 0.2620, time elapsed(min) 0.03---
2026-10-01 11:01:02,707 - INFO - --- validation at epoch 9, val_loss 0.0307, val_mae 0.2115, val_rmse 0.2541, val_r2 0.0905, val_pearson 0.4014, lr 1.00e-03 ---
2026-10-01 11:01:02,707 - INFO - 
****************************************************************************************************
2026-10-01 11:01:04,559 - INFO - --- training epoch 10, loss 0.0337, mae 0.2178, rmse 0.2597, time elapsed(min) 0.03---
2026-10-01 11:01:04,957 - INFO - --- validation at epoch 10, val_loss 0.0291, val_mae 0.2062, val_rmse 0.2470, val_r2 0.1406, val_pearson 0.3996, lr 1.00e-03 ---
2026-10-01 11:01:04,957 - INFO - 
****************************************************************************************************
2026-10-01 11:01:07,158 - INFO - --- training epoch 11, loss 0.0338, mae 0.2183, rmse 0.2598, time elapsed(min) 0.03---
2026-10-01 11:01:07,385 - INFO - --- validation at epoch 11, val_loss 0.0293, val_mae 0.2041, val_rmse 0.2476, val_r2 0.1360, val_pearson 0.4040, lr 1.00e-03 ---
2026-10-01 11:01:07,385 - INFO - 
****************************************************************************************************
2026-10-01 11:01:09,176 - INFO - --- training epoch 12, loss 0.0336, mae 0.2171, rmse 0.2594, time elapsed(min) 0.03---
2026-10-01 11:01:09,407 - INFO - --- validation at epoch 12, val_loss 0.0299, val_mae 0.2055, val_rmse 0.2504, val_r2 0.1166, val_pearson 0.4094, lr 1.00e-03 ---
2026-10-01 11:01:09,408 - INFO - 
****************************************************************************************************
2026-10-01 11:01:11,255 - INFO - --- training epoch 13, loss 0.0336, mae 0.2175, rmse 0.2592, time elapsed(min) 0.03---
2026-10-01 11:01:11,633 - INFO - --- validation at epoch 13, val_loss 0.0294, val_mae 0.2055, val_rmse 0.2480, val_r2 0.1331, val_pearson 0.4063, lr 1.00e-03 ---
2026-10-01 11:01:11,633 - INFO - 
****************************************************************************************************
2026-10-01 11:01:13,510 - INFO - --- training epoch 14, loss 0.0336, mae 0.2170, rmse 0.2591, time elapsed(min) 0.03---
2026-10-01 11:01:13,949 - INFO - --- validation at epoch 14, val_loss 0.0284, val_mae 0.2035, val_rmse 0.2436, val_r2 0.1641, val_pearson 0.4122, lr 1.00e-03 ---
2026-10-01 11:01:13,949 - INFO - 
****************************************************************************************************
2026-10-01 11:01:16,004 - INFO - --- training epoch 15, loss 0.0339, mae 0.2177, rmse 0.2602, time elapsed(min) 0.03---
2026-10-01 11:01:16,238 - INFO - --- validation at epoch 15, val_loss 0.0311, val_mae 0.2109, val_rmse 0.2557, val_r2 0.0788, val_pearson 0.4108, lr 1.00e-03 ---
2026-10-01 11:01:16,238 - INFO - 
****************************************************************************************************
2026-10-01 11:01:18,083 - INFO - --- training epoch 16, loss 0.0334, mae 0.2165, rmse 0.2585, time elapsed(min) 0.03---
2026-10-01 11:01:18,319 - INFO - --- validation at epoch 16, val_loss 0.0290, val_mae 0.2048, val_rmse 0.2465, val_r2 0.1437, val_pearson 0.4104, lr 1.00e-03 ---
2026-10-01 11:01:18,319 - INFO - 
****************************************************************************************************
2026-10-01 11:01:20,178 - INFO - --- training epoch 17, loss 0.0337, mae 0.2176, rmse 0.2595, time elapsed(min) 0.03---
2026-10-01 11:01:20,554 - INFO - --- validation at epoch 17, val_loss 0.0284, val_mae 0.2027, val_rmse 0.2438, val_r2 0.1625, val_pearson 0.4141, lr 1.00e-03 ---
2026-10-01 11:01:20,554 - INFO - 
****************************************************************************************************
2026-10-01 11:01:22,673 - INFO - --- training epoch 18, loss 0.0328, mae 0.2143, rmse 0.2560, time elapsed(min) 0.03---
2026-10-01 11:01:22,916 - INFO - --- validation at epoch 18, val_loss 0.0287, val_mae 0.2007, val_rmse 0.2452, val_r2 0.1528, val_pearson 0.4242, lr 1.00e-03 ---
2026-10-01 11:01:22,916 - INFO - 
****************************************************************************************************
2026-10-01 11:01:24,728 - INFO - --- training epoch 19, loss 0.0331, mae 0.2159, rmse 0.2574, time elapsed(min) 0.03---
2026-10-01 11:01:24,984 - INFO - --- validation at epoch 19, val_loss 0.0293, val_mae 0.2048, val_rmse 0.2472, val_r2 0.1391, val_pearson 0.4123, lr 1.00e-03 ---
2026-10-01 11:01:24,984 - INFO - 
****************************************************************************************************
2026-10-01 11:01:26,900 - INFO - --- training epoch 20, loss 0.0330, mae 0.2147, rmse 0.2570, time elapsed(min) 0.03---
2026-10-01 11:01:27,283 - INFO - --- validation at epoch 20, val_loss 0.0287, val_mae 0.2018, val_rmse 0.2453, val_r2 0.1520, val_pearson 0.4220, lr 1.00e-03 ---
2026-10-01 11:01:27,283 - INFO - 
****************************************************************************************************
2026-10-01 11:01:29,380 - INFO - --- training epoch 21, loss 0.0330, mae 0.2146, rmse 0.2568, time elapsed(min) 0.03---
2026-10-01 11:01:29,648 - INFO - --- validation at epoch 21, val_loss 0.0289, val_mae 0.2042, val_rmse 0.2457, val_r2 0.1495, val_pearson 0.4221, lr 1.00e-03 ---
2026-10-01 11:01:29,648 - INFO - 
****************************************************************************************************
2026-10-01 11:01:31,503 - INFO - --- training epoch 22, loss 0.0324, mae 0.2129, rmse 0.2546, time elapsed(min) 0.03---
2026-10-01 11:01:31,739 - INFO - --- validation at epoch 22, val_loss 0.0283, val_mae 0.2011, val_rmse 0.2429, val_r2 0.1685, val_pearson 0.4320, lr 1.00e-03 ---
2026-10-01 11:01:31,739 - INFO - 
****************************************************************************************************
2026-10-01 11:01:33,763 - INFO - --- training epoch 23, loss 0.0326, mae 0.2140, rmse 0.2555, time elapsed(min) 0.03---
2026-10-01 11:01:34,154 - INFO - --- validation at epoch 23, val_loss 0.0284, val_mae 0.2023, val_rmse 0.2442, val_r2 0.1599, val_pearson 0.4270, lr 1.00e-03 ---
2026-10-01 11:01:34,154 - INFO - 
****************************************************************************************************
2026-10-01 11:01:36,104 - INFO - --- training epoch 24, loss 0.0323, mae 0.2122, rmse 0.2542, time elapsed(min) 0.03---
2026-10-01 11:01:36,534 - INFO - --- validation at epoch 24, val_loss 0.0284, val_mae 0.2014, val_rmse 0.2440, val_r2 0.1614, val_pearson 0.4333, lr 1.00e-03 ---
2026-10-01 11:01:36,534 - INFO - 
****************************************************************************************************
2026-10-01 11:01:38,635 - INFO - --- training epoch 25, loss 0.0324, mae 0.2124, rmse 0.2544, time elapsed(min) 0.03---
2026-10-01 11:01:38,868 - INFO - --- validation at epoch 25, val_loss 0.0282, val_mae 0.2030, val_rmse 0.2424, val_r2 0.1719, val_pearson 0.4475, lr 1.00e-03 ---
2026-10-01 11:01:38,868 - INFO - 
****************************************************************************************************
2026-10-01 11:01:40,812 - INFO - --- training epoch 26, loss 0.0323, mae 0.2122, rmse 0.2541, time elapsed(min) 0.03---
2026-10-01 11:01:41,042 - INFO - --- validation at epoch 26, val_loss 0.0282, val_mae 0.1981, val_rmse 0.2421, val_r2 0.1739, val_pearson 0.4335, lr 1.00e-03 ---
2026-10-01 11:01:41,042 - INFO - 
****************************************************************************************************
2026-10-01 11:01:43,075 - INFO - --- training epoch 27, loss 0.0326, mae 0.2133, rmse 0.2554, time elapsed(min) 0.03---
2026-10-01 11:01:43,518 - INFO - --- validation at epoch 27, val_loss 0.0288, val_mae 0.2009, val_rmse 0.2455, val_r2 0.1509, val_pearson 0.4260, lr 1.00e-03 ---
2026-10-01 11:01:43,518 - INFO - 
****************************************************************************************************
2026-10-01 11:01:45,510 - INFO - --- training epoch 28, loss 0.0321, mae 0.2110, rmse 0.2532, time elapsed(min) 0.03---
2026-10-01 11:01:45,741 - INFO - --- validation at epoch 28, val_loss 0.0293, val_mae 0.2018, val_rmse 0.2464, val_r2 0.1444, val_pearson 0.4231, lr 1.00e-03 ---
2026-10-01 11:01:45,741 - INFO - 
****************************************************************************************************
2026-10-01 11:01:47,560 - INFO - --- training epoch 29, loss 0.0325, mae 0.2126, rmse 0.2551, time elapsed(min) 0.03---
2026-10-01 11:01:47,793 - INFO - --- validation at epoch 29, val_loss 0.0296, val_mae 0.2063, val_rmse 0.2488, val_r2 0.1280, val_pearson 0.4138, lr 1.00e-03 ---
2026-10-01 11:01:47,793 - INFO - 
****************************************************************************************************
2026-10-01 11:01:49,650 - INFO - --- training epoch 30, loss 0.0325, mae 0.2131, rmse 0.2551, time elapsed(min) 0.03---
2026-10-01 11:01:50,030 - INFO - --- validation at epoch 30, val_loss 0.0292, val_mae 0.2033, val_rmse 0.2474, val_r2 0.1378, val_pearson 0.4250, lr 1.00e-03 ---
2026-10-01 11:01:50,030 - INFO - 
****************************************************************************************************
2026-10-01 11:01:52,300 - INFO - --- training epoch 31, loss 0.0323, mae 0.2119, rmse 0.2543, time elapsed(min) 0.03---
2026-10-01 11:01:52,541 - INFO - --- validation at epoch 31, val_loss 0.0287, val_mae 0.2012, val_rmse 0.2438, val_r2 0.1628, val_pearson 0.4277, lr 1.00e-03 ---
2026-10-01 11:01:52,541 - INFO - 
****************************************************************************************************
2026-10-01 11:01:54,480 - INFO - --- training epoch 32, loss 0.0323, mae 0.2118, rmse 0.2541, time elapsed(min) 0.03---
2026-10-01 11:01:54,711 - INFO - --- validation at epoch 32, val_loss 0.0286, val_mae 0.1984, val_rmse 0.2432, val_r2 0.1663, val_pearson 0.4326, lr 1.00e-03 ---
2026-10-01 11:01:54,711 - INFO - 
****************************************************************************************************
2026-10-01 11:01:56,548 - INFO - --- training epoch 33, loss 0.0321, mae 0.2109, rmse 0.2533, time elapsed(min) 0.03---
2026-10-01 11:01:56,782 - INFO - --- validation at epoch 33, val_loss 0.0290, val_mae 0.1994, val_rmse 0.2453, val_r2 0.1523, val_pearson 0.4342, lr 1.00e-03 ---
2026-10-01 11:01:56,782 - INFO - 
****************************************************************************************************
2026-10-01 11:01:58,897 - INFO - --- training epoch 34, loss 0.0324, mae 0.2119, rmse 0.2545, time elapsed(min) 0.03---
2026-10-01 11:01:59,350 - INFO - --- validation at epoch 34, val_loss 0.0281, val_mae 0.1989, val_rmse 0.2428, val_r2 0.1695, val_pearson 0.4341, lr 1.00e-03 ---
2026-10-01 11:01:59,350 - INFO - 
****************************************************************************************************
2026-10-01 11:02:01,483 - INFO - --- training epoch 35, loss 0.0319, mae 0.2103, rmse 0.2525, time elapsed(min) 0.03---
2026-10-01 11:02:01,713 - INFO - --- validation at epoch 35, val_loss 0.0284, val_mae 0.1995, val_rmse 0.2423, val_r2 0.1728, val_pearson 0.4347, lr 1.00e-03 ---
2026-10-01 11:02:01,713 - INFO - 
****************************************************************************************************
2026-10-01 11:02:03,672 - INFO - --- training epoch 36, loss 0.0325, mae 0.2121, rmse 0.2549, time elapsed(min) 0.03---
2026-10-01 11:02:03,902 - INFO - --- validation at epoch 36, val_loss 0.0285, val_mae 0.1965, val_rmse 0.2416, val_r2 0.1778, val_pearson 0.4446, lr 1.00e-03 ---
2026-10-01 11:02:03,902 - INFO - 
****************************************************************************************************
2026-10-01 11:02:05,861 - INFO - --- training epoch 37, loss 0.0321, mae 0.2107, rmse 0.2535, time elapsed(min) 0.03---
2026-10-01 11:02:06,287 - INFO - --- validation at epoch 37, val_loss 0.0301, val_mae 0.2072, val_rmse 0.2477, val_r2 0.1352, val_pearson 0.4140, lr 1.00e-03 ---
2026-10-01 11:02:06,287 - INFO - 
****************************************************************************************************
2026-10-01 11:02:08,270 - INFO - --- training epoch 38, loss 0.0318, mae 0.2102, rmse 0.2524, time elapsed(min) 0.03---
2026-10-01 11:02:08,498 - INFO - --- validation at epoch 38, val_loss 0.0291, val_mae 0.1973, val_rmse 0.2438, val_r2 0.1622, val_pearson 0.4442, lr 1.00e-03 ---
2026-10-01 11:02:08,498 - INFO - 
****************************************************************************************************
2026-10-01 11:02:10,350 - INFO - --- training epoch 39, loss 0.0323, mae 0.2119, rmse 0.2542, time elapsed(min) 0.03---
2026-10-01 11:02:10,587 - INFO - --- validation at epoch 39, val_loss 0.0290, val_mae 0.1951, val_rmse 0.2437, val_r2 0.1634, val_pearson 0.4397, lr 1.00e-03 ---
2026-10-01 11:02:10,587 - INFO - 
****************************************************************************************************
2026-10-01 11:02:12,405 - INFO - --- training epoch 40, loss 0.0324, mae 0.2120, rmse 0.2547, time elapsed(min) 0.03---
2026-10-01 11:02:12,794 - INFO - --- validation at epoch 40, val_loss 0.0278, val_mae 0.1967, val_rmse 0.2395, val_r2 0.1915, val_pearson 0.4491, lr 1.00e-03 ---
2026-10-01 11:02:12,794 - INFO - 
****************************************************************************************************
2026-10-01 11:02:14,981 - INFO - --- training epoch 41, loss 0.0320, mae 0.2104, rmse 0.2528, time elapsed(min) 0.03---
2026-10-01 11:02:15,209 - INFO - --- validation at epoch 41, val_loss 0.0280, val_mae 0.1987, val_rmse 0.2403, val_r2 0.1863, val_pearson 0.4484, lr 1.00e-03 ---
2026-10-01 11:02:15,209 - INFO - 
****************************************************************************************************
2026-10-01 11:02:17,148 - INFO - --- training epoch 42, loss 0.0319, mae 0.2094, rmse 0.2525, time elapsed(min) 0.03---
2026-10-01 11:02:17,386 - INFO - --- validation at epoch 42, val_loss 0.0281, val_mae 0.1985, val_rmse 0.2410, val_r2 0.1814, val_pearson 0.4371, lr 1.00e-03 ---
2026-10-01 11:02:17,387 - INFO - 
****************************************************************************************************
2026-10-01 11:02:19,228 - INFO - --- training epoch 43, loss 0.0318, mae 0.2100, rmse 0.2522, time elapsed(min) 0.03---
2026-10-01 11:02:19,622 - INFO - --- validation at epoch 43, val_loss 0.0289, val_mae 0.1983, val_rmse 0.2426, val_r2 0.1705, val_pearson 0.4494, lr 1.00e-03 ---
2026-10-01 11:02:19,622 - INFO - 
****************************************************************************************************
2026-10-01 11:02:21,708 - INFO - --- training epoch 44, loss 0.0326, mae 0.2131, rmse 0.2554, time elapsed(min) 0.03---
2026-10-01 11:02:21,940 - INFO - --- validation at epoch 44, val_loss 0.0278, val_mae 0.1952, val_rmse 0.2383, val_r2 0.1996, val_pearson 0.4594, lr 1.00e-03 ---
2026-10-01 11:02:21,940 - INFO - 
****************************************************************************************************
2026-10-01 11:02:23,870 - INFO - --- training epoch 45, loss 0.0317, mae 0.2095, rmse 0.2517, time elapsed(min) 0.03---
2026-10-01 11:02:24,100 - INFO - --- validation at epoch 45, val_loss 0.0291, val_mae 0.1972, val_rmse 0.2437, val_r2 0.1628, val_pearson 0.4434, lr 1.00e-03 ---
2026-10-01 11:02:24,100 - INFO - 
****************************************************************************************************
2026-10-01 11:02:26,019 - INFO - --- training epoch 46, loss 0.0316, mae 0.2087, rmse 0.2513, time elapsed(min) 0.03---
2026-10-01 11:02:26,261 - INFO - --- validation at epoch 46, val_loss 0.0276, val_mae 0.1920, val_rmse 0.2374, val_r2 0.2062, val_pearson 0.4696, lr 1.00e-03 ---
2026-10-01 11:02:26,261 - INFO - 
****************************************************************************************************
2026-10-01 11:02:28,304 - INFO - --- training epoch 47, loss 0.0319, mae 0.2095, rmse 0.2527, time elapsed(min) 0.03---
2026-10-01 11:02:28,711 - INFO - --- validation at epoch 47, val_loss 0.0280, val_mae 0.1921, val_rmse 0.2389, val_r2 0.1960, val_pearson 0.4642, lr 1.00e-03 ---
2026-10-01 11:02:28,711 - INFO - 
****************************************************************************************************
2026-10-01 11:02:30,684 - INFO - --- training epoch 48, loss 0.0309, mae 0.2063, rmse 0.2485, time elapsed(min) 0.03---
2026-10-01 11:02:30,910 - INFO - --- validation at epoch 48, val_loss 0.0288, val_mae 0.1947, val_rmse 0.2418, val_r2 0.1759, val_pearson 0.4608, lr 1.00e-03 ---
2026-10-01 11:02:30,910 - INFO - 
****************************************************************************************************
2026-10-01 11:02:32,754 - INFO - --- training epoch 49, loss 0.0316, mae 0.2085, rmse 0.2513, time elapsed(min) 0.03---
2026-10-01 11:02:32,984 - INFO - --- validation at epoch 49, val_loss 0.0277, val_mae 0.1950, val_rmse 0.2392, val_r2 0.1935, val_pearson 0.4596, lr 1.00e-03 ---
2026-10-01 11:02:32,984 - INFO - 
****************************************************************************************************
2026-10-01 11:02:34,860 - INFO - --- training epoch 50, loss 0.0308, mae 0.2060, rmse 0.2484, time elapsed(min) 0.03---
2026-10-01 11:02:35,241 - INFO - --- validation at epoch 50, val_loss 0.0293, val_mae 0.1989, val_rmse 0.2460, val_r2 0.1474, val_pearson 0.4658, lr 1.00e-03 ---
2026-10-01 11:02:35,242 - INFO - 
****************************************************************************************************
2026-10-01 11:02:37,341 - INFO - --- training epoch 51, loss 0.0309, mae 0.2052, rmse 0.2487, time elapsed(min) 0.03---
2026-10-01 11:02:37,574 - INFO - --- validation at epoch 51, val_loss 0.0279, val_mae 0.1893, val_rmse 0.2350, val_r2 0.2221, val_pearson 0.4851, lr 1.00e-03 ---
2026-10-01 11:02:37,574 - INFO - 
****************************************************************************************************
2026-10-01 11:02:39,508 - INFO - --- training epoch 52, loss 0.0303, mae 0.2033, rmse 0.2461, time elapsed(min) 0.03---
2026-10-01 11:02:39,746 - INFO - --- validation at epoch 52, val_loss 0.0279, val_mae 0.1894, val_rmse 0.2346, val_r2 0.2248, val_pearson 0.5283, lr 1.00e-03 ---
2026-10-01 11:02:39,746 - INFO - 
****************************************************************************************************
2026-10-01 11:02:41,681 - INFO - --- training epoch 53, loss 0.0264, mae 0.1885, rmse 0.2299, time elapsed(min) 0.03---
2026-10-01 11:02:42,067 - INFO - --- validation at epoch 53, val_loss 0.0264, val_mae 0.1738, val_rmse 0.2214, val_r2 0.3094, val_pearson 0.5888, lr 1.00e-03 ---
2026-10-01 11:02:42,067 - INFO - 
****************************************************************************************************
2026-10-01 11:02:44,244 - INFO - --- training epoch 54, loss 0.0230, mae 0.1736, rmse 0.2144, time elapsed(min) 0.03---
2026-10-01 11:02:44,478 - INFO - --- validation at epoch 54, val_loss 0.0261, val_mae 0.1726, val_rmse 0.2165, val_r2 0.3396, val_pearson 0.6165, lr 1.00e-03 ---
2026-10-01 11:02:44,478 - INFO - 
****************************************************************************************************
2026-10-01 11:02:46,407 - INFO - --- training epoch 55, loss 0.0218, mae 0.1686, rmse 0.2088, time elapsed(min) 0.03---
2026-10-01 11:02:46,639 - INFO - --- validation at epoch 55, val_loss 0.0243, val_mae 0.1638, val_rmse 0.2063, val_r2 0.4001, val_pearson 0.6443, lr 1.00e-03 ---
2026-10-01 11:02:46,640 - INFO - 
****************************************************************************************************
2026-10-01 11:02:48,650 - INFO - --- training epoch 56, loss 0.0222, mae 0.1699, rmse 0.2105, time elapsed(min) 0.03---
2026-10-01 11:02:48,877 - INFO - --- validation at epoch 56, val_loss 0.0244, val_mae 0.1633, val_rmse 0.2083, val_r2 0.3884, val_pearson 0.6378, lr 1.00e-03 ---
2026-10-01 11:02:48,877 - INFO - 
****************************************************************************************************
2026-10-01 11:02:50,838 - INFO - --- training epoch 57, loss 0.0217, mae 0.1676, rmse 0.2084, time elapsed(min) 0.03---
2026-10-01 11:02:51,266 - INFO - --- validation at epoch 57, val_loss 0.0245, val_mae 0.1613, val_rmse 0.2059, val_r2 0.4024, val_pearson 0.6493, lr 1.00e-03 ---
2026-10-01 11:02:51,266 - INFO - 
****************************************************************************************************
2026-10-01 11:02:53,294 - INFO - --- training epoch 58, loss 0.0216, mae 0.1673, rmse 0.2077, time elapsed(min) 0.03---
2026-10-01 11:02:53,528 - INFO - --- validation at epoch 58, val_loss 0.0242, val_mae 0.1612, val_rmse 0.2079, val_r2 0.3909, val_pearson 0.6568, lr 1.00e-03 ---
2026-10-01 11:02:53,528 - INFO - 
****************************************************************************************************
2026-10-01 11:02:55,456 - INFO - --- training epoch 59, loss 0.0214, mae 0.1654, rmse 0.2067, time elapsed(min) 0.03---
2026-10-01 11:02:55,709 - INFO - --- validation at epoch 59, val_loss 0.0227, val_mae 0.1581, val_rmse 0.2028, val_r2 0.4203, val_pearson 0.6643, lr 1.00e-03 ---
2026-10-01 11:02:55,710 - INFO - 
****************************************************************************************************
2026-10-01 11:02:57,964 - INFO - --- training epoch 60, loss 0.0212, mae 0.1640, rmse 0.2060, time elapsed(min) 0.03---
2026-10-01 11:02:58,384 - INFO - --- validation at epoch 60, val_loss 0.0224, val_mae 0.1601, val_rmse 0.2030, val_r2 0.4195, val_pearson 0.6517, lr 1.00e-03 ---
2026-10-01 11:02:58,384 - INFO - 
****************************************************************************************************
2026-10-01 11:03:00,462 - INFO - --- training epoch 61, loss 0.0198, mae 0.1591, rmse 0.1991, time elapsed(min) 0.03---
2026-10-01 11:03:00,692 - INFO - --- validation at epoch 61, val_loss 0.0216, val_mae 0.1563, val_rmse 0.1963, val_r2 0.4569, val_pearson 0.6806, lr 1.00e-03 ---
2026-10-01 11:03:00,692 - INFO - 
****************************************************************************************************
2026-10-01 11:03:02,635 - INFO - --- training epoch 62, loss 0.0194, mae 0.1563, rmse 0.1968, time elapsed(min) 0.03---
2026-10-01 11:03:02,869 - INFO - --- validation at epoch 62, val_loss 0.0208, val_mae 0.1515, val_rmse 0.1943, val_r2 0.4679, val_pearson 0.6903, lr 1.00e-03 ---
2026-10-01 11:03:02,869 - INFO - 
****************************************************************************************************
2026-10-01 11:03:04,791 - INFO - --- training epoch 63, loss 0.0184, mae 0.1515, rmse 0.1917, time elapsed(min) 0.03---
2026-10-01 11:03:05,188 - INFO - --- validation at epoch 63, val_loss 0.0207, val_mae 0.1481, val_rmse 0.1918, val_r2 0.4814, val_pearson 0.6990, lr 1.00e-03 ---
2026-10-01 11:03:05,188 - INFO - 
****************************************************************************************************
2026-10-01 11:03:07,370 - INFO - --- training epoch 64, loss 0.0181, mae 0.1504, rmse 0.1904, time elapsed(min) 0.03---
2026-10-01 11:03:07,601 - INFO - --- validation at epoch 64, val_loss 0.0191, val_mae 0.1461, val_rmse 0.1872, val_r2 0.5059, val_pearson 0.7236, lr 1.00e-03 ---
2026-10-01 11:03:07,601 - INFO - 
****************************************************************************************************
2026-10-01 11:03:09,593 - INFO - --- training epoch 65, loss 0.0187, mae 0.1527, rmse 0.1931, time elapsed(min) 0.03---
2026-10-01 11:03:09,828 - INFO - --- validation at epoch 65, val_loss 0.0207, val_mae 0.1538, val_rmse 0.1944, val_r2 0.4674, val_pearson 0.7103, lr 1.00e-03 ---
2026-10-01 11:03:09,828 - INFO - 
****************************************************************************************************
2026-10-01 11:03:11,693 - INFO - --- training epoch 66, loss 0.0172, mae 0.1458, rmse 0.1856, time elapsed(min) 0.03---
2026-10-01 11:03:11,921 - INFO - --- validation at epoch 66, val_loss 0.0188, val_mae 0.1456, val_rmse 0.1885, val_r2 0.4991, val_pearson 0.7129, lr 1.00e-03 ---
2026-10-01 11:03:11,921 - INFO - 
****************************************************************************************************
2026-10-01 11:03:13,980 - INFO - --- training epoch 67, loss 0.0176, mae 0.1481, rmse 0.1877, time elapsed(min) 0.03---
2026-10-01 11:03:14,388 - INFO - --- validation at epoch 67, val_loss 0.0203, val_mae 0.1495, val_rmse 0.1927, val_r2 0.4766, val_pearson 0.7114, lr 1.00e-03 ---
2026-10-01 11:03:14,388 - INFO - 
****************************************************************************************************
2026-10-01 11:03:16,378 - INFO - --- training epoch 68, loss 0.0175, mae 0.1456, rmse 0.1869, time elapsed(min) 0.03---
2026-10-01 11:03:16,608 - INFO - --- validation at epoch 68, val_loss 0.0178, val_mae 0.1469, val_rmse 0.1864, val_r2 0.5101, val_pearson 0.7323, lr 1.00e-03 ---
2026-10-01 11:03:16,608 - INFO - 
****************************************************************************************************
2026-10-01 11:03:18,536 - INFO - --- training epoch 69, loss 0.0166, mae 0.1430, rmse 0.1822, time elapsed(min) 0.03---
2026-10-01 11:03:18,767 - INFO - --- validation at epoch 69, val_loss 0.0167, val_mae 0.1389, val_rmse 0.1798, val_r2 0.5445, val_pearson 0.7467, lr 1.00e-03 ---
2026-10-01 11:03:18,767 - INFO - 
****************************************************************************************************
2026-10-01 11:03:20,726 - INFO - --- training epoch 70, loss 0.0167, mae 0.1426, rmse 0.1829, time elapsed(min) 0.03---
2026-10-01 11:03:21,159 - INFO - --- validation at epoch 70, val_loss 0.0170, val_mae 0.1415, val_rmse 0.1815, val_r2 0.5358, val_pearson 0.7344, lr 1.00e-03 ---
2026-10-01 11:03:21,159 - INFO - 
****************************************************************************************************
2026-10-01 11:03:23,162 - INFO - --- training epoch 71, loss 0.0159, mae 0.1391, rmse 0.1782, time elapsed(min) 0.03---
2026-10-01 11:03:23,389 - INFO - --- validation at epoch 71, val_loss 0.0168, val_mae 0.1392, val_rmse 0.1811, val_r2 0.5381, val_pearson 0.7476, lr 1.00e-03 ---
2026-10-01 11:03:23,389 - INFO - 
****************************************************************************************************
2026-10-01 11:03:25,322 - INFO - --- training epoch 72, loss 0.0154, mae 0.1363, rmse 0.1757, time elapsed(min) 0.03---
2026-10-01 11:03:25,552 - INFO - --- validation at epoch 72, val_loss 0.0155, val_mae 0.1335, val_rmse 0.1734, val_r2 0.5764, val_pearson 0.7598, lr 1.00e-03 ---
2026-10-01 11:03:25,552 - INFO - 
****************************************************************************************************
2026-10-01 11:03:27,532 - INFO - --- training epoch 73, loss 0.0153, mae 0.1346, rmse 0.1747, time elapsed(min) 0.03---
2026-10-01 11:03:27,945 - INFO - --- validation at epoch 73, val_loss 0.0159, val_mae 0.1321, val_rmse 0.1722, val_r2 0.5824, val_pearson 0.7693, lr 1.00e-03 ---
2026-10-01 11:03:27,945 - INFO - 
****************************************************************************************************
2026-10-01 11:03:30,041 - INFO - --- training epoch 74, loss 0.0142, mae 0.1292, rmse 0.1688, time elapsed(min) 0.03---
2026-10-01 11:03:30,277 - INFO - --- validation at epoch 74, val_loss 0.0153, val_mae 0.1305, val_rmse 0.1698, val_r2 0.5939, val_pearson 0.7789, lr 1.00e-03 ---
2026-10-01 11:03:30,277 - INFO - 
****************************************************************************************************
2026-10-01 11:03:32,212 - INFO - --- training epoch 75, loss 0.0147, mae 0.1317, rmse 0.1714, time elapsed(min) 0.03---
2026-10-01 11:03:32,443 - INFO - --- validation at epoch 75, val_loss 0.0156, val_mae 0.1322, val_rmse 0.1720, val_r2 0.5830, val_pearson 0.7813, lr 1.00e-03 ---
2026-10-01 11:03:32,443 - INFO - 
****************************************************************************************************
2026-10-01 11:03:34,461 - INFO - --- training epoch 76, loss 0.0147, mae 0.1316, rmse 0.1712, time elapsed(min) 0.03---
2026-10-01 11:03:34,848 - INFO - --- validation at epoch 76, val_loss 0.0182, val_mae 0.1431, val_rmse 0.1860, val_r2 0.5124, val_pearson 0.7819, lr 1.00e-03 ---
2026-10-01 11:03:34,848 - INFO - 
****************************************************************************************************
2026-10-01 11:03:36,925 - INFO - --- training epoch 77, loss 0.0147, mae 0.1318, rmse 0.1715, time elapsed(min) 0.03---
2026-10-01 11:03:37,156 - INFO - --- validation at epoch 77, val_loss 0.0150, val_mae 0.1226, val_rmse 0.1662, val_r2 0.6108, val_pearson 0.7862, lr 1.00e-03 ---
2026-10-01 11:03:37,156 - INFO - 
****************************************************************************************************
2026-10-01 11:03:39,202 - INFO - --- training epoch 78, loss 0.0138, mae 0.1267, rmse 0.1660, time elapsed(min) 0.03---
2026-10-01 11:03:39,441 - INFO - --- validation at epoch 78, val_loss 0.0165, val_mae 0.1336, val_rmse 0.1747, val_r2 0.5699, val_pearson 0.7823, lr 1.00e-03 ---
2026-10-01 11:03:39,441 - INFO - 
****************************************************************************************************
2026-10-01 11:03:41,326 - INFO - --- training epoch 79, loss 0.0141, mae 0.1297, rmse 0.1679, time elapsed(min) 0.03---
2026-10-01 11:03:41,555 - INFO - --- validation at epoch 79, val_loss 0.0173, val_mae 0.1311, val_rmse 0.1748, val_r2 0.5697, val_pearson 0.7722, lr 1.00e-03 ---
2026-10-01 11:03:41,555 - INFO - 
****************************************************************************************************
2026-10-01 11:03:43,496 - INFO - --- training epoch 80, loss 0.0157, mae 0.1367, rmse 0.1772, time elapsed(min) 0.03---
2026-10-01 11:03:43,930 - INFO - --- validation at epoch 80, val_loss 0.0160, val_mae 0.1303, val_rmse 0.1705, val_r2 0.5904, val_pearson 0.7781, lr 1.00e-03 ---
2026-10-01 11:03:43,930 - INFO - 
****************************************************************************************************
2026-10-01 11:03:45,914 - INFO - --- training epoch 81, loss 0.0138, mae 0.1275, rmse 0.1661, time elapsed(min) 0.03---
2026-10-01 11:03:46,146 - INFO - --- validation at epoch 81, val_loss 0.0153, val_mae 0.1274, val_rmse 0.1702, val_r2 0.5916, val_pearson 0.7977, lr 1.00e-03 ---
2026-10-01 11:03:46,146 - INFO - 
****************************************************************************************************
2026-10-01 11:03:48,102 - INFO - --- training epoch 82, loss 0.0129, mae 0.1226, rmse 0.1609, time elapsed(min) 0.03---
2026-10-01 11:03:48,338 - INFO - --- validation at epoch 82, val_loss 0.0176, val_mae 0.1379, val_rmse 0.1820, val_r2 0.5335, val_pearson 0.7836, lr 1.00e-03 ---
2026-10-01 11:03:48,338 - INFO - 
****************************************************************************************************
2026-10-01 11:03:50,282 - INFO - --- training epoch 83, loss 0.0139, mae 0.1277, rmse 0.1667, time elapsed(min) 0.03---
2026-10-01 11:03:50,676 - INFO - --- validation at epoch 83, val_loss 0.0176, val_mae 0.1321, val_rmse 0.1757, val_r2 0.5648, val_pearson 0.7732, lr 1.00e-03 ---
2026-10-01 11:03:50,676 - INFO - 
****************************************************************************************************
2026-10-01 11:03:52,855 - INFO - --- training epoch 84, loss 0.0138, mae 0.1275, rmse 0.1660, time elapsed(min) 0.03---
2026-10-01 11:03:53,115 - INFO - --- validation at epoch 84, val_loss 0.0151, val_mae 0.1259, val_rmse 0.1656, val_r2 0.6137, val_pearson 0.7869, lr 1.00e-03 ---
2026-10-01 11:03:53,115 - INFO - 
****************************************************************************************************
2026-10-01 11:03:54,940 - INFO - --- training epoch 85, loss 0.0131, mae 0.1239, rmse 0.1619, time elapsed(min) 0.03---
2026-10-01 11:03:55,179 - INFO - --- validation at epoch 85, val_loss 0.0155, val_mae 0.1293, val_rmse 0.1721, val_r2 0.5827, val_pearson 0.7967, lr 1.00e-03 ---
2026-10-01 11:03:55,179 - INFO - 
****************************************************************************************************
2026-10-01 11:03:57,032 - INFO - --- training epoch 86, loss 0.0129, mae 0.1219, rmse 0.1607, time elapsed(min) 0.03---
2026-10-01 11:03:57,422 - INFO - --- validation at epoch 86, val_loss 0.0151, val_mae 0.1309, val_rmse 0.1724, val_r2 0.5812, val_pearson 0.7942, lr 1.00e-03 ---
2026-10-01 11:03:57,422 - INFO - 
****************************************************************************************************
2026-10-01 11:03:59,394 - INFO - --- training epoch 87, loss 0.0127, mae 0.1213, rmse 0.1591, time elapsed(min) 0.03---
2026-10-01 11:03:59,812 - INFO - --- validation at epoch 87, val_loss 0.0166, val_mae 0.1313, val_rmse 0.1736, val_r2 0.5751, val_pearson 0.7798, lr 1.00e-03 ---
2026-10-01 11:03:59,812 - INFO - 
****************************************************************************************************
2026-10-01 11:04:01,805 - INFO - --- training epoch 88, loss 0.0133, mae 0.1243, rmse 0.1629, time elapsed(min) 0.03---
2026-10-01 11:04:02,038 - INFO - --- validation at epoch 88, val_loss 0.0159, val_mae 0.1275, val_rmse 0.1691, val_r2 0.5973, val_pearson 0.7845, lr 1.00e-03 ---
2026-10-01 11:04:02,038 - INFO - 
****************************************************************************************************
2026-10-01 11:04:03,898 - INFO - --- training epoch 89, loss 0.0118, mae 0.1160, rmse 0.1535, time elapsed(min) 0.03---
2026-10-01 11:04:04,136 - INFO - --- validation at epoch 89, val_loss 0.0120, val_mae 0.1113, val_rmse 0.1506, val_r2 0.6803, val_pearson 0.8271, lr 3.00e-04 ---
2026-10-01 11:04:04,136 - INFO - 
****************************************************************************************************
2026-10-01 11:04:06,185 - INFO - --- training epoch 90, loss 0.0116, mae 0.1145, rmse 0.1523, time elapsed(min) 0.03---
2026-10-01 11:04:06,606 - INFO - --- validation at epoch 90, val_loss 0.0117, val_mae 0.1110, val_rmse 0.1497, val_r2 0.6842, val_pearson 0.8282, lr 3.00e-04 ---
2026-10-01 11:04:06,606 - INFO - 
****************************************************************************************************
2026-10-01 11:04:08,702 - INFO - --- training epoch 91, loss 0.0115, mae 0.1145, rmse 0.1517, time elapsed(min) 0.03---
2026-10-01 11:04:08,936 - INFO - --- validation at epoch 91, val_loss 0.0117, val_mae 0.1106, val_rmse 0.1497, val_r2 0.6844, val_pearson 0.8304, lr 3.00e-04 ---
2026-10-01 11:04:08,936 - INFO - 
****************************************************************************************************
2026-10-01 11:04:10,912 - INFO - --- training epoch 92, loss 0.0115, mae 0.1136, rmse 0.1514, time elapsed(min) 0.03---
2026-10-01 11:04:11,140 - INFO - --- validation at epoch 92, val_loss 0.0120, val_mae 0.1105, val_rmse 0.1504, val_r2 0.6813, val_pearson 0.8273, lr 3.00e-04 ---
2026-10-01 11:04:11,140 - INFO - 
****************************************************************************************************
2026-10-01 11:04:13,080 - INFO - --- training epoch 93, loss 0.0114, mae 0.1141, rmse 0.1512, time elapsed(min) 0.03---
2026-10-01 11:04:13,458 - INFO - --- validation at epoch 93, val_loss 0.0117, val_mae 0.1101, val_rmse 0.1497, val_r2 0.6841, val_pearson 0.8289, lr 3.00e-04 ---
2026-10-01 11:04:13,458 - INFO - 
****************************************************************************************************
2026-10-01 11:04:15,535 - INFO - --- training epoch 94, loss 0.0114, mae 0.1132, rmse 0.1508, time elapsed(min) 0.03---
2026-10-01 11:04:15,769 - INFO - --- validation at epoch 94, val_loss 0.0119, val_mae 0.1114, val_rmse 0.1506, val_r2 0.6802, val_pearson 0.8259, lr 3.00e-04 ---
2026-10-01 11:04:15,769 - INFO - 
****************************************************************************************************
2026-10-01 11:04:17,848 - INFO - --- training epoch 95, loss 0.0111, mae 0.1125, rmse 0.1491, time elapsed(min) 0.03---
2026-10-01 11:04:18,107 - INFO - --- validation at epoch 95, val_loss 0.0120, val_mae 0.1111, val_rmse 0.1506, val_r2 0.6804, val_pearson 0.8301, lr 3.00e-04 ---
2026-10-01 11:04:18,107 - INFO - 
****************************************************************************************************
2026-10-01 11:04:19,929 - INFO - --- training epoch 96, loss 0.0112, mae 0.1118, rmse 0.1496, time elapsed(min) 0.03---
2026-10-01 11:04:20,302 - INFO - --- validation at epoch 96, val_loss 0.0119, val_mae 0.1099, val_rmse 0.1496, val_r2 0.6846, val_pearson 0.8312, lr 3.00e-04 ---
2026-10-01 11:04:20,302 - INFO - 
****************************************************************************************************
2026-10-01 11:04:22,202 - INFO - --- training epoch 97, loss 0.0112, mae 0.1127, rmse 0.1496, time elapsed(min) 0.03---
2026-10-01 11:04:22,757 - INFO - --- validation at epoch 97, val_loss 0.0116, val_mae 0.1101, val_rmse 0.1489, val_r2 0.6878, val_pearson 0.8343, lr 3.00e-04 ---
2026-10-01 11:04:22,757 - INFO - 
****************************************************************************************************
2026-10-01 11:04:24,879 - INFO - --- training epoch 98, loss 0.0113, mae 0.1130, rmse 0.1501, time elapsed(min) 0.03---
2026-10-01 11:04:25,111 - INFO - --- validation at epoch 98, val_loss 0.0120, val_mae 0.1105, val_rmse 0.1497, val_r2 0.6842, val_pearson 0.8308, lr 3.00e-04 ---
2026-10-01 11:04:25,111 - INFO - 
****************************************************************************************************
2026-10-01 11:04:26,961 - INFO - --- training epoch 99, loss 0.0113, mae 0.1130, rmse 0.1502, time elapsed(min) 0.03---
2026-10-01 11:04:27,197 - INFO - --- validation at epoch 99, val_loss 0.0118, val_mae 0.1080, val_rmse 0.1476, val_r2 0.6930, val_pearson 0.8346, lr 3.00e-04 ---
2026-10-01 11:04:27,197 - INFO - 
****************************************************************************************************
2026-10-01 11:04:29,119 - INFO - --- training epoch 100, loss 0.0111, mae 0.1117, rmse 0.1487, time elapsed(min) 0.03---
2026-10-01 11:04:29,520 - INFO - --- validation at epoch 100, val_loss 0.0117, val_mae 0.1084, val_rmse 0.1483, val_r2 0.6901, val_pearson 0.8335, lr 3.00e-04 ---
2026-10-01 11:04:29,520 - INFO - 
****************************************************************************************************
2026-10-01 11:04:31,595 - INFO - --- training epoch 101, loss 0.0108, mae 0.1105, rmse 0.1468, time elapsed(min) 0.03---
2026-10-01 11:04:31,825 - INFO - --- validation at epoch 101, val_loss 0.0118, val_mae 0.1084, val_rmse 0.1487, val_r2 0.6886, val_pearson 0.8346, lr 3.00e-04 ---
2026-10-01 11:04:31,825 - INFO - 
****************************************************************************************************
2026-10-01 11:04:33,667 - INFO - --- training epoch 102, loss 0.0111, mae 0.1122, rmse 0.1490, time elapsed(min) 0.03---
2026-10-01 11:04:33,897 - INFO - --- validation at epoch 102, val_loss 0.0115, val_mae 0.1079, val_rmse 0.1473, val_r2 0.6943, val_pearson 0.8350, lr 3.00e-04 ---
2026-10-01 11:04:33,897 - INFO - 
****************************************************************************************************
2026-10-01 11:04:35,948 - INFO - --- training epoch 103, loss 0.0111, mae 0.1118, rmse 0.1489, time elapsed(min) 0.03---
2026-10-01 11:04:36,325 - INFO - --- validation at epoch 103, val_loss 0.0122, val_mae 0.1096, val_rmse 0.1499, val_r2 0.6835, val_pearson 0.8318, lr 3.00e-04 ---
2026-10-01 11:04:36,325 - INFO - 
****************************************************************************************************
2026-10-01 11:04:38,419 - INFO - --- training epoch 104, loss 0.0111, mae 0.1117, rmse 0.1487, time elapsed(min) 0.03---
2026-10-01 11:04:38,651 - INFO - --- validation at epoch 104, val_loss 0.0120, val_mae 0.1076, val_rmse 0.1480, val_r2 0.6914, val_pearson 0.8356, lr 3.00e-04 ---
2026-10-01 11:04:38,651 - INFO - 
****************************************************************************************************
2026-10-01 11:04:40,506 - INFO - --- training epoch 105, loss 0.0112, mae 0.1121, rmse 0.1499, time elapsed(min) 0.03---
2026-10-01 11:04:40,734 - INFO - --- validation at epoch 105, val_loss 0.0115, val_mae 0.1074, val_rmse 0.1476, val_r2 0.6931, val_pearson 0.8351, lr 3.00e-04 ---
2026-10-01 11:04:40,734 - INFO - 
****************************************************************************************************
2026-10-01 11:04:42,589 - INFO - --- training epoch 106, loss 0.0112, mae 0.1116, rmse 0.1494, time elapsed(min) 0.03---
2026-10-01 11:04:42,973 - INFO - --- validation at epoch 106, val_loss 0.0116, val_mae 0.1079, val_rmse 0.1476, val_r2 0.6932, val_pearson 0.8350, lr 3.00e-04 ---
2026-10-01 11:04:42,973 - INFO - 
****************************************************************************************************
2026-10-01 11:04:45,160 - INFO - --- training epoch 107, loss 0.0110, mae 0.1111, rmse 0.1482, time elapsed(min) 0.03---
2026-10-01 11:04:45,391 - INFO - --- validation at epoch 107, val_loss 0.0115, val_mae 0.1078, val_rmse 0.1473, val_r2 0.6941, val_pearson 0.8363, lr 3.00e-04 ---
2026-10-01 11:04:45,391 - INFO - 
****************************************************************************************************
2026-10-01 11:04:47,239 - INFO - --- training epoch 108, loss 0.0109, mae 0.1111, rmse 0.1478, time elapsed(min) 0.03---
2026-10-01 11:04:47,469 - INFO - --- validation at epoch 108, val_loss 0.0117, val_mae 0.1082, val_rmse 0.1477, val_r2 0.6928, val_pearson 0.8341, lr 3.00e-04 ---
2026-10-01 11:04:47,469 - INFO - 
****************************************************************************************************
2026-10-01 11:04:49,296 - INFO - --- training epoch 109, loss 0.0112, mae 0.1126, rmse 0.1495, time elapsed(min) 0.03---
2026-10-01 11:04:49,525 - INFO - --- validation at epoch 109, val_loss 0.0115, val_mae 0.1080, val_rmse 0.1473, val_r2 0.6941, val_pearson 0.8362, lr 3.00e-04 ---
2026-10-01 11:04:49,525 - INFO - 
****************************************************************************************************
2026-10-01 11:04:51,477 - INFO - --- training epoch 110, loss 0.0111, mae 0.1121, rmse 0.1489, time elapsed(min) 0.03---
2026-10-01 11:04:51,887 - INFO - --- validation at epoch 110, val_loss 0.0118, val_mae 0.1082, val_rmse 0.1475, val_r2 0.6933, val_pearson 0.8355, lr 3.00e-04 ---
2026-10-01 11:04:51,887 - INFO - 
****************************************************************************************************
2026-10-01 11:04:53,951 - INFO - --- training epoch 111, loss 0.0109, mae 0.1115, rmse 0.1479, time elapsed(min) 0.03---
2026-10-01 11:04:54,185 - INFO - --- validation at epoch 111, val_loss 0.0117, val_mae 0.1086, val_rmse 0.1486, val_r2 0.6888, val_pearson 0.8353, lr 3.00e-04 ---
2026-10-01 11:04:54,185 - INFO - 
****************************************************************************************************
2026-10-01 11:04:56,050 - INFO - --- training epoch 112, loss 0.0106, mae 0.1091, rmse 0.1459, time elapsed(min) 0.03---
2026-10-01 11:04:56,286 - INFO - --- validation at epoch 112, val_loss 0.0118, val_mae 0.1075, val_rmse 0.1473, val_r2 0.6941, val_pearson 0.8376, lr 3.00e-04 ---
2026-10-01 11:04:56,286 - INFO - 
****************************************************************************************************
2026-10-01 11:04:58,246 - INFO - --- training epoch 113, loss 0.0108, mae 0.1103, rmse 0.1470, time elapsed(min) 0.03---
2026-10-01 11:04:58,639 - INFO - --- validation at epoch 113, val_loss 0.0124, val_mae 0.1087, val_rmse 0.1491, val_r2 0.6869, val_pearson 0.8323, lr 3.00e-04 ---
2026-10-01 11:04:58,640 - INFO - 
****************************************************************************************************
2026-10-01 11:05:00,718 - INFO - --- training epoch 114, loss 0.0107, mae 0.1092, rmse 0.1464, time elapsed(min) 0.03---
2026-10-01 11:05:00,951 - INFO - --- validation at epoch 114, val_loss 0.0127, val_mae 0.1122, val_rmse 0.1500, val_r2 0.6829, val_pearson 0.8438, lr 9.00e-05 ---
2026-10-01 11:05:00,951 - INFO - 
****************************************************************************************************
2026-10-01 11:05:02,804 - INFO - --- training epoch 115, loss 0.0106, mae 0.1084, rmse 0.1457, time elapsed(min) 0.03---
2026-10-01 11:05:03,036 - INFO - --- validation at epoch 115, val_loss 0.0131, val_mae 0.1139, val_rmse 0.1521, val_r2 0.6740, val_pearson 0.8422, lr 9.00e-05 ---
2026-10-01 11:05:03,036 - INFO - 
****************************************************************************************************
2026-10-01 11:05:04,896 - INFO - --- training epoch 116, loss 0.0105, mae 0.1078, rmse 0.1451, time elapsed(min) 0.03---
2026-10-01 11:05:05,268 - INFO - --- validation at epoch 116, val_loss 0.0128, val_mae 0.1116, val_rmse 0.1497, val_r2 0.6844, val_pearson 0.8424, lr 9.00e-05 ---
2026-10-01 11:05:05,268 - INFO - 
****************************************************************************************************
2026-10-01 11:05:07,231 - INFO - --- training epoch 117, loss 0.0105, mae 0.1075, rmse 0.1446, time elapsed(min) 0.03---
2026-10-01 11:05:07,659 - INFO - --- validation at epoch 117, val_loss 0.0131, val_mae 0.1133, val_rmse 0.1516, val_r2 0.6763, val_pearson 0.8427, lr 9.00e-05 ---
2026-10-01 11:05:07,659 - INFO - 
****************************************************************************************************
2026-10-01 11:05:09,836 - INFO - --- training epoch 118, loss 0.0105, mae 0.1079, rmse 0.1450, time elapsed(min) 0.03---
2026-10-01 11:05:10,070 - INFO - --- validation at epoch 118, val_loss 0.0127, val_mae 0.1113, val_rmse 0.1494, val_r2 0.6854, val_pearson 0.8426, lr 9.00e-05 ---
2026-10-01 11:05:10,070 - INFO - 
****************************************************************************************************
2026-10-01 11:05:11,985 - INFO - --- training epoch 119, loss 0.0104, mae 0.1070, rmse 0.1441, time elapsed(min) 0.03---
2026-10-01 11:05:12,210 - INFO - --- validation at epoch 119, val_loss 0.0129, val_mae 0.1125, val_rmse 0.1504, val_r2 0.6811, val_pearson 0.8418, lr 9.00e-05 ---
2026-10-01 11:05:12,210 - INFO - 
****************************************************************************************************
2026-10-01 11:05:14,143 - INFO - --- training epoch 120, loss 0.0106, mae 0.1081, rmse 0.1459, time elapsed(min) 0.03---
2026-10-01 11:05:14,573 - INFO - --- validation at epoch 120, val_loss 0.0130, val_mae 0.1124, val_rmse 0.1505, val_r2 0.6807, val_pearson 0.8416, lr 9.00e-05 ---
2026-10-01 11:05:14,573 - INFO - 
****************************************************************************************************
2026-10-01 11:05:16,570 - INFO - --- training epoch 121, loss 0.0105, mae 0.1077, rmse 0.1449, time elapsed(min) 0.03---
2026-10-01 11:05:16,801 - INFO - --- validation at epoch 121, val_loss 0.0129, val_mae 0.1120, val_rmse 0.1502, val_r2 0.6821, val_pearson 0.8436, lr 9.00e-05 ---
2026-10-01 11:05:16,801 - INFO - 
****************************************************************************************************
2026-10-01 11:05:18,629 - INFO - --- training epoch 122, loss 0.0102, mae 0.1066, rmse 0.1431, time elapsed(min) 0.03---
2026-10-01 11:05:18,861 - INFO - --- validation at epoch 122, val_loss 0.0126, val_mae 0.1097, val_rmse 0.1481, val_r2 0.6909, val_pearson 0.8446, lr 9.00e-05 ---
2026-10-01 11:05:18,861 - INFO - 
****************************************************************************************************
2026-10-01 11:05:20,731 - INFO - --- training epoch 123, loss 0.0103, mae 0.1073, rmse 0.1437, time elapsed(min) 0.03---
2026-10-01 11:05:21,107 - INFO - --- validation at epoch 123, val_loss 0.0131, val_mae 0.1121, val_rmse 0.1509, val_r2 0.6790, val_pearson 0.8411, lr 9.00e-05 ---
2026-10-01 11:05:21,107 - INFO - 
****************************************************************************************************
2026-10-01 11:05:23,139 - INFO - --- training epoch 124, loss 0.0103, mae 0.1075, rmse 0.1433, time elapsed(min) 0.03---
2026-10-01 11:05:23,715 - INFO - --- validation at epoch 124, val_loss 0.0129, val_mae 0.1115, val_rmse 0.1500, val_r2 0.6829, val_pearson 0.8427, lr 9.00e-05 ---
2026-10-01 11:05:23,716 - INFO - 
****************************************************************************************************
2026-10-01 11:05:25,685 - INFO - --- training epoch 125, loss 0.0102, mae 0.1061, rmse 0.1426, time elapsed(min) 0.03---
2026-10-01 11:05:25,944 - INFO - --- validation at epoch 125, val_loss 0.0121, val_mae 0.1067, val_rmse 0.1450, val_r2 0.7037, val_pearson 0.8422, lr 2.70e-05 ---
2026-10-01 11:05:25,944 - INFO - 
****************************************************************************************************
2026-10-01 11:05:27,881 - INFO - --- training epoch 126, loss 0.0103, mae 0.1069, rmse 0.1436, time elapsed(min) 0.03---
2026-10-01 11:05:28,160 - INFO - --- validation at epoch 126, val_loss 0.0121, val_mae 0.1063, val_rmse 0.1445, val_r2 0.7058, val_pearson 0.8419, lr 2.70e-05 ---
2026-10-01 11:05:28,160 - INFO - 
****************************************************************************************************
2026-10-01 11:05:30,088 - INFO - --- training epoch 127, loss 0.0100, mae 0.1052, rmse 0.1415, time elapsed(min) 0.03---
2026-10-01 11:05:30,503 - INFO - --- validation at epoch 127, val_loss 0.0119, val_mae 0.1059, val_rmse 0.1440, val_r2 0.7077, val_pearson 0.8425, lr 2.70e-05 ---
2026-10-01 11:05:30,503 - INFO - 
****************************************************************************************************
2026-10-01 11:05:32,546 - INFO - --- training epoch 128, loss 0.0102, mae 0.1060, rmse 0.1425, time elapsed(min) 0.03---
2026-10-01 11:05:32,773 - INFO - --- validation at epoch 128, val_loss 0.0119, val_mae 0.1056, val_rmse 0.1441, val_r2 0.7074, val_pearson 0.8425, lr 2.70e-05 ---
2026-10-01 11:05:32,773 - INFO - 
****************************************************************************************************
2026-10-01 11:05:34,613 - INFO - --- training epoch 129, loss 0.0099, mae 0.1045, rmse 0.1408, time elapsed(min) 0.03---
2026-10-01 11:05:34,888 - INFO - --- validation at epoch 129, val_loss 0.0119, val_mae 0.1057, val_rmse 0.1440, val_r2 0.7080, val_pearson 0.8423, lr 2.70e-05 ---
2026-10-01 11:05:34,888 - INFO - 
****************************************************************************************************
2026-10-01 11:05:36,851 - INFO - --- training epoch 130, loss 0.0101, mae 0.1061, rmse 0.1423, time elapsed(min) 0.03---
2026-10-01 11:05:37,244 - INFO - --- validation at epoch 130, val_loss 0.0120, val_mae 0.1055, val_rmse 0.1439, val_r2 0.7080, val_pearson 0.8425, lr 2.70e-05 ---
2026-10-01 11:05:37,244 - INFO - 
****************************************************************************************************
2026-10-01 11:05:39,358 - INFO - --- training epoch 131, loss 0.0102, mae 0.1069, rmse 0.1429, time elapsed(min) 0.03---
2026-10-01 11:05:39,594 - INFO - --- validation at epoch 131, val_loss 0.0119, val_mae 0.1055, val_rmse 0.1437, val_r2 0.7092, val_pearson 0.8430, lr 2.70e-05 ---
2026-10-01 11:05:39,594 - INFO - 
****************************************************************************************************
2026-10-01 11:05:41,527 - INFO - --- training epoch 132, loss 0.0101, mae 0.1058, rmse 0.1421, time elapsed(min) 0.03---
2026-10-01 11:05:41,763 - INFO - --- validation at epoch 132, val_loss 0.0118, val_mae 0.1051, val_rmse 0.1433, val_r2 0.7108, val_pearson 0.8440, lr 2.70e-05 ---
2026-10-01 11:05:41,763 - INFO - 
****************************************************************************************************
2026-10-01 11:05:43,700 - INFO - --- training epoch 133, loss 0.0101, mae 0.1063, rmse 0.1421, time elapsed(min) 0.03---
2026-10-01 11:05:44,108 - INFO - --- validation at epoch 133, val_loss 0.0118, val_mae 0.1047, val_rmse 0.1428, val_r2 0.7128, val_pearson 0.8453, lr 2.70e-05 ---
2026-10-01 11:05:44,108 - INFO - 
****************************************************************************************************
2026-10-01 11:05:46,032 - INFO - --- training epoch 134, loss 0.0102, mae 0.1067, rmse 0.1426, time elapsed(min) 0.03---
2026-10-01 11:05:46,470 - INFO - --- validation at epoch 134, val_loss 0.0119, val_mae 0.1056, val_rmse 0.1439, val_r2 0.7082, val_pearson 0.8427, lr 2.70e-05 ---
2026-10-01 11:05:46,470 - INFO - 
****************************************************************************************************
2026-10-01 11:05:48,462 - INFO - --- training epoch 135, loss 0.0101, mae 0.1062, rmse 0.1420, time elapsed(min) 0.03---
2026-10-01 11:05:48,688 - INFO - --- validation at epoch 135, val_loss 0.0118, val_mae 0.1051, val_rmse 0.1435, val_r2 0.7099, val_pearson 0.8442, lr 2.70e-05 ---
2026-10-01 11:05:48,688 - INFO - 
****************************************************************************************************
2026-10-01 11:05:50,662 - INFO - --- training epoch 136, loss 0.0100, mae 0.1050, rmse 0.1417, time elapsed(min) 0.03---
2026-10-01 11:05:50,894 - INFO - --- validation at epoch 136, val_loss 0.0118, val_mae 0.1049, val_rmse 0.1433, val_r2 0.7107, val_pearson 0.8445, lr 8.10e-06 ---
2026-10-01 11:05:50,894 - INFO - 
****************************************************************************************************
2026-10-01 11:05:52,916 - INFO - --- training epoch 137, loss 0.0100, mae 0.1050, rmse 0.1414, time elapsed(min) 0.03---
2026-10-01 11:05:53,351 - INFO - --- validation at epoch 137, val_loss 0.0118, val_mae 0.1049, val_rmse 0.1431, val_r2 0.7113, val_pearson 0.8447, lr 8.10e-06 ---
2026-10-01 11:05:53,351 - INFO - 
****************************************************************************************************
2026-10-01 11:05:55,319 - INFO - --- training epoch 138, loss 0.0099, mae 0.1046, rmse 0.1409, time elapsed(min) 0.03---
2026-10-01 11:05:55,554 - INFO - --- validation at epoch 138, val_loss 0.0118, val_mae 0.1050, val_rmse 0.1433, val_r2 0.7108, val_pearson 0.8442, lr 8.10e-06 ---
2026-10-01 11:05:55,554 - INFO - 
****************************************************************************************************
2026-10-01 11:05:57,415 - INFO - --- training epoch 139, loss 0.0099, mae 0.1048, rmse 0.1405, time elapsed(min) 0.03---
2026-10-01 11:05:57,646 - INFO - --- validation at epoch 139, val_loss 0.0118, val_mae 0.1051, val_rmse 0.1433, val_r2 0.7106, val_pearson 0.8443, lr 8.10e-06 ---
2026-10-01 11:05:57,646 - INFO - 
****************************************************************************************************
2026-10-01 11:05:59,615 - INFO - --- training epoch 140, loss 0.0099, mae 0.1047, rmse 0.1406, time elapsed(min) 0.03---
2026-10-01 11:06:00,016 - INFO - --- validation at epoch 140, val_loss 0.0119, val_mae 0.1051, val_rmse 0.1434, val_r2 0.7103, val_pearson 0.8442, lr 8.10e-06 ---
2026-10-01 11:06:00,016 - INFO - 
****************************************************************************************************
2026-10-01 11:06:02,080 - INFO - --- training epoch 141, loss 0.0100, mae 0.1048, rmse 0.1411, time elapsed(min) 0.03---
2026-10-01 11:06:02,316 - INFO - --- validation at epoch 141, val_loss 0.0119, val_mae 0.1050, val_rmse 0.1434, val_r2 0.7104, val_pearson 0.8439, lr 8.10e-06 ---
2026-10-01 11:06:02,316 - INFO - 
****************************************************************************************************
2026-10-01 11:06:04,144 - INFO - --- training epoch 142, loss 0.0097, mae 0.1039, rmse 0.1393, time elapsed(min) 0.03---
2026-10-01 11:06:04,386 - INFO - --- validation at epoch 142, val_loss 0.0118, val_mae 0.1046, val_rmse 0.1430, val_r2 0.7120, val_pearson 0.8456, lr 8.10e-06 ---
2026-10-01 11:06:04,386 - INFO - 
****************************************************************************************************
2026-10-01 11:06:06,240 - INFO - --- training epoch 143, loss 0.0100, mae 0.1055, rmse 0.1415, time elapsed(min) 0.03---
2026-10-01 11:06:06,624 - INFO - --- validation at epoch 143, val_loss 0.0119, val_mae 0.1051, val_rmse 0.1435, val_r2 0.7100, val_pearson 0.8441, lr 8.10e-06 ---
2026-10-01 11:06:06,624 - INFO - 
****************************************************************************************************
2026-10-01 11:06:08,582 - INFO - --- training epoch 144, loss 0.0100, mae 0.1053, rmse 0.1412, time elapsed(min) 0.03---
2026-10-01 11:06:09,015 - INFO - --- validation at epoch 144, val_loss 0.0119, val_mae 0.1050, val_rmse 0.1435, val_r2 0.7099, val_pearson 0.8443, lr 8.10e-06 ---
2026-10-01 11:06:09,015 - INFO - 
****************************************************************************************************
2026-10-01 11:06:10,984 - INFO - --- training epoch 145, loss 0.0099, mae 0.1047, rmse 0.1406, time elapsed(min) 0.03---
2026-10-01 11:06:11,219 - INFO - --- validation at epoch 145, val_loss 0.0119, val_mae 0.1049, val_rmse 0.1434, val_r2 0.7101, val_pearson 0.8439, lr 8.10e-06 ---
2026-10-01 11:06:11,219 - INFO - 
****************************************************************************************************
2026-10-01 11:06:13,102 - INFO - --- training epoch 146, loss 0.0100, mae 0.1052, rmse 0.1412, time elapsed(min) 0.03---
2026-10-01 11:06:13,330 - INFO - --- validation at epoch 146, val_loss 0.0119, val_mae 0.1052, val_rmse 0.1437, val_r2 0.7089, val_pearson 0.8433, lr 8.10e-06 ---
2026-10-01 11:06:13,330 - INFO - 
****************************************************************************************************
2026-10-01 11:06:15,274 - INFO - --- training epoch 147, loss 0.0099, mae 0.1046, rmse 0.1404, time elapsed(min) 0.03---
2026-10-01 11:06:15,701 - INFO - --- validation at epoch 147, val_loss 0.0119, val_mae 0.1051, val_rmse 0.1435, val_r2 0.7096, val_pearson 0.8440, lr 2.43e-06 ---
2026-10-01 11:06:15,701 - INFO - 
****************************************************************************************************
2026-10-01 11:06:17,751 - INFO - --- training epoch 148, loss 0.0100, mae 0.1055, rmse 0.1415, time elapsed(min) 0.03---
2026-10-01 11:06:17,988 - INFO - --- validation at epoch 148, val_loss 0.0119, val_mae 0.1049, val_rmse 0.1434, val_r2 0.7104, val_pearson 0.8444, lr 2.43e-06 ---
2026-10-01 11:06:17,988 - INFO - 
****************************************************************************************************
2026-10-01 11:06:20,017 - INFO - --- training epoch 149, loss 0.0100, mae 0.1047, rmse 0.1412, time elapsed(min) 0.03---
2026-10-01 11:06:20,250 - INFO - --- validation at epoch 149, val_loss 0.0119, val_mae 0.1049, val_rmse 0.1433, val_r2 0.7105, val_pearson 0.8447, lr 2.43e-06 ---
2026-10-01 11:06:20,250 - INFO - 
****************************************************************************************************
2026-10-01 11:06:22,172 - INFO - --- training epoch 150, loss 0.0099, mae 0.1052, rmse 0.1411, time elapsed(min) 0.03---
2026-10-01 11:06:22,565 - INFO - --- validation at epoch 150, val_loss 0.0119, val_mae 0.1049, val_rmse 0.1433, val_r2 0.7108, val_pearson 0.8449, lr 2.43e-06 ---
2026-10-01 11:06:22,565 - INFO - 
****************************************************************************************************
2026-10-01 11:06:24,659 - INFO - --- training epoch 151, loss 0.0099, mae 0.1050, rmse 0.1405, time elapsed(min) 0.03---
2026-10-01 11:06:24,900 - INFO - --- validation at epoch 151, val_loss 0.0119, val_mae 0.1048, val_rmse 0.1432, val_r2 0.7111, val_pearson 0.8449, lr 2.43e-06 ---
2026-10-01 11:06:24,900 - INFO - 
****************************************************************************************************
2026-10-01 11:06:26,802 - INFO - --- training epoch 152, loss 0.0099, mae 0.1043, rmse 0.1404, time elapsed(min) 0.03---
2026-10-01 11:06:27,038 - INFO - --- validation at epoch 152, val_loss 0.0119, val_mae 0.1048, val_rmse 0.1431, val_r2 0.7112, val_pearson 0.8450, lr 2.43e-06 ---
2026-10-01 11:06:27,038 - INFO - 
****************************************************************************************************
2026-10-01 11:06:27,315 - INFO - --- early stopping at epoch 152: val_loss did not improve for 50 epochs ---
2026-10-01 11:06:27,596 - INFO - --- selected checkpoint from epoch 102, val_loss 0.0115, val_mae 0.1079, val_rmse 0.1473
2026-10-01 11:06:28,441 - INFO - -- RESULT
2026-10-01 11:06:28,441 - INFO - --- test size: 1728
2026-10-01 11:06:28,441 - INFO - --- MAE: 0.1103 (11.03 pp), RMSE: 0.1495 (14.95 pp), R2: 0.7108, Pearson: 0.8445
2026-10-01 11:06:30,824 - INFO - --- Suzuki-Miyaura | split_7 | approach_2: test R2 0.7108 MAE 0.1103 RMSE 0.1495 | 346.8s (2.3s/epoch)
2026-10-01 11:06:30,827 - INFO - --- Suzuki-Miyaura | split_7 | MLP control (ind/mlp) (ind/mlp)
