2026-10-01 11:38:05,908 - INFO - device is	cuda:0
2026-10-01 11:38:05,997 - INFO - -- CONFIGURATIONS
2026-10-01 11:38:05,997 - INFO - --- train/valid/test: 2491/277/1187
2026-10-01 11:38:05,997 - INFO - --- max no. reactants_train, valid, test respectively: 6, 6, 6
2026-10-01 11:38:05,997 - INFO - --- max no. products_train, valid, test respectively: 1, 1, 1
2026-10-01 11:38:05,997 - INFO - --- model_path: ../logs/bh_approach1_grid/runs/bh/fullcv02_split70/option_b_mlp/model.pt
2026-10-01 11:38:06,008 - INFO - -- TRAINING
2026-10-01 11:38:06,705 - INFO - --- training epoch 0, loss 24.8951, mae 25.3909, rmse 31.2967, time elapsed(min) 0.01---
2026-10-01 11:38:06,871 - INFO - --- validation at epoch 0, val_loss 21.3830, val_mae 22.7550, val_rmse 27.8588, val_r2 -0.0430, val_pearson -0.3083, lr 1.00e-03 ---
2026-10-01 11:38:06,871 - INFO - 
****************************************************************************************************
2026-10-01 11:38:07,999 - INFO - --- training epoch 1, loss 23.3439, mae 23.8410, rmse 28.9036, time elapsed(min) 0.01---
2026-10-01 11:38:08,170 - INFO - --- validation at epoch 1, val_loss 21.6217, val_mae 22.8228, val_rmse 27.4536, val_r2 -0.0129, val_pearson -0.3379, lr 1.00e-03 ---
2026-10-01 11:38:08,170 - INFO - 
****************************************************************************************************
2026-10-01 11:38:09,312 - INFO - --- training epoch 2, loss 23.0389, mae 23.5350, rmse 28.2794, time elapsed(min) 0.01---
2026-10-01 11:38:09,478 - INFO - --- validation at epoch 2, val_loss 21.7311, val_mae 22.8397, val_rmse 27.2290, val_r2 0.0036, val_pearson 0.1605, lr 1.00e-03 ---
2026-10-01 11:38:09,478 - INFO - 
****************************************************************************************************
2026-10-01 11:38:10,687 - INFO - --- training epoch 3, loss 23.0429, mae 23.5387, rmse 28.2293, time elapsed(min) 0.01---
2026-10-01 11:38:10,849 - INFO - --- validation at epoch 3, val_loss 21.8549, val_mae 22.8858, val_rmse 27.0969, val_r2 0.0132, val_pearson 0.2247, lr 1.00e-03 ---
2026-10-01 11:38:10,850 - INFO - 
****************************************************************************************************
2026-10-01 11:38:12,053 - INFO - --- training epoch 4, loss 23.1057, mae 23.6035, rmse 28.4238, time elapsed(min) 0.01---
2026-10-01 11:38:12,214 - INFO - --- validation at epoch 4, val_loss 21.1508, val_mae 22.4989, val_rmse 27.5984, val_r2 -0.0236, val_pearson 0.2480, lr 1.00e-03 ---
2026-10-01 11:38:12,214 - INFO - 
****************************************************************************************************
2026-10-01 11:38:13,664 - INFO - --- training epoch 5, loss 23.3381, mae 23.8347, rmse 28.7695, time elapsed(min) 0.02---
2026-10-01 11:38:13,836 - INFO - --- validation at epoch 5, val_loss 21.1669, val_mae 22.6068, val_rmse 28.1178, val_r2 -0.0625, val_pearson 0.2539, lr 1.00e-03 ---
2026-10-01 11:38:13,836 - INFO - 
****************************************************************************************************
2026-10-01 11:38:15,223 - INFO - --- training epoch 6, loss 23.4043, mae 23.9019, rmse 28.6683, time elapsed(min) 0.02---
2026-10-01 11:38:15,391 - INFO - --- validation at epoch 6, val_loss 21.1526, val_mae 22.5908, val_rmse 28.0300, val_r2 -0.0559, val_pearson 0.2523, lr 1.00e-03 ---
2026-10-01 11:38:15,391 - INFO - 
****************************************************************************************************
2026-10-01 11:38:16,436 - INFO - --- training epoch 7, loss 23.2941, mae 23.7922, rmse 28.5021, time elapsed(min) 0.01---
2026-10-01 11:38:16,602 - INFO - --- validation at epoch 7, val_loss 21.1346, val_mae 22.4701, val_rmse 27.5893, val_r2 -0.0230, val_pearson 0.2742, lr 1.00e-03 ---
2026-10-01 11:38:16,603 - INFO - 
****************************************************************************************************
2026-10-01 11:38:17,908 - INFO - --- training epoch 8, loss 23.0759, mae 23.5734, rmse 27.8276, time elapsed(min) 0.01---
2026-10-01 11:38:18,076 - INFO - --- validation at epoch 8, val_loss 21.5818, val_mae 22.5731, val_rmse 26.6173, val_r2 0.0479, val_pearson 0.2437, lr 1.00e-03 ---
2026-10-01 11:38:18,077 - INFO - 
****************************************************************************************************
2026-10-01 11:38:19,350 - INFO - --- training epoch 9, loss 22.8038, mae 23.3003, rmse 27.5948, time elapsed(min) 0.01---
2026-10-01 11:38:19,517 - INFO - --- validation at epoch 9, val_loss 21.3498, val_mae 22.4048, val_rmse 26.7087, val_r2 0.0413, val_pearson 0.2698, lr 1.00e-03 ---
2026-10-01 11:38:19,517 - INFO - 
****************************************************************************************************
2026-10-01 11:38:20,800 - INFO - --- training epoch 10, loss 22.9709, mae 23.4682, rmse 27.4723, time elapsed(min) 0.01---
2026-10-01 11:38:20,968 - INFO - --- validation at epoch 10, val_loss 21.1777, val_mae 22.4581, val_rmse 27.9036, val_r2 -0.0464, val_pearson 0.3068, lr 1.00e-03 ---
2026-10-01 11:38:20,968 - INFO - 
****************************************************************************************************
2026-10-01 11:38:22,423 - INFO - --- training epoch 11, loss 22.9058, mae 23.4018, rmse 27.5082, time elapsed(min) 0.02---
2026-10-01 11:38:22,590 - INFO - --- validation at epoch 11, val_loss 21.2147, val_mae 22.1254, val_rmse 27.0816, val_r2 0.0143, val_pearson 0.3273, lr 1.00e-03 ---
2026-10-01 11:38:22,590 - INFO - 
****************************************************************************************************
2026-10-01 11:38:23,651 - INFO - --- training epoch 12, loss 22.2287, mae 22.7257, rmse 26.6224, time elapsed(min) 0.01---
2026-10-01 11:38:23,829 - INFO - --- validation at epoch 12, val_loss 21.9593, val_mae 22.5065, val_rmse 26.4502, val_r2 0.0598, val_pearson 0.3404, lr 1.00e-03 ---
2026-10-01 11:38:23,829 - INFO - 
****************************************************************************************************
2026-10-01 11:38:24,902 - INFO - --- training epoch 13, loss 22.2391, mae 22.7363, rmse 26.4299, time elapsed(min) 0.01---
2026-10-01 11:38:25,069 - INFO - --- validation at epoch 13, val_loss 21.5587, val_mae 22.0636, val_rmse 25.9968, val_r2 0.0917, val_pearson 0.3313, lr 1.00e-03 ---
2026-10-01 11:38:25,069 - INFO - 
****************************************************************************************************
2026-10-01 11:38:26,324 - INFO - --- training epoch 14, loss 22.1533, mae 22.6502, rmse 26.3990, time elapsed(min) 0.01---
2026-10-01 11:38:26,481 - INFO - --- validation at epoch 14, val_loss 21.4636, val_mae 22.0729, val_rmse 25.6801, val_r2 0.1137, val_pearson 0.3418, lr 1.00e-03 ---
2026-10-01 11:38:26,482 - INFO - 
****************************************************************************************************
2026-10-01 11:38:27,749 - INFO - --- training epoch 15, loss 22.1608, mae 22.6577, rmse 26.7140, time elapsed(min) 0.01---
2026-10-01 11:38:27,916 - INFO - --- validation at epoch 15, val_loss 21.1779, val_mae 21.7580, val_rmse 25.8280, val_r2 0.1035, val_pearson 0.3427, lr 1.00e-03 ---
2026-10-01 11:38:27,916 - INFO - 
****************************************************************************************************
2026-10-01 11:38:29,330 - INFO - --- training epoch 16, loss 22.2595, mae 22.7565, rmse 26.5982, time elapsed(min) 0.02---
2026-10-01 11:38:29,490 - INFO - --- validation at epoch 16, val_loss 21.3812, val_mae 21.7658, val_rmse 26.2312, val_r2 0.0753, val_pearson 0.3353, lr 1.00e-03 ---
2026-10-01 11:38:29,490 - INFO - 
****************************************************************************************************
2026-10-01 11:38:30,563 - INFO - --- training epoch 17, loss 22.1675, mae 22.6653, rmse 26.4719, time elapsed(min) 0.01---
2026-10-01 11:38:30,741 - INFO - --- validation at epoch 17, val_loss 21.2526, val_mae 21.7980, val_rmse 26.6037, val_r2 0.0488, val_pearson 0.3380, lr 1.00e-03 ---
2026-10-01 11:38:30,742 - INFO - 
****************************************************************************************************
2026-10-01 11:38:31,134 - INFO - --- early stopping at epoch 17: val_loss did not improve for 10 epochs ---
2026-10-01 11:38:31,326 - INFO - --- selected checkpoint from epoch 7, val_loss 21.1346, val_mae 22.4701, val_rmse 27.5893
2026-10-01 11:38:31,766 - INFO - -- RESULT
2026-10-01 11:38:31,766 - INFO - --- test size: 1187
2026-10-01 11:38:31,766 - INFO - --- MAE: 22.4830 pp, RMSE: 27.1261 pp, R2: -0.0285, Pearson: 0.2700
2026-10-01 11:38:32,740 - INFO - --- Cell option_b_mlp DONE: test MAE=22.4830 RMSE=27.1261 R2=-0.0285 | sec/epoch=1.40
2026-10-01 11:38:32,753 - INFO - === RUNNING: dataset=bh split=fullcv02_split70 cell=ind_mean_mlp (tokens=ind, pooling=mean, head=mlp) ===
