2026-10-01 15:49:57,037 - INFO - device is	cuda:0
2026-10-01 15:49:57,142 - INFO - -- CONFIGURATIONS
2026-10-01 15:49:57,142 - INFO - --- train/valid/test: 3628/404/1728
2026-10-01 15:49:57,142 - INFO - --- max no. reactants_train, valid, test respectively: 14, 14, 14
2026-10-01 15:49:57,143 - INFO - --- max no. products_train, valid, test respectively: 1, 1, 1
2026-10-01 15:49:57,143 - INFO - --- model_path: ../logs/suzuki_approach1_grid/runs/suzuki/split_3/ind_mean_mlp/model.pt
2026-10-01 15:49:57,149 - INFO - -- TRAINING
2026-10-01 15:49:58,438 - INFO - --- training epoch 0, loss 0.8279, mae 1.1154, rmse 2.7246, time elapsed(min) 0.02---
2026-10-01 15:49:58,663 - INFO - --- validation at epoch 0, val_loss 0.0395, val_mae 0.2541, val_rmse 0.2872, val_r2 -0.0276, val_pearson 0.0245, lr 1.00e-03 ---
2026-10-01 15:49:58,663 - INFO - 
****************************************************************************************************
2026-10-01 15:50:00,289 - INFO - --- training epoch 1, loss 0.0428, mae 0.2497, rmse 0.2924, time elapsed(min) 0.02---
2026-10-01 15:50:00,495 - INFO - --- validation at epoch 1, val_loss 0.0384, val_mae 0.2453, val_rmse 0.2811, val_r2 0.0154, val_pearson 0.1802, lr 1.00e-03 ---
2026-10-01 15:50:00,495 - INFO - 
****************************************************************************************************
2026-10-01 15:50:02,386 - INFO - --- training epoch 2, loss 0.0402, mae 0.2443, rmse 0.2837, time elapsed(min) 0.02---
2026-10-01 15:50:02,713 - INFO - --- validation at epoch 2, val_loss 0.0384, val_mae 0.2441, val_rmse 0.2810, val_r2 0.0162, val_pearson 0.2169, lr 1.00e-03 ---
2026-10-01 15:50:02,713 - INFO - 
****************************************************************************************************
2026-10-01 15:50:04,472 - INFO - --- training epoch 3, loss 0.0402, mae 0.2436, rmse 0.2834, time elapsed(min) 0.03---
2026-10-01 15:50:04,828 - INFO - --- validation at epoch 3, val_loss 0.0379, val_mae 0.2418, val_rmse 0.2793, val_r2 0.0286, val_pearson 0.2410, lr 1.00e-03 ---
2026-10-01 15:50:04,828 - INFO - 
****************************************************************************************************
2026-10-01 15:50:06,601 - INFO - --- training epoch 4, loss 0.0394, mae 0.2419, rmse 0.2806, time elapsed(min) 0.02---
2026-10-01 15:50:06,809 - INFO - --- validation at epoch 4, val_loss 0.0378, val_mae 0.2417, val_rmse 0.2790, val_r2 0.0307, val_pearson 0.2603, lr 1.00e-03 ---
2026-10-01 15:50:06,809 - INFO - 
****************************************************************************************************
2026-10-01 15:50:08,498 - INFO - --- training epoch 5, loss 0.0396, mae 0.2421, rmse 0.2814, time elapsed(min) 0.02---
2026-10-01 15:50:08,702 - INFO - --- validation at epoch 5, val_loss 0.0375, val_mae 0.2414, val_rmse 0.2783, val_r2 0.0351, val_pearson 0.2932, lr 1.00e-03 ---
2026-10-01 15:50:08,702 - INFO - 
****************************************************************************************************
2026-10-01 15:50:10,468 - INFO - --- training epoch 6, loss 0.0394, mae 0.2406, rmse 0.2808, time elapsed(min) 0.02---
2026-10-01 15:50:10,808 - INFO - --- validation at epoch 6, val_loss 0.0389, val_mae 0.2414, val_rmse 0.2823, val_r2 0.0075, val_pearson 0.2889, lr 1.00e-03 ---
2026-10-01 15:50:10,808 - INFO - 
****************************************************************************************************
2026-10-01 15:50:12,580 - INFO - --- training epoch 7, loss 0.0388, mae 0.2393, rmse 0.2784, time elapsed(min) 0.03---
2026-10-01 15:50:12,801 - INFO - --- validation at epoch 7, val_loss 0.0378, val_mae 0.2395, val_rmse 0.2791, val_r2 0.0296, val_pearson 0.3189, lr 1.00e-03 ---
2026-10-01 15:50:12,801 - INFO - 
****************************************************************************************************
2026-10-01 15:50:14,518 - INFO - --- training epoch 8, loss 0.0382, mae 0.2375, rmse 0.2764, time elapsed(min) 0.02---
2026-10-01 15:50:14,758 - INFO - --- validation at epoch 8, val_loss 0.0345, val_mae 0.2369, val_rmse 0.2699, val_r2 0.0928, val_pearson 0.3466, lr 1.00e-03 ---
2026-10-01 15:50:14,758 - INFO - 
****************************************************************************************************
2026-10-01 15:50:16,413 - INFO - --- training epoch 9, loss 0.0382, mae 0.2368, rmse 0.2762, time elapsed(min) 0.02---
2026-10-01 15:50:16,744 - INFO - --- validation at epoch 9, val_loss 0.0349, val_mae 0.2378, val_rmse 0.2706, val_r2 0.0877, val_pearson 0.3686, lr 1.00e-03 ---
2026-10-01 15:50:16,745 - INFO - 
****************************************************************************************************
2026-10-01 15:50:18,600 - INFO - --- training epoch 10, loss 0.0382, mae 0.2361, rmse 0.2764, time elapsed(min) 0.03---
2026-10-01 15:50:18,810 - INFO - --- validation at epoch 10, val_loss 0.0349, val_mae 0.2362, val_rmse 0.2700, val_r2 0.0921, val_pearson 0.3753, lr 1.00e-03 ---
2026-10-01 15:50:18,810 - INFO - 
****************************************************************************************************
2026-10-01 15:50:20,413 - INFO - --- training epoch 11, loss 0.0354, mae 0.2256, rmse 0.2663, time elapsed(min) 0.02---
2026-10-01 15:50:20,637 - INFO - --- validation at epoch 11, val_loss 0.0313, val_mae 0.2071, val_rmse 0.2520, val_r2 0.2091, val_pearson 0.5611, lr 1.00e-03 ---
2026-10-01 15:50:20,637 - INFO - 
****************************************************************************************************
2026-10-01 15:50:22,246 - INFO - --- training epoch 12, loss 0.0336, mae 0.2111, rmse 0.2591, time elapsed(min) 0.02---
2026-10-01 15:50:22,451 - INFO - --- validation at epoch 12, val_loss 0.0306, val_mae 0.2176, val_rmse 0.2530, val_r2 0.2030, val_pearson 0.4866, lr 1.00e-03 ---
2026-10-01 15:50:22,451 - INFO - 
****************************************************************************************************
2026-10-01 15:50:24,208 - INFO - --- training epoch 13, loss 0.0285, mae 0.1921, rmse 0.2387, time elapsed(min) 0.02---
2026-10-01 15:50:24,670 - INFO - --- validation at epoch 13, val_loss 0.0290, val_mae 0.1932, val_rmse 0.2438, val_r2 0.2597, val_pearson 0.6558, lr 1.00e-03 ---
2026-10-01 15:50:24,670 - INFO - 
****************************************************************************************************
2026-10-01 15:50:26,468 - INFO - --- training epoch 14, loss 0.0282, mae 0.1908, rmse 0.2375, time elapsed(min) 0.02---
2026-10-01 15:50:26,677 - INFO - --- validation at epoch 14, val_loss 0.0266, val_mae 0.1913, val_rmse 0.2342, val_r2 0.3170, val_pearson 0.6565, lr 1.00e-03 ---
2026-10-01 15:50:26,677 - INFO - 
****************************************************************************************************
2026-10-01 15:50:28,299 - INFO - --- training epoch 15, loss 0.0277, mae 0.1889, rmse 0.2354, time elapsed(min) 0.02---
2026-10-01 15:50:28,508 - INFO - --- validation at epoch 15, val_loss 0.0256, val_mae 0.1908, val_rmse 0.2274, val_r2 0.3561, val_pearson 0.6389, lr 1.00e-03 ---
2026-10-01 15:50:28,508 - INFO - 
****************************************************************************************************
2026-10-01 15:50:30,239 - INFO - --- training epoch 16, loss 0.0259, mae 0.1808, rmse 0.2275, time elapsed(min) 0.02---
2026-10-01 15:50:30,611 - INFO - --- validation at epoch 16, val_loss 0.0214, val_mae 0.1776, val_rmse 0.2113, val_r2 0.4441, val_pearson 0.6728, lr 1.00e-03 ---
2026-10-01 15:50:30,611 - INFO - 
****************************************************************************************************
2026-10-01 15:50:32,341 - INFO - --- training epoch 17, loss 0.0252, mae 0.1784, rmse 0.2243, time elapsed(min) 0.02---
2026-10-01 15:50:32,550 - INFO - --- validation at epoch 17, val_loss 0.0219, val_mae 0.1750, val_rmse 0.2134, val_r2 0.4325, val_pearson 0.6765, lr 1.00e-03 ---
2026-10-01 15:50:32,550 - INFO - 
****************************************************************************************************
2026-10-01 15:50:34,236 - INFO - --- training epoch 18, loss 0.0246, mae 0.1763, rmse 0.2218, time elapsed(min) 0.02---
2026-10-01 15:50:34,489 - INFO - --- validation at epoch 18, val_loss 0.0211, val_mae 0.1727, val_rmse 0.2098, val_r2 0.4517, val_pearson 0.6771, lr 1.00e-03 ---
2026-10-01 15:50:34,489 - INFO - 
****************************************************************************************************
2026-10-01 15:50:36,308 - INFO - --- training epoch 19, loss 0.0245, mae 0.1764, rmse 0.2212, time elapsed(min) 0.02---
2026-10-01 15:50:36,668 - INFO - --- validation at epoch 19, val_loss 0.0257, val_mae 0.1847, val_rmse 0.2264, val_r2 0.3617, val_pearson 0.6862, lr 1.00e-03 ---
2026-10-01 15:50:36,668 - INFO - 
****************************************************************************************************
2026-10-01 15:50:38,454 - INFO - --- training epoch 20, loss 0.0246, mae 0.1764, rmse 0.2218, time elapsed(min) 0.03---
2026-10-01 15:50:38,677 - INFO - --- validation at epoch 20, val_loss 0.0207, val_mae 0.1697, val_rmse 0.2073, val_r2 0.4648, val_pearson 0.6939, lr 1.00e-03 ---
2026-10-01 15:50:38,677 - INFO - 
****************************************************************************************************
2026-10-01 15:50:40,470 - INFO - --- training epoch 21, loss 0.0240, mae 0.1740, rmse 0.2189, time elapsed(min) 0.02---
2026-10-01 15:50:40,679 - INFO - --- validation at epoch 21, val_loss 0.0202, val_mae 0.1747, val_rmse 0.2062, val_r2 0.4702, val_pearson 0.6978, lr 1.00e-03 ---
2026-10-01 15:50:40,679 - INFO - 
****************************************************************************************************
2026-10-01 15:50:42,312 - INFO - --- training epoch 22, loss 0.0240, mae 0.1743, rmse 0.2190, time elapsed(min) 0.02---
2026-10-01 15:50:42,640 - INFO - --- validation at epoch 22, val_loss 0.0224, val_mae 0.1707, val_rmse 0.2139, val_r2 0.4300, val_pearson 0.7005, lr 1.00e-03 ---
2026-10-01 15:50:42,641 - INFO - 
****************************************************************************************************
2026-10-01 15:50:44,499 - INFO - --- training epoch 23, loss 0.0234, mae 0.1724, rmse 0.2165, time elapsed(min) 0.03---
2026-10-01 15:50:44,707 - INFO - --- validation at epoch 23, val_loss 0.0194, val_mae 0.1626, val_rmse 0.2017, val_r2 0.4931, val_pearson 0.7109, lr 1.00e-03 ---
2026-10-01 15:50:44,707 - INFO - 
****************************************************************************************************
2026-10-01 15:50:46,346 - INFO - --- training epoch 24, loss 0.0226, mae 0.1676, rmse 0.2125, time elapsed(min) 0.02---
2026-10-01 15:50:46,568 - INFO - --- validation at epoch 24, val_loss 0.0249, val_mae 0.1749, val_rmse 0.2196, val_r2 0.3993, val_pearson 0.7177, lr 1.00e-03 ---
2026-10-01 15:50:46,568 - INFO - 
****************************************************************************************************
2026-10-01 15:50:48,184 - INFO - --- training epoch 25, loss 0.0224, mae 0.1667, rmse 0.2116, time elapsed(min) 0.02---
2026-10-01 15:50:48,408 - INFO - --- validation at epoch 25, val_loss 0.0199, val_mae 0.1542, val_rmse 0.1976, val_r2 0.5137, val_pearson 0.7218, lr 1.00e-03 ---
2026-10-01 15:50:48,408 - INFO - 
****************************************************************************************************
2026-10-01 15:50:50,104 - INFO - --- training epoch 26, loss 0.0214, mae 0.1610, rmse 0.2068, time elapsed(min) 0.02---
2026-10-01 15:50:50,590 - INFO - --- validation at epoch 26, val_loss 0.0209, val_mae 0.1577, val_rmse 0.2016, val_r2 0.4940, val_pearson 0.7247, lr 1.00e-03 ---
2026-10-01 15:50:50,590 - INFO - 
****************************************************************************************************
2026-10-01 15:50:52,317 - INFO - --- training epoch 27, loss 0.0220, mae 0.1645, rmse 0.2098, time elapsed(min) 0.02---
2026-10-01 15:50:52,526 - INFO - --- validation at epoch 27, val_loss 0.0222, val_mae 0.1589, val_rmse 0.2048, val_r2 0.4774, val_pearson 0.6964, lr 1.00e-03 ---
2026-10-01 15:50:52,526 - INFO - 
****************************************************************************************************
2026-10-01 15:50:54,181 - INFO - --- training epoch 28, loss 0.0220, mae 0.1639, rmse 0.2098, time elapsed(min) 0.02---
2026-10-01 15:50:54,389 - INFO - --- validation at epoch 28, val_loss 0.0228, val_mae 0.1667, val_rmse 0.2115, val_r2 0.4429, val_pearson 0.7126, lr 1.00e-03 ---
2026-10-01 15:50:54,389 - INFO - 
****************************************************************************************************
2026-10-01 15:50:56,095 - INFO - --- training epoch 29, loss 0.0220, mae 0.1644, rmse 0.2097, time elapsed(min) 0.02---
2026-10-01 15:50:56,458 - INFO - --- validation at epoch 29, val_loss 0.0189, val_mae 0.1480, val_rmse 0.1929, val_r2 0.5363, val_pearson 0.7374, lr 1.00e-03 ---
2026-10-01 15:50:56,458 - INFO - 
****************************************************************************************************
2026-10-01 15:50:58,260 - INFO - --- training epoch 30, loss 0.0208, mae 0.1584, rmse 0.2039, time elapsed(min) 0.02---
2026-10-01 15:50:58,465 - INFO - --- validation at epoch 30, val_loss 0.0186, val_mae 0.1467, val_rmse 0.1924, val_r2 0.5389, val_pearson 0.7392, lr 1.00e-03 ---
2026-10-01 15:50:58,465 - INFO - 
****************************************************************************************************
2026-10-01 15:51:00,158 - INFO - --- training epoch 31, loss 0.0206, mae 0.1575, rmse 0.2032, time elapsed(min) 0.02---
2026-10-01 15:51:00,367 - INFO - --- validation at epoch 31, val_loss 0.0191, val_mae 0.1508, val_rmse 0.1955, val_r2 0.5242, val_pearson 0.7310, lr 1.00e-03 ---
2026-10-01 15:51:00,367 - INFO - 
****************************************************************************************************
2026-10-01 15:51:01,953 - INFO - --- training epoch 32, loss 0.0210, mae 0.1599, rmse 0.2049, time elapsed(min) 0.02---
2026-10-01 15:51:02,286 - INFO - --- validation at epoch 32, val_loss 0.0196, val_mae 0.1480, val_rmse 0.1947, val_r2 0.5279, val_pearson 0.7422, lr 1.00e-03 ---
2026-10-01 15:51:02,286 - INFO - 
****************************************************************************************************
2026-10-01 15:51:04,004 - INFO - --- training epoch 33, loss 0.0204, mae 0.1574, rmse 0.2022, time elapsed(min) 0.02---
2026-10-01 15:51:04,473 - INFO - --- validation at epoch 33, val_loss 0.0195, val_mae 0.1493, val_rmse 0.1941, val_r2 0.5307, val_pearson 0.7501, lr 1.00e-03 ---
2026-10-01 15:51:04,473 - INFO - 
****************************************************************************************************
2026-10-01 15:51:06,098 - INFO - --- training epoch 34, loss 0.0202, mae 0.1558, rmse 0.2009, time elapsed(min) 0.02---
2026-10-01 15:51:06,305 - INFO - --- validation at epoch 34, val_loss 0.0185, val_mae 0.1433, val_rmse 0.1916, val_r2 0.5426, val_pearson 0.7434, lr 1.00e-03 ---
2026-10-01 15:51:06,305 - INFO - 
****************************************************************************************************
2026-10-01 15:51:08,024 - INFO - --- training epoch 35, loss 0.0202, mae 0.1565, rmse 0.2012, time elapsed(min) 0.02---
2026-10-01 15:51:08,228 - INFO - --- validation at epoch 35, val_loss 0.0189, val_mae 0.1567, val_rmse 0.1930, val_r2 0.5360, val_pearson 0.7444, lr 1.00e-03 ---
2026-10-01 15:51:08,228 - INFO - 
****************************************************************************************************
2026-10-01 15:51:09,930 - INFO - --- training epoch 36, loss 0.0200, mae 0.1547, rmse 0.2000, time elapsed(min) 0.02---
2026-10-01 15:51:10,316 - INFO - --- validation at epoch 36, val_loss 0.0164, val_mae 0.1454, val_rmse 0.1820, val_r2 0.5873, val_pearson 0.7677, lr 1.00e-03 ---
2026-10-01 15:51:10,317 - INFO - 
****************************************************************************************************
2026-10-01 15:51:12,209 - INFO - --- training epoch 37, loss 0.0193, mae 0.1513, rmse 0.1965, time elapsed(min) 0.02---
2026-10-01 15:51:12,420 - INFO - --- validation at epoch 37, val_loss 0.0189, val_mae 0.1465, val_rmse 0.1910, val_r2 0.5454, val_pearson 0.7588, lr 1.00e-03 ---
2026-10-01 15:51:12,420 - INFO - 
****************************************************************************************************
2026-10-01 15:51:13,986 - INFO - --- training epoch 38, loss 0.0189, mae 0.1504, rmse 0.1946, time elapsed(min) 0.02---
2026-10-01 15:51:14,214 - INFO - --- validation at epoch 38, val_loss 0.0163, val_mae 0.1414, val_rmse 0.1797, val_r2 0.5980, val_pearson 0.7737, lr 1.00e-03 ---
2026-10-01 15:51:14,214 - INFO - 
****************************************************************************************************
2026-10-01 15:51:15,861 - INFO - --- training epoch 39, loss 0.0186, mae 0.1485, rmse 0.1927, time elapsed(min) 0.02---
2026-10-01 15:51:16,192 - INFO - --- validation at epoch 39, val_loss 0.0162, val_mae 0.1398, val_rmse 0.1797, val_r2 0.5979, val_pearson 0.7754, lr 1.00e-03 ---
2026-10-01 15:51:16,192 - INFO - 
****************************************************************************************************
2026-10-01 15:51:18,047 - INFO - --- training epoch 40, loss 0.0200, mae 0.1550, rmse 0.1998, time elapsed(min) 0.03---
2026-10-01 15:51:18,277 - INFO - --- validation at epoch 40, val_loss 0.0159, val_mae 0.1400, val_rmse 0.1795, val_r2 0.5987, val_pearson 0.7738, lr 1.00e-03 ---
2026-10-01 15:51:18,277 - INFO - 
****************************************************************************************************
2026-10-01 15:51:19,970 - INFO - --- training epoch 41, loss 0.0192, mae 0.1510, rmse 0.1958, time elapsed(min) 0.02---
2026-10-01 15:51:20,183 - INFO - --- validation at epoch 41, val_loss 0.0176, val_mae 0.1429, val_rmse 0.1847, val_r2 0.5749, val_pearson 0.7658, lr 1.00e-03 ---
2026-10-01 15:51:20,184 - INFO - 
****************************************************************************************************
2026-10-01 15:51:21,829 - INFO - --- training epoch 42, loss 0.0191, mae 0.1507, rmse 0.1953, time elapsed(min) 0.02---
2026-10-01 15:51:22,158 - INFO - --- validation at epoch 42, val_loss 0.0181, val_mae 0.1416, val_rmse 0.1865, val_r2 0.5666, val_pearson 0.7707, lr 1.00e-03 ---
2026-10-01 15:51:22,158 - INFO - 
****************************************************************************************************
2026-10-01 15:51:23,824 - INFO - --- training epoch 43, loss 0.0192, mae 0.1518, rmse 0.1962, time elapsed(min) 0.02---
2026-10-01 15:51:24,283 - INFO - --- validation at epoch 43, val_loss 0.0170, val_mae 0.1475, val_rmse 0.1831, val_r2 0.5825, val_pearson 0.7695, lr 1.00e-03 ---
2026-10-01 15:51:24,284 - INFO - 
****************************************************************************************************
2026-10-01 15:51:25,844 - INFO - --- training epoch 44, loss 0.0193, mae 0.1526, rmse 0.1966, time elapsed(min) 0.02---
2026-10-01 15:51:26,052 - INFO - --- validation at epoch 44, val_loss 0.0177, val_mae 0.1408, val_rmse 0.1877, val_r2 0.5611, val_pearson 0.7602, lr 1.00e-03 ---
2026-10-01 15:51:26,052 - INFO - 
****************************************************************************************************
2026-10-01 15:51:27,653 - INFO - --- training epoch 45, loss 0.0189, mae 0.1492, rmse 0.1946, time elapsed(min) 0.02---
2026-10-01 15:51:27,980 - INFO - --- validation at epoch 45, val_loss 0.0165, val_mae 0.1386, val_rmse 0.1818, val_r2 0.5882, val_pearson 0.7728, lr 1.00e-03 ---
2026-10-01 15:51:27,980 - INFO - 
****************************************************************************************************
2026-10-01 15:51:29,832 - INFO - --- training epoch 46, loss 0.0199, mae 0.1535, rmse 0.1994, time elapsed(min) 0.03---
2026-10-01 15:51:30,052 - INFO - --- validation at epoch 46, val_loss 0.0173, val_mae 0.1399, val_rmse 0.1875, val_r2 0.5623, val_pearson 0.7582, lr 1.00e-03 ---
2026-10-01 15:51:30,052 - INFO - 
****************************************************************************************************
2026-10-01 15:51:31,678 - INFO - --- training epoch 47, loss 0.0192, mae 0.1497, rmse 0.1960, time elapsed(min) 0.02---
2026-10-01 15:51:31,886 - INFO - --- validation at epoch 47, val_loss 0.0189, val_mae 0.1434, val_rmse 0.1896, val_r2 0.5522, val_pearson 0.7616, lr 1.00e-03 ---
2026-10-01 15:51:31,886 - INFO - 
****************************************************************************************************
2026-10-01 15:51:33,538 - INFO - --- training epoch 48, loss 0.0187, mae 0.1482, rmse 0.1932, time elapsed(min) 0.02---
2026-10-01 15:51:33,750 - INFO - --- validation at epoch 48, val_loss 0.0170, val_mae 0.1409, val_rmse 0.1824, val_r2 0.5854, val_pearson 0.7705, lr 1.00e-03 ---
2026-10-01 15:51:33,750 - INFO - 
****************************************************************************************************
2026-10-01 15:51:35,446 - INFO - --- training epoch 49, loss 0.0187, mae 0.1478, rmse 0.1932, time elapsed(min) 0.02---
2026-10-01 15:51:35,861 - INFO - --- validation at epoch 49, val_loss 0.0165, val_mae 0.1375, val_rmse 0.1798, val_r2 0.5971, val_pearson 0.7749, lr 1.00e-03 ---
2026-10-01 15:51:35,861 - INFO - 
****************************************************************************************************
2026-10-01 15:51:37,550 - INFO - --- training epoch 50, loss 0.0185, mae 0.1474, rmse 0.1922, time elapsed(min) 0.02---
2026-10-01 15:51:37,759 - INFO - --- validation at epoch 50, val_loss 0.0167, val_mae 0.1392, val_rmse 0.1795, val_r2 0.5985, val_pearson 0.7815, lr 1.00e-03 ---
2026-10-01 15:51:37,759 - INFO - 
****************************************************************************************************
2026-10-01 15:51:38,036 - INFO - --- early stopping at epoch 50: val_loss did not improve for 10 epochs ---
2026-10-01 15:51:38,281 - INFO - --- selected checkpoint from epoch 40, val_loss 0.0159, val_mae 0.1400, val_rmse 0.1795
2026-10-01 15:51:39,068 - INFO - -- RESULT
2026-10-01 15:51:39,068 - INFO - --- test size: 1728
2026-10-01 15:51:39,068 - INFO - --- MAE: 0.1410 (14.10 pp), RMSE: 0.1873 (18.73 pp), R2: 0.5523, Pearson: 0.7440
2026-10-01 15:51:40,471 - INFO - --- Cell ind_mean_mlp DONE: test MAE=0.1410 RMSE=0.1873 R2=0.5523 | sec/epoch=1.98
2026-10-01 15:51:40,487 - INFO - === RUNNING: dataset=suzuki split=split_4 cell=current_model (tokens=ind, pooling=mean, head=linear) ===
